[2026-06-16T16:49:59.660+0800][0.024s][info][gc] Using G1
[2026-06-16T16:49:59.661+0800][0.025s][info][gc,init] Version: 17.0.11+7-LTS-207 (release)
[2026-06-16T16:49:59.661+0800][0.025s][info][gc,init] CPUs: 16 total, 16 available
[2026-06-16T16:49:59.661+0800][0.025s][info][gc,init] Memory: 32451M
[2026-06-16T16:49:59.661+0800][0.025s][info][gc,init] Large Page Support: Disabled
[2026-06-16T16:49:59.661+0800][0.025s][info][gc,init] NUMA Support: Disabled
[2026-06-16T16:49:59.661+0800][0.025s][info][gc,init] Compressed Oops: Enabled (32-bit)
[2026-06-16T16:49:59.661+0800][0.025s][info][gc,init] Heap Region Size: 1M
[2026-06-16T16:49:59.661+0800][0.025s][info][gc,init] Heap Min Capacity: 32M
[2026-06-16T16:49:59.661+0800][0.025s][info][gc,init] Heap Initial Capacity: 32M
[2026-06-16T16:49:59.662+0800][0.026s][info][gc,init] Heap Max Capacity: 32M
[2026-06-16T16:49:59.662+0800][0.026s][info][gc,init] Pre-touch: Disabled
[2026-06-16T16:49:59.662+0800][0.026s][info][gc,init] Parallel Workers: 13
[2026-06-16T16:49:59.662+0800][0.026s][info][gc,init] Concurrent Workers: 3
[2026-06-16T16:49:59.662+0800][0.026s][info][gc,init] Concurrent Refinement Workers: 13
[2026-06-16T16:49:59.662+0800][0.026s][info][gc,init] Periodic GC: Disabled
[2026-06-16T16:49:59.672+0800][0.036s][info][gc,metaspace] CDS archive(s) mapped at: [0x000001a200000000-0x000001a200bd0000-0x000001a200bd0000), size 12386304, SharedBaseAddress: 0x000001a200000000, ArchiveRelocationMode: 1.
[2026-06-16T16:49:59.672+0800][0.036s][info][gc,metaspace] Compressed class space mapped at: 0x000001a201000000-0x000001a241000000, reserved size: 1073741824
[2026-06-16T16:49:59.672+0800][0.036s][info][gc,metaspace] Narrow klass base: 0x000001a200000000, Narrow klass shift: 0, Narrow klass range: 0x100000000
[2026-06-16T16:50:15.176+0800][15.540s][info][gc,task     ] GC(0) Using 2 workers of 13 for full compaction
[2026-06-16T16:50:15.176+0800][15.541s][info][gc,start    ] GC(0) Pause Full (Heap Inspection Initiated GC)
[2026-06-16T16:50:15.177+0800][15.541s][info][gc,phases,start] GC(0) Phase 1: Mark live objects
[2026-06-16T16:50:15.183+0800][15.547s][info][gc,phases      ] GC(0) Phase 1: Mark live objects 5.940ms
[2026-06-16T16:50:15.183+0800][15.547s][info][gc,phases,start] GC(0) Phase 2: Prepare for compaction
[2026-06-16T16:50:15.184+0800][15.548s][info][gc,phases      ] GC(0) Phase 2: Prepare for compaction 1.295ms
[2026-06-16T16:50:15.184+0800][15.548s][info][gc,phases,start] GC(0) Phase 3: Adjust pointers
[2026-06-16T16:50:15.186+0800][15.550s][info][gc,phases      ] GC(0) Phase 3: Adjust pointers 2.039ms
[2026-06-16T16:50:15.186+0800][15.551s][info][gc,phases,start] GC(0) Phase 4: Compact heap
[2026-06-16T16:50:15.187+0800][15.552s][info][gc,phases      ] GC(0) Phase 4: Compact heap 1.266ms
[2026-06-16T16:50:15.188+0800][15.553s][info][gc,heap        ] GC(0) Eden regions: 12->0(11)
[2026-06-16T16:50:15.188+0800][15.553s][info][gc,heap        ] GC(0) Survivor regions: 0->0(0)
[2026-06-16T16:50:15.188+0800][15.553s][info][gc,heap        ] GC(0) Old regions: 0->6
[2026-06-16T16:50:15.188+0800][15.553s][info][gc,heap        ] GC(0) Archive regions: 0->0
[2026-06-16T16:50:15.188+0800][15.553s][info][gc,heap        ] GC(0) Humongous regions: 0->0
[2026-06-16T16:50:15.188+0800][15.553s][info][gc,metaspace   ] GC(0) Metaspace: 6028K(6208K)->6028K(6208K) NonClass: 5364K(5440K)->5364K(5440K) Class: 664K(768K)->664K(768K)
[2026-06-16T16:50:15.189+0800][15.553s][info][gc             ] GC(0) Pause Full (Heap Inspection Initiated GC) 12M->4M(32M) 12.563ms
[2026-06-16T16:50:15.189+0800][15.553s][info][gc,cpu         ] GC(0) User=0.02s Sys=0.00s Real=0.01s
[2026-06-16T16:50:35.760+0800][36.125s][info][gc,task        ] GC(1) Using 2 workers of 13 for full compaction
[2026-06-16T16:50:35.760+0800][36.125s][info][gc,start       ] GC(1) Pause Full (Heap Inspection Initiated GC)
[2026-06-16T16:50:35.760+0800][36.125s][info][gc,phases,start] GC(1) Phase 1: Mark live objects
[2026-06-16T16:50:35.763+0800][36.128s][info][gc,phases      ] GC(1) Phase 1: Mark live objects 3.053ms
[2026-06-16T16:50:35.764+0800][36.128s][info][gc,phases,start] GC(1) Phase 2: Prepare for compaction
[2026-06-16T16:50:35.764+0800][36.129s][info][gc,phases      ] GC(1) Phase 2: Prepare for compaction 0.244ms
[2026-06-16T16:50:35.764+0800][36.129s][info][gc,phases,start] GC(1) Phase 3: Adjust pointers
[2026-06-16T16:50:35.765+0800][36.130s][info][gc,phases      ] GC(1) Phase 3: Adjust pointers 1.432ms
[2026-06-16T16:50:35.765+0800][36.130s][info][gc,phases,start] GC(1) Phase 4: Compact heap
[2026-06-16T16:50:35.766+0800][36.130s][info][gc,phases      ] GC(1) Phase 4: Compact heap 0.255ms
[2026-06-16T16:50:35.766+0800][36.131s][info][gc,heap        ] GC(1) Eden regions: 1->0(11)
[2026-06-16T16:50:35.766+0800][36.131s][info][gc,heap        ] GC(1) Survivor regions: 0->0(0)
[2026-06-16T16:50:35.766+0800][36.131s][info][gc,heap        ] GC(1) Old regions: 6->6
[2026-06-16T16:50:35.766+0800][36.131s][info][gc,heap        ] GC(1) Archive regions: 0->0
[2026-06-16T16:50:35.766+0800][36.131s][info][gc,heap        ] GC(1) Humongous regions: 0->0
[2026-06-16T16:50:35.766+0800][36.131s][info][gc,metaspace   ] GC(1) Metaspace: 6125K(6336K)->6125K(6336K) NonClass: 5460K(5568K)->5460K(5568K) Class: 664K(768K)->664K(768K)
[2026-06-16T16:50:35.766+0800][36.131s][info][gc             ] GC(1) Pause Full (Heap Inspection Initiated GC) 5M->4M(32M) 6.092ms
[2026-06-16T16:50:35.767+0800][36.131s][info][gc,cpu         ] GC(1) User=0.00s Sys=0.00s Real=0.01s
[2026-06-16T16:57:53.667+0800][474.030s][info][gc,start       ] GC(2) Pause Young (Normal) (G1 Evacuation Pause)
[2026-06-16T16:57:53.667+0800][474.031s][info][gc,task        ] GC(2) Using 2 workers of 13 for evacuation
[2026-06-16T16:57:53.669+0800][474.032s][info][gc,phases      ] GC(2)   Pre Evacuate Collection Set: 0.2ms
[2026-06-16T16:57:53.669+0800][474.032s][info][gc,phases      ] GC(2)   Merge Heap Roots: 0.1ms
[2026-06-16T16:57:53.669+0800][474.032s][info][gc,phases      ] GC(2)   Evacuate Collection Set: 0.5ms
[2026-06-16T16:57:53.669+0800][474.033s][info][gc,phases      ] GC(2)   Post Evacuate Collection Set: 0.9ms
[2026-06-16T16:57:53.669+0800][474.033s][info][gc,phases      ] GC(2)   Other: 0.3ms
[2026-06-16T16:57:53.669+0800][474.033s][info][gc,heap        ] GC(2) Eden regions: 11->0(18)
[2026-06-16T16:57:53.669+0800][474.033s][info][gc,heap        ] GC(2) Survivor regions: 0->1(2)
[2026-06-16T16:57:53.669+0800][474.033s][info][gc,heap        ] GC(2) Old regions: 6->6
[2026-06-16T16:57:53.669+0800][474.033s][info][gc,heap        ] GC(2) Archive regions: 0->0
[2026-06-16T16:57:53.669+0800][474.033s][info][gc,heap        ] GC(2) Humongous regions: 0->0
[2026-06-16T16:57:53.669+0800][474.033s][info][gc,metaspace   ] GC(2) Metaspace: 6386K(6592K)->6386K(6592K) NonClass: 5721K(5824K)->5721K(5824K) Class: 664K(768K)->664K(768K)
[2026-06-16T16:57:53.669+0800][474.033s][info][gc             ] GC(2) Pause Young (Normal) (G1 Evacuation Pause) 15M->4M(32M) 2.281ms
[2026-06-16T16:57:53.669+0800][474.033s][info][gc,cpu         ] GC(2) User=0.00s Sys=0.00s Real=0.00s
[2026-06-16T17:10:34.844+0800][1235.207s][info][gc,start       ] GC(3) Pause Young (Normal) (G1 Evacuation Pause)
[2026-06-16T17:10:34.844+0800][1235.207s][info][gc,task        ] GC(3) Using 2 workers of 13 for evacuation
[2026-06-16T17:10:34.848+0800][1235.209s][info][gc,phases      ] GC(3)   Pre Evacuate Collection Set: 0.4ms
[2026-06-16T17:10:34.848+0800][1235.209s][info][gc,phases      ] GC(3)   Merge Heap Roots: 0.4ms
[2026-06-16T17:10:34.848+0800][1235.209s][info][gc,phases      ] GC(3)   Evacuate Collection Set: 0.5ms
[2026-06-16T17:10:34.848+0800][1235.209s][info][gc,phases      ] GC(3)   Post Evacuate Collection Set: 1.1ms
[2026-06-16T17:10:34.848+0800][1235.209s][info][gc,phases      ] GC(3)   Other: 0.3ms
[2026-06-16T17:10:34.848+0800][1235.209s][info][gc,heap        ] GC(3) Eden regions: 18->0(18)
[2026-06-16T17:10:34.848+0800][1235.209s][info][gc,heap        ] GC(3) Survivor regions: 1->1(3)
[2026-06-16T17:10:34.848+0800][1235.209s][info][gc,heap        ] GC(3) Old regions: 6->6
[2026-06-16T17:10:34.848+0800][1235.210s][info][gc,heap        ] GC(3) Archive regions: 0->0
[2026-06-16T17:10:34.848+0800][1235.210s][info][gc,heap        ] GC(3) Humongous regions: 0->0
[2026-06-16T17:10:34.848+0800][1235.210s][info][gc,metaspace   ] GC(3) Metaspace: 6388K(6592K)->6388K(6592K) NonClass: 5723K(5824K)->5723K(5824K) Class: 665K(768K)->665K(768K)
[2026-06-16T17:10:34.848+0800][1235.210s][info][gc             ] GC(3) Pause Young (Normal) (G1 Evacuation Pause) 22M->4M(32M) 3.023ms
[2026-06-16T17:10:34.848+0800][1235.210s][info][gc,cpu         ] GC(3) User=0.00s Sys=0.00s Real=0.00s
[2026-06-16T17:23:43.148+0800][2023.508s][info][gc,start       ] GC(4) Pause Young (Normal) (G1 Evacuation Pause)
[2026-06-16T17:23:43.148+0800][2023.508s][info][gc,task        ] GC(4) Using 2 workers of 13 for evacuation
[2026-06-16T17:23:43.150+0800][2023.510s][info][gc,phases      ] GC(4)   Pre Evacuate Collection Set: 0.2ms
[2026-06-16T17:23:43.150+0800][2023.510s][info][gc,phases      ] GC(4)   Merge Heap Roots: 0.2ms
[2026-06-16T17:23:43.150+0800][2023.510s][info][gc,phases      ] GC(4)   Evacuate Collection Set: 0.4ms
[2026-06-16T17:23:43.150+0800][2023.510s][info][gc,phases      ] GC(4)   Post Evacuate Collection Set: 1.0ms
[2026-06-16T17:23:43.150+0800][2023.510s][info][gc,phases      ] GC(4)   Other: 0.2ms
[2026-06-16T17:23:43.150+0800][2023.510s][info][gc,heap        ] GC(4) Eden regions: 18->0(18)
[2026-06-16T17:23:43.150+0800][2023.510s][info][gc,heap        ] GC(4) Survivor regions: 1->1(3)
[2026-06-16T17:23:43.150+0800][2023.510s][info][gc,heap        ] GC(4) Old regions: 6->6
[2026-06-16T17:23:43.150+0800][2023.510s][info][gc,heap        ] GC(4) Archive regions: 0->0
[2026-06-16T17:23:43.150+0800][2023.510s][info][gc,heap        ] GC(4) Humongous regions: 0->0
[2026-06-16T17:23:43.150+0800][2023.510s][info][gc,metaspace   ] GC(4) Metaspace: 6388K(6592K)->6388K(6592K) NonClass: 5723K(5824K)->5723K(5824K) Class: 665K(768K)->665K(768K)
[2026-06-16T17:23:43.150+0800][2023.510s][info][gc             ] GC(4) Pause Young (Normal) (G1 Evacuation Pause) 22M->4M(32M) 2.335ms
[2026-06-16T17:23:43.150+0800][2023.510s][info][gc,cpu         ] GC(4) User=0.00s Sys=0.00s Real=0.00s
[2026-06-16T17:25:51.688+0800][2152.048s][info][gc,heap,exit   ] Heap
[2026-06-16T17:25:51.688+0800][2152.048s][info][gc,heap,exit   ]  garbage-first heap   total 32768K, used 7937K [0x00000000fe000000, 0x0000000100000000)
[2026-06-16T17:25:51.688+0800][2152.048s][info][gc,heap,exit   ]   region size 1024K, 5 young (5120K), 1 survivors (1024K)
[2026-06-16T17:25:51.688+0800][2152.048s][info][gc,heap,exit   ]  Metaspace       used 6390K, committed 6592K, reserved 1114112K
[2026-06-16T17:25:51.688+0800][2152.048s][info][gc,heap,exit   ]   class space    used 665K, committed 768K, reserved 1048576K
