[2026-03-19T10:51:19.979+0800][0.046s][info][gc] Using G1
[2026-03-19T10:51:19.982+0800][0.050s][info][gc,init] Version: 17.0.11+7-LTS-207 (release)
[2026-03-19T10:51:19.983+0800][0.050s][info][gc,init] CPUs: 16 total, 16 available
[2026-03-19T10:51:19.983+0800][0.050s][info][gc,init] Memory: 32451M
[2026-03-19T10:51:19.983+0800][0.050s][info][gc,init] Large Page Support: Disabled
[2026-03-19T10:51:19.983+0800][0.050s][info][gc,init] NUMA Support: Disabled
[2026-03-19T10:51:19.983+0800][0.050s][info][gc,init] Compressed Oops: Enabled (32-bit)
[2026-03-19T10:51:19.983+0800][0.050s][info][gc,init] Heap Region Size: 1M
[2026-03-19T10:51:19.983+0800][0.050s][info][gc,init] Heap Min Capacity: 64M
[2026-03-19T10:51:19.983+0800][0.050s][info][gc,init] Heap Initial Capacity: 64M
[2026-03-19T10:51:19.983+0800][0.051s][info][gc,init] Heap Max Capacity: 64M
[2026-03-19T10:51:19.983+0800][0.051s][info][gc,init] Pre-touch: Disabled
[2026-03-19T10:51:19.983+0800][0.051s][info][gc,init] Parallel Workers: 13
[2026-03-19T10:51:19.984+0800][0.051s][info][gc,init] Concurrent Workers: 3
[2026-03-19T10:51:19.984+0800][0.051s][info][gc,init] Concurrent Refinement Workers: 13
[2026-03-19T10:51:19.984+0800][0.051s][info][gc,init] Periodic GC: Disabled
[2026-03-19T10:51:20.001+0800][0.069s][info][gc,metaspace] CDS archive(s) mapped at: [0x0000015120000000-0x0000015120bd0000-0x0000015120bd0000), size 12386304, SharedBaseAddress: 0x0000015120000000, ArchiveRelocationMode: 1.
[2026-03-19T10:51:20.001+0800][0.069s][info][gc,metaspace] Compressed class space mapped at: 0x0000015121000000-0x0000015161000000, reserved size: 1073741824
[2026-03-19T10:51:20.001+0800][0.069s][info][gc,metaspace] Narrow klass base: 0x0000015120000000, Narrow klass shift: 0, Narrow klass range: 0x100000000
[2026-03-19T10:51:20.805+0800][0.872s][info][gc,start    ] GC(0) Pause Young (Normal) (G1 Evacuation Pause)
[2026-03-19T10:51:20.806+0800][0.873s][info][gc,task     ] GC(0) Using 2 workers of 13 for evacuation
[2026-03-19T10:51:20.822+0800][0.889s][info][gc,phases   ] GC(0)   Pre Evacuate Collection Set: 0.1ms
[2026-03-19T10:51:20.822+0800][0.889s][info][gc,phases   ] GC(0)   Merge Heap Roots: 0.0ms
[2026-03-19T10:51:20.822+0800][0.889s][info][gc,phases   ] GC(0)   Evacuate Collection Set: 11.9ms
[2026-03-19T10:51:20.822+0800][0.889s][info][gc,phases   ] GC(0)   Post Evacuate Collection Set: 3.5ms
[2026-03-19T10:51:20.822+0800][0.889s][info][gc,phases   ] GC(0)   Other: 1.3ms
[2026-03-19T10:51:20.822+0800][0.889s][info][gc,heap     ] GC(0) Eden regions: 23->0(21)
[2026-03-19T10:51:20.822+0800][0.890s][info][gc,heap     ] GC(0) Survivor regions: 0->3(3)
[2026-03-19T10:51:20.822+0800][0.890s][info][gc,heap     ] GC(0) Old regions: 0->5
[2026-03-19T10:51:20.822+0800][0.890s][info][gc,heap     ] GC(0) Archive regions: 0->0
[2026-03-19T10:51:20.822+0800][0.890s][info][gc,heap     ] GC(0) Humongous regions: 0->0
[2026-03-19T10:51:20.822+0800][0.890s][info][gc,metaspace] GC(0) Metaspace: 5161K(5440K)->5161K(5440K) NonClass: 4600K(4736K)->4600K(4736K) Class: 561K(704K)->561K(704K)
[2026-03-19T10:51:20.822+0800][0.890s][info][gc          ] GC(0) Pause Young (Normal) (G1 Evacuation Pause) 23M->7M(64M) 17.554ms
[2026-03-19T10:51:20.822+0800][0.890s][info][gc,cpu      ] GC(0) User=0.05s Sys=0.06s Real=0.02s
[2026-03-19T10:51:21.097+0800][1.165s][info][gc,start    ] GC(1) Pause Young (Normal) (G1 Evacuation Pause)
[2026-03-19T10:51:21.098+0800][1.165s][info][gc,task     ] GC(1) Using 2 workers of 13 for evacuation
[2026-03-19T10:51:21.111+0800][1.178s][info][gc,phases   ] GC(1)   Pre Evacuate Collection Set: 0.1ms
[2026-03-19T10:51:21.111+0800][1.179s][info][gc,phases   ] GC(1)   Merge Heap Roots: 0.1ms
[2026-03-19T10:51:21.111+0800][1.179s][info][gc,phases   ] GC(1)   Evacuate Collection Set: 10.8ms
[2026-03-19T10:51:21.111+0800][1.179s][info][gc,phases   ] GC(1)   Post Evacuate Collection Set: 2.1ms
[2026-03-19T10:51:21.111+0800][1.179s][info][gc,phases   ] GC(1)   Other: 0.5ms
[2026-03-19T10:51:21.111+0800][1.179s][info][gc,heap     ] GC(1) Eden regions: 21->0(20)
[2026-03-19T10:51:21.112+0800][1.179s][info][gc,heap     ] GC(1) Survivor regions: 3->3(3)
[2026-03-19T10:51:21.112+0800][1.179s][info][gc,heap     ] GC(1) Old regions: 5->10
[2026-03-19T10:51:21.112+0800][1.179s][info][gc,heap     ] GC(1) Archive regions: 0->0
[2026-03-19T10:51:21.112+0800][1.179s][info][gc,heap     ] GC(1) Humongous regions: 0->0
[2026-03-19T10:51:21.112+0800][1.179s][info][gc,metaspace] GC(1) Metaspace: 5863K(6080K)->5863K(6080K) NonClass: 5208K(5312K)->5208K(5312K) Class: 655K(768K)->655K(768K)
[2026-03-19T10:51:21.112+0800][1.179s][info][gc          ] GC(1) Pause Young (Normal) (G1 Evacuation Pause) 28M->12M(64M) 14.625ms
[2026-03-19T10:51:21.112+0800][1.179s][info][gc,cpu      ] GC(1) User=0.08s Sys=0.03s Real=0.02s
[2026-03-19T10:51:21.350+0800][1.417s][info][gc,start    ] GC(2) Pause Young (Normal) (G1 Evacuation Pause)
[2026-03-19T10:51:21.350+0800][1.417s][info][gc,task     ] GC(2) Using 2 workers of 13 for evacuation
[2026-03-19T10:51:21.360+0800][1.428s][info][gc,phases   ] GC(2)   Pre Evacuate Collection Set: 0.1ms
[2026-03-19T10:51:21.360+0800][1.428s][info][gc,phases   ] GC(2)   Merge Heap Roots: 0.1ms
[2026-03-19T10:51:21.360+0800][1.428s][info][gc,phases   ] GC(2)   Evacuate Collection Set: 9.8ms
[2026-03-19T10:51:21.360+0800][1.428s][info][gc,phases   ] GC(2)   Post Evacuate Collection Set: 0.3ms
[2026-03-19T10:51:21.360+0800][1.428s][info][gc,phases   ] GC(2)   Other: 0.3ms
[2026-03-19T10:51:21.360+0800][1.428s][info][gc,heap     ] GC(2) Eden regions: 20->0(19)
[2026-03-19T10:51:21.360+0800][1.428s][info][gc,heap     ] GC(2) Survivor regions: 3->3(3)
[2026-03-19T10:51:21.360+0800][1.428s][info][gc,heap     ] GC(2) Old regions: 10->15
[2026-03-19T10:51:21.360+0800][1.428s][info][gc,heap     ] GC(2) Archive regions: 0->0
[2026-03-19T10:51:21.360+0800][1.428s][info][gc,heap     ] GC(2) Humongous regions: 1->1
[2026-03-19T10:51:21.361+0800][1.428s][info][gc,metaspace] GC(2) Metaspace: 5865K(6080K)->5865K(6080K) NonClass: 5209K(5312K)->5209K(5312K) Class: 655K(768K)->655K(768K)
[2026-03-19T10:51:21.361+0800][1.428s][info][gc          ] GC(2) Pause Young (Normal) (G1 Evacuation Pause) 33M->18M(64M) 11.147ms
[2026-03-19T10:51:21.361+0800][1.428s][info][gc,cpu      ] GC(2) User=0.00s Sys=0.00s Real=0.01s
[2026-03-19T10:51:21.654+0800][1.722s][info][gc,start    ] GC(3) Pause Young (Normal) (G1 Evacuation Pause)
[2026-03-19T10:51:21.654+0800][1.722s][info][gc,task     ] GC(3) Using 2 workers of 13 for evacuation
[2026-03-19T10:51:21.662+0800][1.730s][info][gc,phases   ] GC(3)   Pre Evacuate Collection Set: 0.1ms
[2026-03-19T10:51:21.663+0800][1.730s][info][gc,phases   ] GC(3)   Merge Heap Roots: 0.1ms
[2026-03-19T10:51:21.663+0800][1.730s][info][gc,phases   ] GC(3)   Evacuate Collection Set: 6.8ms
[2026-03-19T10:51:21.663+0800][1.730s][info][gc,phases   ] GC(3)   Post Evacuate Collection Set: 0.6ms
[2026-03-19T10:51:21.663+0800][1.730s][info][gc,phases   ] GC(3)   Other: 0.4ms
[2026-03-19T10:51:21.663+0800][1.730s][info][gc,heap     ] GC(3) Eden regions: 19->0(17)
[2026-03-19T10:51:21.663+0800][1.730s][info][gc,heap     ] GC(3) Survivor regions: 3->3(3)
[2026-03-19T10:51:21.663+0800][1.730s][info][gc,heap     ] GC(3) Old regions: 15->21
[2026-03-19T10:51:21.663+0800][1.730s][info][gc,heap     ] GC(3) Archive regions: 0->0
[2026-03-19T10:51:21.663+0800][1.730s][info][gc,heap     ] GC(3) Humongous regions: 1->1
[2026-03-19T10:51:21.663+0800][1.730s][info][gc,metaspace] GC(3) Metaspace: 5865K(6080K)->5865K(6080K) NonClass: 5210K(5312K)->5210K(5312K) Class: 655K(768K)->655K(768K)
[2026-03-19T10:51:21.663+0800][1.730s][info][gc          ] GC(3) Pause Young (Normal) (G1 Evacuation Pause) 37M->24M(64M) 8.690ms
[2026-03-19T10:51:21.663+0800][1.730s][info][gc,cpu      ] GC(3) User=0.03s Sys=0.02s Real=0.01s
[2026-03-19T10:51:21.890+0800][1.957s][info][gc,start    ] GC(4) Pause Young (Normal) (G1 Evacuation Pause)
[2026-03-19T10:51:21.891+0800][1.958s][info][gc,task     ] GC(4) Using 2 workers of 13 for evacuation
[2026-03-19T10:51:21.899+0800][1.966s][info][gc,phases   ] GC(4)   Pre Evacuate Collection Set: 0.1ms
[2026-03-19T10:51:21.899+0800][1.966s][info][gc,phases   ] GC(4)   Merge Heap Roots: 0.2ms
[2026-03-19T10:51:21.899+0800][1.966s][info][gc,phases   ] GC(4)   Evacuate Collection Set: 7.4ms
[2026-03-19T10:51:21.899+0800][1.966s][info][gc,phases   ] GC(4)   Post Evacuate Collection Set: 0.7ms
[2026-03-19T10:51:21.899+0800][1.966s][info][gc,phases   ] GC(4)   Other: 0.4ms
[2026-03-19T10:51:21.899+0800][1.966s][info][gc,heap     ] GC(4) Eden regions: 17->0(15)
[2026-03-19T10:51:21.899+0800][1.966s][info][gc,heap     ] GC(4) Survivor regions: 3->3(3)
[2026-03-19T10:51:21.899+0800][1.966s][info][gc,heap     ] GC(4) Old regions: 21->26
[2026-03-19T10:51:21.899+0800][1.966s][info][gc,heap     ] GC(4) Archive regions: 0->0
[2026-03-19T10:51:21.899+0800][1.966s][info][gc,heap     ] GC(4) Humongous regions: 2->2
[2026-03-19T10:51:21.899+0800][1.966s][info][gc,metaspace] GC(4) Metaspace: 5865K(6080K)->5865K(6080K) NonClass: 5210K(5312K)->5210K(5312K) Class: 655K(768K)->655K(768K)
[2026-03-19T10:51:21.899+0800][1.966s][info][gc          ] GC(4) Pause Young (Normal) (G1 Evacuation Pause) 42M->30M(64M) 9.087ms
[2026-03-19T10:51:21.900+0800][1.967s][info][gc,cpu      ] GC(4) User=0.02s Sys=0.03s Real=0.01s
[2026-03-19T10:51:22.121+0800][2.188s][info][gc,start    ] GC(5) Pause Young (Normal) (G1 Evacuation Pause)
[2026-03-19T10:51:22.121+0800][2.188s][info][gc,task     ] GC(5) Using 2 workers of 13 for evacuation
[2026-03-19T10:51:22.125+0800][2.193s][info][gc,phases   ] GC(5)   Pre Evacuate Collection Set: 0.0ms
[2026-03-19T10:51:22.125+0800][2.193s][info][gc,phases   ] GC(5)   Merge Heap Roots: 0.0ms
[2026-03-19T10:51:22.125+0800][2.193s][info][gc,phases   ] GC(5)   Evacuate Collection Set: 3.8ms
[2026-03-19T10:51:22.125+0800][2.193s][info][gc,phases   ] GC(5)   Post Evacuate Collection Set: 0.2ms
[2026-03-19T10:51:22.125+0800][2.193s][info][gc,phases   ] GC(5)   Other: 0.2ms
[2026-03-19T10:51:22.125+0800][2.193s][info][gc,heap     ] GC(5) Eden regions: 15->0(13)
[2026-03-19T10:51:22.125+0800][2.193s][info][gc,heap     ] GC(5) Survivor regions: 3->3(3)
[2026-03-19T10:51:22.125+0800][2.193s][info][gc,heap     ] GC(5) Old regions: 26->30
[2026-03-19T10:51:22.125+0800][2.193s][info][gc,heap     ] GC(5) Archive regions: 0->0
[2026-03-19T10:51:22.125+0800][2.193s][info][gc,heap     ] GC(5) Humongous regions: 2->2
[2026-03-19T10:51:22.125+0800][2.193s][info][gc,metaspace] GC(5) Metaspace: 5866K(6080K)->5866K(6080K) NonClass: 5210K(5312K)->5210K(5312K) Class: 655K(768K)->655K(768K)
[2026-03-19T10:51:22.125+0800][2.193s][info][gc          ] GC(5) Pause Young (Normal) (G1 Evacuation Pause) 45M->34M(64M) 4.619ms
[2026-03-19T10:51:22.126+0800][2.193s][info][gc,cpu      ] GC(5) User=0.00s Sys=0.00s Real=0.00s
[2026-03-19T10:51:22.183+0800][2.250s][info][gc,start    ] GC(6) Pause Young (Concurrent Start) (G1 Humongous Allocation)
[2026-03-19T10:51:22.183+0800][2.250s][info][gc,task     ] GC(6) Using 2 workers of 13 for evacuation
[2026-03-19T10:51:22.188+0800][2.254s][info][gc,phases   ] GC(6)   Pre Evacuate Collection Set: 0.1ms
[2026-03-19T10:51:22.188+0800][2.254s][info][gc,phases   ] GC(6)   Merge Heap Roots: 0.2ms
[2026-03-19T10:51:22.188+0800][2.255s][info][gc,phases   ] GC(6)   Evacuate Collection Set: 2.8ms
[2026-03-19T10:51:22.188+0800][2.255s][info][gc,phases   ] GC(6)   Post Evacuate Collection Set: 1.1ms
[2026-03-19T10:51:22.188+0800][2.255s][info][gc,phases   ] GC(6)   Other: 0.4ms
[2026-03-19T10:51:22.188+0800][2.255s][info][gc,heap     ] GC(6) Eden regions: 5->0(11)
[2026-03-19T10:51:22.188+0800][2.255s][info][gc,heap     ] GC(6) Survivor regions: 3->2(2)
[2026-03-19T10:51:22.188+0800][2.255s][info][gc,heap     ] GC(6) Old regions: 30->33
[2026-03-19T10:51:22.188+0800][2.255s][info][gc,heap     ] GC(6) Archive regions: 0->0
[2026-03-19T10:51:22.188+0800][2.255s][info][gc,heap     ] GC(6) Humongous regions: 2->2
[2026-03-19T10:51:22.188+0800][2.255s][info][gc,metaspace] GC(6) Metaspace: 5866K(6080K)->5866K(6080K) NonClass: 5210K(5312K)->5210K(5312K) Class: 655K(768K)->655K(768K)
[2026-03-19T10:51:22.188+0800][2.255s][info][gc          ] GC(6) Pause Young (Concurrent Start) (G1 Humongous Allocation) 39M->36M(64M) 4.891ms
[2026-03-19T10:51:22.188+0800][2.255s][info][gc,cpu      ] GC(6) User=0.00s Sys=0.00s Real=0.00s
[2026-03-19T10:51:22.188+0800][2.255s][info][gc          ] GC(7) Concurrent Mark Cycle
[2026-03-19T10:51:22.188+0800][2.255s][info][gc,marking  ] GC(7) Concurrent Clear Claimed Marks
[2026-03-19T10:51:22.188+0800][2.255s][info][gc,marking  ] GC(7) Concurrent Clear Claimed Marks 0.052ms
[2026-03-19T10:51:22.188+0800][2.255s][info][gc,marking  ] GC(7) Concurrent Scan Root Regions
[2026-03-19T10:51:22.190+0800][2.257s][info][gc,marking  ] GC(7) Concurrent Scan Root Regions 2.023ms
[2026-03-19T10:51:22.190+0800][2.257s][info][gc,marking  ] GC(7) Concurrent Mark
[2026-03-19T10:51:22.190+0800][2.257s][info][gc,marking  ] GC(7) Concurrent Mark From Roots
[2026-03-19T10:51:22.190+0800][2.257s][info][gc,task     ] GC(7) Using 3 workers of 3 for marking
[2026-03-19T10:51:22.201+0800][2.268s][info][gc,marking  ] GC(7) Concurrent Mark From Roots 10.927ms
[2026-03-19T10:51:22.202+0800][2.268s][info][gc,marking  ] GC(7) Concurrent Preclean
[2026-03-19T10:51:22.202+0800][2.269s][info][gc,marking  ] GC(7) Concurrent Preclean 0.139ms
[2026-03-19T10:51:22.202+0800][2.269s][info][gc,start    ] GC(7) Pause Remark
[2026-03-19T10:51:22.205+0800][2.272s][info][gc          ] GC(7) Pause Remark 42M->41M(64M) 2.904ms
[2026-03-19T10:51:22.205+0800][2.272s][info][gc,cpu      ] GC(7) User=0.00s Sys=0.00s Real=0.00s
[2026-03-19T10:51:22.205+0800][2.272s][info][gc,marking  ] GC(7) Concurrent Mark 14.918ms
[2026-03-19T10:51:22.205+0800][2.272s][info][gc,marking  ] GC(7) Concurrent Rebuild Remembered Sets
[2026-03-19T10:51:22.213+0800][2.280s][info][gc,marking  ] GC(7) Concurrent Rebuild Remembered Sets 8.341ms
[2026-03-19T10:51:22.214+0800][2.281s][info][gc,start    ] GC(7) Pause Cleanup
[2026-03-19T10:51:22.214+0800][2.281s][info][gc          ] GC(7) Pause Cleanup 41M->41M(64M) 0.198ms
[2026-03-19T10:51:22.214+0800][2.281s][info][gc,cpu      ] GC(7) User=0.00s Sys=0.00s Real=0.00s
[2026-03-19T10:51:22.214+0800][2.281s][info][gc,marking  ] GC(7) Concurrent Cleanup for Next Mark
[2026-03-19T10:51:22.215+0800][2.282s][info][gc,marking  ] GC(7) Concurrent Cleanup for Next Mark 0.584ms
[2026-03-19T10:51:22.215+0800][2.282s][info][gc          ] GC(7) Concurrent Mark Cycle 27.295ms
[2026-03-19T10:51:22.308+0800][2.375s][info][gc,start    ] GC(8) Pause Young (Normal) (G1 Evacuation Pause)
[2026-03-19T10:51:22.308+0800][2.376s][info][gc,task     ] GC(8) Using 2 workers of 13 for evacuation
[2026-03-19T10:51:22.315+0800][2.382s][info][gc,phases   ] GC(8)   Pre Evacuate Collection Set: 0.1ms
[2026-03-19T10:51:22.315+0800][2.382s][info][gc,phases   ] GC(8)   Merge Heap Roots: 0.1ms
[2026-03-19T10:51:22.315+0800][2.382s][info][gc,phases   ] GC(8)   Evacuate Collection Set: 5.5ms
[2026-03-19T10:51:22.315+0800][2.382s][info][gc,phases   ] GC(8)   Post Evacuate Collection Set: 0.5ms
[2026-03-19T10:51:22.315+0800][2.382s][info][gc,phases   ] GC(8)   Other: 0.4ms
[2026-03-19T10:51:22.315+0800][2.382s][info][gc,heap     ] GC(8) Eden regions: 11->0(9)
[2026-03-19T10:51:22.315+0800][2.382s][info][gc,heap     ] GC(8) Survivor regions: 2->2(2)
[2026-03-19T10:51:22.315+0800][2.382s][info][gc,heap     ] GC(8) Old regions: 33->36
[2026-03-19T10:51:22.315+0800][2.382s][info][gc,heap     ] GC(8) Archive regions: 0->0
[2026-03-19T10:51:22.315+0800][2.383s][info][gc,heap     ] GC(8) Humongous regions: 3->3
[2026-03-19T10:51:22.315+0800][2.383s][info][gc,metaspace] GC(8) Metaspace: 5866K(6080K)->5866K(6080K) NonClass: 5210K(5312K)->5210K(5312K) Class: 655K(768K)->655K(768K)
[2026-03-19T10:51:22.315+0800][2.383s][info][gc          ] GC(8) Pause Young (Normal) (G1 Evacuation Pause) 48M->40M(64M) 7.200ms
[2026-03-19T10:51:22.316+0800][2.383s][info][gc,cpu      ] GC(8) User=0.00s Sys=0.00s Real=0.01s
[2026-03-19T10:51:22.430+0800][2.497s][info][gc,start    ] GC(9) Pause Young (Concurrent Start) (G1 Evacuation Pause)
[2026-03-19T10:51:22.430+0800][2.498s][info][gc,task     ] GC(9) Using 2 workers of 13 for evacuation
[2026-03-19T10:51:22.433+0800][2.501s][info][gc,phases   ] GC(9)   Pre Evacuate Collection Set: 0.2ms
[2026-03-19T10:51:22.434+0800][2.501s][info][gc,phases   ] GC(9)   Merge Heap Roots: 0.0ms
[2026-03-19T10:51:22.434+0800][2.501s][info][gc,phases   ] GC(9)   Evacuate Collection Set: 2.4ms
[2026-03-19T10:51:22.434+0800][2.501s][info][gc,phases   ] GC(9)   Post Evacuate Collection Set: 0.2ms
[2026-03-19T10:51:22.434+0800][2.501s][info][gc,phases   ] GC(9)   Other: 0.4ms
[2026-03-19T10:51:22.434+0800][2.501s][info][gc,heap     ] GC(9) Eden regions: 9->0(8)
[2026-03-19T10:51:22.434+0800][2.501s][info][gc,heap     ] GC(9) Survivor regions: 2->2(2)
[2026-03-19T10:51:22.434+0800][2.501s][info][gc,heap     ] GC(9) Old regions: 36->38
[2026-03-19T10:51:22.434+0800][2.501s][info][gc,heap     ] GC(9) Archive regions: 0->0
[2026-03-19T10:51:22.434+0800][2.501s][info][gc,heap     ] GC(9) Humongous regions: 3->3
[2026-03-19T10:51:22.434+0800][2.501s][info][gc,metaspace] GC(9) Metaspace: 5866K(6080K)->5866K(6080K) NonClass: 5210K(5312K)->5210K(5312K) Class: 655K(768K)->655K(768K)
[2026-03-19T10:51:22.434+0800][2.501s][info][gc          ] GC(9) Pause Young (Concurrent Start) (G1 Evacuation Pause) 49M->42M(64M) 3.551ms
[2026-03-19T10:51:22.434+0800][2.501s][info][gc,cpu      ] GC(9) User=0.00s Sys=0.00s Real=0.00s
[2026-03-19T10:51:22.434+0800][2.501s][info][gc          ] GC(10) Concurrent Mark Cycle
[2026-03-19T10:51:22.434+0800][2.501s][info][gc,marking  ] GC(10) Concurrent Clear Claimed Marks
[2026-03-19T10:51:22.434+0800][2.501s][info][gc,marking  ] GC(10) Concurrent Clear Claimed Marks 0.021ms
[2026-03-19T10:51:22.434+0800][2.501s][info][gc,marking  ] GC(10) Concurrent Scan Root Regions
[2026-03-19T10:51:22.434+0800][2.502s][info][gc,marking  ] GC(10) Concurrent Scan Root Regions 0.489ms
[2026-03-19T10:51:22.434+0800][2.502s][info][gc,marking  ] GC(10) Concurrent Mark
[2026-03-19T10:51:22.434+0800][2.502s][info][gc,marking  ] GC(10) Concurrent Mark From Roots
[2026-03-19T10:51:22.434+0800][2.502s][info][gc,task     ] GC(10) Using 3 workers of 3 for marking
[2026-03-19T10:51:22.441+0800][2.508s][info][gc,marking  ] GC(10) Concurrent Mark From Roots 6.049ms
[2026-03-19T10:51:22.441+0800][2.508s][info][gc,marking  ] GC(10) Concurrent Preclean
[2026-03-19T10:51:22.441+0800][2.508s][info][gc,marking  ] GC(10) Concurrent Preclean 0.104ms
[2026-03-19T10:51:22.441+0800][2.508s][info][gc,start    ] GC(10) Pause Remark
[2026-03-19T10:51:22.442+0800][2.509s][info][gc          ] GC(10) Pause Remark 44M->43M(64M) 0.856ms
[2026-03-19T10:51:22.442+0800][2.509s][info][gc,cpu      ] GC(10) User=0.00s Sys=0.00s Real=0.00s
[2026-03-19T10:51:22.442+0800][2.509s][info][gc,marking  ] GC(10) Concurrent Mark 7.337ms
[2026-03-19T10:51:22.442+0800][2.509s][info][gc,marking  ] GC(10) Concurrent Rebuild Remembered Sets
[2026-03-19T10:51:22.447+0800][2.514s][info][gc,marking  ] GC(10) Concurrent Rebuild Remembered Sets 4.561ms
[2026-03-19T10:51:22.447+0800][2.514s][info][gc,start    ] GC(10) Pause Cleanup
[2026-03-19T10:51:22.447+0800][2.514s][info][gc          ] GC(10) Pause Cleanup 43M->43M(64M) 0.112ms
[2026-03-19T10:51:22.447+0800][2.514s][info][gc,cpu      ] GC(10) User=0.00s Sys=0.00s Real=0.00s
[2026-03-19T10:51:22.447+0800][2.514s][info][gc,marking  ] GC(10) Concurrent Cleanup for Next Mark
[2026-03-19T10:51:22.448+0800][2.515s][info][gc,marking  ] GC(10) Concurrent Cleanup for Next Mark 0.453ms
[2026-03-19T10:51:22.448+0800][2.515s][info][gc          ] GC(10) Concurrent Mark Cycle 13.516ms
[2026-03-19T10:51:22.544+0800][2.611s][info][gc,start    ] GC(11) Pause Young (Normal) (G1 Evacuation Pause)
[2026-03-19T10:51:22.544+0800][2.612s][info][gc,task     ] GC(11) Using 2 workers of 13 for evacuation
[2026-03-19T10:51:22.548+0800][2.616s][info][gc,phases   ] GC(11)   Pre Evacuate Collection Set: 0.1ms
[2026-03-19T10:51:22.548+0800][2.616s][info][gc,phases   ] GC(11)   Merge Heap Roots: 0.1ms
[2026-03-19T10:51:22.548+0800][2.616s][info][gc,phases   ] GC(11)   Evacuate Collection Set: 3.5ms
[2026-03-19T10:51:22.548+0800][2.616s][info][gc,phases   ] GC(11)   Post Evacuate Collection Set: 0.5ms
[2026-03-19T10:51:22.548+0800][2.616s][info][gc,phases   ] GC(11)   Other: 0.4ms
[2026-03-19T10:51:22.548+0800][2.616s][info][gc,heap     ] GC(11) Eden regions: 8->0(7)
[2026-03-19T10:51:22.548+0800][2.616s][info][gc,heap     ] GC(11) Survivor regions: 2->2(2)
[2026-03-19T10:51:22.548+0800][2.616s][info][gc,heap     ] GC(11) Old regions: 38->41
[2026-03-19T10:51:22.548+0800][2.616s][info][gc,heap     ] GC(11) Archive regions: 0->0
[2026-03-19T10:51:22.548+0800][2.616s][info][gc,heap     ] GC(11) Humongous regions: 2->2
[2026-03-19T10:51:22.548+0800][2.617s][info][gc,metaspace] GC(11) Metaspace: 5866K(6080K)->5866K(6080K) NonClass: 5210K(5312K)->5210K(5312K) Class: 655K(768K)->655K(768K)
[2026-03-19T10:51:22.550+0800][2.617s][info][gc          ] GC(11) Pause Young (Normal) (G1 Evacuation Pause) 49M->44M(64M) 5.193ms
[2026-03-19T10:51:22.550+0800][2.617s][info][gc,cpu      ] GC(11) User=0.00s Sys=0.00s Real=0.01s
[2026-03-19T10:51:22.674+0800][2.742s][info][gc,start    ] GC(12) Pause Young (Concurrent Start) (G1 Evacuation Pause)
[2026-03-19T10:51:22.674+0800][2.742s][info][gc,task     ] GC(12) Using 2 workers of 13 for evacuation
[2026-03-19T10:51:22.677+0800][2.745s][info][gc,phases   ] GC(12)   Pre Evacuate Collection Set: 0.3ms
[2026-03-19T10:51:22.677+0800][2.745s][info][gc,phases   ] GC(12)   Merge Heap Roots: 0.1ms
[2026-03-19T10:51:22.677+0800][2.745s][info][gc,phases   ] GC(12)   Evacuate Collection Set: 2.0ms
[2026-03-19T10:51:22.677+0800][2.745s][info][gc,phases   ] GC(12)   Post Evacuate Collection Set: 0.9ms
[2026-03-19T10:51:22.677+0800][2.745s][info][gc,phases   ] GC(12)   Other: 0.2ms
[2026-03-19T10:51:22.677+0800][2.745s][info][gc,heap     ] GC(12) Eden regions: 7->0(5)
[2026-03-19T10:51:22.677+0800][2.745s][info][gc,heap     ] GC(12) Survivor regions: 2->2(2)
[2026-03-19T10:51:22.677+0800][2.745s][info][gc,heap     ] GC(12) Old regions: 41->43
[2026-03-19T10:51:22.677+0800][2.745s][info][gc,heap     ] GC(12) Archive regions: 0->0
[2026-03-19T10:51:22.677+0800][2.745s][info][gc,heap     ] GC(12) Humongous regions: 2->2
[2026-03-19T10:51:22.679+0800][2.745s][info][gc,metaspace] GC(12) Metaspace: 5902K(6144K)->5902K(6144K) NonClass: 5239K(5376K)->5239K(5376K) Class: 662K(768K)->662K(768K)
[2026-03-19T10:51:22.679+0800][2.745s][info][gc          ] GC(12) Pause Young (Concurrent Start) (G1 Evacuation Pause) 51M->46M(64M) 3.676ms
[2026-03-19T10:51:22.679+0800][2.745s][info][gc,cpu      ] GC(12) User=0.02s Sys=0.02s Real=0.00s
[2026-03-19T10:51:22.679+0800][2.745s][info][gc          ] GC(13) Concurrent Mark Cycle
[2026-03-19T10:51:22.679+0800][2.745s][info][gc,marking  ] GC(13) Concurrent Clear Claimed Marks
[2026-03-19T10:51:22.679+0800][2.746s][info][gc,marking  ] GC(13) Concurrent Clear Claimed Marks 0.021ms
[2026-03-19T10:51:22.679+0800][2.746s][info][gc,marking  ] GC(13) Concurrent Scan Root Regions
[2026-03-19T10:51:22.679+0800][2.746s][info][gc,marking  ] GC(13) Concurrent Scan Root Regions 0.620ms
[2026-03-19T10:51:22.679+0800][2.746s][info][gc,marking  ] GC(13) Concurrent Mark
[2026-03-19T10:51:22.679+0800][2.746s][info][gc,marking  ] GC(13) Concurrent Mark From Roots
[2026-03-19T10:51:22.679+0800][2.746s][info][gc,task     ] GC(13) Using 3 workers of 3 for marking
[2026-03-19T10:51:22.685+0800][2.752s][info][gc,marking  ] GC(13) Concurrent Mark From Roots 6.098ms
[2026-03-19T10:51:22.686+0800][2.753s][info][gc,marking  ] GC(13) Concurrent Preclean
[2026-03-19T10:51:22.686+0800][2.753s][info][gc,marking  ] GC(13) Concurrent Preclean 0.136ms
[2026-03-19T10:51:22.686+0800][2.753s][info][gc,start    ] GC(13) Pause Remark
[2026-03-19T10:51:22.687+0800][2.754s][info][gc          ] GC(13) Pause Remark 49M->49M(64M) 1.431ms
[2026-03-19T10:51:22.687+0800][2.754s][info][gc,cpu      ] GC(13) User=0.00s Sys=0.00s Real=0.00s
[2026-03-19T10:51:22.687+0800][2.755s][info][gc,marking  ] GC(13) Concurrent Mark 8.340ms
[2026-03-19T10:51:22.687+0800][2.755s][info][gc,marking  ] GC(13) Concurrent Rebuild Remembered Sets
[2026-03-19T10:51:22.693+0800][2.760s][info][gc,marking  ] GC(13) Concurrent Rebuild Remembered Sets 5.149ms
[2026-03-19T10:51:22.695+0800][2.762s][info][gc,start    ] GC(13) Pause Cleanup
[2026-03-19T10:51:22.695+0800][2.762s][info][gc          ] GC(13) Pause Cleanup 49M->49M(64M) 0.288ms
[2026-03-19T10:51:22.695+0800][2.762s][info][gc,cpu      ] GC(13) User=0.00s Sys=0.00s Real=0.00s
[2026-03-19T10:51:22.695+0800][2.762s][info][gc,marking  ] GC(13) Concurrent Cleanup for Next Mark
[2026-03-19T10:51:22.695+0800][2.762s][info][gc,marking  ] GC(13) Concurrent Cleanup for Next Mark 0.414ms
[2026-03-19T10:51:22.696+0800][2.763s][info][gc          ] GC(13) Concurrent Mark Cycle 17.070ms
[2026-03-19T10:51:22.737+0800][2.804s][info][gc,start    ] GC(14) Pause Young (Normal) (G1 Evacuation Pause)
[2026-03-19T10:51:22.737+0800][2.804s][info][gc,task     ] GC(14) Using 2 workers of 13 for evacuation
[2026-03-19T10:51:22.739+0800][2.807s][info][gc,phases   ] GC(14)   Pre Evacuate Collection Set: 0.1ms
[2026-03-19T10:51:22.739+0800][2.807s][info][gc,phases   ] GC(14)   Merge Heap Roots: 0.1ms
[2026-03-19T10:51:22.739+0800][2.807s][info][gc,phases   ] GC(14)   Evacuate Collection Set: 1.6ms
[2026-03-19T10:51:22.739+0800][2.807s][info][gc,phases   ] GC(14)   Post Evacuate Collection Set: 0.4ms
[2026-03-19T10:51:22.739+0800][2.807s][info][gc,phases   ] GC(14)   Other: 0.2ms
[2026-03-19T10:51:22.739+0800][2.807s][info][gc,heap     ] GC(14) Eden regions: 5->0(4)
[2026-03-19T10:51:22.739+0800][2.807s][info][gc,heap     ] GC(14) Survivor regions: 2->1(1)
[2026-03-19T10:51:22.739+0800][2.807s][info][gc,heap     ] GC(14) Old regions: 43->46
[2026-03-19T10:51:22.739+0800][2.807s][info][gc,heap     ] GC(14) Archive regions: 0->0
[2026-03-19T10:51:22.739+0800][2.807s][info][gc,heap     ] GC(14) Humongous regions: 2->2
[2026-03-19T10:51:22.739+0800][2.807s][info][gc,metaspace] GC(14) Metaspace: 5902K(6144K)->5902K(6144K) NonClass: 5239K(5376K)->5239K(5376K) Class: 662K(768K)->662K(768K)
[2026-03-19T10:51:22.739+0800][2.807s][info][gc          ] GC(14) Pause Young (Normal) (G1 Evacuation Pause) 51M->48M(64M) 2.910ms
[2026-03-19T10:51:22.739+0800][2.807s][info][gc,cpu      ] GC(14) User=0.00s Sys=0.00s Real=0.00s
[2026-03-19T10:51:22.800+0800][2.867s][info][gc,start    ] GC(15) Pause Young (Concurrent Start) (G1 Evacuation Pause)
[2026-03-19T10:51:22.800+0800][2.867s][info][gc,task     ] GC(15) Using 2 workers of 13 for evacuation
[2026-03-19T10:51:22.803+0800][2.870s][info][gc,phases   ] GC(15)   Pre Evacuate Collection Set: 0.1ms
[2026-03-19T10:51:22.803+0800][2.870s][info][gc,phases   ] GC(15)   Merge Heap Roots: 0.2ms
[2026-03-19T10:51:22.803+0800][2.870s][info][gc,phases   ] GC(15)   Evacuate Collection Set: 1.2ms
[2026-03-19T10:51:22.803+0800][2.870s][info][gc,phases   ] GC(15)   Post Evacuate Collection Set: 0.8ms
[2026-03-19T10:51:22.803+0800][2.870s][info][gc,phases   ] GC(15)   Other: 0.3ms
[2026-03-19T10:51:22.803+0800][2.870s][info][gc,heap     ] GC(15) Eden regions: 4->0(3)
[2026-03-19T10:51:22.803+0800][2.870s][info][gc,heap     ] GC(15) Survivor regions: 1->1(1)
[2026-03-19T10:51:22.803+0800][2.870s][info][gc,heap     ] GC(15) Old regions: 46->47
[2026-03-19T10:51:22.803+0800][2.870s][info][gc,heap     ] GC(15) Archive regions: 0->0
[2026-03-19T10:51:22.803+0800][2.870s][info][gc,heap     ] GC(15) Humongous regions: 2->2
[2026-03-19T10:51:22.803+0800][2.870s][info][gc,metaspace] GC(15) Metaspace: 5902K(6144K)->5902K(6144K) NonClass: 5239K(5376K)->5239K(5376K) Class: 662K(768K)->662K(768K)
[2026-03-19T10:51:22.803+0800][2.870s][info][gc          ] GC(15) Pause Young (Concurrent Start) (G1 Evacuation Pause) 52M->49M(64M) 3.007ms
[2026-03-19T10:51:22.803+0800][2.870s][info][gc,cpu      ] GC(15) User=0.03s Sys=0.00s Real=0.00s
[2026-03-19T10:51:22.803+0800][2.870s][info][gc          ] GC(16) Concurrent Mark Cycle
[2026-03-19T10:51:22.804+0800][2.871s][info][gc,marking  ] GC(16) Concurrent Clear Claimed Marks
[2026-03-19T10:51:22.804+0800][2.871s][info][gc,marking  ] GC(16) Concurrent Clear Claimed Marks 0.080ms
[2026-03-19T10:51:22.804+0800][2.871s][info][gc,marking  ] GC(16) Concurrent Scan Root Regions
[2026-03-19T10:51:22.804+0800][2.871s][info][gc,marking  ] GC(16) Concurrent Scan Root Regions 0.381ms
[2026-03-19T10:51:22.804+0800][2.871s][info][gc,marking  ] GC(16) Concurrent Mark
[2026-03-19T10:51:22.804+0800][2.871s][info][gc,marking  ] GC(16) Concurrent Mark From Roots
[2026-03-19T10:51:22.804+0800][2.871s][info][gc,task     ] GC(16) Using 3 workers of 3 for marking
[2026-03-19T10:51:22.814+0800][2.881s][info][gc,marking  ] GC(16) Concurrent Mark From Roots 10.328ms
[2026-03-19T10:51:22.814+0800][2.882s][info][gc,marking  ] GC(16) Concurrent Preclean
[2026-03-19T10:51:22.814+0800][2.882s][info][gc,marking  ] GC(16) Concurrent Preclean 0.080ms
[2026-03-19T10:51:22.814+0800][2.882s][info][gc,start    ] GC(16) Pause Remark
[2026-03-19T10:51:22.816+0800][2.884s][info][gc          ] GC(16) Pause Remark 52M->52M(64M) 1.728ms
[2026-03-19T10:51:22.816+0800][2.884s][info][gc,cpu      ] GC(16) User=0.00s Sys=0.00s Real=0.00s
[2026-03-19T10:51:22.816+0800][2.884s][info][gc,marking  ] GC(16) Concurrent Mark 12.851ms
[2026-03-19T10:51:22.816+0800][2.884s][info][gc,marking  ] GC(16) Concurrent Rebuild Remembered Sets
[2026-03-19T10:51:22.822+0800][2.889s][info][gc,marking  ] GC(16) Concurrent Rebuild Remembered Sets 5.148ms
[2026-03-19T10:51:22.822+0800][2.889s][info][gc,start    ] GC(16) Pause Cleanup
[2026-03-19T10:51:22.823+0800][2.890s][info][gc          ] GC(16) Pause Cleanup 52M->52M(64M) 0.522ms
[2026-03-19T10:51:22.823+0800][2.890s][info][gc,cpu      ] GC(16) User=0.00s Sys=0.00s Real=0.00s
[2026-03-19T10:51:22.823+0800][2.890s][info][gc,marking  ] GC(16) Concurrent Cleanup for Next Mark
[2026-03-19T10:51:22.823+0800][2.890s][info][gc,marking  ] GC(16) Concurrent Cleanup for Next Mark 0.147ms
[2026-03-19T10:51:22.823+0800][2.890s][info][gc          ] GC(16) Concurrent Mark Cycle 19.908ms
[2026-03-19T10:51:22.863+0800][2.930s][info][gc,start    ] GC(17) Pause Young (Prepare Mixed) (G1 Evacuation Pause)
[2026-03-19T10:51:22.863+0800][2.930s][info][gc,task     ] GC(17) Using 2 workers of 13 for evacuation
[2026-03-19T10:51:22.866+0800][2.933s][info][gc,phases   ] GC(17)   Pre Evacuate Collection Set: 0.2ms
[2026-03-19T10:51:22.866+0800][2.933s][info][gc,phases   ] GC(17)   Merge Heap Roots: 0.4ms
[2026-03-19T10:51:22.866+0800][2.933s][info][gc,phases   ] GC(17)   Evacuate Collection Set: 1.1ms
[2026-03-19T10:51:22.866+0800][2.933s][info][gc,phases   ] GC(17)   Post Evacuate Collection Set: 1.0ms
[2026-03-19T10:51:22.866+0800][2.933s][info][gc,phases   ] GC(17)   Other: 0.4ms
[2026-03-19T10:51:22.866+0800][2.933s][info][gc,heap     ] GC(17) Eden regions: 3->0(2)
[2026-03-19T10:51:22.866+0800][2.933s][info][gc,heap     ] GC(17) Survivor regions: 1->1(1)
[2026-03-19T10:51:22.866+0800][2.933s][info][gc,heap     ] GC(17) Old regions: 47->48
[2026-03-19T10:51:22.866+0800][2.933s][info][gc,heap     ] GC(17) Archive regions: 0->0
[2026-03-19T10:51:22.866+0800][2.933s][info][gc,heap     ] GC(17) Humongous regions: 2->2
[2026-03-19T10:51:22.866+0800][2.933s][info][gc,metaspace] GC(17) Metaspace: 5902K(6144K)->5902K(6144K) NonClass: 5239K(5376K)->5239K(5376K) Class: 662K(768K)->662K(768K)
[2026-03-19T10:51:22.866+0800][2.933s][info][gc          ] GC(17) Pause Young (Prepare Mixed) (G1 Evacuation Pause) 52M->50M(64M) 3.415ms
[2026-03-19T10:51:22.866+0800][2.933s][info][gc,cpu      ] GC(17) User=0.02s Sys=0.02s Real=0.00s
[2026-03-19T10:51:22.869+0800][2.936s][info][gc,start    ] GC(18) Pause Young (Mixed) (G1 Evacuation Pause)
[2026-03-19T10:51:22.869+0800][2.936s][info][gc,task     ] GC(18) Using 2 workers of 13 for evacuation
[2026-03-19T10:51:22.871+0800][2.938s][info][gc,phases   ] GC(18)   Pre Evacuate Collection Set: 0.1ms
[2026-03-19T10:51:22.871+0800][2.938s][info][gc,phases   ] GC(18)   Merge Heap Roots: 0.2ms
[2026-03-19T10:51:22.871+0800][2.939s][info][gc,phases   ] GC(18)   Evacuate Collection Set: 1.0ms
[2026-03-19T10:51:22.871+0800][2.939s][info][gc,phases   ] GC(18)   Post Evacuate Collection Set: 0.8ms
[2026-03-19T10:51:22.871+0800][2.939s][info][gc,phases   ] GC(18)   Other: 0.2ms
[2026-03-19T10:51:22.871+0800][2.939s][info][gc,heap     ] GC(18) Eden regions: 2->0(3)
[2026-03-19T10:51:22.872+0800][2.939s][info][gc,heap     ] GC(18) Survivor regions: 1->1(1)
[2026-03-19T10:51:22.872+0800][2.939s][info][gc,heap     ] GC(18) Old regions: 48->48
[2026-03-19T10:51:22.872+0800][2.939s][info][gc,heap     ] GC(18) Archive regions: 0->0
[2026-03-19T10:51:22.872+0800][2.939s][info][gc,heap     ] GC(18) Humongous regions: 2->2
[2026-03-19T10:51:22.872+0800][2.939s][info][gc,metaspace] GC(18) Metaspace: 5902K(6144K)->5902K(6144K) NonClass: 5239K(5376K)->5239K(5376K) Class: 662K(768K)->662K(768K)
[2026-03-19T10:51:22.872+0800][2.939s][info][gc          ] GC(18) Pause Young (Mixed) (G1 Evacuation Pause) 52M->50M(64M) 2.803ms
[2026-03-19T10:51:22.872+0800][2.939s][info][gc,cpu      ] GC(18) User=0.00s Sys=0.00s Real=0.00s
[2026-03-19T10:51:22.939+0800][3.006s][info][gc,start    ] GC(19) Pause Young (Concurrent Start) (G1 Humongous Allocation)
[2026-03-19T10:51:22.939+0800][3.006s][info][gc,task     ] GC(19) Using 2 workers of 13 for evacuation
[2026-03-19T10:51:22.942+0800][3.009s][info][gc,phases   ] GC(19)   Pre Evacuate Collection Set: 0.2ms
[2026-03-19T10:51:22.942+0800][3.009s][info][gc,phases   ] GC(19)   Merge Heap Roots: 0.2ms
[2026-03-19T10:51:22.942+0800][3.009s][info][gc,phases   ] GC(19)   Evacuate Collection Set: 1.7ms
[2026-03-19T10:51:22.942+0800][3.009s][info][gc,phases   ] GC(19)   Post Evacuate Collection Set: 0.7ms
[2026-03-19T10:51:22.942+0800][3.009s][info][gc,phases   ] GC(19)   Other: 0.4ms
[2026-03-19T10:51:22.942+0800][3.009s][info][gc,heap     ] GC(19) Eden regions: 2->0(2)
[2026-03-19T10:51:22.942+0800][3.009s][info][gc,heap     ] GC(19) Survivor regions: 1->1(1)
[2026-03-19T10:51:22.942+0800][3.009s][info][gc,heap     ] GC(19) Old regions: 48->49
[2026-03-19T10:51:22.942+0800][3.009s][info][gc,heap     ] GC(19) Archive regions: 0->0
[2026-03-19T10:51:22.942+0800][3.009s][info][gc,heap     ] GC(19) Humongous regions: 2->2
[2026-03-19T10:51:22.943+0800][3.009s][info][gc,metaspace] GC(19) Metaspace: 5902K(6144K)->5902K(6144K) NonClass: 5239K(5376K)->5239K(5376K) Class: 662K(768K)->662K(768K)
[2026-03-19T10:51:22.943+0800][3.009s][info][gc          ] GC(19) Pause Young (Concurrent Start) (G1 Humongous Allocation) 52M->51M(64M) 3.654ms
[2026-03-19T10:51:22.943+0800][3.009s][info][gc,cpu      ] GC(19) User=0.00s Sys=0.00s Real=0.00s
[2026-03-19T10:51:22.943+0800][3.010s][info][gc          ] GC(20) Concurrent Mark Cycle
[2026-03-19T10:51:22.943+0800][3.010s][info][gc,marking  ] GC(20) Concurrent Clear Claimed Marks
[2026-03-19T10:51:22.943+0800][3.010s][info][gc,marking  ] GC(20) Concurrent Clear Claimed Marks 0.038ms
[2026-03-19T10:51:22.943+0800][3.010s][info][gc,marking  ] GC(20) Concurrent Scan Root Regions
[2026-03-19T10:51:22.943+0800][3.010s][info][gc,marking  ] GC(20) Concurrent Scan Root Regions 0.322ms
[2026-03-19T10:51:22.943+0800][3.010s][info][gc,marking  ] GC(20) Concurrent Mark
[2026-03-19T10:51:22.943+0800][3.010s][info][gc,marking  ] GC(20) Concurrent Mark From Roots
[2026-03-19T10:51:22.943+0800][3.010s][info][gc,task     ] GC(20) Using 3 workers of 3 for marking
[2026-03-19T10:51:22.947+0800][3.014s][info][gc,start    ] GC(21) Pause Young (Normal) (G1 Evacuation Pause)
[2026-03-19T10:51:22.947+0800][3.014s][info][gc,task     ] GC(21) Using 2 workers of 13 for evacuation
[2026-03-19T10:51:22.950+0800][3.018s][info][gc,phases   ] GC(21)   Pre Evacuate Collection Set: 0.2ms
[2026-03-19T10:51:22.950+0800][3.018s][info][gc,phases   ] GC(21)   Merge Heap Roots: 0.2ms
[2026-03-19T10:51:22.950+0800][3.018s][info][gc,phases   ] GC(21)   Evacuate Collection Set: 2.5ms
[2026-03-19T10:51:22.950+0800][3.018s][info][gc,phases   ] GC(21)   Post Evacuate Collection Set: 0.4ms
[2026-03-19T10:51:22.950+0800][3.018s][info][gc,phases   ] GC(21)   Other: 0.3ms
[2026-03-19T10:51:22.951+0800][3.018s][info][gc,heap     ] GC(21) Eden regions: 2->0(2)
[2026-03-19T10:51:22.951+0800][3.018s][info][gc,heap     ] GC(21) Survivor regions: 1->1(1)
[2026-03-19T10:51:22.951+0800][3.018s][info][gc,heap     ] GC(21) Old regions: 49->50
[2026-03-19T10:51:22.951+0800][3.018s][info][gc,heap     ] GC(21) Archive regions: 0->0
[2026-03-19T10:51:22.951+0800][3.018s][info][gc,heap     ] GC(21) Humongous regions: 5->5
[2026-03-19T10:51:22.951+0800][3.018s][info][gc,metaspace] GC(21) Metaspace: 5902K(6144K)->5902K(6144K) NonClass: 5239K(5376K)->5239K(5376K) Class: 662K(768K)->662K(768K)
[2026-03-19T10:51:22.951+0800][3.018s][info][gc          ] GC(21) Pause Young (Normal) (G1 Evacuation Pause) 56M->54M(64M) 4.082ms
[2026-03-19T10:51:22.951+0800][3.018s][info][gc,cpu      ] GC(21) User=0.00s Sys=0.00s Real=0.00s
[2026-03-19T10:51:22.955+0800][3.022s][info][gc,start    ] GC(22) Pause Young (Normal) (G1 Evacuation Pause)
[2026-03-19T10:51:22.955+0800][3.022s][info][gc,task     ] GC(22) Using 2 workers of 13 for evacuation
[2026-03-19T10:51:22.957+0800][3.024s][info][gc,phases   ] GC(22)   Pre Evacuate Collection Set: 0.2ms
[2026-03-19T10:51:22.957+0800][3.024s][info][gc,phases   ] GC(22)   Merge Heap Roots: 0.2ms
[2026-03-19T10:51:22.957+0800][3.024s][info][gc,phases   ] GC(22)   Evacuate Collection Set: 0.7ms
[2026-03-19T10:51:22.957+0800][3.024s][info][gc,phases   ] GC(22)   Post Evacuate Collection Set: 0.7ms
[2026-03-19T10:51:22.957+0800][3.024s][info][gc,phases   ] GC(22)   Other: 0.3ms
[2026-03-19T10:51:22.957+0800][3.024s][info][gc,heap     ] GC(22) Eden regions: 2->0(2)
[2026-03-19T10:51:22.957+0800][3.024s][info][gc,heap     ] GC(22) Survivor regions: 1->1(1)
[2026-03-19T10:51:22.957+0800][3.025s][info][gc,heap     ] GC(22) Old regions: 50->50
[2026-03-19T10:51:22.957+0800][3.025s][info][gc,heap     ] GC(22) Archive regions: 0->0
[2026-03-19T10:51:22.957+0800][3.025s][info][gc,heap     ] GC(22) Humongous regions: 5->5
[2026-03-19T10:51:22.957+0800][3.025s][info][gc,metaspace] GC(22) Metaspace: 5902K(6144K)->5902K(6144K) NonClass: 5239K(5376K)->5239K(5376K) Class: 662K(768K)->662K(768K)
[2026-03-19T10:51:22.957+0800][3.025s][info][gc          ] GC(22) Pause Young (Normal) (G1 Evacuation Pause) 56M->55M(64M) 2.491ms
[2026-03-19T10:51:22.957+0800][3.025s][info][gc,cpu      ] GC(22) User=0.00s Sys=0.00s Real=0.00s
[2026-03-19T10:51:22.962+0800][3.029s][info][gc,marking  ] GC(20) Concurrent Mark From Roots 18.942ms
[2026-03-19T10:51:22.962+0800][3.029s][info][gc,marking  ] GC(20) Concurrent Preclean
[2026-03-19T10:51:22.963+0800][3.029s][info][gc,marking  ] GC(20) Concurrent Preclean 0.185ms
[2026-03-19T10:51:22.963+0800][3.030s][info][gc,start    ] GC(20) Pause Remark
[2026-03-19T10:51:22.965+0800][3.031s][info][gc          ] GC(20) Pause Remark 55M->55M(64M) 1.539ms
[2026-03-19T10:51:22.965+0800][3.032s][info][gc,cpu      ] GC(20) User=0.00s Sys=0.00s Real=0.00s
[2026-03-19T10:51:22.965+0800][3.032s][info][gc,marking  ] GC(20) Concurrent Mark 21.571ms
[2026-03-19T10:51:22.965+0800][3.032s][info][gc,marking  ] GC(20) Concurrent Rebuild Remembered Sets
[2026-03-19T10:51:22.972+0800][3.039s][info][gc,marking  ] GC(20) Concurrent Rebuild Remembered Sets 7.485ms
[2026-03-19T10:51:22.973+0800][3.040s][info][gc,start    ] GC(20) Pause Cleanup
[2026-03-19T10:51:22.973+0800][3.040s][info][gc          ] GC(20) Pause Cleanup 55M->55M(64M) 0.236ms
[2026-03-19T10:51:22.973+0800][3.040s][info][gc,cpu      ] GC(20) User=0.00s Sys=0.00s Real=0.00s
[2026-03-19T10:51:22.973+0800][3.040s][info][gc,marking  ] GC(20) Concurrent Cleanup for Next Mark
[2026-03-19T10:51:22.973+0800][3.040s][info][gc,marking  ] GC(20) Concurrent Cleanup for Next Mark 0.269ms
[2026-03-19T10:51:22.973+0800][3.040s][info][gc          ] GC(20) Concurrent Mark Cycle 30.872ms
[2026-03-19T10:51:23.020+0800][3.087s][info][gc,start    ] GC(23) Pause Young (Prepare Mixed) (G1 Evacuation Pause)
[2026-03-19T10:51:23.020+0800][3.087s][info][gc,task     ] GC(23) Using 2 workers of 13 for evacuation
[2026-03-19T10:51:23.022+0800][3.089s][info][gc,phases   ] GC(23)   Pre Evacuate Collection Set: 0.2ms
[2026-03-19T10:51:23.022+0800][3.089s][info][gc,phases   ] GC(23)   Merge Heap Roots: 0.1ms
[2026-03-19T10:51:23.022+0800][3.089s][info][gc,phases   ] GC(23)   Evacuate Collection Set: 0.8ms
[2026-03-19T10:51:23.022+0800][3.089s][info][gc,phases   ] GC(23)   Post Evacuate Collection Set: 0.3ms
[2026-03-19T10:51:23.022+0800][3.089s][info][gc,phases   ] GC(23)   Other: 0.4ms
[2026-03-19T10:51:23.022+0800][3.089s][info][gc,heap     ] GC(23) Eden regions: 2->0(2)
[2026-03-19T10:51:23.022+0800][3.089s][info][gc,heap     ] GC(23) Survivor regions: 1->1(1)
[2026-03-19T10:51:23.022+0800][3.089s][info][gc,heap     ] GC(23) Old regions: 50->51
[2026-03-19T10:51:23.022+0800][3.089s][info][gc,heap     ] GC(23) Archive regions: 0->0
[2026-03-19T10:51:23.022+0800][3.089s][info][gc,heap     ] GC(23) Humongous regions: 5->5
[2026-03-19T10:51:23.022+0800][3.089s][info][gc,metaspace] GC(23) Metaspace: 5902K(6144K)->5902K(6144K) NonClass: 5239K(5376K)->5239K(5376K) Class: 662K(768K)->662K(768K)
[2026-03-19T10:51:23.022+0800][3.089s][info][gc          ] GC(23) Pause Young (Prepare Mixed) (G1 Evacuation Pause) 57M->56M(64M) 2.356ms
[2026-03-19T10:51:23.022+0800][3.089s][info][gc,cpu      ] GC(23) User=0.00s Sys=0.03s Real=0.00s
[2026-03-19T10:51:23.026+0800][3.093s][info][gc,start    ] GC(24) Pause Young (Mixed) (G1 Evacuation Pause)
[2026-03-19T10:51:23.026+0800][3.093s][info][gc,task     ] GC(24) Using 2 workers of 13 for evacuation
[2026-03-19T10:51:23.028+0800][3.095s][info][gc,phases   ] GC(24)   Pre Evacuate Collection Set: 0.1ms
[2026-03-19T10:51:23.029+0800][3.096s][info][gc,phases   ] GC(24)   Merge Heap Roots: 0.1ms
[2026-03-19T10:51:23.029+0800][3.096s][info][gc,phases   ] GC(24)   Evacuate Collection Set: 1.4ms
[2026-03-19T10:51:23.029+0800][3.096s][info][gc,phases   ] GC(24)   Post Evacuate Collection Set: 0.4ms
[2026-03-19T10:51:23.029+0800][3.096s][info][gc,phases   ] GC(24)   Other: 0.3ms
[2026-03-19T10:51:23.029+0800][3.096s][info][gc,heap     ] GC(24) Eden regions: 2->0(2)
[2026-03-19T10:51:23.029+0800][3.096s][info][gc,heap     ] GC(24) Survivor regions: 1->1(1)
[2026-03-19T10:51:23.029+0800][3.096s][info][gc,heap     ] GC(24) Old regions: 51->51
[2026-03-19T10:51:23.029+0800][3.096s][info][gc,heap     ] GC(24) Archive regions: 0->0
[2026-03-19T10:51:23.029+0800][3.096s][info][gc,heap     ] GC(24) Humongous regions: 5->5
[2026-03-19T10:51:23.029+0800][3.096s][info][gc,metaspace] GC(24) Metaspace: 5902K(6144K)->5902K(6144K) NonClass: 5239K(5376K)->5239K(5376K) Class: 662K(768K)->662K(768K)
[2026-03-19T10:51:23.029+0800][3.096s][info][gc          ] GC(24) Pause Young (Mixed) (G1 Evacuation Pause) 58M->56M(64M) 3.048ms
[2026-03-19T10:51:23.029+0800][3.096s][info][gc,cpu      ] GC(24) User=0.00s Sys=0.00s Real=0.00s
[2026-03-19T10:51:23.095+0800][3.162s][info][gc,start    ] GC(25) Pause Young (Concurrent Start) (G1 Evacuation Pause)
[2026-03-19T10:51:23.096+0800][3.162s][info][gc,task     ] GC(25) Using 2 workers of 13 for evacuation
[2026-03-19T10:51:23.097+0800][3.164s][info][gc,phases   ] GC(25)   Pre Evacuate Collection Set: 0.1ms
[2026-03-19T10:51:23.097+0800][3.164s][info][gc,phases   ] GC(25)   Merge Heap Roots: 0.2ms
[2026-03-19T10:51:23.097+0800][3.164s][info][gc,phases   ] GC(25)   Evacuate Collection Set: 0.6ms
[2026-03-19T10:51:23.097+0800][3.164s][info][gc,phases   ] GC(25)   Post Evacuate Collection Set: 0.4ms
[2026-03-19T10:51:23.097+0800][3.164s][info][gc,phases   ] GC(25)   Other: 0.5ms
[2026-03-19T10:51:23.097+0800][3.164s][info][gc,heap     ] GC(25) Eden regions: 2->0(2)
[2026-03-19T10:51:23.097+0800][3.164s][info][gc,heap     ] GC(25) Survivor regions: 1->1(1)
[2026-03-19T10:51:23.097+0800][3.164s][info][gc,heap     ] GC(25) Old regions: 51->52
[2026-03-19T10:51:23.098+0800][3.164s][info][gc,heap     ] GC(25) Archive regions: 0->0
[2026-03-19T10:51:23.098+0800][3.164s][info][gc,heap     ] GC(25) Humongous regions: 5->5
[2026-03-19T10:51:23.098+0800][3.164s][info][gc,metaspace] GC(25) Metaspace: 5902K(6144K)->5902K(6144K) NonClass: 5240K(5376K)->5240K(5376K) Class: 662K(768K)->662K(768K)
[2026-03-19T10:51:23.098+0800][3.164s][info][gc          ] GC(25) Pause Young (Concurrent Start) (G1 Evacuation Pause) 58M->56M(64M) 2.382ms
[2026-03-19T10:51:23.098+0800][3.164s][info][gc,cpu      ] GC(25) User=0.00s Sys=0.00s Real=0.00s
[2026-03-19T10:51:23.098+0800][3.165s][info][gc          ] GC(26) Concurrent Mark Cycle
[2026-03-19T10:51:23.098+0800][3.165s][info][gc,marking  ] GC(26) Concurrent Clear Claimed Marks
[2026-03-19T10:51:23.098+0800][3.165s][info][gc,marking  ] GC(26) Concurrent Clear Claimed Marks 0.058ms
[2026-03-19T10:51:23.098+0800][3.165s][info][gc,marking  ] GC(26) Concurrent Scan Root Regions
[2026-03-19T10:51:23.098+0800][3.165s][info][gc,marking  ] GC(26) Concurrent Scan Root Regions 0.192ms
[2026-03-19T10:51:23.098+0800][3.165s][info][gc,marking  ] GC(26) Concurrent Mark
[2026-03-19T10:51:23.098+0800][3.165s][info][gc,marking  ] GC(26) Concurrent Mark From Roots
[2026-03-19T10:51:23.098+0800][3.165s][info][gc,task     ] GC(26) Using 3 workers of 3 for marking
[2026-03-19T10:51:23.101+0800][3.168s][info][gc,start    ] GC(27) Pause Young (Normal) (G1 Evacuation Pause)
[2026-03-19T10:51:23.101+0800][3.168s][info][gc,task     ] GC(27) Using 2 workers of 13 for evacuation
[2026-03-19T10:51:23.103+0800][3.169s][info][gc,phases   ] GC(27)   Pre Evacuate Collection Set: 0.1ms
[2026-03-19T10:51:23.103+0800][3.169s][info][gc,phases   ] GC(27)   Merge Heap Roots: 0.1ms
[2026-03-19T10:51:23.103+0800][3.169s][info][gc,phases   ] GC(27)   Evacuate Collection Set: 0.8ms
[2026-03-19T10:51:23.103+0800][3.170s][info][gc,phases   ] GC(27)   Post Evacuate Collection Set: 0.3ms
[2026-03-19T10:51:23.103+0800][3.170s][info][gc,phases   ] GC(27)   Other: 0.2ms
[2026-03-19T10:51:23.103+0800][3.170s][info][gc,heap     ] GC(27) Eden regions: 2->0(2)
[2026-03-19T10:51:23.103+0800][3.170s][info][gc,heap     ] GC(27) Survivor regions: 1->1(1)
[2026-03-19T10:51:23.103+0800][3.170s][info][gc,heap     ] GC(27) Old regions: 52->52
[2026-03-19T10:51:23.103+0800][3.170s][info][gc,heap     ] GC(27) Archive regions: 0->0
[2026-03-19T10:51:23.103+0800][3.170s][info][gc,heap     ] GC(27) Humongous regions: 5->5
[2026-03-19T10:51:23.103+0800][3.170s][info][gc,metaspace] GC(27) Metaspace: 5902K(6144K)->5902K(6144K) NonClass: 5240K(5376K)->5240K(5376K) Class: 662K(768K)->662K(768K)
[2026-03-19T10:51:23.103+0800][3.170s][info][gc          ] GC(27) Pause Young (Normal) (G1 Evacuation Pause) 58M->57M(64M) 1.944ms
[2026-03-19T10:51:23.103+0800][3.170s][info][gc,cpu      ] GC(27) User=0.00s Sys=0.00s Real=0.00s
[2026-03-19T10:51:23.111+0800][3.178s][info][gc,marking  ] GC(26) Concurrent Mark From Roots 12.685ms
[2026-03-19T10:51:23.111+0800][3.178s][info][gc,marking  ] GC(26) Concurrent Preclean
[2026-03-19T10:51:23.111+0800][3.178s][info][gc,marking  ] GC(26) Concurrent Preclean 0.268ms
[2026-03-19T10:51:23.111+0800][3.178s][info][gc,start    ] GC(26) Pause Remark
[2026-03-19T10:51:23.113+0800][3.180s][info][gc          ] GC(26) Pause Remark 58M->56M(64M) 1.421ms
[2026-03-19T10:51:23.113+0800][3.180s][info][gc,cpu      ] GC(26) User=0.00s Sys=0.00s Real=0.00s
[2026-03-19T10:51:23.113+0800][3.180s][info][gc,marking  ] GC(26) Concurrent Mark 14.983ms
[2026-03-19T10:51:23.113+0800][3.180s][info][gc,marking  ] GC(26) Concurrent Rebuild Remembered Sets
[2026-03-19T10:51:23.120+0800][3.187s][info][gc,marking  ] GC(26) Concurrent Rebuild Remembered Sets 6.532ms
[2026-03-19T10:51:23.120+0800][3.187s][info][gc,start    ] GC(26) Pause Cleanup
[2026-03-19T10:51:23.120+0800][3.187s][info][gc          ] GC(26) Pause Cleanup 56M->56M(64M) 0.157ms
[2026-03-19T10:51:23.120+0800][3.187s][info][gc,cpu      ] GC(26) User=0.00s Sys=0.00s Real=0.00s
[2026-03-19T10:51:23.120+0800][3.187s][info][gc,marking  ] GC(26) Concurrent Cleanup for Next Mark
[2026-03-19T10:51:23.120+0800][3.187s][info][gc,marking  ] GC(26) Concurrent Cleanup for Next Mark 0.261ms
[2026-03-19T10:51:23.120+0800][3.187s][info][gc          ] GC(26) Concurrent Mark Cycle 22.993ms
[2026-03-19T10:51:23.159+0800][3.226s][info][gc,start    ] GC(28) Pause Young (Prepare Mixed) (G1 Evacuation Pause)
[2026-03-19T10:51:23.160+0800][3.226s][info][gc,task     ] GC(28) Using 2 workers of 13 for evacuation
[2026-03-19T10:51:23.161+0800][3.228s][info][gc,phases   ] GC(28)   Pre Evacuate Collection Set: 0.1ms
[2026-03-19T10:51:23.161+0800][3.228s][info][gc,phases   ] GC(28)   Merge Heap Roots: 0.0ms
[2026-03-19T10:51:23.161+0800][3.228s][info][gc,phases   ] GC(28)   Evacuate Collection Set: 1.1ms
[2026-03-19T10:51:23.161+0800][3.228s][info][gc,phases   ] GC(28)   Post Evacuate Collection Set: 0.5ms
[2026-03-19T10:51:23.161+0800][3.228s][info][gc,phases   ] GC(28)   Other: 0.3ms
[2026-03-19T10:51:23.161+0800][3.229s][info][gc,heap     ] GC(28) Eden regions: 2->0(2)
[2026-03-19T10:51:23.161+0800][3.229s][info][gc,heap     ] GC(28) Survivor regions: 1->1(1)
[2026-03-19T10:51:23.161+0800][3.229s][info][gc,heap     ] GC(28) Old regions: 52->53
[2026-03-19T10:51:23.162+0800][3.229s][info][gc,heap     ] GC(28) Archive regions: 0->0
[2026-03-19T10:51:23.162+0800][3.229s][info][gc,heap     ] GC(28) Humongous regions: 3->3
[2026-03-19T10:51:23.162+0800][3.229s][info][gc,metaspace] GC(28) Metaspace: 5902K(6144K)->5902K(6144K) NonClass: 5240K(5376K)->5240K(5376K) Class: 662K(768K)->662K(768K)
[2026-03-19T10:51:23.162+0800][3.229s][info][gc          ] GC(28) Pause Young (Prepare Mixed) (G1 Evacuation Pause) 57M->55M(64M) 3.001ms
[2026-03-19T10:51:23.162+0800][3.229s][info][gc,cpu      ] GC(28) User=0.00s Sys=0.00s Real=0.00s
[2026-03-19T10:51:23.165+0800][3.233s][info][gc,start    ] GC(29) Pause Young (Mixed) (G1 Evacuation Pause)
[2026-03-19T10:51:23.166+0800][3.233s][info][gc,task     ] GC(29) Using 2 workers of 13 for evacuation
[2026-03-19T10:51:23.168+0800][3.235s][info][gc,phases   ] GC(29)   Pre Evacuate Collection Set: 0.1ms
[2026-03-19T10:51:23.168+0800][3.235s][info][gc,phases   ] GC(29)   Merge Heap Roots: 0.2ms
[2026-03-19T10:51:23.168+0800][3.235s][info][gc,phases   ] GC(29)   Evacuate Collection Set: 1.0ms
[2026-03-19T10:51:23.168+0800][3.235s][info][gc,phases   ] GC(29)   Post Evacuate Collection Set: 0.6ms
[2026-03-19T10:51:23.168+0800][3.235s][info][gc,phases   ] GC(29)   Other: 0.3ms
[2026-03-19T10:51:23.168+0800][3.235s][info][gc,heap     ] GC(29) Eden regions: 2->0(2)
[2026-03-19T10:51:23.168+0800][3.235s][info][gc,heap     ] GC(29) Survivor regions: 1->1(1)
[2026-03-19T10:51:23.168+0800][3.235s][info][gc,heap     ] GC(29) Old regions: 53->53
[2026-03-19T10:51:23.168+0800][3.235s][info][gc,heap     ] GC(29) Archive regions: 0->0
[2026-03-19T10:51:23.168+0800][3.235s][info][gc,heap     ] GC(29) Humongous regions: 3->3
[2026-03-19T10:51:23.168+0800][3.236s][info][gc,metaspace] GC(29) Metaspace: 5902K(6144K)->5902K(6144K) NonClass: 5240K(5376K)->5240K(5376K) Class: 662K(768K)->662K(768K)
[2026-03-19T10:51:23.168+0800][3.236s][info][gc          ] GC(29) Pause Young (Mixed) (G1 Evacuation Pause) 57M->56M(64M) 2.808ms
[2026-03-19T10:51:23.168+0800][3.236s][info][gc,cpu      ] GC(29) User=0.00s Sys=0.00s Real=0.00s
[2026-03-19T10:51:23.237+0800][3.303s][info][gc,start    ] GC(30) Pause Young (Concurrent Start) (G1 Evacuation Pause)
[2026-03-19T10:51:23.237+0800][3.303s][info][gc,task     ] GC(30) Using 2 workers of 13 for evacuation
[2026-03-19T10:51:23.238+0800][3.305s][info][gc,phases   ] GC(30)   Pre Evacuate Collection Set: 0.1ms
[2026-03-19T10:51:23.238+0800][3.305s][info][gc,phases   ] GC(30)   Merge Heap Roots: 0.0ms
[2026-03-19T10:51:23.238+0800][3.305s][info][gc,phases   ] GC(30)   Evacuate Collection Set: 0.8ms
[2026-03-19T10:51:23.239+0800][3.305s][info][gc,phases   ] GC(30)   Post Evacuate Collection Set: 0.5ms
[2026-03-19T10:51:23.239+0800][3.305s][info][gc,phases   ] GC(30)   Other: 0.3ms
[2026-03-19T10:51:23.239+0800][3.305s][info][gc,heap     ] GC(30) Eden regions: 2->0(2)
[2026-03-19T10:51:23.239+0800][3.305s][info][gc,heap     ] GC(30) Survivor regions: 1->1(1)
[2026-03-19T10:51:23.239+0800][3.306s][info][gc,heap     ] GC(30) Old regions: 53->54
[2026-03-19T10:51:23.239+0800][3.306s][info][gc,heap     ] GC(30) Archive regions: 0->0
[2026-03-19T10:51:23.239+0800][3.306s][info][gc,heap     ] GC(30) Humongous regions: 3->3
[2026-03-19T10:51:23.239+0800][3.306s][info][gc,metaspace] GC(30) Metaspace: 5902K(6144K)->5902K(6144K) NonClass: 5240K(5376K)->5240K(5376K) Class: 662K(768K)->662K(768K)
[2026-03-19T10:51:23.239+0800][3.306s][info][gc          ] GC(30) Pause Young (Concurrent Start) (G1 Evacuation Pause) 58M->56M(64M) 2.490ms
[2026-03-19T10:51:23.239+0800][3.306s][info][gc,cpu      ] GC(30) User=0.00s Sys=0.00s Real=0.00s
[2026-03-19T10:51:23.239+0800][3.306s][info][gc          ] GC(31) Concurrent Mark Cycle
[2026-03-19T10:51:23.239+0800][3.306s][info][gc,marking  ] GC(31) Concurrent Clear Claimed Marks
[2026-03-19T10:51:23.239+0800][3.306s][info][gc,marking  ] GC(31) Concurrent Clear Claimed Marks 0.050ms
[2026-03-19T10:51:23.239+0800][3.306s][info][gc,marking  ] GC(31) Concurrent Scan Root Regions
[2026-03-19T10:51:23.240+0800][3.306s][info][gc,marking  ] GC(31) Concurrent Scan Root Regions 0.312ms
[2026-03-19T10:51:23.240+0800][3.307s][info][gc,marking  ] GC(31) Concurrent Mark
[2026-03-19T10:51:23.240+0800][3.307s][info][gc,marking  ] GC(31) Concurrent Mark From Roots
[2026-03-19T10:51:23.240+0800][3.307s][info][gc,task     ] GC(31) Using 3 workers of 3 for marking
[2026-03-19T10:51:23.243+0800][3.310s][info][gc,start    ] GC(32) Pause Young (Normal) (G1 Evacuation Pause)
[2026-03-19T10:51:23.243+0800][3.310s][info][gc,task     ] GC(32) Using 2 workers of 13 for evacuation
[2026-03-19T10:51:23.245+0800][3.313s][info][gc,phases   ] GC(32)   Pre Evacuate Collection Set: 0.2ms
[2026-03-19T10:51:23.245+0800][3.313s][info][gc,phases   ] GC(32)   Merge Heap Roots: 0.2ms
[2026-03-19T10:51:23.245+0800][3.313s][info][gc,phases   ] GC(32)   Evacuate Collection Set: 1.0ms
[2026-03-19T10:51:23.245+0800][3.313s][info][gc,phases   ] GC(32)   Post Evacuate Collection Set: 0.8ms
[2026-03-19T10:51:23.245+0800][3.313s][info][gc,phases   ] GC(32)   Other: 0.3ms
[2026-03-19T10:51:23.245+0800][3.313s][info][gc,heap     ] GC(32) Eden regions: 2->0(2)
[2026-03-19T10:51:23.245+0800][3.313s][info][gc,heap     ] GC(32) Survivor regions: 1->1(1)
[2026-03-19T10:51:23.246+0800][3.313s][info][gc,heap     ] GC(32) Old regions: 54->54
[2026-03-19T10:51:23.246+0800][3.313s][info][gc,heap     ] GC(32) Archive regions: 0->0
[2026-03-19T10:51:23.246+0800][3.313s][info][gc,heap     ] GC(32) Humongous regions: 3->3
[2026-03-19T10:51:23.246+0800][3.313s][info][gc,metaspace] GC(32) Metaspace: 5902K(6144K)->5902K(6144K) NonClass: 5240K(5376K)->5240K(5376K) Class: 662K(768K)->662K(768K)
[2026-03-19T10:51:23.246+0800][3.313s][info][gc          ] GC(32) Pause Young (Normal) (G1 Evacuation Pause) 58M->57M(64M) 2.985ms
[2026-03-19T10:51:23.246+0800][3.313s][info][gc,cpu      ] GC(32) User=0.00s Sys=0.00s Real=0.00s
[2026-03-19T10:51:23.256+0800][3.323s][info][gc,marking  ] GC(31) Concurrent Mark From Roots 16.096ms
[2026-03-19T10:51:23.256+0800][3.323s][info][gc,marking  ] GC(31) Concurrent Preclean
[2026-03-19T10:51:23.256+0800][3.323s][info][gc,marking  ] GC(31) Concurrent Preclean 0.220ms
[2026-03-19T10:51:23.256+0800][3.323s][info][gc,start    ] GC(31) Pause Remark
[2026-03-19T10:51:23.258+0800][3.325s][info][gc          ] GC(31) Pause Remark 58M->58M(64M) 1.538ms
[2026-03-19T10:51:23.258+0800][3.325s][info][gc,cpu      ] GC(31) User=0.00s Sys=0.00s Real=0.00s
[2026-03-19T10:51:23.258+0800][3.325s][info][gc,marking  ] GC(31) Concurrent Mark 18.712ms
[2026-03-19T10:51:23.258+0800][3.325s][info][gc,marking  ] GC(31) Concurrent Rebuild Remembered Sets
[2026-03-19T10:51:23.267+0800][3.334s][info][gc,marking  ] GC(31) Concurrent Rebuild Remembered Sets 8.665ms
[2026-03-19T10:51:23.267+0800][3.334s][info][gc,start    ] GC(31) Pause Cleanup
[2026-03-19T10:51:23.268+0800][3.335s][info][gc          ] GC(31) Pause Cleanup 58M->58M(64M) 0.240ms
[2026-03-19T10:51:23.268+0800][3.335s][info][gc,cpu      ] GC(31) User=0.00s Sys=0.00s Real=0.00s
[2026-03-19T10:51:23.268+0800][3.335s][info][gc,marking  ] GC(31) Concurrent Cleanup for Next Mark
[2026-03-19T10:51:23.268+0800][3.335s][info][gc,marking  ] GC(31) Concurrent Cleanup for Next Mark 0.283ms
[2026-03-19T10:51:23.268+0800][3.335s][info][gc          ] GC(31) Concurrent Mark Cycle 29.093ms
[2026-03-19T10:51:23.314+0800][3.381s][info][gc,start    ] GC(33) Pause Young (Normal) (G1 Evacuation Pause)
[2026-03-19T10:51:23.314+0800][3.381s][info][gc,task     ] GC(33) Using 2 workers of 13 for evacuation
[2026-03-19T10:51:23.316+0800][3.383s][info][gc,phases   ] GC(33)   Pre Evacuate Collection Set: 0.1ms
[2026-03-19T10:51:23.316+0800][3.383s][info][gc,phases   ] GC(33)   Merge Heap Roots: 0.1ms
[2026-03-19T10:51:23.316+0800][3.383s][info][gc,phases   ] GC(33)   Evacuate Collection Set: 0.7ms
[2026-03-19T10:51:23.316+0800][3.383s][info][gc,phases   ] GC(33)   Post Evacuate Collection Set: 0.9ms
[2026-03-19T10:51:23.316+0800][3.383s][info][gc,phases   ] GC(33)   Other: 0.3ms
[2026-03-19T10:51:23.316+0800][3.383s][info][gc,heap     ] GC(33) Eden regions: 2->0(2)
[2026-03-19T10:51:23.316+0800][3.383s][info][gc,heap     ] GC(33) Survivor regions: 1->1(1)
[2026-03-19T10:51:23.316+0800][3.383s][info][gc,heap     ] GC(33) Old regions: 54->55
[2026-03-19T10:51:23.316+0800][3.383s][info][gc,heap     ] GC(33) Archive regions: 0->0
[2026-03-19T10:51:23.316+0800][3.383s][info][gc,heap     ] GC(33) Humongous regions: 3->3
[2026-03-19T10:51:23.316+0800][3.383s][info][gc,metaspace] GC(33) Metaspace: 5902K(6144K)->5902K(6144K) NonClass: 5240K(5376K)->5240K(5376K) Class: 662K(768K)->662K(768K)
[2026-03-19T10:51:23.316+0800][3.384s][info][gc          ] GC(33) Pause Young (Normal) (G1 Evacuation Pause) 59M->57M(64M) 2.583ms
[2026-03-19T10:51:23.316+0800][3.384s][info][gc,cpu      ] GC(33) User=0.00s Sys=0.00s Real=0.00s
[2026-03-19T10:51:23.320+0800][3.387s][info][gc,start    ] GC(34) Pause Young (Concurrent Start) (G1 Evacuation Pause)
[2026-03-19T10:51:23.320+0800][3.387s][info][gc,task     ] GC(34) Using 2 workers of 13 for evacuation
[2026-03-19T10:51:23.322+0800][3.389s][info][gc,phases   ] GC(34)   Pre Evacuate Collection Set: 0.3ms
[2026-03-19T10:51:23.322+0800][3.389s][info][gc,phases   ] GC(34)   Merge Heap Roots: 0.2ms
[2026-03-19T10:51:23.322+0800][3.389s][info][gc,phases   ] GC(34)   Evacuate Collection Set: 0.6ms
[2026-03-19T10:51:23.322+0800][3.389s][info][gc,phases   ] GC(34)   Post Evacuate Collection Set: 0.7ms
[2026-03-19T10:51:23.322+0800][3.389s][info][gc,phases   ] GC(34)   Other: 0.2ms
[2026-03-19T10:51:23.322+0800][3.389s][info][gc,heap     ] GC(34) Eden regions: 2->0(2)
[2026-03-19T10:51:23.322+0800][3.389s][info][gc,heap     ] GC(34) Survivor regions: 1->1(1)
[2026-03-19T10:51:23.322+0800][3.389s][info][gc,heap     ] GC(34) Old regions: 55->55
[2026-03-19T10:51:23.322+0800][3.389s][info][gc,heap     ] GC(34) Archive regions: 0->0
[2026-03-19T10:51:23.322+0800][3.389s][info][gc,heap     ] GC(34) Humongous regions: 3->3
[2026-03-19T10:51:23.322+0800][3.389s][info][gc,metaspace] GC(34) Metaspace: 5902K(6144K)->5902K(6144K) NonClass: 5240K(5376K)->5240K(5376K) Class: 662K(768K)->662K(768K)
[2026-03-19T10:51:23.323+0800][3.389s][info][gc          ] GC(34) Pause Young (Concurrent Start) (G1 Evacuation Pause) 59M->58M(64M) 2.442ms
[2026-03-19T10:51:23.323+0800][3.389s][info][gc,cpu      ] GC(34) User=0.00s Sys=0.00s Real=0.00s
[2026-03-19T10:51:23.323+0800][3.390s][info][gc          ] GC(35) Concurrent Mark Cycle
[2026-03-19T10:51:23.323+0800][3.390s][info][gc,marking  ] GC(35) Concurrent Clear Claimed Marks
[2026-03-19T10:51:23.323+0800][3.390s][info][gc,marking  ] GC(35) Concurrent Clear Claimed Marks 0.043ms
[2026-03-19T10:51:23.323+0800][3.390s][info][gc,marking  ] GC(35) Concurrent Scan Root Regions
[2026-03-19T10:51:23.323+0800][3.390s][info][gc,marking  ] GC(35) Concurrent Scan Root Regions 0.238ms
[2026-03-19T10:51:23.323+0800][3.390s][info][gc,marking  ] GC(35) Concurrent Mark
[2026-03-19T10:51:23.323+0800][3.390s][info][gc,marking  ] GC(35) Concurrent Mark From Roots
[2026-03-19T10:51:23.323+0800][3.390s][info][gc,task     ] GC(35) Using 3 workers of 3 for marking
[2026-03-19T10:51:23.334+0800][3.401s][info][gc,marking  ] GC(35) Concurrent Mark From Roots 11.067ms
[2026-03-19T10:51:23.335+0800][3.401s][info][gc,marking  ] GC(35) Concurrent Preclean
[2026-03-19T10:51:23.335+0800][3.401s][info][gc,marking  ] GC(35) Concurrent Preclean 0.179ms
[2026-03-19T10:51:23.335+0800][3.402s][info][gc,start    ] GC(35) Pause Remark
[2026-03-19T10:51:23.337+0800][3.404s][info][gc          ] GC(35) Pause Remark 60M->60M(64M) 1.801ms
[2026-03-19T10:51:23.337+0800][3.404s][info][gc,cpu      ] GC(35) User=0.00s Sys=0.00s Real=0.00s
[2026-03-19T10:51:23.337+0800][3.404s][info][gc,marking  ] GC(35) Concurrent Mark 13.783ms
[2026-03-19T10:51:23.337+0800][3.404s][info][gc,marking  ] GC(35) Concurrent Rebuild Remembered Sets
[2026-03-19T10:51:23.344+0800][3.411s][info][gc,marking  ] GC(35) Concurrent Rebuild Remembered Sets 7.287ms
[2026-03-19T10:51:23.344+0800][3.412s][info][gc,start    ] GC(35) Pause Cleanup
[2026-03-19T10:51:23.344+0800][3.412s][info][gc          ] GC(35) Pause Cleanup 60M->60M(64M) 0.228ms
[2026-03-19T10:51:23.344+0800][3.412s][info][gc,cpu      ] GC(35) User=0.00s Sys=0.00s Real=0.00s
[2026-03-19T10:51:23.344+0800][3.412s][info][gc,marking  ] GC(35) Concurrent Cleanup for Next Mark
[2026-03-19T10:51:23.345+0800][3.412s][info][gc,marking  ] GC(35) Concurrent Cleanup for Next Mark 0.266ms
[2026-03-19T10:51:23.345+0800][3.412s][info][gc          ] GC(35) Concurrent Mark Cycle 22.745ms
[2026-03-19T10:51:23.391+0800][3.458s][info][gc,start    ] GC(36) Pause Young (Prepare Mixed) (G1 Evacuation Pause)
[2026-03-19T10:51:23.391+0800][3.458s][info][gc,task     ] GC(36) Using 2 workers of 13 for evacuation
[2026-03-19T10:51:23.393+0800][3.461s][info][gc,phases   ] GC(36)   Pre Evacuate Collection Set: 0.3ms
[2026-03-19T10:51:23.393+0800][3.461s][info][gc,phases   ] GC(36)   Merge Heap Roots: 0.1ms
[2026-03-19T10:51:23.394+0800][3.461s][info][gc,phases   ] GC(36)   Evacuate Collection Set: 0.9ms
[2026-03-19T10:51:23.394+0800][3.461s][info][gc,phases   ] GC(36)   Post Evacuate Collection Set: 1.0ms
[2026-03-19T10:51:23.394+0800][3.461s][info][gc,phases   ] GC(36)   Other: 0.3ms
[2026-03-19T10:51:23.394+0800][3.461s][info][gc,heap     ] GC(36) Eden regions: 2->0(2)
[2026-03-19T10:51:23.394+0800][3.461s][info][gc,heap     ] GC(36) Survivor regions: 1->1(1)
[2026-03-19T10:51:23.394+0800][3.461s][info][gc,heap     ] GC(36) Old regions: 55->56
[2026-03-19T10:51:23.394+0800][3.461s][info][gc,heap     ] GC(36) Archive regions: 0->0
[2026-03-19T10:51:23.394+0800][3.461s][info][gc,heap     ] GC(36) Humongous regions: 3->3
[2026-03-19T10:51:23.394+0800][3.461s][info][gc,metaspace] GC(36) Metaspace: 5902K(6144K)->5902K(6144K) NonClass: 5240K(5376K)->5240K(5376K) Class: 662K(768K)->662K(768K)
[2026-03-19T10:51:23.394+0800][3.461s][info][gc          ] GC(36) Pause Young (Prepare Mixed) (G1 Evacuation Pause) 60M->59M(64M) 3.063ms
[2026-03-19T10:51:23.394+0800][3.461s][info][gc,cpu      ] GC(36) User=0.00s Sys=0.00s Real=0.00s
[2026-03-19T10:51:23.398+0800][3.465s][info][gc,start    ] GC(37) Pause Young (Mixed) (G1 Preventive Collection)
[2026-03-19T10:51:23.398+0800][3.465s][info][gc,task     ] GC(37) Using 2 workers of 13 for evacuation
[2026-03-19T10:51:23.400+0800][3.467s][info][gc,phases   ] GC(37)   Pre Evacuate Collection Set: 0.1ms
[2026-03-19T10:51:23.400+0800][3.467s][info][gc,phases   ] GC(37)   Merge Heap Roots: 0.1ms
[2026-03-19T10:51:23.400+0800][3.467s][info][gc,phases   ] GC(37)   Evacuate Collection Set: 1.0ms
[2026-03-19T10:51:23.400+0800][3.467s][info][gc,phases   ] GC(37)   Post Evacuate Collection Set: 0.8ms
[2026-03-19T10:51:23.400+0800][3.467s][info][gc,phases   ] GC(37)   Other: 0.2ms
[2026-03-19T10:51:23.400+0800][3.467s][info][gc,heap     ] GC(37) Eden regions: 2->0(2)
[2026-03-19T10:51:23.400+0800][3.467s][info][gc,heap     ] GC(37) Survivor regions: 1->1(1)
[2026-03-19T10:51:23.401+0800][3.468s][info][gc,heap     ] GC(37) Old regions: 56->56
[2026-03-19T10:51:23.401+0800][3.468s][info][gc,heap     ] GC(37) Archive regions: 0->0
[2026-03-19T10:51:23.401+0800][3.468s][info][gc,heap     ] GC(37) Humongous regions: 3->3
[2026-03-19T10:51:23.401+0800][3.468s][info][gc,metaspace] GC(37) Metaspace: 5902K(6144K)->5902K(6144K) NonClass: 5240K(5376K)->5240K(5376K) Class: 662K(768K)->662K(768K)
[2026-03-19T10:51:23.401+0800][3.468s][info][gc          ] GC(37) Pause Young (Mixed) (G1 Preventive Collection) 61M->59M(64M) 2.880ms
[2026-03-19T10:51:23.401+0800][3.468s][info][gc,cpu      ] GC(37) User=0.00s Sys=0.00s Real=0.00s
[2026-03-19T10:51:23.468+0800][3.536s][info][gc,start    ] GC(38) Pause Young (Concurrent Start) (G1 Preventive Collection)
[2026-03-19T10:51:23.468+0800][3.536s][info][gc,task     ] GC(38) Using 2 workers of 13 for evacuation
[2026-03-19T10:51:23.471+0800][3.538s][info][gc,phases   ] GC(38)   Pre Evacuate Collection Set: 0.3ms
[2026-03-19T10:51:23.471+0800][3.538s][info][gc,phases   ] GC(38)   Merge Heap Roots: 0.2ms
[2026-03-19T10:51:23.471+0800][3.538s][info][gc,phases   ] GC(38)   Evacuate Collection Set: 0.8ms
[2026-03-19T10:51:23.471+0800][3.538s][info][gc,phases   ] GC(38)   Post Evacuate Collection Set: 0.7ms
[2026-03-19T10:51:23.471+0800][3.538s][info][gc,phases   ] GC(38)   Other: 0.4ms
[2026-03-19T10:51:23.471+0800][3.538s][info][gc,heap     ] GC(38) Eden regions: 2->0(2)
[2026-03-19T10:51:23.471+0800][3.538s][info][gc,heap     ] GC(38) Survivor regions: 1->1(1)
[2026-03-19T10:51:23.471+0800][3.538s][info][gc,heap     ] GC(38) Old regions: 56->57
[2026-03-19T10:51:23.471+0800][3.538s][info][gc,heap     ] GC(38) Archive regions: 0->0
[2026-03-19T10:51:23.471+0800][3.538s][info][gc,heap     ] GC(38) Humongous regions: 3->3
[2026-03-19T10:51:23.471+0800][3.539s][info][gc,metaspace] GC(38) Metaspace: 5902K(6144K)->5902K(6144K) NonClass: 5240K(5376K)->5240K(5376K) Class: 662K(768K)->662K(768K)
[2026-03-19T10:51:23.472+0800][3.539s][info][gc          ] GC(38) Pause Young (Concurrent Start) (G1 Preventive Collection) 61M->59M(64M) 2.859ms
[2026-03-19T10:51:23.472+0800][3.539s][info][gc,cpu      ] GC(38) User=0.00s Sys=0.00s Real=0.00s
[2026-03-19T10:51:23.472+0800][3.539s][info][gc          ] GC(39) Concurrent Mark Cycle
[2026-03-19T10:51:23.472+0800][3.539s][info][gc,marking  ] GC(39) Concurrent Clear Claimed Marks
[2026-03-19T10:51:23.472+0800][3.539s][info][gc,marking  ] GC(39) Concurrent Clear Claimed Marks 0.074ms
[2026-03-19T10:51:23.472+0800][3.539s][info][gc,marking  ] GC(39) Concurrent Scan Root Regions
[2026-03-19T10:51:23.472+0800][3.539s][info][gc,marking  ] GC(39) Concurrent Scan Root Regions 0.382ms
[2026-03-19T10:51:23.472+0800][3.539s][info][gc,marking  ] GC(39) Concurrent Mark
[2026-03-19T10:51:23.472+0800][3.540s][info][gc,marking  ] GC(39) Concurrent Mark From Roots
[2026-03-19T10:51:23.473+0800][3.540s][info][gc,task     ] GC(39) Using 3 workers of 3 for marking
[2026-03-19T10:51:23.475+0800][3.542s][info][gc,start    ] GC(40) Pause Young (Normal) (G1 Preventive Collection)
[2026-03-19T10:51:23.475+0800][3.542s][info][gc,task     ] GC(40) Using 2 workers of 13 for evacuation
[2026-03-19T10:51:23.478+0800][3.545s][info][gc,phases   ] GC(40)   Pre Evacuate Collection Set: 0.2ms
[2026-03-19T10:51:23.478+0800][3.545s][info][gc,phases   ] GC(40)   Merge Heap Roots: 0.1ms
[2026-03-19T10:51:23.478+0800][3.545s][info][gc,phases   ] GC(40)   Evacuate Collection Set: 1.1ms
[2026-03-19T10:51:23.478+0800][3.545s][info][gc,phases   ] GC(40)   Post Evacuate Collection Set: 0.7ms
[2026-03-19T10:51:23.478+0800][3.545s][info][gc,phases   ] GC(40)   Other: 0.3ms
[2026-03-19T10:51:23.478+0800][3.545s][info][gc,heap     ] GC(40) Eden regions: 2->0(2)
[2026-03-19T10:51:23.478+0800][3.545s][info][gc,heap     ] GC(40) Survivor regions: 1->1(1)
[2026-03-19T10:51:23.478+0800][3.545s][info][gc,heap     ] GC(40) Old regions: 57->57
[2026-03-19T10:51:23.478+0800][3.545s][info][gc,heap     ] GC(40) Archive regions: 0->0
[2026-03-19T10:51:23.478+0800][3.545s][info][gc,heap     ] GC(40) Humongous regions: 3->3
[2026-03-19T10:51:23.478+0800][3.545s][info][gc,metaspace] GC(40) Metaspace: 5902K(6144K)->5902K(6144K) NonClass: 5240K(5376K)->5240K(5376K) Class: 662K(768K)->662K(768K)
[2026-03-19T10:51:23.478+0800][3.545s][info][gc          ] GC(40) Pause Young (Normal) (G1 Preventive Collection) 61M->60M(64M) 3.044ms
[2026-03-19T10:51:23.478+0800][3.545s][info][gc,cpu      ] GC(40) User=0.00s Sys=0.00s Real=0.00s
[2026-03-19T10:51:23.482+0800][3.549s][info][gc,start    ] GC(41) Pause Young (Normal) (G1 Preventive Collection)
[2026-03-19T10:51:23.482+0800][3.549s][info][gc,task     ] GC(41) Using 2 workers of 13 for evacuation
[2026-03-19T10:51:23.484+0800][3.551s][info][gc          ] GC(41) To-space exhausted
[2026-03-19T10:51:23.484+0800][3.551s][info][gc,phases   ] GC(41)   Pre Evacuate Collection Set: 0.1ms
[2026-03-19T10:51:23.484+0800][3.552s][info][gc,phases   ] GC(41)   Merge Heap Roots: 0.1ms
[2026-03-19T10:51:23.484+0800][3.552s][info][gc,phases   ] GC(41)   Evacuate Collection Set: 0.9ms
[2026-03-19T10:51:23.484+0800][3.552s][info][gc,phases   ] GC(41)   Post Evacuate Collection Set: 0.9ms
[2026-03-19T10:51:23.484+0800][3.552s][info][gc,phases   ] GC(41)   Other: 0.4ms
[2026-03-19T10:51:23.484+0800][3.552s][info][gc,heap     ] GC(41) Eden regions: 2->0(2)
[2026-03-19T10:51:23.484+0800][3.552s][info][gc,heap     ] GC(41) Survivor regions: 1->1(1)
[2026-03-19T10:51:23.484+0800][3.552s][info][gc,heap     ] GC(41) Old regions: 57->58
[2026-03-19T10:51:23.484+0800][3.552s][info][gc,heap     ] GC(41) Archive regions: 0->0
[2026-03-19T10:51:23.484+0800][3.552s][info][gc,heap     ] GC(41) Humongous regions: 3->3
[2026-03-19T10:51:23.484+0800][3.552s][info][gc,metaspace] GC(41) Metaspace: 5902K(6144K)->5902K(6144K) NonClass: 5240K(5376K)->5240K(5376K) Class: 662K(768K)->662K(768K)
[2026-03-19T10:51:23.484+0800][3.552s][info][gc          ] GC(41) Pause Young (Normal) (G1 Preventive Collection) 62M->61M(64M) 2.722ms
[2026-03-19T10:51:23.484+0800][3.552s][info][gc,cpu      ] GC(41) User=0.00s Sys=0.00s Real=0.00s
[2026-03-19T10:51:23.493+0800][3.560s][info][gc,marking  ] GC(39) Concurrent Mark From Roots 20.215ms
[2026-03-19T10:51:23.493+0800][3.560s][info][gc,marking  ] GC(39) Concurrent Preclean
[2026-03-19T10:51:23.493+0800][3.560s][info][gc,marking  ] GC(39) Concurrent Preclean 0.259ms
[2026-03-19T10:51:23.494+0800][3.561s][info][gc,start    ] GC(39) Pause Remark
[2026-03-19T10:51:23.495+0800][3.562s][info][gc          ] GC(39) Pause Remark 61M->61M(64M) 1.715ms
[2026-03-19T10:51:23.495+0800][3.562s][info][gc,cpu      ] GC(39) User=0.00s Sys=0.00s Real=0.00s
[2026-03-19T10:51:23.495+0800][3.563s][info][gc,marking  ] GC(39) Concurrent Mark 23.086ms
[2026-03-19T10:51:23.496+0800][3.563s][info][gc,marking  ] GC(39) Concurrent Rebuild Remembered Sets
[2026-03-19T10:51:23.504+0800][3.572s][info][gc,marking  ] GC(39) Concurrent Rebuild Remembered Sets 9.104ms
[2026-03-19T10:51:23.505+0800][3.572s][info][gc,start    ] GC(39) Pause Cleanup
[2026-03-19T10:51:23.505+0800][3.573s][info][gc          ] GC(39) Pause Cleanup 61M->61M(64M) 0.218ms
[2026-03-19T10:51:23.505+0800][3.573s][info][gc,cpu      ] GC(39) User=0.00s Sys=0.00s Real=0.00s
[2026-03-19T10:51:23.505+0800][3.573s][info][gc,marking  ] GC(39) Concurrent Cleanup for Next Mark
[2026-03-19T10:51:23.506+0800][3.573s][info][gc,marking  ] GC(39) Concurrent Cleanup for Next Mark 0.591ms
[2026-03-19T10:51:23.506+0800][3.573s][info][gc          ] GC(39) Concurrent Mark Cycle 34.712ms
[2026-03-19T10:51:23.548+0800][3.615s][info][gc,start    ] GC(42) Pause Young (Prepare Mixed) (G1 Preventive Collection)
[2026-03-19T10:51:23.548+0800][3.615s][info][gc,task     ] GC(42) Using 2 workers of 13 for evacuation
[2026-03-19T10:51:23.550+0800][3.617s][info][gc          ] GC(42) To-space exhausted
[2026-03-19T10:51:23.550+0800][3.617s][info][gc,phases   ] GC(42)   Pre Evacuate Collection Set: 0.1ms
[2026-03-19T10:51:23.550+0800][3.617s][info][gc,phases   ] GC(42)   Merge Heap Roots: 0.1ms
[2026-03-19T10:51:23.550+0800][3.617s][info][gc,phases   ] GC(42)   Evacuate Collection Set: 0.7ms
[2026-03-19T10:51:23.550+0800][3.617s][info][gc,phases   ] GC(42)   Post Evacuate Collection Set: 1.1ms
[2026-03-19T10:51:23.550+0800][3.617s][info][gc,phases   ] GC(42)   Other: 0.3ms
[2026-03-19T10:51:23.550+0800][3.617s][info][gc,heap     ] GC(42) Eden regions: 1->0(2)
[2026-03-19T10:51:23.550+0800][3.617s][info][gc,heap     ] GC(42) Survivor regions: 1->1(1)
[2026-03-19T10:51:23.550+0800][3.617s][info][gc,heap     ] GC(42) Old regions: 58->59
[2026-03-19T10:51:23.550+0800][3.617s][info][gc,heap     ] GC(42) Archive regions: 0->0
[2026-03-19T10:51:23.550+0800][3.617s][info][gc,heap     ] GC(42) Humongous regions: 3->3
[2026-03-19T10:51:23.550+0800][3.617s][info][gc,metaspace] GC(42) Metaspace: 5902K(6144K)->5902K(6144K) NonClass: 5240K(5376K)->5240K(5376K) Class: 662K(768K)->662K(768K)
[2026-03-19T10:51:23.550+0800][3.617s][info][gc          ] GC(42) Pause Young (Prepare Mixed) (G1 Preventive Collection) 62M->61M(64M) 2.638ms
[2026-03-19T10:51:23.550+0800][3.617s][info][gc,cpu      ] GC(42) User=0.00s Sys=0.00s Real=0.00s
[2026-03-19T10:51:23.552+0800][3.619s][info][gc,start    ] GC(43) Pause Young (Mixed) (G1 Evacuation Pause)
[2026-03-19T10:51:23.552+0800][3.619s][info][gc,task     ] GC(43) Using 2 workers of 13 for evacuation
[2026-03-19T10:51:23.555+0800][3.622s][info][gc          ] GC(43) To-space exhausted
[2026-03-19T10:51:23.555+0800][3.622s][info][gc,phases   ] GC(43)   Pre Evacuate Collection Set: 0.1ms
[2026-03-19T10:51:23.555+0800][3.622s][info][gc,phases   ] GC(43)   Merge Heap Roots: 0.1ms
[2026-03-19T10:51:23.555+0800][3.622s][info][gc,phases   ] GC(43)   Evacuate Collection Set: 1.2ms
[2026-03-19T10:51:23.555+0800][3.622s][info][gc,phases   ] GC(43)   Post Evacuate Collection Set: 1.2ms
[2026-03-19T10:51:23.555+0800][3.622s][info][gc,phases   ] GC(43)   Other: 0.2ms
[2026-03-19T10:51:23.555+0800][3.622s][info][gc,heap     ] GC(43) Eden regions: 1->0(3)
[2026-03-19T10:51:23.555+0800][3.622s][info][gc,heap     ] GC(43) Survivor regions: 1->0(0)
[2026-03-19T10:51:23.555+0800][3.622s][info][gc,heap     ] GC(43) Old regions: 59->61
[2026-03-19T10:51:23.555+0800][3.622s][info][gc,heap     ] GC(43) Archive regions: 0->0
[2026-03-19T10:51:23.555+0800][3.622s][info][gc,heap     ] GC(43) Humongous regions: 3->3
[2026-03-19T10:51:23.555+0800][3.622s][info][gc,metaspace] GC(43) Metaspace: 5902K(6144K)->5902K(6144K) NonClass: 5240K(5376K)->5240K(5376K) Class: 662K(768K)->662K(768K)
[2026-03-19T10:51:23.555+0800][3.622s][info][gc          ] GC(43) Pause Young (Mixed) (G1 Evacuation Pause) 62M->62M(64M) 3.252ms
[2026-03-19T10:51:23.555+0800][3.622s][info][gc,cpu      ] GC(43) User=0.00s Sys=0.00s Real=0.00s
[2026-03-19T10:51:23.555+0800][3.622s][info][gc,ergo     ] Attempting full compaction
[2026-03-19T10:51:23.555+0800][3.623s][info][gc,task     ] GC(44) Using 2 workers of 13 for full compaction
[2026-03-19T10:51:23.555+0800][3.623s][info][gc,start    ] GC(44) Pause Full (G1 Compaction Pause)
[2026-03-19T10:51:23.555+0800][3.623s][info][gc,phases,start] GC(44) Phase 1: Mark live objects
[2026-03-19T10:51:23.576+0800][3.644s][info][gc,phases      ] GC(44) Phase 1: Mark live objects 21.028ms
[2026-03-19T10:51:23.576+0800][3.644s][info][gc,phases,start] GC(44) Phase 2: Prepare for compaction
[2026-03-19T10:51:23.581+0800][3.648s][info][gc,phases      ] GC(44) Phase 2: Prepare for compaction 4.146ms
[2026-03-19T10:51:23.581+0800][3.648s][info][gc,phases,start] GC(44) Phase 3: Adjust pointers
[2026-03-19T10:51:23.590+0800][3.657s][info][gc,phases      ] GC(44) Phase 3: Adjust pointers 9.159ms
[2026-03-19T10:51:23.590+0800][3.658s][info][gc,phases,start] GC(44) Phase 4: Compact heap
[2026-03-19T10:51:23.595+0800][3.662s][info][gc,phases      ] GC(44) Phase 4: Compact heap 4.814ms
[2026-03-19T10:51:23.596+0800][3.664s][info][gc,heap        ] GC(44) Eden regions: 0->0(3)
[2026-03-19T10:51:23.597+0800][3.664s][info][gc,heap        ] GC(44) Survivor regions: 0->0(0)
[2026-03-19T10:51:23.597+0800][3.664s][info][gc,heap        ] GC(44) Old regions: 61->56
[2026-03-19T10:51:23.597+0800][3.664s][info][gc,heap        ] GC(44) Archive regions: 0->0
[2026-03-19T10:51:23.597+0800][3.664s][info][gc,heap        ] GC(44) Humongous regions: 3->3
[2026-03-19T10:51:23.597+0800][3.664s][info][gc,metaspace   ] GC(44) Metaspace: 5902K(6144K)->5761K(6144K) NonClass: 5240K(5376K)->5129K(5376K) Class: 662K(768K)->631K(768K)
[2026-03-19T10:51:23.597+0800][3.664s][info][gc             ] GC(44) Pause Full (G1 Compaction Pause) 62M->58M(64M) 41.597ms
[2026-03-19T10:51:23.597+0800][3.664s][info][gc,cpu         ] GC(44) User=0.03s Sys=0.03s Real=0.04s
[2026-03-19T10:51:23.656+0800][3.723s][info][gc,start       ] GC(45) Pause Young (Concurrent Start) (G1 Preventive Collection)
[2026-03-19T10:51:23.656+0800][3.723s][info][gc,task        ] GC(45) Using 2 workers of 13 for evacuation
[2026-03-19T10:51:23.658+0800][3.725s][info][gc,phases      ] GC(45)   Pre Evacuate Collection Set: 0.1ms
[2026-03-19T10:51:23.658+0800][3.725s][info][gc,phases      ] GC(45)   Merge Heap Roots: 0.1ms
[2026-03-19T10:51:23.658+0800][3.725s][info][gc,phases      ] GC(45)   Evacuate Collection Set: 0.9ms
[2026-03-19T10:51:23.658+0800][3.725s][info][gc,phases      ] GC(45)   Post Evacuate Collection Set: 0.7ms
[2026-03-19T10:51:23.658+0800][3.725s][info][gc,phases      ] GC(45)   Other: 0.3ms
[2026-03-19T10:51:23.659+0800][3.725s][info][gc,heap        ] GC(45) Eden regions: 3->0(2)
[2026-03-19T10:51:23.659+0800][3.725s][info][gc,heap        ] GC(45) Survivor regions: 0->1(1)
[2026-03-19T10:51:23.659+0800][3.725s][info][gc,heap        ] GC(45) Old regions: 56->56
[2026-03-19T10:51:23.659+0800][3.725s][info][gc,heap        ] GC(45) Archive regions: 0->0
[2026-03-19T10:51:23.659+0800][3.725s][info][gc,heap        ] GC(45) Humongous regions: 3->3
[2026-03-19T10:51:23.659+0800][3.725s][info][gc,metaspace   ] GC(45) Metaspace: 5764K(6144K)->5764K(6144K) NonClass: 5132K(5376K)->5132K(5376K) Class: 632K(768K)->632K(768K)
[2026-03-19T10:51:23.659+0800][3.725s][info][gc             ] GC(45) Pause Young (Concurrent Start) (G1 Preventive Collection) 61M->58M(64M) 2.600ms
[2026-03-19T10:51:23.659+0800][3.726s][info][gc,cpu         ] GC(45) User=0.00s Sys=0.00s Real=0.00s
[2026-03-19T10:51:23.659+0800][3.726s][info][gc             ] GC(46) Concurrent Mark Cycle
[2026-03-19T10:51:23.659+0800][3.726s][info][gc,marking     ] GC(46) Concurrent Clear Claimed Marks
[2026-03-19T10:51:23.659+0800][3.726s][info][gc,marking     ] GC(46) Concurrent Clear Claimed Marks 0.044ms
[2026-03-19T10:51:23.659+0800][3.726s][info][gc,marking     ] GC(46) Concurrent Scan Root Regions
[2026-03-19T10:51:23.659+0800][3.726s][info][gc,marking     ] GC(46) Concurrent Scan Root Regions 0.425ms
[2026-03-19T10:51:23.660+0800][3.726s][info][gc,marking     ] GC(46) Concurrent Mark
[2026-03-19T10:51:23.660+0800][3.726s][info][gc,marking     ] GC(46) Concurrent Mark From Roots
[2026-03-19T10:51:23.660+0800][3.726s][info][gc,task        ] GC(46) Using 3 workers of 3 for marking
[2026-03-19T10:51:23.663+0800][3.731s][info][gc,start       ] GC(47) Pause Young (Normal) (G1 Preventive Collection)
[2026-03-19T10:51:23.663+0800][3.731s][info][gc,task        ] GC(47) Using 2 workers of 13 for evacuation
[2026-03-19T10:51:23.666+0800][3.733s][info][gc,phases      ] GC(47)   Pre Evacuate Collection Set: 0.2ms
[2026-03-19T10:51:23.666+0800][3.733s][info][gc,phases      ] GC(47)   Merge Heap Roots: 0.3ms
[2026-03-19T10:51:23.666+0800][3.733s][info][gc,phases      ] GC(47)   Evacuate Collection Set: 1.1ms
[2026-03-19T10:51:23.666+0800][3.733s][info][gc,phases      ] GC(47)   Post Evacuate Collection Set: 0.5ms
[2026-03-19T10:51:23.666+0800][3.733s][info][gc,phases      ] GC(47)   Other: 0.4ms
[2026-03-19T10:51:23.666+0800][3.733s][info][gc,heap        ] GC(47) Eden regions: 2->0(2)
[2026-03-19T10:51:23.666+0800][3.733s][info][gc,heap        ] GC(47) Survivor regions: 1->1(1)
[2026-03-19T10:51:23.666+0800][3.733s][info][gc,heap        ] GC(47) Old regions: 56->57
[2026-03-19T10:51:23.666+0800][3.733s][info][gc,heap        ] GC(47) Archive regions: 0->0
[2026-03-19T10:51:23.666+0800][3.733s][info][gc,heap        ] GC(47) Humongous regions: 3->3
[2026-03-19T10:51:23.666+0800][3.733s][info][gc,metaspace   ] GC(47) Metaspace: 5768K(6144K)->5768K(6144K) NonClass: 5135K(5376K)->5135K(5376K) Class: 632K(768K)->632K(768K)
[2026-03-19T10:51:23.666+0800][3.734s][info][gc             ] GC(47) Pause Young (Normal) (G1 Preventive Collection) 60M->59M(64M) 2.899ms
[2026-03-19T10:51:23.666+0800][3.734s][info][gc,cpu         ] GC(47) User=0.00s Sys=0.00s Real=0.00s
[2026-03-19T10:51:23.668+0800][3.736s][info][gc,start       ] GC(48) Pause Young (Normal) (G1 Preventive Collection)
[2026-03-19T10:51:23.670+0800][3.736s][info][gc,task        ] GC(48) Using 2 workers of 13 for evacuation
[2026-03-19T10:51:23.671+0800][3.738s][info][gc,phases      ] GC(48)   Pre Evacuate Collection Set: 0.1ms
[2026-03-19T10:51:23.671+0800][3.738s][info][gc,phases      ] GC(48)   Merge Heap Roots: 0.1ms
[2026-03-19T10:51:23.671+0800][3.738s][info][gc,phases      ] GC(48)   Evacuate Collection Set: 0.6ms
[2026-03-19T10:51:23.671+0800][3.738s][info][gc,phases      ] GC(48)   Post Evacuate Collection Set: 0.5ms
[2026-03-19T10:51:23.671+0800][3.738s][info][gc,phases      ] GC(48)   Other: 0.6ms
[2026-03-19T10:51:23.671+0800][3.738s][info][gc,heap        ] GC(48) Eden regions: 1->0(2)
[2026-03-19T10:51:23.671+0800][3.738s][info][gc,heap        ] GC(48) Survivor regions: 1->1(1)
[2026-03-19T10:51:23.671+0800][3.738s][info][gc,heap        ] GC(48) Old regions: 57->58
[2026-03-19T10:51:23.671+0800][3.738s][info][gc,heap        ] GC(48) Archive regions: 0->0
[2026-03-19T10:51:23.671+0800][3.738s][info][gc,heap        ] GC(48) Humongous regions: 3->3
[2026-03-19T10:51:23.671+0800][3.738s][info][gc,metaspace   ] GC(48) Metaspace: 5771K(6144K)->5771K(6144K) NonClass: 5138K(5376K)->5138K(5376K) Class: 633K(768K)->633K(768K)
[2026-03-19T10:51:23.671+0800][3.738s][info][gc             ] GC(48) Pause Young (Normal) (G1 Preventive Collection) 60M->59M(64M) 2.173ms
[2026-03-19T10:51:23.671+0800][3.738s][info][gc,cpu         ] GC(48) User=0.00s Sys=0.00s Real=0.00s
[2026-03-19T10:51:23.686+0800][3.754s][info][gc,start       ] GC(49) Pause Young (Normal) (G1 Preventive Collection)
[2026-03-19T10:51:23.686+0800][3.754s][info][gc,task        ] GC(49) Using 2 workers of 13 for evacuation
[2026-03-19T10:51:23.688+0800][3.755s][info][gc,phases      ] GC(49)   Pre Evacuate Collection Set: 0.2ms
[2026-03-19T10:51:23.688+0800][3.756s][info][gc,phases      ] GC(49)   Merge Heap Roots: 0.1ms
[2026-03-19T10:51:23.688+0800][3.756s][info][gc,phases      ] GC(49)   Evacuate Collection Set: 0.6ms
[2026-03-19T10:51:23.688+0800][3.756s][info][gc,phases      ] GC(49)   Post Evacuate Collection Set: 0.5ms
[2026-03-19T10:51:23.688+0800][3.756s][info][gc,phases      ] GC(49)   Other: 0.5ms
[2026-03-19T10:51:23.688+0800][3.756s][info][gc,heap        ] GC(49) Eden regions: 1->0(2)
[2026-03-19T10:51:23.688+0800][3.756s][info][gc,heap        ] GC(49) Survivor regions: 1->1(1)
[2026-03-19T10:51:23.688+0800][3.756s][info][gc,heap        ] GC(49) Old regions: 58->58
[2026-03-19T10:51:23.688+0800][3.756s][info][gc,heap        ] GC(49) Archive regions: 0->0
[2026-03-19T10:51:23.688+0800][3.756s][info][gc,heap        ] GC(49) Humongous regions: 3->3
[2026-03-19T10:51:23.688+0800][3.756s][info][gc,metaspace   ] GC(49) Metaspace: 5803K(6144K)->5803K(6144K) NonClass: 5166K(5376K)->5166K(5376K) Class: 637K(768K)->637K(768K)
[2026-03-19T10:51:23.688+0800][3.756s][info][gc             ] GC(49) Pause Young (Normal) (G1 Preventive Collection) 60M->60M(64M) 2.349ms
[2026-03-19T10:51:23.688+0800][3.756s][info][gc,cpu         ] GC(49) User=0.00s Sys=0.00s Real=0.00s
[2026-03-19T10:51:23.691+0800][3.758s][info][gc,marking     ] GC(46) Concurrent Mark From Roots 31.237ms
[2026-03-19T10:51:23.691+0800][3.758s][info][gc,marking     ] GC(46) Concurrent Preclean
[2026-03-19T10:51:23.691+0800][3.758s][info][gc,marking     ] GC(46) Concurrent Preclean 0.399ms
[2026-03-19T10:51:23.692+0800][3.759s][info][gc,start       ] GC(46) Pause Remark
[2026-03-19T10:51:23.694+0800][3.761s][info][gc             ] GC(46) Pause Remark 60M->60M(64M) 2.215ms
[2026-03-19T10:51:23.694+0800][3.761s][info][gc,cpu         ] GC(46) User=0.02s Sys=0.00s Real=0.00s
[2026-03-19T10:51:23.695+0800][3.762s][info][gc,marking     ] GC(46) Concurrent Mark 35.272ms
[2026-03-19T10:51:23.695+0800][3.762s][info][gc,marking     ] GC(46) Concurrent Rebuild Remembered Sets
[2026-03-19T10:51:23.706+0800][3.773s][info][gc,marking     ] GC(46) Concurrent Rebuild Remembered Sets 11.375ms
[2026-03-19T10:51:23.706+0800][3.774s][info][gc,start       ] GC(46) Pause Cleanup
[2026-03-19T10:51:23.706+0800][3.774s][info][gc             ] GC(46) Pause Cleanup 60M->60M(64M) 0.275ms
[2026-03-19T10:51:23.707+0800][3.774s][info][gc,cpu         ] GC(46) User=0.00s Sys=0.00s Real=0.00s
[2026-03-19T10:51:23.707+0800][3.774s][info][gc,marking     ] GC(46) Concurrent Cleanup for Next Mark
[2026-03-19T10:51:23.707+0800][3.775s][info][gc,marking     ] GC(46) Concurrent Cleanup for Next Mark 0.364ms
[2026-03-19T10:51:23.707+0800][3.775s][info][gc             ] GC(46) Concurrent Mark Cycle 49.249ms
[2026-03-19T10:51:23.735+0800][3.802s][info][gc,start       ] GC(50) Pause Young (Prepare Mixed) (G1 Preventive Collection)
[2026-03-19T10:51:23.735+0800][3.802s][info][gc,task        ] GC(50) Using 2 workers of 13 for evacuation
[2026-03-19T10:51:23.737+0800][3.803s][info][gc,phases      ] GC(50)   Pre Evacuate Collection Set: 0.2ms
[2026-03-19T10:51:23.737+0800][3.803s][info][gc,phases      ] GC(50)   Merge Heap Roots: 0.2ms
[2026-03-19T10:51:23.737+0800][3.804s][info][gc,phases      ] GC(50)   Evacuate Collection Set: 0.5ms
[2026-03-19T10:51:23.737+0800][3.804s][info][gc,phases      ] GC(50)   Post Evacuate Collection Set: 0.5ms
[2026-03-19T10:51:23.737+0800][3.804s][info][gc,phases      ] GC(50)   Other: 0.2ms
[2026-03-19T10:51:23.737+0800][3.804s][info][gc,heap        ] GC(50) Eden regions: 1->0(2)
[2026-03-19T10:51:23.737+0800][3.804s][info][gc,heap        ] GC(50) Survivor regions: 1->1(1)
[2026-03-19T10:51:23.737+0800][3.804s][info][gc,heap        ] GC(50) Old regions: 58->58
[2026-03-19T10:51:23.737+0800][3.804s][info][gc,heap        ] GC(50) Archive regions: 0->0
[2026-03-19T10:51:23.737+0800][3.804s][info][gc,heap        ] GC(50) Humongous regions: 3->3
[2026-03-19T10:51:23.737+0800][3.804s][info][gc,metaspace   ] GC(50) Metaspace: 5803K(6144K)->5803K(6144K) NonClass: 5166K(5376K)->5166K(5376K) Class: 637K(768K)->637K(768K)
[2026-03-19T10:51:23.737+0800][3.804s][info][gc             ] GC(50) Pause Young (Prepare Mixed) (G1 Preventive Collection) 61M->60M(64M) 2.084ms
[2026-03-19T10:51:23.737+0800][3.804s][info][gc,cpu         ] GC(50) User=0.00s Sys=0.00s Real=0.00s
[2026-03-19T10:51:23.739+0800][3.806s][info][gc,start       ] GC(51) Pause Young (Mixed) (G1 Preventive Collection)
[2026-03-19T10:51:23.739+0800][3.806s][info][gc,task        ] GC(51) Using 2 workers of 13 for evacuation
[2026-03-19T10:51:23.740+0800][3.807s][info][gc             ] GC(51) To-space exhausted
[2026-03-19T10:51:23.740+0800][3.807s][info][gc,phases      ] GC(51)   Pre Evacuate Collection Set: 0.0ms
[2026-03-19T10:51:23.740+0800][3.807s][info][gc,phases      ] GC(51)   Merge Heap Roots: 0.0ms
[2026-03-19T10:51:23.740+0800][3.807s][info][gc,phases      ] GC(51)   Evacuate Collection Set: 0.7ms
[2026-03-19T10:51:23.740+0800][3.807s][info][gc,phases      ] GC(51)   Post Evacuate Collection Set: 0.4ms
[2026-03-19T10:51:23.740+0800][3.807s][info][gc,phases      ] GC(51)   Other: 0.3ms
[2026-03-19T10:51:23.740+0800][3.807s][info][gc,heap        ] GC(51) Eden regions: 1->0(2)
[2026-03-19T10:51:23.740+0800][3.807s][info][gc,heap        ] GC(51) Survivor regions: 1->1(1)
[2026-03-19T10:51:23.740+0800][3.807s][info][gc,heap        ] GC(51) Old regions: 58->58
[2026-03-19T10:51:23.740+0800][3.807s][info][gc,heap        ] GC(51) Archive regions: 0->0
[2026-03-19T10:51:23.740+0800][3.808s][info][gc,heap        ] GC(51) Humongous regions: 3->3
[2026-03-19T10:51:23.741+0800][3.808s][info][gc,metaspace   ] GC(51) Metaspace: 5803K(6144K)->5803K(6144K) NonClass: 5166K(5376K)->5166K(5376K) Class: 637K(768K)->637K(768K)
[2026-03-19T10:51:23.741+0800][3.808s][info][gc             ] GC(51) Pause Young (Mixed) (G1 Preventive Collection) 61M->61M(64M) 1.946ms
[2026-03-19T10:51:23.741+0800][3.808s][info][gc,cpu         ] GC(51) User=0.00s Sys=0.03s Real=0.00s
[2026-03-19T10:51:23.742+0800][3.810s][info][gc,start       ] GC(52) Pause Young (Concurrent Start) (G1 Preventive Collection)
[2026-03-19T10:51:23.742+0800][3.810s][info][gc,task        ] GC(52) Using 2 workers of 13 for evacuation
[2026-03-19T10:51:23.744+0800][3.811s][info][gc             ] GC(52) To-space exhausted
[2026-03-19T10:51:23.744+0800][3.812s][info][gc,phases      ] GC(52)   Pre Evacuate Collection Set: 0.2ms
[2026-03-19T10:51:23.744+0800][3.812s][info][gc,phases      ] GC(52)   Merge Heap Roots: 0.0ms
[2026-03-19T10:51:23.744+0800][3.812s][info][gc,phases      ] GC(52)   Evacuate Collection Set: 0.7ms
[2026-03-19T10:51:23.744+0800][3.812s][info][gc,phases      ] GC(52)   Post Evacuate Collection Set: 0.7ms
[2026-03-19T10:51:23.744+0800][3.812s][info][gc,phases      ] GC(52)   Other: 0.5ms
[2026-03-19T10:51:23.744+0800][3.812s][info][gc,heap        ] GC(52) Eden regions: 1->0(2)
[2026-03-19T10:51:23.744+0800][3.812s][info][gc,heap        ] GC(52) Survivor regions: 1->1(1)
[2026-03-19T10:51:23.744+0800][3.812s][info][gc,heap        ] GC(52) Old regions: 58->59
[2026-03-19T10:51:23.744+0800][3.812s][info][gc,heap        ] GC(52) Archive regions: 0->0
[2026-03-19T10:51:23.744+0800][3.812s][info][gc,heap        ] GC(52) Humongous regions: 3->3
[2026-03-19T10:51:23.744+0800][3.812s][info][gc,metaspace   ] GC(52) Metaspace: 5803K(6144K)->5803K(6144K) NonClass: 5166K(5376K)->5166K(5376K) Class: 637K(768K)->637K(768K)
[2026-03-19T10:51:23.744+0800][3.812s][info][gc             ] GC(52) Pause Young (Concurrent Start) (G1 Preventive Collection) 62M->61M(64M) 2.527ms
[2026-03-19T10:51:23.745+0800][3.812s][info][gc,cpu         ] GC(52) User=0.00s Sys=0.00s Real=0.00s
[2026-03-19T10:51:23.745+0800][3.812s][info][gc             ] GC(53) Concurrent Mark Cycle
[2026-03-19T10:51:23.745+0800][3.812s][info][gc,marking     ] GC(53) Concurrent Clear Claimed Marks
[2026-03-19T10:51:23.745+0800][3.812s][info][gc,marking     ] GC(53) Concurrent Clear Claimed Marks 0.046ms
[2026-03-19T10:51:23.745+0800][3.812s][info][gc,marking     ] GC(53) Concurrent Scan Root Regions
[2026-03-19T10:51:23.745+0800][3.812s][info][gc,marking     ] GC(53) Concurrent Scan Root Regions 0.183ms
[2026-03-19T10:51:23.745+0800][3.813s][info][gc,marking     ] GC(53) Concurrent Mark
[2026-03-19T10:51:23.745+0800][3.813s][info][gc,marking     ] GC(53) Concurrent Mark From Roots
[2026-03-19T10:51:23.745+0800][3.813s][info][gc,task        ] GC(53) Using 3 workers of 3 for marking
[2026-03-19T10:51:23.746+0800][3.814s][info][gc,start       ] GC(54) Pause Young (Normal) (G1 Evacuation Pause)
[2026-03-19T10:51:23.746+0800][3.814s][info][gc,task        ] GC(54) Using 2 workers of 13 for evacuation
[2026-03-19T10:51:23.748+0800][3.816s][info][gc             ] GC(54) To-space exhausted
[2026-03-19T10:51:23.748+0800][3.816s][info][gc,phases      ] GC(54)   Pre Evacuate Collection Set: 0.0ms
[2026-03-19T10:51:23.748+0800][3.816s][info][gc,phases      ] GC(54)   Merge Heap Roots: 0.0ms
[2026-03-19T10:51:23.748+0800][3.816s][info][gc,phases      ] GC(54)   Evacuate Collection Set: 1.0ms
[2026-03-19T10:51:23.748+0800][3.816s][info][gc,phases      ] GC(54)   Post Evacuate Collection Set: 1.0ms
[2026-03-19T10:51:23.748+0800][3.816s][info][gc,phases      ] GC(54)   Other: 0.3ms
[2026-03-19T10:51:23.748+0800][3.816s][info][gc,heap        ] GC(54) Eden regions: 1->0(3)
[2026-03-19T10:51:23.748+0800][3.816s][info][gc,heap        ] GC(54) Survivor regions: 1->0(0)
[2026-03-19T10:51:23.748+0800][3.816s][info][gc,heap        ] GC(54) Old regions: 59->61
[2026-03-19T10:51:23.748+0800][3.816s][info][gc,heap        ] GC(54) Archive regions: 0->0
[2026-03-19T10:51:23.748+0800][3.816s][info][gc,heap        ] GC(54) Humongous regions: 3->3
[2026-03-19T10:51:23.748+0800][3.817s][info][gc,metaspace   ] GC(54) Metaspace: 5803K(6144K)->5803K(6144K) NonClass: 5166K(5376K)->5166K(5376K) Class: 637K(768K)->637K(768K)
[2026-03-19T10:51:23.750+0800][3.817s][info][gc             ] GC(54) Pause Young (Normal) (G1 Evacuation Pause) 62M->62M(64M) 2.779ms
[2026-03-19T10:51:23.750+0800][3.817s][info][gc,cpu         ] GC(54) User=0.00s Sys=0.00s Real=0.00s
[2026-03-19T10:51:23.750+0800][3.817s][info][gc,ergo        ] Attempting full compaction
[2026-03-19T10:51:23.750+0800][3.817s][info][gc,task        ] GC(55) Using 2 workers of 13 for full compaction
[2026-03-19T10:51:23.750+0800][3.817s][info][gc,start       ] GC(55) Pause Full (G1 Compaction Pause)
[2026-03-19T10:51:23.750+0800][3.817s][info][gc,phases,start] GC(55) Phase 1: Mark live objects
[2026-03-19T10:51:23.771+0800][3.838s][info][gc,phases      ] GC(55) Phase 1: Mark live objects 20.994ms
[2026-03-19T10:51:23.771+0800][3.838s][info][gc,phases,start] GC(55) Phase 2: Prepare for compaction
[2026-03-19T10:51:23.772+0800][3.839s][info][gc,phases      ] GC(55) Phase 2: Prepare for compaction 0.602ms
[2026-03-19T10:51:23.772+0800][3.839s][info][gc,phases,start] GC(55) Phase 3: Adjust pointers
[2026-03-19T10:51:23.781+0800][3.847s][info][gc,phases      ] GC(55) Phase 3: Adjust pointers 8.495ms
[2026-03-19T10:51:23.781+0800][3.848s][info][gc,phases,start] GC(55) Phase 4: Compact heap
[2026-03-19T10:51:23.782+0800][3.848s][info][gc,phases      ] GC(55) Phase 4: Compact heap 0.781ms
[2026-03-19T10:51:23.783+0800][3.850s][info][gc,heap        ] GC(55) Eden regions: 0->0(3)
[2026-03-19T10:51:23.783+0800][3.850s][info][gc,heap        ] GC(55) Survivor regions: 0->0(0)
[2026-03-19T10:51:23.783+0800][3.850s][info][gc,heap        ] GC(55) Old regions: 61->59
[2026-03-19T10:51:23.783+0800][3.850s][info][gc,heap        ] GC(55) Archive regions: 0->0
[2026-03-19T10:51:23.783+0800][3.850s][info][gc,heap        ] GC(55) Humongous regions: 3->3
[2026-03-19T10:51:23.783+0800][3.850s][info][gc,metaspace   ] GC(55) Metaspace: 5803K(6144K)->5803K(6144K) NonClass: 5166K(5376K)->5166K(5376K) Class: 637K(768K)->637K(768K)
[2026-03-19T10:51:23.783+0800][3.850s][info][gc             ] GC(55) Pause Full (G1 Compaction Pause) 62M->61M(64M) 33.010ms
[2026-03-19T10:51:23.783+0800][3.850s][info][gc,cpu         ] GC(55) User=0.05s Sys=0.02s Real=0.03s
[2026-03-19T10:51:23.783+0800][3.850s][info][gc,marking     ] GC(53) Concurrent Mark From Roots 37.649ms
[2026-03-19T10:51:23.783+0800][3.850s][info][gc,marking     ] GC(53) Concurrent Mark Abort
[2026-03-19T10:51:23.783+0800][3.850s][info][gc             ] GC(53) Concurrent Mark Cycle 38.265ms
[2026-03-19T10:51:23.844+0800][3.912s][info][gc,start       ] GC(56) Pause Young (Normal) (G1 Preventive Collection)
[2026-03-19T10:51:23.844+0800][3.912s][info][gc,task        ] GC(56) Using 2 workers of 13 for evacuation
[2026-03-19T10:51:23.846+0800][3.913s][info][gc,phases      ] GC(56)   Pre Evacuate Collection Set: 0.1ms
[2026-03-19T10:51:23.846+0800][3.913s][info][gc,phases      ] GC(56)   Merge Heap Roots: 0.2ms
[2026-03-19T10:51:23.846+0800][3.913s][info][gc,phases      ] GC(56)   Evacuate Collection Set: 0.4ms
[2026-03-19T10:51:23.846+0800][3.913s][info][gc,phases      ] GC(56)   Post Evacuate Collection Set: 0.6ms
[2026-03-19T10:51:23.846+0800][3.913s][info][gc,phases      ] GC(56)   Other: 0.3ms
[2026-03-19T10:51:23.846+0800][3.913s][info][gc,heap        ] GC(56) Eden regions: 1->0(2)
[2026-03-19T10:51:23.846+0800][3.913s][info][gc,heap        ] GC(56) Survivor regions: 0->1(1)
[2026-03-19T10:51:23.846+0800][3.913s][info][gc,heap        ] GC(56) Old regions: 59->59
[2026-03-19T10:51:23.846+0800][3.913s][info][gc,heap        ] GC(56) Archive regions: 0->0
[2026-03-19T10:51:23.846+0800][3.913s][info][gc,heap        ] GC(56) Humongous regions: 3->3
[2026-03-19T10:51:23.846+0800][3.914s][info][gc,metaspace   ] GC(56) Metaspace: 5803K(6144K)->5803K(6144K) NonClass: 5166K(5376K)->5166K(5376K) Class: 637K(768K)->637K(768K)
[2026-03-19T10:51:23.846+0800][3.914s][info][gc             ] GC(56) Pause Young (Normal) (G1 Preventive Collection) 62M->61M(64M) 2.028ms
[2026-03-19T10:51:23.846+0800][3.914s][info][gc,cpu         ] GC(56) User=0.00s Sys=0.00s Real=0.00s
[2026-03-19T10:51:23.848+0800][3.915s][info][gc,start       ] GC(57) Pause Young (Concurrent Start) (G1 Evacuation Pause)
[2026-03-19T10:51:23.848+0800][3.915s][info][gc,task        ] GC(57) Using 2 workers of 13 for evacuation
[2026-03-19T10:51:23.850+0800][3.917s][info][gc             ] GC(57) To-space exhausted
[2026-03-19T10:51:23.851+0800][3.917s][info][gc,phases      ] GC(57)   Pre Evacuate Collection Set: 0.1ms
[2026-03-19T10:51:23.851+0800][3.918s][info][gc,phases      ] GC(57)   Merge Heap Roots: 0.0ms
[2026-03-19T10:51:23.851+0800][3.918s][info][gc,phases      ] GC(57)   Evacuate Collection Set: 0.7ms
[2026-03-19T10:51:23.851+0800][3.918s][info][gc,phases      ] GC(57)   Post Evacuate Collection Set: 1.0ms
[2026-03-19T10:51:23.851+0800][3.918s][info][gc,phases      ] GC(57)   Other: 0.4ms
[2026-03-19T10:51:23.851+0800][3.918s][info][gc,heap        ] GC(57) Eden regions: 1->0(3)
[2026-03-19T10:51:23.851+0800][3.918s][info][gc,heap        ] GC(57) Survivor regions: 1->0(0)
[2026-03-19T10:51:23.851+0800][3.918s][info][gc,heap        ] GC(57) Old regions: 59->61
[2026-03-19T10:51:23.851+0800][3.918s][info][gc,heap        ] GC(57) Archive regions: 0->0
[2026-03-19T10:51:23.851+0800][3.918s][info][gc,heap        ] GC(57) Humongous regions: 3->3
[2026-03-19T10:51:23.851+0800][3.918s][info][gc,metaspace   ] GC(57) Metaspace: 5803K(6144K)->5803K(6144K) NonClass: 5166K(5376K)->5166K(5376K) Class: 637K(768K)->637K(768K)
[2026-03-19T10:51:23.851+0800][3.918s][info][gc             ] GC(57) Pause Young (Concurrent Start) (G1 Evacuation Pause) 62M->62M(64M) 2.610ms
[2026-03-19T10:51:23.851+0800][3.918s][info][gc,cpu         ] GC(57) User=0.03s Sys=0.00s Real=0.00s
[2026-03-19T10:51:23.851+0800][3.918s][info][gc,ergo        ] Attempting full compaction
[2026-03-19T10:51:23.851+0800][3.918s][info][gc,task        ] GC(58) Using 2 workers of 13 for full compaction
[2026-03-19T10:51:23.851+0800][3.918s][info][gc             ] GC(59) Concurrent Mark Cycle
[2026-03-19T10:51:23.851+0800][3.918s][info][gc,start       ] GC(58) Pause Full (G1 Compaction Pause)
[2026-03-19T10:51:23.851+0800][3.918s][info][gc,marking     ] GC(59) Concurrent Clear Claimed Marks
[2026-03-19T10:51:23.852+0800][3.918s][info][gc,marking     ] GC(59) Concurrent Clear Claimed Marks 0.211ms
[2026-03-19T10:51:23.852+0800][3.918s][info][gc,phases,start] GC(58) Phase 1: Mark live objects
[2026-03-19T10:51:23.852+0800][3.918s][info][gc,marking     ] GC(59) Concurrent Scan Root Regions
[2026-03-19T10:51:23.852+0800][3.919s][info][gc,marking     ] GC(59) Concurrent Scan Root Regions 0.190ms
[2026-03-19T10:51:23.872+0800][3.939s][info][gc,phases      ] GC(58) Phase 1: Mark live objects 20.378ms
[2026-03-19T10:51:23.872+0800][3.939s][info][gc,phases,start] GC(58) Phase 2: Prepare for compaction
[2026-03-19T10:51:23.872+0800][3.939s][info][gc,phases      ] GC(58) Phase 2: Prepare for compaction 0.384ms
[2026-03-19T10:51:23.873+0800][3.939s][info][gc,phases,start] GC(58) Phase 3: Adjust pointers
[2026-03-19T10:51:23.879+0800][3.946s][info][gc,phases      ] GC(58) Phase 3: Adjust pointers 6.803ms
[2026-03-19T10:51:23.879+0800][3.946s][info][gc,phases,start] GC(58) Phase 4: Compact heap
[2026-03-19T10:51:23.880+0800][3.947s][info][gc,phases      ] GC(58) Phase 4: Compact heap 0.269ms
[2026-03-19T10:51:23.880+0800][3.948s][info][gc,heap        ] GC(58) Eden regions: 0->0(3)
[2026-03-19T10:51:23.880+0800][3.948s][info][gc,heap        ] GC(58) Survivor regions: 0->0(0)
[2026-03-19T10:51:23.880+0800][3.948s][info][gc,heap        ] GC(58) Old regions: 61->59
[2026-03-19T10:51:23.880+0800][3.948s][info][gc,heap        ] GC(58) Archive regions: 0->0
[2026-03-19T10:51:23.880+0800][3.948s][info][gc,heap        ] GC(58) Humongous regions: 3->3
[2026-03-19T10:51:23.880+0800][3.948s][info][gc,metaspace   ] GC(58) Metaspace: 5803K(6144K)->5803K(6144K) NonClass: 5166K(5376K)->5166K(5376K) Class: 637K(768K)->637K(768K)
[2026-03-19T10:51:23.881+0800][3.948s][info][gc             ] GC(58) Pause Full (G1 Compaction Pause) 62M->61M(64M) 29.712ms
[2026-03-19T10:51:23.881+0800][3.948s][info][gc,cpu         ] GC(58) User=0.02s Sys=0.02s Real=0.03s
[2026-03-19T10:51:23.881+0800][3.948s][info][gc,marking     ] GC(59) Concurrent Mark Abort
[2026-03-19T10:51:23.881+0800][3.948s][info][gc             ] GC(59) Concurrent Mark Cycle 30.180ms
[2026-03-19T10:51:23.882+0800][3.950s][info][gc,start       ] GC(60) Pause Young (Normal) (G1 Preventive Collection)
[2026-03-19T10:51:23.883+0800][3.950s][info][gc,task        ] GC(60) Using 2 workers of 13 for evacuation
[2026-03-19T10:51:23.884+0800][3.951s][info][gc,phases      ] GC(60)   Pre Evacuate Collection Set: 0.1ms
[2026-03-19T10:51:23.884+0800][3.951s][info][gc,phases      ] GC(60)   Merge Heap Roots: 0.1ms
[2026-03-19T10:51:23.884+0800][3.951s][info][gc,phases      ] GC(60)   Evacuate Collection Set: 0.3ms
[2026-03-19T10:51:23.884+0800][3.951s][info][gc,phases      ] GC(60)   Post Evacuate Collection Set: 0.6ms
[2026-03-19T10:51:23.884+0800][3.951s][info][gc,phases      ] GC(60)   Other: 0.2ms
[2026-03-19T10:51:23.884+0800][3.951s][info][gc,heap        ] GC(60) Eden regions: 1->0(2)
[2026-03-19T10:51:23.884+0800][3.951s][info][gc,heap        ] GC(60) Survivor regions: 0->1(1)
[2026-03-19T10:51:23.884+0800][3.951s][info][gc,heap        ] GC(60) Old regions: 59->59
[2026-03-19T10:51:23.884+0800][3.952s][info][gc,heap        ] GC(60) Archive regions: 0->0
[2026-03-19T10:51:23.884+0800][3.952s][info][gc,heap        ] GC(60) Humongous regions: 3->3
[2026-03-19T10:51:23.884+0800][3.952s][info][gc,metaspace   ] GC(60) Metaspace: 5803K(6144K)->5803K(6144K) NonClass: 5166K(5376K)->5166K(5376K) Class: 637K(768K)->637K(768K)
[2026-03-19T10:51:23.884+0800][3.952s][info][gc             ] GC(60) Pause Young (Normal) (G1 Preventive Collection) 62M->61M(64M) 1.765ms
[2026-03-19T10:51:23.884+0800][3.952s][info][gc,cpu         ] GC(60) User=0.00s Sys=0.00s Real=0.00s
[2026-03-19T10:51:23.886+0800][3.954s][info][gc,start       ] GC(61) Pause Young (Concurrent Start) (G1 Evacuation Pause)
[2026-03-19T10:51:23.886+0800][3.954s][info][gc,task        ] GC(61) Using 2 workers of 13 for evacuation
[2026-03-19T10:51:23.888+0800][3.956s][info][gc             ] GC(61) To-space exhausted
[2026-03-19T10:51:23.888+0800][3.956s][info][gc,phases      ] GC(61)   Pre Evacuate Collection Set: 0.1ms
[2026-03-19T10:51:23.888+0800][3.956s][info][gc,phases      ] GC(61)   Merge Heap Roots: 0.1ms
[2026-03-19T10:51:23.888+0800][3.956s][info][gc,phases      ] GC(61)   Evacuate Collection Set: 0.9ms
[2026-03-19T10:51:23.888+0800][3.956s][info][gc,phases      ] GC(61)   Post Evacuate Collection Set: 1.1ms
[2026-03-19T10:51:23.888+0800][3.956s][info][gc,phases      ] GC(61)   Other: 0.3ms
[2026-03-19T10:51:23.888+0800][3.956s][info][gc,heap        ] GC(61) Eden regions: 1->0(3)
[2026-03-19T10:51:23.888+0800][3.956s][info][gc,heap        ] GC(61) Survivor regions: 1->0(0)
[2026-03-19T10:51:23.888+0800][3.956s][info][gc,heap        ] GC(61) Old regions: 59->61
[2026-03-19T10:51:23.888+0800][3.956s][info][gc,heap        ] GC(61) Archive regions: 0->0
[2026-03-19T10:51:23.888+0800][3.956s][info][gc,heap        ] GC(61) Humongous regions: 3->3
[2026-03-19T10:51:23.888+0800][3.956s][info][gc,metaspace   ] GC(61) Metaspace: 5803K(6144K)->5803K(6144K) NonClass: 5166K(5376K)->5166K(5376K) Class: 637K(768K)->637K(768K)
[2026-03-19T10:51:23.888+0800][3.956s][info][gc             ] GC(61) Pause Young (Concurrent Start) (G1 Evacuation Pause) 62M->62M(64M) 2.791ms
[2026-03-19T10:51:23.890+0800][3.956s][info][gc,cpu         ] GC(61) User=0.00s Sys=0.00s Real=0.00s
[2026-03-19T10:51:23.890+0800][3.956s][info][gc,ergo        ] Attempting full compaction
[2026-03-19T10:51:23.890+0800][3.956s][info][gc,task        ] GC(62) Using 2 workers of 13 for full compaction
[2026-03-19T10:51:23.890+0800][3.956s][info][gc             ] GC(63) Concurrent Mark Cycle
[2026-03-19T10:51:23.890+0800][3.957s][info][gc,start       ] GC(62) Pause Full (G1 Compaction Pause)
[2026-03-19T10:51:23.890+0800][3.957s][info][gc,marking     ] GC(63) Concurrent Clear Claimed Marks
[2026-03-19T10:51:23.890+0800][3.957s][info][gc,marking     ] GC(63) Concurrent Clear Claimed Marks 0.207ms
[2026-03-19T10:51:23.890+0800][3.957s][info][gc,marking     ] GC(63) Concurrent Scan Root Regions
[2026-03-19T10:51:23.890+0800][3.957s][info][gc,phases,start] GC(62) Phase 1: Mark live objects
[2026-03-19T10:51:23.890+0800][3.957s][info][gc,marking     ] GC(63) Concurrent Scan Root Regions 0.049ms
[2026-03-19T10:51:23.911+0800][3.978s][info][gc,phases      ] GC(62) Phase 1: Mark live objects 21.368ms
[2026-03-19T10:51:23.911+0800][3.979s][info][gc,phases,start] GC(62) Phase 2: Prepare for compaction
[2026-03-19T10:51:23.912+0800][3.979s][info][gc,phases      ] GC(62) Phase 2: Prepare for compaction 0.477ms
[2026-03-19T10:51:23.912+0800][3.979s][info][gc,phases,start] GC(62) Phase 3: Adjust pointers
[2026-03-19T10:51:23.920+0800][3.986s][info][gc,phases      ] GC(62) Phase 3: Adjust pointers 7.322ms
[2026-03-19T10:51:23.920+0800][3.987s][info][gc,phases,start] GC(62) Phase 4: Compact heap
[2026-03-19T10:51:23.920+0800][3.987s][info][gc,phases      ] GC(62) Phase 4: Compact heap 0.346ms
[2026-03-19T10:51:23.921+0800][3.988s][info][gc,heap        ] GC(62) Eden regions: 0->0(3)
[2026-03-19T10:51:23.921+0800][3.988s][info][gc,heap        ] GC(62) Survivor regions: 0->0(0)
[2026-03-19T10:51:23.921+0800][3.988s][info][gc,heap        ] GC(62) Old regions: 61->60
[2026-03-19T10:51:23.921+0800][3.988s][info][gc,heap        ] GC(62) Archive regions: 0->0
[2026-03-19T10:51:23.921+0800][3.988s][info][gc,heap        ] GC(62) Humongous regions: 3->3
[2026-03-19T10:51:23.921+0800][3.988s][info][gc,metaspace   ] GC(62) Metaspace: 5803K(6144K)->5803K(6144K) NonClass: 5166K(5376K)->5166K(5376K) Class: 637K(768K)->637K(768K)
[2026-03-19T10:51:23.921+0800][3.988s][info][gc             ] GC(62) Pause Full (G1 Compaction Pause) 62M->62M(64M) 31.586ms
[2026-03-19T10:51:23.922+0800][3.988s][info][gc,cpu         ] GC(62) User=0.03s Sys=0.03s Real=0.03s
[2026-03-19T10:51:23.922+0800][3.988s][info][gc,marking     ] GC(63) Concurrent Mark Abort
[2026-03-19T10:51:23.922+0800][3.989s][info][gc             ] GC(63) Concurrent Mark Cycle 32.144ms
[2026-03-19T10:51:23.985+0800][4.052s][info][gc,start       ] GC(64) Pause Young (Normal) (G1 Evacuation Pause)
[2026-03-19T10:51:23.985+0800][4.053s][info][gc,task        ] GC(64) Using 2 workers of 13 for evacuation
[2026-03-19T10:51:23.987+0800][4.054s][info][gc             ] GC(64) To-space exhausted
[2026-03-19T10:51:23.987+0800][4.055s][info][gc,phases      ] GC(64)   Pre Evacuate Collection Set: 0.1ms
[2026-03-19T10:51:23.988+0800][4.055s][info][gc,phases      ] GC(64)   Merge Heap Roots: 0.1ms
[2026-03-19T10:51:23.988+0800][4.055s][info][gc,phases      ] GC(64)   Evacuate Collection Set: 0.6ms
[2026-03-19T10:51:23.988+0800][4.055s][info][gc,phases      ] GC(64)   Post Evacuate Collection Set: 1.0ms
[2026-03-19T10:51:23.988+0800][4.055s][info][gc,phases      ] GC(64)   Other: 0.4ms
[2026-03-19T10:51:23.988+0800][4.055s][info][gc,heap        ] GC(64) Eden regions: 1->0(3)
[2026-03-19T10:51:23.988+0800][4.055s][info][gc,heap        ] GC(64) Survivor regions: 0->0(0)
[2026-03-19T10:51:23.988+0800][4.055s][info][gc,heap        ] GC(64) Old regions: 60->61
[2026-03-19T10:51:23.988+0800][4.055s][info][gc,heap        ] GC(64) Archive regions: 0->0
[2026-03-19T10:51:23.988+0800][4.055s][info][gc,heap        ] GC(64) Humongous regions: 3->3
[2026-03-19T10:51:23.988+0800][4.055s][info][gc,metaspace   ] GC(64) Metaspace: 5804K(6144K)->5804K(6144K) NonClass: 5166K(5376K)->5166K(5376K) Class: 637K(768K)->637K(768K)
[2026-03-19T10:51:23.988+0800][4.055s][info][gc             ] GC(64) Pause Young (Normal) (G1 Evacuation Pause) 63M->63M(64M) 2.654ms
[2026-03-19T10:51:23.988+0800][4.055s][info][gc,cpu         ] GC(64) User=0.00s Sys=0.00s Real=0.00s
[2026-03-19T10:51:23.988+0800][4.055s][info][gc,ergo        ] Attempting full compaction
[2026-03-19T10:51:23.988+0800][4.055s][info][gc,task        ] GC(65) Using 2 workers of 13 for full compaction
[2026-03-19T10:51:23.988+0800][4.055s][info][gc,start       ] GC(65) Pause Full (G1 Compaction Pause)
[2026-03-19T10:51:23.988+0800][4.055s][info][gc,phases,start] GC(65) Phase 1: Mark live objects
[2026-03-19T10:51:24.010+0800][4.077s][info][gc,phases      ] GC(65) Phase 1: Mark live objects 22.063ms
[2026-03-19T10:51:24.011+0800][4.078s][info][gc,phases,start] GC(65) Phase 2: Prepare for compaction
[2026-03-19T10:51:24.011+0800][4.078s][info][gc,phases      ] GC(65) Phase 2: Prepare for compaction 0.545ms
[2026-03-19T10:51:24.011+0800][4.078s][info][gc,phases,start] GC(65) Phase 3: Adjust pointers
[2026-03-19T10:51:24.019+0800][4.086s][info][gc,phases      ] GC(65) Phase 3: Adjust pointers 7.806ms
[2026-03-19T10:51:24.019+0800][4.086s][info][gc,phases,start] GC(65) Phase 4: Compact heap
[2026-03-19T10:51:24.020+0800][4.087s][info][gc,phases      ] GC(65) Phase 4: Compact heap 0.353ms
[2026-03-19T10:51:24.020+0800][4.088s][info][gc,heap        ] GC(65) Eden regions: 0->0(3)
[2026-03-19T10:51:24.020+0800][4.088s][info][gc,heap        ] GC(65) Survivor regions: 0->0(0)
[2026-03-19T10:51:24.020+0800][4.088s][info][gc,heap        ] GC(65) Old regions: 61->60
[2026-03-19T10:51:24.020+0800][4.088s][info][gc,heap        ] GC(65) Archive regions: 0->0
[2026-03-19T10:51:24.020+0800][4.088s][info][gc,heap        ] GC(65) Humongous regions: 3->3
[2026-03-19T10:51:24.020+0800][4.088s][info][gc,metaspace   ] GC(65) Metaspace: 5804K(6144K)->5771K(6144K) NonClass: 5166K(5376K)->5139K(5376K) Class: 637K(768K)->632K(768K)
[2026-03-19T10:51:24.021+0800][4.088s][info][gc             ] GC(65) Pause Full (G1 Compaction Pause) 63M->62M(64M) 32.820ms
[2026-03-19T10:51:24.021+0800][4.088s][info][gc,cpu         ] GC(65) User=0.06s Sys=0.00s Real=0.03s
[2026-03-19T10:51:24.024+0800][4.090s][info][gc,start       ] GC(66) Pause Young (Concurrent Start) (G1 Evacuation Pause)
[2026-03-19T10:51:24.024+0800][4.090s][info][gc,task        ] GC(66) Using 2 workers of 13 for evacuation
[2026-03-19T10:51:24.024+0800][4.092s][info][gc             ] GC(66) To-space exhausted
[2026-03-19T10:51:24.024+0800][4.092s][info][gc,phases      ] GC(66)   Pre Evacuate Collection Set: 0.1ms
[2026-03-19T10:51:24.024+0800][4.092s][info][gc,phases      ] GC(66)   Merge Heap Roots: 0.1ms
[2026-03-19T10:51:24.026+0800][4.092s][info][gc,phases      ] GC(66)   Evacuate Collection Set: 0.4ms
[2026-03-19T10:51:24.026+0800][4.092s][info][gc,phases      ] GC(66)   Post Evacuate Collection Set: 1.0ms
[2026-03-19T10:51:24.026+0800][4.092s][info][gc,phases      ] GC(66)   Other: 0.4ms
[2026-03-19T10:51:24.026+0800][4.092s][info][gc,heap        ] GC(66) Eden regions: 1->0(3)
[2026-03-19T10:51:24.026+0800][4.092s][info][gc,heap        ] GC(66) Survivor regions: 0->0(0)
[2026-03-19T10:51:24.026+0800][4.092s][info][gc,heap        ] GC(66) Old regions: 60->61
[2026-03-19T10:51:24.026+0800][4.092s][info][gc,heap        ] GC(66) Archive regions: 0->0
[2026-03-19T10:51:24.026+0800][4.092s][info][gc,heap        ] GC(66) Humongous regions: 3->3
[2026-03-19T10:51:24.026+0800][4.092s][info][gc,metaspace   ] GC(66) Metaspace: 5771K(6144K)->5771K(6144K) NonClass: 5139K(5376K)->5139K(5376K) Class: 632K(768K)->632K(768K)
[2026-03-19T10:51:24.026+0800][4.093s][info][gc             ] GC(66) Pause Young (Concurrent Start) (G1 Evacuation Pause) 63M->63M(64M) 2.308ms
[2026-03-19T10:51:24.026+0800][4.093s][info][gc,cpu         ] GC(66) User=0.00s Sys=0.00s Real=0.00s
[2026-03-19T10:51:24.026+0800][4.093s][info][gc,ergo        ] Attempting full compaction
[2026-03-19T10:51:24.026+0800][4.093s][info][gc             ] GC(67) Concurrent Mark Cycle
[2026-03-19T10:51:24.026+0800][4.093s][info][gc,task        ] GC(68) Using 2 workers of 13 for full compaction
[2026-03-19T10:51:24.026+0800][4.093s][info][gc,marking     ] GC(67) Concurrent Clear Claimed Marks
[2026-03-19T10:51:24.026+0800][4.093s][info][gc,start       ] GC(68) Pause Full (G1 Compaction Pause)
[2026-03-19T10:51:24.026+0800][4.093s][info][gc,marking     ] GC(67) Concurrent Clear Claimed Marks 0.249ms
[2026-03-19T10:51:24.026+0800][4.093s][info][gc,marking     ] GC(67) Concurrent Scan Root Regions
[2026-03-19T10:51:24.026+0800][4.093s][info][gc,marking     ] GC(67) Concurrent Scan Root Regions 0.042ms
[2026-03-19T10:51:24.027+0800][4.093s][info][gc,marking     ] GC(67) Concurrent Mark
[2026-03-19T10:51:24.027+0800][4.093s][info][gc,marking     ] GC(67) Concurrent Mark From Roots
[2026-03-19T10:51:24.027+0800][4.093s][info][gc,task        ] GC(67) Using 3 workers of 3 for marking
[2026-03-19T10:51:24.027+0800][4.093s][info][gc,phases,start] GC(68) Phase 1: Mark live objects
[2026-03-19T10:51:24.050+0800][4.118s][info][gc,phases      ] GC(68) Phase 1: Mark live objects 24.555ms
[2026-03-19T10:51:24.050+0800][4.118s][info][gc,phases,start] GC(68) Phase 2: Prepare for compaction
[2026-03-19T10:51:24.051+0800][4.118s][info][gc,phases      ] GC(68) Phase 2: Prepare for compaction 0.427ms
[2026-03-19T10:51:24.051+0800][4.118s][info][gc,phases,start] GC(68) Phase 3: Adjust pointers
[2026-03-19T10:51:24.058+0800][4.126s][info][gc,phases      ] GC(68) Phase 3: Adjust pointers 7.143ms
[2026-03-19T10:51:24.058+0800][4.126s][info][gc,phases,start] GC(68) Phase 4: Compact heap
[2026-03-19T10:51:24.058+0800][4.126s][info][gc,phases      ] GC(68) Phase 4: Compact heap 0.449ms
[2026-03-19T10:51:24.060+0800][4.127s][info][gc,heap        ] GC(68) Eden regions: 0->0(3)
[2026-03-19T10:51:24.060+0800][4.127s][info][gc,heap        ] GC(68) Survivor regions: 0->0(0)
[2026-03-19T10:51:24.060+0800][4.127s][info][gc,heap        ] GC(68) Old regions: 61->60
[2026-03-19T10:51:24.060+0800][4.127s][info][gc,heap        ] GC(68) Archive regions: 0->0
[2026-03-19T10:51:24.060+0800][4.127s][info][gc,heap        ] GC(68) Humongous regions: 3->3
[2026-03-19T10:51:24.060+0800][4.127s][info][gc,metaspace   ] GC(68) Metaspace: 5771K(6144K)->5771K(6144K) NonClass: 5139K(5376K)->5139K(5376K) Class: 632K(768K)->632K(768K)
[2026-03-19T10:51:24.060+0800][4.128s][info][gc             ] GC(68) Pause Full (G1 Compaction Pause) 63M->62M(64M) 34.581ms
[2026-03-19T10:51:24.061+0800][4.128s][info][gc,cpu         ] GC(68) User=0.06s Sys=0.00s Real=0.04s
[2026-03-19T10:51:24.061+0800][4.128s][info][gc,marking     ] GC(67) Concurrent Mark From Roots 34.988ms
[2026-03-19T10:51:24.061+0800][4.128s][info][gc,marking     ] GC(67) Concurrent Mark Abort
[2026-03-19T10:51:24.061+0800][4.128s][info][gc             ] GC(67) Concurrent Mark Cycle 35.882ms
[2026-03-19T10:51:24.063+0800][4.130s][info][gc,start       ] GC(69) Pause Young (Normal) (G1 Evacuation Pause)
[2026-03-19T10:51:24.068+0800][4.136s][info][gc,task        ] GC(69) Using 2 workers of 13 for evacuation
[2026-03-19T10:51:24.071+0800][4.138s][info][gc             ] GC(69) To-space exhausted
[2026-03-19T10:51:24.071+0800][4.138s][info][gc,phases      ] GC(69)   Pre Evacuate Collection Set: 0.2ms
[2026-03-19T10:51:24.071+0800][4.138s][info][gc,phases      ] GC(69)   Merge Heap Roots: 0.1ms
[2026-03-19T10:51:24.071+0800][4.138s][info][gc,phases      ] GC(69)   Evacuate Collection Set: 0.5ms
[2026-03-19T10:51:24.071+0800][4.138s][info][gc,phases      ] GC(69)   Post Evacuate Collection Set: 1.2ms
[2026-03-19T10:51:24.071+0800][4.138s][info][gc,phases      ] GC(69)   Other: 5.8ms
[2026-03-19T10:51:24.071+0800][4.138s][info][gc,heap        ] GC(69) Eden regions: 1->0(3)
[2026-03-19T10:51:24.071+0800][4.138s][info][gc,heap        ] GC(69) Survivor regions: 0->0(0)
[2026-03-19T10:51:24.071+0800][4.138s][info][gc,heap        ] GC(69) Old regions: 60->61
[2026-03-19T10:51:24.071+0800][4.138s][info][gc,heap        ] GC(69) Archive regions: 0->0
[2026-03-19T10:51:24.072+0800][4.138s][info][gc,heap        ] GC(69) Humongous regions: 3->3
[2026-03-19T10:51:24.072+0800][4.138s][info][gc,metaspace   ] GC(69) Metaspace: 5771K(6144K)->5771K(6144K) NonClass: 5139K(5376K)->5139K(5376K) Class: 632K(768K)->632K(768K)
[2026-03-19T10:51:24.072+0800][4.138s][info][gc             ] GC(69) Pause Young (Normal) (G1 Evacuation Pause) 63M->63M(64M) 8.229ms
[2026-03-19T10:51:24.072+0800][4.138s][info][gc,cpu         ] GC(69) User=0.00s Sys=0.00s Real=0.01s
[2026-03-19T10:51:24.072+0800][4.138s][info][gc,ergo        ] Attempting full compaction
[2026-03-19T10:51:24.072+0800][4.139s][info][gc,task        ] GC(70) Using 2 workers of 13 for full compaction
[2026-03-19T10:51:24.072+0800][4.139s][info][gc,start       ] GC(70) Pause Full (G1 Compaction Pause)
[2026-03-19T10:51:24.072+0800][4.139s][info][gc,phases,start] GC(70) Phase 1: Mark live objects
[2026-03-19T10:51:24.095+0800][4.162s][info][gc,phases      ] GC(70) Phase 1: Mark live objects 23.810ms
[2026-03-19T10:51:24.096+0800][4.163s][info][gc,phases,start] GC(70) Phase 2: Prepare for compaction
[2026-03-19T10:51:24.096+0800][4.163s][info][gc,phases      ] GC(70) Phase 2: Prepare for compaction 0.441ms
[2026-03-19T10:51:24.096+0800][4.163s][info][gc,phases,start] GC(70) Phase 3: Adjust pointers
[2026-03-19T10:51:24.103+0800][4.170s][info][gc,phases      ] GC(70) Phase 3: Adjust pointers 6.556ms
[2026-03-19T10:51:24.103+0800][4.170s][info][gc,phases,start] GC(70) Phase 4: Compact heap
[2026-03-19T10:51:24.104+0800][4.170s][info][gc,phases      ] GC(70) Phase 4: Compact heap 0.373ms
[2026-03-19T10:51:24.104+0800][4.171s][info][gc,heap        ] GC(70) Eden regions: 0->0(3)
[2026-03-19T10:51:24.104+0800][4.171s][info][gc,heap        ] GC(70) Survivor regions: 0->0(0)
[2026-03-19T10:51:24.105+0800][4.171s][info][gc,heap        ] GC(70) Old regions: 61->60
[2026-03-19T10:51:24.105+0800][4.171s][info][gc,heap        ] GC(70) Archive regions: 0->0
[2026-03-19T10:51:24.105+0800][4.172s][info][gc,heap        ] GC(70) Humongous regions: 3->3
[2026-03-19T10:51:24.105+0800][4.172s][info][gc,metaspace   ] GC(70) Metaspace: 5771K(6144K)->5771K(6144K) NonClass: 5139K(5376K)->5139K(5376K) Class: 632K(768K)->632K(768K)
[2026-03-19T10:51:24.105+0800][4.172s][info][gc             ] GC(70) Pause Full (G1 Compaction Pause) 63M->62M(64M) 33.009ms
[2026-03-19T10:51:24.105+0800][4.172s][info][gc,cpu         ] GC(70) User=0.06s Sys=0.00s Real=0.03s
[2026-03-19T10:51:24.107+0800][4.174s][info][gc,start       ] GC(71) Pause Young (Concurrent Start) (G1 Evacuation Pause)
[2026-03-19T10:51:24.107+0800][4.174s][info][gc,task        ] GC(71) Using 2 workers of 13 for evacuation
[2026-03-19T10:51:24.109+0800][4.176s][info][gc             ] GC(71) To-space exhausted
[2026-03-19T10:51:24.109+0800][4.176s][info][gc,phases      ] GC(71)   Pre Evacuate Collection Set: 0.1ms
[2026-03-19T10:51:24.109+0800][4.176s][info][gc,phases      ] GC(71)   Merge Heap Roots: 0.1ms
[2026-03-19T10:51:24.109+0800][4.176s][info][gc,phases      ] GC(71)   Evacuate Collection Set: 0.5ms
[2026-03-19T10:51:24.109+0800][4.176s][info][gc,phases      ] GC(71)   Post Evacuate Collection Set: 1.2ms
[2026-03-19T10:51:24.109+0800][4.176s][info][gc,phases      ] GC(71)   Other: 0.4ms
[2026-03-19T10:51:24.109+0800][4.176s][info][gc,heap        ] GC(71) Eden regions: 1->0(3)
[2026-03-19T10:51:24.109+0800][4.176s][info][gc,heap        ] GC(71) Survivor regions: 0->0(0)
[2026-03-19T10:51:24.109+0800][4.176s][info][gc,heap        ] GC(71) Old regions: 60->61
[2026-03-19T10:51:24.109+0800][4.176s][info][gc,heap        ] GC(71) Archive regions: 0->0
[2026-03-19T10:51:24.109+0800][4.176s][info][gc,heap        ] GC(71) Humongous regions: 3->3
[2026-03-19T10:51:24.109+0800][4.176s][info][gc,metaspace   ] GC(71) Metaspace: 5771K(6144K)->5771K(6144K) NonClass: 5139K(5376K)->5139K(5376K) Class: 632K(768K)->632K(768K)
[2026-03-19T10:51:24.109+0800][4.176s][info][gc             ] GC(71) Pause Young (Concurrent Start) (G1 Evacuation Pause) 63M->63M(64M) 2.728ms
[2026-03-19T10:51:24.110+0800][4.176s][info][gc,cpu         ] GC(71) User=0.00s Sys=0.00s Real=0.00s
[2026-03-19T10:51:24.110+0800][4.176s][info][gc,ergo        ] Attempting full compaction
[2026-03-19T10:51:24.110+0800][4.177s][info][gc,task        ] GC(72) Using 2 workers of 13 for full compaction
[2026-03-19T10:51:24.110+0800][4.177s][info][gc             ] GC(73) Concurrent Mark Cycle
[2026-03-19T10:51:24.110+0800][4.177s][info][gc,start       ] GC(72) Pause Full (G1 Compaction Pause)
[2026-03-19T10:51:24.110+0800][4.177s][info][gc,marking     ] GC(73) Concurrent Clear Claimed Marks
[2026-03-19T10:51:24.110+0800][4.177s][info][gc,marking     ] GC(73) Concurrent Clear Claimed Marks 0.277ms
[2026-03-19T10:51:24.110+0800][4.177s][info][gc,marking     ] GC(73) Concurrent Scan Root Regions
[2026-03-19T10:51:24.110+0800][4.177s][info][gc,phases,start] GC(72) Phase 1: Mark live objects
[2026-03-19T10:51:24.110+0800][4.177s][info][gc,marking     ] GC(73) Concurrent Scan Root Regions 0.056ms
[2026-03-19T10:51:24.132+0800][4.199s][info][gc,phases      ] GC(72) Phase 1: Mark live objects 21.616ms
[2026-03-19T10:51:24.132+0800][4.199s][info][gc,phases,start] GC(72) Phase 2: Prepare for compaction
[2026-03-19T10:51:24.133+0800][4.200s][info][gc,phases      ] GC(72) Phase 2: Prepare for compaction 0.782ms
[2026-03-19T10:51:24.133+0800][4.200s][info][gc,phases,start] GC(72) Phase 3: Adjust pointers
[2026-03-19T10:51:24.140+0800][4.207s][info][gc,phases      ] GC(72) Phase 3: Adjust pointers 6.995ms
[2026-03-19T10:51:24.140+0800][4.207s][info][gc,phases,start] GC(72) Phase 4: Compact heap
[2026-03-19T10:51:24.140+0800][4.208s][info][gc,phases      ] GC(72) Phase 4: Compact heap 0.626ms
[2026-03-19T10:51:24.141+0800][4.209s][info][gc,heap        ] GC(72) Eden regions: 0->0(3)
[2026-03-19T10:51:24.141+0800][4.209s][info][gc,heap        ] GC(72) Survivor regions: 0->0(0)
[2026-03-19T10:51:24.141+0800][4.209s][info][gc,heap        ] GC(72) Old regions: 61->61
[2026-03-19T10:51:24.141+0800][4.209s][info][gc,heap        ] GC(72) Archive regions: 0->0
[2026-03-19T10:51:24.141+0800][4.209s][info][gc,heap        ] GC(72) Humongous regions: 3->3
[2026-03-19T10:51:24.141+0800][4.209s][info][gc,metaspace   ] GC(72) Metaspace: 5771K(6144K)->5771K(6144K) NonClass: 5139K(5376K)->5139K(5376K) Class: 632K(768K)->632K(768K)
[2026-03-19T10:51:24.141+0800][4.209s][info][gc             ] GC(72) Pause Full (G1 Compaction Pause) 63M->63M(64M) 32.081ms
[2026-03-19T10:51:24.141+0800][4.209s][info][gc,cpu         ] GC(72) User=0.06s Sys=0.00s Real=0.03s
[2026-03-19T10:51:24.141+0800][4.209s][info][gc,ergo        ] Attempting maximum full compaction clearing soft references
[2026-03-19T10:51:24.141+0800][4.209s][info][gc,task        ] GC(74) Using 2 workers of 13 for full compaction
[2026-03-19T10:51:24.142+0800][4.209s][info][gc,start       ] GC(74) Pause Full (G1 Compaction Pause)
[2026-03-19T10:51:24.142+0800][4.209s][info][gc,phases,start] GC(74) Phase 1: Mark live objects
[2026-03-19T10:51:24.163+0800][4.230s][info][gc,phases      ] GC(74) Phase 1: Mark live objects 20.999ms
[2026-03-19T10:51:24.164+0800][4.230s][info][gc,phases,start] GC(74) Phase 2: Prepare for compaction
[2026-03-19T10:51:24.171+0800][4.238s][info][gc,phases      ] GC(74) Phase 2: Prepare for compaction 7.561ms
[2026-03-19T10:51:24.171+0800][4.238s][info][gc,phases,start] GC(74) Phase 3: Adjust pointers
[2026-03-19T10:51:24.184+0800][4.251s][info][gc,phases      ] GC(74) Phase 3: Adjust pointers 12.412ms
[2026-03-19T10:51:24.184+0800][4.251s][info][gc,phases,start] GC(74) Phase 4: Compact heap
[2026-03-19T10:51:24.193+0800][4.261s][info][gc,phases      ] GC(74) Phase 4: Compact heap 9.615ms
[2026-03-19T10:51:24.195+0800][4.262s][info][gc,heap        ] GC(74) Eden regions: 0->0(3)
[2026-03-19T10:51:24.195+0800][4.262s][info][gc,heap        ] GC(74) Survivor regions: 0->0(0)
[2026-03-19T10:51:24.195+0800][4.262s][info][gc,heap        ] GC(74) Old regions: 61->60
[2026-03-19T10:51:24.195+0800][4.262s][info][gc,heap        ] GC(74) Archive regions: 0->0
[2026-03-19T10:51:24.195+0800][4.262s][info][gc,heap        ] GC(74) Humongous regions: 3->3
[2026-03-19T10:51:24.195+0800][4.262s][info][gc,metaspace   ] GC(74) Metaspace: 5771K(6144K)->5771K(6144K) NonClass: 5139K(5376K)->5139K(5376K) Class: 632K(768K)->632K(768K)
[2026-03-19T10:51:24.195+0800][4.262s][info][gc             ] GC(74) Pause Full (G1 Compaction Pause) 63M->62M(64M) 53.242ms
[2026-03-19T10:51:24.195+0800][4.262s][info][gc,cpu         ] GC(74) User=0.11s Sys=0.02s Real=0.05s
[2026-03-19T10:51:24.196+0800][4.263s][info][gc,marking     ] GC(73) Concurrent Mark Abort
[2026-03-19T10:51:24.196+0800][4.263s][info][gc             ] GC(73) Concurrent Mark Cycle 86.079ms
[2026-03-19T10:51:24.250+0800][4.317s][info][gc,start       ] GC(75) Pause Young (Normal) (G1 Evacuation Pause)
[2026-03-19T10:51:24.250+0800][4.317s][info][gc,task        ] GC(75) Using 2 workers of 13 for evacuation
[2026-03-19T10:51:24.252+0800][4.320s][info][gc             ] GC(75) To-space exhausted
[2026-03-19T10:51:24.253+0800][4.320s][info][gc,phases      ] GC(75)   Pre Evacuate Collection Set: 0.2ms
[2026-03-19T10:51:24.253+0800][4.320s][info][gc,phases      ] GC(75)   Merge Heap Roots: 0.1ms
[2026-03-19T10:51:24.253+0800][4.320s][info][gc,phases      ] GC(75)   Evacuate Collection Set: 0.7ms
[2026-03-19T10:51:24.253+0800][4.320s][info][gc,phases      ] GC(75)   Post Evacuate Collection Set: 1.2ms
[2026-03-19T10:51:24.253+0800][4.320s][info][gc,phases      ] GC(75)   Other: 0.6ms
[2026-03-19T10:51:24.253+0800][4.320s][info][gc,heap        ] GC(75) Eden regions: 1->0(3)
[2026-03-19T10:51:24.253+0800][4.320s][info][gc,heap        ] GC(75) Survivor regions: 0->0(0)
[2026-03-19T10:51:24.253+0800][4.320s][info][gc,heap        ] GC(75) Old regions: 60->61
[2026-03-19T10:51:24.253+0800][4.320s][info][gc,heap        ] GC(75) Archive regions: 0->0
[2026-03-19T10:51:24.253+0800][4.320s][info][gc,heap        ] GC(75) Humongous regions: 3->3
[2026-03-19T10:51:24.253+0800][4.320s][info][gc,metaspace   ] GC(75) Metaspace: 5771K(6144K)->5771K(6144K) NonClass: 5139K(5376K)->5139K(5376K) Class: 632K(768K)->632K(768K)
[2026-03-19T10:51:24.253+0800][4.320s][info][gc             ] GC(75) Pause Young (Normal) (G1 Evacuation Pause) 63M->63M(64M) 3.275ms
[2026-03-19T10:51:24.253+0800][4.320s][info][gc,cpu         ] GC(75) User=0.00s Sys=0.00s Real=0.00s
[2026-03-19T10:51:24.253+0800][4.321s][info][gc,ergo        ] Attempting full compaction
[2026-03-19T10:51:24.253+0800][4.321s][info][gc,task        ] GC(76) Using 2 workers of 13 for full compaction
[2026-03-19T10:51:24.253+0800][4.321s][info][gc,start       ] GC(76) Pause Full (G1 Compaction Pause)
[2026-03-19T10:51:24.253+0800][4.321s][info][gc,phases,start] GC(76) Phase 1: Mark live objects
[2026-03-19T10:51:24.276+0800][4.344s][info][gc,phases      ] GC(76) Phase 1: Mark live objects 22.958ms
[2026-03-19T10:51:24.277+0800][4.344s][info][gc,phases,start] GC(76) Phase 2: Prepare for compaction
[2026-03-19T10:51:24.277+0800][4.345s][info][gc,phases      ] GC(76) Phase 2: Prepare for compaction 0.602ms
[2026-03-19T10:51:24.277+0800][4.345s][info][gc,phases,start] GC(76) Phase 3: Adjust pointers
[2026-03-19T10:51:24.285+0800][4.352s][info][gc,phases      ] GC(76) Phase 3: Adjust pointers 7.259ms
[2026-03-19T10:51:24.285+0800][4.352s][info][gc,phases,start] GC(76) Phase 4: Compact heap
[2026-03-19T10:51:24.285+0800][4.352s][info][gc,phases      ] GC(76) Phase 4: Compact heap 0.225ms
[2026-03-19T10:51:24.286+0800][4.353s][info][gc,heap        ] GC(76) Eden regions: 0->0(3)
[2026-03-19T10:51:24.286+0800][4.353s][info][gc,heap        ] GC(76) Survivor regions: 0->0(0)
[2026-03-19T10:51:24.286+0800][4.353s][info][gc,heap        ] GC(76) Old regions: 61->61
[2026-03-19T10:51:24.286+0800][4.353s][info][gc,heap        ] GC(76) Archive regions: 0->0
[2026-03-19T10:51:24.286+0800][4.353s][info][gc,heap        ] GC(76) Humongous regions: 3->3
[2026-03-19T10:51:24.286+0800][4.353s][info][gc,metaspace   ] GC(76) Metaspace: 5771K(6144K)->5771K(6144K) NonClass: 5139K(5376K)->5139K(5376K) Class: 632K(768K)->632K(768K)
[2026-03-19T10:51:24.286+0800][4.353s][info][gc             ] GC(76) Pause Full (G1 Compaction Pause) 63M->63M(64M) 32.735ms
[2026-03-19T10:51:24.287+0800][4.354s][info][gc,cpu         ] GC(76) User=0.06s Sys=0.00s Real=0.03s
[2026-03-19T10:51:24.287+0800][4.354s][info][gc,ergo        ] Attempting maximum full compaction clearing soft references
[2026-03-19T10:51:24.287+0800][4.354s][info][gc,task        ] GC(77) Using 2 workers of 13 for full compaction
[2026-03-19T10:51:24.287+0800][4.354s][info][gc,start       ] GC(77) Pause Full (G1 Compaction Pause)
[2026-03-19T10:51:24.287+0800][4.354s][info][gc,phases,start] GC(77) Phase 1: Mark live objects
[2026-03-19T10:51:24.313+0800][4.381s][info][gc,phases      ] GC(77) Phase 1: Mark live objects 26.697ms
[2026-03-19T10:51:24.313+0800][4.381s][info][gc,phases,start] GC(77) Phase 2: Prepare for compaction
[2026-03-19T10:51:24.325+0800][4.392s][info][gc,phases      ] GC(77) Phase 2: Prepare for compaction 10.685ms
[2026-03-19T10:51:24.325+0800][4.392s][info][gc,phases,start] GC(77) Phase 3: Adjust pointers
[2026-03-19T10:51:24.338+0800][4.406s][info][gc,phases      ] GC(77) Phase 3: Adjust pointers 14.214ms
[2026-03-19T10:51:24.338+0800][4.406s][info][gc,phases,start] GC(77) Phase 4: Compact heap
[2026-03-19T10:51:24.349+0800][4.416s][info][gc,phases      ] GC(77) Phase 4: Compact heap 9.474ms
[2026-03-19T10:51:24.350+0800][4.417s][info][gc,heap        ] GC(77) Eden regions: 0->0(3)
[2026-03-19T10:51:24.350+0800][4.417s][info][gc,heap        ] GC(77) Survivor regions: 0->0(0)
[2026-03-19T10:51:24.350+0800][4.417s][info][gc,heap        ] GC(77) Old regions: 61->61
[2026-03-19T10:51:24.350+0800][4.417s][info][gc,heap        ] GC(77) Archive regions: 0->0
[2026-03-19T10:51:24.350+0800][4.417s][info][gc,heap        ] GC(77) Humongous regions: 3->3
[2026-03-19T10:51:24.350+0800][4.417s][info][gc,metaspace   ] GC(77) Metaspace: 5771K(6144K)->5771K(6144K) NonClass: 5139K(5376K)->5139K(5376K) Class: 632K(768K)->632K(768K)
[2026-03-19T10:51:24.350+0800][4.417s][info][gc             ] GC(77) Pause Full (G1 Compaction Pause) 63M->63M(64M) 63.451ms
[2026-03-19T10:51:24.350+0800][4.418s][info][gc,cpu         ] GC(77) User=0.06s Sys=0.03s Real=0.06s
[2026-03-19T10:51:24.350+0800][4.418s][info][gc,start       ] GC(78) Pause Young (Concurrent Start) (G1 Evacuation Pause)
[2026-03-19T10:51:24.350+0800][4.418s][info][gc,task        ] GC(78) Using 2 workers of 13 for evacuation
[2026-03-19T10:51:24.352+0800][4.419s][info][gc,phases      ] GC(78)   Pre Evacuate Collection Set: 0.1ms
[2026-03-19T10:51:24.352+0800][4.419s][info][gc,phases      ] GC(78)   Merge Heap Roots: 0.1ms
[2026-03-19T10:51:24.352+0800][4.419s][info][gc,phases      ] GC(78)   Evacuate Collection Set: 0.3ms
[2026-03-19T10:51:24.352+0800][4.419s][info][gc,phases      ] GC(78)   Post Evacuate Collection Set: 0.6ms
[2026-03-19T10:51:24.352+0800][4.419s][info][gc,phases      ] GC(78)   Other: 0.3ms
[2026-03-19T10:51:24.352+0800][4.419s][info][gc,heap        ] GC(78) Eden regions: 0->0(3)
[2026-03-19T10:51:24.352+0800][4.419s][info][gc,heap        ] GC(78) Survivor regions: 0->0(0)
[2026-03-19T10:51:24.352+0800][4.419s][info][gc,heap        ] GC(78) Old regions: 61->61
[2026-03-19T10:51:24.352+0800][4.419s][info][gc,heap        ] GC(78) Archive regions: 0->0
[2026-03-19T10:51:24.352+0800][4.419s][info][gc,heap        ] GC(78) Humongous regions: 3->3
[2026-03-19T10:51:24.352+0800][4.419s][info][gc,metaspace   ] GC(78) Metaspace: 5771K(6144K)->5771K(6144K) NonClass: 5139K(5376K)->5139K(5376K) Class: 632K(768K)->632K(768K)
[2026-03-19T10:51:24.352+0800][4.420s][info][gc             ] GC(78) Pause Young (Concurrent Start) (G1 Evacuation Pause) 63M->63M(64M) 1.747ms
[2026-03-19T10:51:24.352+0800][4.420s][info][gc,cpu         ] GC(78) User=0.00s Sys=0.00s Real=0.00s
[2026-03-19T10:51:24.352+0800][4.420s][info][gc,ergo        ] Attempting full compaction
[2026-03-19T10:51:24.352+0800][4.420s][info][gc,task        ] GC(79) Using 2 workers of 13 for full compaction
[2026-03-19T10:51:24.352+0800][4.420s][info][gc             ] GC(80) Concurrent Mark Cycle
[2026-03-19T10:51:24.352+0800][4.420s][info][gc,start       ] GC(79) Pause Full (G1 Compaction Pause)
[2026-03-19T10:51:24.352+0800][4.420s][info][gc,marking     ] GC(80) Concurrent Clear Claimed Marks
[2026-03-19T10:51:24.352+0800][4.420s][info][gc,phases,start] GC(79) Phase 1: Mark live objects
[2026-03-19T10:51:24.353+0800][4.420s][info][gc,marking     ] GC(80) Concurrent Clear Claimed Marks 0.326ms
[2026-03-19T10:51:24.353+0800][4.420s][info][gc,marking     ] GC(80) Concurrent Scan Root Regions
[2026-03-19T10:51:24.353+0800][4.420s][info][gc,marking     ] GC(80) Concurrent Scan Root Regions 0.044ms
[2026-03-19T10:51:24.377+0800][4.445s][info][gc,phases      ] GC(79) Phase 1: Mark live objects 24.732ms
[2026-03-19T10:51:24.377+0800][4.445s][info][gc,phases,start] GC(79) Phase 2: Prepare for compaction
[2026-03-19T10:51:24.378+0800][4.445s][info][gc,phases      ] GC(79) Phase 2: Prepare for compaction 0.235ms
[2026-03-19T10:51:24.378+0800][4.445s][info][gc,phases,start] GC(79) Phase 3: Adjust pointers
[2026-03-19T10:51:24.388+0800][4.455s][info][gc,phases      ] GC(79) Phase 3: Adjust pointers 9.928ms
[2026-03-19T10:51:24.388+0800][4.455s][info][gc,phases,start] GC(79) Phase 4: Compact heap
[2026-03-19T10:51:24.389+0800][4.456s][info][gc,phases      ] GC(79) Phase 4: Compact heap 0.188ms
[2026-03-19T10:51:24.390+0800][4.457s][info][gc,heap        ] GC(79) Eden regions: 0->0(3)
[2026-03-19T10:51:24.390+0800][4.457s][info][gc,heap        ] GC(79) Survivor regions: 0->0(0)
[2026-03-19T10:51:24.390+0800][4.457s][info][gc,heap        ] GC(79) Old regions: 61->61
[2026-03-19T10:51:24.390+0800][4.457s][info][gc,heap        ] GC(79) Archive regions: 0->0
[2026-03-19T10:51:24.390+0800][4.457s][info][gc,heap        ] GC(79) Humongous regions: 3->3
[2026-03-19T10:51:24.390+0800][4.457s][info][gc,metaspace   ] GC(79) Metaspace: 5771K(6144K)->5771K(6144K) NonClass: 5139K(5376K)->5139K(5376K) Class: 632K(768K)->632K(768K)
[2026-03-19T10:51:24.390+0800][4.457s][info][gc             ] GC(79) Pause Full (G1 Compaction Pause) 63M->63M(64M) 37.652ms
[2026-03-19T10:51:24.390+0800][4.458s][info][gc,cpu         ] GC(79) User=0.06s Sys=0.00s Real=0.04s
[2026-03-19T10:51:24.390+0800][4.458s][info][gc,ergo        ] Attempting maximum full compaction clearing soft references
[2026-03-19T10:51:24.390+0800][4.458s][info][gc,task        ] GC(81) Using 2 workers of 13 for full compaction
[2026-03-19T10:51:24.390+0800][4.458s][info][gc,start       ] GC(81) Pause Full (G1 Compaction Pause)
[2026-03-19T10:51:24.390+0800][4.458s][info][gc,phases,start] GC(81) Phase 1: Mark live objects
[2026-03-19T10:51:24.424+0800][4.492s][info][gc,phases      ] GC(81) Phase 1: Mark live objects 33.578ms
[2026-03-19T10:51:24.425+0800][4.492s][info][gc,phases,start] GC(81) Phase 2: Prepare for compaction
[2026-03-19T10:51:24.447+0800][4.515s][info][gc,phases      ] GC(81) Phase 2: Prepare for compaction 22.396ms
[2026-03-19T10:51:24.448+0800][4.515s][info][gc,phases,start] GC(81) Phase 3: Adjust pointers
[2026-03-19T10:51:24.460+0800][4.528s][info][gc,phases      ] GC(81) Phase 3: Adjust pointers 12.632ms
[2026-03-19T10:51:24.460+0800][4.528s][info][gc,phases,start] GC(81) Phase 4: Compact heap
[2026-03-19T10:51:24.467+0800][4.534s][info][gc,phases      ] GC(81) Phase 4: Compact heap 6.469ms
[2026-03-19T10:51:24.468+0800][4.535s][info][gc,heap        ] GC(81) Eden regions: 0->0(3)
[2026-03-19T10:51:24.468+0800][4.535s][info][gc,heap        ] GC(81) Survivor regions: 0->0(0)
[2026-03-19T10:51:24.468+0800][4.535s][info][gc,heap        ] GC(81) Old regions: 61->61
[2026-03-19T10:51:24.468+0800][4.535s][info][gc,heap        ] GC(81) Archive regions: 0->0
[2026-03-19T10:51:24.468+0800][4.535s][info][gc,heap        ] GC(81) Humongous regions: 3->3
[2026-03-19T10:51:24.468+0800][4.535s][info][gc,metaspace   ] GC(81) Metaspace: 5771K(6144K)->5771K(6144K) NonClass: 5139K(5376K)->5139K(5376K) Class: 632K(768K)->632K(768K)
[2026-03-19T10:51:24.468+0800][4.535s][info][gc             ] GC(81) Pause Full (G1 Compaction Pause) 63M->63M(64M) 77.564ms
[2026-03-19T10:51:24.468+0800][4.536s][info][gc,cpu         ] GC(81) User=0.16s Sys=0.00s Real=0.08s
[2026-03-19T10:51:24.468+0800][4.536s][info][gc,marking     ] GC(80) Concurrent Mark Abort
[2026-03-19T10:51:24.468+0800][4.536s][info][gc             ] GC(80) Concurrent Mark Cycle 116.135ms
[2026-03-19T10:51:24.656+0800][4.723s][info][gc,start       ] GC(82) Pause Young (Normal) (G1 Evacuation Pause)
[2026-03-19T10:51:24.656+0800][4.723s][info][gc,task        ] GC(82) Using 2 workers of 13 for evacuation
[2026-03-19T10:51:24.657+0800][4.724s][info][gc,phases      ] GC(82)   Pre Evacuate Collection Set: 0.1ms
[2026-03-19T10:51:24.657+0800][4.724s][info][gc,phases      ] GC(82)   Merge Heap Roots: 0.1ms
[2026-03-19T10:51:24.657+0800][4.724s][info][gc,phases      ] GC(82)   Evacuate Collection Set: 0.2ms
[2026-03-19T10:51:24.657+0800][4.724s][info][gc,phases      ] GC(82)   Post Evacuate Collection Set: 0.4ms
[2026-03-19T10:51:24.657+0800][4.724s][info][gc,phases      ] GC(82)   Other: 0.3ms
[2026-03-19T10:51:24.657+0800][4.724s][info][gc,heap        ] GC(82) Eden regions: 0->0(3)
[2026-03-19T10:51:24.657+0800][4.724s][info][gc,heap        ] GC(82) Survivor regions: 0->0(0)
[2026-03-19T10:51:24.657+0800][4.724s][info][gc,heap        ] GC(82) Old regions: 61->61
[2026-03-19T10:51:24.657+0800][4.724s][info][gc,heap        ] GC(82) Archive regions: 0->0
[2026-03-19T10:51:24.657+0800][4.724s][info][gc,heap        ] GC(82) Humongous regions: 3->3
[2026-03-19T10:51:24.657+0800][4.724s][info][gc,metaspace   ] GC(82) Metaspace: 5771K(6144K)->5771K(6144K) NonClass: 5139K(5376K)->5139K(5376K) Class: 632K(768K)->632K(768K)
[2026-03-19T10:51:24.657+0800][4.724s][info][gc             ] GC(82) Pause Young (Normal) (G1 Evacuation Pause) 63M->63M(64M) 1.481ms
[2026-03-19T10:51:24.657+0800][4.724s][info][gc,cpu         ] GC(82) User=0.00s Sys=0.00s Real=0.00s
[2026-03-19T10:51:24.657+0800][4.724s][info][gc,ergo        ] Attempting full compaction
[2026-03-19T10:51:24.657+0800][4.724s][info][gc,task        ] GC(83) Using 2 workers of 13 for full compaction
[2026-03-19T10:51:24.658+0800][4.724s][info][gc,start       ] GC(83) Pause Full (G1 Compaction Pause)
[2026-03-19T10:51:24.658+0800][4.725s][info][gc,phases,start] GC(83) Phase 1: Mark live objects
[2026-03-19T10:51:24.678+0800][4.746s][info][gc,phases      ] GC(83) Phase 1: Mark live objects 21.434ms
[2026-03-19T10:51:24.678+0800][4.746s][info][gc,phases,start] GC(83) Phase 2: Prepare for compaction
[2026-03-19T10:51:24.678+0800][4.746s][info][gc,phases      ] GC(83) Phase 2: Prepare for compaction 0.204ms
[2026-03-19T10:51:24.678+0800][4.746s][info][gc,phases,start] GC(83) Phase 3: Adjust pointers
[2026-03-19T10:51:24.687+0800][4.754s][info][gc,phases      ] GC(83) Phase 3: Adjust pointers 7.758ms
[2026-03-19T10:51:24.687+0800][4.754s][info][gc,phases,start] GC(83) Phase 4: Compact heap
[2026-03-19T10:51:24.687+0800][4.754s][info][gc,phases      ] GC(83) Phase 4: Compact heap 0.112ms
[2026-03-19T10:51:24.688+0800][4.755s][info][gc,heap        ] GC(83) Eden regions: 0->0(3)
[2026-03-19T10:51:24.689+0800][4.756s][info][gc,heap        ] GC(83) Survivor regions: 0->0(0)
[2026-03-19T10:51:24.689+0800][4.756s][info][gc,heap        ] GC(83) Old regions: 61->61
[2026-03-19T10:51:24.689+0800][4.756s][info][gc,heap        ] GC(83) Archive regions: 0->0
[2026-03-19T10:51:24.689+0800][4.756s][info][gc,heap        ] GC(83) Humongous regions: 3->3
[2026-03-19T10:51:24.689+0800][4.756s][info][gc,metaspace   ] GC(83) Metaspace: 5771K(6144K)->5771K(6144K) NonClass: 5139K(5376K)->5139K(5376K) Class: 632K(768K)->632K(768K)
[2026-03-19T10:51:24.689+0800][4.756s][info][gc             ] GC(83) Pause Full (G1 Compaction Pause) 63M->63M(64M) 31.416ms
[2026-03-19T10:51:24.689+0800][4.756s][info][gc,cpu         ] GC(83) User=0.05s Sys=0.02s Real=0.03s
[2026-03-19T10:51:24.689+0800][4.756s][info][gc,ergo        ] Attempting maximum full compaction clearing soft references
[2026-03-19T10:51:24.689+0800][4.756s][info][gc,task        ] GC(84) Using 2 workers of 13 for full compaction
[2026-03-19T10:51:24.689+0800][4.756s][info][gc,start       ] GC(84) Pause Full (G1 Compaction Pause)
[2026-03-19T10:51:24.689+0800][4.756s][info][gc,phases,start] GC(84) Phase 1: Mark live objects
[2026-03-19T10:51:24.715+0800][4.781s][info][gc,phases      ] GC(84) Phase 1: Mark live objects 24.834ms
[2026-03-19T10:51:24.715+0800][4.781s][info][gc,phases,start] GC(84) Phase 2: Prepare for compaction
[2026-03-19T10:51:24.722+0800][4.790s][info][gc,phases      ] GC(84) Phase 2: Prepare for compaction 8.308ms
[2026-03-19T10:51:24.723+0800][4.790s][info][gc,phases,start] GC(84) Phase 3: Adjust pointers
[2026-03-19T10:51:24.736+0800][4.803s][info][gc,phases      ] GC(84) Phase 3: Adjust pointers 13.283ms
[2026-03-19T10:51:24.736+0800][4.803s][info][gc,phases,start] GC(84) Phase 4: Compact heap
[2026-03-19T10:51:24.746+0800][4.812s][info][gc,phases      ] GC(84) Phase 4: Compact heap 8.999ms
[2026-03-19T10:51:24.748+0800][4.814s][info][gc,heap        ] GC(84) Eden regions: 0->0(3)
[2026-03-19T10:51:24.748+0800][4.815s][info][gc,heap        ] GC(84) Survivor regions: 0->0(0)
[2026-03-19T10:51:24.748+0800][4.815s][info][gc,heap        ] GC(84) Old regions: 61->61
[2026-03-19T10:51:24.748+0800][4.815s][info][gc,heap        ] GC(84) Archive regions: 0->0
[2026-03-19T10:51:24.748+0800][4.815s][info][gc,heap        ] GC(84) Humongous regions: 3->3
[2026-03-19T10:51:24.748+0800][4.815s][info][gc,metaspace   ] GC(84) Metaspace: 5771K(6144K)->5771K(6144K) NonClass: 5139K(5376K)->5139K(5376K) Class: 632K(768K)->632K(768K)
[2026-03-19T10:51:24.748+0800][4.815s][info][gc             ] GC(84) Pause Full (G1 Compaction Pause) 63M->63M(64M) 58.542ms
[2026-03-19T10:51:24.748+0800][4.815s][info][gc,cpu         ] GC(84) User=0.12s Sys=0.00s Real=0.06s
[2026-03-19T10:51:24.748+0800][4.815s][info][gc,start       ] GC(85) Pause Young (Concurrent Start) (G1 Evacuation Pause)
[2026-03-19T10:51:24.749+0800][4.815s][info][gc,task        ] GC(85) Using 2 workers of 13 for evacuation
[2026-03-19T10:51:24.749+0800][4.816s][info][gc,phases      ] GC(85)   Pre Evacuate Collection Set: 0.1ms
[2026-03-19T10:51:24.749+0800][4.816s][info][gc,phases      ] GC(85)   Merge Heap Roots: 0.0ms
[2026-03-19T10:51:24.750+0800][4.816s][info][gc,phases      ] GC(85)   Evacuate Collection Set: 0.2ms
[2026-03-19T10:51:24.750+0800][4.816s][info][gc,phases      ] GC(85)   Post Evacuate Collection Set: 0.3ms
[2026-03-19T10:51:24.750+0800][4.816s][info][gc,phases      ] GC(85)   Other: 0.2ms
[2026-03-19T10:51:24.750+0800][4.816s][info][gc,heap        ] GC(85) Eden regions: 0->0(3)
[2026-03-19T10:51:24.750+0800][4.816s][info][gc,heap        ] GC(85) Survivor regions: 0->0(0)
[2026-03-19T10:51:24.750+0800][4.816s][info][gc,heap        ] GC(85) Old regions: 61->61
[2026-03-19T10:51:24.750+0800][4.817s][info][gc,heap        ] GC(85) Archive regions: 0->0
[2026-03-19T10:51:24.750+0800][4.817s][info][gc,heap        ] GC(85) Humongous regions: 3->3
[2026-03-19T10:51:24.750+0800][4.817s][info][gc,metaspace   ] GC(85) Metaspace: 5771K(6144K)->5771K(6144K) NonClass: 5139K(5376K)->5139K(5376K) Class: 632K(768K)->632K(768K)
[2026-03-19T10:51:24.750+0800][4.817s][info][gc             ] GC(85) Pause Young (Concurrent Start) (G1 Evacuation Pause) 63M->63M(64M) 1.328ms
[2026-03-19T10:51:24.750+0800][4.817s][info][gc,cpu         ] GC(85) User=0.00s Sys=0.00s Real=0.00s
[2026-03-19T10:51:24.750+0800][4.817s][info][gc,ergo        ] Attempting full compaction
[2026-03-19T10:51:24.750+0800][4.817s][info][gc             ] GC(86) Concurrent Mark Cycle
[2026-03-19T10:51:24.750+0800][4.817s][info][gc,task        ] GC(87) Using 2 workers of 13 for full compaction
[2026-03-19T10:51:24.750+0800][4.817s][info][gc,marking     ] GC(86) Concurrent Clear Claimed Marks
[2026-03-19T10:51:24.750+0800][4.817s][info][gc,start       ] GC(87) Pause Full (G1 Compaction Pause)
[2026-03-19T10:51:24.750+0800][4.817s][info][gc,marking     ] GC(86) Concurrent Clear Claimed Marks 0.221ms
[2026-03-19T10:51:24.750+0800][4.817s][info][gc,marking     ] GC(86) Concurrent Scan Root Regions
[2026-03-19T10:51:24.750+0800][4.817s][info][gc,marking     ] GC(86) Concurrent Scan Root Regions 0.047ms
[2026-03-19T10:51:24.750+0800][4.817s][info][gc,phases,start] GC(87) Phase 1: Mark live objects
[2026-03-19T10:51:24.750+0800][4.818s][info][gc,marking     ] GC(86) Concurrent Mark
[2026-03-19T10:51:24.751+0800][4.818s][info][gc,marking     ] GC(86) Concurrent Mark From Roots
[2026-03-19T10:51:24.751+0800][4.818s][info][gc,task        ] GC(86) Using 3 workers of 3 for marking
[2026-03-19T10:51:24.772+0800][4.838s][info][gc,phases      ] GC(87) Phase 1: Mark live objects 20.964ms
[2026-03-19T10:51:24.772+0800][4.839s][info][gc,phases,start] GC(87) Phase 2: Prepare for compaction
[2026-03-19T10:51:24.772+0800][4.839s][info][gc,phases      ] GC(87) Phase 2: Prepare for compaction 0.175ms
[2026-03-19T10:51:24.772+0800][4.839s][info][gc,phases,start] GC(87) Phase 3: Adjust pointers
[2026-03-19T10:51:24.780+0800][4.846s][info][gc,phases      ] GC(87) Phase 3: Adjust pointers 7.494ms
[2026-03-19T10:51:24.780+0800][4.847s][info][gc,phases,start] GC(87) Phase 4: Compact heap
[2026-03-19T10:51:24.780+0800][4.847s][info][gc,phases      ] GC(87) Phase 4: Compact heap 0.119ms
[2026-03-19T10:51:24.780+0800][4.848s][info][gc,heap        ] GC(87) Eden regions: 0->0(3)
[2026-03-19T10:51:24.780+0800][4.848s][info][gc,heap        ] GC(87) Survivor regions: 0->0(0)
[2026-03-19T10:51:24.780+0800][4.848s][info][gc,heap        ] GC(87) Old regions: 61->61
[2026-03-19T10:51:24.780+0800][4.848s][info][gc,heap        ] GC(87) Archive regions: 0->0
[2026-03-19T10:51:24.781+0800][4.848s][info][gc,heap        ] GC(87) Humongous regions: 3->3
[2026-03-19T10:51:24.781+0800][4.848s][info][gc,metaspace   ] GC(87) Metaspace: 5771K(6144K)->5771K(6144K) NonClass: 5139K(5376K)->5139K(5376K) Class: 632K(768K)->632K(768K)
[2026-03-19T10:51:24.781+0800][4.848s][info][gc             ] GC(87) Pause Full (G1 Compaction Pause) 63M->63M(64M) 30.794ms
[2026-03-19T10:51:24.781+0800][4.848s][info][gc,cpu         ] GC(87) User=0.05s Sys=0.00s Real=0.03s
[2026-03-19T10:51:24.781+0800][4.848s][info][gc,ergo        ] Attempting maximum full compaction clearing soft references
[2026-03-19T10:51:24.781+0800][4.848s][info][gc,task        ] GC(88) Using 2 workers of 13 for full compaction
[2026-03-19T10:51:24.781+0800][4.848s][info][gc,start       ] GC(88) Pause Full (G1 Compaction Pause)
[2026-03-19T10:51:24.781+0800][4.848s][info][gc,phases,start] GC(88) Phase 1: Mark live objects
[2026-03-19T10:51:24.803+0800][4.870s][info][gc,phases      ] GC(88) Phase 1: Mark live objects 21.794ms
[2026-03-19T10:51:24.803+0800][4.870s][info][gc,phases,start] GC(88) Phase 2: Prepare for compaction
[2026-03-19T10:51:24.810+0800][4.878s][info][gc,phases      ] GC(88) Phase 2: Prepare for compaction 7.237ms
[2026-03-19T10:51:24.811+0800][4.878s][info][gc,phases,start] GC(88) Phase 3: Adjust pointers
[2026-03-19T10:51:24.822+0800][4.888s][info][gc,phases      ] GC(88) Phase 3: Adjust pointers 10.651ms
[2026-03-19T10:51:24.822+0800][4.889s][info][gc,phases,start] GC(88) Phase 4: Compact heap
[2026-03-19T10:51:24.831+0800][4.898s][info][gc,phases      ] GC(88) Phase 4: Compact heap 9.609ms
[2026-03-19T10:51:24.832+0800][4.899s][info][gc,heap        ] GC(88) Eden regions: 0->0(3)
[2026-03-19T10:51:24.832+0800][4.900s][info][gc,heap        ] GC(88) Survivor regions: 0->0(0)
[2026-03-19T10:51:24.832+0800][4.900s][info][gc,heap        ] GC(88) Old regions: 61->61
[2026-03-19T10:51:24.832+0800][4.900s][info][gc,heap        ] GC(88) Archive regions: 0->0
[2026-03-19T10:51:24.832+0800][4.900s][info][gc,heap        ] GC(88) Humongous regions: 3->3
[2026-03-19T10:51:24.832+0800][4.900s][info][gc,metaspace   ] GC(88) Metaspace: 5771K(6144K)->5771K(6144K) NonClass: 5139K(5376K)->5139K(5376K) Class: 632K(768K)->632K(768K)
[2026-03-19T10:51:24.832+0800][4.900s][info][gc             ] GC(88) Pause Full (G1 Compaction Pause) 63M->63M(64M) 51.497ms
[2026-03-19T10:51:24.832+0800][4.900s][info][gc,cpu         ] GC(88) User=0.09s Sys=0.00s Real=0.05s
[2026-03-19T10:51:24.833+0800][4.900s][info][gc,marking     ] GC(86) Concurrent Mark From Roots 82.398ms
[2026-03-19T10:51:24.833+0800][4.900s][info][gc,start       ] GC(89) Pause Young (Normal) (G1 Evacuation Pause)
[2026-03-19T10:51:24.833+0800][4.901s][info][gc,task        ] GC(89) Using 2 workers of 13 for evacuation
[2026-03-19T10:51:24.834+0800][4.902s][info][gc,phases      ] GC(89)   Pre Evacuate Collection Set: 0.1ms
[2026-03-19T10:51:24.834+0800][4.902s][info][gc,phases      ] GC(89)   Merge Heap Roots: 0.1ms
[2026-03-19T10:51:24.834+0800][4.902s][info][gc,phases      ] GC(89)   Evacuate Collection Set: 0.2ms
[2026-03-19T10:51:24.834+0800][4.902s][info][gc,phases      ] GC(89)   Post Evacuate Collection Set: 0.6ms
[2026-03-19T10:51:24.834+0800][4.902s][info][gc,phases      ] GC(89)   Other: 0.4ms
[2026-03-19T10:51:24.834+0800][4.902s][info][gc,heap        ] GC(89) Eden regions: 0->0(3)
[2026-03-19T10:51:24.834+0800][4.902s][info][gc,heap        ] GC(89) Survivor regions: 0->0(0)
[2026-03-19T10:51:24.834+0800][4.902s][info][gc,heap        ] GC(89) Old regions: 61->61
[2026-03-19T10:51:24.835+0800][4.902s][info][gc,heap        ] GC(89) Archive regions: 0->0
[2026-03-19T10:51:24.835+0800][4.902s][info][gc,heap        ] GC(89) Humongous regions: 3->3
[2026-03-19T10:51:24.835+0800][4.902s][info][gc,metaspace   ] GC(89) Metaspace: 5771K(6144K)->5771K(6144K) NonClass: 5139K(5376K)->5139K(5376K) Class: 632K(768K)->632K(768K)
[2026-03-19T10:51:24.835+0800][4.902s][info][gc             ] GC(89) Pause Young (Normal) (G1 Evacuation Pause) 63M->63M(64M) 1.861ms
[2026-03-19T10:51:24.835+0800][4.902s][info][gc,cpu         ] GC(89) User=0.00s Sys=0.00s Real=0.00s
[2026-03-19T10:51:24.835+0800][4.902s][info][gc,ergo        ] Attempting full compaction
[2026-03-19T10:51:24.835+0800][4.902s][info][gc,task        ] GC(90) Using 2 workers of 13 for full compaction
[2026-03-19T10:51:24.835+0800][4.903s][info][gc,start       ] GC(90) Pause Full (G1 Compaction Pause)
[2026-03-19T10:51:24.835+0800][4.903s][info][gc,phases,start] GC(90) Phase 1: Mark live objects
[2026-03-19T10:51:24.857+0800][4.925s][info][gc,phases      ] GC(90) Phase 1: Mark live objects 21.992ms
[2026-03-19T10:51:24.858+0800][4.925s][info][gc,phases,start] GC(90) Phase 2: Prepare for compaction
[2026-03-19T10:51:24.858+0800][4.925s][info][gc,phases      ] GC(90) Phase 2: Prepare for compaction 0.235ms
[2026-03-19T10:51:24.858+0800][4.925s][info][gc,phases,start] GC(90) Phase 3: Adjust pointers
[2026-03-19T10:51:24.865+0800][4.932s][info][gc,phases      ] GC(90) Phase 3: Adjust pointers 7.121ms
[2026-03-19T10:51:24.866+0800][4.932s][info][gc,phases,start] GC(90) Phase 4: Compact heap
[2026-03-19T10:51:24.866+0800][4.933s][info][gc,phases      ] GC(90) Phase 4: Compact heap 0.289ms
[2026-03-19T10:51:24.867+0800][4.934s][info][gc,heap        ] GC(90) Eden regions: 0->0(3)
[2026-03-19T10:51:24.867+0800][4.934s][info][gc,heap        ] GC(90) Survivor regions: 0->0(0)
[2026-03-19T10:51:24.867+0800][4.934s][info][gc,heap        ] GC(90) Old regions: 61->61
[2026-03-19T10:51:24.867+0800][4.934s][info][gc,heap        ] GC(90) Archive regions: 0->0
[2026-03-19T10:51:24.867+0800][4.934s][info][gc,heap        ] GC(90) Humongous regions: 3->3
[2026-03-19T10:51:24.867+0800][4.934s][info][gc,metaspace   ] GC(90) Metaspace: 5771K(6144K)->5771K(6144K) NonClass: 5139K(5376K)->5139K(5376K) Class: 632K(768K)->632K(768K)
[2026-03-19T10:51:24.867+0800][4.934s][info][gc             ] GC(90) Pause Full (G1 Compaction Pause) 63M->63M(64M) 31.503ms
[2026-03-19T10:51:24.867+0800][4.934s][info][gc,cpu         ] GC(90) User=0.05s Sys=0.02s Real=0.03s
[2026-03-19T10:51:24.867+0800][4.934s][info][gc,ergo        ] Attempting maximum full compaction clearing soft references
[2026-03-19T10:51:24.868+0800][4.934s][info][gc,task        ] GC(91) Using 2 workers of 13 for full compaction
[2026-03-19T10:51:24.868+0800][4.934s][info][gc,start       ] GC(91) Pause Full (G1 Compaction Pause)
[2026-03-19T10:51:24.868+0800][4.934s][info][gc,phases,start] GC(91) Phase 1: Mark live objects
[2026-03-19T10:51:24.888+0800][4.956s][info][gc,phases      ] GC(91) Phase 1: Mark live objects 21.551ms
[2026-03-19T10:51:24.888+0800][4.956s][info][gc,phases,start] GC(91) Phase 2: Prepare for compaction
[2026-03-19T10:51:24.896+0800][4.963s][info][gc,phases      ] GC(91) Phase 2: Prepare for compaction 7.087ms
[2026-03-19T10:51:24.896+0800][4.963s][info][gc,phases,start] GC(91) Phase 3: Adjust pointers
[2026-03-19T10:51:24.907+0800][4.974s][info][gc,phases      ] GC(91) Phase 3: Adjust pointers 10.814ms
[2026-03-19T10:51:24.907+0800][4.974s][info][gc,phases,start] GC(91) Phase 4: Compact heap
[2026-03-19T10:51:24.916+0800][4.983s][info][gc,phases      ] GC(91) Phase 4: Compact heap 8.589ms
[2026-03-19T10:51:24.917+0800][4.984s][info][gc,heap        ] GC(91) Eden regions: 0->0(3)
[2026-03-19T10:51:24.917+0800][4.984s][info][gc,heap        ] GC(91) Survivor regions: 0->0(0)
[2026-03-19T10:51:24.917+0800][4.984s][info][gc,heap        ] GC(91) Old regions: 61->61
[2026-03-19T10:51:24.917+0800][4.984s][info][gc,heap        ] GC(91) Archive regions: 0->0
[2026-03-19T10:51:24.917+0800][4.984s][info][gc,heap        ] GC(91) Humongous regions: 3->3
[2026-03-19T10:51:24.917+0800][4.984s][info][gc,metaspace   ] GC(91) Metaspace: 5771K(6144K)->5771K(6144K) NonClass: 5139K(5376K)->5139K(5376K) Class: 632K(768K)->632K(768K)
[2026-03-19T10:51:24.917+0800][4.984s][info][gc             ] GC(91) Pause Full (G1 Compaction Pause) 63M->63M(64M) 49.928ms
[2026-03-19T10:51:24.918+0800][4.984s][info][gc,cpu         ] GC(91) User=0.09s Sys=0.00s Real=0.05s
[2026-03-19T10:51:24.918+0800][4.985s][info][gc,marking     ] GC(86) Concurrent Mark Abort
[2026-03-19T10:51:24.918+0800][4.985s][info][gc             ] GC(86) Concurrent Mark Cycle 167.905ms
[2026-03-19T10:51:24.918+0800][4.985s][info][gc,start       ] GC(92) Pause Young (Normal) (G1 Evacuation Pause)
[2026-03-19T10:51:24.918+0800][4.985s][info][gc,task        ] GC(92) Using 2 workers of 13 for evacuation
[2026-03-19T10:51:24.920+0800][4.986s][info][gc,phases      ] GC(92)   Pre Evacuate Collection Set: 0.1ms
[2026-03-19T10:51:24.920+0800][4.987s][info][gc,phases      ] GC(92)   Merge Heap Roots: 0.1ms
[2026-03-19T10:51:24.920+0800][4.987s][info][gc,phases      ] GC(92)   Evacuate Collection Set: 0.1ms
[2026-03-19T10:51:24.920+0800][4.987s][info][gc,phases      ] GC(92)   Post Evacuate Collection Set: 0.7ms
[2026-03-19T10:51:24.920+0800][4.987s][info][gc,phases      ] GC(92)   Other: 0.4ms
[2026-03-19T10:51:24.920+0800][4.987s][info][gc,heap        ] GC(92) Eden regions: 0->0(3)
[2026-03-19T10:51:24.920+0800][4.987s][info][gc,heap        ] GC(92) Survivor regions: 0->0(0)
[2026-03-19T10:51:24.920+0800][4.987s][info][gc,heap        ] GC(92) Old regions: 61->61
[2026-03-19T10:51:24.920+0800][4.987s][info][gc,heap        ] GC(92) Archive regions: 0->0
[2026-03-19T10:51:24.920+0800][4.987s][info][gc,heap        ] GC(92) Humongous regions: 3->3
[2026-03-19T10:51:24.920+0800][4.987s][info][gc,metaspace   ] GC(92) Metaspace: 5771K(6144K)->5771K(6144K) NonClass: 5139K(5376K)->5139K(5376K) Class: 632K(768K)->632K(768K)
[2026-03-19T10:51:24.920+0800][4.987s][info][gc             ] GC(92) Pause Young (Normal) (G1 Evacuation Pause) 63M->63M(64M) 1.874ms
[2026-03-19T10:51:24.920+0800][4.987s][info][gc,cpu         ] GC(92) User=0.00s Sys=0.00s Real=0.00s
[2026-03-19T10:51:24.920+0800][4.987s][info][gc,ergo        ] Attempting full compaction
[2026-03-19T10:51:24.920+0800][4.987s][info][gc,task        ] GC(93) Using 2 workers of 13 for full compaction
[2026-03-19T10:51:24.920+0800][4.987s][info][gc,start       ] GC(93) Pause Full (G1 Compaction Pause)
[2026-03-19T10:51:24.920+0800][4.987s][info][gc,phases,start] GC(93) Phase 1: Mark live objects
[2026-03-19T10:51:24.942+0800][5.008s][info][gc,phases      ] GC(93) Phase 1: Mark live objects 21.270ms
[2026-03-19T10:51:24.942+0800][5.009s][info][gc,phases,start] GC(93) Phase 2: Prepare for compaction
[2026-03-19T10:51:24.942+0800][5.009s][info][gc,phases      ] GC(93) Phase 2: Prepare for compaction 0.230ms
[2026-03-19T10:51:24.942+0800][5.009s][info][gc,phases,start] GC(93) Phase 3: Adjust pointers
[2026-03-19T10:51:24.950+0800][5.017s][info][gc,phases      ] GC(93) Phase 3: Adjust pointers 7.801ms
[2026-03-19T10:51:24.950+0800][5.017s][info][gc,phases,start] GC(93) Phase 4: Compact heap
[2026-03-19T10:51:24.950+0800][5.017s][info][gc,phases      ] GC(93) Phase 4: Compact heap 0.402ms
[2026-03-19T10:51:24.951+0800][5.019s][info][gc,heap        ] GC(93) Eden regions: 0->0(3)
[2026-03-19T10:51:24.951+0800][5.019s][info][gc,heap        ] GC(93) Survivor regions: 0->0(0)
[2026-03-19T10:51:24.951+0800][5.019s][info][gc,heap        ] GC(93) Old regions: 61->61
[2026-03-19T10:51:24.951+0800][5.019s][info][gc,heap        ] GC(93) Archive regions: 0->0
[2026-03-19T10:51:24.951+0800][5.019s][info][gc,heap        ] GC(93) Humongous regions: 3->3
[2026-03-19T10:51:24.951+0800][5.019s][info][gc,metaspace   ] GC(93) Metaspace: 5771K(6144K)->5771K(6144K) NonClass: 5139K(5376K)->5139K(5376K) Class: 632K(768K)->632K(768K)
[2026-03-19T10:51:24.951+0800][5.019s][info][gc             ] GC(93) Pause Full (G1 Compaction Pause) 63M->63M(64M) 31.674ms
[2026-03-19T10:51:24.952+0800][5.019s][info][gc,cpu         ] GC(93) User=0.06s Sys=0.00s Real=0.03s
[2026-03-19T10:51:24.952+0800][5.019s][info][gc,ergo        ] Attempting maximum full compaction clearing soft references
[2026-03-19T10:51:24.952+0800][5.019s][info][gc,task        ] GC(94) Using 2 workers of 13 for full compaction
[2026-03-19T10:51:24.952+0800][5.020s][info][gc,start       ] GC(94) Pause Full (G1 Compaction Pause)
[2026-03-19T10:51:24.952+0800][5.020s][info][gc,phases,start] GC(94) Phase 1: Mark live objects
[2026-03-19T10:51:24.973+0800][5.040s][info][gc,phases      ] GC(94) Phase 1: Mark live objects 20.406ms
[2026-03-19T10:51:24.973+0800][5.040s][info][gc,phases,start] GC(94) Phase 2: Prepare for compaction
[2026-03-19T10:51:24.980+0800][5.047s][info][gc,phases      ] GC(94) Phase 2: Prepare for compaction 6.967ms
[2026-03-19T10:51:24.980+0800][5.047s][info][gc,phases,start] GC(94) Phase 3: Adjust pointers
[2026-03-19T10:51:24.990+0800][5.057s][info][gc,phases      ] GC(94) Phase 3: Adjust pointers 9.980ms
[2026-03-19T10:51:24.991+0800][5.058s][info][gc,phases,start] GC(94) Phase 4: Compact heap
[2026-03-19T10:51:24.996+0800][5.064s][info][gc,phases      ] GC(94) Phase 4: Compact heap 5.959ms
[2026-03-19T10:51:24.997+0800][5.065s][info][gc,heap        ] GC(94) Eden regions: 0->0(3)
[2026-03-19T10:51:24.997+0800][5.065s][info][gc,heap        ] GC(94) Survivor regions: 0->0(0)
[2026-03-19T10:51:24.997+0800][5.065s][info][gc,heap        ] GC(94) Old regions: 61->61
[2026-03-19T10:51:24.997+0800][5.065s][info][gc,heap        ] GC(94) Archive regions: 0->0
[2026-03-19T10:51:24.997+0800][5.065s][info][gc,heap        ] GC(94) Humongous regions: 3->3
[2026-03-19T10:51:24.997+0800][5.065s][info][gc,metaspace   ] GC(94) Metaspace: 5771K(6144K)->5771K(6144K) NonClass: 5139K(5376K)->5139K(5376K) Class: 632K(768K)->632K(768K)
[2026-03-19T10:51:24.997+0800][5.065s][info][gc             ] GC(94) Pause Full (G1 Compaction Pause) 63M->63M(64M) 45.309ms
[2026-03-19T10:51:24.997+0800][5.065s][info][gc,cpu         ] GC(94) User=0.09s Sys=0.00s Real=0.05s
[2026-03-19T10:51:24.998+0800][5.066s][info][gc,start       ] GC(95) Pause Young (Concurrent Start) (G1 Evacuation Pause)
[2026-03-19T10:51:24.998+0800][5.066s][info][gc,task        ] GC(95) Using 2 workers of 13 for evacuation
[2026-03-19T10:51:25.000+0800][5.067s][info][gc,phases      ] GC(95)   Pre Evacuate Collection Set: 0.2ms
[2026-03-19T10:51:25.000+0800][5.067s][info][gc,phases      ] GC(95)   Merge Heap Roots: 0.1ms
[2026-03-19T10:51:25.000+0800][5.067s][info][gc,phases      ] GC(95)   Evacuate Collection Set: 0.4ms
[2026-03-19T10:51:25.000+0800][5.067s][info][gc,phases      ] GC(95)   Post Evacuate Collection Set: 0.5ms
[2026-03-19T10:51:25.000+0800][5.067s][info][gc,phases      ] GC(95)   Other: 0.3ms
[2026-03-19T10:51:25.000+0800][5.067s][info][gc,heap        ] GC(95) Eden regions: 0->0(3)
[2026-03-19T10:51:25.000+0800][5.067s][info][gc,heap        ] GC(95) Survivor regions: 0->0(0)
[2026-03-19T10:51:25.000+0800][5.068s][info][gc,heap        ] GC(95) Old regions: 61->61
[2026-03-19T10:51:25.000+0800][5.068s][info][gc,heap        ] GC(95) Archive regions: 0->0
[2026-03-19T10:51:25.000+0800][5.068s][info][gc,heap        ] GC(95) Humongous regions: 3->3
[2026-03-19T10:51:25.001+0800][5.068s][info][gc,metaspace   ] GC(95) Metaspace: 5771K(6144K)->5771K(6144K) NonClass: 5139K(5376K)->5139K(5376K) Class: 632K(768K)->632K(768K)
[2026-03-19T10:51:25.001+0800][5.068s][info][gc             ] GC(95) Pause Young (Concurrent Start) (G1 Evacuation Pause) 63M->63M(64M) 2.013ms
[2026-03-19T10:51:25.001+0800][5.068s][info][gc,cpu         ] GC(95) User=0.00s Sys=0.00s Real=0.00s
[2026-03-19T10:51:25.001+0800][5.068s][info][gc,ergo        ] Attempting full compaction
[2026-03-19T10:51:25.001+0800][5.068s][info][gc,task        ] GC(96) Using 2 workers of 13 for full compaction
[2026-03-19T10:51:25.001+0800][5.068s][info][gc             ] GC(97) Concurrent Mark Cycle
[2026-03-19T10:51:25.001+0800][5.068s][info][gc,start       ] GC(96) Pause Full (G1 Compaction Pause)
[2026-03-19T10:51:25.001+0800][5.068s][info][gc,marking     ] GC(97) Concurrent Clear Claimed Marks
[2026-03-19T10:51:25.001+0800][5.068s][info][gc,marking     ] GC(97) Concurrent Clear Claimed Marks 0.187ms
[2026-03-19T10:51:25.001+0800][5.068s][info][gc,marking     ] GC(97) Concurrent Scan Root Regions
[2026-03-19T10:51:25.001+0800][5.068s][info][gc,marking     ] GC(97) Concurrent Scan Root Regions 0.039ms
[2026-03-19T10:51:25.001+0800][5.068s][info][gc,phases,start] GC(96) Phase 1: Mark live objects
[2026-03-19T10:51:25.022+0800][5.089s][info][gc,phases      ] GC(96) Phase 1: Mark live objects 20.697ms
[2026-03-19T10:51:25.022+0800][5.089s][info][gc,phases,start] GC(96) Phase 2: Prepare for compaction
[2026-03-19T10:51:25.022+0800][5.089s][info][gc,phases      ] GC(96) Phase 2: Prepare for compaction 0.280ms
[2026-03-19T10:51:25.022+0800][5.090s][info][gc,phases,start] GC(96) Phase 3: Adjust pointers
[2026-03-19T10:51:25.031+0800][5.098s][info][gc,phases      ] GC(96) Phase 3: Adjust pointers 8.841ms
[2026-03-19T10:51:25.032+0800][5.099s][info][gc,phases,start] GC(96) Phase 4: Compact heap
[2026-03-19T10:51:25.032+0800][5.099s][info][gc,phases      ] GC(96) Phase 4: Compact heap 0.210ms
[2026-03-19T10:51:25.033+0800][5.100s][info][gc,heap        ] GC(96) Eden regions: 0->0(3)
[2026-03-19T10:51:25.033+0800][5.100s][info][gc,heap        ] GC(96) Survivor regions: 0->0(0)
[2026-03-19T10:51:25.033+0800][5.100s][info][gc,heap        ] GC(96) Old regions: 61->61
[2026-03-19T10:51:25.033+0800][5.100s][info][gc,heap        ] GC(96) Archive regions: 0->0
[2026-03-19T10:51:25.033+0800][5.100s][info][gc,heap        ] GC(96) Humongous regions: 3->3
[2026-03-19T10:51:25.033+0800][5.100s][info][gc,metaspace   ] GC(96) Metaspace: 5771K(6144K)->5771K(6144K) NonClass: 5139K(5376K)->5139K(5376K) Class: 632K(768K)->632K(768K)
[2026-03-19T10:51:25.033+0800][5.100s][info][gc             ] GC(96) Pause Full (G1 Compaction Pause) 63M->63M(64M) 32.020ms
[2026-03-19T10:51:25.033+0800][5.100s][info][gc,cpu         ] GC(96) User=0.05s Sys=0.02s Real=0.03s
[2026-03-19T10:51:25.033+0800][5.100s][info][gc,ergo        ] Attempting maximum full compaction clearing soft references
[2026-03-19T10:51:25.033+0800][5.100s][info][gc,task        ] GC(98) Using 2 workers of 13 for full compaction
[2026-03-19T10:51:25.033+0800][5.100s][info][gc,start       ] GC(98) Pause Full (G1 Compaction Pause)
[2026-03-19T10:51:25.033+0800][5.100s][info][gc,phases,start] GC(98) Phase 1: Mark live objects
[2026-03-19T10:51:25.054+0800][5.121s][info][gc,phases      ] GC(98) Phase 1: Mark live objects 20.739ms
[2026-03-19T10:51:25.054+0800][5.121s][info][gc,phases,start] GC(98) Phase 2: Prepare for compaction
[2026-03-19T10:51:25.062+0800][5.128s][info][gc,phases      ] GC(98) Phase 2: Prepare for compaction 7.006ms
[2026-03-19T10:51:25.062+0800][5.129s][info][gc,phases,start] GC(98) Phase 3: Adjust pointers
[2026-03-19T10:51:25.071+0800][5.138s][info][gc,phases      ] GC(98) Phase 3: Adjust pointers 9.592ms
[2026-03-19T10:51:25.071+0800][5.138s][info][gc,phases,start] GC(98) Phase 4: Compact heap
[2026-03-19T10:51:25.079+0800][5.146s][info][gc,phases      ] GC(98) Phase 4: Compact heap 7.623ms
[2026-03-19T10:51:25.080+0800][5.147s][info][gc,heap        ] GC(98) Eden regions: 0->0(3)
[2026-03-19T10:51:25.080+0800][5.147s][info][gc,heap        ] GC(98) Survivor regions: 0->0(0)
[2026-03-19T10:51:25.080+0800][5.147s][info][gc,heap        ] GC(98) Old regions: 61->61
[2026-03-19T10:51:25.080+0800][5.147s][info][gc,heap        ] GC(98) Archive regions: 0->0
[2026-03-19T10:51:25.080+0800][5.147s][info][gc,heap        ] GC(98) Humongous regions: 3->3
[2026-03-19T10:51:25.080+0800][5.147s][info][gc,metaspace   ] GC(98) Metaspace: 5771K(6144K)->5771K(6144K) NonClass: 5139K(5376K)->5139K(5376K) Class: 632K(768K)->632K(768K)
[2026-03-19T10:51:25.080+0800][5.147s][info][gc             ] GC(98) Pause Full (G1 Compaction Pause) 63M->63M(64M) 46.936ms
[2026-03-19T10:51:25.080+0800][5.147s][info][gc,cpu         ] GC(98) User=0.09s Sys=0.00s Real=0.05s
[2026-03-19T10:51:25.080+0800][5.148s][info][gc,marking     ] GC(97) Concurrent Mark Abort
[2026-03-19T10:51:25.080+0800][5.148s][info][gc             ] GC(97) Concurrent Mark Cycle 79.774ms
[2026-03-19T10:51:25.080+0800][5.148s][info][gc,start       ] GC(99) Pause Young (Normal) (G1 Evacuation Pause)
[2026-03-19T10:51:25.080+0800][5.148s][info][gc,task        ] GC(99) Using 2 workers of 13 for evacuation
[2026-03-19T10:51:25.082+0800][5.149s][info][gc,phases      ] GC(99)   Pre Evacuate Collection Set: 0.2ms
[2026-03-19T10:51:25.082+0800][5.149s][info][gc,phases      ] GC(99)   Merge Heap Roots: 0.2ms
[2026-03-19T10:51:25.082+0800][5.149s][info][gc,phases      ] GC(99)   Evacuate Collection Set: 0.2ms
[2026-03-19T10:51:25.082+0800][5.149s][info][gc,phases      ] GC(99)   Post Evacuate Collection Set: 0.6ms
[2026-03-19T10:51:25.082+0800][5.149s][info][gc,phases      ] GC(99)   Other: 0.2ms
[2026-03-19T10:51:25.082+0800][5.149s][info][gc,heap        ] GC(99) Eden regions: 0->0(3)
[2026-03-19T10:51:25.082+0800][5.149s][info][gc,heap        ] GC(99) Survivor regions: 0->0(0)
[2026-03-19T10:51:25.082+0800][5.150s][info][gc,heap        ] GC(99) Old regions: 61->61
[2026-03-19T10:51:25.082+0800][5.150s][info][gc,heap        ] GC(99) Archive regions: 0->0
[2026-03-19T10:51:25.082+0800][5.150s][info][gc,heap        ] GC(99) Humongous regions: 3->3
[2026-03-19T10:51:25.082+0800][5.150s][info][gc,metaspace   ] GC(99) Metaspace: 5771K(6144K)->5771K(6144K) NonClass: 5139K(5376K)->5139K(5376K) Class: 632K(768K)->632K(768K)
[2026-03-19T10:51:25.082+0800][5.150s][info][gc             ] GC(99) Pause Young (Normal) (G1 Evacuation Pause) 63M->63M(64M) 1.893ms
[2026-03-19T10:51:25.082+0800][5.150s][info][gc,cpu         ] GC(99) User=0.00s Sys=0.00s Real=0.00s
[2026-03-19T10:51:25.082+0800][5.150s][info][gc,ergo        ] Attempting full compaction
[2026-03-19T10:51:25.082+0800][5.150s][info][gc,task        ] GC(100) Using 2 workers of 13 for full compaction
[2026-03-19T10:51:25.082+0800][5.150s][info][gc,start       ] GC(100) Pause Full (G1 Compaction Pause)
[2026-03-19T10:51:25.082+0800][5.150s][info][gc,phases,start] GC(100) Phase 1: Mark live objects
[2026-03-19T10:51:25.105+0800][5.173s][info][gc,phases      ] GC(100) Phase 1: Mark live objects 22.730ms
[2026-03-19T10:51:25.105+0800][5.173s][info][gc,phases,start] GC(100) Phase 2: Prepare for compaction
[2026-03-19T10:51:25.106+0800][5.173s][info][gc,phases      ] GC(100) Phase 2: Prepare for compaction 0.272ms
[2026-03-19T10:51:25.106+0800][5.173s][info][gc,phases,start] GC(100) Phase 3: Adjust pointers
[2026-03-19T10:51:25.113+0800][5.180s][info][gc,phases      ] GC(100) Phase 3: Adjust pointers 6.948ms
[2026-03-19T10:51:25.113+0800][5.180s][info][gc,phases,start] GC(100) Phase 4: Compact heap
[2026-03-19T10:51:25.113+0800][5.180s][info][gc,phases      ] GC(100) Phase 4: Compact heap 0.204ms
[2026-03-19T10:51:25.114+0800][5.181s][info][gc,heap        ] GC(100) Eden regions: 0->0(3)
[2026-03-19T10:51:25.114+0800][5.181s][info][gc,heap        ] GC(100) Survivor regions: 0->0(0)
[2026-03-19T10:51:25.114+0800][5.181s][info][gc,heap        ] GC(100) Old regions: 61->61
[2026-03-19T10:51:25.115+0800][5.182s][info][gc,heap        ] GC(100) Archive regions: 0->0
[2026-03-19T10:51:25.115+0800][5.182s][info][gc,heap        ] GC(100) Humongous regions: 3->3
[2026-03-19T10:51:25.115+0800][5.182s][info][gc,metaspace   ] GC(100) Metaspace: 5771K(6144K)->5771K(6144K) NonClass: 5139K(5376K)->5139K(5376K) Class: 632K(768K)->632K(768K)
[2026-03-19T10:51:25.115+0800][5.182s][info][gc             ] GC(100) Pause Full (G1 Compaction Pause) 63M->63M(64M) 31.778ms
[2026-03-19T10:51:25.115+0800][5.182s][info][gc,cpu         ] GC(100) User=0.06s Sys=0.00s Real=0.03s
[2026-03-19T10:51:25.115+0800][5.182s][info][gc,ergo        ] Attempting maximum full compaction clearing soft references
[2026-03-19T10:51:25.115+0800][5.182s][info][gc,task        ] GC(101) Using 2 workers of 13 for full compaction
[2026-03-19T10:51:25.115+0800][5.182s][info][gc,start       ] GC(101) Pause Full (G1 Compaction Pause)
[2026-03-19T10:51:25.115+0800][5.182s][info][gc,phases,start] GC(101) Phase 1: Mark live objects
[2026-03-19T10:51:25.135+0800][5.202s][info][gc,phases      ] GC(101) Phase 1: Mark live objects 20.351ms
[2026-03-19T10:51:25.135+0800][5.202s][info][gc,phases,start] GC(101) Phase 2: Prepare for compaction
[2026-03-19T10:51:25.143+0800][5.209s][info][gc,phases      ] GC(101) Phase 2: Prepare for compaction 6.957ms
[2026-03-19T10:51:25.143+0800][5.210s][info][gc,phases,start] GC(101) Phase 3: Adjust pointers
[2026-03-19T10:51:25.151+0800][5.218s][info][gc,phases      ] GC(101) Phase 3: Adjust pointers 8.774ms
[2026-03-19T10:51:25.151+0800][5.219s][info][gc,phases,start] GC(101) Phase 4: Compact heap
[2026-03-19T10:51:25.158+0800][5.225s][info][gc,phases      ] GC(101) Phase 4: Compact heap 6.149ms
[2026-03-19T10:51:25.159+0800][5.226s][info][gc,heap        ] GC(101) Eden regions: 0->0(3)
[2026-03-19T10:51:25.159+0800][5.226s][info][gc,heap        ] GC(101) Survivor regions: 0->0(0)
[2026-03-19T10:51:25.159+0800][5.226s][info][gc,heap        ] GC(101) Old regions: 61->61
[2026-03-19T10:51:25.160+0800][5.226s][info][gc,heap        ] GC(101) Archive regions: 0->0
[2026-03-19T10:51:25.160+0800][5.226s][info][gc,heap        ] GC(101) Humongous regions: 3->3
[2026-03-19T10:51:25.160+0800][5.226s][info][gc,metaspace   ] GC(101) Metaspace: 5771K(6144K)->5771K(6144K) NonClass: 5139K(5376K)->5139K(5376K) Class: 632K(768K)->632K(768K)
[2026-03-19T10:51:25.160+0800][5.227s][info][gc             ] GC(101) Pause Full (G1 Compaction Pause) 63M->63M(64M) 44.578ms
[2026-03-19T10:51:25.160+0800][5.227s][info][gc,cpu         ] GC(101) User=0.06s Sys=0.02s Real=0.05s
[2026-03-19T10:51:25.160+0800][5.227s][info][gc,start       ] GC(102) Pause Young (Concurrent Start) (G1 Evacuation Pause)
[2026-03-19T10:51:25.160+0800][5.227s][info][gc,task        ] GC(102) Using 2 workers of 13 for evacuation
[2026-03-19T10:51:25.162+0800][5.229s][info][gc,phases      ] GC(102)   Pre Evacuate Collection Set: 0.2ms
[2026-03-19T10:51:25.162+0800][5.229s][info][gc,phases      ] GC(102)   Merge Heap Roots: 0.2ms
[2026-03-19T10:51:25.162+0800][5.229s][info][gc,phases      ] GC(102)   Evacuate Collection Set: 0.4ms
[2026-03-19T10:51:25.162+0800][5.229s][info][gc,phases      ] GC(102)   Post Evacuate Collection Set: 0.7ms
[2026-03-19T10:51:25.162+0800][5.229s][info][gc,phases      ] GC(102)   Other: 0.2ms
[2026-03-19T10:51:25.162+0800][5.229s][info][gc,heap        ] GC(102) Eden regions: 0->0(3)
[2026-03-19T10:51:25.162+0800][5.229s][info][gc,heap        ] GC(102) Survivor regions: 0->0(0)
[2026-03-19T10:51:25.162+0800][5.229s][info][gc,heap        ] GC(102) Old regions: 61->61
[2026-03-19T10:51:25.162+0800][5.229s][info][gc,heap        ] GC(102) Archive regions: 0->0
[2026-03-19T10:51:25.162+0800][5.229s][info][gc,heap        ] GC(102) Humongous regions: 3->3
[2026-03-19T10:51:25.162+0800][5.229s][info][gc,metaspace   ] GC(102) Metaspace: 5772K(6144K)->5772K(6144K) NonClass: 5140K(5376K)->5140K(5376K) Class: 632K(768K)->632K(768K)
[2026-03-19T10:51:25.162+0800][5.229s][info][gc             ] GC(102) Pause Young (Concurrent Start) (G1 Evacuation Pause) 63M->63M(64M) 2.190ms
[2026-03-19T10:51:25.162+0800][5.230s][info][gc,cpu         ] GC(102) User=0.02s Sys=0.00s Real=0.00s
[2026-03-19T10:51:25.162+0800][5.230s][info][gc,ergo        ] Attempting full compaction
[2026-03-19T10:51:25.162+0800][5.230s][info][gc,task        ] GC(103) Using 2 workers of 13 for full compaction
[2026-03-19T10:51:25.162+0800][5.230s][info][gc             ] GC(104) Concurrent Mark Cycle
[2026-03-19T10:51:25.162+0800][5.230s][info][gc,start       ] GC(103) Pause Full (G1 Compaction Pause)
[2026-03-19T10:51:25.162+0800][5.230s][info][gc,marking     ] GC(104) Concurrent Clear Claimed Marks
[2026-03-19T10:51:25.163+0800][5.230s][info][gc,marking     ] GC(104) Concurrent Clear Claimed Marks 0.242ms
[2026-03-19T10:51:25.163+0800][5.230s][info][gc,marking     ] GC(104) Concurrent Scan Root Regions
[2026-03-19T10:51:25.163+0800][5.230s][info][gc,phases,start] GC(103) Phase 1: Mark live objects
[2026-03-19T10:51:25.163+0800][5.230s][info][gc,marking     ] GC(104) Concurrent Scan Root Regions 0.040ms
[2026-03-19T10:51:25.186+0800][5.253s][info][gc,phases      ] GC(103) Phase 1: Mark live objects 22.615ms
[2026-03-19T10:51:25.186+0800][5.253s][info][gc,phases,start] GC(103) Phase 2: Prepare for compaction
[2026-03-19T10:51:25.186+0800][5.253s][info][gc,phases      ] GC(103) Phase 2: Prepare for compaction 0.241ms
[2026-03-19T10:51:25.186+0800][5.253s][info][gc,phases,start] GC(103) Phase 3: Adjust pointers
[2026-03-19T10:51:25.193+0800][5.260s][info][gc,phases      ] GC(103) Phase 3: Adjust pointers 6.569ms
[2026-03-19T10:51:25.193+0800][5.260s][info][gc,phases,start] GC(103) Phase 4: Compact heap
[2026-03-19T10:51:25.193+0800][5.260s][info][gc,phases      ] GC(103) Phase 4: Compact heap 0.411ms
[2026-03-19T10:51:25.194+0800][5.261s][info][gc,heap        ] GC(103) Eden regions: 0->0(3)
[2026-03-19T10:51:25.194+0800][5.261s][info][gc,heap        ] GC(103) Survivor regions: 0->0(0)
[2026-03-19T10:51:25.194+0800][5.261s][info][gc,heap        ] GC(103) Old regions: 61->61
[2026-03-19T10:51:25.194+0800][5.261s][info][gc,heap        ] GC(103) Archive regions: 0->0
[2026-03-19T10:51:25.194+0800][5.261s][info][gc,heap        ] GC(103) Humongous regions: 3->3
[2026-03-19T10:51:25.194+0800][5.262s][info][gc,metaspace   ] GC(103) Metaspace: 5772K(6144K)->5772K(6144K) NonClass: 5140K(5376K)->5140K(5376K) Class: 632K(768K)->632K(768K)
[2026-03-19T10:51:25.194+0800][5.262s][info][gc             ] GC(103) Pause Full (G1 Compaction Pause) 63M->63M(64M) 31.859ms
[2026-03-19T10:51:25.195+0800][5.262s][info][gc,cpu         ] GC(103) User=0.06s Sys=0.00s Real=0.03s
[2026-03-19T10:51:25.195+0800][5.262s][info][gc,ergo        ] Attempting maximum full compaction clearing soft references
[2026-03-19T10:51:25.195+0800][5.262s][info][gc,task        ] GC(105) Using 2 workers of 13 for full compaction
[2026-03-19T10:51:25.195+0800][5.262s][info][gc,start       ] GC(105) Pause Full (G1 Compaction Pause)
[2026-03-19T10:51:25.195+0800][5.262s][info][gc,phases,start] GC(105) Phase 1: Mark live objects
[2026-03-19T10:51:25.218+0800][5.286s][info][gc,phases      ] GC(105) Phase 1: Mark live objects 23.686ms
[2026-03-19T10:51:25.218+0800][5.286s][info][gc,phases,start] GC(105) Phase 2: Prepare for compaction
[2026-03-19T10:51:25.226+0800][5.293s][info][gc,phases      ] GC(105) Phase 2: Prepare for compaction 6.700ms
[2026-03-19T10:51:25.226+0800][5.293s][info][gc,phases,start] GC(105) Phase 3: Adjust pointers
[2026-03-19T10:51:25.237+0800][5.304s][info][gc,phases      ] GC(105) Phase 3: Adjust pointers 11.272ms
[2026-03-19T10:51:25.237+0800][5.304s][info][gc,phases,start] GC(105) Phase 4: Compact heap
[2026-03-19T10:51:25.245+0800][5.312s][info][gc,phases      ] GC(105) Phase 4: Compact heap 8.043ms
[2026-03-19T10:51:25.246+0800][5.314s][info][gc,heap        ] GC(105) Eden regions: 0->0(3)
[2026-03-19T10:51:25.246+0800][5.314s][info][gc,heap        ] GC(105) Survivor regions: 0->0(0)
[2026-03-19T10:51:25.246+0800][5.314s][info][gc,heap        ] GC(105) Old regions: 61->61
[2026-03-19T10:51:25.246+0800][5.314s][info][gc,heap        ] GC(105) Archive regions: 0->0
[2026-03-19T10:51:25.247+0800][5.314s][info][gc,heap        ] GC(105) Humongous regions: 3->3
[2026-03-19T10:51:25.247+0800][5.314s][info][gc,metaspace   ] GC(105) Metaspace: 5772K(6144K)->5772K(6144K) NonClass: 5140K(5376K)->5140K(5376K) Class: 632K(768K)->632K(768K)
[2026-03-19T10:51:25.247+0800][5.314s][info][gc             ] GC(105) Pause Full (G1 Compaction Pause) 63M->63M(64M) 52.026ms
[2026-03-19T10:51:25.247+0800][5.314s][info][gc,cpu         ] GC(105) User=0.08s Sys=0.00s Real=0.05s
[2026-03-19T10:51:25.247+0800][5.314s][info][gc,marking     ] GC(104) Concurrent Mark Abort
[2026-03-19T10:51:25.247+0800][5.314s][info][gc             ] GC(104) Concurrent Mark Cycle 84.693ms
[2026-03-19T10:51:25.247+0800][5.315s][info][gc,start       ] GC(106) Pause Young (Normal) (G1 Evacuation Pause)
[2026-03-19T10:51:25.247+0800][5.315s][info][gc,task        ] GC(106) Using 2 workers of 13 for evacuation
[2026-03-19T10:51:25.248+0800][5.315s][info][gc,phases      ] GC(106)   Pre Evacuate Collection Set: 0.0ms
[2026-03-19T10:51:25.248+0800][5.316s][info][gc,phases      ] GC(106)   Merge Heap Roots: 0.1ms
[2026-03-19T10:51:25.248+0800][5.316s][info][gc,phases      ] GC(106)   Evacuate Collection Set: 0.2ms
[2026-03-19T10:51:25.248+0800][5.316s][info][gc,phases      ] GC(106)   Post Evacuate Collection Set: 0.6ms
[2026-03-19T10:51:25.248+0800][5.316s][info][gc,phases      ] GC(106)   Other: 0.2ms
[2026-03-19T10:51:25.248+0800][5.316s][info][gc,heap        ] GC(106) Eden regions: 0->0(3)
[2026-03-19T10:51:25.248+0800][5.316s][info][gc,heap        ] GC(106) Survivor regions: 0->0(0)
[2026-03-19T10:51:25.248+0800][5.316s][info][gc,heap        ] GC(106) Old regions: 61->61
[2026-03-19T10:51:25.248+0800][5.316s][info][gc,heap        ] GC(106) Archive regions: 0->0
[2026-03-19T10:51:25.248+0800][5.316s][info][gc,heap        ] GC(106) Humongous regions: 3->3
[2026-03-19T10:51:25.248+0800][5.316s][info][gc,metaspace   ] GC(106) Metaspace: 5772K(6144K)->5772K(6144K) NonClass: 5140K(5376K)->5140K(5376K) Class: 632K(768K)->632K(768K)
[2026-03-19T10:51:25.248+0800][5.316s][info][gc             ] GC(106) Pause Young (Normal) (G1 Evacuation Pause) 63M->63M(64M) 1.462ms
[2026-03-19T10:51:25.248+0800][5.316s][info][gc,cpu         ] GC(106) User=0.00s Sys=0.00s Real=0.00s
[2026-03-19T10:51:25.248+0800][5.316s][info][gc,ergo        ] Attempting full compaction
[2026-03-19T10:51:25.248+0800][5.316s][info][gc,task        ] GC(107) Using 2 workers of 13 for full compaction
[2026-03-19T10:51:25.248+0800][5.316s][info][gc,start       ] GC(107) Pause Full (G1 Compaction Pause)
[2026-03-19T10:51:25.248+0800][5.316s][info][gc,phases,start] GC(107) Phase 1: Mark live objects
[2026-03-19T10:51:25.270+0800][5.337s][info][gc,phases      ] GC(107) Phase 1: Mark live objects 20.604ms
[2026-03-19T10:51:25.270+0800][5.337s][info][gc,phases,start] GC(107) Phase 2: Prepare for compaction
[2026-03-19T10:51:25.271+0800][5.337s][info][gc,phases      ] GC(107) Phase 2: Prepare for compaction 0.297ms
[2026-03-19T10:51:25.271+0800][5.337s][info][gc,phases,start] GC(107) Phase 3: Adjust pointers
[2026-03-19T10:51:25.277+0800][5.344s][info][gc,phases      ] GC(107) Phase 3: Adjust pointers 6.388ms
[2026-03-19T10:51:25.277+0800][5.344s][info][gc,phases,start] GC(107) Phase 4: Compact heap
[2026-03-19T10:51:25.277+0800][5.344s][info][gc,phases      ] GC(107) Phase 4: Compact heap 0.218ms
[2026-03-19T10:51:25.278+0800][5.345s][info][gc,heap        ] GC(107) Eden regions: 0->0(3)
[2026-03-19T10:51:25.278+0800][5.345s][info][gc,heap        ] GC(107) Survivor regions: 0->0(0)
[2026-03-19T10:51:25.278+0800][5.345s][info][gc,heap        ] GC(107) Old regions: 61->61
[2026-03-19T10:51:25.278+0800][5.345s][info][gc,heap        ] GC(107) Archive regions: 0->0
[2026-03-19T10:51:25.278+0800][5.345s][info][gc,heap        ] GC(107) Humongous regions: 3->3
[2026-03-19T10:51:25.278+0800][5.345s][info][gc,metaspace   ] GC(107) Metaspace: 5772K(6144K)->5772K(6144K) NonClass: 5140K(5376K)->5140K(5376K) Class: 632K(768K)->632K(768K)
[2026-03-19T10:51:25.279+0800][5.345s][info][gc             ] GC(107) Pause Full (G1 Compaction Pause) 63M->63M(64M) 29.203ms
[2026-03-19T10:51:25.279+0800][5.346s][info][gc,cpu         ] GC(107) User=0.06s Sys=0.00s Real=0.03s
[2026-03-19T10:51:25.279+0800][5.346s][info][gc,ergo        ] Attempting maximum full compaction clearing soft references
[2026-03-19T10:51:25.279+0800][5.346s][info][gc,task        ] GC(108) Using 2 workers of 13 for full compaction
[2026-03-19T10:51:25.279+0800][5.346s][info][gc,start       ] GC(108) Pause Full (G1 Compaction Pause)
[2026-03-19T10:51:25.279+0800][5.346s][info][gc,phases,start] GC(108) Phase 1: Mark live objects
[2026-03-19T10:51:25.300+0800][5.367s][info][gc,phases      ] GC(108) Phase 1: Mark live objects 21.037ms
[2026-03-19T10:51:25.300+0800][5.367s][info][gc,phases,start] GC(108) Phase 2: Prepare for compaction
[2026-03-19T10:51:25.307+0800][5.374s][info][gc,phases      ] GC(108) Phase 2: Prepare for compaction 7.011ms
[2026-03-19T10:51:25.307+0800][5.374s][info][gc,phases,start] GC(108) Phase 3: Adjust pointers
[2026-03-19T10:51:25.317+0800][5.384s][info][gc,phases      ] GC(108) Phase 3: Adjust pointers 9.447ms
[2026-03-19T10:51:25.317+0800][5.384s][info][gc,phases,start] GC(108) Phase 4: Compact heap
[2026-03-19T10:51:25.324+0800][5.390s][info][gc,phases      ] GC(108) Phase 4: Compact heap 6.218ms
[2026-03-19T10:51:25.324+0800][5.391s][info][gc,heap        ] GC(108) Eden regions: 0->0(3)
[2026-03-19T10:51:25.325+0800][5.392s][info][gc,heap        ] GC(108) Survivor regions: 0->0(0)
[2026-03-19T10:51:25.325+0800][5.392s][info][gc,heap        ] GC(108) Old regions: 61->61
[2026-03-19T10:51:25.325+0800][5.392s][info][gc,heap        ] GC(108) Archive regions: 0->0
[2026-03-19T10:51:25.325+0800][5.392s][info][gc,heap        ] GC(108) Humongous regions: 3->3
[2026-03-19T10:51:25.325+0800][5.392s][info][gc,metaspace   ] GC(108) Metaspace: 5772K(6144K)->5772K(6144K) NonClass: 5140K(5376K)->5140K(5376K) Class: 632K(768K)->632K(768K)
[2026-03-19T10:51:25.325+0800][5.392s][info][gc             ] GC(108) Pause Full (G1 Compaction Pause) 63M->63M(64M) 45.911ms
[2026-03-19T10:51:25.325+0800][5.392s][info][gc,cpu         ] GC(108) User=0.08s Sys=0.00s Real=0.05s
[2026-03-19T10:51:25.325+0800][5.392s][info][gc,start       ] GC(109) Pause Young (Concurrent Start) (G1 Evacuation Pause)
[2026-03-19T10:51:25.325+0800][5.392s][info][gc,task        ] GC(109) Using 2 workers of 13 for evacuation
[2026-03-19T10:51:25.327+0800][5.394s][info][gc,phases      ] GC(109)   Pre Evacuate Collection Set: 0.2ms
[2026-03-19T10:51:25.327+0800][5.394s][info][gc,phases      ] GC(109)   Merge Heap Roots: 0.1ms
[2026-03-19T10:51:25.327+0800][5.394s][info][gc,phases      ] GC(109)   Evacuate Collection Set: 0.2ms
[2026-03-19T10:51:25.327+0800][5.394s][info][gc,phases      ] GC(109)   Post Evacuate Collection Set: 0.7ms
[2026-03-19T10:51:25.327+0800][5.394s][info][gc,phases      ] GC(109)   Other: 0.2ms
[2026-03-19T10:51:25.327+0800][5.394s][info][gc,heap        ] GC(109) Eden regions: 0->0(3)
[2026-03-19T10:51:25.327+0800][5.394s][info][gc,heap        ] GC(109) Survivor regions: 0->0(0)
[2026-03-19T10:51:25.327+0800][5.394s][info][gc,heap        ] GC(109) Old regions: 61->61
[2026-03-19T10:51:25.327+0800][5.394s][info][gc,heap        ] GC(109) Archive regions: 0->0
[2026-03-19T10:51:25.327+0800][5.394s][info][gc,heap        ] GC(109) Humongous regions: 3->3
[2026-03-19T10:51:25.327+0800][5.394s][info][gc,metaspace   ] GC(109) Metaspace: 5772K(6144K)->5772K(6144K) NonClass: 5140K(5376K)->5140K(5376K) Class: 632K(768K)->632K(768K)
[2026-03-19T10:51:25.327+0800][5.394s][info][gc             ] GC(109) Pause Young (Concurrent Start) (G1 Evacuation Pause) 63M->63M(64M) 1.875ms
[2026-03-19T10:51:25.327+0800][5.394s][info][gc,cpu         ] GC(109) User=0.00s Sys=0.00s Real=0.00s
[2026-03-19T10:51:25.327+0800][5.394s][info][gc,ergo        ] Attempting full compaction
[2026-03-19T10:51:25.327+0800][5.394s][info][gc             ] GC(110) Concurrent Mark Cycle
[2026-03-19T10:51:25.327+0800][5.394s][info][gc,task        ] GC(111) Using 2 workers of 13 for full compaction
[2026-03-19T10:51:25.327+0800][5.394s][info][gc,marking     ] GC(110) Concurrent Clear Claimed Marks
[2026-03-19T10:51:25.328+0800][5.394s][info][gc,marking     ] GC(110) Concurrent Clear Claimed Marks 0.141ms
[2026-03-19T10:51:25.328+0800][5.394s][info][gc,start       ] GC(111) Pause Full (G1 Compaction Pause)
[2026-03-19T10:51:25.328+0800][5.394s][info][gc,marking     ] GC(110) Concurrent Scan Root Regions
[2026-03-19T10:51:25.328+0800][5.395s][info][gc,marking     ] GC(110) Concurrent Scan Root Regions 0.169ms
[2026-03-19T10:51:25.328+0800][5.395s][info][gc,marking     ] GC(110) Concurrent Mark
[2026-03-19T10:51:25.328+0800][5.395s][info][gc,phases,start] GC(111) Phase 1: Mark live objects
[2026-03-19T10:51:25.328+0800][5.395s][info][gc,marking     ] GC(110) Concurrent Mark From Roots
[2026-03-19T10:51:25.328+0800][5.395s][info][gc,task        ] GC(110) Using 3 workers of 3 for marking
[2026-03-19T10:51:25.348+0800][5.415s][info][gc,phases      ] GC(111) Phase 1: Mark live objects 20.532ms
[2026-03-19T10:51:25.348+0800][5.415s][info][gc,phases,start] GC(111) Phase 2: Prepare for compaction
[2026-03-19T10:51:25.348+0800][5.416s][info][gc,phases      ] GC(111) Phase 2: Prepare for compaction 0.288ms
[2026-03-19T10:51:25.348+0800][5.416s][info][gc,phases,start] GC(111) Phase 3: Adjust pointers
[2026-03-19T10:51:25.356+0800][5.423s][info][gc,phases      ] GC(111) Phase 3: Adjust pointers 6.827ms
[2026-03-19T10:51:25.356+0800][5.423s][info][gc,phases,start] GC(111) Phase 4: Compact heap
[2026-03-19T10:51:25.356+0800][5.423s][info][gc,phases      ] GC(111) Phase 4: Compact heap 0.154ms
[2026-03-19T10:51:25.357+0800][5.424s][info][gc,heap        ] GC(111) Eden regions: 0->0(3)
[2026-03-19T10:51:25.357+0800][5.424s][info][gc,heap        ] GC(111) Survivor regions: 0->0(0)
[2026-03-19T10:51:25.357+0800][5.424s][info][gc,heap        ] GC(111) Old regions: 61->61
[2026-03-19T10:51:25.357+0800][5.424s][info][gc,heap        ] GC(111) Archive regions: 0->0
[2026-03-19T10:51:25.357+0800][5.424s][info][gc,heap        ] GC(111) Humongous regions: 3->3
[2026-03-19T10:51:25.357+0800][5.424s][info][gc,metaspace   ] GC(111) Metaspace: 5772K(6144K)->5772K(6144K) NonClass: 5140K(5376K)->5140K(5376K) Class: 632K(768K)->632K(768K)
[2026-03-19T10:51:25.357+0800][5.424s][info][gc             ] GC(111) Pause Full (G1 Compaction Pause) 63M->63M(64M) 29.617ms
[2026-03-19T10:51:25.357+0800][5.424s][info][gc,cpu         ] GC(111) User=0.03s Sys=0.00s Real=0.03s
[2026-03-19T10:51:25.357+0800][5.424s][info][gc,ergo        ] Attempting maximum full compaction clearing soft references
[2026-03-19T10:51:25.357+0800][5.424s][info][gc,task        ] GC(112) Using 2 workers of 13 for full compaction
[2026-03-19T10:51:25.357+0800][5.424s][info][gc,start       ] GC(112) Pause Full (G1 Compaction Pause)
[2026-03-19T10:51:25.357+0800][5.424s][info][gc,phases,start] GC(112) Phase 1: Mark live objects
[2026-03-19T10:51:25.381+0800][5.448s][info][gc,phases      ] GC(112) Phase 1: Mark live objects 23.461ms
[2026-03-19T10:51:25.381+0800][5.448s][info][gc,phases,start] GC(112) Phase 2: Prepare for compaction
[2026-03-19T10:51:25.387+0800][5.455s][info][gc,phases      ] GC(112) Phase 2: Prepare for compaction 6.564ms
[2026-03-19T10:51:25.388+0800][5.455s][info][gc,phases,start] GC(112) Phase 3: Adjust pointers
[2026-03-19T10:51:25.397+0800][5.464s][info][gc,phases      ] GC(112) Phase 3: Adjust pointers 9.380ms
[2026-03-19T10:51:25.397+0800][5.464s][info][gc,phases,start] GC(112) Phase 4: Compact heap
[2026-03-19T10:51:25.403+0800][5.470s][info][gc,phases      ] GC(112) Phase 4: Compact heap 5.833ms
[2026-03-19T10:51:25.404+0800][5.471s][info][gc,heap        ] GC(112) Eden regions: 0->0(3)
[2026-03-19T10:51:25.404+0800][5.471s][info][gc,heap        ] GC(112) Survivor regions: 0->0(0)
[2026-03-19T10:51:25.404+0800][5.471s][info][gc,heap        ] GC(112) Old regions: 61->61
[2026-03-19T10:51:25.404+0800][5.471s][info][gc,heap        ] GC(112) Archive regions: 0->0
[2026-03-19T10:51:25.404+0800][5.471s][info][gc,heap        ] GC(112) Humongous regions: 3->3
[2026-03-19T10:51:25.404+0800][5.471s][info][gc,metaspace   ] GC(112) Metaspace: 5772K(6144K)->5772K(6144K) NonClass: 5140K(5376K)->5140K(5376K) Class: 632K(768K)->632K(768K)
[2026-03-19T10:51:25.404+0800][5.471s][info][gc             ] GC(112) Pause Full (G1 Compaction Pause) 63M->63M(64M) 47.093ms
[2026-03-19T10:51:25.405+0800][5.472s][info][gc,cpu         ] GC(112) User=0.08s Sys=0.00s Real=0.05s
[2026-03-19T10:51:25.405+0800][5.472s][info][gc,marking     ] GC(110) Concurrent Mark From Roots 77.143ms
[2026-03-19T10:51:25.405+0800][5.472s][info][gc,marking     ] GC(110) Concurrent Mark Abort
[2026-03-19T10:51:25.405+0800][5.472s][info][gc             ] GC(110) Concurrent Mark Cycle 77.893ms
[2026-03-19T10:51:25.405+0800][5.472s][info][gc,start       ] GC(113) Pause Young (Normal) (G1 Evacuation Pause)
[2026-03-19T10:51:25.405+0800][5.472s][info][gc,task        ] GC(113) Using 2 workers of 13 for evacuation
[2026-03-19T10:51:25.408+0800][5.475s][info][gc,phases      ] GC(113)   Pre Evacuate Collection Set: 0.1ms
[2026-03-19T10:51:25.408+0800][5.475s][info][gc,phases      ] GC(113)   Merge Heap Roots: 0.1ms
[2026-03-19T10:51:25.408+0800][5.475s][info][gc,phases      ] GC(113)   Evacuate Collection Set: 1.2ms
[2026-03-19T10:51:25.408+0800][5.475s][info][gc,phases      ] GC(113)   Post Evacuate Collection Set: 0.8ms
[2026-03-19T10:51:25.408+0800][5.475s][info][gc,phases      ] GC(113)   Other: 0.2ms
[2026-03-19T10:51:25.408+0800][5.475s][info][gc,heap        ] GC(113) Eden regions: 0->0(3)
[2026-03-19T10:51:25.408+0800][5.475s][info][gc,heap        ] GC(113) Survivor regions: 0->0(0)
[2026-03-19T10:51:25.408+0800][5.475s][info][gc,heap        ] GC(113) Old regions: 61->61
[2026-03-19T10:51:25.408+0800][5.475s][info][gc,heap        ] GC(113) Archive regions: 0->0
[2026-03-19T10:51:25.408+0800][5.475s][info][gc,heap        ] GC(113) Humongous regions: 3->3
[2026-03-19T10:51:25.408+0800][5.475s][info][gc,metaspace   ] GC(113) Metaspace: 5772K(6144K)->5772K(6144K) NonClass: 5140K(5376K)->5140K(5376K) Class: 632K(768K)->632K(768K)
[2026-03-19T10:51:25.408+0800][5.475s][info][gc             ] GC(113) Pause Young (Normal) (G1 Evacuation Pause) 63M->63M(64M) 2.994ms
[2026-03-19T10:51:25.408+0800][5.475s][info][gc,cpu         ] GC(113) User=0.00s Sys=0.00s Real=0.00s
[2026-03-19T10:51:25.408+0800][5.475s][info][gc,ergo        ] Attempting full compaction
[2026-03-19T10:51:25.408+0800][5.475s][info][gc,task        ] GC(114) Using 2 workers of 13 for full compaction
[2026-03-19T10:51:25.408+0800][5.476s][info][gc,start       ] GC(114) Pause Full (G1 Compaction Pause)
[2026-03-19T10:51:25.408+0800][5.476s][info][gc,phases,start] GC(114) Phase 1: Mark live objects
[2026-03-19T10:51:25.432+0800][5.499s][info][gc,phases      ] GC(114) Phase 1: Mark live objects 22.990ms
[2026-03-19T10:51:25.432+0800][5.499s][info][gc,phases,start] GC(114) Phase 2: Prepare for compaction
[2026-03-19T10:51:25.432+0800][5.499s][info][gc,phases      ] GC(114) Phase 2: Prepare for compaction 0.265ms
[2026-03-19T10:51:25.432+0800][5.499s][info][gc,phases,start] GC(114) Phase 3: Adjust pointers
[2026-03-19T10:51:25.439+0800][5.506s][info][gc,phases      ] GC(114) Phase 3: Adjust pointers 7.128ms
[2026-03-19T10:51:25.439+0800][5.507s][info][gc,phases,start] GC(114) Phase 4: Compact heap
[2026-03-19T10:51:25.440+0800][5.507s][info][gc,phases      ] GC(114) Phase 4: Compact heap 0.195ms
[2026-03-19T10:51:25.440+0800][5.508s][info][gc,heap        ] GC(114) Eden regions: 0->0(3)
[2026-03-19T10:51:25.441+0800][5.508s][info][gc,heap        ] GC(114) Survivor regions: 0->0(0)
[2026-03-19T10:51:25.441+0800][5.508s][info][gc,heap        ] GC(114) Old regions: 61->61
[2026-03-19T10:51:25.441+0800][5.508s][info][gc,heap        ] GC(114) Archive regions: 0->0
[2026-03-19T10:51:25.441+0800][5.508s][info][gc,heap        ] GC(114) Humongous regions: 3->3
[2026-03-19T10:51:25.441+0800][5.508s][info][gc,metaspace   ] GC(114) Metaspace: 5772K(6144K)->5772K(6144K) NonClass: 5140K(5376K)->5140K(5376K) Class: 632K(768K)->632K(768K)
[2026-03-19T10:51:25.441+0800][5.508s][info][gc             ] GC(114) Pause Full (G1 Compaction Pause) 63M->63M(64M) 32.178ms
[2026-03-19T10:51:25.441+0800][5.508s][info][gc,cpu         ] GC(114) User=0.08s Sys=0.00s Real=0.03s
[2026-03-19T10:51:25.441+0800][5.508s][info][gc,ergo        ] Attempting maximum full compaction clearing soft references
[2026-03-19T10:51:25.441+0800][5.508s][info][gc,task        ] GC(115) Using 2 workers of 13 for full compaction
[2026-03-19T10:51:25.441+0800][5.508s][info][gc,start       ] GC(115) Pause Full (G1 Compaction Pause)
[2026-03-19T10:51:25.441+0800][5.508s][info][gc,phases,start] GC(115) Phase 1: Mark live objects
[2026-03-19T10:51:25.462+0800][5.529s][info][gc,phases      ] GC(115) Phase 1: Mark live objects 20.894ms
[2026-03-19T10:51:25.462+0800][5.529s][info][gc,phases,start] GC(115) Phase 2: Prepare for compaction
[2026-03-19T10:51:25.468+0800][5.536s][info][gc,phases      ] GC(115) Phase 2: Prepare for compaction 6.981ms
[2026-03-19T10:51:25.470+0800][5.537s][info][gc,phases,start] GC(115) Phase 3: Adjust pointers
[2026-03-19T10:51:25.479+0800][5.546s][info][gc,phases      ] GC(115) Phase 3: Adjust pointers 9.903ms
[2026-03-19T10:51:25.480+0800][5.547s][info][gc,phases,start] GC(115) Phase 4: Compact heap
[2026-03-19T10:51:25.485+0800][5.553s][info][gc,phases      ] GC(115) Phase 4: Compact heap 6.050ms
[2026-03-19T10:51:25.487+0800][5.554s][info][gc,heap        ] GC(115) Eden regions: 0->0(3)
[2026-03-19T10:51:25.487+0800][5.554s][info][gc,heap        ] GC(115) Survivor regions: 0->0(0)
[2026-03-19T10:51:25.487+0800][5.554s][info][gc,heap        ] GC(115) Old regions: 61->61
[2026-03-19T10:51:25.487+0800][5.554s][info][gc,heap        ] GC(115) Archive regions: 0->0
[2026-03-19T10:51:25.487+0800][5.554s][info][gc,heap        ] GC(115) Humongous regions: 3->3
[2026-03-19T10:51:25.487+0800][5.554s][info][gc,metaspace   ] GC(115) Metaspace: 5772K(6144K)->5772K(6144K) NonClass: 5140K(5376K)->5140K(5376K) Class: 632K(768K)->632K(768K)
[2026-03-19T10:51:25.487+0800][5.554s][info][gc             ] GC(115) Pause Full (G1 Compaction Pause) 63M->63M(64M) 46.303ms
[2026-03-19T10:51:25.487+0800][5.555s][info][gc,cpu         ] GC(115) User=0.09s Sys=0.00s Real=0.05s
[2026-03-19T10:51:25.488+0800][5.555s][info][gc,start       ] GC(116) Pause Young (Concurrent Start) (G1 Evacuation Pause)
[2026-03-19T10:51:25.488+0800][5.555s][info][gc,task        ] GC(116) Using 2 workers of 13 for evacuation
[2026-03-19T10:51:25.488+0800][5.556s][info][gc,phases      ] GC(116)   Pre Evacuate Collection Set: 0.2ms
[2026-03-19T10:51:25.488+0800][5.556s][info][gc,phases      ] GC(116)   Merge Heap Roots: 0.0ms
[2026-03-19T10:51:25.488+0800][5.556s][info][gc,phases      ] GC(116)   Evacuate Collection Set: 0.2ms
[2026-03-19T10:51:25.488+0800][5.556s][info][gc,phases      ] GC(116)   Post Evacuate Collection Set: 0.6ms
[2026-03-19T10:51:25.488+0800][5.557s][info][gc,phases      ] GC(116)   Other: 0.2ms
[2026-03-19T10:51:25.488+0800][5.557s][info][gc,heap        ] GC(116) Eden regions: 0->0(3)
[2026-03-19T10:51:25.488+0800][5.557s][info][gc,heap        ] GC(116) Survivor regions: 0->0(0)
[2026-03-19T10:51:25.490+0800][5.557s][info][gc,heap        ] GC(116) Old regions: 61->61
[2026-03-19T10:51:25.490+0800][5.557s][info][gc,heap        ] GC(116) Archive regions: 0->0
[2026-03-19T10:51:25.490+0800][5.557s][info][gc,heap        ] GC(116) Humongous regions: 3->3
[2026-03-19T10:51:25.490+0800][5.557s][info][gc,metaspace   ] GC(116) Metaspace: 5772K(6144K)->5772K(6144K) NonClass: 5140K(5376K)->5140K(5376K) Class: 632K(768K)->632K(768K)
[2026-03-19T10:51:25.490+0800][5.557s][info][gc             ] GC(116) Pause Young (Concurrent Start) (G1 Evacuation Pause) 63M->63M(64M) 1.683ms
[2026-03-19T10:51:25.490+0800][5.557s][info][gc,cpu         ] GC(116) User=0.00s Sys=0.00s Real=0.00s
[2026-03-19T10:51:25.490+0800][5.557s][info][gc,ergo        ] Attempting full compaction
[2026-03-19T10:51:25.490+0800][5.557s][info][gc             ] GC(117) Concurrent Mark Cycle
[2026-03-19T10:51:25.490+0800][5.557s][info][gc,task        ] GC(118) Using 2 workers of 13 for full compaction
[2026-03-19T10:51:25.490+0800][5.557s][info][gc,marking     ] GC(117) Concurrent Clear Claimed Marks
[2026-03-19T10:51:25.490+0800][5.557s][info][gc,marking     ] GC(117) Concurrent Clear Claimed Marks 0.167ms
[2026-03-19T10:51:25.490+0800][5.557s][info][gc,start       ] GC(118) Pause Full (G1 Compaction Pause)
[2026-03-19T10:51:25.490+0800][5.557s][info][gc,marking     ] GC(117) Concurrent Scan Root Regions
[2026-03-19T10:51:25.490+0800][5.557s][info][gc,marking     ] GC(117) Concurrent Scan Root Regions 0.180ms
[2026-03-19T10:51:25.490+0800][5.557s][info][gc,marking     ] GC(117) Concurrent Mark
[2026-03-19T10:51:25.490+0800][5.557s][info][gc,marking     ] GC(117) Concurrent Mark From Roots
[2026-03-19T10:51:25.490+0800][5.557s][info][gc,phases,start] GC(118) Phase 1: Mark live objects
[2026-03-19T10:51:25.490+0800][5.557s][info][gc,task        ] GC(117) Using 3 workers of 3 for marking
[2026-03-19T10:51:25.511+0800][5.579s][info][gc,phases      ] GC(118) Phase 1: Mark live objects 21.026ms
[2026-03-19T10:51:25.511+0800][5.579s][info][gc,phases,start] GC(118) Phase 2: Prepare for compaction
[2026-03-19T10:51:25.512+0800][5.579s][info][gc,phases      ] GC(118) Phase 2: Prepare for compaction 0.260ms
[2026-03-19T10:51:25.512+0800][5.579s][info][gc,phases,start] GC(118) Phase 3: Adjust pointers
[2026-03-19T10:51:25.525+0800][5.592s][info][gc,phases      ] GC(118) Phase 3: Adjust pointers 13.138ms
[2026-03-19T10:51:25.526+0800][5.593s][info][gc,phases,start] GC(118) Phase 4: Compact heap
[2026-03-19T10:51:25.526+0800][5.593s][info][gc,phases      ] GC(118) Phase 4: Compact heap 0.412ms
[2026-03-19T10:51:25.527+0800][5.594s][info][gc,heap        ] GC(118) Eden regions: 0->0(3)
[2026-03-19T10:51:25.527+0800][5.594s][info][gc,heap        ] GC(118) Survivor regions: 0->0(0)
[2026-03-19T10:51:25.527+0800][5.594s][info][gc,heap        ] GC(118) Old regions: 61->61
[2026-03-19T10:51:25.527+0800][5.594s][info][gc,heap        ] GC(118) Archive regions: 0->0
[2026-03-19T10:51:25.527+0800][5.594s][info][gc,heap        ] GC(118) Humongous regions: 3->3
[2026-03-19T10:51:25.527+0800][5.594s][info][gc,metaspace   ] GC(118) Metaspace: 5772K(6144K)->5772K(6144K) NonClass: 5140K(5376K)->5140K(5376K) Class: 632K(768K)->632K(768K)
[2026-03-19T10:51:25.527+0800][5.594s][info][gc             ] GC(118) Pause Full (G1 Compaction Pause) 63M->63M(64M) 37.223ms
[2026-03-19T10:51:25.528+0800][5.595s][info][gc,cpu         ] GC(118) User=0.08s Sys=0.00s Real=0.04s
[2026-03-19T10:51:25.528+0800][5.595s][info][gc,ergo        ] Attempting maximum full compaction clearing soft references
[2026-03-19T10:51:25.528+0800][5.595s][info][gc,task        ] GC(119) Using 2 workers of 13 for full compaction
[2026-03-19T10:51:25.528+0800][5.595s][info][gc,start       ] GC(119) Pause Full (G1 Compaction Pause)
[2026-03-19T10:51:25.528+0800][5.595s][info][gc,phases,start] GC(119) Phase 1: Mark live objects
[2026-03-19T10:51:25.548+0800][5.615s][info][gc,phases      ] GC(119) Phase 1: Mark live objects 20.426ms
[2026-03-19T10:51:25.548+0800][5.615s][info][gc,phases,start] GC(119) Phase 2: Prepare for compaction
[2026-03-19T10:51:25.556+0800][5.622s][info][gc,phases      ] GC(119) Phase 2: Prepare for compaction 6.872ms
[2026-03-19T10:51:25.556+0800][5.622s][info][gc,phases,start] GC(119) Phase 3: Adjust pointers
[2026-03-19T10:51:25.564+0800][5.632s][info][gc,phases      ] GC(119) Phase 3: Adjust pointers 9.199ms
[2026-03-19T10:51:25.564+0800][5.632s][info][gc,phases,start] GC(119) Phase 4: Compact heap
[2026-03-19T10:51:25.570+0800][5.637s][info][gc,phases      ] GC(119) Phase 4: Compact heap 5.634ms
[2026-03-19T10:51:25.571+0800][5.638s][info][gc,heap        ] GC(119) Eden regions: 0->0(3)
[2026-03-19T10:51:25.571+0800][5.638s][info][gc,heap        ] GC(119) Survivor regions: 0->0(0)
[2026-03-19T10:51:25.571+0800][5.639s][info][gc,heap        ] GC(119) Old regions: 61->61
[2026-03-19T10:51:25.571+0800][5.639s][info][gc,heap        ] GC(119) Archive regions: 0->0
[2026-03-19T10:51:25.571+0800][5.639s][info][gc,heap        ] GC(119) Humongous regions: 3->3
[2026-03-19T10:51:25.571+0800][5.639s][info][gc,metaspace   ] GC(119) Metaspace: 5772K(6144K)->5772K(6144K) NonClass: 5140K(5376K)->5140K(5376K) Class: 632K(768K)->632K(768K)
[2026-03-19T10:51:25.571+0800][5.639s][info][gc             ] GC(119) Pause Full (G1 Compaction Pause) 63M->63M(64M) 43.892ms
[2026-03-19T10:51:25.571+0800][5.639s][info][gc,cpu         ] GC(119) User=0.09s Sys=0.00s Real=0.04s
[2026-03-19T10:51:25.572+0800][5.639s][info][gc,marking     ] GC(117) Concurrent Mark From Roots 81.602ms
[2026-03-19T10:51:25.572+0800][5.639s][info][gc,marking     ] GC(117) Concurrent Mark Abort
[2026-03-19T10:51:25.572+0800][5.639s][info][gc             ] GC(117) Concurrent Mark Cycle 82.356ms
[2026-03-19T10:51:25.572+0800][5.639s][info][gc,start       ] GC(120) Pause Young (Normal) (G1 Evacuation Pause)
[2026-03-19T10:51:25.572+0800][5.640s][info][gc,task        ] GC(120) Using 2 workers of 13 for evacuation
[2026-03-19T10:51:25.574+0800][5.641s][info][gc,phases      ] GC(120)   Pre Evacuate Collection Set: 0.3ms
[2026-03-19T10:51:25.574+0800][5.641s][info][gc,phases      ] GC(120)   Merge Heap Roots: 0.3ms
[2026-03-19T10:51:25.574+0800][5.641s][info][gc,phases      ] GC(120)   Evacuate Collection Set: 0.2ms
[2026-03-19T10:51:25.574+0800][5.641s][info][gc,phases      ] GC(120)   Post Evacuate Collection Set: 0.6ms
[2026-03-19T10:51:25.574+0800][5.641s][info][gc,phases      ] GC(120)   Other: 0.3ms
[2026-03-19T10:51:25.574+0800][5.641s][info][gc,heap        ] GC(120) Eden regions: 0->0(3)
[2026-03-19T10:51:25.574+0800][5.641s][info][gc,heap        ] GC(120) Survivor regions: 0->0(0)
[2026-03-19T10:51:25.574+0800][5.641s][info][gc,heap        ] GC(120) Old regions: 61->61
[2026-03-19T10:51:25.574+0800][5.641s][info][gc,heap        ] GC(120) Archive regions: 0->0
[2026-03-19T10:51:25.574+0800][5.641s][info][gc,heap        ] GC(120) Humongous regions: 3->3
[2026-03-19T10:51:25.574+0800][5.642s][info][gc,metaspace   ] GC(120) Metaspace: 5772K(6144K)->5772K(6144K) NonClass: 5140K(5376K)->5140K(5376K) Class: 632K(768K)->632K(768K)
[2026-03-19T10:51:25.574+0800][5.642s][info][gc             ] GC(120) Pause Young (Normal) (G1 Evacuation Pause) 63M->63M(64M) 2.134ms
[2026-03-19T10:51:25.574+0800][5.642s][info][gc,cpu         ] GC(120) User=0.00s Sys=0.00s Real=0.00s
[2026-03-19T10:51:25.574+0800][5.642s][info][gc,ergo        ] Attempting full compaction
[2026-03-19T10:51:25.574+0800][5.642s][info][gc,task        ] GC(121) Using 2 workers of 13 for full compaction
[2026-03-19T10:51:25.574+0800][5.642s][info][gc,start       ] GC(121) Pause Full (G1 Compaction Pause)
[2026-03-19T10:51:25.574+0800][5.642s][info][gc,phases,start] GC(121) Phase 1: Mark live objects
[2026-03-19T10:51:25.595+0800][5.663s][info][gc,phases      ] GC(121) Phase 1: Mark live objects 20.729ms
[2026-03-19T10:51:25.595+0800][5.663s][info][gc,phases,start] GC(121) Phase 2: Prepare for compaction
[2026-03-19T10:51:25.596+0800][5.663s][info][gc,phases      ] GC(121) Phase 2: Prepare for compaction 0.253ms
[2026-03-19T10:51:25.596+0800][5.663s][info][gc,phases,start] GC(121) Phase 3: Adjust pointers
[2026-03-19T10:51:25.602+0800][5.669s][info][gc,phases      ] GC(121) Phase 3: Adjust pointers 6.326ms
[2026-03-19T10:51:25.602+0800][5.670s][info][gc,phases,start] GC(121) Phase 4: Compact heap
[2026-03-19T10:51:25.603+0800][5.670s][info][gc,phases      ] GC(121) Phase 4: Compact heap 0.224ms
[2026-03-19T10:51:25.603+0800][5.671s][info][gc,heap        ] GC(121) Eden regions: 0->0(3)
[2026-03-19T10:51:25.603+0800][5.671s][info][gc,heap        ] GC(121) Survivor regions: 0->0(0)
[2026-03-19T10:51:25.603+0800][5.671s][info][gc,heap        ] GC(121) Old regions: 61->61
[2026-03-19T10:51:25.603+0800][5.671s][info][gc,heap        ] GC(121) Archive regions: 0->0
[2026-03-19T10:51:25.604+0800][5.671s][info][gc,heap        ] GC(121) Humongous regions: 3->3
[2026-03-19T10:51:25.604+0800][5.671s][info][gc,metaspace   ] GC(121) Metaspace: 5772K(6144K)->5772K(6144K) NonClass: 5140K(5376K)->5140K(5376K) Class: 632K(768K)->632K(768K)
[2026-03-19T10:51:25.604+0800][5.671s][info][gc             ] GC(121) Pause Full (G1 Compaction Pause) 63M->63M(64M) 29.084ms
[2026-03-19T10:51:25.604+0800][5.671s][info][gc,cpu         ] GC(121) User=0.06s Sys=0.00s Real=0.03s
[2026-03-19T10:51:25.604+0800][5.671s][info][gc,ergo        ] Attempting maximum full compaction clearing soft references
[2026-03-19T10:51:25.604+0800][5.671s][info][gc,task        ] GC(122) Using 2 workers of 13 for full compaction
[2026-03-19T10:51:25.604+0800][5.671s][info][gc,start       ] GC(122) Pause Full (G1 Compaction Pause)
[2026-03-19T10:51:25.604+0800][5.671s][info][gc,phases,start] GC(122) Phase 1: Mark live objects
[2026-03-19T10:51:25.625+0800][5.692s][info][gc,phases      ] GC(122) Phase 1: Mark live objects 20.487ms
[2026-03-19T10:51:25.625+0800][5.692s][info][gc,phases,start] GC(122) Phase 2: Prepare for compaction
[2026-03-19T10:51:25.632+0800][5.699s][info][gc,phases      ] GC(122) Phase 2: Prepare for compaction 7.198ms
[2026-03-19T10:51:25.632+0800][5.699s][info][gc,phases,start] GC(122) Phase 3: Adjust pointers
[2026-03-19T10:51:25.642+0800][5.709s][info][gc,phases      ] GC(122) Phase 3: Adjust pointers 10.073ms
[2026-03-19T10:51:25.642+0800][5.709s][info][gc,phases,start] GC(122) Phase 4: Compact heap
[2026-03-19T10:51:25.648+0800][5.715s][info][gc,phases      ] GC(122) Phase 4: Compact heap 5.852ms
[2026-03-19T10:51:25.649+0800][5.716s][info][gc,heap        ] GC(122) Eden regions: 0->0(3)
[2026-03-19T10:51:25.649+0800][5.716s][info][gc,heap        ] GC(122) Survivor regions: 0->0(0)
[2026-03-19T10:51:25.649+0800][5.717s][info][gc,heap        ] GC(122) Old regions: 61->61
[2026-03-19T10:51:25.649+0800][5.717s][info][gc,heap        ] GC(122) Archive regions: 0->0
[2026-03-19T10:51:25.649+0800][5.717s][info][gc,heap        ] GC(122) Humongous regions: 3->3
[2026-03-19T10:51:25.650+0800][5.717s][info][gc,metaspace   ] GC(122) Metaspace: 5772K(6144K)->5772K(6144K) NonClass: 5140K(5376K)->5140K(5376K) Class: 632K(768K)->632K(768K)
[2026-03-19T10:51:25.650+0800][5.717s][info][gc             ] GC(122) Pause Full (G1 Compaction Pause) 63M->63M(64M) 45.484ms
[2026-03-19T10:51:25.650+0800][5.717s][info][gc,cpu         ] GC(122) User=0.09s Sys=0.00s Real=0.05s
[2026-03-19T10:51:25.650+0800][5.717s][info][gc,start       ] GC(123) Pause Young (Concurrent Start) (G1 Evacuation Pause)
[2026-03-19T10:51:25.650+0800][5.717s][info][gc,task        ] GC(123) Using 2 workers of 13 for evacuation
[2026-03-19T10:51:25.652+0800][5.718s][info][gc,phases      ] GC(123)   Pre Evacuate Collection Set: 0.1ms
[2026-03-19T10:51:25.652+0800][5.718s][info][gc,phases      ] GC(123)   Merge Heap Roots: 0.1ms
[2026-03-19T10:51:25.652+0800][5.719s][info][gc,phases      ] GC(123)   Evacuate Collection Set: 0.2ms
[2026-03-19T10:51:25.652+0800][5.719s][info][gc,phases      ] GC(123)   Post Evacuate Collection Set: 0.6ms
[2026-03-19T10:51:25.652+0800][5.719s][info][gc,phases      ] GC(123)   Other: 0.2ms
[2026-03-19T10:51:25.652+0800][5.719s][info][gc,heap        ] GC(123) Eden regions: 0->0(3)
[2026-03-19T10:51:25.652+0800][5.719s][info][gc,heap        ] GC(123) Survivor regions: 0->0(0)
[2026-03-19T10:51:25.652+0800][5.719s][info][gc,heap        ] GC(123) Old regions: 61->61
[2026-03-19T10:51:25.652+0800][5.719s][info][gc,heap        ] GC(123) Archive regions: 0->0
[2026-03-19T10:51:25.652+0800][5.719s][info][gc,heap        ] GC(123) Humongous regions: 3->3
[2026-03-19T10:51:25.652+0800][5.719s][info][gc,metaspace   ] GC(123) Metaspace: 5772K(6144K)->5772K(6144K) NonClass: 5140K(5376K)->5140K(5376K) Class: 632K(768K)->632K(768K)
[2026-03-19T10:51:25.652+0800][5.719s][info][gc             ] GC(123) Pause Young (Concurrent Start) (G1 Evacuation Pause) 63M->63M(64M) 1.685ms
[2026-03-19T10:51:25.652+0800][5.719s][info][gc,cpu         ] GC(123) User=0.00s Sys=0.00s Real=0.00s
[2026-03-19T10:51:25.652+0800][5.719s][info][gc,ergo        ] Attempting full compaction
[2026-03-19T10:51:25.652+0800][5.719s][info][gc             ] GC(125) Concurrent Mark Cycle
[2026-03-19T10:51:25.652+0800][5.719s][info][gc,task        ] GC(124) Using 2 workers of 13 for full compaction
[2026-03-19T10:51:25.652+0800][5.719s][info][gc,marking     ] GC(125) Concurrent Clear Claimed Marks
[2026-03-19T10:51:25.653+0800][5.719s][info][gc,marking     ] GC(125) Concurrent Clear Claimed Marks 0.211ms
[2026-03-19T10:51:25.653+0800][5.719s][info][gc,marking     ] GC(125) Concurrent Scan Root Regions
[2026-03-19T10:51:25.653+0800][5.719s][info][gc,start       ] GC(124) Pause Full (G1 Compaction Pause)
[2026-03-19T10:51:25.653+0800][5.719s][info][gc,marking     ] GC(125) Concurrent Scan Root Regions 0.045ms
[2026-03-19T10:51:25.653+0800][5.720s][info][gc,marking     ] GC(125) Concurrent Mark
[2026-03-19T10:51:25.653+0800][5.720s][info][gc,marking     ] GC(125) Concurrent Mark From Roots
[2026-03-19T10:51:25.653+0800][5.720s][info][gc,task        ] GC(125) Using 3 workers of 3 for marking
[2026-03-19T10:51:25.653+0800][5.720s][info][gc,phases,start] GC(124) Phase 1: Mark live objects
[2026-03-19T10:51:25.674+0800][5.741s][info][gc,phases      ] GC(124) Phase 1: Mark live objects 21.211ms
[2026-03-19T10:51:25.674+0800][5.741s][info][gc,phases,start] GC(124) Phase 2: Prepare for compaction
[2026-03-19T10:51:25.674+0800][5.741s][info][gc,phases      ] GC(124) Phase 2: Prepare for compaction 0.206ms
[2026-03-19T10:51:25.674+0800][5.741s][info][gc,phases,start] GC(124) Phase 3: Adjust pointers
[2026-03-19T10:51:25.682+0800][5.749s][info][gc,phases      ] GC(124) Phase 3: Adjust pointers 7.047ms
[2026-03-19T10:51:25.682+0800][5.749s][info][gc,phases,start] GC(124) Phase 4: Compact heap
[2026-03-19T10:51:25.682+0800][5.749s][info][gc,phases      ] GC(124) Phase 4: Compact heap 0.147ms
[2026-03-19T10:51:25.683+0800][5.750s][info][gc,heap        ] GC(124) Eden regions: 0->0(3)
[2026-03-19T10:51:25.683+0800][5.750s][info][gc,heap        ] GC(124) Survivor regions: 0->0(0)
[2026-03-19T10:51:25.683+0800][5.750s][info][gc,heap        ] GC(124) Old regions: 61->61
[2026-03-19T10:51:25.683+0800][5.750s][info][gc,heap        ] GC(124) Archive regions: 0->0
[2026-03-19T10:51:25.683+0800][5.750s][info][gc,heap        ] GC(124) Humongous regions: 3->3
[2026-03-19T10:51:25.683+0800][5.750s][info][gc,metaspace   ] GC(124) Metaspace: 5772K(6144K)->5772K(6144K) NonClass: 5140K(5376K)->5140K(5376K) Class: 632K(768K)->632K(768K)
[2026-03-19T10:51:25.683+0800][5.750s][info][gc             ] GC(124) Pause Full (G1 Compaction Pause) 63M->63M(64M) 30.753ms
[2026-03-19T10:51:25.683+0800][5.750s][info][gc,cpu         ] GC(124) User=0.06s Sys=0.00s Real=0.03s
[2026-03-19T10:51:25.684+0800][5.750s][info][gc,ergo        ] Attempting maximum full compaction clearing soft references
[2026-03-19T10:51:25.684+0800][5.750s][info][gc,task        ] GC(126) Using 2 workers of 13 for full compaction
[2026-03-19T10:51:25.684+0800][5.751s][info][gc,start       ] GC(126) Pause Full (G1 Compaction Pause)
[2026-03-19T10:51:25.684+0800][5.751s][info][gc,phases,start] GC(126) Phase 1: Mark live objects
[2026-03-19T10:51:25.705+0800][5.772s][info][gc,phases      ] GC(126) Phase 1: Mark live objects 20.862ms
[2026-03-19T10:51:25.705+0800][5.772s][info][gc,phases,start] GC(126) Phase 2: Prepare for compaction
[2026-03-19T10:51:25.712+0800][5.779s][info][gc,phases      ] GC(126) Phase 2: Prepare for compaction 7.061ms
[2026-03-19T10:51:25.712+0800][5.779s][info][gc,phases,start] GC(126) Phase 3: Adjust pointers
[2026-03-19T10:51:25.721+0800][5.789s][info][gc,phases      ] GC(126) Phase 3: Adjust pointers 10.066ms
[2026-03-19T10:51:25.723+0800][5.789s][info][gc,phases,start] GC(126) Phase 4: Compact heap
[2026-03-19T10:51:25.728+0800][5.795s][info][gc,phases      ] GC(126) Phase 4: Compact heap 5.992ms
[2026-03-19T10:51:25.730+0800][5.796s][info][gc,heap        ] GC(126) Eden regions: 0->0(3)
[2026-03-19T10:51:25.730+0800][5.796s][info][gc,heap        ] GC(126) Survivor regions: 0->0(0)
[2026-03-19T10:51:25.730+0800][5.797s][info][gc,heap        ] GC(126) Old regions: 61->61
[2026-03-19T10:51:25.730+0800][5.797s][info][gc,heap        ] GC(126) Archive regions: 0->0
[2026-03-19T10:51:25.730+0800][5.797s][info][gc,heap        ] GC(126) Humongous regions: 3->3
[2026-03-19T10:51:25.730+0800][5.797s][info][gc,metaspace   ] GC(126) Metaspace: 5772K(6144K)->5772K(6144K) NonClass: 5140K(5376K)->5140K(5376K) Class: 632K(768K)->632K(768K)
[2026-03-19T10:51:25.730+0800][5.797s][info][gc             ] GC(126) Pause Full (G1 Compaction Pause) 63M->63M(64M) 46.090ms
[2026-03-19T10:51:25.730+0800][5.797s][info][gc,cpu         ] GC(126) User=0.09s Sys=0.00s Real=0.05s
[2026-03-19T10:51:25.730+0800][5.797s][info][gc,marking     ] GC(125) Concurrent Mark From Roots 77.268ms
[2026-03-19T10:51:25.730+0800][5.797s][info][gc,start       ] GC(127) Pause Young (Normal) (G1 Evacuation Pause)
[2026-03-19T10:51:25.730+0800][5.797s][info][gc,task        ] GC(127) Using 2 workers of 13 for evacuation
[2026-03-19T10:51:25.731+0800][5.798s][info][gc,phases      ] GC(127)   Pre Evacuate Collection Set: 0.2ms
[2026-03-19T10:51:25.732+0800][5.798s][info][gc,phases      ] GC(127)   Merge Heap Roots: 0.1ms
[2026-03-19T10:51:25.732+0800][5.799s][info][gc,phases      ] GC(127)   Evacuate Collection Set: 0.2ms
[2026-03-19T10:51:25.732+0800][5.799s][info][gc,phases      ] GC(127)   Post Evacuate Collection Set: 0.5ms
[2026-03-19T10:51:25.732+0800][5.799s][info][gc,phases      ] GC(127)   Other: 0.2ms
[2026-03-19T10:51:25.732+0800][5.799s][info][gc,heap        ] GC(127) Eden regions: 0->0(3)
[2026-03-19T10:51:25.732+0800][5.799s][info][gc,heap        ] GC(127) Survivor regions: 0->0(0)
[2026-03-19T10:51:25.732+0800][5.799s][info][gc,heap        ] GC(127) Old regions: 61->61
[2026-03-19T10:51:25.732+0800][5.799s][info][gc,heap        ] GC(127) Archive regions: 0->0
[2026-03-19T10:51:25.732+0800][5.799s][info][gc,heap        ] GC(127) Humongous regions: 3->3
[2026-03-19T10:51:25.732+0800][5.799s][info][gc,metaspace   ] GC(127) Metaspace: 5772K(6144K)->5772K(6144K) NonClass: 5140K(5376K)->5140K(5376K) Class: 632K(768K)->632K(768K)
[2026-03-19T10:51:25.732+0800][5.799s][info][gc             ] GC(127) Pause Young (Normal) (G1 Evacuation Pause) 63M->63M(64M) 1.669ms
[2026-03-19T10:51:25.732+0800][5.799s][info][gc,cpu         ] GC(127) User=0.00s Sys=0.00s Real=0.00s
[2026-03-19T10:51:25.732+0800][5.799s][info][gc,ergo        ] Attempting full compaction
[2026-03-19T10:51:25.732+0800][5.799s][info][gc,task        ] GC(128) Using 2 workers of 13 for full compaction
[2026-03-19T10:51:25.732+0800][5.799s][info][gc,start       ] GC(128) Pause Full (G1 Compaction Pause)
[2026-03-19T10:51:25.732+0800][5.799s][info][gc,phases,start] GC(128) Phase 1: Mark live objects
[2026-03-19T10:51:25.752+0800][5.819s][info][gc,phases      ] GC(128) Phase 1: Mark live objects 20.180ms
[2026-03-19T10:51:25.752+0800][5.819s][info][gc,phases,start] GC(128) Phase 2: Prepare for compaction
[2026-03-19T10:51:25.753+0800][5.820s][info][gc,phases      ] GC(128) Phase 2: Prepare for compaction 0.354ms
[2026-03-19T10:51:25.753+0800][5.820s][info][gc,phases,start] GC(128) Phase 3: Adjust pointers
[2026-03-19T10:51:25.760+0800][5.827s][info][gc,phases      ] GC(128) Phase 3: Adjust pointers 7.186ms
[2026-03-19T10:51:25.761+0800][5.827s][info][gc,phases,start] GC(128) Phase 4: Compact heap
[2026-03-19T10:51:25.761+0800][5.828s][info][gc,phases      ] GC(128) Phase 4: Compact heap 0.478ms
[2026-03-19T10:51:25.762+0800][5.829s][info][gc,heap        ] GC(128) Eden regions: 0->0(3)
[2026-03-19T10:51:25.762+0800][5.829s][info][gc,heap        ] GC(128) Survivor regions: 0->0(0)
[2026-03-19T10:51:25.762+0800][5.829s][info][gc,heap        ] GC(128) Old regions: 61->61
[2026-03-19T10:51:25.762+0800][5.829s][info][gc,heap        ] GC(128) Archive regions: 0->0
[2026-03-19T10:51:25.762+0800][5.829s][info][gc,heap        ] GC(128) Humongous regions: 3->3
[2026-03-19T10:51:25.762+0800][5.829s][info][gc,metaspace   ] GC(128) Metaspace: 5772K(6144K)->5772K(6144K) NonClass: 5140K(5376K)->5140K(5376K) Class: 632K(768K)->632K(768K)
[2026-03-19T10:51:25.762+0800][5.829s][info][gc             ] GC(128) Pause Full (G1 Compaction Pause) 63M->63M(64M) 29.961ms
[2026-03-19T10:51:25.762+0800][5.829s][info][gc,cpu         ] GC(128) User=0.06s Sys=0.00s Real=0.03s
[2026-03-19T10:51:25.762+0800][5.829s][info][gc,ergo        ] Attempting maximum full compaction clearing soft references
[2026-03-19T10:51:25.762+0800][5.829s][info][gc,task        ] GC(129) Using 2 workers of 13 for full compaction
[2026-03-19T10:51:25.762+0800][5.829s][info][gc,start       ] GC(129) Pause Full (G1 Compaction Pause)
[2026-03-19T10:51:25.763+0800][5.829s][info][gc,phases,start] GC(129) Phase 1: Mark live objects
[2026-03-19T10:51:25.783+0800][5.850s][info][gc,phases      ] GC(129) Phase 1: Mark live objects 20.742ms
[2026-03-19T10:51:25.783+0800][5.850s][info][gc,phases,start] GC(129) Phase 2: Prepare for compaction
[2026-03-19T10:51:25.790+0800][5.858s][info][gc,phases      ] GC(129) Phase 2: Prepare for compaction 7.578ms
[2026-03-19T10:51:25.791+0800][5.858s][info][gc,phases,start] GC(129) Phase 3: Adjust pointers
[2026-03-19T10:51:25.802+0800][5.869s][info][gc,phases      ] GC(129) Phase 3: Adjust pointers 10.780ms
[2026-03-19T10:51:25.802+0800][5.869s][info][gc,phases,start] GC(129) Phase 4: Compact heap
[2026-03-19T10:51:25.808+0800][5.875s][info][gc,phases      ] GC(129) Phase 4: Compact heap 6.363ms
[2026-03-19T10:51:25.810+0800][5.877s][info][gc,heap        ] GC(129) Eden regions: 0->0(3)
[2026-03-19T10:51:25.810+0800][5.877s][info][gc,heap        ] GC(129) Survivor regions: 0->0(0)
[2026-03-19T10:51:25.810+0800][5.877s][info][gc,heap        ] GC(129) Old regions: 61->61
[2026-03-19T10:51:25.810+0800][5.877s][info][gc,heap        ] GC(129) Archive regions: 0->0
[2026-03-19T10:51:25.810+0800][5.877s][info][gc,heap        ] GC(129) Humongous regions: 3->3
[2026-03-19T10:51:25.810+0800][5.877s][info][gc,metaspace   ] GC(129) Metaspace: 5772K(6144K)->5772K(6144K) NonClass: 5140K(5376K)->5140K(5376K) Class: 632K(768K)->632K(768K)
[2026-03-19T10:51:25.810+0800][5.877s][info][gc             ] GC(129) Pause Full (G1 Compaction Pause) 63M->63M(64M) 48.145ms
[2026-03-19T10:51:25.810+0800][5.877s][info][gc,cpu         ] GC(129) User=0.06s Sys=0.02s Real=0.05s
[2026-03-19T10:51:25.810+0800][5.878s][info][gc,marking     ] GC(125) Concurrent Mark Abort
[2026-03-19T10:51:25.810+0800][5.878s][info][gc             ] GC(125) Concurrent Mark Cycle 158.682ms
[2026-03-19T10:51:25.810+0800][5.878s][info][gc,start       ] GC(130) Pause Young (Normal) (G1 Evacuation Pause)
[2026-03-19T10:51:25.811+0800][5.878s][info][gc,task        ] GC(130) Using 2 workers of 13 for evacuation
[2026-03-19T10:51:25.812+0800][5.879s][info][gc,phases      ] GC(130)   Pre Evacuate Collection Set: 0.1ms
[2026-03-19T10:51:25.812+0800][5.879s][info][gc,phases      ] GC(130)   Merge Heap Roots: 0.1ms
[2026-03-19T10:51:25.812+0800][5.879s][info][gc,phases      ] GC(130)   Evacuate Collection Set: 0.3ms
[2026-03-19T10:51:25.812+0800][5.879s][info][gc,phases      ] GC(130)   Post Evacuate Collection Set: 0.4ms
[2026-03-19T10:51:25.812+0800][5.879s][info][gc,phases      ] GC(130)   Other: 0.2ms
[2026-03-19T10:51:25.812+0800][5.879s][info][gc,heap        ] GC(130) Eden regions: 0->0(3)
[2026-03-19T10:51:25.812+0800][5.879s][info][gc,heap        ] GC(130) Survivor regions: 0->0(0)
[2026-03-19T10:51:25.812+0800][5.879s][info][gc,heap        ] GC(130) Old regions: 61->61
[2026-03-19T10:51:25.812+0800][5.879s][info][gc,heap        ] GC(130) Archive regions: 0->0
[2026-03-19T10:51:25.812+0800][5.879s][info][gc,heap        ] GC(130) Humongous regions: 3->3
[2026-03-19T10:51:25.812+0800][5.879s][info][gc,metaspace   ] GC(130) Metaspace: 5772K(6144K)->5772K(6144K) NonClass: 5140K(5376K)->5140K(5376K) Class: 632K(768K)->632K(768K)
[2026-03-19T10:51:25.812+0800][5.879s][info][gc             ] GC(130) Pause Young (Normal) (G1 Evacuation Pause) 63M->63M(64M) 1.516ms
[2026-03-19T10:51:25.812+0800][5.880s][info][gc,cpu         ] GC(130) User=0.00s Sys=0.00s Real=0.00s
[2026-03-19T10:51:25.812+0800][5.880s][info][gc,ergo        ] Attempting full compaction
[2026-03-19T10:51:25.812+0800][5.880s][info][gc,task        ] GC(131) Using 2 workers of 13 for full compaction
[2026-03-19T10:51:25.812+0800][5.880s][info][gc,start       ] GC(131) Pause Full (G1 Compaction Pause)
[2026-03-19T10:51:25.812+0800][5.880s][info][gc,phases,start] GC(131) Phase 1: Mark live objects
[2026-03-19T10:51:25.836+0800][5.903s][info][gc,phases      ] GC(131) Phase 1: Mark live objects 23.312ms
[2026-03-19T10:51:25.836+0800][5.903s][info][gc,phases,start] GC(131) Phase 2: Prepare for compaction
[2026-03-19T10:51:25.836+0800][5.903s][info][gc,phases      ] GC(131) Phase 2: Prepare for compaction 0.245ms
[2026-03-19T10:51:25.836+0800][5.904s][info][gc,phases,start] GC(131) Phase 3: Adjust pointers
[2026-03-19T10:51:25.844+0800][5.910s][info][gc,phases      ] GC(131) Phase 3: Adjust pointers 6.781ms
[2026-03-19T10:51:25.844+0800][5.911s][info][gc,phases,start] GC(131) Phase 4: Compact heap
[2026-03-19T10:51:25.844+0800][5.911s][info][gc,phases      ] GC(131) Phase 4: Compact heap 0.324ms
[2026-03-19T10:51:25.845+0800][5.912s][info][gc,heap        ] GC(131) Eden regions: 0->0(3)
[2026-03-19T10:51:25.845+0800][5.912s][info][gc,heap        ] GC(131) Survivor regions: 0->0(0)
[2026-03-19T10:51:25.845+0800][5.912s][info][gc,heap        ] GC(131) Old regions: 61->61
[2026-03-19T10:51:25.845+0800][5.912s][info][gc,heap        ] GC(131) Archive regions: 0->0
[2026-03-19T10:51:25.845+0800][5.912s][info][gc,heap        ] GC(131) Humongous regions: 3->3
[2026-03-19T10:51:25.845+0800][5.912s][info][gc,metaspace   ] GC(131) Metaspace: 5772K(6144K)->5772K(6144K) NonClass: 5140K(5376K)->5140K(5376K) Class: 632K(768K)->632K(768K)
[2026-03-19T10:51:25.845+0800][5.912s][info][gc             ] GC(131) Pause Full (G1 Compaction Pause) 63M->63M(64M) 32.407ms
[2026-03-19T10:51:25.845+0800][5.912s][info][gc,cpu         ] GC(131) User=0.06s Sys=0.00s Real=0.03s
[2026-03-19T10:51:25.845+0800][5.912s][info][gc,ergo        ] Attempting maximum full compaction clearing soft references
[2026-03-19T10:51:25.845+0800][5.912s][info][gc,task        ] GC(132) Using 2 workers of 13 for full compaction
[2026-03-19T10:51:25.846+0800][5.912s][info][gc,start       ] GC(132) Pause Full (G1 Compaction Pause)
[2026-03-19T10:51:25.846+0800][5.913s][info][gc,phases,start] GC(132) Phase 1: Mark live objects
[2026-03-19T10:51:25.865+0800][5.933s][info][gc,phases      ] GC(132) Phase 1: Mark live objects 20.289ms
[2026-03-19T10:51:25.865+0800][5.933s][info][gc,phases,start] GC(132) Phase 2: Prepare for compaction
[2026-03-19T10:51:25.873+0800][5.940s][info][gc,phases      ] GC(132) Phase 2: Prepare for compaction 6.996ms
[2026-03-19T10:51:25.873+0800][5.940s][info][gc,phases,start] GC(132) Phase 3: Adjust pointers
[2026-03-19T10:51:25.882+0800][5.949s][info][gc,phases      ] GC(132) Phase 3: Adjust pointers 8.820ms
[2026-03-19T10:51:25.882+0800][5.949s][info][gc,phases,start] GC(132) Phase 4: Compact heap
[2026-03-19T10:51:25.888+0800][5.955s][info][gc,phases      ] GC(132) Phase 4: Compact heap 5.611ms
[2026-03-19T10:51:25.889+0800][5.956s][info][gc,heap        ] GC(132) Eden regions: 0->0(3)
[2026-03-19T10:51:25.889+0800][5.956s][info][gc,heap        ] GC(132) Survivor regions: 0->0(0)
[2026-03-19T10:51:25.889+0800][5.956s][info][gc,heap        ] GC(132) Old regions: 61->61
[2026-03-19T10:51:25.889+0800][5.956s][info][gc,heap        ] GC(132) Archive regions: 0->0
[2026-03-19T10:51:25.889+0800][5.956s][info][gc,heap        ] GC(132) Humongous regions: 3->3
[2026-03-19T10:51:25.889+0800][5.956s][info][gc,metaspace   ] GC(132) Metaspace: 5772K(6144K)->5772K(6144K) NonClass: 5140K(5376K)->5140K(5376K) Class: 632K(768K)->632K(768K)
[2026-03-19T10:51:25.889+0800][5.956s][info][gc             ] GC(132) Pause Full (G1 Compaction Pause) 63M->63M(64M) 43.611ms
[2026-03-19T10:51:25.889+0800][5.956s][info][gc,cpu         ] GC(132) User=0.09s Sys=0.00s Real=0.04s
[2026-03-19T10:51:25.890+0800][5.957s][info][gc,start       ] GC(133) Pause Young (Concurrent Start) (G1 Evacuation Pause)
[2026-03-19T10:51:25.890+0800][5.957s][info][gc,task        ] GC(133) Using 2 workers of 13 for evacuation
[2026-03-19T10:51:25.891+0800][5.958s][info][gc,phases      ] GC(133)   Pre Evacuate Collection Set: 0.1ms
[2026-03-19T10:51:25.891+0800][5.958s][info][gc,phases      ] GC(133)   Merge Heap Roots: 0.1ms
[2026-03-19T10:51:25.891+0800][5.958s][info][gc,phases      ] GC(133)   Evacuate Collection Set: 0.3ms
[2026-03-19T10:51:25.891+0800][5.958s][info][gc,phases      ] GC(133)   Post Evacuate Collection Set: 0.9ms
[2026-03-19T10:51:25.891+0800][5.958s][info][gc,phases      ] GC(133)   Other: 0.2ms
[2026-03-19T10:51:25.891+0800][5.958s][info][gc,heap        ] GC(133) Eden regions: 0->0(3)
[2026-03-19T10:51:25.891+0800][5.958s][info][gc,heap        ] GC(133) Survivor regions: 0->0(0)
[2026-03-19T10:51:25.891+0800][5.958s][info][gc,heap        ] GC(133) Old regions: 61->61
[2026-03-19T10:51:25.891+0800][5.959s][info][gc,heap        ] GC(133) Archive regions: 0->0
[2026-03-19T10:51:25.892+0800][5.959s][info][gc,heap        ] GC(133) Humongous regions: 3->3
[2026-03-19T10:51:25.892+0800][5.959s][info][gc,metaspace   ] GC(133) Metaspace: 5772K(6144K)->5772K(6144K) NonClass: 5140K(5376K)->5140K(5376K) Class: 632K(768K)->632K(768K)
[2026-03-19T10:51:25.892+0800][5.959s][info][gc             ] GC(133) Pause Young (Concurrent Start) (G1 Evacuation Pause) 63M->63M(64M) 2.474ms
[2026-03-19T10:51:25.892+0800][5.959s][info][gc,cpu         ] GC(133) User=0.00s Sys=0.00s Real=0.00s
[2026-03-19T10:51:25.892+0800][5.959s][info][gc,ergo        ] Attempting full compaction
[2026-03-19T10:51:25.892+0800][5.959s][info][gc             ] GC(135) Concurrent Mark Cycle
[2026-03-19T10:51:25.892+0800][5.959s][info][gc,task        ] GC(134) Using 2 workers of 13 for full compaction
[2026-03-19T10:51:25.892+0800][5.959s][info][gc,marking     ] GC(135) Concurrent Clear Claimed Marks
[2026-03-19T10:51:25.892+0800][5.959s][info][gc,start       ] GC(134) Pause Full (G1 Compaction Pause)
[2026-03-19T10:51:25.892+0800][5.959s][info][gc,marking     ] GC(135) Concurrent Clear Claimed Marks 0.222ms
[2026-03-19T10:51:25.892+0800][5.960s][info][gc,marking     ] GC(135) Concurrent Scan Root Regions
[2026-03-19T10:51:25.892+0800][5.960s][info][gc,marking     ] GC(135) Concurrent Scan Root Regions 0.043ms
[2026-03-19T10:51:25.892+0800][5.960s][info][gc,marking     ] GC(135) Concurrent Mark
[2026-03-19T10:51:25.893+0800][5.960s][info][gc,marking     ] GC(135) Concurrent Mark From Roots
[2026-03-19T10:51:25.893+0800][5.960s][info][gc,phases,start] GC(134) Phase 1: Mark live objects
[2026-03-19T10:51:25.893+0800][5.960s][info][gc,task        ] GC(135) Using 3 workers of 3 for marking
[2026-03-19T10:51:25.913+0800][5.980s][info][gc,phases      ] GC(134) Phase 1: Mark live objects 20.407ms
[2026-03-19T10:51:25.914+0800][5.980s][info][gc,phases,start] GC(134) Phase 2: Prepare for compaction
[2026-03-19T10:51:25.914+0800][5.981s][info][gc,phases      ] GC(134) Phase 2: Prepare for compaction 0.208ms
[2026-03-19T10:51:25.914+0800][5.981s][info][gc,phases,start] GC(134) Phase 3: Adjust pointers
[2026-03-19T10:51:25.922+0800][5.989s][info][gc,phases      ] GC(134) Phase 3: Adjust pointers 7.990ms
[2026-03-19T10:51:25.922+0800][5.989s][info][gc,phases,start] GC(134) Phase 4: Compact heap
[2026-03-19T10:51:25.922+0800][5.989s][info][gc,phases      ] GC(134) Phase 4: Compact heap 0.275ms
[2026-03-19T10:51:25.924+0800][5.991s][info][gc,heap        ] GC(134) Eden regions: 0->0(3)
[2026-03-19T10:51:25.924+0800][5.991s][info][gc,heap        ] GC(134) Survivor regions: 0->0(0)
[2026-03-19T10:51:25.924+0800][5.991s][info][gc,heap        ] GC(134) Old regions: 61->61
[2026-03-19T10:51:25.924+0800][5.991s][info][gc,heap        ] GC(134) Archive regions: 0->0
[2026-03-19T10:51:25.924+0800][5.991s][info][gc,heap        ] GC(134) Humongous regions: 3->3
[2026-03-19T10:51:25.924+0800][5.991s][info][gc,metaspace   ] GC(134) Metaspace: 5772K(6144K)->5772K(6144K) NonClass: 5140K(5376K)->5140K(5376K) Class: 632K(768K)->632K(768K)
[2026-03-19T10:51:25.924+0800][5.991s][info][gc             ] GC(134) Pause Full (G1 Compaction Pause) 63M->63M(64M) 31.640ms
[2026-03-19T10:51:25.925+0800][5.991s][info][gc,cpu         ] GC(134) User=0.06s Sys=0.00s Real=0.03s
[2026-03-19T10:51:25.925+0800][5.991s][info][gc,ergo        ] Attempting maximum full compaction clearing soft references
[2026-03-19T10:51:25.925+0800][5.992s][info][gc,task        ] GC(136) Using 2 workers of 13 for full compaction
[2026-03-19T10:51:25.925+0800][5.992s][info][gc,start       ] GC(136) Pause Full (G1 Compaction Pause)
[2026-03-19T10:51:25.926+0800][5.992s][info][gc,phases,start] GC(136) Phase 1: Mark live objects
[2026-03-19T10:51:25.949+0800][6.016s][info][gc,phases      ] GC(136) Phase 1: Mark live objects 23.429ms
[2026-03-19T10:51:25.949+0800][6.016s][info][gc,phases,start] GC(136) Phase 2: Prepare for compaction
[2026-03-19T10:51:25.960+0800][6.027s][info][gc,phases      ] GC(136) Phase 2: Prepare for compaction 10.735ms
[2026-03-19T10:51:25.960+0800][6.027s][info][gc,phases,start] GC(136) Phase 3: Adjust pointers
[2026-03-19T10:51:25.971+0800][6.038s][info][gc,phases      ] GC(136) Phase 3: Adjust pointers 11.319ms
[2026-03-19T10:51:25.971+0800][6.038s][info][gc,phases,start] GC(136) Phase 4: Compact heap
[2026-03-19T10:51:25.979+0800][6.046s][info][gc,phases      ] GC(136) Phase 4: Compact heap 7.755ms
[2026-03-19T10:51:25.981+0800][6.047s][info][gc,heap        ] GC(136) Eden regions: 0->0(3)
[2026-03-19T10:51:25.981+0800][6.047s][info][gc,heap        ] GC(136) Survivor regions: 0->0(0)
[2026-03-19T10:51:25.981+0800][6.047s][info][gc,heap        ] GC(136) Old regions: 61->61
[2026-03-19T10:51:25.981+0800][6.047s][info][gc,heap        ] GC(136) Archive regions: 0->0
[2026-03-19T10:51:25.981+0800][6.047s][info][gc,heap        ] GC(136) Humongous regions: 3->3
[2026-03-19T10:51:25.981+0800][6.048s][info][gc,metaspace   ] GC(136) Metaspace: 5772K(6144K)->5772K(6144K) NonClass: 5140K(5376K)->5140K(5376K) Class: 632K(768K)->632K(768K)
[2026-03-19T10:51:25.981+0800][6.048s][info][gc             ] GC(136) Pause Full (G1 Compaction Pause) 63M->63M(64M) 55.497ms
[2026-03-19T10:51:25.981+0800][6.048s][info][gc,cpu         ] GC(136) User=0.11s Sys=0.00s Real=0.06s
[2026-03-19T10:51:25.981+0800][6.048s][info][gc,marking     ] GC(135) Concurrent Mark From Roots 88.104ms
[2026-03-19T10:51:25.981+0800][6.048s][info][gc,marking     ] GC(135) Concurrent Mark Abort
[2026-03-19T10:51:25.981+0800][6.048s][info][gc             ] GC(135) Concurrent Mark Cycle 88.873ms
[2026-03-19T10:51:25.982+0800][6.048s][info][gc,start       ] GC(137) Pause Young (Normal) (G1 Evacuation Pause)
[2026-03-19T10:51:25.982+0800][6.048s][info][gc,task        ] GC(137) Using 2 workers of 13 for evacuation
[2026-03-19T10:51:25.983+0800][6.049s][info][gc,phases      ] GC(137)   Pre Evacuate Collection Set: 0.1ms
[2026-03-19T10:51:25.983+0800][6.049s][info][gc,phases      ] GC(137)   Merge Heap Roots: 0.1ms
[2026-03-19T10:51:25.983+0800][6.050s][info][gc,phases      ] GC(137)   Evacuate Collection Set: 0.1ms
[2026-03-19T10:51:25.983+0800][6.050s][info][gc,phases      ] GC(137)   Post Evacuate Collection Set: 0.5ms
[2026-03-19T10:51:25.983+0800][6.050s][info][gc,phases      ] GC(137)   Other: 0.2ms
[2026-03-19T10:51:25.983+0800][6.050s][info][gc,heap        ] GC(137) Eden regions: 0->0(3)
[2026-03-19T10:51:25.983+0800][6.050s][info][gc,heap        ] GC(137) Survivor regions: 0->0(0)
[2026-03-19T10:51:25.983+0800][6.050s][info][gc,heap        ] GC(137) Old regions: 61->61
[2026-03-19T10:51:25.983+0800][6.050s][info][gc,heap        ] GC(137) Archive regions: 0->0
[2026-03-19T10:51:25.983+0800][6.050s][info][gc,heap        ] GC(137) Humongous regions: 3->3
[2026-03-19T10:51:25.983+0800][6.050s][info][gc,metaspace   ] GC(137) Metaspace: 5772K(6144K)->5772K(6144K) NonClass: 5140K(5376K)->5140K(5376K) Class: 632K(768K)->632K(768K)
[2026-03-19T10:51:25.983+0800][6.050s][info][gc             ] GC(137) Pause Young (Normal) (G1 Evacuation Pause) 63M->63M(64M) 1.705ms
[2026-03-19T10:51:25.983+0800][6.050s][info][gc,cpu         ] GC(137) User=0.00s Sys=0.00s Real=0.00s
[2026-03-19T10:51:25.983+0800][6.050s][info][gc,ergo        ] Attempting full compaction
[2026-03-19T10:51:25.983+0800][6.050s][info][gc,task        ] GC(138) Using 2 workers of 13 for full compaction
[2026-03-19T10:51:25.983+0800][6.050s][info][gc,start       ] GC(138) Pause Full (G1 Compaction Pause)
[2026-03-19T10:51:25.983+0800][6.050s][info][gc,phases,start] GC(138) Phase 1: Mark live objects
[2026-03-19T10:51:26.012+0800][6.079s][info][gc,phases      ] GC(138) Phase 1: Mark live objects 28.731ms
[2026-03-19T10:51:26.012+0800][6.079s][info][gc,phases,start] GC(138) Phase 2: Prepare for compaction
[2026-03-19T10:51:26.013+0800][6.080s][info][gc,phases      ] GC(138) Phase 2: Prepare for compaction 0.398ms
[2026-03-19T10:51:26.013+0800][6.080s][info][gc,phases,start] GC(138) Phase 3: Adjust pointers
[2026-03-19T10:51:26.021+0800][6.088s][info][gc,phases      ] GC(138) Phase 3: Adjust pointers 8.014ms
[2026-03-19T10:51:26.021+0800][6.088s][info][gc,phases,start] GC(138) Phase 4: Compact heap
[2026-03-19T10:51:26.021+0800][6.088s][info][gc,phases      ] GC(138) Phase 4: Compact heap 0.197ms
[2026-03-19T10:51:26.022+0800][6.089s][info][gc,heap        ] GC(138) Eden regions: 0->0(3)
[2026-03-19T10:51:26.022+0800][6.089s][info][gc,heap        ] GC(138) Survivor regions: 0->0(0)
[2026-03-19T10:51:26.022+0800][6.089s][info][gc,heap        ] GC(138) Old regions: 61->61
[2026-03-19T10:51:26.022+0800][6.089s][info][gc,heap        ] GC(138) Archive regions: 0->0
[2026-03-19T10:51:26.022+0800][6.089s][info][gc,heap        ] GC(138) Humongous regions: 3->3
[2026-03-19T10:51:26.022+0800][6.089s][info][gc,metaspace   ] GC(138) Metaspace: 5772K(6144K)->5772K(6144K) NonClass: 5140K(5376K)->5140K(5376K) Class: 632K(768K)->632K(768K)
[2026-03-19T10:51:26.022+0800][6.089s][info][gc             ] GC(138) Pause Full (G1 Compaction Pause) 63M->63M(64M) 39.156ms
[2026-03-19T10:51:26.022+0800][6.090s][info][gc,cpu         ] GC(138) User=0.09s Sys=0.00s Real=0.04s
[2026-03-19T10:51:26.022+0800][6.090s][info][gc,ergo        ] Attempting maximum full compaction clearing soft references
[2026-03-19T10:51:26.023+0800][6.090s][info][gc,task        ] GC(139) Using 2 workers of 13 for full compaction
[2026-03-19T10:51:26.023+0800][6.090s][info][gc,start       ] GC(139) Pause Full (G1 Compaction Pause)
[2026-03-19T10:51:26.023+0800][6.090s][info][gc,phases,start] GC(139) Phase 1: Mark live objects
[2026-03-19T10:51:26.045+0800][6.112s][info][gc,phases      ] GC(139) Phase 1: Mark live objects 22.622ms
[2026-03-19T10:51:26.045+0800][6.113s][info][gc,phases,start] GC(139) Phase 2: Prepare for compaction
[2026-03-19T10:51:26.053+0800][6.120s][info][gc,phases      ] GC(139) Phase 2: Prepare for compaction 7.779ms
[2026-03-19T10:51:26.053+0800][6.121s][info][gc,phases,start] GC(139) Phase 3: Adjust pointers
[2026-03-19T10:51:26.066+0800][6.133s][info][gc,phases      ] GC(139) Phase 3: Adjust pointers 12.776ms
[2026-03-19T10:51:26.067+0800][6.134s][info][gc,phases,start] GC(139) Phase 4: Compact heap
[2026-03-19T10:51:26.072+0800][6.140s][info][gc,phases      ] GC(139) Phase 4: Compact heap 6.350ms
[2026-03-19T10:51:26.074+0800][6.141s][info][gc,heap        ] GC(139) Eden regions: 0->0(3)
[2026-03-19T10:51:26.074+0800][6.141s][info][gc,heap        ] GC(139) Survivor regions: 0->0(0)
[2026-03-19T10:51:26.074+0800][6.141s][info][gc,heap        ] GC(139) Old regions: 61->61
[2026-03-19T10:51:26.074+0800][6.141s][info][gc,heap        ] GC(139) Archive regions: 0->0
[2026-03-19T10:51:26.074+0800][6.141s][info][gc,heap        ] GC(139) Humongous regions: 3->3
[2026-03-19T10:51:26.074+0800][6.142s][info][gc,metaspace   ] GC(139) Metaspace: 5772K(6144K)->5772K(6144K) NonClass: 5140K(5376K)->5140K(5376K) Class: 632K(768K)->632K(768K)
[2026-03-19T10:51:26.074+0800][6.142s][info][gc             ] GC(139) Pause Full (G1 Compaction Pause) 63M->63M(64M) 51.775ms
[2026-03-19T10:51:26.074+0800][6.142s][info][gc,cpu         ] GC(139) User=0.08s Sys=0.02s Real=0.05s
[2026-03-19T10:51:26.075+0800][6.142s][info][gc,start       ] GC(140) Pause Young (Concurrent Start) (G1 Evacuation Pause)
[2026-03-19T10:51:26.075+0800][6.142s][info][gc,task        ] GC(140) Using 2 workers of 13 for evacuation
[2026-03-19T10:51:26.075+0800][6.143s][info][gc,phases      ] GC(140)   Pre Evacuate Collection Set: 0.1ms
[2026-03-19T10:51:26.075+0800][6.143s][info][gc,phases      ] GC(140)   Merge Heap Roots: 0.0ms
[2026-03-19T10:51:26.075+0800][6.143s][info][gc,phases      ] GC(140)   Evacuate Collection Set: 0.3ms
[2026-03-19T10:51:26.075+0800][6.143s][info][gc,phases      ] GC(140)   Post Evacuate Collection Set: 0.1ms
[2026-03-19T10:51:26.075+0800][6.143s][info][gc,phases      ] GC(140)   Other: 0.3ms
[2026-03-19T10:51:26.075+0800][6.143s][info][gc,heap        ] GC(140) Eden regions: 0->0(3)
[2026-03-19T10:51:26.076+0800][6.143s][info][gc,heap        ] GC(140) Survivor regions: 0->0(0)
[2026-03-19T10:51:26.076+0800][6.143s][info][gc,heap        ] GC(140) Old regions: 61->61
[2026-03-19T10:51:26.076+0800][6.143s][info][gc,heap        ] GC(140) Archive regions: 0->0
[2026-03-19T10:51:26.076+0800][6.143s][info][gc,heap        ] GC(140) Humongous regions: 3->3
[2026-03-19T10:51:26.076+0800][6.143s][info][gc,metaspace   ] GC(140) Metaspace: 5772K(6144K)->5772K(6144K) NonClass: 5140K(5376K)->5140K(5376K) Class: 632K(768K)->632K(768K)
[2026-03-19T10:51:26.076+0800][6.143s][info][gc             ] GC(140) Pause Young (Concurrent Start) (G1 Evacuation Pause) 63M->63M(64M) 1.026ms
[2026-03-19T10:51:26.076+0800][6.143s][info][gc,cpu         ] GC(140) User=0.00s Sys=0.00s Real=0.00s
[2026-03-19T10:51:26.076+0800][6.143s][info][gc,ergo        ] Attempting full compaction
[2026-03-19T10:51:26.076+0800][6.143s][info][gc             ] GC(141) Concurrent Mark Cycle
[2026-03-19T10:51:26.076+0800][6.143s][info][gc,task        ] GC(142) Using 2 workers of 13 for full compaction
[2026-03-19T10:51:26.076+0800][6.143s][info][gc,marking     ] GC(141) Concurrent Clear Claimed Marks
[2026-03-19T10:51:26.076+0800][6.143s][info][gc,start       ] GC(142) Pause Full (G1 Compaction Pause)
[2026-03-19T10:51:26.076+0800][6.143s][info][gc,marking     ] GC(141) Concurrent Clear Claimed Marks 0.240ms
[2026-03-19T10:51:26.076+0800][6.144s][info][gc,marking     ] GC(141) Concurrent Scan Root Regions
[2026-03-19T10:51:26.076+0800][6.144s][info][gc,marking     ] GC(141) Concurrent Scan Root Regions 0.026ms
[2026-03-19T10:51:26.076+0800][6.144s][info][gc,marking     ] GC(141) Concurrent Mark
[2026-03-19T10:51:26.076+0800][6.144s][info][gc,marking     ] GC(141) Concurrent Mark From Roots
[2026-03-19T10:51:26.076+0800][6.144s][info][gc,task        ] GC(141) Using 3 workers of 3 for marking
[2026-03-19T10:51:26.076+0800][6.144s][info][gc,phases,start] GC(142) Phase 1: Mark live objects
[2026-03-19T10:51:26.100+0800][6.167s][info][gc,phases      ] GC(142) Phase 1: Mark live objects 23.154ms
[2026-03-19T10:51:26.100+0800][6.167s][info][gc,phases,start] GC(142) Phase 2: Prepare for compaction
[2026-03-19T10:51:26.100+0800][6.167s][info][gc,phases      ] GC(142) Phase 2: Prepare for compaction 0.242ms
[2026-03-19T10:51:26.100+0800][6.167s][info][gc,phases,start] GC(142) Phase 3: Adjust pointers
[2026-03-19T10:51:26.110+0800][6.177s][info][gc,phases      ] GC(142) Phase 3: Adjust pointers 9.789ms
[2026-03-19T10:51:26.111+0800][6.178s][info][gc,phases,start] GC(142) Phase 4: Compact heap
[2026-03-19T10:51:26.111+0800][6.178s][info][gc,phases      ] GC(142) Phase 4: Compact heap 0.200ms
[2026-03-19T10:51:26.112+0800][6.179s][info][gc,heap        ] GC(142) Eden regions: 0->0(3)
[2026-03-19T10:51:26.112+0800][6.179s][info][gc,heap        ] GC(142) Survivor regions: 0->0(0)
[2026-03-19T10:51:26.112+0800][6.179s][info][gc,heap        ] GC(142) Old regions: 61->61
[2026-03-19T10:51:26.112+0800][6.179s][info][gc,heap        ] GC(142) Archive regions: 0->0
[2026-03-19T10:51:26.112+0800][6.179s][info][gc,heap        ] GC(142) Humongous regions: 3->3
[2026-03-19T10:51:26.112+0800][6.179s][info][gc,metaspace   ] GC(142) Metaspace: 5772K(6144K)->5772K(6144K) NonClass: 5140K(5376K)->5140K(5376K) Class: 632K(768K)->632K(768K)
[2026-03-19T10:51:26.112+0800][6.179s][info][gc             ] GC(142) Pause Full (G1 Compaction Pause) 63M->63M(64M) 35.817ms
[2026-03-19T10:51:26.112+0800][6.179s][info][gc,cpu         ] GC(142) User=0.06s Sys=0.00s Real=0.04s
[2026-03-19T10:51:26.113+0800][6.179s][info][gc,ergo        ] Attempting maximum full compaction clearing soft references
[2026-03-19T10:51:26.113+0800][6.179s][info][gc,task        ] GC(143) Using 2 workers of 13 for full compaction
[2026-03-19T10:51:26.113+0800][6.180s][info][gc,start       ] GC(143) Pause Full (G1 Compaction Pause)
[2026-03-19T10:51:26.113+0800][6.180s][info][gc,phases,start] GC(143) Phase 1: Mark live objects
[2026-03-19T10:51:26.134+0800][6.201s][info][gc,phases      ] GC(143) Phase 1: Mark live objects 21.004ms
[2026-03-19T10:51:26.134+0800][6.201s][info][gc,phases,start] GC(143) Phase 2: Prepare for compaction
[2026-03-19T10:51:26.141+0800][6.208s][info][gc,phases      ] GC(143) Phase 2: Prepare for compaction 7.136ms
[2026-03-19T10:51:26.141+0800][6.208s][info][gc,phases,start] GC(143) Phase 3: Adjust pointers
[2026-03-19T10:51:26.151+0800][6.218s][info][gc,phases      ] GC(143) Phase 3: Adjust pointers 9.644ms
[2026-03-19T10:51:26.151+0800][6.218s][info][gc,phases,start] GC(143) Phase 4: Compact heap
[2026-03-19T10:51:26.157+0800][6.224s][info][gc,phases      ] GC(143) Phase 4: Compact heap 5.975ms
[2026-03-19T10:51:26.158+0800][6.225s][info][gc,heap        ] GC(143) Eden regions: 0->0(3)
[2026-03-19T10:51:26.158+0800][6.225s][info][gc,heap        ] GC(143) Survivor regions: 0->0(0)
[2026-03-19T10:51:26.158+0800][6.225s][info][gc,heap        ] GC(143) Old regions: 61->61
[2026-03-19T10:51:26.158+0800][6.225s][info][gc,heap        ] GC(143) Archive regions: 0->0
[2026-03-19T10:51:26.159+0800][6.225s][info][gc,heap        ] GC(143) Humongous regions: 3->3
[2026-03-19T10:51:26.159+0800][6.225s][info][gc,metaspace   ] GC(143) Metaspace: 5772K(6144K)->5772K(6144K) NonClass: 5140K(5376K)->5140K(5376K) Class: 632K(768K)->632K(768K)
[2026-03-19T10:51:26.159+0800][6.225s][info][gc             ] GC(143) Pause Full (G1 Compaction Pause) 63M->63M(64M) 45.880ms
[2026-03-19T10:51:26.159+0800][6.226s][info][gc,cpu         ] GC(143) User=0.09s Sys=0.00s Real=0.05s
[2026-03-19T10:51:26.159+0800][6.226s][info][gc,marking     ] GC(141) Concurrent Mark From Roots 82.011ms
[2026-03-19T10:51:26.159+0800][6.226s][info][gc,start       ] GC(144) Pause Young (Normal) (G1 Evacuation Pause)
[2026-03-19T10:51:26.159+0800][6.226s][info][gc,task        ] GC(144) Using 2 workers of 13 for evacuation
[2026-03-19T10:51:26.160+0800][6.227s][info][gc,phases      ] GC(144)   Pre Evacuate Collection Set: 0.1ms
[2026-03-19T10:51:26.160+0800][6.227s][info][gc,phases      ] GC(144)   Merge Heap Roots: 0.0ms
[2026-03-19T10:51:26.160+0800][6.227s][info][gc,phases      ] GC(144)   Evacuate Collection Set: 0.1ms
[2026-03-19T10:51:26.160+0800][6.227s][info][gc,phases      ] GC(144)   Post Evacuate Collection Set: 0.5ms
[2026-03-19T10:51:26.160+0800][6.227s][info][gc,phases      ] GC(144)   Other: 0.2ms
[2026-03-19T10:51:26.160+0800][6.227s][info][gc,heap        ] GC(144) Eden regions: 0->0(3)
[2026-03-19T10:51:26.160+0800][6.227s][info][gc,heap        ] GC(144) Survivor regions: 0->0(0)
[2026-03-19T10:51:26.160+0800][6.227s][info][gc,heap        ] GC(144) Old regions: 61->61
[2026-03-19T10:51:26.160+0800][6.227s][info][gc,heap        ] GC(144) Archive regions: 0->0
[2026-03-19T10:51:26.160+0800][6.227s][info][gc,heap        ] GC(144) Humongous regions: 3->3
[2026-03-19T10:51:26.161+0800][6.227s][info][gc,metaspace   ] GC(144) Metaspace: 5772K(6144K)->5772K(6144K) NonClass: 5140K(5376K)->5140K(5376K) Class: 632K(768K)->632K(768K)
[2026-03-19T10:51:26.161+0800][6.227s][info][gc             ] GC(144) Pause Young (Normal) (G1 Evacuation Pause) 63M->63M(64M) 1.354ms
[2026-03-19T10:51:26.161+0800][6.227s][info][gc,cpu         ] GC(144) User=0.00s Sys=0.00s Real=0.00s
[2026-03-19T10:51:26.161+0800][6.227s][info][gc,ergo        ] Attempting full compaction
[2026-03-19T10:51:26.161+0800][6.228s][info][gc,task        ] GC(145) Using 2 workers of 13 for full compaction
[2026-03-19T10:51:26.161+0800][6.228s][info][gc,start       ] GC(145) Pause Full (G1 Compaction Pause)
[2026-03-19T10:51:26.161+0800][6.228s][info][gc,phases,start] GC(145) Phase 1: Mark live objects
[2026-03-19T10:51:26.182+0800][6.249s][info][gc,phases      ] GC(145) Phase 1: Mark live objects 21.512ms
[2026-03-19T10:51:26.183+0800][6.249s][info][gc,phases,start] GC(145) Phase 2: Prepare for compaction
[2026-03-19T10:51:26.183+0800][6.250s][info][gc,phases      ] GC(145) Phase 2: Prepare for compaction 0.256ms
[2026-03-19T10:51:26.183+0800][6.250s][info][gc,phases,start] GC(145) Phase 3: Adjust pointers
[2026-03-19T10:51:26.192+0800][6.259s][info][gc,phases      ] GC(145) Phase 3: Adjust pointers 9.593ms
[2026-03-19T10:51:26.192+0800][6.260s][info][gc,phases,start] GC(145) Phase 4: Compact heap
[2026-03-19T10:51:26.192+0800][6.260s][info][gc,phases      ] GC(145) Phase 4: Compact heap 0.271ms
[2026-03-19T10:51:26.194+0800][6.261s][info][gc,heap        ] GC(145) Eden regions: 0->0(3)
[2026-03-19T10:51:26.194+0800][6.261s][info][gc,heap        ] GC(145) Survivor regions: 0->0(0)
[2026-03-19T10:51:26.194+0800][6.261s][info][gc,heap        ] GC(145) Old regions: 61->61
[2026-03-19T10:51:26.194+0800][6.261s][info][gc,heap        ] GC(145) Archive regions: 0->0
[2026-03-19T10:51:26.194+0800][6.261s][info][gc,heap        ] GC(145) Humongous regions: 3->3
[2026-03-19T10:51:26.194+0800][6.261s][info][gc,metaspace   ] GC(145) Metaspace: 5772K(6144K)->5772K(6144K) NonClass: 5140K(5376K)->5140K(5376K) Class: 632K(768K)->632K(768K)
[2026-03-19T10:51:26.194+0800][6.261s][info][gc             ] GC(145) Pause Full (G1 Compaction Pause) 63M->63M(64M) 33.548ms
[2026-03-19T10:51:26.194+0800][6.261s][info][gc,cpu         ] GC(145) User=0.06s Sys=0.02s Real=0.03s
[2026-03-19T10:51:26.194+0800][6.261s][info][gc,ergo        ] Attempting maximum full compaction clearing soft references
[2026-03-19T10:51:26.195+0800][6.261s][info][gc,task        ] GC(146) Using 2 workers of 13 for full compaction
[2026-03-19T10:51:26.195+0800][6.262s][info][gc,start       ] GC(146) Pause Full (G1 Compaction Pause)
[2026-03-19T10:51:26.195+0800][6.262s][info][gc,phases,start] GC(146) Phase 1: Mark live objects
[2026-03-19T10:51:26.216+0800][6.283s][info][gc,phases      ] GC(146) Phase 1: Mark live objects 21.530ms
[2026-03-19T10:51:26.216+0800][6.283s][info][gc,phases,start] GC(146) Phase 2: Prepare for compaction
[2026-03-19T10:51:26.223+0800][6.291s][info][gc,phases      ] GC(146) Phase 2: Prepare for compaction 7.160ms
[2026-03-19T10:51:26.223+0800][6.291s][info][gc,phases,start] GC(146) Phase 3: Adjust pointers
[2026-03-19T10:51:26.234+0800][6.301s][info][gc,phases      ] GC(146) Phase 3: Adjust pointers 10.398ms
[2026-03-19T10:51:26.234+0800][6.301s][info][gc,phases,start] GC(146) Phase 4: Compact heap
[2026-03-19T10:51:26.240+0800][6.307s][info][gc,phases      ] GC(146) Phase 4: Compact heap 5.786ms
[2026-03-19T10:51:26.240+0800][6.308s][info][gc,heap        ] GC(146) Eden regions: 0->0(3)
[2026-03-19T10:51:26.241+0800][6.308s][info][gc,heap        ] GC(146) Survivor regions: 0->0(0)
[2026-03-19T10:51:26.241+0800][6.308s][info][gc,heap        ] GC(146) Old regions: 61->61
[2026-03-19T10:51:26.241+0800][6.308s][info][gc,heap        ] GC(146) Archive regions: 0->0
[2026-03-19T10:51:26.241+0800][6.308s][info][gc,heap        ] GC(146) Humongous regions: 3->3
[2026-03-19T10:51:26.241+0800][6.308s][info][gc,metaspace   ] GC(146) Metaspace: 5772K(6144K)->5772K(6144K) NonClass: 5140K(5376K)->5140K(5376K) Class: 632K(768K)->632K(768K)
[2026-03-19T10:51:26.241+0800][6.308s][info][gc             ] GC(146) Pause Full (G1 Compaction Pause) 63M->63M(64M) 46.793ms
[2026-03-19T10:51:26.241+0800][6.309s][info][gc,cpu         ] GC(146) User=0.05s Sys=0.02s Real=0.05s
[2026-03-19T10:51:26.241+0800][6.309s][info][gc,marking     ] GC(141) Concurrent Mark Abort
[2026-03-19T10:51:26.241+0800][6.309s][info][gc             ] GC(141) Concurrent Mark Cycle 165.698ms
[2026-03-19T10:51:26.241+0800][6.309s][info][gc,start       ] GC(147) Pause Young (Normal) (G1 Evacuation Pause)
[2026-03-19T10:51:26.241+0800][6.309s][info][gc,task        ] GC(147) Using 2 workers of 13 for evacuation
[2026-03-19T10:51:26.242+0800][6.310s][info][gc,phases      ] GC(147)   Pre Evacuate Collection Set: 0.1ms
[2026-03-19T10:51:26.242+0800][6.310s][info][gc,phases      ] GC(147)   Merge Heap Roots: 0.0ms
[2026-03-19T10:51:26.242+0800][6.310s][info][gc,phases      ] GC(147)   Evacuate Collection Set: 0.1ms
[2026-03-19T10:51:26.242+0800][6.310s][info][gc,phases      ] GC(147)   Post Evacuate Collection Set: 0.5ms
[2026-03-19T10:51:26.242+0800][6.310s][info][gc,phases      ] GC(147)   Other: 0.2ms
[2026-03-19T10:51:26.242+0800][6.310s][info][gc,heap        ] GC(147) Eden regions: 0->0(3)
[2026-03-19T10:51:26.242+0800][6.310s][info][gc,heap        ] GC(147) Survivor regions: 0->0(0)
[2026-03-19T10:51:26.243+0800][6.310s][info][gc,heap        ] GC(147) Old regions: 61->61
[2026-03-19T10:51:26.243+0800][6.310s][info][gc,heap        ] GC(147) Archive regions: 0->0
[2026-03-19T10:51:26.243+0800][6.310s][info][gc,heap        ] GC(147) Humongous regions: 3->3
[2026-03-19T10:51:26.243+0800][6.310s][info][gc,metaspace   ] GC(147) Metaspace: 5772K(6144K)->5772K(6144K) NonClass: 5140K(5376K)->5140K(5376K) Class: 632K(768K)->632K(768K)
[2026-03-19T10:51:26.243+0800][6.310s][info][gc             ] GC(147) Pause Young (Normal) (G1 Evacuation Pause) 63M->63M(64M) 1.360ms
[2026-03-19T10:51:26.243+0800][6.310s][info][gc,cpu         ] GC(147) User=0.00s Sys=0.00s Real=0.00s
[2026-03-19T10:51:26.243+0800][6.310s][info][gc,ergo        ] Attempting full compaction
[2026-03-19T10:51:26.243+0800][6.310s][info][gc,task        ] GC(148) Using 2 workers of 13 for full compaction
[2026-03-19T10:51:26.243+0800][6.310s][info][gc,start       ] GC(148) Pause Full (G1 Compaction Pause)
[2026-03-19T10:51:26.243+0800][6.311s][info][gc,phases,start] GC(148) Phase 1: Mark live objects
[2026-03-19T10:51:26.265+0800][6.332s][info][gc,phases      ] GC(148) Phase 1: Mark live objects 21.062ms
[2026-03-19T10:51:26.265+0800][6.332s][info][gc,phases,start] GC(148) Phase 2: Prepare for compaction
[2026-03-19T10:51:26.265+0800][6.332s][info][gc,phases      ] GC(148) Phase 2: Prepare for compaction 0.237ms
[2026-03-19T10:51:26.265+0800][6.332s][info][gc,phases,start] GC(148) Phase 3: Adjust pointers
[2026-03-19T10:51:26.272+0800][6.339s][info][gc,phases      ] GC(148) Phase 3: Adjust pointers 7.093ms
[2026-03-19T10:51:26.272+0800][6.339s][info][gc,phases,start] GC(148) Phase 4: Compact heap
[2026-03-19T10:51:26.272+0800][6.339s][info][gc,phases      ] GC(148) Phase 4: Compact heap 0.178ms
[2026-03-19T10:51:26.273+0800][6.340s][info][gc,heap        ] GC(148) Eden regions: 0->0(3)
[2026-03-19T10:51:26.273+0800][6.340s][info][gc,heap        ] GC(148) Survivor regions: 0->0(0)
[2026-03-19T10:51:26.273+0800][6.340s][info][gc,heap        ] GC(148) Old regions: 61->61
[2026-03-19T10:51:26.273+0800][6.341s][info][gc,heap        ] GC(148) Archive regions: 0->0
[2026-03-19T10:51:26.273+0800][6.341s][info][gc,heap        ] GC(148) Humongous regions: 3->3
[2026-03-19T10:51:26.273+0800][6.341s][info][gc,metaspace   ] GC(148) Metaspace: 5772K(6144K)->5772K(6144K) NonClass: 5140K(5376K)->5140K(5376K) Class: 632K(768K)->632K(768K)
[2026-03-19T10:51:26.273+0800][6.341s][info][gc             ] GC(148) Pause Full (G1 Compaction Pause) 63M->63M(64M) 30.183ms
[2026-03-19T10:51:26.274+0800][6.341s][info][gc,cpu         ] GC(148) User=0.06s Sys=0.00s Real=0.03s
[2026-03-19T10:51:26.274+0800][6.341s][info][gc,ergo        ] Attempting maximum full compaction clearing soft references
[2026-03-19T10:51:26.274+0800][6.341s][info][gc,task        ] GC(149) Using 2 workers of 13 for full compaction
[2026-03-19T10:51:26.274+0800][6.341s][info][gc,start       ] GC(149) Pause Full (G1 Compaction Pause)
[2026-03-19T10:51:26.274+0800][6.341s][info][gc,phases,start] GC(149) Phase 1: Mark live objects
[2026-03-19T10:51:26.295+0800][6.362s][info][gc,phases      ] GC(149) Phase 1: Mark live objects 21.202ms
[2026-03-19T10:51:26.296+0800][6.362s][info][gc,phases,start] GC(149) Phase 2: Prepare for compaction
[2026-03-19T10:51:26.302+0800][6.370s][info][gc,phases      ] GC(149) Phase 2: Prepare for compaction 7.085ms
[2026-03-19T10:51:26.302+0800][6.370s][info][gc,phases,start] GC(149) Phase 3: Adjust pointers
[2026-03-19T10:51:26.314+0800][6.381s][info][gc,phases      ] GC(149) Phase 3: Adjust pointers 11.364ms
[2026-03-19T10:51:26.314+0800][6.381s][info][gc,phases,start] GC(149) Phase 4: Compact heap
[2026-03-19T10:51:26.322+0800][6.389s][info][gc,phases      ] GC(149) Phase 4: Compact heap 7.359ms
[2026-03-19T10:51:26.323+0800][6.390s][info][gc,heap        ] GC(149) Eden regions: 0->0(3)
[2026-03-19T10:51:26.323+0800][6.390s][info][gc,heap        ] GC(149) Survivor regions: 0->0(0)
[2026-03-19T10:51:26.323+0800][6.390s][info][gc,heap        ] GC(149) Old regions: 61->61
[2026-03-19T10:51:26.323+0800][6.390s][info][gc,heap        ] GC(149) Archive regions: 0->0
[2026-03-19T10:51:26.323+0800][6.390s][info][gc,heap        ] GC(149) Humongous regions: 3->3
[2026-03-19T10:51:26.323+0800][6.390s][info][gc,metaspace   ] GC(149) Metaspace: 5772K(6144K)->5772K(6144K) NonClass: 5140K(5376K)->5140K(5376K) Class: 632K(768K)->632K(768K)
[2026-03-19T10:51:26.323+0800][6.390s][info][gc             ] GC(149) Pause Full (G1 Compaction Pause) 63M->63M(64M) 49.094ms
[2026-03-19T10:51:26.323+0800][6.390s][info][gc,cpu         ] GC(149) User=0.09s Sys=0.00s Real=0.05s
[2026-03-19T10:51:26.324+0800][6.391s][info][gc,start       ] GC(150) Pause Young (Concurrent Start) (G1 Evacuation Pause)
[2026-03-19T10:51:26.324+0800][6.391s][info][gc,task        ] GC(150) Using 2 workers of 13 for evacuation
[2026-03-19T10:51:26.325+0800][6.392s][info][gc,phases      ] GC(150)   Pre Evacuate Collection Set: 0.1ms
[2026-03-19T10:51:26.325+0800][6.392s][info][gc,phases      ] GC(150)   Merge Heap Roots: 0.1ms
[2026-03-19T10:51:26.325+0800][6.392s][info][gc,phases      ] GC(150)   Evacuate Collection Set: 0.3ms
[2026-03-19T10:51:26.325+0800][6.392s][info][gc,phases      ] GC(150)   Post Evacuate Collection Set: 0.5ms
[2026-03-19T10:51:26.325+0800][6.392s][info][gc,phases      ] GC(150)   Other: 0.3ms
[2026-03-19T10:51:26.325+0800][6.392s][info][gc,heap        ] GC(150) Eden regions: 0->0(3)
[2026-03-19T10:51:26.325+0800][6.392s][info][gc,heap        ] GC(150) Survivor regions: 0->0(0)
[2026-03-19T10:51:26.325+0800][6.392s][info][gc,heap        ] GC(150) Old regions: 61->61
[2026-03-19T10:51:26.325+0800][6.392s][info][gc,heap        ] GC(150) Archive regions: 0->0
[2026-03-19T10:51:26.325+0800][6.392s][info][gc,heap        ] GC(150) Humongous regions: 3->3
[2026-03-19T10:51:26.325+0800][6.392s][info][gc,metaspace   ] GC(150) Metaspace: 5772K(6144K)->5772K(6144K) NonClass: 5140K(5376K)->5140K(5376K) Class: 632K(768K)->632K(768K)
[2026-03-19T10:51:26.325+0800][6.392s][info][gc             ] GC(150) Pause Young (Concurrent Start) (G1 Evacuation Pause) 63M->63M(64M) 1.751ms
[2026-03-19T10:51:26.325+0800][6.392s][info][gc,cpu         ] GC(150) User=0.00s Sys=0.00s Real=0.00s
[2026-03-19T10:51:26.325+0800][6.393s][info][gc,ergo        ] Attempting full compaction
[2026-03-19T10:51:26.325+0800][6.393s][info][gc,task        ] GC(151) Using 2 workers of 13 for full compaction
[2026-03-19T10:51:26.325+0800][6.393s][info][gc             ] GC(152) Concurrent Mark Cycle
[2026-03-19T10:51:26.326+0800][6.393s][info][gc,start       ] GC(151) Pause Full (G1 Compaction Pause)
[2026-03-19T10:51:26.326+0800][6.393s][info][gc,marking     ] GC(152) Concurrent Clear Claimed Marks
[2026-03-19T10:51:26.326+0800][6.393s][info][gc,phases,start] GC(151) Phase 1: Mark live objects
[2026-03-19T10:51:26.326+0800][6.393s][info][gc,marking     ] GC(152) Concurrent Clear Claimed Marks 0.566ms
[2026-03-19T10:51:26.326+0800][6.394s][info][gc,marking     ] GC(152) Concurrent Scan Root Regions
[2026-03-19T10:51:26.327+0800][6.394s][info][gc,marking     ] GC(152) Concurrent Scan Root Regions 0.095ms
[2026-03-19T10:51:26.348+0800][6.415s][info][gc,phases      ] GC(151) Phase 1: Mark live objects 21.695ms
[2026-03-19T10:51:26.348+0800][6.415s][info][gc,phases,start] GC(151) Phase 2: Prepare for compaction
[2026-03-19T10:51:26.348+0800][6.415s][info][gc,phases      ] GC(151) Phase 2: Prepare for compaction 0.190ms
[2026-03-19T10:51:26.348+0800][6.415s][info][gc,phases,start] GC(151) Phase 3: Adjust pointers
[2026-03-19T10:51:26.356+0800][6.423s][info][gc,phases      ] GC(151) Phase 3: Adjust pointers 7.423ms
[2026-03-19T10:51:26.356+0800][6.423s][info][gc,phases,start] GC(151) Phase 4: Compact heap
[2026-03-19T10:51:26.356+0800][6.423s][info][gc,phases      ] GC(151) Phase 4: Compact heap 0.164ms
[2026-03-19T10:51:26.357+0800][6.424s][info][gc,heap        ] GC(151) Eden regions: 0->0(3)
[2026-03-19T10:51:26.357+0800][6.424s][info][gc,heap        ] GC(151) Survivor regions: 0->0(0)
[2026-03-19T10:51:26.357+0800][6.424s][info][gc,heap        ] GC(151) Old regions: 61->61
[2026-03-19T10:51:26.357+0800][6.424s][info][gc,heap        ] GC(151) Archive regions: 0->0
[2026-03-19T10:51:26.357+0800][6.424s][info][gc,heap        ] GC(151) Humongous regions: 3->3
[2026-03-19T10:51:26.357+0800][6.424s][info][gc,metaspace   ] GC(151) Metaspace: 5772K(6144K)->5772K(6144K) NonClass: 5140K(5376K)->5140K(5376K) Class: 632K(768K)->632K(768K)
[2026-03-19T10:51:26.357+0800][6.424s][info][gc             ] GC(151) Pause Full (G1 Compaction Pause) 63M->63M(64M) 31.465ms
[2026-03-19T10:51:26.357+0800][6.424s][info][gc,cpu         ] GC(151) User=0.06s Sys=0.00s Real=0.03s
[2026-03-19T10:51:26.357+0800][6.424s][info][gc,ergo        ] Attempting maximum full compaction clearing soft references
[2026-03-19T10:51:26.358+0800][6.424s][info][gc,task        ] GC(153) Using 2 workers of 13 for full compaction
[2026-03-19T10:51:26.358+0800][6.425s][info][gc,start       ] GC(153) Pause Full (G1 Compaction Pause)
[2026-03-19T10:51:26.358+0800][6.425s][info][gc,phases,start] GC(153) Phase 1: Mark live objects
[2026-03-19T10:51:26.380+0800][6.447s][info][gc,phases      ] GC(153) Phase 1: Mark live objects 22.069ms
[2026-03-19T10:51:26.380+0800][6.447s][info][gc,phases,start] GC(153) Phase 2: Prepare for compaction
[2026-03-19T10:51:26.387+0800][6.454s][info][gc,phases      ] GC(153) Phase 2: Prepare for compaction 7.269ms
[2026-03-19T10:51:26.387+0800][6.454s][info][gc,phases,start] GC(153) Phase 3: Adjust pointers
[2026-03-19T10:51:26.398+0800][6.465s][info][gc,phases      ] GC(153) Phase 3: Adjust pointers 10.821ms
[2026-03-19T10:51:26.398+0800][6.465s][info][gc,phases,start] GC(153) Phase 4: Compact heap
[2026-03-19T10:51:26.404+0800][6.471s][info][gc,phases      ] GC(153) Phase 4: Compact heap 5.816ms
[2026-03-19T10:51:26.405+0800][6.472s][info][gc,heap        ] GC(153) Eden regions: 0->0(3)
[2026-03-19T10:51:26.405+0800][6.472s][info][gc,heap        ] GC(153) Survivor regions: 0->0(0)
[2026-03-19T10:51:26.405+0800][6.472s][info][gc,heap        ] GC(153) Old regions: 61->61
[2026-03-19T10:51:26.405+0800][6.472s][info][gc,heap        ] GC(153) Archive regions: 0->0
[2026-03-19T10:51:26.405+0800][6.472s][info][gc,heap        ] GC(153) Humongous regions: 3->3
[2026-03-19T10:51:26.405+0800][6.472s][info][gc,metaspace   ] GC(153) Metaspace: 5772K(6144K)->5772K(6144K) NonClass: 5140K(5376K)->5140K(5376K) Class: 632K(768K)->632K(768K)
[2026-03-19T10:51:26.405+0800][6.472s][info][gc             ] GC(153) Pause Full (G1 Compaction Pause) 63M->63M(64M) 47.696ms
[2026-03-19T10:51:26.406+0800][6.472s][info][gc,cpu         ] GC(153) User=0.09s Sys=0.00s Real=0.05s
[2026-03-19T10:51:26.406+0800][6.472s][info][gc,marking     ] GC(152) Concurrent Mark Abort
[2026-03-19T10:51:26.406+0800][6.473s][info][gc             ] GC(152) Concurrent Mark Cycle 80.127ms
[2026-03-19T10:51:26.406+0800][6.473s][info][gc,start       ] GC(154) Pause Young (Normal) (G1 Evacuation Pause)
[2026-03-19T10:51:26.406+0800][6.473s][info][gc,task        ] GC(154) Using 2 workers of 13 for evacuation
[2026-03-19T10:51:26.407+0800][6.474s][info][gc,phases      ] GC(154)   Pre Evacuate Collection Set: 0.1ms
[2026-03-19T10:51:26.407+0800][6.474s][info][gc,phases      ] GC(154)   Merge Heap Roots: 0.1ms
[2026-03-19T10:51:26.407+0800][6.474s][info][gc,phases      ] GC(154)   Evacuate Collection Set: 0.1ms
[2026-03-19T10:51:26.407+0800][6.474s][info][gc,phases      ] GC(154)   Post Evacuate Collection Set: 0.5ms
[2026-03-19T10:51:26.407+0800][6.474s][info][gc,phases      ] GC(154)   Other: 0.2ms
[2026-03-19T10:51:26.407+0800][6.474s][info][gc,heap        ] GC(154) Eden regions: 0->0(3)
[2026-03-19T10:51:26.407+0800][6.474s][info][gc,heap        ] GC(154) Survivor regions: 0->0(0)
[2026-03-19T10:51:26.407+0800][6.474s][info][gc,heap        ] GC(154) Old regions: 61->61
[2026-03-19T10:51:26.407+0800][6.474s][info][gc,heap        ] GC(154) Archive regions: 0->0
[2026-03-19T10:51:26.407+0800][6.474s][info][gc,heap        ] GC(154) Humongous regions: 3->3
[2026-03-19T10:51:26.407+0800][6.474s][info][gc,metaspace   ] GC(154) Metaspace: 5772K(6144K)->5772K(6144K) NonClass: 5140K(5376K)->5140K(5376K) Class: 632K(768K)->632K(768K)
[2026-03-19T10:51:26.407+0800][6.474s][info][gc             ] GC(154) Pause Young (Normal) (G1 Evacuation Pause) 63M->63M(64M) 1.314ms
[2026-03-19T10:51:26.407+0800][6.474s][info][gc,cpu         ] GC(154) User=0.00s Sys=0.00s Real=0.00s
[2026-03-19T10:51:26.407+0800][6.474s][info][gc,ergo        ] Attempting full compaction
[2026-03-19T10:51:26.407+0800][6.474s][info][gc,task        ] GC(155) Using 2 workers of 13 for full compaction
[2026-03-19T10:51:26.408+0800][6.474s][info][gc,start       ] GC(155) Pause Full (G1 Compaction Pause)
[2026-03-19T10:51:26.408+0800][6.474s][info][gc,phases,start] GC(155) Phase 1: Mark live objects
[2026-03-19T10:51:26.429+0800][6.496s][info][gc,phases      ] GC(155) Phase 1: Mark live objects 21.074ms
[2026-03-19T10:51:26.429+0800][6.496s][info][gc,phases,start] GC(155) Phase 2: Prepare for compaction
[2026-03-19T10:51:26.429+0800][6.496s][info][gc,phases      ] GC(155) Phase 2: Prepare for compaction 0.172ms
[2026-03-19T10:51:26.429+0800][6.496s][info][gc,phases,start] GC(155) Phase 3: Adjust pointers
[2026-03-19T10:51:26.436+0800][6.503s][info][gc,phases      ] GC(155) Phase 3: Adjust pointers 7.117ms
[2026-03-19T10:51:26.436+0800][6.503s][info][gc,phases,start] GC(155) Phase 4: Compact heap
[2026-03-19T10:51:26.436+0800][6.503s][info][gc,phases      ] GC(155) Phase 4: Compact heap 0.119ms
[2026-03-19T10:51:26.437+0800][6.504s][info][gc,heap        ] GC(155) Eden regions: 0->0(3)
[2026-03-19T10:51:26.437+0800][6.504s][info][gc,heap        ] GC(155) Survivor regions: 0->0(0)
[2026-03-19T10:51:26.437+0800][6.504s][info][gc,heap        ] GC(155) Old regions: 61->61
[2026-03-19T10:51:26.437+0800][6.504s][info][gc,heap        ] GC(155) Archive regions: 0->0
[2026-03-19T10:51:26.437+0800][6.504s][info][gc,heap        ] GC(155) Humongous regions: 3->3
[2026-03-19T10:51:26.437+0800][6.504s][info][gc,metaspace   ] GC(155) Metaspace: 5772K(6144K)->5772K(6144K) NonClass: 5140K(5376K)->5140K(5376K) Class: 632K(768K)->632K(768K)
[2026-03-19T10:51:26.437+0800][6.504s][info][gc             ] GC(155) Pause Full (G1 Compaction Pause) 63M->63M(64M) 29.942ms
[2026-03-19T10:51:26.437+0800][6.505s][info][gc,cpu         ] GC(155) User=0.06s Sys=0.00s Real=0.03s
[2026-03-19T10:51:26.437+0800][6.505s][info][gc,ergo        ] Attempting maximum full compaction clearing soft references
[2026-03-19T10:51:26.437+0800][6.505s][info][gc,task        ] GC(156) Using 2 workers of 13 for full compaction
[2026-03-19T10:51:26.437+0800][6.505s][info][gc,start       ] GC(156) Pause Full (G1 Compaction Pause)
[2026-03-19T10:51:26.437+0800][6.505s][info][gc,phases,start] GC(156) Phase 1: Mark live objects
[2026-03-19T10:51:26.458+0800][6.526s][info][gc,phases      ] GC(156) Phase 1: Mark live objects 20.689ms
[2026-03-19T10:51:26.458+0800][6.526s][info][gc,phases,start] GC(156) Phase 2: Prepare for compaction
[2026-03-19T10:51:26.466+0800][6.533s][info][gc,phases      ] GC(156) Phase 2: Prepare for compaction 7.066ms
[2026-03-19T10:51:26.466+0800][6.533s][info][gc,phases,start] GC(156) Phase 3: Adjust pointers
[2026-03-19T10:51:26.476+0800][6.544s][info][gc,phases      ] GC(156) Phase 3: Adjust pointers 10.703ms
[2026-03-19T10:51:26.477+0800][6.544s][info][gc,phases,start] GC(156) Phase 4: Compact heap
[2026-03-19T10:51:26.483+0800][6.550s][info][gc,phases      ] GC(156) Phase 4: Compact heap 5.928ms
[2026-03-19T10:51:26.484+0800][6.551s][info][gc,heap        ] GC(156) Eden regions: 0->0(3)
[2026-03-19T10:51:26.484+0800][6.551s][info][gc,heap        ] GC(156) Survivor regions: 0->0(0)
[2026-03-19T10:51:26.484+0800][6.551s][info][gc,heap        ] GC(156) Old regions: 61->61
[2026-03-19T10:51:26.484+0800][6.551s][info][gc,heap        ] GC(156) Archive regions: 0->0
[2026-03-19T10:51:26.484+0800][6.551s][info][gc,heap        ] GC(156) Humongous regions: 3->3
[2026-03-19T10:51:26.484+0800][6.551s][info][gc,metaspace   ] GC(156) Metaspace: 5772K(6144K)->5772K(6144K) NonClass: 5140K(5376K)->5140K(5376K) Class: 632K(768K)->632K(768K)
[2026-03-19T10:51:26.484+0800][6.551s][info][gc             ] GC(156) Pause Full (G1 Compaction Pause) 63M->63M(64M) 46.213ms
[2026-03-19T10:51:26.484+0800][6.551s][info][gc,cpu         ] GC(156) User=0.08s Sys=0.00s Real=0.05s
[2026-03-19T10:51:26.484+0800][6.551s][info][gc,start       ] GC(157) Pause Young (Concurrent Start) (G1 Evacuation Pause)
[2026-03-19T10:51:26.485+0800][6.551s][info][gc,task        ] GC(157) Using 2 workers of 13 for evacuation
[2026-03-19T10:51:26.485+0800][6.552s][info][gc,phases      ] GC(157)   Pre Evacuate Collection Set: 0.0ms
[2026-03-19T10:51:26.485+0800][6.552s][info][gc,phases      ] GC(157)   Merge Heap Roots: 0.0ms
[2026-03-19T10:51:26.485+0800][6.552s][info][gc,phases      ] GC(157)   Evacuate Collection Set: 0.2ms
[2026-03-19T10:51:26.485+0800][6.552s][info][gc,phases      ] GC(157)   Post Evacuate Collection Set: 0.3ms
[2026-03-19T10:51:26.485+0800][6.552s][info][gc,phases      ] GC(157)   Other: 0.2ms
[2026-03-19T10:51:26.486+0800][6.552s][info][gc,heap        ] GC(157) Eden regions: 0->0(3)
[2026-03-19T10:51:26.486+0800][6.552s][info][gc,heap        ] GC(157) Survivor regions: 0->0(0)
[2026-03-19T10:51:26.486+0800][6.552s][info][gc,heap        ] GC(157) Old regions: 61->61
[2026-03-19T10:51:26.486+0800][6.552s][info][gc,heap        ] GC(157) Archive regions: 0->0
[2026-03-19T10:51:26.486+0800][6.552s][info][gc,heap        ] GC(157) Humongous regions: 3->3
[2026-03-19T10:51:26.486+0800][6.552s][info][gc,metaspace   ] GC(157) Metaspace: 5772K(6144K)->5772K(6144K) NonClass: 5140K(5376K)->5140K(5376K) Class: 632K(768K)->632K(768K)
[2026-03-19T10:51:26.486+0800][6.553s][info][gc             ] GC(157) Pause Young (Concurrent Start) (G1 Evacuation Pause) 63M->63M(64M) 1.282ms
[2026-03-19T10:51:26.486+0800][6.553s][info][gc,cpu         ] GC(157) User=0.00s Sys=0.00s Real=0.00s
[2026-03-19T10:51:26.486+0800][6.553s][info][gc,ergo        ] Attempting full compaction
[2026-03-19T10:51:26.486+0800][6.553s][info][gc             ] GC(158) Concurrent Mark Cycle
[2026-03-19T10:51:26.486+0800][6.553s][info][gc,task        ] GC(159) Using 2 workers of 13 for full compaction
[2026-03-19T10:51:26.486+0800][6.553s][info][gc,marking     ] GC(158) Concurrent Clear Claimed Marks
[2026-03-19T10:51:26.486+0800][6.553s][info][gc,start       ] GC(159) Pause Full (G1 Compaction Pause)
[2026-03-19T10:51:26.486+0800][6.553s][info][gc,marking     ] GC(158) Concurrent Clear Claimed Marks 0.244ms
[2026-03-19T10:51:26.486+0800][6.553s][info][gc,marking     ] GC(158) Concurrent Scan Root Regions
[2026-03-19T10:51:26.486+0800][6.553s][info][gc,phases,start] GC(159) Phase 1: Mark live objects
[2026-03-19T10:51:26.486+0800][6.553s][info][gc,marking     ] GC(158) Concurrent Scan Root Regions 0.064ms
[2026-03-19T10:51:26.507+0800][6.574s][info][gc,phases      ] GC(159) Phase 1: Mark live objects 21.057ms
[2026-03-19T10:51:26.507+0800][6.575s][info][gc,phases,start] GC(159) Phase 2: Prepare for compaction
[2026-03-19T10:51:26.508+0800][6.575s][info][gc,phases      ] GC(159) Phase 2: Prepare for compaction 0.168ms
[2026-03-19T10:51:26.508+0800][6.575s][info][gc,phases,start] GC(159) Phase 3: Adjust pointers
[2026-03-19T10:51:26.516+0800][6.583s][info][gc,phases      ] GC(159) Phase 3: Adjust pointers 8.116ms
[2026-03-19T10:51:26.516+0800][6.583s][info][gc,phases,start] GC(159) Phase 4: Compact heap
[2026-03-19T10:51:26.516+0800][6.583s][info][gc,phases      ] GC(159) Phase 4: Compact heap 0.110ms
[2026-03-19T10:51:26.517+0800][6.584s][info][gc,heap        ] GC(159) Eden regions: 0->0(3)
[2026-03-19T10:51:26.517+0800][6.584s][info][gc,heap        ] GC(159) Survivor regions: 0->0(0)
[2026-03-19T10:51:26.517+0800][6.584s][info][gc,heap        ] GC(159) Old regions: 61->61
[2026-03-19T10:51:26.517+0800][6.584s][info][gc,heap        ] GC(159) Archive regions: 0->0
[2026-03-19T10:51:26.517+0800][6.584s][info][gc,heap        ] GC(159) Humongous regions: 3->3
[2026-03-19T10:51:26.517+0800][6.584s][info][gc,metaspace   ] GC(159) Metaspace: 5772K(6144K)->5772K(6144K) NonClass: 5140K(5376K)->5140K(5376K) Class: 632K(768K)->632K(768K)
[2026-03-19T10:51:26.517+0800][6.584s][info][gc             ] GC(159) Pause Full (G1 Compaction Pause) 63M->63M(64M) 31.125ms
[2026-03-19T10:51:26.517+0800][6.584s][info][gc,cpu         ] GC(159) User=0.06s Sys=0.00s Real=0.03s
[2026-03-19T10:51:26.517+0800][6.584s][info][gc,ergo        ] Attempting maximum full compaction clearing soft references
[2026-03-19T10:51:26.517+0800][6.584s][info][gc,task        ] GC(160) Using 2 workers of 13 for full compaction
[2026-03-19T10:51:26.517+0800][6.585s][info][gc,start       ] GC(160) Pause Full (G1 Compaction Pause)
[2026-03-19T10:51:26.517+0800][6.585s][info][gc,phases,start] GC(160) Phase 1: Mark live objects
[2026-03-19T10:51:26.538+0800][6.606s][info][gc,phases      ] GC(160) Phase 1: Mark live objects 21.232ms
[2026-03-19T10:51:26.538+0800][6.606s][info][gc,phases,start] GC(160) Phase 2: Prepare for compaction
[2026-03-19T10:51:26.547+0800][6.614s][info][gc,phases      ] GC(160) Phase 2: Prepare for compaction 8.068ms
[2026-03-19T10:51:26.547+0800][6.614s][info][gc,phases,start] GC(160) Phase 3: Adjust pointers
[2026-03-19T10:51:26.559+0800][6.626s][info][gc,phases      ] GC(160) Phase 3: Adjust pointers 12.056ms
[2026-03-19T10:51:26.560+0800][6.627s][info][gc,phases,start] GC(160) Phase 4: Compact heap
[2026-03-19T10:51:26.566+0800][6.634s][info][gc,phases      ] GC(160) Phase 4: Compact heap 7.281ms
[2026-03-19T10:51:26.568+0800][6.635s][info][gc,heap        ] GC(160) Eden regions: 0->0(3)
[2026-03-19T10:51:26.568+0800][6.635s][info][gc,heap        ] GC(160) Survivor regions: 0->0(0)
[2026-03-19T10:51:26.568+0800][6.635s][info][gc,heap        ] GC(160) Old regions: 61->61
[2026-03-19T10:51:26.568+0800][6.635s][info][gc,heap        ] GC(160) Archive regions: 0->0
[2026-03-19T10:51:26.568+0800][6.635s][info][gc,heap        ] GC(160) Humongous regions: 3->3
[2026-03-19T10:51:26.568+0800][6.635s][info][gc,metaspace   ] GC(160) Metaspace: 5772K(6144K)->5772K(6144K) NonClass: 5140K(5376K)->5140K(5376K) Class: 632K(768K)->632K(768K)
[2026-03-19T10:51:26.568+0800][6.635s][info][gc             ] GC(160) Pause Full (G1 Compaction Pause) 63M->63M(64M) 50.537ms
[2026-03-19T10:51:26.568+0800][6.635s][info][gc,cpu         ] GC(160) User=0.09s Sys=0.02s Real=0.05s
[2026-03-19T10:51:26.569+0800][6.635s][info][gc,marking     ] GC(158) Concurrent Mark Abort
[2026-03-19T10:51:26.569+0800][6.635s][info][gc             ] GC(158) Concurrent Mark Cycle 82.794ms
[2026-03-19T10:51:26.569+0800][6.636s][info][gc,start       ] GC(161) Pause Young (Normal) (G1 Evacuation Pause)
[2026-03-19T10:51:26.569+0800][6.636s][info][gc,task        ] GC(161) Using 2 workers of 13 for evacuation
[2026-03-19T10:51:26.570+0800][6.636s][info][gc,phases      ] GC(161)   Pre Evacuate Collection Set: 0.1ms
[2026-03-19T10:51:26.570+0800][6.637s][info][gc,phases      ] GC(161)   Merge Heap Roots: 0.1ms
[2026-03-19T10:51:26.570+0800][6.637s][info][gc,phases      ] GC(161)   Evacuate Collection Set: 0.1ms
[2026-03-19T10:51:26.570+0800][6.637s][info][gc,phases      ] GC(161)   Post Evacuate Collection Set: 0.3ms
[2026-03-19T10:51:26.570+0800][6.637s][info][gc,phases      ] GC(161)   Other: 0.2ms
[2026-03-19T10:51:26.570+0800][6.637s][info][gc,heap        ] GC(161) Eden regions: 0->0(3)
[2026-03-19T10:51:26.570+0800][6.637s][info][gc,heap        ] GC(161) Survivor regions: 0->0(0)
[2026-03-19T10:51:26.570+0800][6.637s][info][gc,heap        ] GC(161) Old regions: 61->61
[2026-03-19T10:51:26.570+0800][6.637s][info][gc,heap        ] GC(161) Archive regions: 0->0
[2026-03-19T10:51:26.570+0800][6.637s][info][gc,heap        ] GC(161) Humongous regions: 3->3
[2026-03-19T10:51:26.570+0800][6.637s][info][gc,metaspace   ] GC(161) Metaspace: 5772K(6144K)->5772K(6144K) NonClass: 5140K(5376K)->5140K(5376K) Class: 632K(768K)->632K(768K)
[2026-03-19T10:51:26.570+0800][6.637s][info][gc             ] GC(161) Pause Young (Normal) (G1 Evacuation Pause) 63M->63M(64M) 1.407ms
[2026-03-19T10:51:26.570+0800][6.637s][info][gc,cpu         ] GC(161) User=0.00s Sys=0.00s Real=0.00s
[2026-03-19T10:51:26.570+0800][6.637s][info][gc,ergo        ] Attempting full compaction
[2026-03-19T10:51:26.570+0800][6.637s][info][gc,task        ] GC(162) Using 2 workers of 13 for full compaction
[2026-03-19T10:51:26.570+0800][6.637s][info][gc,start       ] GC(162) Pause Full (G1 Compaction Pause)
[2026-03-19T10:51:26.570+0800][6.637s][info][gc,phases,start] GC(162) Phase 1: Mark live objects
[2026-03-19T10:51:26.590+0800][6.658s][info][gc,phases      ] GC(162) Phase 1: Mark live objects 20.333ms
[2026-03-19T10:51:26.591+0800][6.658s][info][gc,phases,start] GC(162) Phase 2: Prepare for compaction
[2026-03-19T10:51:26.591+0800][6.658s][info][gc,phases      ] GC(162) Phase 2: Prepare for compaction 0.251ms
[2026-03-19T10:51:26.591+0800][6.658s][info][gc,phases,start] GC(162) Phase 3: Adjust pointers
[2026-03-19T10:51:26.598+0800][6.665s][info][gc,phases      ] GC(162) Phase 3: Adjust pointers 6.779ms
[2026-03-19T10:51:26.598+0800][6.665s][info][gc,phases,start] GC(162) Phase 4: Compact heap
[2026-03-19T10:51:26.598+0800][6.665s][info][gc,phases      ] GC(162) Phase 4: Compact heap 0.177ms
[2026-03-19T10:51:26.599+0800][6.666s][info][gc,heap        ] GC(162) Eden regions: 0->0(3)
[2026-03-19T10:51:26.600+0800][6.666s][info][gc,heap        ] GC(162) Survivor regions: 0->0(0)
[2026-03-19T10:51:26.600+0800][6.667s][info][gc,heap        ] GC(162) Old regions: 61->61
[2026-03-19T10:51:26.600+0800][6.667s][info][gc,heap        ] GC(162) Archive regions: 0->0
[2026-03-19T10:51:26.600+0800][6.667s][info][gc,heap        ] GC(162) Humongous regions: 3->3
[2026-03-19T10:51:26.600+0800][6.667s][info][gc,metaspace   ] GC(162) Metaspace: 5772K(6144K)->5772K(6144K) NonClass: 5140K(5376K)->5140K(5376K) Class: 632K(768K)->632K(768K)
[2026-03-19T10:51:26.600+0800][6.667s][info][gc             ] GC(162) Pause Full (G1 Compaction Pause) 63M->63M(64M) 29.536ms
[2026-03-19T10:51:26.600+0800][6.667s][info][gc,cpu         ] GC(162) User=0.03s Sys=0.02s Real=0.03s
[2026-03-19T10:51:26.600+0800][6.667s][info][gc,ergo        ] Attempting maximum full compaction clearing soft references
[2026-03-19T10:51:26.600+0800][6.667s][info][gc,task        ] GC(163) Using 2 workers of 13 for full compaction
[2026-03-19T10:51:26.600+0800][6.667s][info][gc,start       ] GC(163) Pause Full (G1 Compaction Pause)
[2026-03-19T10:51:26.600+0800][6.667s][info][gc,phases,start] GC(163) Phase 1: Mark live objects
[2026-03-19T10:51:26.620+0800][6.688s][info][gc,phases      ] GC(163) Phase 1: Mark live objects 20.770ms
[2026-03-19T10:51:26.620+0800][6.688s][info][gc,phases,start] GC(163) Phase 2: Prepare for compaction
[2026-03-19T10:51:26.629+0800][6.695s][info][gc,phases      ] GC(163) Phase 2: Prepare for compaction 7.125ms
[2026-03-19T10:51:26.629+0800][6.695s][info][gc,phases,start] GC(163) Phase 3: Adjust pointers
[2026-03-19T10:51:26.638+0800][6.705s][info][gc,phases      ] GC(163) Phase 3: Adjust pointers 9.731ms
[2026-03-19T10:51:26.638+0800][6.705s][info][gc,phases,start] GC(163) Phase 4: Compact heap
[2026-03-19T10:51:26.645+0800][6.712s][info][gc,phases      ] GC(163) Phase 4: Compact heap 6.713ms
[2026-03-19T10:51:26.646+0800][6.713s][info][gc,heap        ] GC(163) Eden regions: 0->0(3)
[2026-03-19T10:51:26.646+0800][6.713s][info][gc,heap        ] GC(163) Survivor regions: 0->0(0)
[2026-03-19T10:51:26.647+0800][6.713s][info][gc,heap        ] GC(163) Old regions: 61->61
[2026-03-19T10:51:26.647+0800][6.713s][info][gc,heap        ] GC(163) Archive regions: 0->0
[2026-03-19T10:51:26.647+0800][6.714s][info][gc,heap        ] GC(163) Humongous regions: 3->3
[2026-03-19T10:51:26.647+0800][6.714s][info][gc,metaspace   ] GC(163) Metaspace: 5772K(6144K)->5772K(6144K) NonClass: 5140K(5376K)->5140K(5376K) Class: 632K(768K)->632K(768K)
[2026-03-19T10:51:26.647+0800][6.714s][info][gc             ] GC(163) Pause Full (G1 Compaction Pause) 63M->63M(64M) 46.461ms
[2026-03-19T10:51:26.647+0800][6.714s][info][gc,cpu         ] GC(163) User=0.06s Sys=0.02s Real=0.05s
[2026-03-19T10:51:26.647+0800][6.714s][info][gc,start       ] GC(164) Pause Young (Concurrent Start) (G1 Evacuation Pause)
[2026-03-19T10:51:26.647+0800][6.714s][info][gc,task        ] GC(164) Using 2 workers of 13 for evacuation
[2026-03-19T10:51:26.648+0800][6.715s][info][gc,phases      ] GC(164)   Pre Evacuate Collection Set: 0.1ms
[2026-03-19T10:51:26.648+0800][6.715s][info][gc,phases      ] GC(164)   Merge Heap Roots: 0.1ms
[2026-03-19T10:51:26.648+0800][6.715s][info][gc,phases      ] GC(164)   Evacuate Collection Set: 0.2ms
[2026-03-19T10:51:26.648+0800][6.715s][info][gc,phases      ] GC(164)   Post Evacuate Collection Set: 0.3ms
[2026-03-19T10:51:26.648+0800][6.715s][info][gc,phases      ] GC(164)   Other: 0.3ms
[2026-03-19T10:51:26.649+0800][6.715s][info][gc,heap        ] GC(164) Eden regions: 0->0(3)
[2026-03-19T10:51:26.649+0800][6.715s][info][gc,heap        ] GC(164) Survivor regions: 0->0(0)
[2026-03-19T10:51:26.649+0800][6.715s][info][gc,heap        ] GC(164) Old regions: 61->61
[2026-03-19T10:51:26.649+0800][6.716s][info][gc,heap        ] GC(164) Archive regions: 0->0
[2026-03-19T10:51:26.649+0800][6.716s][info][gc,heap        ] GC(164) Humongous regions: 3->3
[2026-03-19T10:51:26.649+0800][6.716s][info][gc,metaspace   ] GC(164) Metaspace: 5776K(6144K)->5776K(6144K) NonClass: 5143K(5376K)->5143K(5376K) Class: 632K(768K)->632K(768K)
[2026-03-19T10:51:26.649+0800][6.716s][info][gc             ] GC(164) Pause Young (Concurrent Start) (G1 Evacuation Pause) 63M->63M(64M) 1.407ms
[2026-03-19T10:51:26.649+0800][6.716s][info][gc,cpu         ] GC(164) User=0.00s Sys=0.00s Real=0.00s
[2026-03-19T10:51:26.649+0800][6.716s][info][gc,ergo        ] Attempting full compaction
[2026-03-19T10:51:26.649+0800][6.716s][info][gc             ] GC(165) Concurrent Mark Cycle
[2026-03-19T10:51:26.649+0800][6.716s][info][gc,task        ] GC(166) Using 2 workers of 13 for full compaction
[2026-03-19T10:51:26.649+0800][6.716s][info][gc,marking     ] GC(165) Concurrent Clear Claimed Marks
[2026-03-19T10:51:26.649+0800][6.716s][info][gc,marking     ] GC(165) Concurrent Clear Claimed Marks 0.117ms
[2026-03-19T10:51:26.649+0800][6.716s][info][gc,start       ] GC(166) Pause Full (G1 Compaction Pause)
[2026-03-19T10:51:26.649+0800][6.716s][info][gc,marking     ] GC(165) Concurrent Scan Root Regions
[2026-03-19T10:51:26.649+0800][6.716s][info][gc,marking     ] GC(165) Concurrent Scan Root Regions 0.145ms
[2026-03-19T10:51:26.649+0800][6.716s][info][gc,marking     ] GC(165) Concurrent Mark
[2026-03-19T10:51:26.649+0800][6.716s][info][gc,marking     ] GC(165) Concurrent Mark From Roots
[2026-03-19T10:51:26.649+0800][6.716s][info][gc,task        ] GC(165) Using 3 workers of 3 for marking
[2026-03-19T10:51:26.649+0800][6.716s][info][gc,phases,start] GC(166) Phase 1: Mark live objects
[2026-03-19T10:51:26.670+0800][6.736s][info][gc,phases      ] GC(166) Phase 1: Mark live objects 20.002ms
[2026-03-19T10:51:26.670+0800][6.737s][info][gc,phases,start] GC(166) Phase 2: Prepare for compaction
[2026-03-19T10:51:26.670+0800][6.737s][info][gc,phases      ] GC(166) Phase 2: Prepare for compaction 0.229ms
[2026-03-19T10:51:26.670+0800][6.737s][info][gc,phases,start] GC(166) Phase 3: Adjust pointers
[2026-03-19T10:51:26.678+0800][6.744s][info][gc,phases      ] GC(166) Phase 3: Adjust pointers 7.494ms
[2026-03-19T10:51:26.678+0800][6.745s][info][gc,phases,start] GC(166) Phase 4: Compact heap
[2026-03-19T10:51:26.678+0800][6.745s][info][gc,phases      ] GC(166) Phase 4: Compact heap 0.185ms
[2026-03-19T10:51:26.679+0800][6.746s][info][gc,heap        ] GC(166) Eden regions: 0->0(3)
[2026-03-19T10:51:26.679+0800][6.746s][info][gc,heap        ] GC(166) Survivor regions: 0->0(0)
[2026-03-19T10:51:26.679+0800][6.746s][info][gc,heap        ] GC(166) Old regions: 61->61
[2026-03-19T10:51:26.679+0800][6.746s][info][gc,heap        ] GC(166) Archive regions: 0->0
[2026-03-19T10:51:26.679+0800][6.746s][info][gc,heap        ] GC(166) Humongous regions: 3->3
[2026-03-19T10:51:26.679+0800][6.746s][info][gc,metaspace   ] GC(166) Metaspace: 5776K(6144K)->5776K(6144K) NonClass: 5143K(5376K)->5143K(5376K) Class: 632K(768K)->632K(768K)
[2026-03-19T10:51:26.679+0800][6.746s][info][gc             ] GC(166) Pause Full (G1 Compaction Pause) 63M->63M(64M) 29.867ms
[2026-03-19T10:51:26.679+0800][6.746s][info][gc,cpu         ] GC(166) User=0.06s Sys=0.00s Real=0.03s
[2026-03-19T10:51:26.679+0800][6.746s][info][gc,ergo        ] Attempting maximum full compaction clearing soft references
[2026-03-19T10:51:26.679+0800][6.746s][info][gc,task        ] GC(167) Using 2 workers of 13 for full compaction
[2026-03-19T10:51:26.679+0800][6.746s][info][gc,start       ] GC(167) Pause Full (G1 Compaction Pause)
[2026-03-19T10:51:26.679+0800][6.746s][info][gc,phases,start] GC(167) Phase 1: Mark live objects
[2026-03-19T10:51:26.699+0800][6.766s][info][gc,phases      ] GC(167) Phase 1: Mark live objects 19.976ms
[2026-03-19T10:51:26.699+0800][6.766s][info][gc,phases,start] GC(167) Phase 2: Prepare for compaction
[2026-03-19T10:51:26.707+0800][6.774s][info][gc,phases      ] GC(167) Phase 2: Prepare for compaction 7.680ms
[2026-03-19T10:51:26.707+0800][6.774s][info][gc,phases,start] GC(167) Phase 3: Adjust pointers
[2026-03-19T10:51:26.716+0800][6.784s][info][gc,phases      ] GC(167) Phase 3: Adjust pointers 9.328ms
[2026-03-19T10:51:26.716+0800][6.784s][info][gc,phases,start] GC(167) Phase 4: Compact heap
[2026-03-19T10:51:26.723+0800][6.789s][info][gc,phases      ] GC(167) Phase 4: Compact heap 5.727ms
[2026-03-19T10:51:26.723+0800][6.790s][info][gc,heap        ] GC(167) Eden regions: 0->0(3)
[2026-03-19T10:51:26.724+0800][6.791s][info][gc,heap        ] GC(167) Survivor regions: 0->0(0)
[2026-03-19T10:51:26.724+0800][6.791s][info][gc,heap        ] GC(167) Old regions: 61->61
[2026-03-19T10:51:26.724+0800][6.791s][info][gc,heap        ] GC(167) Archive regions: 0->0
[2026-03-19T10:51:26.724+0800][6.791s][info][gc,heap        ] GC(167) Humongous regions: 3->3
[2026-03-19T10:51:26.724+0800][6.791s][info][gc,metaspace   ] GC(167) Metaspace: 5776K(6144K)->5776K(6144K) NonClass: 5143K(5376K)->5143K(5376K) Class: 632K(768K)->632K(768K)
[2026-03-19T10:51:26.724+0800][6.791s][info][gc             ] GC(167) Pause Full (G1 Compaction Pause) 63M->63M(64M) 44.648ms
[2026-03-19T10:51:26.724+0800][6.791s][info][gc,cpu         ] GC(167) User=0.05s Sys=0.03s Real=0.05s
[2026-03-19T10:51:26.724+0800][6.791s][info][gc,marking     ] GC(165) Concurrent Mark From Roots 74.986ms
[2026-03-19T10:51:26.725+0800][6.791s][info][gc,start       ] GC(168) Pause Young (Normal) (G1 Evacuation Pause)
[2026-03-19T10:51:26.725+0800][6.791s][info][gc,task        ] GC(168) Using 2 workers of 13 for evacuation
[2026-03-19T10:51:26.725+0800][6.792s][info][gc,phases      ] GC(168)   Pre Evacuate Collection Set: 0.1ms
[2026-03-19T10:51:26.725+0800][6.792s][info][gc,phases      ] GC(168)   Merge Heap Roots: 0.1ms
[2026-03-19T10:51:26.725+0800][6.792s][info][gc,phases      ] GC(168)   Evacuate Collection Set: 0.1ms
[2026-03-19T10:51:26.725+0800][6.792s][info][gc,phases      ] GC(168)   Post Evacuate Collection Set: 0.4ms
[2026-03-19T10:51:26.725+0800][6.792s][info][gc,phases      ] GC(168)   Other: 0.2ms
[2026-03-19T10:51:26.725+0800][6.792s][info][gc,heap        ] GC(168) Eden regions: 0->0(3)
[2026-03-19T10:51:26.726+0800][6.792s][info][gc,heap        ] GC(168) Survivor regions: 0->0(0)
[2026-03-19T10:51:26.726+0800][6.793s][info][gc,heap        ] GC(168) Old regions: 61->61
[2026-03-19T10:51:26.726+0800][6.793s][info][gc,heap        ] GC(168) Archive regions: 0->0
[2026-03-19T10:51:26.726+0800][6.793s][info][gc,heap        ] GC(168) Humongous regions: 3->3
[2026-03-19T10:51:26.726+0800][6.793s][info][gc,metaspace   ] GC(168) Metaspace: 5776K(6144K)->5776K(6144K) NonClass: 5143K(5376K)->5143K(5376K) Class: 632K(768K)->632K(768K)
[2026-03-19T10:51:26.726+0800][6.793s][info][gc             ] GC(168) Pause Young (Normal) (G1 Evacuation Pause) 63M->63M(64M) 1.238ms
[2026-03-19T10:51:26.726+0800][6.793s][info][gc,cpu         ] GC(168) User=0.00s Sys=0.00s Real=0.00s
[2026-03-19T10:51:26.726+0800][6.793s][info][gc,ergo        ] Attempting full compaction
[2026-03-19T10:51:26.726+0800][6.793s][info][gc,task        ] GC(169) Using 2 workers of 13 for full compaction
[2026-03-19T10:51:26.726+0800][6.793s][info][gc,start       ] GC(169) Pause Full (G1 Compaction Pause)
[2026-03-19T10:51:26.726+0800][6.793s][info][gc,phases,start] GC(169) Phase 1: Mark live objects
[2026-03-19T10:51:26.747+0800][6.814s][info][gc,phases      ] GC(169) Phase 1: Mark live objects 21.159ms
[2026-03-19T10:51:26.747+0800][6.814s][info][gc,phases,start] GC(169) Phase 2: Prepare for compaction
[2026-03-19T10:51:26.748+0800][6.815s][info][gc,phases      ] GC(169) Phase 2: Prepare for compaction 0.308ms
[2026-03-19T10:51:26.748+0800][6.815s][info][gc,phases,start] GC(169) Phase 3: Adjust pointers
[2026-03-19T10:51:26.755+0800][6.822s][info][gc,phases      ] GC(169) Phase 3: Adjust pointers 7.426ms
[2026-03-19T10:51:26.755+0800][6.822s][info][gc,phases,start] GC(169) Phase 4: Compact heap
[2026-03-19T10:51:26.755+0800][6.823s][info][gc,phases      ] GC(169) Phase 4: Compact heap 0.293ms
[2026-03-19T10:51:26.756+0800][6.823s][info][gc,heap        ] GC(169) Eden regions: 0->0(3)
[2026-03-19T10:51:26.756+0800][6.824s][info][gc,heap        ] GC(169) Survivor regions: 0->0(0)
[2026-03-19T10:51:26.756+0800][6.824s][info][gc,heap        ] GC(169) Old regions: 61->61
[2026-03-19T10:51:26.756+0800][6.824s][info][gc,heap        ] GC(169) Archive regions: 0->0
[2026-03-19T10:51:26.756+0800][6.824s][info][gc,heap        ] GC(169) Humongous regions: 3->3
[2026-03-19T10:51:26.756+0800][6.824s][info][gc,metaspace   ] GC(169) Metaspace: 5776K(6144K)->5776K(6144K) NonClass: 5143K(5376K)->5143K(5376K) Class: 632K(768K)->632K(768K)
[2026-03-19T10:51:26.756+0800][6.824s][info][gc             ] GC(169) Pause Full (G1 Compaction Pause) 63M->63M(64M) 30.852ms
[2026-03-19T10:51:26.757+0800][6.824s][info][gc,cpu         ] GC(169) User=0.06s Sys=0.00s Real=0.03s
[2026-03-19T10:51:26.757+0800][6.824s][info][gc,ergo        ] Attempting maximum full compaction clearing soft references
[2026-03-19T10:51:26.757+0800][6.824s][info][gc,task        ] GC(170) Using 2 workers of 13 for full compaction
[2026-03-19T10:51:26.757+0800][6.824s][info][gc,start       ] GC(170) Pause Full (G1 Compaction Pause)
[2026-03-19T10:51:26.757+0800][6.824s][info][gc,phases,start] GC(170) Phase 1: Mark live objects
[2026-03-19T10:51:26.782+0800][6.850s][info][gc,phases      ] GC(170) Phase 1: Mark live objects 25.411ms
[2026-03-19T10:51:26.782+0800][6.850s][info][gc,phases,start] GC(170) Phase 2: Prepare for compaction
[2026-03-19T10:51:26.790+0800][6.857s][info][gc,phases      ] GC(170) Phase 2: Prepare for compaction 6.968ms
[2026-03-19T10:51:26.790+0800][6.857s][info][gc,phases,start] GC(170) Phase 3: Adjust pointers
[2026-03-19T10:51:26.800+0800][6.867s][info][gc,phases      ] GC(170) Phase 3: Adjust pointers 10.267ms
[2026-03-19T10:51:26.800+0800][6.868s][info][gc,phases,start] GC(170) Phase 4: Compact heap
[2026-03-19T10:51:26.806+0800][6.874s][info][gc,phases      ] GC(170) Phase 4: Compact heap 5.899ms
[2026-03-19T10:51:26.808+0800][6.875s][info][gc,heap        ] GC(170) Eden regions: 0->0(3)
[2026-03-19T10:51:26.808+0800][6.875s][info][gc,heap        ] GC(170) Survivor regions: 0->0(0)
[2026-03-19T10:51:26.808+0800][6.875s][info][gc,heap        ] GC(170) Old regions: 61->61
[2026-03-19T10:51:26.808+0800][6.875s][info][gc,heap        ] GC(170) Archive regions: 0->0
[2026-03-19T10:51:26.808+0800][6.875s][info][gc,heap        ] GC(170) Humongous regions: 3->3
[2026-03-19T10:51:26.808+0800][6.875s][info][gc,metaspace   ] GC(170) Metaspace: 5776K(6144K)->5776K(6144K) NonClass: 5143K(5376K)->5143K(5376K) Class: 632K(768K)->632K(768K)
[2026-03-19T10:51:26.808+0800][6.875s][info][gc             ] GC(170) Pause Full (G1 Compaction Pause) 63M->63M(64M) 50.712ms
[2026-03-19T10:51:26.808+0800][6.875s][info][gc,cpu         ] GC(170) User=0.09s Sys=0.00s Real=0.05s
[2026-03-19T10:51:26.808+0800][6.875s][info][gc,marking     ] GC(165) Concurrent Mark Abort
[2026-03-19T10:51:26.808+0800][6.875s][info][gc             ] GC(165) Concurrent Mark Cycle 159.500ms
[2026-03-19T10:51:26.809+0800][6.875s][info][gc,start       ] GC(171) Pause Young (Normal) (G1 Evacuation Pause)
[2026-03-19T10:51:26.809+0800][6.876s][info][gc,task        ] GC(171) Using 2 workers of 13 for evacuation
[2026-03-19T10:51:26.810+0800][6.877s][info][gc,phases      ] GC(171)   Pre Evacuate Collection Set: 0.1ms
[2026-03-19T10:51:26.810+0800][6.877s][info][gc,phases      ] GC(171)   Merge Heap Roots: 0.2ms
[2026-03-19T10:51:26.810+0800][6.877s][info][gc,phases      ] GC(171)   Evacuate Collection Set: 0.2ms
[2026-03-19T10:51:26.810+0800][6.877s][info][gc,phases      ] GC(171)   Post Evacuate Collection Set: 0.7ms
[2026-03-19T10:51:26.810+0800][6.877s][info][gc,phases      ] GC(171)   Other: 0.2ms
[2026-03-19T10:51:26.810+0800][6.877s][info][gc,heap        ] GC(171) Eden regions: 0->0(3)
[2026-03-19T10:51:26.810+0800][6.877s][info][gc,heap        ] GC(171) Survivor regions: 0->0(0)
[2026-03-19T10:51:26.810+0800][6.877s][info][gc,heap        ] GC(171) Old regions: 61->61
[2026-03-19T10:51:26.810+0800][6.877s][info][gc,heap        ] GC(171) Archive regions: 0->0
[2026-03-19T10:51:26.810+0800][6.877s][info][gc,heap        ] GC(171) Humongous regions: 3->3
[2026-03-19T10:51:26.810+0800][6.877s][info][gc,metaspace   ] GC(171) Metaspace: 5776K(6144K)->5776K(6144K) NonClass: 5143K(5376K)->5143K(5376K) Class: 632K(768K)->632K(768K)
[2026-03-19T10:51:26.810+0800][6.877s][info][gc             ] GC(171) Pause Young (Normal) (G1 Evacuation Pause) 63M->63M(64M) 1.819ms
[2026-03-19T10:51:26.810+0800][6.877s][info][gc,cpu         ] GC(171) User=0.00s Sys=0.00s Real=0.00s
[2026-03-19T10:51:26.810+0800][6.877s][info][gc,ergo        ] Attempting full compaction
[2026-03-19T10:51:26.810+0800][6.877s][info][gc,task        ] GC(172) Using 2 workers of 13 for full compaction
[2026-03-19T10:51:26.810+0800][6.877s][info][gc,start       ] GC(172) Pause Full (G1 Compaction Pause)
[2026-03-19T10:51:26.810+0800][6.878s][info][gc,phases,start] GC(172) Phase 1: Mark live objects
[2026-03-19T10:51:26.831+0800][6.899s][info][gc,phases      ] GC(172) Phase 1: Mark live objects 21.069ms
[2026-03-19T10:51:26.831+0800][6.899s][info][gc,phases,start] GC(172) Phase 2: Prepare for compaction
[2026-03-19T10:51:26.831+0800][6.899s][info][gc,phases      ] GC(172) Phase 2: Prepare for compaction 0.255ms
[2026-03-19T10:51:26.832+0800][6.899s][info][gc,phases,start] GC(172) Phase 3: Adjust pointers
[2026-03-19T10:51:26.838+0800][6.906s][info][gc,phases      ] GC(172) Phase 3: Adjust pointers 6.550ms
[2026-03-19T10:51:26.838+0800][6.906s][info][gc,phases,start] GC(172) Phase 4: Compact heap
[2026-03-19T10:51:26.838+0800][6.906s][info][gc,phases      ] GC(172) Phase 4: Compact heap 0.153ms
[2026-03-19T10:51:26.840+0800][6.907s][info][gc,heap        ] GC(172) Eden regions: 0->0(3)
[2026-03-19T10:51:26.840+0800][6.907s][info][gc,heap        ] GC(172) Survivor regions: 0->0(0)
[2026-03-19T10:51:26.840+0800][6.907s][info][gc,heap        ] GC(172) Old regions: 61->61
[2026-03-19T10:51:26.840+0800][6.907s][info][gc,heap        ] GC(172) Archive regions: 0->0
[2026-03-19T10:51:26.840+0800][6.907s][info][gc,heap        ] GC(172) Humongous regions: 3->3
[2026-03-19T10:51:26.840+0800][6.907s][info][gc,metaspace   ] GC(172) Metaspace: 5776K(6144K)->5776K(6144K) NonClass: 5143K(5376K)->5143K(5376K) Class: 632K(768K)->632K(768K)
[2026-03-19T10:51:26.840+0800][6.907s][info][gc             ] GC(172) Pause Full (G1 Compaction Pause) 63M->63M(64M) 29.618ms
[2026-03-19T10:51:26.840+0800][6.907s][info][gc,cpu         ] GC(172) User=0.06s Sys=0.00s Real=0.03s
[2026-03-19T10:51:26.840+0800][6.907s][info][gc,ergo        ] Attempting maximum full compaction clearing soft references
[2026-03-19T10:51:26.840+0800][6.907s][info][gc,task        ] GC(173) Using 2 workers of 13 for full compaction
[2026-03-19T10:51:26.840+0800][6.907s][info][gc,start       ] GC(173) Pause Full (G1 Compaction Pause)
[2026-03-19T10:51:26.840+0800][6.907s][info][gc,phases,start] GC(173) Phase 1: Mark live objects
[2026-03-19T10:51:26.862+0800][6.929s][info][gc,phases      ] GC(173) Phase 1: Mark live objects 21.861ms
[2026-03-19T10:51:26.862+0800][6.929s][info][gc,phases,start] GC(173) Phase 2: Prepare for compaction
[2026-03-19T10:51:26.870+0800][6.937s][info][gc,phases      ] GC(173) Phase 2: Prepare for compaction 7.383ms
[2026-03-19T10:51:26.870+0800][6.937s][info][gc,phases,start] GC(173) Phase 3: Adjust pointers
[2026-03-19T10:51:26.880+0800][6.947s][info][gc,phases      ] GC(173) Phase 3: Adjust pointers 10.241ms
[2026-03-19T10:51:26.880+0800][6.947s][info][gc,phases,start] GC(173) Phase 4: Compact heap
[2026-03-19T10:51:26.886+0800][6.953s][info][gc,phases      ] GC(173) Phase 4: Compact heap 5.658ms
[2026-03-19T10:51:26.888+0800][6.954s][info][gc,heap        ] GC(173) Eden regions: 0->0(3)
[2026-03-19T10:51:26.888+0800][6.954s][info][gc,heap        ] GC(173) Survivor regions: 0->0(0)
[2026-03-19T10:51:26.888+0800][6.954s][info][gc,heap        ] GC(173) Old regions: 61->61
[2026-03-19T10:51:26.888+0800][6.954s][info][gc,heap        ] GC(173) Archive regions: 0->0
[2026-03-19T10:51:26.888+0800][6.955s][info][gc,heap        ] GC(173) Humongous regions: 3->3
[2026-03-19T10:51:26.888+0800][6.955s][info][gc,metaspace   ] GC(173) Metaspace: 5776K(6144K)->5776K(6144K) NonClass: 5143K(5376K)->5143K(5376K) Class: 632K(768K)->632K(768K)
[2026-03-19T10:51:26.888+0800][6.955s][info][gc             ] GC(173) Pause Full (G1 Compaction Pause) 63M->63M(64M) 47.219ms
[2026-03-19T10:51:26.888+0800][6.955s][info][gc,cpu         ] GC(173) User=0.09s Sys=0.00s Real=0.05s
[2026-03-19T10:51:26.889+0800][6.955s][info][gc,start       ] GC(174) Pause Young (Concurrent Start) (G1 Evacuation Pause)
[2026-03-19T10:51:26.889+0800][6.955s][info][gc,task        ] GC(174) Using 2 workers of 13 for evacuation
[2026-03-19T10:51:26.889+0800][6.956s][info][gc,phases      ] GC(174)   Pre Evacuate Collection Set: 0.1ms
[2026-03-19T10:51:26.889+0800][6.956s][info][gc,phases      ] GC(174)   Merge Heap Roots: 0.1ms
[2026-03-19T10:51:26.889+0800][6.956s][info][gc,phases      ] GC(174)   Evacuate Collection Set: 0.2ms
[2026-03-19T10:51:26.889+0800][6.956s][info][gc,phases      ] GC(174)   Post Evacuate Collection Set: 0.5ms
[2026-03-19T10:51:26.889+0800][6.957s][info][gc,phases      ] GC(174)   Other: 0.2ms
[2026-03-19T10:51:26.889+0800][6.957s][info][gc,heap        ] GC(174) Eden regions: 0->0(3)
[2026-03-19T10:51:26.889+0800][6.957s][info][gc,heap        ] GC(174) Survivor regions: 0->0(0)
[2026-03-19T10:51:26.889+0800][6.957s][info][gc,heap        ] GC(174) Old regions: 61->61
[2026-03-19T10:51:26.889+0800][6.957s][info][gc,heap        ] GC(174) Archive regions: 0->0
[2026-03-19T10:51:26.889+0800][6.957s][info][gc,heap        ] GC(174) Humongous regions: 3->3
[2026-03-19T10:51:26.889+0800][6.957s][info][gc,metaspace   ] GC(174) Metaspace: 5776K(6144K)->5776K(6144K) NonClass: 5143K(5376K)->5143K(5376K) Class: 632K(768K)->632K(768K)
[2026-03-19T10:51:26.890+0800][6.957s][info][gc             ] GC(174) Pause Young (Concurrent Start) (G1 Evacuation Pause) 63M->63M(64M) 1.591ms
[2026-03-19T10:51:26.890+0800][6.957s][info][gc,cpu         ] GC(174) User=0.00s Sys=0.00s Real=0.00s
[2026-03-19T10:51:26.890+0800][6.957s][info][gc,ergo        ] Attempting full compaction
[2026-03-19T10:51:26.890+0800][6.957s][info][gc,task        ] GC(175) Using 2 workers of 13 for full compaction
[2026-03-19T10:51:26.890+0800][6.957s][info][gc             ] GC(176) Concurrent Mark Cycle
[2026-03-19T10:51:26.890+0800][6.957s][info][gc,start       ] GC(175) Pause Full (G1 Compaction Pause)
[2026-03-19T10:51:26.890+0800][6.957s][info][gc,marking     ] GC(176) Concurrent Clear Claimed Marks
[2026-03-19T10:51:26.890+0800][6.957s][info][gc,marking     ] GC(176) Concurrent Clear Claimed Marks 0.248ms
[2026-03-19T10:51:26.890+0800][6.957s][info][gc,marking     ] GC(176) Concurrent Scan Root Regions
[2026-03-19T10:51:26.890+0800][6.957s][info][gc,phases,start] GC(175) Phase 1: Mark live objects
[2026-03-19T10:51:26.890+0800][6.957s][info][gc,marking     ] GC(176) Concurrent Scan Root Regions 0.042ms
[2026-03-19T10:51:26.912+0800][6.979s][info][gc,phases      ] GC(175) Phase 1: Mark live objects 21.511ms
[2026-03-19T10:51:26.912+0800][6.979s][info][gc,phases,start] GC(175) Phase 2: Prepare for compaction
[2026-03-19T10:51:26.912+0800][6.979s][info][gc,phases      ] GC(175) Phase 2: Prepare for compaction 0.294ms
[2026-03-19T10:51:26.912+0800][6.979s][info][gc,phases,start] GC(175) Phase 3: Adjust pointers
[2026-03-19T10:51:26.918+0800][6.986s][info][gc,phases      ] GC(175) Phase 3: Adjust pointers 6.375ms
[2026-03-19T10:51:26.918+0800][6.986s][info][gc,phases,start] GC(175) Phase 4: Compact heap
[2026-03-19T10:51:26.918+0800][6.986s][info][gc,phases      ] GC(175) Phase 4: Compact heap 0.189ms
[2026-03-19T10:51:26.920+0800][6.987s][info][gc,heap        ] GC(175) Eden regions: 0->0(3)
[2026-03-19T10:51:26.920+0800][6.987s][info][gc,heap        ] GC(175) Survivor regions: 0->0(0)
[2026-03-19T10:51:26.920+0800][6.987s][info][gc,heap        ] GC(175) Old regions: 61->61
[2026-03-19T10:51:26.920+0800][6.987s][info][gc,heap        ] GC(175) Archive regions: 0->0
[2026-03-19T10:51:26.920+0800][6.987s][info][gc,heap        ] GC(175) Humongous regions: 3->3
[2026-03-19T10:51:26.920+0800][6.987s][info][gc,metaspace   ] GC(175) Metaspace: 5776K(6144K)->5776K(6144K) NonClass: 5143K(5376K)->5143K(5376K) Class: 632K(768K)->632K(768K)
[2026-03-19T10:51:26.920+0800][6.987s][info][gc             ] GC(175) Pause Full (G1 Compaction Pause) 63M->63M(64M) 30.350ms
[2026-03-19T10:51:26.921+0800][6.988s][info][gc,cpu         ] GC(175) User=0.03s Sys=0.00s Real=0.03s
[2026-03-19T10:51:26.921+0800][6.988s][info][gc,ergo        ] Attempting maximum full compaction clearing soft references
[2026-03-19T10:51:26.921+0800][6.988s][info][gc,task        ] GC(177) Using 2 workers of 13 for full compaction
[2026-03-19T10:51:26.921+0800][6.988s][info][gc,start       ] GC(177) Pause Full (G1 Compaction Pause)
[2026-03-19T10:51:26.921+0800][6.988s][info][gc,phases,start] GC(177) Phase 1: Mark live objects
[2026-03-19T10:51:26.941+0800][7.008s][info][gc,phases      ] GC(177) Phase 1: Mark live objects 20.601ms
[2026-03-19T10:51:26.941+0800][7.009s][info][gc,phases,start] GC(177) Phase 2: Prepare for compaction
[2026-03-19T10:51:26.948+0800][7.016s][info][gc,phases      ] GC(177) Phase 2: Prepare for compaction 7.089ms
[2026-03-19T10:51:26.948+0800][7.016s][info][gc,phases,start] GC(177) Phase 3: Adjust pointers
[2026-03-19T10:51:26.960+0800][7.027s][info][gc,phases      ] GC(177) Phase 3: Adjust pointers 11.425ms
[2026-03-19T10:51:26.961+0800][7.027s][info][gc,phases,start] GC(177) Phase 4: Compact heap
[2026-03-19T10:51:26.966+0800][7.033s][info][gc,phases      ] GC(177) Phase 4: Compact heap 5.534ms
[2026-03-19T10:51:26.967+0800][7.034s][info][gc,heap        ] GC(177) Eden regions: 0->0(3)
[2026-03-19T10:51:26.967+0800][7.034s][info][gc,heap        ] GC(177) Survivor regions: 0->0(0)
[2026-03-19T10:51:26.967+0800][7.034s][info][gc,heap        ] GC(177) Old regions: 61->61
[2026-03-19T10:51:26.967+0800][7.034s][info][gc,heap        ] GC(177) Archive regions: 0->0
[2026-03-19T10:51:26.967+0800][7.034s][info][gc,heap        ] GC(177) Humongous regions: 3->3
[2026-03-19T10:51:26.967+0800][7.034s][info][gc,metaspace   ] GC(177) Metaspace: 5776K(6144K)->5776K(6144K) NonClass: 5143K(5376K)->5143K(5376K) Class: 632K(768K)->632K(768K)
[2026-03-19T10:51:26.967+0800][7.034s][info][gc             ] GC(177) Pause Full (G1 Compaction Pause) 63M->63M(64M) 46.444ms
[2026-03-19T10:51:26.967+0800][7.034s][info][gc,cpu         ] GC(177) User=0.09s Sys=0.00s Real=0.05s
[2026-03-19T10:51:26.967+0800][7.034s][info][gc,marking     ] GC(176) Concurrent Mark Abort
[2026-03-19T10:51:26.968+0800][7.034s][info][gc             ] GC(176) Concurrent Mark Cycle 77.480ms
[2026-03-19T10:51:26.968+0800][7.035s][info][gc,start       ] GC(178) Pause Young (Normal) (G1 Evacuation Pause)
[2026-03-19T10:51:26.968+0800][7.035s][info][gc,task        ] GC(178) Using 2 workers of 13 for evacuation
[2026-03-19T10:51:26.969+0800][7.036s][info][gc,phases      ] GC(178)   Pre Evacuate Collection Set: 0.1ms
[2026-03-19T10:51:26.969+0800][7.036s][info][gc,phases      ] GC(178)   Merge Heap Roots: 0.2ms
[2026-03-19T10:51:26.969+0800][7.036s][info][gc,phases      ] GC(178)   Evacuate Collection Set: 0.2ms
[2026-03-19T10:51:26.969+0800][7.036s][info][gc,phases      ] GC(178)   Post Evacuate Collection Set: 0.6ms
[2026-03-19T10:51:26.969+0800][7.036s][info][gc,phases      ] GC(178)   Other: 0.2ms
[2026-03-19T10:51:26.970+0800][7.036s][info][gc,heap        ] GC(178) Eden regions: 0->0(3)
[2026-03-19T10:51:26.970+0800][7.036s][info][gc,heap        ] GC(178) Survivor regions: 0->0(0)
[2026-03-19T10:51:26.970+0800][7.037s][info][gc,heap        ] GC(178) Old regions: 61->61
[2026-03-19T10:51:26.970+0800][7.037s][info][gc,heap        ] GC(178) Archive regions: 0->0
[2026-03-19T10:51:26.970+0800][7.037s][info][gc,heap        ] GC(178) Humongous regions: 3->3
[2026-03-19T10:51:26.970+0800][7.037s][info][gc,metaspace   ] GC(178) Metaspace: 5779K(6144K)->5779K(6144K) NonClass: 5145K(5376K)->5145K(5376K) Class: 633K(768K)->633K(768K)
[2026-03-19T10:51:26.970+0800][7.037s][info][gc             ] GC(178) Pause Young (Normal) (G1 Evacuation Pause) 63M->63M(64M) 1.787ms
[2026-03-19T10:51:26.970+0800][7.037s][info][gc,cpu         ] GC(178) User=0.00s Sys=0.00s Real=0.00s
[2026-03-19T10:51:26.970+0800][7.037s][info][gc,ergo        ] Attempting full compaction
[2026-03-19T10:51:26.970+0800][7.037s][info][gc,task        ] GC(179) Using 2 workers of 13 for full compaction
[2026-03-19T10:51:26.970+0800][7.037s][info][gc,start       ] GC(179) Pause Full (G1 Compaction Pause)
[2026-03-19T10:51:26.970+0800][7.037s][info][gc,phases,start] GC(179) Phase 1: Mark live objects
[2026-03-19T10:51:26.990+0800][7.057s][info][gc,phases      ] GC(179) Phase 1: Mark live objects 20.343ms
[2026-03-19T10:51:26.990+0800][7.057s][info][gc,phases,start] GC(179) Phase 2: Prepare for compaction
[2026-03-19T10:51:26.991+0800][7.058s][info][gc,phases      ] GC(179) Phase 2: Prepare for compaction 0.262ms
[2026-03-19T10:51:26.991+0800][7.058s][info][gc,phases,start] GC(179) Phase 3: Adjust pointers
[2026-03-19T10:51:26.998+0800][7.065s][info][gc,phases      ] GC(179) Phase 3: Adjust pointers 7.193ms
[2026-03-19T10:51:26.998+0800][7.065s][info][gc,phases,start] GC(179) Phase 4: Compact heap
[2026-03-19T10:51:26.998+0800][7.066s][info][gc,phases      ] GC(179) Phase 4: Compact heap 0.326ms
[2026-03-19T10:51:26.998+0800][7.067s][info][gc,heap        ] GC(179) Eden regions: 0->0(3)
[2026-03-19T10:51:27.000+0800][7.067s][info][gc,heap        ] GC(179) Survivor regions: 0->0(0)
[2026-03-19T10:51:27.000+0800][7.067s][info][gc,heap        ] GC(179) Old regions: 61->61
[2026-03-19T10:51:27.000+0800][7.067s][info][gc,heap        ] GC(179) Archive regions: 0->0
[2026-03-19T10:51:27.000+0800][7.067s][info][gc,heap        ] GC(179) Humongous regions: 3->3
[2026-03-19T10:51:27.000+0800][7.067s][info][gc,metaspace   ] GC(179) Metaspace: 5779K(6144K)->5779K(6144K) NonClass: 5145K(5376K)->5145K(5376K) Class: 633K(768K)->633K(768K)
[2026-03-19T10:51:27.000+0800][7.067s][info][gc             ] GC(179) Pause Full (G1 Compaction Pause) 63M->63M(64M) 30.040ms
[2026-03-19T10:51:27.000+0800][7.067s][info][gc,cpu         ] GC(179) User=0.03s Sys=0.00s Real=0.03s
[2026-03-19T10:51:27.000+0800][7.067s][info][gc,ergo        ] Attempting maximum full compaction clearing soft references
[2026-03-19T10:51:27.000+0800][7.067s][info][gc,task        ] GC(180) Using 2 workers of 13 for full compaction
[2026-03-19T10:51:27.000+0800][7.067s][info][gc,start       ] GC(180) Pause Full (G1 Compaction Pause)
[2026-03-19T10:51:27.000+0800][7.067s][info][gc,phases,start] GC(180) Phase 1: Mark live objects
[2026-03-19T10:51:27.022+0800][7.088s][info][gc,phases      ] GC(180) Phase 1: Mark live objects 20.952ms
[2026-03-19T10:51:27.022+0800][7.088s][info][gc,phases,start] GC(180) Phase 2: Prepare for compaction
[2026-03-19T10:51:27.028+0800][7.095s][info][gc,phases      ] GC(180) Phase 2: Prepare for compaction 6.678ms
[2026-03-19T10:51:27.029+0800][7.095s][info][gc,phases,start] GC(180) Phase 3: Adjust pointers
[2026-03-19T10:51:27.037+0800][7.104s][info][gc,phases      ] GC(180) Phase 3: Adjust pointers 8.693ms
[2026-03-19T10:51:27.037+0800][7.104s][info][gc,phases,start] GC(180) Phase 4: Compact heap
[2026-03-19T10:51:27.043+0800][7.110s][info][gc,phases      ] GC(180) Phase 4: Compact heap 5.524ms
[2026-03-19T10:51:27.044+0800][7.111s][info][gc,heap        ] GC(180) Eden regions: 0->0(3)
[2026-03-19T10:51:27.044+0800][7.111s][info][gc,heap        ] GC(180) Survivor regions: 0->0(0)
[2026-03-19T10:51:27.044+0800][7.111s][info][gc,heap        ] GC(180) Old regions: 61->61
[2026-03-19T10:51:27.044+0800][7.111s][info][gc,heap        ] GC(180) Archive regions: 0->0
[2026-03-19T10:51:27.044+0800][7.111s][info][gc,heap        ] GC(180) Humongous regions: 3->3
[2026-03-19T10:51:27.044+0800][7.111s][info][gc,metaspace   ] GC(180) Metaspace: 5779K(6144K)->5779K(6144K) NonClass: 5145K(5376K)->5145K(5376K) Class: 633K(768K)->633K(768K)
[2026-03-19T10:51:27.044+0800][7.111s][info][gc             ] GC(180) Pause Full (G1 Compaction Pause) 63M->63M(64M) 43.707ms
[2026-03-19T10:51:27.044+0800][7.111s][info][gc,cpu         ] GC(180) User=0.06s Sys=0.02s Real=0.04s
[2026-03-19T10:51:27.045+0800][7.111s][info][gc,start       ] GC(181) Pause Young (Concurrent Start) (G1 Evacuation Pause)
[2026-03-19T10:51:27.045+0800][7.112s][info][gc,task        ] GC(181) Using 2 workers of 13 for evacuation
[2026-03-19T10:51:27.046+0800][7.113s][info][gc,phases      ] GC(181)   Pre Evacuate Collection Set: 0.1ms
[2026-03-19T10:51:27.046+0800][7.113s][info][gc,phases      ] GC(181)   Merge Heap Roots: 0.1ms
[2026-03-19T10:51:27.046+0800][7.113s][info][gc,phases      ] GC(181)   Evacuate Collection Set: 0.3ms
[2026-03-19T10:51:27.046+0800][7.113s][info][gc,phases      ] GC(181)   Post Evacuate Collection Set: 0.6ms
[2026-03-19T10:51:27.046+0800][7.113s][info][gc,phases      ] GC(181)   Other: 0.2ms
[2026-03-19T10:51:27.046+0800][7.113s][info][gc,heap        ] GC(181) Eden regions: 0->0(3)
[2026-03-19T10:51:27.046+0800][7.113s][info][gc,heap        ] GC(181) Survivor regions: 0->0(0)
[2026-03-19T10:51:27.046+0800][7.113s][info][gc,heap        ] GC(181) Old regions: 61->61
[2026-03-19T10:51:27.046+0800][7.113s][info][gc,heap        ] GC(181) Archive regions: 0->0
[2026-03-19T10:51:27.046+0800][7.113s][info][gc,heap        ] GC(181) Humongous regions: 3->3
[2026-03-19T10:51:27.046+0800][7.113s][info][gc,metaspace   ] GC(181) Metaspace: 5779K(6144K)->5779K(6144K) NonClass: 5145K(5376K)->5145K(5376K) Class: 633K(768K)->633K(768K)
[2026-03-19T10:51:27.046+0800][7.113s][info][gc             ] GC(181) Pause Young (Concurrent Start) (G1 Evacuation Pause) 63M->63M(64M) 1.848ms
[2026-03-19T10:51:27.046+0800][7.113s][info][gc,cpu         ] GC(181) User=0.00s Sys=0.00s Real=0.00s
[2026-03-19T10:51:27.047+0800][7.113s][info][gc,ergo        ] Attempting full compaction
[2026-03-19T10:51:27.047+0800][7.113s][info][gc             ] GC(183) Concurrent Mark Cycle
[2026-03-19T10:51:27.047+0800][7.113s][info][gc,task        ] GC(182) Using 2 workers of 13 for full compaction
[2026-03-19T10:51:27.047+0800][7.114s][info][gc,marking     ] GC(183) Concurrent Clear Claimed Marks
[2026-03-19T10:51:27.047+0800][7.114s][info][gc,start       ] GC(182) Pause Full (G1 Compaction Pause)
[2026-03-19T10:51:27.047+0800][7.114s][info][gc,marking     ] GC(183) Concurrent Clear Claimed Marks 0.298ms
[2026-03-19T10:51:27.047+0800][7.114s][info][gc,marking     ] GC(183) Concurrent Scan Root Regions
[2026-03-19T10:51:27.047+0800][7.114s][info][gc,marking     ] GC(183) Concurrent Scan Root Regions 0.048ms
[2026-03-19T10:51:27.047+0800][7.114s][info][gc,marking     ] GC(183) Concurrent Mark
[2026-03-19T10:51:27.047+0800][7.114s][info][gc,phases,start] GC(182) Phase 1: Mark live objects
[2026-03-19T10:51:27.047+0800][7.114s][info][gc,marking     ] GC(183) Concurrent Mark From Roots
[2026-03-19T10:51:27.048+0800][7.115s][info][gc,task        ] GC(183) Using 3 workers of 3 for marking
[2026-03-19T10:51:27.068+0800][7.135s][info][gc,phases      ] GC(182) Phase 1: Mark live objects 20.570ms
[2026-03-19T10:51:27.068+0800][7.135s][info][gc,phases,start] GC(182) Phase 2: Prepare for compaction
[2026-03-19T10:51:27.069+0800][7.135s][info][gc,phases      ] GC(182) Phase 2: Prepare for compaction 0.260ms
[2026-03-19T10:51:27.069+0800][7.135s][info][gc,phases,start] GC(182) Phase 3: Adjust pointers
[2026-03-19T10:51:27.075+0800][7.142s][info][gc,phases      ] GC(182) Phase 3: Adjust pointers 6.351ms
[2026-03-19T10:51:27.075+0800][7.142s][info][gc,phases,start] GC(182) Phase 4: Compact heap
[2026-03-19T10:51:27.075+0800][7.142s][info][gc,phases      ] GC(182) Phase 4: Compact heap 0.233ms
[2026-03-19T10:51:27.076+0800][7.143s][info][gc,heap        ] GC(182) Eden regions: 0->0(3)
[2026-03-19T10:51:27.076+0800][7.143s][info][gc,heap        ] GC(182) Survivor regions: 0->0(0)
[2026-03-19T10:51:27.076+0800][7.144s][info][gc,heap        ] GC(182) Old regions: 61->61
[2026-03-19T10:51:27.077+0800][7.144s][info][gc,heap        ] GC(182) Archive regions: 0->0
[2026-03-19T10:51:27.077+0800][7.144s][info][gc,heap        ] GC(182) Humongous regions: 3->3
[2026-03-19T10:51:27.077+0800][7.144s][info][gc,metaspace   ] GC(182) Metaspace: 5779K(6144K)->5779K(6144K) NonClass: 5145K(5376K)->5145K(5376K) Class: 633K(768K)->633K(768K)
[2026-03-19T10:51:27.077+0800][7.144s][info][gc             ] GC(182) Pause Full (G1 Compaction Pause) 63M->63M(64M) 29.711ms
[2026-03-19T10:51:27.077+0800][7.144s][info][gc,cpu         ] GC(182) User=0.06s Sys=0.00s Real=0.03s
[2026-03-19T10:51:27.077+0800][7.144s][info][gc,ergo        ] Attempting maximum full compaction clearing soft references
[2026-03-19T10:51:27.077+0800][7.144s][info][gc,task        ] GC(184) Using 2 workers of 13 for full compaction
[2026-03-19T10:51:27.077+0800][7.144s][info][gc,start       ] GC(184) Pause Full (G1 Compaction Pause)
[2026-03-19T10:51:27.077+0800][7.144s][info][gc,phases,start] GC(184) Phase 1: Mark live objects
[2026-03-19T10:51:27.098+0800][7.165s][info][gc,phases      ] GC(184) Phase 1: Mark live objects 20.874ms
[2026-03-19T10:51:27.098+0800][7.165s][info][gc,phases,start] GC(184) Phase 2: Prepare for compaction
[2026-03-19T10:51:27.105+0800][7.172s][info][gc,phases      ] GC(184) Phase 2: Prepare for compaction 6.679ms
[2026-03-19T10:51:27.105+0800][7.172s][info][gc,phases,start] GC(184) Phase 3: Adjust pointers
[2026-03-19T10:51:27.115+0800][7.181s][info][gc,phases      ] GC(184) Phase 3: Adjust pointers 9.292ms
[2026-03-19T10:51:27.115+0800][7.181s][info][gc,phases,start] GC(184) Phase 4: Compact heap
[2026-03-19T10:51:27.120+0800][7.187s][info][gc,phases      ] GC(184) Phase 4: Compact heap 5.153ms
[2026-03-19T10:51:27.120+0800][7.188s][info][gc,heap        ] GC(184) Eden regions: 0->0(3)
[2026-03-19T10:51:27.120+0800][7.188s][info][gc,heap        ] GC(184) Survivor regions: 0->0(0)
[2026-03-19T10:51:27.120+0800][7.188s][info][gc,heap        ] GC(184) Old regions: 61->61
[2026-03-19T10:51:27.120+0800][7.188s][info][gc,heap        ] GC(184) Archive regions: 0->0
[2026-03-19T10:51:27.120+0800][7.188s][info][gc,heap        ] GC(184) Humongous regions: 3->3
[2026-03-19T10:51:27.120+0800][7.188s][info][gc,metaspace   ] GC(184) Metaspace: 5779K(6144K)->5779K(6144K) NonClass: 5145K(5376K)->5145K(5376K) Class: 633K(768K)->633K(768K)
[2026-03-19T10:51:27.120+0800][7.188s][info][gc             ] GC(184) Pause Full (G1 Compaction Pause) 63M->63M(64M) 43.819ms
[2026-03-19T10:51:27.121+0800][7.188s][info][gc,cpu         ] GC(184) User=0.06s Sys=0.02s Real=0.04s
[2026-03-19T10:51:27.121+0800][7.188s][info][gc,marking     ] GC(183) Concurrent Mark From Roots 73.795ms
[2026-03-19T10:51:27.121+0800][7.188s][info][gc,marking     ] GC(183) Concurrent Mark Abort
[2026-03-19T10:51:27.121+0800][7.188s][info][gc             ] GC(183) Concurrent Mark Cycle 74.815ms
[2026-03-19T10:51:27.121+0800][7.188s][info][gc,start       ] GC(185) Pause Young (Normal) (G1 Evacuation Pause)
[2026-03-19T10:51:27.121+0800][7.189s][info][gc,task        ] GC(185) Using 2 workers of 13 for evacuation
[2026-03-19T10:51:27.122+0800][7.189s][info][gc,phases      ] GC(185)   Pre Evacuate Collection Set: 0.1ms
[2026-03-19T10:51:27.122+0800][7.189s][info][gc,phases      ] GC(185)   Merge Heap Roots: 0.1ms
[2026-03-19T10:51:27.122+0800][7.189s][info][gc,phases      ] GC(185)   Evacuate Collection Set: 0.1ms
[2026-03-19T10:51:27.122+0800][7.189s][info][gc,phases      ] GC(185)   Post Evacuate Collection Set: 0.4ms
[2026-03-19T10:51:27.122+0800][7.189s][info][gc,phases      ] GC(185)   Other: 0.1ms
[2026-03-19T10:51:27.122+0800][7.189s][info][gc,heap        ] GC(185) Eden regions: 0->0(3)
[2026-03-19T10:51:27.122+0800][7.189s][info][gc,heap        ] GC(185) Survivor regions: 0->0(0)
[2026-03-19T10:51:27.122+0800][7.190s][info][gc,heap        ] GC(185) Old regions: 61->61
[2026-03-19T10:51:27.122+0800][7.190s][info][gc,heap        ] GC(185) Archive regions: 0->0
[2026-03-19T10:51:27.122+0800][7.190s][info][gc,heap        ] GC(185) Humongous regions: 3->3
[2026-03-19T10:51:27.122+0800][7.190s][info][gc,metaspace   ] GC(185) Metaspace: 5779K(6144K)->5779K(6144K) NonClass: 5145K(5376K)->5145K(5376K) Class: 633K(768K)->633K(768K)
[2026-03-19T10:51:27.122+0800][7.190s][info][gc             ] GC(185) Pause Young (Normal) (G1 Evacuation Pause) 63M->63M(64M) 1.197ms
[2026-03-19T10:51:27.122+0800][7.190s][info][gc,cpu         ] GC(185) User=0.00s Sys=0.00s Real=0.00s
[2026-03-19T10:51:27.122+0800][7.190s][info][gc,ergo        ] Attempting full compaction
[2026-03-19T10:51:27.122+0800][7.190s][info][gc,task        ] GC(186) Using 2 workers of 13 for full compaction
[2026-03-19T10:51:27.123+0800][7.190s][info][gc,start       ] GC(186) Pause Full (G1 Compaction Pause)
[2026-03-19T10:51:27.123+0800][7.190s][info][gc,phases,start] GC(186) Phase 1: Mark live objects
[2026-03-19T10:51:27.146+0800][7.214s][info][gc,phases      ] GC(186) Phase 1: Mark live objects 23.971ms
[2026-03-19T10:51:27.147+0800][7.214s][info][gc,phases,start] GC(186) Phase 2: Prepare for compaction
[2026-03-19T10:51:27.147+0800][7.214s][info][gc,phases      ] GC(186) Phase 2: Prepare for compaction 0.241ms
[2026-03-19T10:51:27.147+0800][7.214s][info][gc,phases,start] GC(186) Phase 3: Adjust pointers
[2026-03-19T10:51:27.154+0800][7.221s][info][gc,phases      ] GC(186) Phase 3: Adjust pointers 7.079ms
[2026-03-19T10:51:27.155+0800][7.222s][info][gc,phases,start] GC(186) Phase 4: Compact heap
[2026-03-19T10:51:27.155+0800][7.222s][info][gc,phases      ] GC(186) Phase 4: Compact heap 0.184ms
[2026-03-19T10:51:27.156+0800][7.223s][info][gc,heap        ] GC(186) Eden regions: 0->0(3)
[2026-03-19T10:51:27.156+0800][7.223s][info][gc,heap        ] GC(186) Survivor regions: 0->0(0)
[2026-03-19T10:51:27.156+0800][7.223s][info][gc,heap        ] GC(186) Old regions: 61->61
[2026-03-19T10:51:27.156+0800][7.223s][info][gc,heap        ] GC(186) Archive regions: 0->0
[2026-03-19T10:51:27.156+0800][7.223s][info][gc,heap        ] GC(186) Humongous regions: 3->3
[2026-03-19T10:51:27.156+0800][7.223s][info][gc,metaspace   ] GC(186) Metaspace: 5779K(6144K)->5779K(6144K) NonClass: 5145K(5376K)->5145K(5376K) Class: 633K(768K)->633K(768K)
[2026-03-19T10:51:27.156+0800][7.223s][info][gc             ] GC(186) Pause Full (G1 Compaction Pause) 63M->63M(64M) 33.218ms
[2026-03-19T10:51:27.156+0800][7.223s][info][gc,cpu         ] GC(186) User=0.06s Sys=0.00s Real=0.03s
[2026-03-19T10:51:27.156+0800][7.223s][info][gc,ergo        ] Attempting maximum full compaction clearing soft references
[2026-03-19T10:51:27.156+0800][7.223s][info][gc,task        ] GC(187) Using 2 workers of 13 for full compaction
[2026-03-19T10:51:27.156+0800][7.223s][info][gc,start       ] GC(187) Pause Full (G1 Compaction Pause)
[2026-03-19T10:51:27.156+0800][7.223s][info][gc,phases,start] GC(187) Phase 1: Mark live objects
[2026-03-19T10:51:27.177+0800][7.244s][info][gc,phases      ] GC(187) Phase 1: Mark live objects 20.394ms
[2026-03-19T10:51:27.177+0800][7.244s][info][gc,phases,start] GC(187) Phase 2: Prepare for compaction
[2026-03-19T10:51:27.184+0800][7.251s][info][gc,phases      ] GC(187) Phase 2: Prepare for compaction 7.057ms
[2026-03-19T10:51:27.184+0800][7.251s][info][gc,phases,start] GC(187) Phase 3: Adjust pointers
[2026-03-19T10:51:27.194+0800][7.262s][info][gc,phases      ] GC(187) Phase 3: Adjust pointers 10.397ms
[2026-03-19T10:51:27.194+0800][7.262s][info][gc,phases,start] GC(187) Phase 4: Compact heap
[2026-03-19T10:51:27.200+0800][7.267s][info][gc,phases      ] GC(187) Phase 4: Compact heap 5.518ms
[2026-03-19T10:51:27.201+0800][7.268s][info][gc,heap        ] GC(187) Eden regions: 0->0(3)
[2026-03-19T10:51:27.202+0800][7.269s][info][gc,heap        ] GC(187) Survivor regions: 0->0(0)
[2026-03-19T10:51:27.202+0800][7.269s][info][gc,heap        ] GC(187) Old regions: 61->61
[2026-03-19T10:51:27.202+0800][7.269s][info][gc,heap        ] GC(187) Archive regions: 0->0
[2026-03-19T10:51:27.202+0800][7.269s][info][gc,heap        ] GC(187) Humongous regions: 3->3
[2026-03-19T10:51:27.202+0800][7.269s][info][gc,metaspace   ] GC(187) Metaspace: 5779K(6144K)->5779K(6144K) NonClass: 5145K(5376K)->5145K(5376K) Class: 633K(768K)->633K(768K)
[2026-03-19T10:51:27.202+0800][7.269s][info][gc             ] GC(187) Pause Full (G1 Compaction Pause) 63M->63M(64M) 45.716ms
[2026-03-19T10:51:27.202+0800][7.269s][info][gc,cpu         ] GC(187) User=0.06s Sys=0.00s Real=0.05s
[2026-03-19T10:51:27.203+0800][7.270s][info][gc,start       ] GC(188) Pause Young (Concurrent Start) (G1 Evacuation Pause)
[2026-03-19T10:51:27.203+0800][7.270s][info][gc,task        ] GC(188) Using 2 workers of 13 for evacuation
[2026-03-19T10:51:27.204+0800][7.271s][info][gc,phases      ] GC(188)   Pre Evacuate Collection Set: 0.1ms
[2026-03-19T10:51:27.204+0800][7.271s][info][gc,phases      ] GC(188)   Merge Heap Roots: 0.0ms
[2026-03-19T10:51:27.204+0800][7.271s][info][gc,phases      ] GC(188)   Evacuate Collection Set: 0.2ms
[2026-03-19T10:51:27.204+0800][7.271s][info][gc,phases      ] GC(188)   Post Evacuate Collection Set: 0.3ms
[2026-03-19T10:51:27.204+0800][7.271s][info][gc,phases      ] GC(188)   Other: 0.4ms
[2026-03-19T10:51:27.204+0800][7.271s][info][gc,heap        ] GC(188) Eden regions: 0->0(3)
[2026-03-19T10:51:27.204+0800][7.271s][info][gc,heap        ] GC(188) Survivor regions: 0->0(0)
[2026-03-19T10:51:27.204+0800][7.271s][info][gc,heap        ] GC(188) Old regions: 61->61
[2026-03-19T10:51:27.204+0800][7.271s][info][gc,heap        ] GC(188) Archive regions: 0->0
[2026-03-19T10:51:27.204+0800][7.271s][info][gc,heap        ] GC(188) Humongous regions: 3->3
[2026-03-19T10:51:27.204+0800][7.271s][info][gc,metaspace   ] GC(188) Metaspace: 5779K(6144K)->5779K(6144K) NonClass: 5145K(5376K)->5145K(5376K) Class: 633K(768K)->633K(768K)
[2026-03-19T10:51:27.204+0800][7.271s][info][gc             ] GC(188) Pause Young (Concurrent Start) (G1 Evacuation Pause) 63M->63M(64M) 1.413ms
[2026-03-19T10:51:27.204+0800][7.271s][info][gc,cpu         ] GC(188) User=0.00s Sys=0.00s Real=0.00s
[2026-03-19T10:51:27.204+0800][7.271s][info][gc,ergo        ] Attempting full compaction
[2026-03-19T10:51:27.204+0800][7.271s][info][gc             ] GC(189) Concurrent Mark Cycle
[2026-03-19T10:51:27.205+0800][7.271s][info][gc,task        ] GC(190) Using 2 workers of 13 for full compaction
[2026-03-19T10:51:27.205+0800][7.272s][info][gc,marking     ] GC(189) Concurrent Clear Claimed Marks
[2026-03-19T10:51:27.205+0800][7.272s][info][gc,start       ] GC(190) Pause Full (G1 Compaction Pause)
[2026-03-19T10:51:27.205+0800][7.272s][info][gc,marking     ] GC(189) Concurrent Clear Claimed Marks 0.116ms
[2026-03-19T10:51:27.205+0800][7.272s][info][gc,marking     ] GC(189) Concurrent Scan Root Regions
[2026-03-19T10:51:27.205+0800][7.272s][info][gc,marking     ] GC(189) Concurrent Scan Root Regions 0.037ms
[2026-03-19T10:51:27.205+0800][7.272s][info][gc,marking     ] GC(189) Concurrent Mark
[2026-03-19T10:51:27.205+0800][7.272s][info][gc,phases,start] GC(190) Phase 1: Mark live objects
[2026-03-19T10:51:27.205+0800][7.272s][info][gc,marking     ] GC(189) Concurrent Mark From Roots
[2026-03-19T10:51:27.205+0800][7.272s][info][gc,task        ] GC(189) Using 3 workers of 3 for marking
[2026-03-19T10:51:27.226+0800][7.293s][info][gc,phases      ] GC(190) Phase 1: Mark live objects 21.073ms
[2026-03-19T10:51:27.226+0800][7.293s][info][gc,phases,start] GC(190) Phase 2: Prepare for compaction
[2026-03-19T10:51:27.226+0800][7.293s][info][gc,phases      ] GC(190) Phase 2: Prepare for compaction 0.318ms
[2026-03-19T10:51:27.226+0800][7.293s][info][gc,phases,start] GC(190) Phase 3: Adjust pointers
[2026-03-19T10:51:27.234+0800][7.301s][info][gc,phases      ] GC(190) Phase 3: Adjust pointers 7.309ms
[2026-03-19T10:51:27.234+0800][7.301s][info][gc,phases,start] GC(190) Phase 4: Compact heap
[2026-03-19T10:51:27.234+0800][7.301s][info][gc,phases      ] GC(190) Phase 4: Compact heap 0.243ms
[2026-03-19T10:51:27.236+0800][7.302s][info][gc,heap        ] GC(190) Eden regions: 0->0(3)
[2026-03-19T10:51:27.236+0800][7.303s][info][gc,heap        ] GC(190) Survivor regions: 0->0(0)
[2026-03-19T10:51:27.236+0800][7.303s][info][gc,heap        ] GC(190) Old regions: 61->61
[2026-03-19T10:51:27.236+0800][7.303s][info][gc,heap        ] GC(190) Archive regions: 0->0
[2026-03-19T10:51:27.236+0800][7.303s][info][gc,heap        ] GC(190) Humongous regions: 3->3
[2026-03-19T10:51:27.236+0800][7.303s][info][gc,metaspace   ] GC(190) Metaspace: 5779K(6144K)->5779K(6144K) NonClass: 5145K(5376K)->5145K(5376K) Class: 633K(768K)->633K(768K)
[2026-03-19T10:51:27.236+0800][7.303s][info][gc             ] GC(190) Pause Full (G1 Compaction Pause) 63M->63M(64M) 31.327ms
[2026-03-19T10:51:27.236+0800][7.303s][info][gc,cpu         ] GC(190) User=0.06s Sys=0.00s Real=0.03s
[2026-03-19T10:51:27.236+0800][7.303s][info][gc,ergo        ] Attempting maximum full compaction clearing soft references
[2026-03-19T10:51:27.236+0800][7.303s][info][gc,task        ] GC(191) Using 2 workers of 13 for full compaction
[2026-03-19T10:51:27.237+0800][7.303s][info][gc,start       ] GC(191) Pause Full (G1 Compaction Pause)
[2026-03-19T10:51:27.237+0800][7.303s][info][gc,phases,start] GC(191) Phase 1: Mark live objects
[2026-03-19T10:51:27.259+0800][7.325s][info][gc,phases      ] GC(191) Phase 1: Mark live objects 21.982ms
[2026-03-19T10:51:27.259+0800][7.326s][info][gc,phases,start] GC(191) Phase 2: Prepare for compaction
[2026-03-19T10:51:27.266+0800][7.333s][info][gc,phases      ] GC(191) Phase 2: Prepare for compaction 7.591ms
[2026-03-19T10:51:27.266+0800][7.333s][info][gc,phases,start] GC(191) Phase 3: Adjust pointers
[2026-03-19T10:51:27.277+0800][7.344s][info][gc,phases      ] GC(191) Phase 3: Adjust pointers 10.473ms
[2026-03-19T10:51:27.277+0800][7.344s][info][gc,phases,start] GC(191) Phase 4: Compact heap
[2026-03-19T10:51:27.284+0800][7.351s][info][gc,phases      ] GC(191) Phase 4: Compact heap 6.882ms
[2026-03-19T10:51:27.285+0800][7.352s][info][gc,heap        ] GC(191) Eden regions: 0->0(3)
[2026-03-19T10:51:27.285+0800][7.352s][info][gc,heap        ] GC(191) Survivor regions: 0->0(0)
[2026-03-19T10:51:27.285+0800][7.352s][info][gc,heap        ] GC(191) Old regions: 61->61
[2026-03-19T10:51:27.285+0800][7.352s][info][gc,heap        ] GC(191) Archive regions: 0->0
[2026-03-19T10:51:27.285+0800][7.352s][info][gc,heap        ] GC(191) Humongous regions: 3->3
[2026-03-19T10:51:27.285+0800][7.352s][info][gc,metaspace   ] GC(191) Metaspace: 5779K(6144K)->5779K(6144K) NonClass: 5145K(5376K)->5145K(5376K) Class: 633K(768K)->633K(768K)
[2026-03-19T10:51:27.285+0800][7.352s][info][gc             ] GC(191) Pause Full (G1 Compaction Pause) 63M->63M(64M) 48.969ms
[2026-03-19T10:51:27.285+0800][7.353s][info][gc,cpu         ] GC(191) User=0.09s Sys=0.00s Real=0.05s
[2026-03-19T10:51:27.286+0800][7.353s][info][gc,marking     ] GC(189) Concurrent Mark From Roots 81.021ms
[2026-03-19T10:51:27.286+0800][7.353s][info][gc,start       ] GC(192) Pause Young (Normal) (G1 Evacuation Pause)
[2026-03-19T10:51:27.286+0800][7.353s][info][gc,task        ] GC(192) Using 2 workers of 13 for evacuation
[2026-03-19T10:51:27.287+0800][7.354s][info][gc,phases      ] GC(192)   Pre Evacuate Collection Set: 0.1ms
[2026-03-19T10:51:27.287+0800][7.354s][info][gc,phases      ] GC(192)   Merge Heap Roots: 0.2ms
[2026-03-19T10:51:27.287+0800][7.355s][info][gc,phases      ] GC(192)   Evacuate Collection Set: 0.2ms
[2026-03-19T10:51:27.287+0800][7.355s][info][gc,phases      ] GC(192)   Post Evacuate Collection Set: 0.6ms
[2026-03-19T10:51:27.287+0800][7.355s][info][gc,phases      ] GC(192)   Other: 0.2ms
[2026-03-19T10:51:27.287+0800][7.355s][info][gc,heap        ] GC(192) Eden regions: 0->0(3)
[2026-03-19T10:51:27.287+0800][7.355s][info][gc,heap        ] GC(192) Survivor regions: 0->0(0)
[2026-03-19T10:51:27.287+0800][7.355s][info][gc,heap        ] GC(192) Old regions: 61->61
[2026-03-19T10:51:27.287+0800][7.355s][info][gc,heap        ] GC(192) Archive regions: 0->0
[2026-03-19T10:51:27.288+0800][7.355s][info][gc,heap        ] GC(192) Humongous regions: 3->3
[2026-03-19T10:51:27.288+0800][7.355s][info][gc,metaspace   ] GC(192) Metaspace: 5779K(6144K)->5779K(6144K) NonClass: 5145K(5376K)->5145K(5376K) Class: 633K(768K)->633K(768K)
[2026-03-19T10:51:27.288+0800][7.355s][info][gc             ] GC(192) Pause Young (Normal) (G1 Evacuation Pause) 63M->63M(64M) 1.687ms
[2026-03-19T10:51:27.288+0800][7.355s][info][gc,cpu         ] GC(192) User=0.00s Sys=0.02s Real=0.00s
[2026-03-19T10:51:27.288+0800][7.355s][info][gc,ergo        ] Attempting full compaction
[2026-03-19T10:51:27.288+0800][7.355s][info][gc,task        ] GC(193) Using 2 workers of 13 for full compaction
[2026-03-19T10:51:27.288+0800][7.355s][info][gc,start       ] GC(193) Pause Full (G1 Compaction Pause)
[2026-03-19T10:51:27.288+0800][7.355s][info][gc,phases,start] GC(193) Phase 1: Mark live objects
[2026-03-19T10:51:27.310+0800][7.377s][info][gc,phases      ] GC(193) Phase 1: Mark live objects 22.281ms
[2026-03-19T10:51:27.310+0800][7.378s][info][gc,phases,start] GC(193) Phase 2: Prepare for compaction
[2026-03-19T10:51:27.310+0800][7.378s][info][gc,phases      ] GC(193) Phase 2: Prepare for compaction 0.280ms
[2026-03-19T10:51:27.310+0800][7.378s][info][gc,phases,start] GC(193) Phase 3: Adjust pointers
[2026-03-19T10:51:27.318+0800][7.385s][info][gc,phases      ] GC(193) Phase 3: Adjust pointers 6.866ms
[2026-03-19T10:51:27.318+0800][7.385s][info][gc,phases,start] GC(193) Phase 4: Compact heap
[2026-03-19T10:51:27.318+0800][7.385s][info][gc,phases      ] GC(193) Phase 4: Compact heap 0.304ms
[2026-03-19T10:51:27.320+0800][7.386s][info][gc,heap        ] GC(193) Eden regions: 0->0(3)
[2026-03-19T10:51:27.320+0800][7.386s][info][gc,heap        ] GC(193) Survivor regions: 0->0(0)
[2026-03-19T10:51:27.320+0800][7.386s][info][gc,heap        ] GC(193) Old regions: 61->61
[2026-03-19T10:51:27.320+0800][7.387s][info][gc,heap        ] GC(193) Archive regions: 0->0
[2026-03-19T10:51:27.320+0800][7.387s][info][gc,heap        ] GC(193) Humongous regions: 3->3
[2026-03-19T10:51:27.320+0800][7.387s][info][gc,metaspace   ] GC(193) Metaspace: 5779K(6144K)->5779K(6144K) NonClass: 5145K(5376K)->5145K(5376K) Class: 633K(768K)->633K(768K)
[2026-03-19T10:51:27.320+0800][7.387s][info][gc             ] GC(193) Pause Full (G1 Compaction Pause) 63M->63M(64M) 31.620ms
[2026-03-19T10:51:27.320+0800][7.387s][info][gc,cpu         ] GC(193) User=0.05s Sys=0.00s Real=0.03s
[2026-03-19T10:51:27.320+0800][7.387s][info][gc,ergo        ] Attempting maximum full compaction clearing soft references
[2026-03-19T10:51:27.320+0800][7.387s][info][gc,task        ] GC(194) Using 2 workers of 13 for full compaction
[2026-03-19T10:51:27.320+0800][7.387s][info][gc,start       ] GC(194) Pause Full (G1 Compaction Pause)
[2026-03-19T10:51:27.320+0800][7.387s][info][gc,phases,start] GC(194) Phase 1: Mark live objects
[2026-03-19T10:51:27.341+0800][7.408s][info][gc,phases      ] GC(194) Phase 1: Mark live objects 21.250ms
[2026-03-19T10:51:27.342+0800][7.409s][info][gc,phases,start] GC(194) Phase 2: Prepare for compaction
[2026-03-19T10:51:27.349+0800][7.416s][info][gc,phases      ] GC(194) Phase 2: Prepare for compaction 7.592ms
[2026-03-19T10:51:27.349+0800][7.416s][info][gc,phases,start] GC(194) Phase 3: Adjust pointers
[2026-03-19T10:51:27.360+0800][7.427s][info][gc,phases      ] GC(194) Phase 3: Adjust pointers 10.620ms
[2026-03-19T10:51:27.360+0800][7.427s][info][gc,phases,start] GC(194) Phase 4: Compact heap
[2026-03-19T10:51:27.366+0800][7.433s][info][gc,phases      ] GC(194) Phase 4: Compact heap 5.938ms
[2026-03-19T10:51:27.367+0800][7.434s][info][gc,heap        ] GC(194) Eden regions: 0->0(3)
[2026-03-19T10:51:27.367+0800][7.435s][info][gc,heap        ] GC(194) Survivor regions: 0->0(0)
[2026-03-19T10:51:27.367+0800][7.435s][info][gc,heap        ] GC(194) Old regions: 61->61
[2026-03-19T10:51:27.367+0800][7.435s][info][gc,heap        ] GC(194) Archive regions: 0->0
[2026-03-19T10:51:27.367+0800][7.435s][info][gc,heap        ] GC(194) Humongous regions: 3->3
[2026-03-19T10:51:27.367+0800][7.435s][info][gc,metaspace   ] GC(194) Metaspace: 5779K(6144K)->5779K(6144K) NonClass: 5145K(5376K)->5145K(5376K) Class: 633K(768K)->633K(768K)
[2026-03-19T10:51:27.367+0800][7.435s][info][gc             ] GC(194) Pause Full (G1 Compaction Pause) 63M->63M(64M) 47.709ms
[2026-03-19T10:51:27.367+0800][7.435s][info][gc,cpu         ] GC(194) User=0.09s Sys=0.00s Real=0.05s
[2026-03-19T10:51:27.368+0800][7.435s][info][gc,marking     ] GC(189) Concurrent Mark Abort
[2026-03-19T10:51:27.368+0800][7.435s][info][gc             ] GC(189) Concurrent Mark Cycle 163.638ms
[2026-03-19T10:51:27.368+0800][7.435s][info][gc,start       ] GC(195) Pause Young (Normal) (G1 Evacuation Pause)
[2026-03-19T10:51:27.368+0800][7.435s][info][gc,task        ] GC(195) Using 2 workers of 13 for evacuation
[2026-03-19T10:51:27.368+0800][7.436s][info][gc,phases      ] GC(195)   Pre Evacuate Collection Set: 0.1ms
[2026-03-19T10:51:27.368+0800][7.436s][info][gc,phases      ] GC(195)   Merge Heap Roots: 0.1ms
[2026-03-19T10:51:27.370+0800][7.436s][info][gc,phases      ] GC(195)   Evacuate Collection Set: 0.2ms
[2026-03-19T10:51:27.370+0800][7.436s][info][gc,phases      ] GC(195)   Post Evacuate Collection Set: 0.6ms
[2026-03-19T10:51:27.370+0800][7.437s][info][gc,phases      ] GC(195)   Other: 0.2ms
[2026-03-19T10:51:27.370+0800][7.437s][info][gc,heap        ] GC(195) Eden regions: 0->0(3)
[2026-03-19T10:51:27.370+0800][7.437s][info][gc,heap        ] GC(195) Survivor regions: 0->0(0)
[2026-03-19T10:51:27.370+0800][7.437s][info][gc,heap        ] GC(195) Old regions: 61->61
[2026-03-19T10:51:27.370+0800][7.437s][info][gc,heap        ] GC(195) Archive regions: 0->0
[2026-03-19T10:51:27.370+0800][7.437s][info][gc,heap        ] GC(195) Humongous regions: 3->3
[2026-03-19T10:51:27.370+0800][7.437s][info][gc,metaspace   ] GC(195) Metaspace: 5779K(6144K)->5779K(6144K) NonClass: 5145K(5376K)->5145K(5376K) Class: 633K(768K)->633K(768K)
[2026-03-19T10:51:27.370+0800][7.437s][info][gc             ] GC(195) Pause Young (Normal) (G1 Evacuation Pause) 63M->63M(64M) 1.582ms
[2026-03-19T10:51:27.370+0800][7.437s][info][gc,cpu         ] GC(195) User=0.00s Sys=0.00s Real=0.00s
[2026-03-19T10:51:27.370+0800][7.437s][info][gc,ergo        ] Attempting full compaction
[2026-03-19T10:51:27.370+0800][7.437s][info][gc,task        ] GC(196) Using 2 workers of 13 for full compaction
[2026-03-19T10:51:27.370+0800][7.437s][info][gc,start       ] GC(196) Pause Full (G1 Compaction Pause)
[2026-03-19T10:51:27.370+0800][7.437s][info][gc,phases,start] GC(196) Phase 1: Mark live objects
[2026-03-19T10:51:27.391+0800][7.458s][info][gc,phases      ] GC(196) Phase 1: Mark live objects 21.212ms
[2026-03-19T10:51:27.391+0800][7.458s][info][gc,phases,start] GC(196) Phase 2: Prepare for compaction
[2026-03-19T10:51:27.391+0800][7.459s][info][gc,phases      ] GC(196) Phase 2: Prepare for compaction 0.206ms
[2026-03-19T10:51:27.391+0800][7.459s][info][gc,phases,start] GC(196) Phase 3: Adjust pointers
[2026-03-19T10:51:27.399+0800][7.466s][info][gc,phases      ] GC(196) Phase 3: Adjust pointers 7.193ms
[2026-03-19T10:51:27.399+0800][7.466s][info][gc,phases,start] GC(196) Phase 4: Compact heap
[2026-03-19T10:51:27.399+0800][7.466s][info][gc,phases      ] GC(196) Phase 4: Compact heap 0.172ms
[2026-03-19T10:51:27.400+0800][7.467s][info][gc,heap        ] GC(196) Eden regions: 0->0(3)
[2026-03-19T10:51:27.400+0800][7.467s][info][gc,heap        ] GC(196) Survivor regions: 0->0(0)
[2026-03-19T10:51:27.400+0800][7.467s][info][gc,heap        ] GC(196) Old regions: 61->61
[2026-03-19T10:51:27.400+0800][7.467s][info][gc,heap        ] GC(196) Archive regions: 0->0
[2026-03-19T10:51:27.400+0800][7.468s][info][gc,heap        ] GC(196) Humongous regions: 3->3
[2026-03-19T10:51:27.400+0800][7.468s][info][gc,metaspace   ] GC(196) Metaspace: 5779K(6144K)->5779K(6144K) NonClass: 5145K(5376K)->5145K(5376K) Class: 633K(768K)->633K(768K)
[2026-03-19T10:51:27.400+0800][7.468s][info][gc             ] GC(196) Pause Full (G1 Compaction Pause) 63M->63M(64M) 30.593ms
[2026-03-19T10:51:27.401+0800][7.468s][info][gc,cpu         ] GC(196) User=0.06s Sys=0.00s Real=0.03s
[2026-03-19T10:51:27.401+0800][7.468s][info][gc,ergo        ] Attempting maximum full compaction clearing soft references
[2026-03-19T10:51:27.401+0800][7.468s][info][gc,task        ] GC(197) Using 2 workers of 13 for full compaction
[2026-03-19T10:51:27.401+0800][7.468s][info][gc,start       ] GC(197) Pause Full (G1 Compaction Pause)
[2026-03-19T10:51:27.401+0800][7.468s][info][gc,phases,start] GC(197) Phase 1: Mark live objects
[2026-03-19T10:51:27.422+0800][7.489s][info][gc,phases      ] GC(197) Phase 1: Mark live objects 20.957ms
[2026-03-19T10:51:27.422+0800][7.489s][info][gc,phases,start] GC(197) Phase 2: Prepare for compaction
[2026-03-19T10:51:27.429+0800][7.496s][info][gc,phases      ] GC(197) Phase 2: Prepare for compaction 7.140ms
[2026-03-19T10:51:27.430+0800][7.496s][info][gc,phases,start] GC(197) Phase 3: Adjust pointers
[2026-03-19T10:51:27.442+0800][7.509s][info][gc,phases      ] GC(197) Phase 3: Adjust pointers 12.287ms
[2026-03-19T10:51:27.442+0800][7.509s][info][gc,phases,start] GC(197) Phase 4: Compact heap
[2026-03-19T10:51:27.449+0800][7.516s][info][gc,phases      ] GC(197) Phase 4: Compact heap 6.594ms
[2026-03-19T10:51:27.450+0800][7.517s][info][gc,heap        ] GC(197) Eden regions: 0->0(3)
[2026-03-19T10:51:27.450+0800][7.517s][info][gc,heap        ] GC(197) Survivor regions: 0->0(0)
[2026-03-19T10:51:27.450+0800][7.517s][info][gc,heap        ] GC(197) Old regions: 61->61
[2026-03-19T10:51:27.450+0800][7.517s][info][gc,heap        ] GC(197) Archive regions: 0->0
[2026-03-19T10:51:27.450+0800][7.517s][info][gc,heap        ] GC(197) Humongous regions: 3->3
[2026-03-19T10:51:27.450+0800][7.517s][info][gc,metaspace   ] GC(197) Metaspace: 5779K(6144K)->5779K(6144K) NonClass: 5145K(5376K)->5145K(5376K) Class: 633K(768K)->633K(768K)
[2026-03-19T10:51:27.450+0800][7.517s][info][gc             ] GC(197) Pause Full (G1 Compaction Pause) 63M->63M(64M) 49.059ms
[2026-03-19T10:51:27.450+0800][7.517s][info][gc,cpu         ] GC(197) User=0.09s Sys=0.00s Real=0.05s
[2026-03-19T10:51:27.451+0800][7.518s][info][gc,start       ] GC(198) Pause Young (Concurrent Start) (G1 Evacuation Pause)
[2026-03-19T10:51:27.451+0800][7.518s][info][gc,task        ] GC(198) Using 2 workers of 13 for evacuation
[2026-03-19T10:51:27.452+0800][7.519s][info][gc,phases      ] GC(198)   Pre Evacuate Collection Set: 0.1ms
[2026-03-19T10:51:27.452+0800][7.519s][info][gc,phases      ] GC(198)   Merge Heap Roots: 0.1ms
[2026-03-19T10:51:27.452+0800][7.519s][info][gc,phases      ] GC(198)   Evacuate Collection Set: 0.2ms
[2026-03-19T10:51:27.452+0800][7.519s][info][gc,phases      ] GC(198)   Post Evacuate Collection Set: 0.6ms
[2026-03-19T10:51:27.452+0800][7.519s][info][gc,phases      ] GC(198)   Other: 0.2ms
[2026-03-19T10:51:27.452+0800][7.519s][info][gc,heap        ] GC(198) Eden regions: 0->0(3)
[2026-03-19T10:51:27.452+0800][7.519s][info][gc,heap        ] GC(198) Survivor regions: 0->0(0)
[2026-03-19T10:51:27.452+0800][7.519s][info][gc,heap        ] GC(198) Old regions: 61->61
[2026-03-19T10:51:27.452+0800][7.519s][info][gc,heap        ] GC(198) Archive regions: 0->0
[2026-03-19T10:51:27.452+0800][7.519s][info][gc,heap        ] GC(198) Humongous regions: 3->3
[2026-03-19T10:51:27.452+0800][7.519s][info][gc,metaspace   ] GC(198) Metaspace: 5779K(6144K)->5779K(6144K) NonClass: 5145K(5376K)->5145K(5376K) Class: 633K(768K)->633K(768K)
[2026-03-19T10:51:27.452+0800][7.519s][info][gc             ] GC(198) Pause Young (Concurrent Start) (G1 Evacuation Pause) 63M->63M(64M) 1.628ms
[2026-03-19T10:51:27.452+0800][7.519s][info][gc,cpu         ] GC(198) User=0.00s Sys=0.00s Real=0.00s
[2026-03-19T10:51:27.452+0800][7.519s][info][gc,ergo        ] Attempting full compaction
[2026-03-19T10:51:27.452+0800][7.519s][info][gc,task        ] GC(199) Using 2 workers of 13 for full compaction
[2026-03-19T10:51:27.452+0800][7.519s][info][gc             ] GC(200) Concurrent Mark Cycle
[2026-03-19T10:51:27.453+0800][7.520s][info][gc,start       ] GC(199) Pause Full (G1 Compaction Pause)
[2026-03-19T10:51:27.453+0800][7.520s][info][gc,marking     ] GC(200) Concurrent Clear Claimed Marks
[2026-03-19T10:51:27.453+0800][7.520s][info][gc,marking     ] GC(200) Concurrent Clear Claimed Marks 0.219ms
[2026-03-19T10:51:27.453+0800][7.520s][info][gc,marking     ] GC(200) Concurrent Scan Root Regions
[2026-03-19T10:51:27.453+0800][7.520s][info][gc,phases,start] GC(199) Phase 1: Mark live objects
[2026-03-19T10:51:27.453+0800][7.520s][info][gc,marking     ] GC(200) Concurrent Scan Root Regions 0.041ms
[2026-03-19T10:51:27.475+0800][7.541s][info][gc,phases      ] GC(199) Phase 1: Mark live objects 21.335ms
[2026-03-19T10:51:27.475+0800][7.541s][info][gc,phases,start] GC(199) Phase 2: Prepare for compaction
[2026-03-19T10:51:27.475+0800][7.542s][info][gc,phases      ] GC(199) Phase 2: Prepare for compaction 0.245ms
[2026-03-19T10:51:27.475+0800][7.542s][info][gc,phases,start] GC(199) Phase 3: Adjust pointers
[2026-03-19T10:51:27.483+0800][7.549s][info][gc,phases      ] GC(199) Phase 3: Adjust pointers 7.785ms
[2026-03-19T10:51:27.483+0800][7.550s][info][gc,phases,start] GC(199) Phase 4: Compact heap
[2026-03-19T10:51:27.483+0800][7.550s][info][gc,phases      ] GC(199) Phase 4: Compact heap 0.141ms
[2026-03-19T10:51:27.484+0800][7.551s][info][gc,heap        ] GC(199) Eden regions: 0->0(3)
[2026-03-19T10:51:27.484+0800][7.551s][info][gc,heap        ] GC(199) Survivor regions: 0->0(0)
[2026-03-19T10:51:27.484+0800][7.551s][info][gc,heap        ] GC(199) Old regions: 61->61
[2026-03-19T10:51:27.484+0800][7.551s][info][gc,heap        ] GC(199) Archive regions: 0->0
[2026-03-19T10:51:27.484+0800][7.551s][info][gc,heap        ] GC(199) Humongous regions: 3->3
[2026-03-19T10:51:27.484+0800][7.551s][info][gc,metaspace   ] GC(199) Metaspace: 5779K(6144K)->5779K(6144K) NonClass: 5145K(5376K)->5145K(5376K) Class: 633K(768K)->633K(768K)
[2026-03-19T10:51:27.484+0800][7.551s][info][gc             ] GC(199) Pause Full (G1 Compaction Pause) 63M->63M(64M) 31.289ms
[2026-03-19T10:51:27.484+0800][7.551s][info][gc,cpu         ] GC(199) User=0.06s Sys=0.00s Real=0.03s
[2026-03-19T10:51:27.484+0800][7.551s][info][gc,ergo        ] Attempting maximum full compaction clearing soft references
[2026-03-19T10:51:27.484+0800][7.551s][info][gc,task        ] GC(201) Using 2 workers of 13 for full compaction
[2026-03-19T10:51:27.484+0800][7.551s][info][gc,start       ] GC(201) Pause Full (G1 Compaction Pause)
[2026-03-19T10:51:27.484+0800][7.551s][info][gc,phases,start] GC(201) Phase 1: Mark live objects
[2026-03-19T10:51:27.505+0800][7.572s][info][gc,phases      ] GC(201) Phase 1: Mark live objects 20.428ms
[2026-03-19T10:51:27.505+0800][7.572s][info][gc,phases,start] GC(201) Phase 2: Prepare for compaction
[2026-03-19T10:51:27.512+0800][7.579s][info][gc,phases      ] GC(201) Phase 2: Prepare for compaction 7.202ms
[2026-03-19T10:51:27.512+0800][7.579s][info][gc,phases,start] GC(201) Phase 3: Adjust pointers
[2026-03-19T10:51:27.522+0800][7.589s][info][gc,phases      ] GC(201) Phase 3: Adjust pointers 9.612ms
[2026-03-19T10:51:27.522+0800][7.589s][info][gc,phases,start] GC(201) Phase 4: Compact heap
[2026-03-19T10:51:27.528+0800][7.595s][info][gc,phases      ] GC(201) Phase 4: Compact heap 5.553ms
[2026-03-19T10:51:27.529+0800][7.596s][info][gc,heap        ] GC(201) Eden regions: 0->0(3)
[2026-03-19T10:51:27.529+0800][7.596s][info][gc,heap        ] GC(201) Survivor regions: 0->0(0)
[2026-03-19T10:51:27.529+0800][7.596s][info][gc,heap        ] GC(201) Old regions: 61->61
[2026-03-19T10:51:27.529+0800][7.596s][info][gc,heap        ] GC(201) Archive regions: 0->0
[2026-03-19T10:51:27.529+0800][7.596s][info][gc,heap        ] GC(201) Humongous regions: 3->3
[2026-03-19T10:51:27.529+0800][7.596s][info][gc,metaspace   ] GC(201) Metaspace: 5779K(6144K)->5779K(6144K) NonClass: 5145K(5376K)->5145K(5376K) Class: 633K(768K)->633K(768K)
[2026-03-19T10:51:27.529+0800][7.596s][info][gc             ] GC(201) Pause Full (G1 Compaction Pause) 63M->63M(64M) 44.926ms
[2026-03-19T10:51:27.529+0800][7.596s][info][gc,cpu         ] GC(201) User=0.08s Sys=0.00s Real=0.05s
[2026-03-19T10:51:27.530+0800][7.596s][info][gc,marking     ] GC(200) Concurrent Mark Abort
[2026-03-19T10:51:27.530+0800][7.596s][info][gc             ] GC(200) Concurrent Mark Cycle 77.056ms
[2026-03-19T10:51:27.530+0800][7.597s][info][gc,start       ] GC(202) Pause Young (Normal) (G1 Evacuation Pause)
[2026-03-19T10:51:27.530+0800][7.597s][info][gc,task        ] GC(202) Using 2 workers of 13 for evacuation
[2026-03-19T10:51:27.530+0800][7.598s][info][gc,phases      ] GC(202)   Pre Evacuate Collection Set: 0.1ms
[2026-03-19T10:51:27.530+0800][7.598s][info][gc,phases      ] GC(202)   Merge Heap Roots: 0.1ms
[2026-03-19T10:51:27.531+0800][7.598s][info][gc,phases      ] GC(202)   Evacuate Collection Set: 0.1ms
[2026-03-19T10:51:27.531+0800][7.598s][info][gc,phases      ] GC(202)   Post Evacuate Collection Set: 0.5ms
[2026-03-19T10:51:27.531+0800][7.598s][info][gc,phases      ] GC(202)   Other: 0.2ms
[2026-03-19T10:51:27.531+0800][7.598s][info][gc,heap        ] GC(202) Eden regions: 0->0(3)
[2026-03-19T10:51:27.531+0800][7.598s][info][gc,heap        ] GC(202) Survivor regions: 0->0(0)
[2026-03-19T10:51:27.531+0800][7.598s][info][gc,heap        ] GC(202) Old regions: 61->61
[2026-03-19T10:51:27.531+0800][7.598s][info][gc,heap        ] GC(202) Archive regions: 0->0
[2026-03-19T10:51:27.531+0800][7.598s][info][gc,heap        ] GC(202) Humongous regions: 3->3
[2026-03-19T10:51:27.531+0800][7.598s][info][gc,metaspace   ] GC(202) Metaspace: 5779K(6144K)->5779K(6144K) NonClass: 5145K(5376K)->5145K(5376K) Class: 633K(768K)->633K(768K)
[2026-03-19T10:51:27.531+0800][7.598s][info][gc             ] GC(202) Pause Young (Normal) (G1 Evacuation Pause) 63M->63M(64M) 1.471ms
[2026-03-19T10:51:27.531+0800][7.598s][info][gc,cpu         ] GC(202) User=0.00s Sys=0.00s Real=0.00s
[2026-03-19T10:51:27.531+0800][7.598s][info][gc,ergo        ] Attempting full compaction
[2026-03-19T10:51:27.531+0800][7.598s][info][gc,task        ] GC(203) Using 2 workers of 13 for full compaction
[2026-03-19T10:51:27.531+0800][7.598s][info][gc,start       ] GC(203) Pause Full (G1 Compaction Pause)
[2026-03-19T10:51:27.531+0800][7.598s][info][gc,phases,start] GC(203) Phase 1: Mark live objects
[2026-03-19T10:51:27.553+0800][7.621s][info][gc,phases      ] GC(203) Phase 1: Mark live objects 22.261ms
[2026-03-19T10:51:27.553+0800][7.621s][info][gc,phases,start] GC(203) Phase 2: Prepare for compaction
[2026-03-19T10:51:27.554+0800][7.621s][info][gc,phases      ] GC(203) Phase 2: Prepare for compaction 0.235ms
[2026-03-19T10:51:27.554+0800][7.621s][info][gc,phases,start] GC(203) Phase 3: Adjust pointers
[2026-03-19T10:51:27.562+0800][7.629s][info][gc,phases      ] GC(203) Phase 3: Adjust pointers 7.706ms
[2026-03-19T10:51:27.562+0800][7.629s][info][gc,phases,start] GC(203) Phase 4: Compact heap
[2026-03-19T10:51:27.562+0800][7.629s][info][gc,phases      ] GC(203) Phase 4: Compact heap 0.214ms
[2026-03-19T10:51:27.563+0800][7.630s][info][gc,heap        ] GC(203) Eden regions: 0->0(3)
[2026-03-19T10:51:27.563+0800][7.630s][info][gc,heap        ] GC(203) Survivor regions: 0->0(0)
[2026-03-19T10:51:27.563+0800][7.630s][info][gc,heap        ] GC(203) Old regions: 61->61
[2026-03-19T10:51:27.563+0800][7.630s][info][gc,heap        ] GC(203) Archive regions: 0->0
[2026-03-19T10:51:27.563+0800][7.630s][info][gc,heap        ] GC(203) Humongous regions: 3->3
[2026-03-19T10:51:27.563+0800][7.630s][info][gc,metaspace   ] GC(203) Metaspace: 5779K(6144K)->5779K(6144K) NonClass: 5145K(5376K)->5145K(5376K) Class: 633K(768K)->633K(768K)
[2026-03-19T10:51:27.563+0800][7.631s][info][gc             ] GC(203) Pause Full (G1 Compaction Pause) 63M->63M(64M) 32.130ms
[2026-03-19T10:51:27.563+0800][7.631s][info][gc,cpu         ] GC(203) User=0.06s Sys=0.00s Real=0.03s
[2026-03-19T10:51:27.564+0800][7.631s][info][gc,ergo        ] Attempting maximum full compaction clearing soft references
[2026-03-19T10:51:27.564+0800][7.631s][info][gc,task        ] GC(204) Using 2 workers of 13 for full compaction
[2026-03-19T10:51:27.564+0800][7.631s][info][gc,start       ] GC(204) Pause Full (G1 Compaction Pause)
[2026-03-19T10:51:27.564+0800][7.631s][info][gc,phases,start] GC(204) Phase 1: Mark live objects
[2026-03-19T10:51:27.585+0800][7.652s][info][gc,phases      ] GC(204) Phase 1: Mark live objects 21.176ms
[2026-03-19T10:51:27.585+0800][7.652s][info][gc,phases,start] GC(204) Phase 2: Prepare for compaction
[2026-03-19T10:51:27.593+0800][7.659s][info][gc,phases      ] GC(204) Phase 2: Prepare for compaction 6.889ms
[2026-03-19T10:51:27.593+0800][7.659s][info][gc,phases,start] GC(204) Phase 3: Adjust pointers
[2026-03-19T10:51:27.602+0800][7.669s][info][gc,phases      ] GC(204) Phase 3: Adjust pointers 9.037ms
[2026-03-19T10:51:27.602+0800][7.669s][info][gc,phases,start] GC(204) Phase 4: Compact heap
[2026-03-19T10:51:27.608+0800][7.674s][info][gc,phases      ] GC(204) Phase 4: Compact heap 5.697ms
[2026-03-19T10:51:27.609+0800][7.675s][info][gc,heap        ] GC(204) Eden regions: 0->0(3)
[2026-03-19T10:51:27.609+0800][7.676s][info][gc,heap        ] GC(204) Survivor regions: 0->0(0)
[2026-03-19T10:51:27.609+0800][7.676s][info][gc,heap        ] GC(204) Old regions: 61->61
[2026-03-19T10:51:27.609+0800][7.676s][info][gc,heap        ] GC(204) Archive regions: 0->0
[2026-03-19T10:51:27.609+0800][7.676s][info][gc,heap        ] GC(204) Humongous regions: 3->3
[2026-03-19T10:51:27.609+0800][7.676s][info][gc,metaspace   ] GC(204) Metaspace: 5779K(6144K)->5779K(6144K) NonClass: 5145K(5376K)->5145K(5376K) Class: 633K(768K)->633K(768K)
[2026-03-19T10:51:27.609+0800][7.676s][info][gc             ] GC(204) Pause Full (G1 Compaction Pause) 63M->63M(64M) 44.861ms
[2026-03-19T10:51:27.609+0800][7.676s][info][gc,cpu         ] GC(204) User=0.09s Sys=0.00s Real=0.05s
[2026-03-19T10:51:27.609+0800][7.676s][info][gc,start       ] GC(205) Pause Young (Concurrent Start) (G1 Evacuation Pause)
[2026-03-19T10:51:27.610+0800][7.677s][info][gc,task        ] GC(205) Using 2 workers of 13 for evacuation
[2026-03-19T10:51:27.611+0800][7.678s][info][gc,phases      ] GC(205)   Pre Evacuate Collection Set: 0.2ms
[2026-03-19T10:51:27.611+0800][7.678s][info][gc,phases      ] GC(205)   Merge Heap Roots: 0.2ms
[2026-03-19T10:51:27.611+0800][7.678s][info][gc,phases      ] GC(205)   Evacuate Collection Set: 0.3ms
[2026-03-19T10:51:27.611+0800][7.678s][info][gc,phases      ] GC(205)   Post Evacuate Collection Set: 0.7ms
[2026-03-19T10:51:27.611+0800][7.678s][info][gc,phases      ] GC(205)   Other: 0.3ms
[2026-03-19T10:51:27.611+0800][7.678s][info][gc,heap        ] GC(205) Eden regions: 0->0(3)
[2026-03-19T10:51:27.611+0800][7.678s][info][gc,heap        ] GC(205) Survivor regions: 0->0(0)
[2026-03-19T10:51:27.611+0800][7.678s][info][gc,heap        ] GC(205) Old regions: 61->61
[2026-03-19T10:51:27.611+0800][7.678s][info][gc,heap        ] GC(205) Archive regions: 0->0
[2026-03-19T10:51:27.611+0800][7.678s][info][gc,heap        ] GC(205) Humongous regions: 3->3
[2026-03-19T10:51:27.611+0800][7.678s][info][gc,metaspace   ] GC(205) Metaspace: 5779K(6144K)->5779K(6144K) NonClass: 5145K(5376K)->5145K(5376K) Class: 633K(768K)->633K(768K)
[2026-03-19T10:51:27.612+0800][7.678s][info][gc             ] GC(205) Pause Young (Concurrent Start) (G1 Evacuation Pause) 63M->63M(64M) 2.122ms
[2026-03-19T10:51:27.612+0800][7.678s][info][gc,cpu         ] GC(205) User=0.00s Sys=0.00s Real=0.00s
[2026-03-19T10:51:27.612+0800][7.679s][info][gc,ergo        ] Attempting full compaction
[2026-03-19T10:51:27.612+0800][7.679s][info][gc             ] GC(207) Concurrent Mark Cycle
[2026-03-19T10:51:27.612+0800][7.679s][info][gc,task        ] GC(206) Using 2 workers of 13 for full compaction
[2026-03-19T10:51:27.612+0800][7.679s][info][gc,marking     ] GC(207) Concurrent Clear Claimed Marks
[2026-03-19T10:51:27.612+0800][7.679s][info][gc,start       ] GC(206) Pause Full (G1 Compaction Pause)
[2026-03-19T10:51:27.612+0800][7.679s][info][gc,marking     ] GC(207) Concurrent Clear Claimed Marks 0.224ms
[2026-03-19T10:51:27.612+0800][7.679s][info][gc,marking     ] GC(207) Concurrent Scan Root Regions
[2026-03-19T10:51:27.612+0800][7.679s][info][gc,marking     ] GC(207) Concurrent Scan Root Regions 0.040ms
[2026-03-19T10:51:27.612+0800][7.679s][info][gc,phases,start] GC(206) Phase 1: Mark live objects
[2026-03-19T10:51:27.633+0800][7.700s][info][gc,phases      ] GC(206) Phase 1: Mark live objects 20.259ms
[2026-03-19T10:51:27.633+0800][7.700s][info][gc,phases,start] GC(206) Phase 2: Prepare for compaction
[2026-03-19T10:51:27.633+0800][7.700s][info][gc,phases      ] GC(206) Phase 2: Prepare for compaction 0.255ms
[2026-03-19T10:51:27.633+0800][7.700s][info][gc,phases,start] GC(206) Phase 3: Adjust pointers
[2026-03-19T10:51:27.640+0800][7.706s][info][gc,phases      ] GC(206) Phase 3: Adjust pointers 6.469ms
[2026-03-19T10:51:27.640+0800][7.707s][info][gc,phases,start] GC(206) Phase 4: Compact heap
[2026-03-19T10:51:27.640+0800][7.707s][info][gc,phases      ] GC(206) Phase 4: Compact heap 0.218ms
[2026-03-19T10:51:27.640+0800][7.708s][info][gc,heap        ] GC(206) Eden regions: 0->0(3)
[2026-03-19T10:51:27.641+0800][7.708s][info][gc,heap        ] GC(206) Survivor regions: 0->0(0)
[2026-03-19T10:51:27.641+0800][7.708s][info][gc,heap        ] GC(206) Old regions: 61->61
[2026-03-19T10:51:27.641+0800][7.708s][info][gc,heap        ] GC(206) Archive regions: 0->0
[2026-03-19T10:51:27.641+0800][7.708s][info][gc,heap        ] GC(206) Humongous regions: 3->3
[2026-03-19T10:51:27.641+0800][7.708s][info][gc,metaspace   ] GC(206) Metaspace: 5779K(6144K)->5779K(6144K) NonClass: 5145K(5376K)->5145K(5376K) Class: 633K(768K)->633K(768K)
[2026-03-19T10:51:27.641+0800][7.708s][info][gc             ] GC(206) Pause Full (G1 Compaction Pause) 63M->63M(64M) 29.088ms
[2026-03-19T10:51:27.641+0800][7.708s][info][gc,cpu         ] GC(206) User=0.06s Sys=0.00s Real=0.03s
[2026-03-19T10:51:27.641+0800][7.708s][info][gc,ergo        ] Attempting maximum full compaction clearing soft references
[2026-03-19T10:51:27.641+0800][7.708s][info][gc,task        ] GC(208) Using 2 workers of 13 for full compaction
[2026-03-19T10:51:27.641+0800][7.708s][info][gc,start       ] GC(208) Pause Full (G1 Compaction Pause)
[2026-03-19T10:51:27.641+0800][7.708s][info][gc,phases,start] GC(208) Phase 1: Mark live objects
[2026-03-19T10:51:27.661+0800][7.729s][info][gc,phases      ] GC(208) Phase 1: Mark live objects 20.293ms
[2026-03-19T10:51:27.662+0800][7.729s][info][gc,phases,start] GC(208) Phase 2: Prepare for compaction
[2026-03-19T10:51:27.668+0800][7.735s][info][gc,phases      ] GC(208) Phase 2: Prepare for compaction 6.590ms
[2026-03-19T10:51:27.668+0800][7.736s][info][gc,phases,start] GC(208) Phase 3: Adjust pointers
[2026-03-19T10:51:27.677+0800][7.744s][info][gc,phases      ] GC(208) Phase 3: Adjust pointers 8.643ms
[2026-03-19T10:51:27.678+0800][7.744s][info][gc,phases,start] GC(208) Phase 4: Compact heap
[2026-03-19T10:51:27.683+0800][7.750s][info][gc,phases      ] GC(208) Phase 4: Compact heap 5.504ms
[2026-03-19T10:51:27.684+0800][7.751s][info][gc,heap        ] GC(208) Eden regions: 0->0(3)
[2026-03-19T10:51:27.684+0800][7.751s][info][gc,heap        ] GC(208) Survivor regions: 0->0(0)
[2026-03-19T10:51:27.684+0800][7.751s][info][gc,heap        ] GC(208) Old regions: 61->61
[2026-03-19T10:51:27.684+0800][7.751s][info][gc,heap        ] GC(208) Archive regions: 0->0
[2026-03-19T10:51:27.684+0800][7.751s][info][gc,heap        ] GC(208) Humongous regions: 3->3
[2026-03-19T10:51:27.684+0800][7.751s][info][gc,metaspace   ] GC(208) Metaspace: 5779K(6144K)->5779K(6144K) NonClass: 5145K(5376K)->5145K(5376K) Class: 633K(768K)->633K(768K)
[2026-03-19T10:51:27.684+0800][7.751s][info][gc             ] GC(208) Pause Full (G1 Compaction Pause) 63M->63M(64M) 42.878ms
[2026-03-19T10:51:27.684+0800][7.751s][info][gc,cpu         ] GC(208) User=0.09s Sys=0.00s Real=0.04s
[2026-03-19T10:51:27.684+0800][7.751s][info][gc,marking     ] GC(207) Concurrent Mark Abort
[2026-03-19T10:51:27.684+0800][7.752s][info][gc             ] GC(207) Concurrent Mark Cycle 73.006ms
[2026-03-19T10:51:27.684+0800][7.752s][info][gc,start       ] GC(209) Pause Young (Normal) (G1 Evacuation Pause)
[2026-03-19T10:51:27.684+0800][7.752s][info][gc,task        ] GC(209) Using 2 workers of 13 for evacuation
[2026-03-19T10:51:27.686+0800][7.753s][info][gc,phases      ] GC(209)   Pre Evacuate Collection Set: 0.2ms
[2026-03-19T10:51:27.686+0800][7.753s][info][gc,phases      ] GC(209)   Merge Heap Roots: 0.1ms
[2026-03-19T10:51:27.686+0800][7.753s][info][gc,phases      ] GC(209)   Evacuate Collection Set: 0.1ms
[2026-03-19T10:51:27.686+0800][7.753s][info][gc,phases      ] GC(209)   Post Evacuate Collection Set: 0.7ms
[2026-03-19T10:51:27.686+0800][7.753s][info][gc,phases      ] GC(209)   Other: 0.3ms
[2026-03-19T10:51:27.686+0800][7.753s][info][gc,heap        ] GC(209) Eden regions: 0->0(3)
[2026-03-19T10:51:27.686+0800][7.753s][info][gc,heap        ] GC(209) Survivor regions: 0->0(0)
[2026-03-19T10:51:27.686+0800][7.754s][info][gc,heap        ] GC(209) Old regions: 61->61
[2026-03-19T10:51:27.686+0800][7.754s][info][gc,heap        ] GC(209) Archive regions: 0->0
[2026-03-19T10:51:27.686+0800][7.754s][info][gc,heap        ] GC(209) Humongous regions: 3->3
[2026-03-19T10:51:27.686+0800][7.754s][info][gc,metaspace   ] GC(209) Metaspace: 5779K(6144K)->5779K(6144K) NonClass: 5145K(5376K)->5145K(5376K) Class: 633K(768K)->633K(768K)
[2026-03-19T10:51:27.686+0800][7.754s][info][gc             ] GC(209) Pause Young (Normal) (G1 Evacuation Pause) 63M->63M(64M) 1.938ms
[2026-03-19T10:51:27.686+0800][7.754s][info][gc,cpu         ] GC(209) User=0.00s Sys=0.00s Real=0.00s
[2026-03-19T10:51:27.686+0800][7.754s][info][gc,ergo        ] Attempting full compaction
[2026-03-19T10:51:27.686+0800][7.754s][info][gc,task        ] GC(210) Using 2 workers of 13 for full compaction
[2026-03-19T10:51:27.686+0800][7.754s][info][gc,start       ] GC(210) Pause Full (G1 Compaction Pause)
[2026-03-19T10:51:27.687+0800][7.754s][info][gc,phases,start] GC(210) Phase 1: Mark live objects
[2026-03-19T10:51:27.707+0800][7.774s][info][gc,phases      ] GC(210) Phase 1: Mark live objects 20.319ms
[2026-03-19T10:51:27.707+0800][7.774s][info][gc,phases,start] GC(210) Phase 2: Prepare for compaction
[2026-03-19T10:51:27.707+0800][7.775s][info][gc,phases      ] GC(210) Phase 2: Prepare for compaction 0.181ms
[2026-03-19T10:51:27.707+0800][7.775s][info][gc,phases,start] GC(210) Phase 3: Adjust pointers
[2026-03-19T10:51:27.715+0800][7.782s][info][gc,phases      ] GC(210) Phase 3: Adjust pointers 7.211ms
[2026-03-19T10:51:27.715+0800][7.782s][info][gc,phases,start] GC(210) Phase 4: Compact heap
[2026-03-19T10:51:27.715+0800][7.782s][info][gc,phases      ] GC(210) Phase 4: Compact heap 0.184ms
[2026-03-19T10:51:27.716+0800][7.783s][info][gc,heap        ] GC(210) Eden regions: 0->0(3)
[2026-03-19T10:51:27.716+0800][7.783s][info][gc,heap        ] GC(210) Survivor regions: 0->0(0)
[2026-03-19T10:51:27.716+0800][7.783s][info][gc,heap        ] GC(210) Old regions: 61->61
[2026-03-19T10:51:27.716+0800][7.783s][info][gc,heap        ] GC(210) Archive regions: 0->0
[2026-03-19T10:51:27.716+0800][7.783s][info][gc,heap        ] GC(210) Humongous regions: 3->3
[2026-03-19T10:51:27.716+0800][7.783s][info][gc,metaspace   ] GC(210) Metaspace: 5779K(6144K)->5779K(6144K) NonClass: 5145K(5376K)->5145K(5376K) Class: 633K(768K)->633K(768K)
[2026-03-19T10:51:27.716+0800][7.783s][info][gc             ] GC(210) Pause Full (G1 Compaction Pause) 63M->63M(64M) 29.447ms
[2026-03-19T10:51:27.716+0800][7.783s][info][gc,cpu         ] GC(210) User=0.06s Sys=0.00s Real=0.03s
[2026-03-19T10:51:27.716+0800][7.784s][info][gc,ergo        ] Attempting maximum full compaction clearing soft references
[2026-03-19T10:51:27.716+0800][7.784s][info][gc,task        ] GC(211) Using 2 workers of 13 for full compaction
[2026-03-19T10:51:27.717+0800][7.784s][info][gc,start       ] GC(211) Pause Full (G1 Compaction Pause)
[2026-03-19T10:51:27.717+0800][7.784s][info][gc,phases,start] GC(211) Phase 1: Mark live objects
[2026-03-19T10:51:27.737+0800][7.804s][info][gc,phases      ] GC(211) Phase 1: Mark live objects 20.506ms
[2026-03-19T10:51:27.737+0800][7.805s][info][gc,phases,start] GC(211) Phase 2: Prepare for compaction
[2026-03-19T10:51:27.744+0800][7.811s][info][gc,phases      ] GC(211) Phase 2: Prepare for compaction 6.478ms
[2026-03-19T10:51:27.744+0800][7.811s][info][gc,phases,start] GC(211) Phase 3: Adjust pointers
[2026-03-19T10:51:27.753+0800][7.820s][info][gc,phases      ] GC(211) Phase 3: Adjust pointers 8.558ms
[2026-03-19T10:51:27.753+0800][7.820s][info][gc,phases,start] GC(211) Phase 4: Compact heap
[2026-03-19T10:51:27.758+0800][7.825s][info][gc,phases      ] GC(211) Phase 4: Compact heap 5.258ms
[2026-03-19T10:51:27.758+0800][7.826s][info][gc,heap        ] GC(211) Eden regions: 0->0(3)
[2026-03-19T10:51:27.758+0800][7.826s][info][gc,heap        ] GC(211) Survivor regions: 0->0(0)
[2026-03-19T10:51:27.758+0800][7.826s][info][gc,heap        ] GC(211) Old regions: 61->61
[2026-03-19T10:51:27.758+0800][7.826s][info][gc,heap        ] GC(211) Archive regions: 0->0
[2026-03-19T10:51:27.758+0800][7.826s][info][gc,heap        ] GC(211) Humongous regions: 3->3
[2026-03-19T10:51:27.758+0800][7.826s][info][gc,metaspace   ] GC(211) Metaspace: 5779K(6144K)->5779K(6144K) NonClass: 5145K(5376K)->5145K(5376K) Class: 633K(768K)->633K(768K)
[2026-03-19T10:51:27.758+0800][7.826s][info][gc             ] GC(211) Pause Full (G1 Compaction Pause) 63M->63M(64M) 42.704ms
[2026-03-19T10:51:27.758+0800][7.827s][info][gc,cpu         ] GC(211) User=0.09s Sys=0.00s Real=0.04s
[2026-03-19T10:51:27.760+0800][7.827s][info][gc,start       ] GC(212) Pause Young (Concurrent Start) (G1 Evacuation Pause)
[2026-03-19T10:51:27.760+0800][7.827s][info][gc,task        ] GC(212) Using 2 workers of 13 for evacuation
[2026-03-19T10:51:27.761+0800][7.829s][info][gc,phases      ] GC(212)   Pre Evacuate Collection Set: 0.2ms
[2026-03-19T10:51:27.762+0800][7.829s][info][gc,phases      ] GC(212)   Merge Heap Roots: 0.1ms
[2026-03-19T10:51:27.762+0800][7.829s][info][gc,phases      ] GC(212)   Evacuate Collection Set: 0.4ms
[2026-03-19T10:51:27.762+0800][7.829s][info][gc,phases      ] GC(212)   Post Evacuate Collection Set: 0.7ms
[2026-03-19T10:51:27.762+0800][7.829s][info][gc,phases      ] GC(212)   Other: 0.3ms
[2026-03-19T10:51:27.762+0800][7.829s][info][gc,heap        ] GC(212) Eden regions: 0->0(3)
[2026-03-19T10:51:27.762+0800][7.829s][info][gc,heap        ] GC(212) Survivor regions: 0->0(0)
[2026-03-19T10:51:27.762+0800][7.829s][info][gc,heap        ] GC(212) Old regions: 61->61
[2026-03-19T10:51:27.762+0800][7.829s][info][gc,heap        ] GC(212) Archive regions: 0->0
[2026-03-19T10:51:27.762+0800][7.829s][info][gc,heap        ] GC(212) Humongous regions: 3->3
[2026-03-19T10:51:27.762+0800][7.829s][info][gc,metaspace   ] GC(212) Metaspace: 5779K(6144K)->5779K(6144K) NonClass: 5145K(5376K)->5145K(5376K) Class: 633K(768K)->633K(768K)
[2026-03-19T10:51:27.762+0800][7.829s][info][gc             ] GC(212) Pause Young (Concurrent Start) (G1 Evacuation Pause) 63M->63M(64M) 2.097ms
[2026-03-19T10:51:27.762+0800][7.829s][info][gc,cpu         ] GC(212) User=0.00s Sys=0.00s Real=0.00s
[2026-03-19T10:51:27.762+0800][7.829s][info][gc,ergo        ] Attempting full compaction
[2026-03-19T10:51:27.762+0800][7.829s][info][gc             ] GC(214) Concurrent Mark Cycle
[2026-03-19T10:51:27.762+0800][7.829s][info][gc,task        ] GC(213) Using 2 workers of 13 for full compaction
[2026-03-19T10:51:27.762+0800][7.829s][info][gc,marking     ] GC(214) Concurrent Clear Claimed Marks
[2026-03-19T10:51:27.762+0800][7.829s][info][gc,start       ] GC(213) Pause Full (G1 Compaction Pause)
[2026-03-19T10:51:27.762+0800][7.830s][info][gc,marking     ] GC(214) Concurrent Clear Claimed Marks 0.220ms
[2026-03-19T10:51:27.763+0800][7.830s][info][gc,marking     ] GC(214) Concurrent Scan Root Regions
[2026-03-19T10:51:27.763+0800][7.830s][info][gc,marking     ] GC(214) Concurrent Scan Root Regions 0.043ms
[2026-03-19T10:51:27.763+0800][7.830s][info][gc,phases,start] GC(213) Phase 1: Mark live objects
[2026-03-19T10:51:27.763+0800][7.830s][info][gc,marking     ] GC(214) Concurrent Mark
[2026-03-19T10:51:27.763+0800][7.830s][info][gc,marking     ] GC(214) Concurrent Mark From Roots
[2026-03-19T10:51:27.763+0800][7.830s][info][gc,task        ] GC(214) Using 3 workers of 3 for marking
[2026-03-19T10:51:27.783+0800][7.850s][info][gc,phases      ] GC(213) Phase 1: Mark live objects 20.107ms
[2026-03-19T10:51:27.783+0800][7.850s][info][gc,phases,start] GC(213) Phase 2: Prepare for compaction
[2026-03-19T10:51:27.784+0800][7.850s][info][gc,phases      ] GC(213) Phase 2: Prepare for compaction 0.298ms
[2026-03-19T10:51:27.784+0800][7.850s][info][gc,phases,start] GC(213) Phase 3: Adjust pointers
[2026-03-19T10:51:27.790+0800][7.857s][info][gc,phases      ] GC(213) Phase 3: Adjust pointers 6.193ms
[2026-03-19T10:51:27.790+0800][7.857s][info][gc,phases,start] GC(213) Phase 4: Compact heap
[2026-03-19T10:51:27.790+0800][7.857s][info][gc,phases      ] GC(213) Phase 4: Compact heap 0.171ms
[2026-03-19T10:51:27.791+0800][7.858s][info][gc,heap        ] GC(213) Eden regions: 0->0(3)
[2026-03-19T10:51:27.791+0800][7.858s][info][gc,heap        ] GC(213) Survivor regions: 0->0(0)
[2026-03-19T10:51:27.791+0800][7.858s][info][gc,heap        ] GC(213) Old regions: 61->61
[2026-03-19T10:51:27.791+0800][7.858s][info][gc,heap        ] GC(213) Archive regions: 0->0
[2026-03-19T10:51:27.791+0800][7.858s][info][gc,heap        ] GC(213) Humongous regions: 3->3
[2026-03-19T10:51:27.791+0800][7.858s][info][gc,metaspace   ] GC(213) Metaspace: 5779K(6144K)->5779K(6144K) NonClass: 5145K(5376K)->5145K(5376K) Class: 633K(768K)->633K(768K)
[2026-03-19T10:51:27.791+0800][7.858s][info][gc             ] GC(213) Pause Full (G1 Compaction Pause) 63M->63M(64M) 28.761ms
[2026-03-19T10:51:27.791+0800][7.858s][info][gc,cpu         ] GC(213) User=0.06s Sys=0.00s Real=0.03s
[2026-03-19T10:51:27.791+0800][7.858s][info][gc,ergo        ] Attempting maximum full compaction clearing soft references
[2026-03-19T10:51:27.791+0800][7.858s][info][gc,task        ] GC(215) Using 2 workers of 13 for full compaction
[2026-03-19T10:51:27.791+0800][7.858s][info][gc,start       ] GC(215) Pause Full (G1 Compaction Pause)
[2026-03-19T10:51:27.791+0800][7.858s][info][gc,phases,start] GC(215) Phase 1: Mark live objects
[2026-03-19T10:51:27.812+0800][7.879s][info][gc,phases      ] GC(215) Phase 1: Mark live objects 20.062ms
[2026-03-19T10:51:27.812+0800][7.879s][info][gc,phases,start] GC(215) Phase 2: Prepare for compaction
[2026-03-19T10:51:27.818+0800][7.885s][info][gc,phases      ] GC(215) Phase 2: Prepare for compaction 6.658ms
[2026-03-19T10:51:27.819+0800][7.886s][info][gc,phases,start] GC(215) Phase 3: Adjust pointers
[2026-03-19T10:51:27.831+0800][7.898s][info][gc,phases      ] GC(215) Phase 3: Adjust pointers 12.824ms
[2026-03-19T10:51:27.832+0800][7.899s][info][gc,phases,start] GC(215) Phase 4: Compact heap
[2026-03-19T10:51:27.837+0800][7.904s][info][gc,phases      ] GC(215) Phase 4: Compact heap 5.289ms
[2026-03-19T10:51:27.838+0800][7.905s][info][gc,heap        ] GC(215) Eden regions: 0->0(3)
[2026-03-19T10:51:27.838+0800][7.905s][info][gc,heap        ] GC(215) Survivor regions: 0->0(0)
[2026-03-19T10:51:27.838+0800][7.905s][info][gc,heap        ] GC(215) Old regions: 61->61
[2026-03-19T10:51:27.838+0800][7.905s][info][gc,heap        ] GC(215) Archive regions: 0->0
[2026-03-19T10:51:27.838+0800][7.905s][info][gc,heap        ] GC(215) Humongous regions: 3->3
[2026-03-19T10:51:27.839+0800][7.905s][info][gc,metaspace   ] GC(215) Metaspace: 5779K(6144K)->5779K(6144K) NonClass: 5145K(5376K)->5145K(5376K) Class: 633K(768K)->633K(768K)
[2026-03-19T10:51:27.839+0800][7.906s][info][gc             ] GC(215) Pause Full (G1 Compaction Pause) 63M->63M(64M) 47.151ms
[2026-03-19T10:51:27.839+0800][7.906s][info][gc,cpu         ] GC(215) User=0.09s Sys=0.00s Real=0.05s
[2026-03-19T10:51:27.839+0800][7.906s][info][gc,marking     ] GC(214) Concurrent Mark From Roots 75.997ms
[2026-03-19T10:51:27.839+0800][7.906s][info][gc,marking     ] GC(214) Concurrent Mark Abort
[2026-03-19T10:51:27.839+0800][7.906s][info][gc             ] GC(214) Concurrent Mark Cycle 76.870ms
[2026-03-19T10:51:27.839+0800][7.906s][info][gc,start       ] GC(216) Pause Young (Normal) (G1 Evacuation Pause)
[2026-03-19T10:51:27.839+0800][7.906s][info][gc,task        ] GC(216) Using 2 workers of 13 for evacuation
[2026-03-19T10:51:27.840+0800][7.907s][info][gc,phases      ] GC(216)   Pre Evacuate Collection Set: 0.1ms
[2026-03-19T10:51:27.840+0800][7.908s][info][gc,phases      ] GC(216)   Merge Heap Roots: 0.1ms
[2026-03-19T10:51:27.840+0800][7.908s][info][gc,phases      ] GC(216)   Evacuate Collection Set: 0.2ms
[2026-03-19T10:51:27.840+0800][7.908s][info][gc,phases      ] GC(216)   Post Evacuate Collection Set: 0.5ms
[2026-03-19T10:51:27.840+0800][7.908s][info][gc,phases      ] GC(216)   Other: 0.2ms
[2026-03-19T10:51:27.840+0800][7.908s][info][gc,heap        ] GC(216) Eden regions: 0->0(3)
[2026-03-19T10:51:27.841+0800][7.908s][info][gc,heap        ] GC(216) Survivor regions: 0->0(0)
[2026-03-19T10:51:27.841+0800][7.908s][info][gc,heap        ] GC(216) Old regions: 61->61
[2026-03-19T10:51:27.841+0800][7.908s][info][gc,heap        ] GC(216) Archive regions: 0->0
[2026-03-19T10:51:27.841+0800][7.908s][info][gc,heap        ] GC(216) Humongous regions: 3->3
[2026-03-19T10:51:27.841+0800][7.908s][info][gc,metaspace   ] GC(216) Metaspace: 5779K(6144K)->5779K(6144K) NonClass: 5145K(5376K)->5145K(5376K) Class: 633K(768K)->633K(768K)
[2026-03-19T10:51:27.841+0800][7.908s][info][gc             ] GC(216) Pause Young (Normal) (G1 Evacuation Pause) 63M->63M(64M) 1.583ms
[2026-03-19T10:51:27.841+0800][7.908s][info][gc,cpu         ] GC(216) User=0.00s Sys=0.00s Real=0.00s
[2026-03-19T10:51:27.841+0800][7.908s][info][gc,ergo        ] Attempting full compaction
[2026-03-19T10:51:27.841+0800][7.908s][info][gc,task        ] GC(217) Using 2 workers of 13 for full compaction
[2026-03-19T10:51:27.841+0800][7.908s][info][gc,start       ] GC(217) Pause Full (G1 Compaction Pause)
[2026-03-19T10:51:27.841+0800][7.908s][info][gc,phases,start] GC(217) Phase 1: Mark live objects
[2026-03-19T10:51:27.857+0800][7.924s][info][gc,phases      ] GC(217) Phase 1: Mark live objects 15.677ms
[2026-03-19T10:51:27.857+0800][7.924s][info][gc,phases,start] GC(217) Phase 2: Prepare for compaction
[2026-03-19T10:51:27.857+0800][7.924s][info][gc,phases      ] GC(217) Phase 2: Prepare for compaction 0.289ms
[2026-03-19T10:51:27.857+0800][7.924s][info][gc,phases,start] GC(217) Phase 3: Adjust pointers
[2026-03-19T10:51:27.868+0800][7.936s][info][gc,phases      ] GC(217) Phase 3: Adjust pointers 11.192ms
[2026-03-19T10:51:27.869+0800][7.936s][info][gc,phases,start] GC(217) Phase 4: Compact heap
[2026-03-19T10:51:27.869+0800][7.936s][info][gc,phases      ] GC(217) Phase 4: Compact heap 0.544ms
[2026-03-19T10:51:27.870+0800][7.938s][info][gc,heap        ] GC(217) Eden regions: 0->0(3)
[2026-03-19T10:51:27.870+0800][7.938s][info][gc,heap        ] GC(217) Survivor regions: 0->0(0)
[2026-03-19T10:51:27.870+0800][7.938s][info][gc,heap        ] GC(217) Old regions: 61->61
[2026-03-19T10:51:27.870+0800][7.938s][info][gc,heap        ] GC(217) Archive regions: 0->0
[2026-03-19T10:51:27.870+0800][7.938s][info][gc,heap        ] GC(217) Humongous regions: 3->3
[2026-03-19T10:51:27.870+0800][7.938s][info][gc,metaspace   ] GC(217) Metaspace: 5779K(6144K)->5779K(6144K) NonClass: 5145K(5376K)->5145K(5376K) Class: 633K(768K)->633K(768K)
[2026-03-19T10:51:27.870+0800][7.938s][info][gc             ] GC(217) Pause Full (G1 Compaction Pause) 63M->63M(64M) 29.945ms
[2026-03-19T10:51:27.872+0800][7.938s][info][gc,cpu         ] GC(217) User=0.06s Sys=0.00s Real=0.03s
[2026-03-19T10:51:27.872+0800][7.938s][info][gc,ergo        ] Attempting maximum full compaction clearing soft references
[2026-03-19T10:51:27.872+0800][7.938s][info][gc,task        ] GC(218) Using 2 workers of 13 for full compaction
[2026-03-19T10:51:27.872+0800][7.938s][info][gc,start       ] GC(218) Pause Full (G1 Compaction Pause)
[2026-03-19T10:51:27.872+0800][7.938s][info][gc,phases,start] GC(218) Phase 1: Mark live objects
[2026-03-19T10:51:27.893+0800][7.959s][info][gc,phases      ] GC(218) Phase 1: Mark live objects 20.893ms
[2026-03-19T10:51:27.893+0800][7.960s][info][gc,phases,start] GC(218) Phase 2: Prepare for compaction
[2026-03-19T10:51:27.902+0800][7.969s][info][gc,phases      ] GC(218) Phase 2: Prepare for compaction 9.514ms
[2026-03-19T10:51:27.902+0800][7.969s][info][gc,phases,start] GC(218) Phase 3: Adjust pointers
[2026-03-19T10:51:27.915+0800][7.982s][info][gc,phases      ] GC(218) Phase 3: Adjust pointers 13.078ms
[2026-03-19T10:51:27.916+0800][7.982s][info][gc,phases,start] GC(218) Phase 4: Compact heap
[2026-03-19T10:51:27.924+0800][7.991s][info][gc,phases      ] GC(218) Phase 4: Compact heap 8.285ms
[2026-03-19T10:51:27.925+0800][7.992s][info][gc,heap        ] GC(218) Eden regions: 0->0(3)
[2026-03-19T10:51:27.925+0800][7.992s][info][gc,heap        ] GC(218) Survivor regions: 0->0(0)
[2026-03-19T10:51:27.925+0800][7.992s][info][gc,heap        ] GC(218) Old regions: 61->61
[2026-03-19T10:51:27.925+0800][7.992s][info][gc,heap        ] GC(218) Archive regions: 0->0
[2026-03-19T10:51:27.925+0800][7.992s][info][gc,heap        ] GC(218) Humongous regions: 3->3
[2026-03-19T10:51:27.925+0800][7.992s][info][gc,metaspace   ] GC(218) Metaspace: 5779K(6144K)->5779K(6144K) NonClass: 5145K(5376K)->5145K(5376K) Class: 633K(768K)->633K(768K)
[2026-03-19T10:51:27.925+0800][7.992s][info][gc             ] GC(218) Pause Full (G1 Compaction Pause) 63M->63M(64M) 53.860ms
[2026-03-19T10:51:27.926+0800][7.992s][info][gc,cpu         ] GC(218) User=0.08s Sys=0.00s Real=0.05s
[2026-03-19T10:51:27.926+0800][7.993s][info][gc,start       ] GC(219) Pause Young (Concurrent Start) (G1 Evacuation Pause)
[2026-03-19T10:51:27.926+0800][7.993s][info][gc,task        ] GC(219) Using 2 workers of 13 for evacuation
[2026-03-19T10:51:27.927+0800][7.994s][info][gc,phases      ] GC(219)   Pre Evacuate Collection Set: 0.1ms
[2026-03-19T10:51:27.927+0800][7.994s][info][gc,phases      ] GC(219)   Merge Heap Roots: 0.1ms
[2026-03-19T10:51:27.927+0800][7.994s][info][gc,phases      ] GC(219)   Evacuate Collection Set: 0.3ms
[2026-03-19T10:51:27.927+0800][7.994s][info][gc,phases      ] GC(219)   Post Evacuate Collection Set: 0.4ms
[2026-03-19T10:51:27.927+0800][7.994s][info][gc,phases      ] GC(219)   Other: 0.3ms
[2026-03-19T10:51:27.928+0800][7.994s][info][gc,heap        ] GC(219) Eden regions: 0->0(3)
[2026-03-19T10:51:27.928+0800][7.994s][info][gc,heap        ] GC(219) Survivor regions: 0->0(0)
[2026-03-19T10:51:27.928+0800][7.994s][info][gc,heap        ] GC(219) Old regions: 61->61
[2026-03-19T10:51:27.928+0800][7.994s][info][gc,heap        ] GC(219) Archive regions: 0->0
[2026-03-19T10:51:27.928+0800][7.994s][info][gc,heap        ] GC(219) Humongous regions: 3->3
[2026-03-19T10:51:27.928+0800][7.995s][info][gc,metaspace   ] GC(219) Metaspace: 5779K(6144K)->5779K(6144K) NonClass: 5145K(5376K)->5145K(5376K) Class: 633K(768K)->633K(768K)
[2026-03-19T10:51:27.928+0800][7.995s][info][gc             ] GC(219) Pause Young (Concurrent Start) (G1 Evacuation Pause) 63M->63M(64M) 1.841ms
[2026-03-19T10:51:27.928+0800][7.995s][info][gc,cpu         ] GC(219) User=0.00s Sys=0.00s Real=0.00s
[2026-03-19T10:51:27.928+0800][7.995s][info][gc,ergo        ] Attempting full compaction
[2026-03-19T10:51:27.928+0800][7.995s][info][gc             ] GC(220) Concurrent Mark Cycle
[2026-03-19T10:51:27.928+0800][7.995s][info][gc,task        ] GC(221) Using 2 workers of 13 for full compaction
[2026-03-19T10:51:27.928+0800][7.995s][info][gc,marking     ] GC(220) Concurrent Clear Claimed Marks
[2026-03-19T10:51:27.928+0800][7.995s][info][gc,marking     ] GC(220) Concurrent Clear Claimed Marks 0.207ms
[2026-03-19T10:51:27.929+0800][7.995s][info][gc,marking     ] GC(220) Concurrent Scan Root Regions
[2026-03-19T10:51:27.929+0800][7.995s][info][gc,start       ] GC(221) Pause Full (G1 Compaction Pause)
[2026-03-19T10:51:27.929+0800][7.995s][info][gc,marking     ] GC(220) Concurrent Scan Root Regions 0.088ms
[2026-03-19T10:51:27.929+0800][7.996s][info][gc,marking     ] GC(220) Concurrent Mark
[2026-03-19T10:51:27.929+0800][7.996s][info][gc,marking     ] GC(220) Concurrent Mark From Roots
[2026-03-19T10:51:27.929+0800][7.996s][info][gc,task        ] GC(220) Using 3 workers of 3 for marking
[2026-03-19T10:51:27.929+0800][7.996s][info][gc,phases,start] GC(221) Phase 1: Mark live objects
[2026-03-19T10:51:27.944+0800][8.012s][info][gc,phases      ] GC(221) Phase 1: Mark live objects 15.980ms
[2026-03-19T10:51:27.944+0800][8.012s][info][gc,phases,start] GC(221) Phase 2: Prepare for compaction
[2026-03-19T10:51:27.945+0800][8.012s][info][gc,phases      ] GC(221) Phase 2: Prepare for compaction 0.247ms
[2026-03-19T10:51:27.945+0800][8.012s][info][gc,phases,start] GC(221) Phase 3: Adjust pointers
[2026-03-19T10:51:27.953+0800][8.020s][info][gc,phases      ] GC(221) Phase 3: Adjust pointers 8.019ms
[2026-03-19T10:51:27.953+0800][8.020s][info][gc,phases,start] GC(221) Phase 4: Compact heap
[2026-03-19T10:51:27.953+0800][8.021s][info][gc,phases      ] GC(221) Phase 4: Compact heap 0.105ms
[2026-03-19T10:51:27.955+0800][8.022s][info][gc,heap        ] GC(221) Eden regions: 0->0(3)
[2026-03-19T10:51:27.955+0800][8.022s][info][gc,heap        ] GC(221) Survivor regions: 0->0(0)
[2026-03-19T10:51:27.955+0800][8.022s][info][gc,heap        ] GC(221) Old regions: 61->61
[2026-03-19T10:51:27.955+0800][8.022s][info][gc,heap        ] GC(221) Archive regions: 0->0
[2026-03-19T10:51:27.955+0800][8.022s][info][gc,heap        ] GC(221) Humongous regions: 3->3
[2026-03-19T10:51:27.955+0800][8.022s][info][gc,metaspace   ] GC(221) Metaspace: 5779K(6144K)->5779K(6144K) NonClass: 5145K(5376K)->5145K(5376K) Class: 633K(768K)->633K(768K)
[2026-03-19T10:51:27.955+0800][8.022s][info][gc             ] GC(221) Pause Full (G1 Compaction Pause) 63M->63M(64M) 26.556ms
[2026-03-19T10:51:27.955+0800][8.022s][info][gc,cpu         ] GC(221) User=0.03s Sys=0.00s Real=0.03s
[2026-03-19T10:51:27.955+0800][8.022s][info][gc,ergo        ] Attempting maximum full compaction clearing soft references
[2026-03-19T10:51:27.955+0800][8.022s][info][gc,task        ] GC(222) Using 2 workers of 13 for full compaction
[2026-03-19T10:51:27.955+0800][8.022s][info][gc,start       ] GC(222) Pause Full (G1 Compaction Pause)
[2026-03-19T10:51:27.955+0800][8.022s][info][gc,phases,start] GC(222) Phase 1: Mark live objects
[2026-03-19T10:51:27.975+0800][8.042s][info][gc,phases      ] GC(222) Phase 1: Mark live objects 20.143ms
[2026-03-19T10:51:27.975+0800][8.043s][info][gc,phases,start] GC(222) Phase 2: Prepare for compaction
[2026-03-19T10:51:27.990+0800][8.057s][info][gc,phases      ] GC(222) Phase 2: Prepare for compaction 14.497ms
[2026-03-19T10:51:27.990+0800][8.057s][info][gc,phases,start] GC(222) Phase 3: Adjust pointers
[2026-03-19T10:51:28.010+0800][8.077s][info][gc,phases      ] GC(222) Phase 3: Adjust pointers 19.113ms
[2026-03-19T10:51:28.010+0800][8.077s][info][gc,phases,start] GC(222) Phase 4: Compact heap
[2026-03-19T10:51:28.020+0800][8.087s][info][gc,phases      ] GC(222) Phase 4: Compact heap 9.689ms
[2026-03-19T10:51:28.020+0800][8.088s][info][gc,heap        ] GC(222) Eden regions: 0->0(3)
[2026-03-19T10:51:28.021+0800][8.088s][info][gc,heap        ] GC(222) Survivor regions: 0->0(0)
[2026-03-19T10:51:28.021+0800][8.088s][info][gc,heap        ] GC(222) Old regions: 61->61
[2026-03-19T10:51:28.021+0800][8.088s][info][gc,heap        ] GC(222) Archive regions: 0->0
[2026-03-19T10:51:28.021+0800][8.088s][info][gc,heap        ] GC(222) Humongous regions: 3->3
[2026-03-19T10:51:28.021+0800][8.088s][info][gc,metaspace   ] GC(222) Metaspace: 5779K(6144K)->5779K(6144K) NonClass: 5145K(5376K)->5145K(5376K) Class: 633K(768K)->633K(768K)
[2026-03-19T10:51:28.021+0800][8.088s][info][gc             ] GC(222) Pause Full (G1 Compaction Pause) 63M->63M(64M) 65.671ms
[2026-03-19T10:51:28.021+0800][8.088s][info][gc,cpu         ] GC(222) User=0.12s Sys=0.00s Real=0.07s
[2026-03-19T10:51:28.021+0800][8.088s][info][gc,marking     ] GC(220) Concurrent Mark From Roots 92.572ms
[2026-03-19T10:51:28.021+0800][8.088s][info][gc,start       ] GC(223) Pause Young (Normal) (G1 Evacuation Pause)
[2026-03-19T10:51:28.021+0800][8.089s][info][gc,task        ] GC(223) Using 2 workers of 13 for evacuation
[2026-03-19T10:51:28.022+0800][8.089s][info][gc,phases      ] GC(223)   Pre Evacuate Collection Set: 0.1ms
[2026-03-19T10:51:28.022+0800][8.089s][info][gc,phases      ] GC(223)   Merge Heap Roots: 0.2ms
[2026-03-19T10:51:28.022+0800][8.089s][info][gc,phases      ] GC(223)   Evacuate Collection Set: 0.1ms
[2026-03-19T10:51:28.022+0800][8.090s][info][gc,phases      ] GC(223)   Post Evacuate Collection Set: 0.4ms
[2026-03-19T10:51:28.022+0800][8.090s][info][gc,phases      ] GC(223)   Other: 0.2ms
[2026-03-19T10:51:28.022+0800][8.090s][info][gc,heap        ] GC(223) Eden regions: 0->0(3)
[2026-03-19T10:51:28.022+0800][8.090s][info][gc,heap        ] GC(223) Survivor regions: 0->0(0)
[2026-03-19T10:51:28.022+0800][8.090s][info][gc,heap        ] GC(223) Old regions: 61->61
[2026-03-19T10:51:28.022+0800][8.090s][info][gc,heap        ] GC(223) Archive regions: 0->0
[2026-03-19T10:51:28.022+0800][8.090s][info][gc,heap        ] GC(223) Humongous regions: 3->3
[2026-03-19T10:51:28.022+0800][8.090s][info][gc,metaspace   ] GC(223) Metaspace: 5779K(6144K)->5779K(6144K) NonClass: 5145K(5376K)->5145K(5376K) Class: 633K(768K)->633K(768K)
[2026-03-19T10:51:28.023+0800][8.090s][info][gc             ] GC(223) Pause Young (Normal) (G1 Evacuation Pause) 63M->63M(64M) 1.435ms
[2026-03-19T10:51:28.023+0800][8.090s][info][gc,cpu         ] GC(223) User=0.00s Sys=0.00s Real=0.00s
[2026-03-19T10:51:28.023+0800][8.090s][info][gc,ergo        ] Attempting full compaction
[2026-03-19T10:51:28.023+0800][8.090s][info][gc,task        ] GC(224) Using 2 workers of 13 for full compaction
[2026-03-19T10:51:28.023+0800][8.090s][info][gc,start       ] GC(224) Pause Full (G1 Compaction Pause)
[2026-03-19T10:51:28.023+0800][8.090s][info][gc,phases,start] GC(224) Phase 1: Mark live objects
[2026-03-19T10:51:28.044+0800][8.110s][info][gc,phases      ] GC(224) Phase 1: Mark live objects 20.150ms
[2026-03-19T10:51:28.044+0800][8.111s][info][gc,phases,start] GC(224) Phase 2: Prepare for compaction
[2026-03-19T10:51:28.044+0800][8.111s][info][gc,phases      ] GC(224) Phase 2: Prepare for compaction 0.158ms
[2026-03-19T10:51:28.044+0800][8.111s][info][gc,phases,start] GC(224) Phase 3: Adjust pointers
[2026-03-19T10:51:28.054+0800][8.121s][info][gc,phases      ] GC(224) Phase 3: Adjust pointers 10.495ms
[2026-03-19T10:51:28.054+0800][8.121s][info][gc,phases,start] GC(224) Phase 4: Compact heap
[2026-03-19T10:51:28.054+0800][8.122s][info][gc,phases      ] GC(224) Phase 4: Compact heap 0.099ms
[2026-03-19T10:51:28.055+0800][8.122s][info][gc,heap        ] GC(224) Eden regions: 0->0(3)
[2026-03-19T10:51:28.055+0800][8.122s][info][gc,heap        ] GC(224) Survivor regions: 0->0(0)
[2026-03-19T10:51:28.055+0800][8.122s][info][gc,heap        ] GC(224) Old regions: 61->61
[2026-03-19T10:51:28.055+0800][8.122s][info][gc,heap        ] GC(224) Archive regions: 0->0
[2026-03-19T10:51:28.055+0800][8.122s][info][gc,heap        ] GC(224) Humongous regions: 3->3
[2026-03-19T10:51:28.055+0800][8.122s][info][gc,metaspace   ] GC(224) Metaspace: 5779K(6144K)->5779K(6144K) NonClass: 5145K(5376K)->5145K(5376K) Class: 633K(768K)->633K(768K)
[2026-03-19T10:51:28.055+0800][8.122s][info][gc             ] GC(224) Pause Full (G1 Compaction Pause) 63M->63M(64M) 32.081ms
[2026-03-19T10:51:28.055+0800][8.122s][info][gc,cpu         ] GC(224) User=0.06s Sys=0.00s Real=0.03s
[2026-03-19T10:51:28.055+0800][8.122s][info][gc,ergo        ] Attempting maximum full compaction clearing soft references
[2026-03-19T10:51:28.055+0800][8.122s][info][gc,task        ] GC(225) Using 2 workers of 13 for full compaction
[2026-03-19T10:51:28.055+0800][8.123s][info][gc,start       ] GC(225) Pause Full (G1 Compaction Pause)
[2026-03-19T10:51:28.055+0800][8.123s][info][gc,phases,start] GC(225) Phase 1: Mark live objects
[2026-03-19T10:51:28.072+0800][8.139s][info][gc,phases      ] GC(225) Phase 1: Mark live objects 16.713ms
[2026-03-19T10:51:28.072+0800][8.139s][info][gc,phases,start] GC(225) Phase 2: Prepare for compaction
[2026-03-19T10:51:28.080+0800][8.147s][info][gc,phases      ] GC(225) Phase 2: Prepare for compaction 7.397ms
[2026-03-19T10:51:28.080+0800][8.147s][info][gc,phases,start] GC(225) Phase 3: Adjust pointers
[2026-03-19T10:51:28.089+0800][8.156s][info][gc,phases      ] GC(225) Phase 3: Adjust pointers 9.329ms
[2026-03-19T10:51:28.090+0800][8.156s][info][gc,phases,start] GC(225) Phase 4: Compact heap
[2026-03-19T10:51:28.098+0800][8.165s][info][gc,phases      ] GC(225) Phase 4: Compact heap 8.712ms
[2026-03-19T10:51:28.098+0800][8.166s][info][gc,heap        ] GC(225) Eden regions: 0->0(3)
[2026-03-19T10:51:28.098+0800][8.166s][info][gc,heap        ] GC(225) Survivor regions: 0->0(0)
[2026-03-19T10:51:28.098+0800][8.166s][info][gc,heap        ] GC(225) Old regions: 61->61
[2026-03-19T10:51:28.098+0800][8.166s][info][gc,heap        ] GC(225) Archive regions: 0->0
[2026-03-19T10:51:28.098+0800][8.166s][info][gc,heap        ] GC(225) Humongous regions: 3->3
[2026-03-19T10:51:28.098+0800][8.166s][info][gc,metaspace   ] GC(225) Metaspace: 5779K(6144K)->5779K(6144K) NonClass: 5145K(5376K)->5145K(5376K) Class: 633K(768K)->633K(768K)
[2026-03-19T10:51:28.098+0800][8.166s][info][gc             ] GC(225) Pause Full (G1 Compaction Pause) 63M->63M(64M) 43.978ms
[2026-03-19T10:51:28.098+0800][8.167s][info][gc,cpu         ] GC(225) User=0.08s Sys=0.00s Real=0.04s
[2026-03-19T10:51:28.100+0800][8.167s][info][gc,marking     ] GC(220) Concurrent Mark Abort
[2026-03-19T10:51:28.100+0800][8.167s][info][gc             ] GC(220) Concurrent Mark Cycle 172.063ms
[2026-03-19T10:51:28.100+0800][8.167s][info][gc,start       ] GC(226) Pause Young (Normal) (G1 Evacuation Pause)
[2026-03-19T10:51:28.100+0800][8.167s][info][gc,task        ] GC(226) Using 2 workers of 13 for evacuation
[2026-03-19T10:51:28.102+0800][8.169s][info][gc,phases      ] GC(226)   Pre Evacuate Collection Set: 0.2ms
[2026-03-19T10:51:28.102+0800][8.169s][info][gc,phases      ] GC(226)   Merge Heap Roots: 0.2ms
[2026-03-19T10:51:28.102+0800][8.169s][info][gc,phases      ] GC(226)   Evacuate Collection Set: 0.2ms
[2026-03-19T10:51:28.102+0800][8.169s][info][gc,phases      ] GC(226)   Post Evacuate Collection Set: 0.7ms
[2026-03-19T10:51:28.102+0800][8.169s][info][gc,phases      ] GC(226)   Other: 0.2ms
[2026-03-19T10:51:28.102+0800][8.169s][info][gc,heap        ] GC(226) Eden regions: 0->0(3)
[2026-03-19T10:51:28.102+0800][8.169s][info][gc,heap        ] GC(226) Survivor regions: 0->0(0)
[2026-03-19T10:51:28.102+0800][8.169s][info][gc,heap        ] GC(226) Old regions: 61->61
[2026-03-19T10:51:28.102+0800][8.169s][info][gc,heap        ] GC(226) Archive regions: 0->0
[2026-03-19T10:51:28.102+0800][8.169s][info][gc,heap        ] GC(226) Humongous regions: 3->3
[2026-03-19T10:51:28.102+0800][8.169s][info][gc,metaspace   ] GC(226) Metaspace: 5779K(6144K)->5779K(6144K) NonClass: 5145K(5376K)->5145K(5376K) Class: 633K(768K)->633K(768K)
[2026-03-19T10:51:28.102+0800][8.169s][info][gc             ] GC(226) Pause Young (Normal) (G1 Evacuation Pause) 63M->63M(64M) 1.886ms
[2026-03-19T10:51:28.102+0800][8.169s][info][gc,cpu         ] GC(226) User=0.00s Sys=0.00s Real=0.00s
[2026-03-19T10:51:28.102+0800][8.169s][info][gc,ergo        ] Attempting full compaction
[2026-03-19T10:51:28.102+0800][8.169s][info][gc,task        ] GC(227) Using 2 workers of 13 for full compaction
[2026-03-19T10:51:28.102+0800][8.169s][info][gc,start       ] GC(227) Pause Full (G1 Compaction Pause)
[2026-03-19T10:51:28.102+0800][8.170s][info][gc,phases,start] GC(227) Phase 1: Mark live objects
[2026-03-19T10:51:28.117+0800][8.184s][info][gc,phases      ] GC(227) Phase 1: Mark live objects 14.215ms
[2026-03-19T10:51:28.117+0800][8.184s][info][gc,phases,start] GC(227) Phase 2: Prepare for compaction
[2026-03-19T10:51:28.117+0800][8.184s][info][gc,phases      ] GC(227) Phase 2: Prepare for compaction 0.241ms
[2026-03-19T10:51:28.117+0800][8.184s][info][gc,phases,start] GC(227) Phase 3: Adjust pointers
[2026-03-19T10:51:28.123+0800][8.191s][info][gc,phases      ] GC(227) Phase 3: Adjust pointers 6.606ms
[2026-03-19T10:51:28.124+0800][8.191s][info][gc,phases,start] GC(227) Phase 4: Compact heap
[2026-03-19T10:51:28.124+0800][8.191s][info][gc,phases      ] GC(227) Phase 4: Compact heap 0.216ms
[2026-03-19T10:51:28.124+0800][8.192s][info][gc,heap        ] GC(227) Eden regions: 0->0(3)
[2026-03-19T10:51:28.125+0800][8.192s][info][gc,heap        ] GC(227) Survivor regions: 0->0(0)
[2026-03-19T10:51:28.125+0800][8.192s][info][gc,heap        ] GC(227) Old regions: 61->61
[2026-03-19T10:51:28.125+0800][8.192s][info][gc,heap        ] GC(227) Archive regions: 0->0
[2026-03-19T10:51:28.125+0800][8.192s][info][gc,heap        ] GC(227) Humongous regions: 3->3
[2026-03-19T10:51:28.125+0800][8.192s][info][gc,metaspace   ] GC(227) Metaspace: 5779K(6144K)->5779K(6144K) NonClass: 5145K(5376K)->5145K(5376K) Class: 633K(768K)->633K(768K)
[2026-03-19T10:51:28.125+0800][8.192s][info][gc             ] GC(227) Pause Full (G1 Compaction Pause) 63M->63M(64M) 22.550ms
[2026-03-19T10:51:28.125+0800][8.192s][info][gc,cpu         ] GC(227) User=0.03s Sys=0.00s Real=0.02s
[2026-03-19T10:51:28.125+0800][8.192s][info][gc,ergo        ] Attempting maximum full compaction clearing soft references
[2026-03-19T10:51:28.125+0800][8.192s][info][gc,task        ] GC(228) Using 2 workers of 13 for full compaction
[2026-03-19T10:51:28.125+0800][8.192s][info][gc,start       ] GC(228) Pause Full (G1 Compaction Pause)
[2026-03-19T10:51:28.125+0800][8.192s][info][gc,phases,start] GC(228) Phase 1: Mark live objects
[2026-03-19T10:51:28.142+0800][8.209s][info][gc,phases      ] GC(228) Phase 1: Mark live objects 16.814ms
[2026-03-19T10:51:28.142+0800][8.209s][info][gc,phases,start] GC(228) Phase 2: Prepare for compaction
[2026-03-19T10:51:28.148+0800][8.215s][info][gc,phases      ] GC(228) Phase 2: Prepare for compaction 5.671ms
[2026-03-19T10:51:28.148+0800][8.215s][info][gc,phases,start] GC(228) Phase 3: Adjust pointers
[2026-03-19T10:51:28.157+0800][8.224s][info][gc,phases      ] GC(228) Phase 3: Adjust pointers 8.967ms
[2026-03-19T10:51:28.157+0800][8.224s][info][gc,phases,start] GC(228) Phase 4: Compact heap
[2026-03-19T10:51:28.164+0800][8.231s][info][gc,phases      ] GC(228) Phase 4: Compact heap 6.483ms
[2026-03-19T10:51:28.165+0800][8.232s][info][gc,heap        ] GC(228) Eden regions: 0->0(3)
[2026-03-19T10:51:28.165+0800][8.232s][info][gc,heap        ] GC(228) Survivor regions: 0->0(0)
[2026-03-19T10:51:28.165+0800][8.232s][info][gc,heap        ] GC(228) Old regions: 61->61
[2026-03-19T10:51:28.165+0800][8.232s][info][gc,heap        ] GC(228) Archive regions: 0->0
[2026-03-19T10:51:28.165+0800][8.232s][info][gc,heap        ] GC(228) Humongous regions: 3->3
[2026-03-19T10:51:28.165+0800][8.232s][info][gc,metaspace   ] GC(228) Metaspace: 5779K(6144K)->5779K(6144K) NonClass: 5145K(5376K)->5145K(5376K) Class: 633K(768K)->633K(768K)
[2026-03-19T10:51:28.165+0800][8.232s][info][gc             ] GC(228) Pause Full (G1 Compaction Pause) 63M->63M(64M) 39.528ms
[2026-03-19T10:51:28.165+0800][8.232s][info][gc,cpu         ] GC(228) User=0.09s Sys=0.00s Real=0.04s
[2026-03-19T10:51:28.165+0800][8.232s][info][gc,start       ] GC(229) Pause Young (Concurrent Start) (G1 Evacuation Pause)
[2026-03-19T10:51:28.165+0800][8.232s][info][gc,task        ] GC(229) Using 2 workers of 13 for evacuation
[2026-03-19T10:51:28.166+0800][8.233s][info][gc,phases      ] GC(229)   Pre Evacuate Collection Set: 0.0ms
[2026-03-19T10:51:28.167+0800][8.233s][info][gc,phases      ] GC(229)   Merge Heap Roots: 0.1ms
[2026-03-19T10:51:28.167+0800][8.234s][info][gc,phases      ] GC(229)   Evacuate Collection Set: 0.3ms
[2026-03-19T10:51:28.167+0800][8.234s][info][gc,phases      ] GC(229)   Post Evacuate Collection Set: 0.7ms
[2026-03-19T10:51:28.167+0800][8.234s][info][gc,phases      ] GC(229)   Other: 0.1ms
[2026-03-19T10:51:28.167+0800][8.234s][info][gc,heap        ] GC(229) Eden regions: 0->0(3)
[2026-03-19T10:51:28.167+0800][8.234s][info][gc,heap        ] GC(229) Survivor regions: 0->0(0)
[2026-03-19T10:51:28.167+0800][8.234s][info][gc,heap        ] GC(229) Old regions: 61->61
[2026-03-19T10:51:28.167+0800][8.234s][info][gc,heap        ] GC(229) Archive regions: 0->0
[2026-03-19T10:51:28.167+0800][8.234s][info][gc,heap        ] GC(229) Humongous regions: 3->3
[2026-03-19T10:51:28.167+0800][8.234s][info][gc,metaspace   ] GC(229) Metaspace: 5779K(6144K)->5779K(6144K) NonClass: 5145K(5376K)->5145K(5376K) Class: 633K(768K)->633K(768K)
[2026-03-19T10:51:28.167+0800][8.234s][info][gc             ] GC(229) Pause Young (Concurrent Start) (G1 Evacuation Pause) 63M->63M(64M) 1.724ms
[2026-03-19T10:51:28.167+0800][8.234s][info][gc,cpu         ] GC(229) User=0.00s Sys=0.00s Real=0.00s
[2026-03-19T10:51:28.167+0800][8.234s][info][gc,ergo        ] Attempting full compaction
[2026-03-19T10:51:28.167+0800][8.234s][info][gc             ] GC(230) Concurrent Mark Cycle
[2026-03-19T10:51:28.167+0800][8.234s][info][gc,task        ] GC(231) Using 2 workers of 13 for full compaction
[2026-03-19T10:51:28.167+0800][8.234s][info][gc,marking     ] GC(230) Concurrent Clear Claimed Marks
[2026-03-19T10:51:28.167+0800][8.234s][info][gc,marking     ] GC(230) Concurrent Clear Claimed Marks 0.095ms
[2026-03-19T10:51:28.167+0800][8.234s][info][gc,marking     ] GC(230) Concurrent Scan Root Regions
[2026-03-19T10:51:28.167+0800][8.234s][info][gc,start       ] GC(231) Pause Full (G1 Compaction Pause)
[2026-03-19T10:51:28.167+0800][8.234s][info][gc,marking     ] GC(230) Concurrent Scan Root Regions 0.016ms
[2026-03-19T10:51:28.168+0800][8.234s][info][gc,marking     ] GC(230) Concurrent Mark
[2026-03-19T10:51:28.168+0800][8.234s][info][gc,marking     ] GC(230) Concurrent Mark From Roots
[2026-03-19T10:51:28.168+0800][8.234s][info][gc,phases,start] GC(231) Phase 1: Mark live objects
[2026-03-19T10:51:28.168+0800][8.234s][info][gc,task        ] GC(230) Using 3 workers of 3 for marking
[2026-03-19T10:51:28.181+0800][8.248s][info][gc,phases      ] GC(231) Phase 1: Mark live objects 13.354ms
[2026-03-19T10:51:28.181+0800][8.248s][info][gc,phases,start] GC(231) Phase 2: Prepare for compaction
[2026-03-19T10:51:28.181+0800][8.248s][info][gc,phases      ] GC(231) Phase 2: Prepare for compaction 0.333ms
[2026-03-19T10:51:28.182+0800][8.248s][info][gc,phases,start] GC(231) Phase 3: Adjust pointers
[2026-03-19T10:51:28.189+0800][8.256s][info][gc,phases      ] GC(231) Phase 3: Adjust pointers 7.836ms
[2026-03-19T10:51:28.190+0800][8.256s][info][gc,phases,start] GC(231) Phase 4: Compact heap
[2026-03-19T10:51:28.190+0800][8.257s][info][gc,phases      ] GC(231) Phase 4: Compact heap 0.120ms
[2026-03-19T10:51:28.190+0800][8.258s][info][gc,heap        ] GC(231) Eden regions: 0->0(3)
[2026-03-19T10:51:28.190+0800][8.258s][info][gc,heap        ] GC(231) Survivor regions: 0->0(0)
[2026-03-19T10:51:28.190+0800][8.258s][info][gc,heap        ] GC(231) Old regions: 61->61
[2026-03-19T10:51:28.190+0800][8.258s][info][gc,heap        ] GC(231) Archive regions: 0->0
[2026-03-19T10:51:28.190+0800][8.258s][info][gc,heap        ] GC(231) Humongous regions: 3->3
[2026-03-19T10:51:28.190+0800][8.258s][info][gc,metaspace   ] GC(231) Metaspace: 5779K(6144K)->5779K(6144K) NonClass: 5145K(5376K)->5145K(5376K) Class: 633K(768K)->633K(768K)
[2026-03-19T10:51:28.190+0800][8.258s][info][gc             ] GC(231) Pause Full (G1 Compaction Pause) 63M->63M(64M) 23.541ms
[2026-03-19T10:51:28.191+0800][8.258s][info][gc,cpu         ] GC(231) User=0.03s Sys=0.00s Real=0.02s
[2026-03-19T10:51:28.191+0800][8.258s][info][gc,ergo        ] Attempting maximum full compaction clearing soft references
[2026-03-19T10:51:28.191+0800][8.258s][info][gc,task        ] GC(232) Using 2 workers of 13 for full compaction
[2026-03-19T10:51:28.191+0800][8.258s][info][gc,start       ] GC(232) Pause Full (G1 Compaction Pause)
[2026-03-19T10:51:28.191+0800][8.258s][info][gc,phases,start] GC(232) Phase 1: Mark live objects
[2026-03-19T10:51:28.207+0800][8.275s][info][gc,phases      ] GC(232) Phase 1: Mark live objects 16.851ms
[2026-03-19T10:51:28.208+0800][8.275s][info][gc,phases,start] GC(232) Phase 2: Prepare for compaction
[2026-03-19T10:51:28.216+0800][8.282s][info][gc,phases      ] GC(232) Phase 2: Prepare for compaction 7.416ms
[2026-03-19T10:51:28.216+0800][8.283s][info][gc,phases,start] GC(232) Phase 3: Adjust pointers
[2026-03-19T10:51:28.227+0800][8.294s][info][gc,phases      ] GC(232) Phase 3: Adjust pointers 11.585ms
[2026-03-19T10:51:28.227+0800][8.294s][info][gc,phases,start] GC(232) Phase 4: Compact heap
[2026-03-19T10:51:28.238+0800][8.305s][info][gc,phases      ] GC(232) Phase 4: Compact heap 10.952ms
[2026-03-19T10:51:28.239+0800][8.307s][info][gc,heap        ] GC(232) Eden regions: 0->0(3)
[2026-03-19T10:51:28.239+0800][8.307s][info][gc,heap        ] GC(232) Survivor regions: 0->0(0)
[2026-03-19T10:51:28.239+0800][8.307s][info][gc,heap        ] GC(232) Old regions: 61->61
[2026-03-19T10:51:28.239+0800][8.307s][info][gc,heap        ] GC(232) Archive regions: 0->0
[2026-03-19T10:51:28.239+0800][8.307s][info][gc,heap        ] GC(232) Humongous regions: 3->3
[2026-03-19T10:51:28.239+0800][8.307s][info][gc,metaspace   ] GC(232) Metaspace: 5779K(6144K)->5779K(6144K) NonClass: 5145K(5376K)->5145K(5376K) Class: 633K(768K)->633K(768K)
[2026-03-19T10:51:28.239+0800][8.307s][info][gc             ] GC(232) Pause Full (G1 Compaction Pause) 63M->63M(64M) 48.974ms
[2026-03-19T10:51:28.239+0800][8.307s][info][gc,cpu         ] GC(232) User=0.08s Sys=0.02s Real=0.05s
[2026-03-19T10:51:28.241+0800][8.307s][info][gc,marking     ] GC(230) Concurrent Mark From Roots 72.962ms
[2026-03-19T10:51:28.241+0800][8.307s][info][gc,start       ] GC(233) Pause Young (Normal) (G1 Evacuation Pause)
[2026-03-19T10:51:28.241+0800][8.308s][info][gc,task        ] GC(233) Using 2 workers of 13 for evacuation
[2026-03-19T10:51:28.242+0800][8.309s][info][gc,phases      ] GC(233)   Pre Evacuate Collection Set: 0.1ms
[2026-03-19T10:51:28.242+0800][8.309s][info][gc,phases      ] GC(233)   Merge Heap Roots: 0.2ms
[2026-03-19T10:51:28.242+0800][8.309s][info][gc,phases      ] GC(233)   Evacuate Collection Set: 0.2ms
[2026-03-19T10:51:28.242+0800][8.309s][info][gc,phases      ] GC(233)   Post Evacuate Collection Set: 0.4ms
[2026-03-19T10:51:28.242+0800][8.309s][info][gc,phases      ] GC(233)   Other: 0.5ms
[2026-03-19T10:51:28.242+0800][8.309s][info][gc,heap        ] GC(233) Eden regions: 0->0(3)
[2026-03-19T10:51:28.242+0800][8.309s][info][gc,heap        ] GC(233) Survivor regions: 0->0(0)
[2026-03-19T10:51:28.242+0800][8.309s][info][gc,heap        ] GC(233) Old regions: 61->61
[2026-03-19T10:51:28.242+0800][8.309s][info][gc,heap        ] GC(233) Archive regions: 0->0
[2026-03-19T10:51:28.242+0800][8.309s][info][gc,heap        ] GC(233) Humongous regions: 3->3
[2026-03-19T10:51:28.242+0800][8.309s][info][gc,metaspace   ] GC(233) Metaspace: 5779K(6144K)->5779K(6144K) NonClass: 5145K(5376K)->5145K(5376K) Class: 633K(768K)->633K(768K)
[2026-03-19T10:51:28.243+0800][8.309s][info][gc             ] GC(233) Pause Young (Normal) (G1 Evacuation Pause) 63M->63M(64M) 1.854ms
[2026-03-19T10:51:28.243+0800][8.309s][info][gc,cpu         ] GC(233) User=0.00s Sys=0.00s Real=0.00s
[2026-03-19T10:51:28.243+0800][8.309s][info][gc,ergo        ] Attempting full compaction
[2026-03-19T10:51:28.243+0800][8.309s][info][gc,task        ] GC(234) Using 2 workers of 13 for full compaction
[2026-03-19T10:51:28.243+0800][8.309s][info][gc,start       ] GC(234) Pause Full (G1 Compaction Pause)
[2026-03-19T10:51:28.243+0800][8.310s][info][gc,phases,start] GC(234) Phase 1: Mark live objects
[2026-03-19T10:51:28.266+0800][8.332s][info][gc,phases      ] GC(234) Phase 1: Mark live objects 22.816ms
[2026-03-19T10:51:28.266+0800][8.333s][info][gc,phases,start] GC(234) Phase 2: Prepare for compaction
[2026-03-19T10:51:28.266+0800][8.333s][info][gc,phases      ] GC(234) Phase 2: Prepare for compaction 0.362ms
[2026-03-19T10:51:28.266+0800][8.333s][info][gc,phases,start] GC(234) Phase 3: Adjust pointers
[2026-03-19T10:51:28.276+0800][8.342s][info][gc,phases      ] GC(234) Phase 3: Adjust pointers 9.310ms
[2026-03-19T10:51:28.276+0800][8.343s][info][gc,phases,start] GC(234) Phase 4: Compact heap
[2026-03-19T10:51:28.276+0800][8.343s][info][gc,phases      ] GC(234) Phase 4: Compact heap 0.240ms
[2026-03-19T10:51:28.277+0800][8.344s][info][gc,heap        ] GC(234) Eden regions: 0->0(3)
[2026-03-19T10:51:28.277+0800][8.344s][info][gc,heap        ] GC(234) Survivor regions: 0->0(0)
[2026-03-19T10:51:28.277+0800][8.344s][info][gc,heap        ] GC(234) Old regions: 61->61
[2026-03-19T10:51:28.277+0800][8.344s][info][gc,heap        ] GC(234) Archive regions: 0->0
[2026-03-19T10:51:28.277+0800][8.344s][info][gc,heap        ] GC(234) Humongous regions: 3->3
[2026-03-19T10:51:28.278+0800][8.344s][info][gc,metaspace   ] GC(234) Metaspace: 5779K(6144K)->5779K(6144K) NonClass: 5145K(5376K)->5145K(5376K) Class: 633K(768K)->633K(768K)
[2026-03-19T10:51:28.278+0800][8.344s][info][gc             ] GC(234) Pause Full (G1 Compaction Pause) 63M->63M(64M) 34.934ms
[2026-03-19T10:51:28.278+0800][8.345s][info][gc,cpu         ] GC(234) User=0.06s Sys=0.00s Real=0.04s
[2026-03-19T10:51:28.278+0800][8.345s][info][gc,ergo        ] Attempting maximum full compaction clearing soft references
[2026-03-19T10:51:28.278+0800][8.345s][info][gc,task        ] GC(235) Using 2 workers of 13 for full compaction
[2026-03-19T10:51:28.278+0800][8.345s][info][gc,start       ] GC(235) Pause Full (G1 Compaction Pause)
[2026-03-19T10:51:28.278+0800][8.345s][info][gc,phases,start] GC(235) Phase 1: Mark live objects
[2026-03-19T10:51:28.305+0800][8.372s][info][gc,phases      ] GC(235) Phase 1: Mark live objects 27.000ms
[2026-03-19T10:51:28.305+0800][8.372s][info][gc,phases,start] GC(235) Phase 2: Prepare for compaction
[2026-03-19T10:51:28.321+0800][8.388s][info][gc,phases      ] GC(235) Phase 2: Prepare for compaction 15.417ms
[2026-03-19T10:51:28.321+0800][8.388s][info][gc,phases,start] GC(235) Phase 3: Adjust pointers
[2026-03-19T10:51:28.339+0800][8.406s][info][gc,phases      ] GC(235) Phase 3: Adjust pointers 18.057ms
[2026-03-19T10:51:28.339+0800][8.406s][info][gc,phases,start] GC(235) Phase 4: Compact heap
[2026-03-19T10:51:28.353+0800][8.421s][info][gc,phases      ] GC(235) Phase 4: Compact heap 14.778ms
[2026-03-19T10:51:28.355+0800][8.422s][info][gc,heap        ] GC(235) Eden regions: 0->0(3)
[2026-03-19T10:51:28.355+0800][8.422s][info][gc,heap        ] GC(235) Survivor regions: 0->0(0)
[2026-03-19T10:51:28.355+0800][8.422s][info][gc,heap        ] GC(235) Old regions: 61->61
[2026-03-19T10:51:28.355+0800][8.422s][info][gc,heap        ] GC(235) Archive regions: 0->0
[2026-03-19T10:51:28.355+0800][8.422s][info][gc,heap        ] GC(235) Humongous regions: 3->3
[2026-03-19T10:51:28.355+0800][8.422s][info][gc,metaspace   ] GC(235) Metaspace: 5779K(6144K)->5779K(6144K) NonClass: 5145K(5376K)->5145K(5376K) Class: 633K(768K)->633K(768K)
[2026-03-19T10:51:28.355+0800][8.422s][info][gc             ] GC(235) Pause Full (G1 Compaction Pause) 63M->63M(64M) 77.569ms
[2026-03-19T10:51:28.355+0800][8.423s][info][gc,cpu         ] GC(235) User=0.14s Sys=0.02s Real=0.08s
[2026-03-19T10:51:28.355+0800][8.423s][info][gc,marking     ] GC(230) Concurrent Mark Abort
[2026-03-19T10:51:28.355+0800][8.423s][info][gc             ] GC(230) Concurrent Mark Cycle 188.905ms
[2026-03-19T10:51:28.355+0800][8.423s][info][gc,start       ] GC(236) Pause Young (Normal) (G1 Evacuation Pause)
[2026-03-19T10:51:28.356+0800][8.423s][info][gc,task        ] GC(236) Using 2 workers of 13 for evacuation
[2026-03-19T10:51:28.358+0800][8.424s][info][gc,phases      ] GC(236)   Pre Evacuate Collection Set: 0.2ms
[2026-03-19T10:51:28.358+0800][8.425s][info][gc,phases      ] GC(236)   Merge Heap Roots: 0.1ms
[2026-03-19T10:51:28.358+0800][8.425s][info][gc,phases      ] GC(236)   Evacuate Collection Set: 0.2ms
[2026-03-19T10:51:28.358+0800][8.425s][info][gc,phases      ] GC(236)   Post Evacuate Collection Set: 0.7ms
[2026-03-19T10:51:28.358+0800][8.425s][info][gc,phases      ] GC(236)   Other: 0.2ms
[2026-03-19T10:51:28.358+0800][8.425s][info][gc,heap        ] GC(236) Eden regions: 0->0(3)
[2026-03-19T10:51:28.358+0800][8.425s][info][gc,heap        ] GC(236) Survivor regions: 0->0(0)
[2026-03-19T10:51:28.358+0800][8.425s][info][gc,heap        ] GC(236) Old regions: 61->61
[2026-03-19T10:51:28.358+0800][8.425s][info][gc,heap        ] GC(236) Archive regions: 0->0
[2026-03-19T10:51:28.358+0800][8.425s][info][gc,heap        ] GC(236) Humongous regions: 3->3
[2026-03-19T10:51:28.358+0800][8.425s][info][gc,metaspace   ] GC(236) Metaspace: 5779K(6144K)->5779K(6144K) NonClass: 5145K(5376K)->5145K(5376K) Class: 633K(768K)->633K(768K)
[2026-03-19T10:51:28.358+0800][8.425s][info][gc             ] GC(236) Pause Young (Normal) (G1 Evacuation Pause) 63M->63M(64M) 1.939ms
[2026-03-19T10:51:28.358+0800][8.425s][info][gc,cpu         ] GC(236) User=0.00s Sys=0.00s Real=0.00s
[2026-03-19T10:51:28.358+0800][8.425s][info][gc,ergo        ] Attempting full compaction
[2026-03-19T10:51:28.358+0800][8.425s][info][gc,task        ] GC(237) Using 2 workers of 13 for full compaction
[2026-03-19T10:51:28.358+0800][8.425s][info][gc,start       ] GC(237) Pause Full (G1 Compaction Pause)
[2026-03-19T10:51:28.358+0800][8.426s][info][gc,phases,start] GC(237) Phase 1: Mark live objects
[2026-03-19T10:51:28.387+0800][8.454s][info][gc,phases      ] GC(237) Phase 1: Mark live objects 28.668ms
[2026-03-19T10:51:28.388+0800][8.454s][info][gc,phases,start] GC(237) Phase 2: Prepare for compaction
[2026-03-19T10:51:28.388+0800][8.455s][info][gc,phases      ] GC(237) Phase 2: Prepare for compaction 0.359ms
[2026-03-19T10:51:28.388+0800][8.455s][info][gc,phases,start] GC(237) Phase 3: Adjust pointers
[2026-03-19T10:51:28.401+0800][8.468s][info][gc,phases      ] GC(237) Phase 3: Adjust pointers 13.426ms
[2026-03-19T10:51:28.401+0800][8.469s][info][gc,phases,start] GC(237) Phase 4: Compact heap
[2026-03-19T10:51:28.401+0800][8.469s][info][gc,phases      ] GC(237) Phase 4: Compact heap 0.200ms
[2026-03-19T10:51:28.403+0800][8.470s][info][gc,heap        ] GC(237) Eden regions: 0->0(3)
[2026-03-19T10:51:28.403+0800][8.470s][info][gc,heap        ] GC(237) Survivor regions: 0->0(0)
[2026-03-19T10:51:28.403+0800][8.470s][info][gc,heap        ] GC(237) Old regions: 61->61
[2026-03-19T10:51:28.403+0800][8.470s][info][gc,heap        ] GC(237) Archive regions: 0->0
[2026-03-19T10:51:28.403+0800][8.470s][info][gc,heap        ] GC(237) Humongous regions: 3->3
[2026-03-19T10:51:28.403+0800][8.470s][info][gc,metaspace   ] GC(237) Metaspace: 5779K(6144K)->5779K(6144K) NonClass: 5145K(5376K)->5145K(5376K) Class: 633K(768K)->633K(768K)
[2026-03-19T10:51:28.403+0800][8.470s][info][gc             ] GC(237) Pause Full (G1 Compaction Pause) 63M->63M(64M) 44.963ms
[2026-03-19T10:51:28.403+0800][8.471s][info][gc,cpu         ] GC(237) User=0.09s Sys=0.00s Real=0.05s
[2026-03-19T10:51:28.403+0800][8.471s][info][gc,ergo        ] Attempting maximum full compaction clearing soft references
[2026-03-19T10:51:28.403+0800][8.471s][info][gc,task        ] GC(238) Using 2 workers of 13 for full compaction
[2026-03-19T10:51:28.403+0800][8.471s][info][gc,start       ] GC(238) Pause Full (G1 Compaction Pause)
[2026-03-19T10:51:28.403+0800][8.471s][info][gc,phases,start] GC(238) Phase 1: Mark live objects
[2026-03-19T10:51:28.429+0800][8.496s][info][gc,phases      ] GC(238) Phase 1: Mark live objects 25.198ms
[2026-03-19T10:51:28.430+0800][8.496s][info][gc,phases,start] GC(238) Phase 2: Prepare for compaction
[2026-03-19T10:51:28.441+0800][8.508s][info][gc,phases      ] GC(238) Phase 2: Prepare for compaction 11.458ms
[2026-03-19T10:51:28.441+0800][8.508s][info][gc,phases,start] GC(238) Phase 3: Adjust pointers
[2026-03-19T10:51:28.460+0800][8.527s][info][gc,phases      ] GC(238) Phase 3: Adjust pointers 18.826ms
[2026-03-19T10:51:28.460+0800][8.527s][info][gc,phases,start] GC(238) Phase 4: Compact heap
[2026-03-19T10:51:28.470+0800][8.537s][info][gc,phases      ] GC(238) Phase 4: Compact heap 10.064ms
[2026-03-19T10:51:28.471+0800][8.538s][info][gc,heap        ] GC(238) Eden regions: 0->0(3)
[2026-03-19T10:51:28.472+0800][8.539s][info][gc,heap        ] GC(238) Survivor regions: 0->0(0)
[2026-03-19T10:51:28.472+0800][8.539s][info][gc,heap        ] GC(238) Old regions: 61->61
[2026-03-19T10:51:28.472+0800][8.539s][info][gc,heap        ] GC(238) Archive regions: 0->0
[2026-03-19T10:51:28.472+0800][8.539s][info][gc,heap        ] GC(238) Humongous regions: 3->3
[2026-03-19T10:51:28.472+0800][8.539s][info][gc,metaspace   ] GC(238) Metaspace: 5779K(6144K)->5779K(6144K) NonClass: 5145K(5376K)->5145K(5376K) Class: 633K(768K)->633K(768K)
[2026-03-19T10:51:28.472+0800][8.539s][info][gc             ] GC(238) Pause Full (G1 Compaction Pause) 63M->63M(64M) 67.957ms
[2026-03-19T10:51:28.472+0800][8.539s][info][gc,cpu         ] GC(238) User=0.12s Sys=0.00s Real=0.07s
[2026-03-19T10:51:28.473+0800][8.540s][info][gc,start       ] GC(239) Pause Young (Concurrent Start) (G1 Evacuation Pause)
[2026-03-19T10:51:28.473+0800][8.540s][info][gc,task        ] GC(239) Using 2 workers of 13 for evacuation
[2026-03-19T10:51:28.474+0800][8.541s][info][gc,phases      ] GC(239)   Pre Evacuate Collection Set: 0.1ms
[2026-03-19T10:51:28.474+0800][8.541s][info][gc,phases      ] GC(239)   Merge Heap Roots: 0.1ms
[2026-03-19T10:51:28.474+0800][8.541s][info][gc,phases      ] GC(239)   Evacuate Collection Set: 0.3ms
[2026-03-19T10:51:28.474+0800][8.541s][info][gc,phases      ] GC(239)   Post Evacuate Collection Set: 0.2ms
[2026-03-19T10:51:28.474+0800][8.541s][info][gc,phases      ] GC(239)   Other: 0.3ms
[2026-03-19T10:51:28.474+0800][8.541s][info][gc,heap        ] GC(239) Eden regions: 0->0(3)
[2026-03-19T10:51:28.474+0800][8.541s][info][gc,heap        ] GC(239) Survivor regions: 0->0(0)
[2026-03-19T10:51:28.474+0800][8.541s][info][gc,heap        ] GC(239) Old regions: 61->61
[2026-03-19T10:51:28.474+0800][8.541s][info][gc,heap        ] GC(239) Archive regions: 0->0
[2026-03-19T10:51:28.474+0800][8.541s][info][gc,heap        ] GC(239) Humongous regions: 3->3
[2026-03-19T10:51:28.474+0800][8.541s][info][gc,metaspace   ] GC(239) Metaspace: 5779K(6144K)->5779K(6144K) NonClass: 5145K(5376K)->5145K(5376K) Class: 633K(768K)->633K(768K)
[2026-03-19T10:51:28.474+0800][8.541s][info][gc             ] GC(239) Pause Young (Concurrent Start) (G1 Evacuation Pause) 63M->63M(64M) 1.421ms
[2026-03-19T10:51:28.474+0800][8.541s][info][gc,cpu         ] GC(239) User=0.00s Sys=0.00s Real=0.00s
[2026-03-19T10:51:28.474+0800][8.541s][info][gc,ergo        ] Attempting full compaction
[2026-03-19T10:51:28.474+0800][8.541s][info][gc             ] GC(240) Concurrent Mark Cycle
[2026-03-19T10:51:28.474+0800][8.541s][info][gc,task        ] GC(241) Using 2 workers of 13 for full compaction
[2026-03-19T10:51:28.474+0800][8.541s][info][gc,marking     ] GC(240) Concurrent Clear Claimed Marks
[2026-03-19T10:51:28.474+0800][8.541s][info][gc,marking     ] GC(240) Concurrent Clear Claimed Marks 0.131ms
[2026-03-19T10:51:28.474+0800][8.541s][info][gc,start       ] GC(241) Pause Full (G1 Compaction Pause)
[2026-03-19T10:51:28.474+0800][8.541s][info][gc,marking     ] GC(240) Concurrent Scan Root Regions
[2026-03-19T10:51:28.475+0800][8.542s][info][gc,marking     ] GC(240) Concurrent Scan Root Regions 0.142ms
[2026-03-19T10:51:28.475+0800][8.542s][info][gc,marking     ] GC(240) Concurrent Mark
[2026-03-19T10:51:28.475+0800][8.542s][info][gc,phases,start] GC(241) Phase 1: Mark live objects
[2026-03-19T10:51:28.475+0800][8.542s][info][gc,marking     ] GC(240) Concurrent Mark From Roots
[2026-03-19T10:51:28.478+0800][8.545s][info][gc,task        ] GC(240) Using 3 workers of 3 for marking
[2026-03-19T10:51:28.498+0800][8.566s][info][gc,phases      ] GC(241) Phase 1: Mark live objects 24.033ms
[2026-03-19T10:51:28.498+0800][8.566s][info][gc,phases,start] GC(241) Phase 2: Prepare for compaction
[2026-03-19T10:51:28.498+0800][8.566s][info][gc,phases      ] GC(241) Phase 2: Prepare for compaction 0.272ms
[2026-03-19T10:51:28.498+0800][8.566s][info][gc,phases,start] GC(241) Phase 3: Adjust pointers
[2026-03-19T10:51:28.510+0800][8.577s][info][gc,phases      ] GC(241) Phase 3: Adjust pointers 10.958ms
[2026-03-19T10:51:28.510+0800][8.577s][info][gc,phases,start] GC(241) Phase 4: Compact heap
[2026-03-19T10:51:28.510+0800][8.578s][info][gc,phases      ] GC(241) Phase 4: Compact heap 0.289ms
[2026-03-19T10:51:28.513+0800][8.581s][info][gc,heap        ] GC(241) Eden regions: 0->0(3)
[2026-03-19T10:51:28.513+0800][8.581s][info][gc,heap        ] GC(241) Survivor regions: 0->0(0)
[2026-03-19T10:51:28.513+0800][8.581s][info][gc,heap        ] GC(241) Old regions: 61->61
[2026-03-19T10:51:28.513+0800][8.581s][info][gc,heap        ] GC(241) Archive regions: 0->0
[2026-03-19T10:51:28.513+0800][8.581s][info][gc,heap        ] GC(241) Humongous regions: 3->3
[2026-03-19T10:51:28.513+0800][8.581s][info][gc,metaspace   ] GC(241) Metaspace: 5779K(6144K)->5779K(6144K) NonClass: 5145K(5376K)->5145K(5376K) Class: 633K(768K)->633K(768K)
[2026-03-19T10:51:28.515+0800][8.582s][info][gc             ] GC(241) Pause Full (G1 Compaction Pause) 63M->63M(64M) 40.161ms
[2026-03-19T10:51:28.515+0800][8.582s][info][gc,cpu         ] GC(241) User=0.08s Sys=0.00s Real=0.04s
[2026-03-19T10:51:28.515+0800][8.582s][info][gc,ergo        ] Attempting maximum full compaction clearing soft references
[2026-03-19T10:51:28.515+0800][8.582s][info][gc,task        ] GC(242) Using 2 workers of 13 for full compaction
[2026-03-19T10:51:28.515+0800][8.582s][info][gc,start       ] GC(242) Pause Full (G1 Compaction Pause)
[2026-03-19T10:51:28.515+0800][8.582s][info][gc,phases,start] GC(242) Phase 1: Mark live objects
[2026-03-19T10:51:28.545+0800][8.612s][info][gc,phases      ] GC(242) Phase 1: Mark live objects 29.345ms
[2026-03-19T10:51:28.545+0800][8.612s][info][gc,phases,start] GC(242) Phase 2: Prepare for compaction
[2026-03-19T10:51:28.558+0800][8.625s][info][gc,phases      ] GC(242) Phase 2: Prepare for compaction 13.534ms
[2026-03-19T10:51:28.558+0800][8.625s][info][gc,phases,start] GC(242) Phase 3: Adjust pointers
[2026-03-19T10:51:28.580+0800][8.647s][info][gc,phases      ] GC(242) Phase 3: Adjust pointers 21.203ms
[2026-03-19T10:51:28.580+0800][8.647s][info][gc,phases,start] GC(242) Phase 4: Compact heap
[2026-03-19T10:51:28.592+0800][8.658s][info][gc,phases      ] GC(242) Phase 4: Compact heap 11.443ms
[2026-03-19T10:51:28.593+0800][8.660s][info][gc,heap        ] GC(242) Eden regions: 0->0(3)
[2026-03-19T10:51:28.594+0800][8.660s][info][gc,heap        ] GC(242) Survivor regions: 0->0(0)
[2026-03-19T10:51:28.594+0800][8.660s][info][gc,heap        ] GC(242) Old regions: 61->61
[2026-03-19T10:51:28.594+0800][8.661s][info][gc,heap        ] GC(242) Archive regions: 0->0
[2026-03-19T10:51:28.594+0800][8.661s][info][gc,heap        ] GC(242) Humongous regions: 3->3
[2026-03-19T10:51:28.594+0800][8.661s][info][gc,metaspace   ] GC(242) Metaspace: 5779K(6144K)->5779K(6144K) NonClass: 5145K(5376K)->5145K(5376K) Class: 633K(768K)->633K(768K)
[2026-03-19T10:51:28.594+0800][8.661s][info][gc             ] GC(242) Pause Full (G1 Compaction Pause) 63M->63M(64M) 78.597ms
[2026-03-19T10:51:28.594+0800][8.661s][info][gc,cpu         ] GC(242) User=0.16s Sys=0.00s Real=0.08s
[2026-03-19T10:51:28.594+0800][8.661s][info][gc,marking     ] GC(240) Concurrent Mark From Roots 119.534ms
[2026-03-19T10:51:28.595+0800][8.661s][info][gc,start       ] GC(243) Pause Young (Normal) (G1 Evacuation Pause)
[2026-03-19T10:51:28.595+0800][8.662s][info][gc,task        ] GC(243) Using 2 workers of 13 for evacuation
[2026-03-19T10:51:28.595+0800][8.663s][info][gc,phases      ] GC(243)   Pre Evacuate Collection Set: 0.2ms
[2026-03-19T10:51:28.596+0800][8.663s][info][gc,phases      ] GC(243)   Merge Heap Roots: 0.1ms
[2026-03-19T10:51:28.596+0800][8.663s][info][gc,phases      ] GC(243)   Evacuate Collection Set: 0.3ms
[2026-03-19T10:51:28.596+0800][8.663s][info][gc,phases      ] GC(243)   Post Evacuate Collection Set: 0.3ms
[2026-03-19T10:51:28.596+0800][8.663s][info][gc,phases      ] GC(243)   Other: 0.3ms
[2026-03-19T10:51:28.596+0800][8.663s][info][gc,heap        ] GC(243) Eden regions: 0->0(3)
[2026-03-19T10:51:28.596+0800][8.663s][info][gc,heap        ] GC(243) Survivor regions: 0->0(0)
[2026-03-19T10:51:28.596+0800][8.663s][info][gc,heap        ] GC(243) Old regions: 61->61
[2026-03-19T10:51:28.596+0800][8.663s][info][gc,heap        ] GC(243) Archive regions: 0->0
[2026-03-19T10:51:28.596+0800][8.663s][info][gc,heap        ] GC(243) Humongous regions: 3->3
[2026-03-19T10:51:28.596+0800][8.663s][info][gc,metaspace   ] GC(243) Metaspace: 5779K(6144K)->5779K(6144K) NonClass: 5145K(5376K)->5145K(5376K) Class: 633K(768K)->633K(768K)
[2026-03-19T10:51:28.596+0800][8.663s][info][gc             ] GC(243) Pause Young (Normal) (G1 Evacuation Pause) 63M->63M(64M) 2.101ms
[2026-03-19T10:51:28.596+0800][8.664s][info][gc,cpu         ] GC(243) User=0.00s Sys=0.00s Real=0.00s
[2026-03-19T10:51:28.596+0800][8.664s][info][gc,ergo        ] Attempting full compaction
[2026-03-19T10:51:28.596+0800][8.664s][info][gc,task        ] GC(244) Using 2 workers of 13 for full compaction
[2026-03-19T10:51:28.597+0800][8.664s][info][gc,start       ] GC(244) Pause Full (G1 Compaction Pause)
[2026-03-19T10:51:28.597+0800][8.664s][info][gc,phases,start] GC(244) Phase 1: Mark live objects
[2026-03-19T10:51:28.620+0800][8.687s][info][gc,phases      ] GC(244) Phase 1: Mark live objects 22.691ms
[2026-03-19T10:51:28.620+0800][8.687s][info][gc,phases,start] GC(244) Phase 2: Prepare for compaction
[2026-03-19T10:51:28.620+0800][8.687s][info][gc,phases      ] GC(244) Phase 2: Prepare for compaction 0.319ms
[2026-03-19T10:51:28.620+0800][8.687s][info][gc,phases,start] GC(244) Phase 3: Adjust pointers
[2026-03-19T10:51:28.629+0800][8.695s][info][gc,phases      ] GC(244) Phase 3: Adjust pointers 7.995ms
[2026-03-19T10:51:28.629+0800][8.696s][info][gc,phases,start] GC(244) Phase 4: Compact heap
[2026-03-19T10:51:28.629+0800][8.696s][info][gc,phases      ] GC(244) Phase 4: Compact heap 0.176ms
[2026-03-19T10:51:28.630+0800][8.697s][info][gc,heap        ] GC(244) Eden regions: 0->0(3)
[2026-03-19T10:51:28.630+0800][8.697s][info][gc,heap        ] GC(244) Survivor regions: 0->0(0)
[2026-03-19T10:51:28.630+0800][8.697s][info][gc,heap        ] GC(244) Old regions: 61->61
[2026-03-19T10:51:28.630+0800][8.697s][info][gc,heap        ] GC(244) Archive regions: 0->0
[2026-03-19T10:51:28.630+0800][8.697s][info][gc,heap        ] GC(244) Humongous regions: 3->3
[2026-03-19T10:51:28.630+0800][8.697s][info][gc,metaspace   ] GC(244) Metaspace: 5779K(6144K)->5779K(6144K) NonClass: 5145K(5376K)->5145K(5376K) Class: 633K(768K)->633K(768K)
[2026-03-19T10:51:28.630+0800][8.697s][info][gc             ] GC(244) Pause Full (G1 Compaction Pause) 63M->63M(64M) 33.273ms
[2026-03-19T10:51:28.630+0800][8.697s][info][gc,cpu         ] GC(244) User=0.05s Sys=0.00s Real=0.03s
[2026-03-19T10:51:28.630+0800][8.697s][info][gc,ergo        ] Attempting maximum full compaction clearing soft references
[2026-03-19T10:51:28.631+0800][8.698s][info][gc,task        ] GC(245) Using 2 workers of 13 for full compaction
[2026-03-19T10:51:28.631+0800][8.698s][info][gc,start       ] GC(245) Pause Full (G1 Compaction Pause)
[2026-03-19T10:51:28.631+0800][8.698s][info][gc,phases,start] GC(245) Phase 1: Mark live objects
[2026-03-19T10:51:28.653+0800][8.720s][info][gc,phases      ] GC(245) Phase 1: Mark live objects 22.046ms
[2026-03-19T10:51:28.653+0800][8.720s][info][gc,phases,start] GC(245) Phase 2: Prepare for compaction
[2026-03-19T10:51:28.667+0800][8.734s][info][gc,phases      ] GC(245) Phase 2: Prepare for compaction 14.234ms
[2026-03-19T10:51:28.667+0800][8.734s][info][gc,phases,start] GC(245) Phase 3: Adjust pointers
[2026-03-19T10:51:28.692+0800][8.759s][info][gc,phases      ] GC(245) Phase 3: Adjust pointers 24.616ms
[2026-03-19T10:51:28.692+0800][8.759s][info][gc,phases,start] GC(245) Phase 4: Compact heap
[2026-03-19T10:51:28.714+0800][8.782s][info][gc,phases      ] GC(245) Phase 4: Compact heap 22.548ms
[2026-03-19T10:51:28.716+0800][8.783s][info][gc,heap        ] GC(245) Eden regions: 0->0(3)
[2026-03-19T10:51:28.716+0800][8.783s][info][gc,heap        ] GC(245) Survivor regions: 0->0(0)
[2026-03-19T10:51:28.716+0800][8.783s][info][gc,heap        ] GC(245) Old regions: 61->61
[2026-03-19T10:51:28.716+0800][8.783s][info][gc,heap        ] GC(245) Archive regions: 0->0
[2026-03-19T10:51:28.716+0800][8.783s][info][gc,heap        ] GC(245) Humongous regions: 3->3
[2026-03-19T10:51:28.716+0800][8.783s][info][gc,metaspace   ] GC(245) Metaspace: 5779K(6144K)->5779K(6144K) NonClass: 5145K(5376K)->5145K(5376K) Class: 633K(768K)->633K(768K)
[2026-03-19T10:51:28.716+0800][8.783s][info][gc             ] GC(245) Pause Full (G1 Compaction Pause) 63M->63M(64M) 85.744ms
[2026-03-19T10:51:28.716+0800][8.784s][info][gc,cpu         ] GC(245) User=0.14s Sys=0.02s Real=0.09s
[2026-03-19T10:51:28.716+0800][8.784s][info][gc,marking     ] GC(240) Concurrent Mark Abort
[2026-03-19T10:51:28.716+0800][8.784s][info][gc             ] GC(240) Concurrent Mark Cycle 242.756ms
[2026-03-19T10:51:28.717+0800][8.784s][info][gc,start       ] GC(246) Pause Young (Normal) (G1 Evacuation Pause)
[2026-03-19T10:51:28.717+0800][8.784s][info][gc,task        ] GC(246) Using 2 workers of 13 for evacuation
[2026-03-19T10:51:28.717+0800][8.785s][info][gc,phases      ] GC(246)   Pre Evacuate Collection Set: 0.1ms
[2026-03-19T10:51:28.717+0800][8.785s][info][gc,phases      ] GC(246)   Merge Heap Roots: 0.0ms
[2026-03-19T10:51:28.717+0800][8.785s][info][gc,phases      ] GC(246)   Evacuate Collection Set: 0.1ms
[2026-03-19T10:51:28.717+0800][8.785s][info][gc,phases      ] GC(246)   Post Evacuate Collection Set: 0.3ms
[2026-03-19T10:51:28.717+0800][8.785s][info][gc,phases      ] GC(246)   Other: 0.2ms
[2026-03-19T10:51:28.717+0800][8.785s][info][gc,heap        ] GC(246) Eden regions: 0->0(3)
[2026-03-19T10:51:28.717+0800][8.785s][info][gc,heap        ] GC(246) Survivor regions: 0->0(0)
[2026-03-19T10:51:28.717+0800][8.785s][info][gc,heap        ] GC(246) Old regions: 61->61
[2026-03-19T10:51:28.717+0800][8.785s][info][gc,heap        ] GC(246) Archive regions: 0->0
[2026-03-19T10:51:28.719+0800][8.785s][info][gc,heap        ] GC(246) Humongous regions: 3->3
[2026-03-19T10:51:28.719+0800][8.785s][info][gc,metaspace   ] GC(246) Metaspace: 5779K(6144K)->5779K(6144K) NonClass: 5145K(5376K)->5145K(5376K) Class: 633K(768K)->633K(768K)
[2026-03-19T10:51:28.719+0800][8.785s][info][gc             ] GC(246) Pause Young (Normal) (G1 Evacuation Pause) 63M->63M(64M) 1.520ms
[2026-03-19T10:51:28.719+0800][8.786s][info][gc,cpu         ] GC(246) User=0.00s Sys=0.00s Real=0.00s
[2026-03-19T10:51:28.719+0800][8.786s][info][gc,ergo        ] Attempting full compaction
[2026-03-19T10:51:28.719+0800][8.786s][info][gc,task        ] GC(247) Using 2 workers of 13 for full compaction
[2026-03-19T10:51:28.719+0800][8.786s][info][gc,start       ] GC(247) Pause Full (G1 Compaction Pause)
[2026-03-19T10:51:28.719+0800][8.786s][info][gc,phases,start] GC(247) Phase 1: Mark live objects
[2026-03-19T10:51:28.747+0800][8.814s][info][gc,phases      ] GC(247) Phase 1: Mark live objects 27.785ms
[2026-03-19T10:51:28.747+0800][8.814s][info][gc,phases,start] GC(247) Phase 2: Prepare for compaction
[2026-03-19T10:51:28.747+0800][8.814s][info][gc,phases      ] GC(247) Phase 2: Prepare for compaction 0.238ms
[2026-03-19T10:51:28.747+0800][8.814s][info][gc,phases,start] GC(247) Phase 3: Adjust pointers
[2026-03-19T10:51:28.760+0800][8.827s][info][gc,phases      ] GC(247) Phase 3: Adjust pointers 12.902ms
[2026-03-19T10:51:28.760+0800][8.827s][info][gc,phases,start] GC(247) Phase 4: Compact heap
[2026-03-19T10:51:28.760+0800][8.828s][info][gc,phases      ] GC(247) Phase 4: Compact heap 0.214ms
[2026-03-19T10:51:28.763+0800][8.830s][info][gc,heap        ] GC(247) Eden regions: 0->0(3)
[2026-03-19T10:51:28.763+0800][8.831s][info][gc,heap        ] GC(247) Survivor regions: 0->0(0)
[2026-03-19T10:51:28.763+0800][8.831s][info][gc,heap        ] GC(247) Old regions: 61->61
[2026-03-19T10:51:28.763+0800][8.831s][info][gc,heap        ] GC(247) Archive regions: 0->0
[2026-03-19T10:51:28.763+0800][8.831s][info][gc,heap        ] GC(247) Humongous regions: 3->3
[2026-03-19T10:51:28.763+0800][8.831s][info][gc,metaspace   ] GC(247) Metaspace: 5779K(6144K)->5779K(6144K) NonClass: 5145K(5376K)->5145K(5376K) Class: 633K(768K)->633K(768K)
[2026-03-19T10:51:28.764+0800][8.831s][info][gc             ] GC(247) Pause Full (G1 Compaction Pause) 63M->63M(64M) 45.212ms
[2026-03-19T10:51:28.764+0800][8.831s][info][gc,cpu         ] GC(247) User=0.09s Sys=0.00s Real=0.04s
[2026-03-19T10:51:28.764+0800][8.831s][info][gc,ergo        ] Attempting maximum full compaction clearing soft references
[2026-03-19T10:51:28.764+0800][8.831s][info][gc,task        ] GC(248) Using 2 workers of 13 for full compaction
[2026-03-19T10:51:28.765+0800][8.832s][info][gc,start       ] GC(248) Pause Full (G1 Compaction Pause)
[2026-03-19T10:51:28.765+0800][8.832s][info][gc,phases,start] GC(248) Phase 1: Mark live objects
[2026-03-19T10:51:28.794+0800][8.861s][info][gc,phases      ] GC(248) Phase 1: Mark live objects 29.344ms
[2026-03-19T10:51:28.794+0800][8.861s][info][gc,phases,start] GC(248) Phase 2: Prepare for compaction
[2026-03-19T10:51:28.806+0800][8.873s][info][gc,phases      ] GC(248) Phase 2: Prepare for compaction 12.055ms
[2026-03-19T10:51:28.806+0800][8.873s][info][gc,phases,start] GC(248) Phase 3: Adjust pointers
[2026-03-19T10:51:28.824+0800][8.891s][info][gc,phases      ] GC(248) Phase 3: Adjust pointers 17.847ms
[2026-03-19T10:51:28.824+0800][8.891s][info][gc,phases,start] GC(248) Phase 4: Compact heap
[2026-03-19T10:51:28.834+0800][8.901s][info][gc,phases      ] GC(248) Phase 4: Compact heap 9.668ms
[2026-03-19T10:51:28.836+0800][8.902s][info][gc,heap        ] GC(248) Eden regions: 0->0(3)
[2026-03-19T10:51:28.836+0800][8.903s][info][gc,heap        ] GC(248) Survivor regions: 0->0(0)
[2026-03-19T10:51:28.836+0800][8.903s][info][gc,heap        ] GC(248) Old regions: 61->61
[2026-03-19T10:51:28.836+0800][8.903s][info][gc,heap        ] GC(248) Archive regions: 0->0
[2026-03-19T10:51:28.836+0800][8.903s][info][gc,heap        ] GC(248) Humongous regions: 3->3
[2026-03-19T10:51:28.836+0800][8.903s][info][gc,metaspace   ] GC(248) Metaspace: 5779K(6144K)->5779K(6144K) NonClass: 5145K(5376K)->5145K(5376K) Class: 633K(768K)->633K(768K)
[2026-03-19T10:51:28.836+0800][8.903s][info][gc             ] GC(248) Pause Full (G1 Compaction Pause) 63M->63M(64M) 71.280ms
[2026-03-19T10:51:28.836+0800][8.903s][info][gc,cpu         ] GC(248) User=0.16s Sys=0.00s Real=0.07s
[2026-03-19T10:51:28.837+0800][8.903s][info][gc,start       ] GC(249) Pause Young (Concurrent Start) (G1 Evacuation Pause)
[2026-03-19T10:51:28.837+0800][8.903s][info][gc,task        ] GC(249) Using 2 workers of 13 for evacuation
[2026-03-19T10:51:28.838+0800][8.905s][info][gc,phases      ] GC(249)   Pre Evacuate Collection Set: 0.1ms
[2026-03-19T10:51:28.838+0800][8.905s][info][gc,phases      ] GC(249)   Merge Heap Roots: 0.1ms
[2026-03-19T10:51:28.838+0800][8.905s][info][gc,phases      ] GC(249)   Evacuate Collection Set: 0.5ms
[2026-03-19T10:51:28.838+0800][8.905s][info][gc,phases      ] GC(249)   Post Evacuate Collection Set: 0.3ms
[2026-03-19T10:51:28.838+0800][8.905s][info][gc,phases      ] GC(249)   Other: 0.3ms
[2026-03-19T10:51:28.838+0800][8.905s][info][gc,heap        ] GC(249) Eden regions: 0->0(3)
[2026-03-19T10:51:28.838+0800][8.905s][info][gc,heap        ] GC(249) Survivor regions: 0->0(0)
[2026-03-19T10:51:28.838+0800][8.905s][info][gc,heap        ] GC(249) Old regions: 61->61
[2026-03-19T10:51:28.838+0800][8.905s][info][gc,heap        ] GC(249) Archive regions: 0->0
[2026-03-19T10:51:28.838+0800][8.905s][info][gc,heap        ] GC(249) Humongous regions: 3->3
[2026-03-19T10:51:28.838+0800][8.905s][info][gc,metaspace   ] GC(249) Metaspace: 5779K(6144K)->5779K(6144K) NonClass: 5145K(5376K)->5145K(5376K) Class: 633K(768K)->633K(768K)
[2026-03-19T10:51:28.839+0800][8.905s][info][gc             ] GC(249) Pause Young (Concurrent Start) (G1 Evacuation Pause) 63M->63M(64M) 1.997ms
[2026-03-19T10:51:28.839+0800][8.905s][info][gc,cpu         ] GC(249) User=0.00s Sys=0.00s Real=0.00s
[2026-03-19T10:51:28.839+0800][8.905s][info][gc,ergo        ] Attempting full compaction
[2026-03-19T10:51:28.839+0800][8.905s][info][gc             ] GC(250) Concurrent Mark Cycle
[2026-03-19T10:51:28.839+0800][8.906s][info][gc,task        ] GC(251) Using 2 workers of 13 for full compaction
[2026-03-19T10:51:28.839+0800][8.906s][info][gc,marking     ] GC(250) Concurrent Clear Claimed Marks
[2026-03-19T10:51:28.839+0800][8.906s][info][gc,start       ] GC(251) Pause Full (G1 Compaction Pause)
[2026-03-19T10:51:28.839+0800][8.906s][info][gc,marking     ] GC(250) Concurrent Clear Claimed Marks 0.335ms
[2026-03-19T10:51:28.839+0800][8.906s][info][gc,marking     ] GC(250) Concurrent Scan Root Regions
[2026-03-19T10:51:28.840+0800][8.906s][info][gc,marking     ] GC(250) Concurrent Scan Root Regions 0.067ms
[2026-03-19T10:51:28.840+0800][8.906s][info][gc,marking     ] GC(250) Concurrent Mark
[2026-03-19T10:51:28.840+0800][8.906s][info][gc,marking     ] GC(250) Concurrent Mark From Roots
[2026-03-19T10:51:28.840+0800][8.906s][info][gc,phases,start] GC(251) Phase 1: Mark live objects
[2026-03-19T10:51:28.840+0800][8.906s][info][gc,task        ] GC(250) Using 3 workers of 3 for marking
[2026-03-19T10:51:28.887+0800][8.954s][info][gc,phases      ] GC(251) Phase 1: Mark live objects 47.664ms
[2026-03-19T10:51:28.887+0800][8.954s][info][gc,phases,start] GC(251) Phase 2: Prepare for compaction
[2026-03-19T10:51:28.887+0800][8.955s][info][gc,phases      ] GC(251) Phase 2: Prepare for compaction 0.490ms
[2026-03-19T10:51:28.887+0800][8.955s][info][gc,phases,start] GC(251) Phase 3: Adjust pointers
[2026-03-19T10:51:28.918+0800][8.986s][info][gc,phases      ] GC(251) Phase 3: Adjust pointers 30.638ms
[2026-03-19T10:51:28.918+0800][8.986s][info][gc,phases,start] GC(251) Phase 4: Compact heap
[2026-03-19T10:51:28.918+0800][8.986s][info][gc,phases      ] GC(251) Phase 4: Compact heap 0.206ms
[2026-03-19T10:51:28.920+0800][8.988s][info][gc,heap        ] GC(251) Eden regions: 0->0(3)
[2026-03-19T10:51:28.921+0800][8.988s][info][gc,heap        ] GC(251) Survivor regions: 0->0(0)
[2026-03-19T10:51:28.921+0800][8.988s][info][gc,heap        ] GC(251) Old regions: 61->61
[2026-03-19T10:51:28.921+0800][8.988s][info][gc,heap        ] GC(251) Archive regions: 0->0
[2026-03-19T10:51:28.921+0800][8.988s][info][gc,heap        ] GC(251) Humongous regions: 3->3
[2026-03-19T10:51:28.921+0800][8.988s][info][gc,metaspace   ] GC(251) Metaspace: 5779K(6144K)->5779K(6144K) NonClass: 5145K(5376K)->5145K(5376K) Class: 633K(768K)->633K(768K)
[2026-03-19T10:51:28.921+0800][8.988s][info][gc             ] GC(251) Pause Full (G1 Compaction Pause) 63M->63M(64M) 82.311ms
[2026-03-19T10:51:28.921+0800][8.988s][info][gc,cpu         ] GC(251) User=0.06s Sys=0.00s Real=0.08s
[2026-03-19T10:51:28.926+0800][8.993s][info][gc,ergo        ] Attempting maximum full compaction clearing soft references
[2026-03-19T10:51:28.927+0800][8.994s][info][gc,task        ] GC(252) Using 2 workers of 13 for full compaction
[2026-03-19T10:51:28.927+0800][8.994s][info][gc,start       ] GC(252) Pause Full (G1 Compaction Pause)
[2026-03-19T10:51:28.927+0800][8.994s][info][gc,phases,start] GC(252) Phase 1: Mark live objects
[2026-03-19T10:51:28.963+0800][9.030s][info][gc,phases      ] GC(252) Phase 1: Mark live objects 35.778ms
[2026-03-19T10:51:28.963+0800][9.030s][info][gc,phases,start] GC(252) Phase 2: Prepare for compaction
[2026-03-19T10:51:28.975+0800][9.042s][info][gc,phases      ] GC(252) Phase 2: Prepare for compaction 11.629ms
[2026-03-19T10:51:28.975+0800][9.042s][info][gc,phases,start] GC(252) Phase 3: Adjust pointers
[2026-03-19T10:51:28.996+0800][9.064s][info][gc,phases      ] GC(252) Phase 3: Adjust pointers 21.437ms
[2026-03-19T10:51:28.996+0800][9.064s][info][gc,phases,start] GC(252) Phase 4: Compact heap
[2026-03-19T10:51:29.023+0800][9.090s][info][gc,phases      ] GC(252) Phase 4: Compact heap 25.685ms
[2026-03-19T10:51:29.025+0800][9.091s][info][gc,heap        ] GC(252) Eden regions: 0->0(3)
[2026-03-19T10:51:29.025+0800][9.092s][info][gc,heap        ] GC(252) Survivor regions: 0->0(0)
[2026-03-19T10:51:29.025+0800][9.092s][info][gc,heap        ] GC(252) Old regions: 61->61
[2026-03-19T10:51:29.025+0800][9.092s][info][gc,heap        ] GC(252) Archive regions: 0->0
[2026-03-19T10:51:29.025+0800][9.092s][info][gc,heap        ] GC(252) Humongous regions: 3->3
[2026-03-19T10:51:29.025+0800][9.092s][info][gc,metaspace   ] GC(252) Metaspace: 5779K(6144K)->5779K(6144K) NonClass: 5145K(5376K)->5145K(5376K) Class: 633K(768K)->633K(768K)
[2026-03-19T10:51:29.025+0800][9.092s][info][gc             ] GC(252) Pause Full (G1 Compaction Pause) 63M->63M(64M) 97.535ms
[2026-03-19T10:51:29.025+0800][9.092s][info][gc,cpu         ] GC(252) User=0.11s Sys=0.00s Real=0.10s
[2026-03-19T10:51:29.026+0800][9.092s][info][gc,marking     ] GC(250) Concurrent Mark From Roots 185.869ms
[2026-03-19T10:51:29.026+0800][9.092s][info][gc,start       ] GC(253) Pause Young (Normal) (G1 Evacuation Pause)
[2026-03-19T10:51:29.026+0800][9.093s][info][gc,task        ] GC(253) Using 2 workers of 13 for evacuation
[2026-03-19T10:51:29.026+0800][9.093s][info][gc,phases      ] GC(253)   Pre Evacuate Collection Set: 0.1ms
[2026-03-19T10:51:29.026+0800][9.093s][info][gc,phases      ] GC(253)   Merge Heap Roots: 0.1ms
[2026-03-19T10:51:29.026+0800][9.093s][info][gc,phases      ] GC(253)   Evacuate Collection Set: 0.1ms
[2026-03-19T10:51:29.026+0800][9.093s][info][gc,phases      ] GC(253)   Post Evacuate Collection Set: 0.2ms
[2026-03-19T10:51:29.026+0800][9.093s][info][gc,phases      ] GC(253)   Other: 0.3ms
[2026-03-19T10:51:29.026+0800][9.093s][info][gc,heap        ] GC(253) Eden regions: 0->0(3)
[2026-03-19T10:51:29.026+0800][9.094s][info][gc,heap        ] GC(253) Survivor regions: 0->0(0)
[2026-03-19T10:51:29.026+0800][9.094s][info][gc,heap        ] GC(253) Old regions: 61->61
[2026-03-19T10:51:29.026+0800][9.094s][info][gc,heap        ] GC(253) Archive regions: 0->0
[2026-03-19T10:51:29.026+0800][9.094s][info][gc,heap        ] GC(253) Humongous regions: 3->3
[2026-03-19T10:51:29.027+0800][9.094s][info][gc,metaspace   ] GC(253) Metaspace: 5779K(6144K)->5779K(6144K) NonClass: 5145K(5376K)->5145K(5376K) Class: 633K(768K)->633K(768K)
[2026-03-19T10:51:29.027+0800][9.094s][info][gc             ] GC(253) Pause Young (Normal) (G1 Evacuation Pause) 63M->63M(64M) 1.365ms
[2026-03-19T10:51:29.027+0800][9.094s][info][gc,cpu         ] GC(253) User=0.00s Sys=0.00s Real=0.00s
[2026-03-19T10:51:29.027+0800][9.094s][info][gc,ergo        ] Attempting full compaction
[2026-03-19T10:51:29.027+0800][9.094s][info][gc,task        ] GC(254) Using 2 workers of 13 for full compaction
[2026-03-19T10:51:29.027+0800][9.094s][info][gc,start       ] GC(254) Pause Full (G1 Compaction Pause)
[2026-03-19T10:51:29.027+0800][9.094s][info][gc,phases,start] GC(254) Phase 1: Mark live objects
[2026-03-19T10:51:29.054+0800][9.121s][info][gc,phases      ] GC(254) Phase 1: Mark live objects 27.026ms
[2026-03-19T10:51:29.055+0800][9.121s][info][gc,phases,start] GC(254) Phase 2: Prepare for compaction
[2026-03-19T10:51:29.055+0800][9.122s][info][gc,phases      ] GC(254) Phase 2: Prepare for compaction 0.278ms
[2026-03-19T10:51:29.055+0800][9.122s][info][gc,phases,start] GC(254) Phase 3: Adjust pointers
[2026-03-19T10:51:29.065+0800][9.132s][info][gc,phases      ] GC(254) Phase 3: Adjust pointers 10.182ms
[2026-03-19T10:51:29.065+0800][9.132s][info][gc,phases,start] GC(254) Phase 4: Compact heap
[2026-03-19T10:51:29.065+0800][9.132s][info][gc,phases      ] GC(254) Phase 4: Compact heap 0.187ms
[2026-03-19T10:51:29.066+0800][9.134s][info][gc,heap        ] GC(254) Eden regions: 0->0(3)
[2026-03-19T10:51:29.066+0800][9.134s][info][gc,heap        ] GC(254) Survivor regions: 0->0(0)
[2026-03-19T10:51:29.066+0800][9.134s][info][gc,heap        ] GC(254) Old regions: 61->61
[2026-03-19T10:51:29.066+0800][9.134s][info][gc,heap        ] GC(254) Archive regions: 0->0
[2026-03-19T10:51:29.067+0800][9.134s][info][gc,heap        ] GC(254) Humongous regions: 3->3
[2026-03-19T10:51:29.067+0800][9.134s][info][gc,metaspace   ] GC(254) Metaspace: 5779K(6144K)->5779K(6144K) NonClass: 5145K(5376K)->5145K(5376K) Class: 633K(768K)->633K(768K)
[2026-03-19T10:51:29.067+0800][9.134s][info][gc             ] GC(254) Pause Full (G1 Compaction Pause) 63M->63M(64M) 39.877ms
[2026-03-19T10:51:29.067+0800][9.134s][info][gc,cpu         ] GC(254) User=0.06s Sys=0.00s Real=0.04s
[2026-03-19T10:51:29.067+0800][9.134s][info][gc,ergo        ] Attempting maximum full compaction clearing soft references
[2026-03-19T10:51:29.067+0800][9.134s][info][gc,task        ] GC(255) Using 2 workers of 13 for full compaction
[2026-03-19T10:51:29.067+0800][9.135s][info][gc,start       ] GC(255) Pause Full (G1 Compaction Pause)
[2026-03-19T10:51:29.067+0800][9.135s][info][gc,phases,start] GC(255) Phase 1: Mark live objects
[2026-03-19T10:51:29.092+0800][9.159s][info][gc,phases      ] GC(255) Phase 1: Mark live objects 24.348ms
[2026-03-19T10:51:29.092+0800][9.159s][info][gc,phases,start] GC(255) Phase 2: Prepare for compaction
[2026-03-19T10:51:29.104+0800][9.171s][info][gc,phases      ] GC(255) Phase 2: Prepare for compaction 11.804ms
[2026-03-19T10:51:29.104+0800][9.171s][info][gc,phases,start] GC(255) Phase 3: Adjust pointers
[2026-03-19T10:51:29.120+0800][9.186s][info][gc,phases      ] GC(255) Phase 3: Adjust pointers 15.282ms
[2026-03-19T10:51:29.120+0800][9.187s][info][gc,phases,start] GC(255) Phase 4: Compact heap
[2026-03-19T10:51:29.132+0800][9.199s][info][gc,phases      ] GC(255) Phase 4: Compact heap 12.760ms
[2026-03-19T10:51:29.134+0800][9.201s][info][gc,heap        ] GC(255) Eden regions: 0->0(3)
[2026-03-19T10:51:29.134+0800][9.201s][info][gc,heap        ] GC(255) Survivor regions: 0->0(0)
[2026-03-19T10:51:29.134+0800][9.201s][info][gc,heap        ] GC(255) Old regions: 61->61
[2026-03-19T10:51:29.134+0800][9.201s][info][gc,heap        ] GC(255) Archive regions: 0->0
[2026-03-19T10:51:29.134+0800][9.201s][info][gc,heap        ] GC(255) Humongous regions: 3->3
[2026-03-19T10:51:29.134+0800][9.201s][info][gc,metaspace   ] GC(255) Metaspace: 5779K(6144K)->5779K(6144K) NonClass: 5145K(5376K)->5145K(5376K) Class: 633K(768K)->633K(768K)
[2026-03-19T10:51:29.134+0800][9.201s][info][gc             ] GC(255) Pause Full (G1 Compaction Pause) 63M->63M(64M) 66.821ms
[2026-03-19T10:51:29.135+0800][9.202s][info][gc,cpu         ] GC(255) User=0.12s Sys=0.00s Real=0.07s
[2026-03-19T10:51:29.135+0800][9.202s][info][gc,marking     ] GC(250) Concurrent Mark Abort
[2026-03-19T10:51:29.135+0800][9.202s][info][gc             ] GC(250) Concurrent Mark Cycle 296.327ms
[2026-03-19T10:51:29.135+0800][9.202s][info][gc,start       ] GC(256) Pause Young (Normal) (G1 Evacuation Pause)
[2026-03-19T10:51:29.135+0800][9.202s][info][gc,task        ] GC(256) Using 2 workers of 13 for evacuation
[2026-03-19T10:51:29.135+0800][9.203s][info][gc,phases      ] GC(256)   Pre Evacuate Collection Set: 0.1ms
[2026-03-19T10:51:29.135+0800][9.203s][info][gc,phases      ] GC(256)   Merge Heap Roots: 0.0ms
[2026-03-19T10:51:29.135+0800][9.203s][info][gc,phases      ] GC(256)   Evacuate Collection Set: 0.1ms
[2026-03-19T10:51:29.136+0800][9.203s][info][gc,phases      ] GC(256)   Post Evacuate Collection Set: 0.2ms
[2026-03-19T10:51:29.136+0800][9.203s][info][gc,phases      ] GC(256)   Other: 0.2ms
[2026-03-19T10:51:29.136+0800][9.203s][info][gc,heap        ] GC(256) Eden regions: 0->0(3)
[2026-03-19T10:51:29.136+0800][9.203s][info][gc,heap        ] GC(256) Survivor regions: 0->0(0)
[2026-03-19T10:51:29.136+0800][9.203s][info][gc,heap        ] GC(256) Old regions: 61->61
[2026-03-19T10:51:29.136+0800][9.203s][info][gc,heap        ] GC(256) Archive regions: 0->0
[2026-03-19T10:51:29.136+0800][9.203s][info][gc,heap        ] GC(256) Humongous regions: 3->3
[2026-03-19T10:51:29.136+0800][9.203s][info][gc,metaspace   ] GC(256) Metaspace: 5779K(6144K)->5779K(6144K) NonClass: 5145K(5376K)->5145K(5376K) Class: 633K(768K)->633K(768K)
[2026-03-19T10:51:29.136+0800][9.203s][info][gc             ] GC(256) Pause Young (Normal) (G1 Evacuation Pause) 63M->63M(64M) 1.246ms
[2026-03-19T10:51:29.136+0800][9.203s][info][gc,cpu         ] GC(256) User=0.00s Sys=0.00s Real=0.00s
[2026-03-19T10:51:29.136+0800][9.203s][info][gc,ergo        ] Attempting full compaction
[2026-03-19T10:51:29.136+0800][9.203s][info][gc,task        ] GC(257) Using 2 workers of 13 for full compaction
[2026-03-19T10:51:29.136+0800][9.203s][info][gc,start       ] GC(257) Pause Full (G1 Compaction Pause)
[2026-03-19T10:51:29.136+0800][9.204s][info][gc,phases,start] GC(257) Phase 1: Mark live objects
[2026-03-19T10:51:29.163+0800][9.230s][info][gc,phases      ] GC(257) Phase 1: Mark live objects 26.517ms
[2026-03-19T10:51:29.163+0800][9.230s][info][gc,phases,start] GC(257) Phase 2: Prepare for compaction
[2026-03-19T10:51:29.163+0800][9.230s][info][gc,phases      ] GC(257) Phase 2: Prepare for compaction 0.263ms
[2026-03-19T10:51:29.164+0800][9.231s][info][gc,phases,start] GC(257) Phase 3: Adjust pointers
[2026-03-19T10:51:29.171+0800][9.239s][info][gc,phases      ] GC(257) Phase 3: Adjust pointers 8.195ms
[2026-03-19T10:51:29.172+0800][9.239s][info][gc,phases,start] GC(257) Phase 4: Compact heap
[2026-03-19T10:51:29.172+0800][9.239s][info][gc,phases      ] GC(257) Phase 4: Compact heap 0.155ms
[2026-03-19T10:51:29.173+0800][9.240s][info][gc,heap        ] GC(257) Eden regions: 0->0(3)
[2026-03-19T10:51:29.173+0800][9.240s][info][gc,heap        ] GC(257) Survivor regions: 0->0(0)
[2026-03-19T10:51:29.173+0800][9.240s][info][gc,heap        ] GC(257) Old regions: 61->61
[2026-03-19T10:51:29.173+0800][9.240s][info][gc,heap        ] GC(257) Archive regions: 0->0
[2026-03-19T10:51:29.173+0800][9.240s][info][gc,heap        ] GC(257) Humongous regions: 3->3
[2026-03-19T10:51:29.173+0800][9.240s][info][gc,metaspace   ] GC(257) Metaspace: 5779K(6144K)->5779K(6144K) NonClass: 5145K(5376K)->5145K(5376K) Class: 633K(768K)->633K(768K)
[2026-03-19T10:51:29.173+0800][9.240s][info][gc             ] GC(257) Pause Full (G1 Compaction Pause) 63M->63M(64M) 36.737ms
[2026-03-19T10:51:29.173+0800][9.240s][info][gc,cpu         ] GC(257) User=0.06s Sys=0.00s Real=0.04s
[2026-03-19T10:51:29.173+0800][9.240s][info][gc,ergo        ] Attempting maximum full compaction clearing soft references
[2026-03-19T10:51:29.173+0800][9.240s][info][gc,task        ] GC(258) Using 2 workers of 13 for full compaction
[2026-03-19T10:51:29.174+0800][9.240s][info][gc,start       ] GC(258) Pause Full (G1 Compaction Pause)
[2026-03-19T10:51:29.174+0800][9.241s][info][gc,phases,start] GC(258) Phase 1: Mark live objects
[2026-03-19T10:51:29.195+0800][9.263s][info][gc,phases      ] GC(258) Phase 1: Mark live objects 22.354ms
[2026-03-19T10:51:29.196+0800][9.263s][info][gc,phases,start] GC(258) Phase 2: Prepare for compaction
[2026-03-19T10:51:29.205+0800][9.272s][info][gc,phases      ] GC(258) Phase 2: Prepare for compaction 8.960ms
[2026-03-19T10:51:29.205+0800][9.272s][info][gc,phases,start] GC(258) Phase 3: Adjust pointers
[2026-03-19T10:51:29.218+0800][9.286s][info][gc,phases      ] GC(258) Phase 3: Adjust pointers 13.402ms
[2026-03-19T10:51:29.218+0800][9.286s][info][gc,phases,start] GC(258) Phase 4: Compact heap
[2026-03-19T10:51:29.228+0800][9.295s][info][gc,phases      ] GC(258) Phase 4: Compact heap 9.233ms
[2026-03-19T10:51:29.228+0800][9.296s][info][gc,heap        ] GC(258) Eden regions: 0->0(3)
[2026-03-19T10:51:29.228+0800][9.296s][info][gc,heap        ] GC(258) Survivor regions: 0->0(0)
[2026-03-19T10:51:29.228+0800][9.296s][info][gc,heap        ] GC(258) Old regions: 61->61
[2026-03-19T10:51:29.229+0800][9.296s][info][gc,heap        ] GC(258) Archive regions: 0->0
[2026-03-19T10:51:29.229+0800][9.296s][info][gc,heap        ] GC(258) Humongous regions: 3->3
[2026-03-19T10:51:29.229+0800][9.296s][info][gc,metaspace   ] GC(258) Metaspace: 5779K(6144K)->5779K(6144K) NonClass: 5145K(5376K)->5145K(5376K) Class: 633K(768K)->633K(768K)
[2026-03-19T10:51:29.229+0800][9.296s][info][gc             ] GC(258) Pause Full (G1 Compaction Pause) 63M->63M(64M) 55.857ms
[2026-03-19T10:51:29.229+0800][9.297s][info][gc,cpu         ] GC(258) User=0.12s Sys=0.00s Real=0.06s
[2026-03-19T10:51:29.229+0800][9.297s][info][gc,start       ] GC(259) Pause Young (Concurrent Start) (G1 Evacuation Pause)
[2026-03-19T10:51:29.229+0800][9.297s][info][gc,task        ] GC(259) Using 2 workers of 13 for evacuation
[2026-03-19T10:51:29.230+0800][9.298s][info][gc,phases      ] GC(259)   Pre Evacuate Collection Set: 0.1ms
[2026-03-19T10:51:29.230+0800][9.298s][info][gc,phases      ] GC(259)   Merge Heap Roots: 0.0ms
[2026-03-19T10:51:29.230+0800][9.298s][info][gc,phases      ] GC(259)   Evacuate Collection Set: 0.3ms
[2026-03-19T10:51:29.230+0800][9.298s][info][gc,phases      ] GC(259)   Post Evacuate Collection Set: 0.2ms
[2026-03-19T10:51:29.230+0800][9.298s][info][gc,phases      ] GC(259)   Other: 0.3ms
[2026-03-19T10:51:29.230+0800][9.298s][info][gc,heap        ] GC(259) Eden regions: 0->0(3)
[2026-03-19T10:51:29.230+0800][9.298s][info][gc,heap        ] GC(259) Survivor regions: 0->0(0)
[2026-03-19T10:51:29.230+0800][9.298s][info][gc,heap        ] GC(259) Old regions: 61->61
[2026-03-19T10:51:29.230+0800][9.298s][info][gc,heap        ] GC(259) Archive regions: 0->0
[2026-03-19T10:51:29.231+0800][9.298s][info][gc,heap        ] GC(259) Humongous regions: 3->3
[2026-03-19T10:51:29.231+0800][9.298s][info][gc,metaspace   ] GC(259) Metaspace: 5779K(6144K)->5779K(6144K) NonClass: 5145K(5376K)->5145K(5376K) Class: 633K(768K)->633K(768K)
[2026-03-19T10:51:29.231+0800][9.298s][info][gc             ] GC(259) Pause Young (Concurrent Start) (G1 Evacuation Pause) 63M->63M(64M) 1.497ms
[2026-03-19T10:51:29.231+0800][9.298s][info][gc,cpu         ] GC(259) User=0.00s Sys=0.00s Real=0.00s
[2026-03-19T10:51:29.231+0800][9.298s][info][gc,ergo        ] Attempting full compaction
[2026-03-19T10:51:29.231+0800][9.298s][info][gc             ] GC(260) Concurrent Mark Cycle
[2026-03-19T10:51:29.231+0800][9.299s][info][gc,task        ] GC(261) Using 2 workers of 13 for full compaction
[2026-03-19T10:51:29.231+0800][9.299s][info][gc,marking     ] GC(260) Concurrent Clear Claimed Marks
[2026-03-19T10:51:29.231+0800][9.299s][info][gc,start       ] GC(261) Pause Full (G1 Compaction Pause)
[2026-03-19T10:51:29.231+0800][9.299s][info][gc,marking     ] GC(260) Concurrent Clear Claimed Marks 0.219ms
[2026-03-19T10:51:29.231+0800][9.299s][info][gc,marking     ] GC(260) Concurrent Scan Root Regions
[2026-03-19T10:51:29.231+0800][9.299s][info][gc,marking     ] GC(260) Concurrent Scan Root Regions 0.038ms
[2026-03-19T10:51:29.231+0800][9.299s][info][gc,marking     ] GC(260) Concurrent Mark
[2026-03-19T10:51:29.231+0800][9.299s][info][gc,marking     ] GC(260) Concurrent Mark From Roots
[2026-03-19T10:51:29.232+0800][9.299s][info][gc,phases,start] GC(261) Phase 1: Mark live objects
[2026-03-19T10:51:29.232+0800][9.299s][info][gc,task        ] GC(260) Using 3 workers of 3 for marking
[2026-03-19T10:51:29.255+0800][9.322s][info][gc,phases      ] GC(261) Phase 1: Mark live objects 22.962ms
[2026-03-19T10:51:29.255+0800][9.322s][info][gc,phases,start] GC(261) Phase 2: Prepare for compaction
[2026-03-19T10:51:29.255+0800][9.322s][info][gc,phases      ] GC(261) Phase 2: Prepare for compaction 0.230ms
[2026-03-19T10:51:29.255+0800][9.323s][info][gc,phases,start] GC(261) Phase 3: Adjust pointers
[2026-03-19T10:51:29.266+0800][9.333s][info][gc,phases      ] GC(261) Phase 3: Adjust pointers 10.779ms
[2026-03-19T10:51:29.266+0800][9.334s][info][gc,phases,start] GC(261) Phase 4: Compact heap
[2026-03-19T10:51:29.266+0800][9.334s][info][gc,phases      ] GC(261) Phase 4: Compact heap 0.173ms
[2026-03-19T10:51:29.268+0800][9.335s][info][gc,heap        ] GC(261) Eden regions: 0->0(3)
[2026-03-19T10:51:29.268+0800][9.335s][info][gc,heap        ] GC(261) Survivor regions: 0->0(0)
[2026-03-19T10:51:29.268+0800][9.335s][info][gc,heap        ] GC(261) Old regions: 61->61
[2026-03-19T10:51:29.268+0800][9.335s][info][gc,heap        ] GC(261) Archive regions: 0->0
[2026-03-19T10:51:29.268+0800][9.335s][info][gc,heap        ] GC(261) Humongous regions: 3->3
[2026-03-19T10:51:29.268+0800][9.335s][info][gc,metaspace   ] GC(261) Metaspace: 5779K(6144K)->5779K(6144K) NonClass: 5145K(5376K)->5145K(5376K) Class: 633K(768K)->633K(768K)
[2026-03-19T10:51:29.268+0800][9.336s][info][gc             ] GC(261) Pause Full (G1 Compaction Pause) 63M->63M(64M) 36.677ms
[2026-03-19T10:51:29.269+0800][9.336s][info][gc,cpu         ] GC(261) User=0.06s Sys=0.00s Real=0.04s
[2026-03-19T10:51:29.269+0800][9.336s][info][gc,ergo        ] Attempting maximum full compaction clearing soft references
[2026-03-19T10:51:29.269+0800][9.336s][info][gc,task        ] GC(262) Using 2 workers of 13 for full compaction
[2026-03-19T10:51:29.269+0800][9.336s][info][gc,start       ] GC(262) Pause Full (G1 Compaction Pause)
[2026-03-19T10:51:29.269+0800][9.336s][info][gc,phases,start] GC(262) Phase 1: Mark live objects
[2026-03-19T10:51:29.291+0800][9.359s][info][gc,phases      ] GC(262) Phase 1: Mark live objects 22.570ms
[2026-03-19T10:51:29.292+0800][9.359s][info][gc,phases,start] GC(262) Phase 2: Prepare for compaction
[2026-03-19T10:51:29.300+0800][9.367s][info][gc,phases      ] GC(262) Phase 2: Prepare for compaction 8.098ms
[2026-03-19T10:51:29.300+0800][9.367s][info][gc,phases,start] GC(262) Phase 3: Adjust pointers
[2026-03-19T10:51:29.315+0800][9.382s][info][gc,phases      ] GC(262) Phase 3: Adjust pointers 14.775ms
[2026-03-19T10:51:29.315+0800][9.382s][info][gc,phases,start] GC(262) Phase 4: Compact heap
[2026-03-19T10:51:29.323+0800][9.390s][info][gc,phases      ] GC(262) Phase 4: Compact heap 7.845ms
[2026-03-19T10:51:29.324+0800][9.391s][info][gc,heap        ] GC(262) Eden regions: 0->0(3)
[2026-03-19T10:51:29.324+0800][9.391s][info][gc,heap        ] GC(262) Survivor regions: 0->0(0)
[2026-03-19T10:51:29.324+0800][9.391s][info][gc,heap        ] GC(262) Old regions: 61->61
[2026-03-19T10:51:29.324+0800][9.391s][info][gc,heap        ] GC(262) Archive regions: 0->0
[2026-03-19T10:51:29.324+0800][9.391s][info][gc,heap        ] GC(262) Humongous regions: 3->3
[2026-03-19T10:51:29.324+0800][9.391s][info][gc,metaspace   ] GC(262) Metaspace: 5779K(6144K)->5779K(6144K) NonClass: 5145K(5376K)->5145K(5376K) Class: 633K(768K)->633K(768K)
[2026-03-19T10:51:29.324+0800][9.392s][info][gc             ] GC(262) Pause Full (G1 Compaction Pause) 63M->63M(64M) 55.535ms
[2026-03-19T10:51:29.325+0800][9.392s][info][gc,cpu         ] GC(262) User=0.12s Sys=0.00s Real=0.06s
[2026-03-19T10:51:29.325+0800][9.392s][info][gc,marking     ] GC(260) Concurrent Mark From Roots 92.759ms
[2026-03-19T10:51:29.325+0800][9.392s][info][gc,start       ] GC(263) Pause Young (Normal) (G1 Evacuation Pause)
[2026-03-19T10:51:29.325+0800][9.392s][info][gc,task        ] GC(263) Using 2 workers of 13 for evacuation
[2026-03-19T10:51:29.325+0800][9.393s][info][gc,phases      ] GC(263)   Pre Evacuate Collection Set: 0.1ms
[2026-03-19T10:51:29.325+0800][9.393s][info][gc,phases      ] GC(263)   Merge Heap Roots: 0.0ms
[2026-03-19T10:51:29.325+0800][9.393s][info][gc,phases      ] GC(263)   Evacuate Collection Set: 0.1ms
[2026-03-19T10:51:29.325+0800][9.393s][info][gc,phases      ] GC(263)   Post Evacuate Collection Set: 0.2ms
[2026-03-19T10:51:29.326+0800][9.393s][info][gc,phases      ] GC(263)   Other: 0.3ms
[2026-03-19T10:51:29.326+0800][9.393s][info][gc,heap        ] GC(263) Eden regions: 0->0(3)
[2026-03-19T10:51:29.326+0800][9.393s][info][gc,heap        ] GC(263) Survivor regions: 0->0(0)
[2026-03-19T10:51:29.326+0800][9.393s][info][gc,heap        ] GC(263) Old regions: 61->61
[2026-03-19T10:51:29.326+0800][9.393s][info][gc,heap        ] GC(263) Archive regions: 0->0
[2026-03-19T10:51:29.326+0800][9.393s][info][gc,heap        ] GC(263) Humongous regions: 3->3
[2026-03-19T10:51:29.326+0800][9.393s][info][gc,metaspace   ] GC(263) Metaspace: 5779K(6144K)->5779K(6144K) NonClass: 5145K(5376K)->5145K(5376K) Class: 633K(768K)->633K(768K)
[2026-03-19T10:51:29.326+0800][9.393s][info][gc             ] GC(263) Pause Young (Normal) (G1 Evacuation Pause) 63M->63M(64M) 1.336ms
[2026-03-19T10:51:29.326+0800][9.393s][info][gc,cpu         ] GC(263) User=0.00s Sys=0.00s Real=0.00s
[2026-03-19T10:51:29.326+0800][9.393s][info][gc,ergo        ] Attempting full compaction
[2026-03-19T10:51:29.326+0800][9.394s][info][gc,task        ] GC(264) Using 2 workers of 13 for full compaction
[2026-03-19T10:51:29.326+0800][9.394s][info][gc,start       ] GC(264) Pause Full (G1 Compaction Pause)
[2026-03-19T10:51:29.326+0800][9.394s][info][gc,phases,start] GC(264) Phase 1: Mark live objects
[2026-03-19T10:51:29.350+0800][9.417s][info][gc,phases      ] GC(264) Phase 1: Mark live objects 22.867ms
[2026-03-19T10:51:29.350+0800][9.417s][info][gc,phases,start] GC(264) Phase 2: Prepare for compaction
[2026-03-19T10:51:29.350+0800][9.417s][info][gc,phases      ] GC(264) Phase 2: Prepare for compaction 0.246ms
[2026-03-19T10:51:29.350+0800][9.417s][info][gc,phases,start] GC(264) Phase 3: Adjust pointers
[2026-03-19T10:51:29.361+0800][9.428s][info][gc,phases      ] GC(264) Phase 3: Adjust pointers 10.974ms
[2026-03-19T10:51:29.362+0800][9.428s][info][gc,phases,start] GC(264) Phase 4: Compact heap
[2026-03-19T10:51:29.362+0800][9.429s][info][gc,phases      ] GC(264) Phase 4: Compact heap 0.193ms
[2026-03-19T10:51:29.363+0800][9.430s][info][gc,heap        ] GC(264) Eden regions: 0->0(3)
[2026-03-19T10:51:29.363+0800][9.430s][info][gc,heap        ] GC(264) Survivor regions: 0->0(0)
[2026-03-19T10:51:29.363+0800][9.430s][info][gc,heap        ] GC(264) Old regions: 61->61
[2026-03-19T10:51:29.363+0800][9.430s][info][gc,heap        ] GC(264) Archive regions: 0->0
[2026-03-19T10:51:29.363+0800][9.430s][info][gc,heap        ] GC(264) Humongous regions: 3->3
[2026-03-19T10:51:29.363+0800][9.430s][info][gc,metaspace   ] GC(264) Metaspace: 5779K(6144K)->5779K(6144K) NonClass: 5145K(5376K)->5145K(5376K) Class: 633K(768K)->633K(768K)
[2026-03-19T10:51:29.363+0800][9.430s][info][gc             ] GC(264) Pause Full (G1 Compaction Pause) 63M->63M(64M) 36.293ms
[2026-03-19T10:51:29.363+0800][9.430s][info][gc,cpu         ] GC(264) User=0.03s Sys=0.02s Real=0.04s
[2026-03-19T10:51:29.364+0800][9.430s][info][gc,ergo        ] Attempting maximum full compaction clearing soft references
[2026-03-19T10:51:29.364+0800][9.430s][info][gc,task        ] GC(265) Using 2 workers of 13 for full compaction
[2026-03-19T10:51:29.364+0800][9.430s][info][gc,start       ] GC(265) Pause Full (G1 Compaction Pause)
[2026-03-19T10:51:29.364+0800][9.430s][info][gc,phases,start] GC(265) Phase 1: Mark live objects
[2026-03-19T10:51:29.388+0800][9.455s][info][gc,phases      ] GC(265) Phase 1: Mark live objects 24.343ms
[2026-03-19T10:51:29.388+0800][9.455s][info][gc,phases,start] GC(265) Phase 2: Prepare for compaction
[2026-03-19T10:51:29.397+0800][9.464s][info][gc,phases      ] GC(265) Phase 2: Prepare for compaction 8.778ms
[2026-03-19T10:51:29.397+0800][9.464s][info][gc,phases,start] GC(265) Phase 3: Adjust pointers
[2026-03-19T10:51:29.409+0800][9.477s][info][gc,phases      ] GC(265) Phase 3: Adjust pointers 13.055ms
[2026-03-19T10:51:29.410+0800][9.477s][info][gc,phases,start] GC(265) Phase 4: Compact heap
[2026-03-19T10:51:29.420+0800][9.488s][info][gc,phases      ] GC(265) Phase 4: Compact heap 10.226ms
[2026-03-19T10:51:29.422+0800][9.489s][info][gc,heap        ] GC(265) Eden regions: 0->0(3)
[2026-03-19T10:51:29.422+0800][9.489s][info][gc,heap        ] GC(265) Survivor regions: 0->0(0)
[2026-03-19T10:51:29.422+0800][9.489s][info][gc,heap        ] GC(265) Old regions: 61->61
[2026-03-19T10:51:29.422+0800][9.489s][info][gc,heap        ] GC(265) Archive regions: 0->0
[2026-03-19T10:51:29.422+0800][9.489s][info][gc,heap        ] GC(265) Humongous regions: 3->3
[2026-03-19T10:51:29.422+0800][9.489s][info][gc,metaspace   ] GC(265) Metaspace: 5779K(6144K)->5779K(6144K) NonClass: 5145K(5376K)->5145K(5376K) Class: 633K(768K)->633K(768K)
[2026-03-19T10:51:29.422+0800][9.489s][info][gc             ] GC(265) Pause Full (G1 Compaction Pause) 63M->63M(64M) 58.819ms
[2026-03-19T10:51:29.422+0800][9.489s][info][gc,cpu         ] GC(265) User=0.12s Sys=0.00s Real=0.06s
[2026-03-19T10:51:29.422+0800][9.490s][info][gc,marking     ] GC(260) Concurrent Mark Abort
[2026-03-19T10:51:29.423+0800][9.490s][info][gc             ] GC(260) Concurrent Mark Cycle 191.226ms
[2026-03-19T10:51:29.423+0800][9.490s][info][gc,start       ] GC(266) Pause Young (Normal) (G1 Evacuation Pause)
[2026-03-19T10:51:29.423+0800][9.490s][info][gc,task        ] GC(266) Using 2 workers of 13 for evacuation
