[2026-03-16T18:07:23.391+0800][0.060s][info][gc] Using G1
[2026-03-16T18:07:23.394+0800][0.064s][info][gc,init] Version: 17.0.11+7-LTS-207 (release)
[2026-03-16T18:07:23.394+0800][0.064s][info][gc,init] CPUs: 16 total, 16 available
[2026-03-16T18:07:23.394+0800][0.064s][info][gc,init] Memory: 32451M
[2026-03-16T18:07:23.394+0800][0.064s][info][gc,init] Large Page Support: Disabled
[2026-03-16T18:07:23.394+0800][0.064s][info][gc,init] NUMA Support: Disabled
[2026-03-16T18:07:23.394+0800][0.064s][info][gc,init] Compressed Oops: Enabled (32-bit)
[2026-03-16T18:07:23.394+0800][0.064s][info][gc,init] Heap Region Size: 1M
[2026-03-16T18:07:23.394+0800][0.064s][info][gc,init] Heap Min Capacity: 64M
[2026-03-16T18:07:23.394+0800][0.064s][info][gc,init] Heap Initial Capacity: 64M
[2026-03-16T18:07:23.395+0800][0.065s][info][gc,init] Heap Max Capacity: 64M
[2026-03-16T18:07:23.395+0800][0.065s][info][gc,init] Pre-touch: Disabled
[2026-03-16T18:07:23.395+0800][0.065s][info][gc,init] Parallel Workers: 13
[2026-03-16T18:07:23.395+0800][0.065s][info][gc,init] Concurrent Workers: 3
[2026-03-16T18:07:23.395+0800][0.065s][info][gc,init] Concurrent Refinement Workers: 13
[2026-03-16T18:07:23.395+0800][0.065s][info][gc,init] Periodic GC: Disabled
[2026-03-16T18:07:23.411+0800][0.080s][info][gc,metaspace] CDS archive(s) mapped at: [0x000001fc43000000-0x000001fc43bd0000-0x000001fc43bd0000), size 12386304, SharedBaseAddress: 0x000001fc43000000, ArchiveRelocationMode: 1.
[2026-03-16T18:07:23.411+0800][0.081s][info][gc,metaspace] Compressed class space mapped at: 0x000001fc44000000-0x000001fc84000000, reserved size: 1073741824
[2026-03-16T18:07:23.411+0800][0.081s][info][gc,metaspace] Narrow klass base: 0x000001fc43000000, Narrow klass shift: 0, Narrow klass range: 0x100000000
[2026-03-16T18:07:24.211+0800][0.881s][info][gc,start    ] GC(0) Pause Young (Normal) (G1 Evacuation Pause)
[2026-03-16T18:07:24.212+0800][0.882s][info][gc,task     ] GC(0) Using 2 workers of 13 for evacuation
[2026-03-16T18:07:24.225+0800][0.895s][info][gc,phases   ] GC(0)   Pre Evacuate Collection Set: 0.1ms
[2026-03-16T18:07:24.225+0800][0.896s][info][gc,phases   ] GC(0)   Merge Heap Roots: 0.1ms
[2026-03-16T18:07:24.226+0800][0.896s][info][gc,phases   ] GC(0)   Evacuate Collection Set: 10.8ms
[2026-03-16T18:07:24.226+0800][0.896s][info][gc,phases   ] GC(0)   Post Evacuate Collection Set: 2.3ms
[2026-03-16T18:07:24.226+0800][0.896s][info][gc,phases   ] GC(0)   Other: 1.1ms
[2026-03-16T18:07:24.226+0800][0.896s][info][gc,heap     ] GC(0) Eden regions: 23->0(21)
[2026-03-16T18:07:24.226+0800][0.896s][info][gc,heap     ] GC(0) Survivor regions: 0->3(3)
[2026-03-16T18:07:24.226+0800][0.896s][info][gc,heap     ] GC(0) Old regions: 0->5
[2026-03-16T18:07:24.226+0800][0.896s][info][gc,heap     ] GC(0) Archive regions: 0->0
[2026-03-16T18:07:24.226+0800][0.896s][info][gc,heap     ] GC(0) Humongous regions: 0->0
[2026-03-16T18:07:24.226+0800][0.896s][info][gc,metaspace] GC(0) Metaspace: 4344K(4544K)->4344K(4544K) NonClass: 3887K(4032K)->3887K(4032K) Class: 457K(512K)->457K(512K)
[2026-03-16T18:07:24.226+0800][0.896s][info][gc          ] GC(0) Pause Young (Normal) (G1 Evacuation Pause) 23M->7M(64M) 15.035ms
[2026-03-16T18:07:24.226+0800][0.896s][info][gc,cpu      ] GC(0) User=0.03s Sys=0.02s Real=0.02s
[2026-03-16T18:07:24.550+0800][1.219s][info][gc,start    ] GC(1) Pause Young (Normal) (G1 Evacuation Pause)
[2026-03-16T18:07:24.550+0800][1.220s][info][gc,task     ] GC(1) Using 2 workers of 13 for evacuation
[2026-03-16T18:07:24.563+0800][1.232s][info][gc,phases   ] GC(1)   Pre Evacuate Collection Set: 0.1ms
[2026-03-16T18:07:24.563+0800][1.232s][info][gc,phases   ] GC(1)   Merge Heap Roots: 0.1ms
[2026-03-16T18:07:24.563+0800][1.232s][info][gc,phases   ] GC(1)   Evacuate Collection Set: 11.3ms
[2026-03-16T18:07:24.563+0800][1.233s][info][gc,phases   ] GC(1)   Post Evacuate Collection Set: 0.8ms
[2026-03-16T18:07:24.563+0800][1.233s][info][gc,phases   ] GC(1)   Other: 0.8ms
[2026-03-16T18:07:24.563+0800][1.233s][info][gc,heap     ] GC(1) Eden regions: 21->0(20)
[2026-03-16T18:07:24.564+0800][1.233s][info][gc,heap     ] GC(1) Survivor regions: 3->3(3)
[2026-03-16T18:07:24.564+0800][1.233s][info][gc,heap     ] GC(1) Old regions: 5->10
[2026-03-16T18:07:24.564+0800][1.233s][info][gc,heap     ] GC(1) Archive regions: 0->0
[2026-03-16T18:07:24.564+0800][1.233s][info][gc,heap     ] GC(1) Humongous regions: 0->0
[2026-03-16T18:07:24.564+0800][1.233s][info][gc,metaspace] GC(1) Metaspace: 5278K(5504K)->5278K(5504K) NonClass: 4709K(4800K)->4709K(4800K) Class: 569K(704K)->569K(704K)
[2026-03-16T18:07:24.564+0800][1.234s][info][gc          ] GC(1) Pause Young (Normal) (G1 Evacuation Pause) 28M->12M(64M) 14.498ms
[2026-03-16T18:07:24.564+0800][1.234s][info][gc,cpu      ] GC(1) User=0.02s Sys=0.03s Real=0.01s
[2026-03-16T18:07:24.835+0800][1.504s][info][gc,start    ] GC(2) Pause Young (Normal) (G1 Evacuation Pause)
[2026-03-16T18:07:24.835+0800][1.504s][info][gc,task     ] GC(2) Using 2 workers of 13 for evacuation
[2026-03-16T18:07:24.843+0800][1.513s][info][gc,phases   ] GC(2)   Pre Evacuate Collection Set: 0.1ms
[2026-03-16T18:07:24.844+0800][1.513s][info][gc,phases   ] GC(2)   Merge Heap Roots: 0.1ms
[2026-03-16T18:07:24.844+0800][1.513s][info][gc,phases   ] GC(2)   Evacuate Collection Set: 8.0ms
[2026-03-16T18:07:24.844+0800][1.513s][info][gc,phases   ] GC(2)   Post Evacuate Collection Set: 0.4ms
[2026-03-16T18:07:24.844+0800][1.513s][info][gc,phases   ] GC(2)   Other: 0.3ms
[2026-03-16T18:07:24.844+0800][1.513s][info][gc,heap     ] GC(2) Eden regions: 20->0(19)
[2026-03-16T18:07:24.844+0800][1.513s][info][gc,heap     ] GC(2) Survivor regions: 3->3(3)
[2026-03-16T18:07:24.844+0800][1.514s][info][gc,heap     ] GC(2) Old regions: 10->15
[2026-03-16T18:07:24.844+0800][1.514s][info][gc,heap     ] GC(2) Archive regions: 0->0
[2026-03-16T18:07:24.844+0800][1.514s][info][gc,heap     ] GC(2) Humongous regions: 1->1
[2026-03-16T18:07:24.844+0800][1.514s][info][gc,metaspace] GC(2) Metaspace: 5858K(6080K)->5858K(6080K) NonClass: 5204K(5312K)->5204K(5312K) Class: 654K(768K)->654K(768K)
[2026-03-16T18:07:24.844+0800][1.514s][info][gc          ] GC(2) Pause Young (Normal) (G1 Evacuation Pause) 33M->19M(64M) 9.581ms
[2026-03-16T18:07:24.844+0800][1.514s][info][gc,cpu      ] GC(2) User=0.00s Sys=0.00s Real=0.01s
[2026-03-16T18:07:25.157+0800][1.827s][info][gc,start    ] GC(3) Pause Young (Normal) (G1 Evacuation Pause)
[2026-03-16T18:07:25.157+0800][1.827s][info][gc,task     ] GC(3) Using 2 workers of 13 for evacuation
[2026-03-16T18:07:25.164+0800][1.833s][info][gc,phases   ] GC(3)   Pre Evacuate Collection Set: 0.1ms
[2026-03-16T18:07:25.164+0800][1.833s][info][gc,phases   ] GC(3)   Merge Heap Roots: 0.1ms
[2026-03-16T18:07:25.164+0800][1.833s][info][gc,phases   ] GC(3)   Evacuate Collection Set: 5.7ms
[2026-03-16T18:07:25.164+0800][1.834s][info][gc,phases   ] GC(3)   Post Evacuate Collection Set: 0.3ms
[2026-03-16T18:07:25.164+0800][1.834s][info][gc,phases   ] GC(3)   Other: 0.6ms
[2026-03-16T18:07:25.164+0800][1.834s][info][gc,heap     ] GC(3) Eden regions: 19->0(17)
[2026-03-16T18:07:25.164+0800][1.834s][info][gc,heap     ] GC(3) Survivor regions: 3->3(3)
[2026-03-16T18:07:25.164+0800][1.834s][info][gc,heap     ] GC(3) Old regions: 15->21
[2026-03-16T18:07:25.164+0800][1.834s][info][gc,heap     ] GC(3) Archive regions: 0->0
[2026-03-16T18:07:25.164+0800][1.834s][info][gc,heap     ] GC(3) Humongous regions: 1->1
[2026-03-16T18:07:25.164+0800][1.834s][info][gc,metaspace] GC(3) Metaspace: 5860K(6080K)->5860K(6080K) NonClass: 5206K(5312K)->5206K(5312K) Class: 654K(768K)->654K(768K)
[2026-03-16T18:07:25.164+0800][1.834s][info][gc          ] GC(3) Pause Young (Normal) (G1 Evacuation Pause) 38M->24M(64M) 7.145ms
[2026-03-16T18:07:25.164+0800][1.834s][info][gc,cpu      ] GC(3) User=0.00s Sys=0.03s Real=0.01s
[2026-03-16T18:07:25.421+0800][2.091s][info][gc,start    ] GC(4) Pause Young (Normal) (G1 Evacuation Pause)
[2026-03-16T18:07:25.421+0800][2.091s][info][gc,task     ] GC(4) Using 2 workers of 13 for evacuation
[2026-03-16T18:07:25.429+0800][2.098s][info][gc,phases   ] GC(4)   Pre Evacuate Collection Set: 0.2ms
[2026-03-16T18:07:25.429+0800][2.098s][info][gc,phases   ] GC(4)   Merge Heap Roots: 0.1ms
[2026-03-16T18:07:25.429+0800][2.099s][info][gc,phases   ] GC(4)   Evacuate Collection Set: 5.9ms
[2026-03-16T18:07:25.429+0800][2.099s][info][gc,phases   ] GC(4)   Post Evacuate Collection Set: 0.7ms
[2026-03-16T18:07:25.429+0800][2.099s][info][gc,phases   ] GC(4)   Other: 0.2ms
[2026-03-16T18:07:25.429+0800][2.099s][info][gc,heap     ] GC(4) Eden regions: 17->0(15)
[2026-03-16T18:07:25.429+0800][2.099s][info][gc,heap     ] GC(4) Survivor regions: 3->3(3)
[2026-03-16T18:07:25.429+0800][2.099s][info][gc,heap     ] GC(4) Old regions: 21->26
[2026-03-16T18:07:25.429+0800][2.099s][info][gc,heap     ] GC(4) Archive regions: 0->0
[2026-03-16T18:07:25.429+0800][2.099s][info][gc,heap     ] GC(4) Humongous regions: 2->2
[2026-03-16T18:07:25.429+0800][2.099s][info][gc,metaspace] GC(4) Metaspace: 5860K(6080K)->5860K(6080K) NonClass: 5206K(5312K)->5206K(5312K) Class: 654K(768K)->654K(768K)
[2026-03-16T18:07:25.429+0800][2.099s][info][gc          ] GC(4) Pause Young (Normal) (G1 Evacuation Pause) 42M->31M(64M) 7.408ms
[2026-03-16T18:07:25.429+0800][2.099s][info][gc,cpu      ] GC(4) User=0.00s Sys=0.05s Real=0.01s
[2026-03-16T18:07:25.686+0800][2.356s][info][gc,start    ] GC(5) Pause Young (Normal) (G1 Evacuation Pause)
[2026-03-16T18:07:25.686+0800][2.356s][info][gc,task     ] GC(5) Using 2 workers of 13 for evacuation
[2026-03-16T18:07:25.693+0800][2.362s][info][gc,phases   ] GC(5)   Pre Evacuate Collection Set: 0.1ms
[2026-03-16T18:07:25.693+0800][2.362s][info][gc,phases   ] GC(5)   Merge Heap Roots: 0.0ms
[2026-03-16T18:07:25.693+0800][2.362s][info][gc,phases   ] GC(5)   Evacuate Collection Set: 6.1ms
[2026-03-16T18:07:25.693+0800][2.363s][info][gc,phases   ] GC(5)   Post Evacuate Collection Set: 0.2ms
[2026-03-16T18:07:25.693+0800][2.363s][info][gc,phases   ] GC(5)   Other: 0.3ms
[2026-03-16T18:07:25.693+0800][2.363s][info][gc,heap     ] GC(5) Eden regions: 15->0(12)
[2026-03-16T18:07:25.693+0800][2.363s][info][gc,heap     ] GC(5) Survivor regions: 3->3(3)
[2026-03-16T18:07:25.693+0800][2.363s][info][gc,heap     ] GC(5) Old regions: 26->31
[2026-03-16T18:07:25.693+0800][2.363s][info][gc,heap     ] GC(5) Archive regions: 0->0
[2026-03-16T18:07:25.693+0800][2.363s][info][gc,heap     ] GC(5) Humongous regions: 2->2
[2026-03-16T18:07:25.693+0800][2.363s][info][gc,metaspace] GC(5) Metaspace: 5861K(6080K)->5861K(6080K) NonClass: 5206K(5312K)->5206K(5312K) Class: 654K(768K)->654K(768K)
[2026-03-16T18:07:25.693+0800][2.363s][info][gc          ] GC(5) Pause Young (Normal) (G1 Evacuation Pause) 46M->35M(64M) 7.056ms
[2026-03-16T18:07:25.693+0800][2.363s][info][gc,cpu      ] GC(5) User=0.03s Sys=0.02s Real=0.01s
[2026-03-16T18:07:25.763+0800][2.433s][info][gc,start    ] GC(6) Pause Young (Concurrent Start) (G1 Humongous Allocation)
[2026-03-16T18:07:25.763+0800][2.433s][info][gc,task     ] GC(6) Using 2 workers of 13 for evacuation
[2026-03-16T18:07:25.766+0800][2.437s][info][gc,phases   ] GC(6)   Pre Evacuate Collection Set: 0.1ms
[2026-03-16T18:07:25.766+0800][2.437s][info][gc,phases   ] GC(6)   Merge Heap Roots: 0.1ms
[2026-03-16T18:07:25.768+0800][2.437s][info][gc,phases   ] GC(6)   Evacuate Collection Set: 3.0ms
[2026-03-16T18:07:25.768+0800][2.437s][info][gc,phases   ] GC(6)   Post Evacuate Collection Set: 0.4ms
[2026-03-16T18:07:25.768+0800][2.437s][info][gc,phases   ] GC(6)   Other: 0.4ms
[2026-03-16T18:07:25.768+0800][2.437s][info][gc,heap     ] GC(6) Eden regions: 4->0(11)
[2026-03-16T18:07:25.768+0800][2.437s][info][gc,heap     ] GC(6) Survivor regions: 3->2(2)
[2026-03-16T18:07:25.768+0800][2.437s][info][gc,heap     ] GC(6) Old regions: 31->34
[2026-03-16T18:07:25.768+0800][2.437s][info][gc,heap     ] GC(6) Archive regions: 0->0
[2026-03-16T18:07:25.768+0800][2.437s][info][gc,heap     ] GC(6) Humongous regions: 2->2
[2026-03-16T18:07:25.768+0800][2.437s][info][gc,metaspace] GC(6) Metaspace: 5861K(6080K)->5861K(6080K) NonClass: 5206K(5312K)->5206K(5312K) Class: 654K(768K)->654K(768K)
[2026-03-16T18:07:25.768+0800][2.437s][info][gc          ] GC(6) Pause Young (Concurrent Start) (G1 Humongous Allocation) 39M->37M(64M) 4.486ms
[2026-03-16T18:07:25.768+0800][2.437s][info][gc,cpu      ] GC(6) User=0.00s Sys=0.05s Real=0.00s
[2026-03-16T18:07:25.768+0800][2.438s][info][gc          ] GC(7) Concurrent Mark Cycle
[2026-03-16T18:07:25.768+0800][2.438s][info][gc,marking  ] GC(7) Concurrent Clear Claimed Marks
[2026-03-16T18:07:25.768+0800][2.438s][info][gc,marking  ] GC(7) Concurrent Clear Claimed Marks 0.073ms
[2026-03-16T18:07:25.768+0800][2.438s][info][gc,marking  ] GC(7) Concurrent Scan Root Regions
[2026-03-16T18:07:25.770+0800][2.440s][info][gc,marking  ] GC(7) Concurrent Scan Root Regions 1.709ms
[2026-03-16T18:07:25.770+0800][2.440s][info][gc,marking  ] GC(7) Concurrent Mark
[2026-03-16T18:07:25.770+0800][2.440s][info][gc,marking  ] GC(7) Concurrent Mark From Roots
[2026-03-16T18:07:25.770+0800][2.440s][info][gc,task     ] GC(7) Using 3 workers of 3 for marking
[2026-03-16T18:07:25.777+0800][2.447s][info][gc,marking  ] GC(7) Concurrent Mark From Roots 7.420ms
[2026-03-16T18:07:25.777+0800][2.447s][info][gc,marking  ] GC(7) Concurrent Preclean
[2026-03-16T18:07:25.778+0800][2.447s][info][gc,marking  ] GC(7) Concurrent Preclean 0.145ms
[2026-03-16T18:07:25.778+0800][2.448s][info][gc,start    ] GC(7) Pause Remark
[2026-03-16T18:07:25.780+0800][2.450s][info][gc          ] GC(7) Pause Remark 43M->42M(64M) 2.204ms
[2026-03-16T18:07:25.780+0800][2.450s][info][gc,cpu      ] GC(7) User=0.00s Sys=0.00s Real=0.00s
[2026-03-16T18:07:25.780+0800][2.450s][info][gc,marking  ] GC(7) Concurrent Mark 10.513ms
[2026-03-16T18:07:25.780+0800][2.450s][info][gc,marking  ] GC(7) Concurrent Rebuild Remembered Sets
[2026-03-16T18:07:25.787+0800][2.456s][info][gc,marking  ] GC(7) Concurrent Rebuild Remembered Sets 6.176ms
[2026-03-16T18:07:25.787+0800][2.457s][info][gc,start    ] GC(7) Pause Cleanup
[2026-03-16T18:07:25.788+0800][2.457s][info][gc          ] GC(7) Pause Cleanup 42M->42M(64M) 0.268ms
[2026-03-16T18:07:25.788+0800][2.457s][info][gc,cpu      ] GC(7) User=0.00s Sys=0.00s Real=0.00s
[2026-03-16T18:07:25.788+0800][2.457s][info][gc,marking  ] GC(7) Concurrent Cleanup for Next Mark
[2026-03-16T18:07:25.788+0800][2.458s][info][gc,marking  ] GC(7) Concurrent Cleanup for Next Mark 0.626ms
[2026-03-16T18:07:25.788+0800][2.458s][info][gc          ] GC(7) Concurrent Mark Cycle 20.433ms
[2026-03-16T18:07:25.926+0800][2.596s][info][gc,start    ] GC(8) Pause Young (Normal) (G1 Evacuation Pause)
[2026-03-16T18:07:25.927+0800][2.596s][info][gc,task     ] GC(8) Using 2 workers of 13 for evacuation
[2026-03-16T18:07:25.935+0800][2.604s][info][gc,phases   ] GC(8)   Pre Evacuate Collection Set: 0.7ms
[2026-03-16T18:07:25.935+0800][2.604s][info][gc,phases   ] GC(8)   Merge Heap Roots: 0.3ms
[2026-03-16T18:07:25.935+0800][2.604s][info][gc,phases   ] GC(8)   Evacuate Collection Set: 5.7ms
[2026-03-16T18:07:25.935+0800][2.604s][info][gc,phases   ] GC(8)   Post Evacuate Collection Set: 0.8ms
[2026-03-16T18:07:25.935+0800][2.604s][info][gc,phases   ] GC(8)   Other: 0.9ms
[2026-03-16T18:07:25.935+0800][2.605s][info][gc,heap     ] GC(8) Eden regions: 11->0(9)
[2026-03-16T18:07:25.935+0800][2.605s][info][gc,heap     ] GC(8) Survivor regions: 2->2(2)
[2026-03-16T18:07:25.935+0800][2.605s][info][gc,heap     ] GC(8) Old regions: 34->36
[2026-03-16T18:07:25.935+0800][2.605s][info][gc,heap     ] GC(8) Archive regions: 0->0
[2026-03-16T18:07:25.935+0800][2.605s][info][gc,heap     ] GC(8) Humongous regions: 3->3
[2026-03-16T18:07:25.936+0800][2.605s][info][gc,metaspace] GC(8) Metaspace: 5861K(6080K)->5861K(6080K) NonClass: 5206K(5312K)->5206K(5312K) Class: 654K(768K)->654K(768K)
[2026-03-16T18:07:25.936+0800][2.605s][info][gc          ] GC(8) Pause Young (Normal) (G1 Evacuation Pause) 49M->40M(64M) 9.596ms
[2026-03-16T18:07:25.936+0800][2.605s][info][gc,cpu      ] GC(8) User=0.00s Sys=0.00s Real=0.01s
[2026-03-16T18:07:26.096+0800][2.766s][info][gc,start    ] GC(9) Pause Young (Concurrent Start) (G1 Evacuation Pause)
[2026-03-16T18:07:26.097+0800][2.767s][info][gc,task     ] GC(9) Using 2 workers of 13 for evacuation
[2026-03-16T18:07:26.102+0800][2.772s][info][gc,phases   ] GC(9)   Pre Evacuate Collection Set: 0.1ms
[2026-03-16T18:07:26.102+0800][2.772s][info][gc,phases   ] GC(9)   Merge Heap Roots: 0.1ms
[2026-03-16T18:07:26.102+0800][2.772s][info][gc,phases   ] GC(9)   Evacuate Collection Set: 4.2ms
[2026-03-16T18:07:26.102+0800][2.772s][info][gc,phases   ] GC(9)   Post Evacuate Collection Set: 0.4ms
[2026-03-16T18:07:26.102+0800][2.772s][info][gc,phases   ] GC(9)   Other: 0.9ms
[2026-03-16T18:07:26.103+0800][2.772s][info][gc,heap     ] GC(9) Eden regions: 9->0(7)
[2026-03-16T18:07:26.103+0800][2.773s][info][gc,heap     ] GC(9) Survivor regions: 2->2(2)
[2026-03-16T18:07:26.103+0800][2.773s][info][gc,heap     ] GC(9) Old regions: 36->39
[2026-03-16T18:07:26.103+0800][2.773s][info][gc,heap     ] GC(9) Archive regions: 0->0
[2026-03-16T18:07:26.103+0800][2.773s][info][gc,heap     ] GC(9) Humongous regions: 3->3
[2026-03-16T18:07:26.103+0800][2.773s][info][gc,metaspace] GC(9) Metaspace: 5861K(6080K)->5861K(6080K) NonClass: 5206K(5312K)->5206K(5312K) Class: 654K(768K)->654K(768K)
[2026-03-16T18:07:26.103+0800][2.773s][info][gc          ] GC(9) Pause Young (Concurrent Start) (G1 Evacuation Pause) 49M->43M(64M) 6.674ms
[2026-03-16T18:07:26.103+0800][2.773s][info][gc,cpu      ] GC(9) User=0.00s Sys=0.00s Real=0.01s
[2026-03-16T18:07:26.103+0800][2.773s][info][gc          ] GC(10) Concurrent Mark Cycle
[2026-03-16T18:07:26.104+0800][2.773s][info][gc,marking  ] GC(10) Concurrent Clear Claimed Marks
[2026-03-16T18:07:26.104+0800][2.774s][info][gc,marking  ] GC(10) Concurrent Clear Claimed Marks 0.186ms
[2026-03-16T18:07:26.104+0800][2.774s][info][gc,marking  ] GC(10) Concurrent Scan Root Regions
[2026-03-16T18:07:26.105+0800][2.775s][info][gc,marking  ] GC(10) Concurrent Scan Root Regions 1.328ms
[2026-03-16T18:07:26.105+0800][2.775s][info][gc,marking  ] GC(10) Concurrent Mark
[2026-03-16T18:07:26.105+0800][2.775s][info][gc,marking  ] GC(10) Concurrent Mark From Roots
[2026-03-16T18:07:26.105+0800][2.775s][info][gc,task     ] GC(10) Using 3 workers of 3 for marking
[2026-03-16T18:07:26.119+0800][2.789s][info][gc,marking  ] GC(10) Concurrent Mark From Roots 13.330ms
[2026-03-16T18:07:26.119+0800][2.789s][info][gc,marking  ] GC(10) Concurrent Preclean
[2026-03-16T18:07:26.120+0800][2.789s][info][gc,marking  ] GC(10) Concurrent Preclean 0.255ms
[2026-03-16T18:07:26.120+0800][2.789s][info][gc,start    ] GC(10) Pause Remark
[2026-03-16T18:07:26.122+0800][2.791s][info][gc          ] GC(10) Pause Remark 44M->43M(64M) 1.669ms
[2026-03-16T18:07:26.122+0800][2.791s][info][gc,cpu      ] GC(10) User=0.00s Sys=0.00s Real=0.00s
[2026-03-16T18:07:26.122+0800][2.791s][info][gc,marking  ] GC(10) Concurrent Mark 16.101ms
[2026-03-16T18:07:26.122+0800][2.791s][info][gc,marking  ] GC(10) Concurrent Rebuild Remembered Sets
[2026-03-16T18:07:26.129+0800][2.799s][info][gc,marking  ] GC(10) Concurrent Rebuild Remembered Sets 8.009ms
[2026-03-16T18:07:26.130+0800][2.800s][info][gc,start    ] GC(10) Pause Cleanup
[2026-03-16T18:07:26.130+0800][2.800s][info][gc          ] GC(10) Pause Cleanup 43M->43M(64M) 0.250ms
[2026-03-16T18:07:26.130+0800][2.800s][info][gc,cpu      ] GC(10) User=0.00s Sys=0.00s Real=0.00s
[2026-03-16T18:07:26.130+0800][2.800s][info][gc,marking  ] GC(10) Concurrent Cleanup for Next Mark
[2026-03-16T18:07:26.131+0800][2.801s][info][gc,marking  ] GC(10) Concurrent Cleanup for Next Mark 0.647ms
[2026-03-16T18:07:26.131+0800][2.801s][info][gc          ] GC(10) Concurrent Mark Cycle 27.744ms
[2026-03-16T18:07:26.233+0800][2.904s][info][gc,start    ] GC(11) Pause Young (Normal) (G1 Evacuation Pause)
[2026-03-16T18:07:26.234+0800][2.904s][info][gc,task     ] GC(11) Using 2 workers of 13 for evacuation
[2026-03-16T18:07:26.241+0800][2.911s][info][gc,phases   ] GC(11)   Pre Evacuate Collection Set: 0.1ms
[2026-03-16T18:07:26.241+0800][2.911s][info][gc,phases   ] GC(11)   Merge Heap Roots: 0.1ms
[2026-03-16T18:07:26.241+0800][2.911s][info][gc,phases   ] GC(11)   Evacuate Collection Set: 6.0ms
[2026-03-16T18:07:26.241+0800][2.911s][info][gc,phases   ] GC(11)   Post Evacuate Collection Set: 0.6ms
[2026-03-16T18:07:26.241+0800][2.911s][info][gc,phases   ] GC(11)   Other: 0.4ms
[2026-03-16T18:07:26.241+0800][2.911s][info][gc,heap     ] GC(11) Eden regions: 7->0(7)
[2026-03-16T18:07:26.241+0800][2.912s][info][gc,heap     ] GC(11) Survivor regions: 2->2(2)
[2026-03-16T18:07:26.241+0800][2.912s][info][gc,heap     ] GC(11) Old regions: 39->41
[2026-03-16T18:07:26.242+0800][2.912s][info][gc,heap     ] GC(11) Archive regions: 0->0
[2026-03-16T18:07:26.242+0800][2.912s][info][gc,heap     ] GC(11) Humongous regions: 2->2
[2026-03-16T18:07:26.242+0800][2.912s][info][gc,metaspace] GC(11) Metaspace: 5861K(6080K)->5861K(6080K) NonClass: 5206K(5312K)->5206K(5312K) Class: 654K(768K)->654K(768K)
[2026-03-16T18:07:26.242+0800][2.912s][info][gc          ] GC(11) Pause Young (Normal) (G1 Evacuation Pause) 49M->44M(64M) 8.354ms
[2026-03-16T18:07:26.242+0800][2.912s][info][gc,cpu      ] GC(11) User=0.03s Sys=0.02s Real=0.01s
[2026-03-16T18:07:26.371+0800][3.041s][info][gc,start    ] GC(12) Pause Young (Concurrent Start) (G1 Evacuation Pause)
[2026-03-16T18:07:26.372+0800][3.041s][info][gc,task     ] GC(12) Using 2 workers of 13 for evacuation
[2026-03-16T18:07:26.374+0800][3.044s][info][gc,phases   ] GC(12)   Pre Evacuate Collection Set: 0.1ms
[2026-03-16T18:07:26.374+0800][3.045s][info][gc,phases   ] GC(12)   Merge Heap Roots: 0.1ms
[2026-03-16T18:07:26.374+0800][3.045s][info][gc,phases   ] GC(12)   Evacuate Collection Set: 2.3ms
[2026-03-16T18:07:26.375+0800][3.045s][info][gc,phases   ] GC(12)   Post Evacuate Collection Set: 0.4ms
[2026-03-16T18:07:26.375+0800][3.045s][info][gc,phases   ] GC(12)   Other: 0.5ms
[2026-03-16T18:07:26.375+0800][3.045s][info][gc,heap     ] GC(12) Eden regions: 7->0(5)
[2026-03-16T18:07:26.375+0800][3.045s][info][gc,heap     ] GC(12) Survivor regions: 2->2(2)
[2026-03-16T18:07:26.375+0800][3.045s][info][gc,heap     ] GC(12) Old regions: 41->43
[2026-03-16T18:07:26.375+0800][3.045s][info][gc,heap     ] GC(12) Archive regions: 0->0
[2026-03-16T18:07:26.375+0800][3.045s][info][gc,heap     ] GC(12) Humongous regions: 2->2
[2026-03-16T18:07:26.375+0800][3.045s][info][gc,metaspace] GC(12) Metaspace: 5861K(6080K)->5861K(6080K) NonClass: 5206K(5312K)->5206K(5312K) Class: 654K(768K)->654K(768K)
[2026-03-16T18:07:26.375+0800][3.045s][info][gc          ] GC(12) Pause Young (Concurrent Start) (G1 Evacuation Pause) 51M->47M(64M) 3.831ms
[2026-03-16T18:07:26.375+0800][3.045s][info][gc,cpu      ] GC(12) User=0.00s Sys=0.00s Real=0.00s
[2026-03-16T18:07:26.375+0800][3.045s][info][gc          ] GC(13) Concurrent Mark Cycle
[2026-03-16T18:07:26.375+0800][3.045s][info][gc,marking  ] GC(13) Concurrent Clear Claimed Marks
[2026-03-16T18:07:26.375+0800][3.045s][info][gc,marking  ] GC(13) Concurrent Clear Claimed Marks 0.029ms
[2026-03-16T18:07:26.375+0800][3.045s][info][gc,marking  ] GC(13) Concurrent Scan Root Regions
[2026-03-16T18:07:26.375+0800][3.046s][info][gc,marking  ] GC(13) Concurrent Scan Root Regions 0.491ms
[2026-03-16T18:07:26.376+0800][3.046s][info][gc,marking  ] GC(13) Concurrent Mark
[2026-03-16T18:07:26.376+0800][3.046s][info][gc,marking  ] GC(13) Concurrent Mark From Roots
[2026-03-16T18:07:26.376+0800][3.046s][info][gc,task     ] GC(13) Using 3 workers of 3 for marking
[2026-03-16T18:07:26.388+0800][3.058s][info][gc,marking  ] GC(13) Concurrent Mark From Roots 12.129ms
[2026-03-16T18:07:26.388+0800][3.058s][info][gc,marking  ] GC(13) Concurrent Preclean
[2026-03-16T18:07:26.389+0800][3.058s][info][gc,marking  ] GC(13) Concurrent Preclean 0.177ms
[2026-03-16T18:07:26.389+0800][3.059s][info][gc,start    ] GC(13) Pause Remark
[2026-03-16T18:07:26.392+0800][3.061s][info][gc          ] GC(13) Pause Remark 51M->51M(64M) 2.789ms
[2026-03-16T18:07:26.392+0800][3.062s][info][gc,cpu      ] GC(13) User=0.03s Sys=0.02s Real=0.00s
[2026-03-16T18:07:26.392+0800][3.062s][info][gc,marking  ] GC(13) Concurrent Mark 15.924ms
[2026-03-16T18:07:26.392+0800][3.062s][info][gc,marking  ] GC(13) Concurrent Rebuild Remembered Sets
[2026-03-16T18:07:26.400+0800][3.069s][info][gc,marking  ] GC(13) Concurrent Rebuild Remembered Sets 7.701ms
[2026-03-16T18:07:26.400+0800][3.070s][info][gc,start    ] GC(13) Pause Cleanup
[2026-03-16T18:07:26.400+0800][3.070s][info][gc          ] GC(13) Pause Cleanup 51M->51M(64M) 0.263ms
[2026-03-16T18:07:26.400+0800][3.070s][info][gc,cpu      ] GC(13) User=0.00s Sys=0.00s Real=0.00s
[2026-03-16T18:07:26.400+0800][3.070s][info][gc,marking  ] GC(13) Concurrent Cleanup for Next Mark
[2026-03-16T18:07:26.401+0800][3.071s][info][gc,marking  ] GC(13) Concurrent Cleanup for Next Mark 0.432ms
[2026-03-16T18:07:26.401+0800][3.071s][info][gc          ] GC(13) Concurrent Mark Cycle 25.826ms
[2026-03-16T18:07:26.435+0800][3.105s][info][gc,start    ] GC(14) Pause Young (Prepare Mixed) (G1 Evacuation Pause)
[2026-03-16T18:07:26.436+0800][3.105s][info][gc,task     ] GC(14) Using 2 workers of 13 for evacuation
[2026-03-16T18:07:26.438+0800][3.108s][info][gc,phases   ] GC(14)   Pre Evacuate Collection Set: 0.1ms
[2026-03-16T18:07:26.439+0800][3.108s][info][gc,phases   ] GC(14)   Merge Heap Roots: 0.1ms
[2026-03-16T18:07:26.439+0800][3.108s][info][gc,phases   ] GC(14)   Evacuate Collection Set: 2.1ms
[2026-03-16T18:07:26.439+0800][3.108s][info][gc,phases   ] GC(14)   Post Evacuate Collection Set: 0.3ms
[2026-03-16T18:07:26.439+0800][3.108s][info][gc,phases   ] GC(14)   Other: 0.4ms
[2026-03-16T18:07:26.439+0800][3.108s][info][gc,heap     ] GC(14) Eden regions: 5->0(2)
[2026-03-16T18:07:26.439+0800][3.108s][info][gc,heap     ] GC(14) Survivor regions: 2->1(1)
[2026-03-16T18:07:26.439+0800][3.108s][info][gc,heap     ] GC(14) Old regions: 43->46
[2026-03-16T18:07:26.439+0800][3.108s][info][gc,heap     ] GC(14) Archive regions: 0->0
[2026-03-16T18:07:26.439+0800][3.108s][info][gc,heap     ] GC(14) Humongous regions: 2->2
[2026-03-16T18:07:26.439+0800][3.108s][info][gc,metaspace] GC(14) Metaspace: 5861K(6080K)->5861K(6080K) NonClass: 5206K(5312K)->5206K(5312K) Class: 654K(768K)->654K(768K)
[2026-03-16T18:07:26.439+0800][3.108s][info][gc          ] GC(14) Pause Young (Prepare Mixed) (G1 Evacuation Pause) 52M->48M(64M) 3.367ms
[2026-03-16T18:07:26.439+0800][3.108s][info][gc,cpu      ] GC(14) User=0.00s Sys=0.00s Real=0.00s
[2026-03-16T18:07:26.442+0800][3.111s][info][gc,start    ] GC(15) Pause Young (Mixed) (G1 Evacuation Pause)
[2026-03-16T18:07:26.442+0800][3.112s][info][gc,task     ] GC(15) Using 2 workers of 13 for evacuation
[2026-03-16T18:07:26.443+0800][3.113s][info][gc,phases   ] GC(15)   Pre Evacuate Collection Set: 0.1ms
[2026-03-16T18:07:26.444+0800][3.114s][info][gc,phases   ] GC(15)   Merge Heap Roots: 0.1ms
[2026-03-16T18:07:26.444+0800][3.114s][info][gc,phases   ] GC(15)   Evacuate Collection Set: 1.1ms
[2026-03-16T18:07:26.444+0800][3.114s][info][gc,phases   ] GC(15)   Post Evacuate Collection Set: 0.4ms
[2026-03-16T18:07:26.444+0800][3.114s][info][gc,phases   ] GC(15)   Other: 0.3ms
[2026-03-16T18:07:26.444+0800][3.114s][info][gc,heap     ] GC(15) Eden regions: 2->0(4)
[2026-03-16T18:07:26.444+0800][3.114s][info][gc,heap     ] GC(15) Survivor regions: 1->1(1)
[2026-03-16T18:07:26.444+0800][3.114s][info][gc,heap     ] GC(15) Old regions: 46->46
[2026-03-16T18:07:26.444+0800][3.114s][info][gc,heap     ] GC(15) Archive regions: 0->0
[2026-03-16T18:07:26.444+0800][3.114s][info][gc,heap     ] GC(15) Humongous regions: 2->2
[2026-03-16T18:07:26.444+0800][3.114s][info][gc,metaspace] GC(15) Metaspace: 5861K(6080K)->5861K(6080K) NonClass: 5206K(5312K)->5206K(5312K) Class: 654K(768K)->654K(768K)
[2026-03-16T18:07:26.444+0800][3.114s][info][gc          ] GC(15) Pause Young (Mixed) (G1 Evacuation Pause) 50M->48M(64M) 2.636ms
[2026-03-16T18:07:26.444+0800][3.114s][info][gc,cpu      ] GC(15) User=0.00s Sys=0.00s Real=0.00s
[2026-03-16T18:07:26.518+0800][3.188s][info][gc,start    ] GC(16) Pause Young (Concurrent Start) (G1 Evacuation Pause)
[2026-03-16T18:07:26.518+0800][3.188s][info][gc,task     ] GC(16) Using 2 workers of 13 for evacuation
[2026-03-16T18:07:26.520+0800][3.190s][info][gc,phases   ] GC(16)   Pre Evacuate Collection Set: 0.1ms
[2026-03-16T18:07:26.520+0800][3.191s][info][gc,phases   ] GC(16)   Merge Heap Roots: 0.2ms
[2026-03-16T18:07:26.521+0800][3.191s][info][gc,phases   ] GC(16)   Evacuate Collection Set: 1.3ms
[2026-03-16T18:07:26.521+0800][3.191s][info][gc,phases   ] GC(16)   Post Evacuate Collection Set: 0.4ms
[2026-03-16T18:07:26.521+0800][3.191s][info][gc,phases   ] GC(16)   Other: 0.5ms
[2026-03-16T18:07:26.521+0800][3.191s][info][gc,heap     ] GC(16) Eden regions: 4->0(3)
[2026-03-16T18:07:26.521+0800][3.191s][info][gc,heap     ] GC(16) Survivor regions: 1->1(1)
[2026-03-16T18:07:26.521+0800][3.191s][info][gc,heap     ] GC(16) Old regions: 46->47
[2026-03-16T18:07:26.521+0800][3.191s][info][gc,heap     ] GC(16) Archive regions: 0->0
[2026-03-16T18:07:26.521+0800][3.191s][info][gc,heap     ] GC(16) Humongous regions: 2->2
[2026-03-16T18:07:26.521+0800][3.191s][info][gc,metaspace] GC(16) Metaspace: 5861K(6080K)->5861K(6080K) NonClass: 5206K(5312K)->5206K(5312K) Class: 654K(768K)->654K(768K)
[2026-03-16T18:07:26.521+0800][3.191s][info][gc          ] GC(16) Pause Young (Concurrent Start) (G1 Evacuation Pause) 52M->49M(64M) 3.089ms
[2026-03-16T18:07:26.521+0800][3.191s][info][gc,cpu      ] GC(16) User=0.00s Sys=0.00s Real=0.00s
[2026-03-16T18:07:26.521+0800][3.191s][info][gc          ] GC(17) Concurrent Mark Cycle
[2026-03-16T18:07:26.521+0800][3.191s][info][gc,marking  ] GC(17) Concurrent Clear Claimed Marks
[2026-03-16T18:07:26.521+0800][3.191s][info][gc,marking  ] GC(17) Concurrent Clear Claimed Marks 0.084ms
[2026-03-16T18:07:26.522+0800][3.192s][info][gc,marking  ] GC(17) Concurrent Scan Root Regions
[2026-03-16T18:07:26.522+0800][3.192s][info][gc,marking  ] GC(17) Concurrent Scan Root Regions 0.400ms
[2026-03-16T18:07:26.522+0800][3.192s][info][gc,marking  ] GC(17) Concurrent Mark
[2026-03-16T18:07:26.522+0800][3.192s][info][gc,marking  ] GC(17) Concurrent Mark From Roots
[2026-03-16T18:07:26.522+0800][3.192s][info][gc,task     ] GC(17) Using 3 workers of 3 for marking
[2026-03-16T18:07:26.534+0800][3.204s][info][gc,marking  ] GC(17) Concurrent Mark From Roots 11.792ms
[2026-03-16T18:07:26.534+0800][3.204s][info][gc,marking  ] GC(17) Concurrent Preclean
[2026-03-16T18:07:26.534+0800][3.204s][info][gc,marking  ] GC(17) Concurrent Preclean 0.271ms
[2026-03-16T18:07:26.535+0800][3.205s][info][gc,start    ] GC(17) Pause Remark
[2026-03-16T18:07:26.536+0800][3.206s][info][gc          ] GC(17) Pause Remark 51M->51M(64M) 1.509ms
[2026-03-16T18:07:26.536+0800][3.206s][info][gc,cpu      ] GC(17) User=0.00s Sys=0.00s Real=0.00s
[2026-03-16T18:07:26.536+0800][3.207s][info][gc,marking  ] GC(17) Concurrent Mark 14.487ms
[2026-03-16T18:07:26.537+0800][3.207s][info][gc,marking  ] GC(17) Concurrent Rebuild Remembered Sets
[2026-03-16T18:07:26.544+0800][3.214s][info][gc,marking  ] GC(17) Concurrent Rebuild Remembered Sets 7.028ms
[2026-03-16T18:07:26.544+0800][3.214s][info][gc,start    ] GC(17) Pause Cleanup
[2026-03-16T18:07:26.544+0800][3.215s][info][gc          ] GC(17) Pause Cleanup 51M->51M(64M) 0.352ms
[2026-03-16T18:07:26.544+0800][3.215s][info][gc,cpu      ] GC(17) User=0.00s Sys=0.00s Real=0.00s
[2026-03-16T18:07:26.545+0800][3.215s][info][gc,marking  ] GC(17) Concurrent Cleanup for Next Mark
[2026-03-16T18:07:26.545+0800][3.215s][info][gc,marking  ] GC(17) Concurrent Cleanup for Next Mark 0.384ms
[2026-03-16T18:07:26.545+0800][3.215s][info][gc          ] GC(17) Concurrent Mark Cycle 24.133ms
[2026-03-16T18:07:26.577+0800][3.246s][info][gc,start    ] GC(18) Pause Young (Prepare Mixed) (G1 Evacuation Pause)
[2026-03-16T18:07:26.577+0800][3.247s][info][gc,task     ] GC(18) Using 2 workers of 13 for evacuation
[2026-03-16T18:07:26.579+0800][3.249s][info][gc,phases   ] GC(18)   Pre Evacuate Collection Set: 0.1ms
[2026-03-16T18:07:26.579+0800][3.249s][info][gc,phases   ] GC(18)   Merge Heap Roots: 0.1ms
[2026-03-16T18:07:26.579+0800][3.249s][info][gc,phases   ] GC(18)   Evacuate Collection Set: 1.7ms
[2026-03-16T18:07:26.579+0800][3.249s][info][gc,phases   ] GC(18)   Post Evacuate Collection Set: 0.5ms
[2026-03-16T18:07:26.580+0800][3.249s][info][gc,phases   ] GC(18)   Other: 0.4ms
[2026-03-16T18:07:26.580+0800][3.249s][info][gc,heap     ] GC(18) Eden regions: 3->0(2)
[2026-03-16T18:07:26.580+0800][3.249s][info][gc,heap     ] GC(18) Survivor regions: 1->1(1)
[2026-03-16T18:07:26.580+0800][3.249s][info][gc,heap     ] GC(18) Old regions: 47->48
[2026-03-16T18:07:26.580+0800][3.250s][info][gc,heap     ] GC(18) Archive regions: 0->0
[2026-03-16T18:07:26.580+0800][3.250s][info][gc,heap     ] GC(18) Humongous regions: 2->2
[2026-03-16T18:07:26.580+0800][3.250s][info][gc,metaspace] GC(18) Metaspace: 5901K(6080K)->5901K(6080K) NonClass: 5239K(5312K)->5239K(5312K) Class: 661K(768K)->661K(768K)
[2026-03-16T18:07:26.580+0800][3.250s][info][gc          ] GC(18) Pause Young (Prepare Mixed) (G1 Evacuation Pause) 52M->50M(64M) 3.214ms
[2026-03-16T18:07:26.580+0800][3.250s][info][gc,cpu      ] GC(18) User=0.00s Sys=0.03s Real=0.00s
[2026-03-16T18:07:26.583+0800][3.253s][info][gc,start    ] GC(19) Pause Young (Mixed) (G1 Evacuation Pause)
[2026-03-16T18:07:26.583+0800][3.253s][info][gc,task     ] GC(19) Using 2 workers of 13 for evacuation
[2026-03-16T18:07:26.588+0800][3.258s][info][gc,phases   ] GC(19)   Pre Evacuate Collection Set: 0.1ms
[2026-03-16T18:07:26.589+0800][3.258s][info][gc,phases   ] GC(19)   Merge Heap Roots: 0.2ms
[2026-03-16T18:07:26.589+0800][3.259s][info][gc,phases   ] GC(19)   Evacuate Collection Set: 3.3ms
[2026-03-16T18:07:26.589+0800][3.259s][info][gc,phases   ] GC(19)   Post Evacuate Collection Set: 0.6ms
[2026-03-16T18:07:26.589+0800][3.259s][info][gc,phases   ] GC(19)   Other: 0.6ms
[2026-03-16T18:07:26.589+0800][3.259s][info][gc,heap     ] GC(19) Eden regions: 2->0(3)
[2026-03-16T18:07:26.589+0800][3.259s][info][gc,heap     ] GC(19) Survivor regions: 1->1(1)
[2026-03-16T18:07:26.589+0800][3.259s][info][gc,heap     ] GC(19) Old regions: 48->48
[2026-03-16T18:07:26.590+0800][3.259s][info][gc,heap     ] GC(19) Archive regions: 0->0
[2026-03-16T18:07:26.590+0800][3.259s][info][gc,heap     ] GC(19) Humongous regions: 2->2
[2026-03-16T18:07:26.590+0800][3.259s][info][gc,metaspace] GC(19) Metaspace: 5901K(6080K)->5901K(6080K) NonClass: 5239K(5312K)->5239K(5312K) Class: 661K(768K)->661K(768K)
[2026-03-16T18:07:26.590+0800][3.259s][info][gc          ] GC(19) Pause Young (Mixed) (G1 Evacuation Pause) 52M->50M(64M) 6.025ms
[2026-03-16T18:07:26.590+0800][3.259s][info][gc,cpu      ] GC(19) User=0.00s Sys=0.00s Real=0.01s
[2026-03-16T18:07:26.652+0800][3.322s][info][gc,start    ] GC(20) Pause Young (Concurrent Start) (G1 Humongous Allocation)
[2026-03-16T18:07:26.652+0800][3.323s][info][gc,task     ] GC(20) Using 2 workers of 13 for evacuation
[2026-03-16T18:07:26.655+0800][3.325s][info][gc,phases   ] GC(20)   Pre Evacuate Collection Set: 0.2ms
[2026-03-16T18:07:26.655+0800][3.325s][info][gc,phases   ] GC(20)   Merge Heap Roots: 0.1ms
[2026-03-16T18:07:26.655+0800][3.325s][info][gc,phases   ] GC(20)   Evacuate Collection Set: 1.0ms
[2026-03-16T18:07:26.655+0800][3.325s][info][gc,phases   ] GC(20)   Post Evacuate Collection Set: 0.7ms
[2026-03-16T18:07:26.655+0800][3.325s][info][gc,phases   ] GC(20)   Other: 0.5ms
[2026-03-16T18:07:26.655+0800][3.325s][info][gc,heap     ] GC(20) Eden regions: 2->0(2)
[2026-03-16T18:07:26.655+0800][3.325s][info][gc,heap     ] GC(20) Survivor regions: 1->1(1)
[2026-03-16T18:07:26.655+0800][3.325s][info][gc,heap     ] GC(20) Old regions: 48->49
[2026-03-16T18:07:26.655+0800][3.325s][info][gc,heap     ] GC(20) Archive regions: 0->0
[2026-03-16T18:07:26.656+0800][3.325s][info][gc,heap     ] GC(20) Humongous regions: 2->2
[2026-03-16T18:07:26.656+0800][3.325s][info][gc,metaspace] GC(20) Metaspace: 5901K(6080K)->5901K(6080K) NonClass: 5239K(5312K)->5239K(5312K) Class: 661K(768K)->661K(768K)
[2026-03-16T18:07:26.656+0800][3.325s][info][gc          ] GC(20) Pause Young (Concurrent Start) (G1 Humongous Allocation) 51M->50M(64M) 3.067ms
[2026-03-16T18:07:26.656+0800][3.325s][info][gc,cpu      ] GC(20) User=0.00s Sys=0.00s Real=0.00s
[2026-03-16T18:07:26.656+0800][3.326s][info][gc          ] GC(21) Concurrent Mark Cycle
[2026-03-16T18:07:26.656+0800][3.326s][info][gc,marking  ] GC(21) Concurrent Clear Claimed Marks
[2026-03-16T18:07:26.656+0800][3.326s][info][gc,marking  ] GC(21) Concurrent Clear Claimed Marks 0.089ms
[2026-03-16T18:07:26.656+0800][3.326s][info][gc,marking  ] GC(21) Concurrent Scan Root Regions
[2026-03-16T18:07:26.656+0800][3.326s][info][gc,marking  ] GC(21) Concurrent Scan Root Regions 0.312ms
[2026-03-16T18:07:26.657+0800][3.326s][info][gc,marking  ] GC(21) Concurrent Mark
[2026-03-16T18:07:26.657+0800][3.326s][info][gc,marking  ] GC(21) Concurrent Mark From Roots
[2026-03-16T18:07:26.657+0800][3.326s][info][gc,task     ] GC(21) Using 3 workers of 3 for marking
[2026-03-16T18:07:26.662+0800][3.332s][info][gc,start    ] GC(22) Pause Young (Normal) (G1 Evacuation Pause)
[2026-03-16T18:07:26.662+0800][3.332s][info][gc,task     ] GC(22) Using 2 workers of 13 for evacuation
[2026-03-16T18:07:26.665+0800][3.335s][info][gc,phases   ] GC(22)   Pre Evacuate Collection Set: 0.1ms
[2026-03-16T18:07:26.665+0800][3.336s][info][gc,phases   ] GC(22)   Merge Heap Roots: 0.2ms
[2026-03-16T18:07:26.665+0800][3.336s][info][gc,phases   ] GC(22)   Evacuate Collection Set: 2.1ms
[2026-03-16T18:07:26.665+0800][3.336s][info][gc,phases   ] GC(22)   Post Evacuate Collection Set: 0.6ms
[2026-03-16T18:07:26.665+0800][3.336s][info][gc,phases   ] GC(22)   Other: 0.4ms
[2026-03-16T18:07:26.665+0800][3.336s][info][gc,heap     ] GC(22) Eden regions: 2->0(2)
[2026-03-16T18:07:26.665+0800][3.336s][info][gc,heap     ] GC(22) Survivor regions: 1->1(1)
[2026-03-16T18:07:26.666+0800][3.336s][info][gc,heap     ] GC(22) Old regions: 49->49
[2026-03-16T18:07:26.666+0800][3.336s][info][gc,heap     ] GC(22) Archive regions: 0->0
[2026-03-16T18:07:26.666+0800][3.336s][info][gc,heap     ] GC(22) Humongous regions: 5->5
[2026-03-16T18:07:26.666+0800][3.336s][info][gc,metaspace] GC(22) Metaspace: 5901K(6080K)->5901K(6080K) NonClass: 5239K(5312K)->5239K(5312K) Class: 661K(768K)->661K(768K)
[2026-03-16T18:07:26.666+0800][3.336s][info][gc          ] GC(22) Pause Young (Normal) (G1 Evacuation Pause) 55M->54M(64M) 4.052ms
[2026-03-16T18:07:26.666+0800][3.336s][info][gc,cpu      ] GC(22) User=0.00s Sys=0.00s Real=0.00s
[2026-03-16T18:07:26.671+0800][3.341s][info][gc,start    ] GC(23) Pause Young (Normal) (G1 Evacuation Pause)
[2026-03-16T18:07:26.671+0800][3.341s][info][gc,task     ] GC(23) Using 2 workers of 13 for evacuation
[2026-03-16T18:07:26.673+0800][3.343s][info][gc,phases   ] GC(23)   Pre Evacuate Collection Set: 0.1ms
[2026-03-16T18:07:26.673+0800][3.343s][info][gc,phases   ] GC(23)   Merge Heap Roots: 0.1ms
[2026-03-16T18:07:26.673+0800][3.343s][info][gc,phases   ] GC(23)   Evacuate Collection Set: 1.1ms
[2026-03-16T18:07:26.673+0800][3.343s][info][gc,phases   ] GC(23)   Post Evacuate Collection Set: 0.3ms
[2026-03-16T18:07:26.673+0800][3.343s][info][gc,phases   ] GC(23)   Other: 0.3ms
[2026-03-16T18:07:26.673+0800][3.343s][info][gc,heap     ] GC(23) Eden regions: 2->0(2)
[2026-03-16T18:07:26.673+0800][3.343s][info][gc,heap     ] GC(23) Survivor regions: 1->1(1)
[2026-03-16T18:07:26.673+0800][3.343s][info][gc,heap     ] GC(23) Old regions: 49->50
[2026-03-16T18:07:26.673+0800][3.343s][info][gc,heap     ] GC(23) Archive regions: 0->0
[2026-03-16T18:07:26.673+0800][3.343s][info][gc,heap     ] GC(23) Humongous regions: 5->5
[2026-03-16T18:07:26.673+0800][3.343s][info][gc,metaspace] GC(23) Metaspace: 5901K(6080K)->5901K(6080K) NonClass: 5239K(5312K)->5239K(5312K) Class: 661K(768K)->661K(768K)
[2026-03-16T18:07:26.673+0800][3.343s][info][gc          ] GC(23) Pause Young (Normal) (G1 Evacuation Pause) 56M->54M(64M) 2.199ms
[2026-03-16T18:07:26.673+0800][3.343s][info][gc,cpu      ] GC(23) User=0.00s Sys=0.03s Real=0.00s
[2026-03-16T18:07:26.676+0800][3.346s][info][gc,marking  ] GC(21) Concurrent Mark From Roots 19.185ms
[2026-03-16T18:07:26.676+0800][3.346s][info][gc,marking  ] GC(21) Concurrent Preclean
[2026-03-16T18:07:26.676+0800][3.346s][info][gc,marking  ] GC(21) Concurrent Preclean 0.137ms
[2026-03-16T18:07:26.676+0800][3.346s][info][gc,start    ] GC(21) Pause Remark
[2026-03-16T18:07:26.678+0800][3.348s][info][gc          ] GC(21) Pause Remark 55M->55M(64M) 1.562ms
[2026-03-16T18:07:26.678+0800][3.348s][info][gc,cpu      ] GC(21) User=0.00s Sys=0.00s Real=0.00s
[2026-03-16T18:07:26.678+0800][3.348s][info][gc,marking  ] GC(21) Concurrent Mark 21.564ms
[2026-03-16T18:07:26.678+0800][3.348s][info][gc,marking  ] GC(21) Concurrent Rebuild Remembered Sets
[2026-03-16T18:07:26.686+0800][3.356s][info][gc,marking  ] GC(21) Concurrent Rebuild Remembered Sets 7.809ms
[2026-03-16T18:07:26.687+0800][3.356s][info][gc,start    ] GC(21) Pause Cleanup
[2026-03-16T18:07:26.687+0800][3.356s][info][gc          ] GC(21) Pause Cleanup 55M->55M(64M) 0.171ms
[2026-03-16T18:07:26.687+0800][3.356s][info][gc,cpu      ] GC(21) User=0.00s Sys=0.00s Real=0.00s
[2026-03-16T18:07:26.687+0800][3.356s][info][gc,marking  ] GC(21) Concurrent Cleanup for Next Mark
[2026-03-16T18:07:26.687+0800][3.357s][info][gc,marking  ] GC(21) Concurrent Cleanup for Next Mark 0.191ms
[2026-03-16T18:07:26.687+0800][3.357s][info][gc          ] GC(21) Concurrent Mark Cycle 31.100ms
[2026-03-16T18:07:26.734+0800][3.404s][info][gc,start    ] GC(24) Pause Young (Normal) (G1 Evacuation Pause)
[2026-03-16T18:07:26.735+0800][3.405s][info][gc,task     ] GC(24) Using 2 workers of 13 for evacuation
[2026-03-16T18:07:26.737+0800][3.406s][info][gc,phases   ] GC(24)   Pre Evacuate Collection Set: 0.1ms
[2026-03-16T18:07:26.737+0800][3.407s][info][gc,phases   ] GC(24)   Merge Heap Roots: 0.1ms
[2026-03-16T18:07:26.737+0800][3.407s][info][gc,phases   ] GC(24)   Evacuate Collection Set: 0.9ms
[2026-03-16T18:07:26.737+0800][3.407s][info][gc,phases   ] GC(24)   Post Evacuate Collection Set: 0.5ms
[2026-03-16T18:07:26.737+0800][3.407s][info][gc,phases   ] GC(24)   Other: 0.7ms
[2026-03-16T18:07:26.737+0800][3.407s][info][gc,heap     ] GC(24) Eden regions: 2->0(2)
[2026-03-16T18:07:26.737+0800][3.407s][info][gc,heap     ] GC(24) Survivor regions: 1->1(1)
[2026-03-16T18:07:26.737+0800][3.407s][info][gc,heap     ] GC(24) Old regions: 50->50
[2026-03-16T18:07:26.737+0800][3.407s][info][gc,heap     ] GC(24) Archive regions: 0->0
[2026-03-16T18:07:26.737+0800][3.407s][info][gc,heap     ] GC(24) Humongous regions: 5->5
[2026-03-16T18:07:26.737+0800][3.407s][info][gc,metaspace] GC(24) Metaspace: 5901K(6080K)->5901K(6080K) NonClass: 5239K(5312K)->5239K(5312K) Class: 661K(768K)->661K(768K)
[2026-03-16T18:07:26.737+0800][3.407s][info][gc          ] GC(24) Pause Young (Normal) (G1 Evacuation Pause) 56M->55M(64M) 2.868ms
[2026-03-16T18:07:26.737+0800][3.407s][info][gc,cpu      ] GC(24) User=0.00s Sys=0.02s Real=0.00s
[2026-03-16T18:07:26.740+0800][3.410s][info][gc,start    ] GC(25) Pause Young (Concurrent Start) (G1 Evacuation Pause)
[2026-03-16T18:07:26.740+0800][3.410s][info][gc,task     ] GC(25) Using 2 workers of 13 for evacuation
[2026-03-16T18:07:26.742+0800][3.412s][info][gc,phases   ] GC(25)   Pre Evacuate Collection Set: 0.1ms
[2026-03-16T18:07:26.742+0800][3.412s][info][gc,phases   ] GC(25)   Merge Heap Roots: 0.2ms
[2026-03-16T18:07:26.742+0800][3.412s][info][gc,phases   ] GC(25)   Evacuate Collection Set: 1.0ms
[2026-03-16T18:07:26.742+0800][3.412s][info][gc,phases   ] GC(25)   Post Evacuate Collection Set: 0.6ms
[2026-03-16T18:07:26.743+0800][3.412s][info][gc,phases   ] GC(25)   Other: 0.2ms
[2026-03-16T18:07:26.743+0800][3.412s][info][gc,heap     ] GC(25) Eden regions: 2->0(2)
[2026-03-16T18:07:26.743+0800][3.412s][info][gc,heap     ] GC(25) Survivor regions: 1->1(1)
[2026-03-16T18:07:26.743+0800][3.412s][info][gc,heap     ] GC(25) Old regions: 50->51
[2026-03-16T18:07:26.743+0800][3.413s][info][gc,heap     ] GC(25) Archive regions: 0->0
[2026-03-16T18:07:26.743+0800][3.413s][info][gc,heap     ] GC(25) Humongous regions: 5->5
[2026-03-16T18:07:26.743+0800][3.413s][info][gc,metaspace] GC(25) Metaspace: 5901K(6080K)->5901K(6080K) NonClass: 5239K(5312K)->5239K(5312K) Class: 661K(768K)->661K(768K)
[2026-03-16T18:07:26.743+0800][3.413s][info][gc          ] GC(25) Pause Young (Concurrent Start) (G1 Evacuation Pause) 57M->56M(64M) 2.809ms
[2026-03-16T18:07:26.743+0800][3.413s][info][gc,cpu      ] GC(25) User=0.00s Sys=0.00s Real=0.00s
[2026-03-16T18:07:26.743+0800][3.413s][info][gc          ] GC(26) Concurrent Mark Cycle
[2026-03-16T18:07:26.743+0800][3.413s][info][gc,marking  ] GC(26) Concurrent Clear Claimed Marks
[2026-03-16T18:07:26.743+0800][3.413s][info][gc,marking  ] GC(26) Concurrent Clear Claimed Marks 0.034ms
[2026-03-16T18:07:26.743+0800][3.413s][info][gc,marking  ] GC(26) Concurrent Scan Root Regions
[2026-03-16T18:07:26.743+0800][3.413s][info][gc,marking  ] GC(26) Concurrent Scan Root Regions 0.198ms
[2026-03-16T18:07:26.744+0800][3.413s][info][gc,marking  ] GC(26) Concurrent Mark
[2026-03-16T18:07:26.744+0800][3.413s][info][gc,marking  ] GC(26) Concurrent Mark From Roots
[2026-03-16T18:07:26.744+0800][3.413s][info][gc,task     ] GC(26) Using 3 workers of 3 for marking
[2026-03-16T18:07:26.756+0800][3.426s][info][gc,marking  ] GC(26) Concurrent Mark From Roots 12.265ms
[2026-03-16T18:07:26.756+0800][3.426s][info][gc,marking  ] GC(26) Concurrent Preclean
[2026-03-16T18:07:26.756+0800][3.426s][info][gc,marking  ] GC(26) Concurrent Preclean 0.220ms
[2026-03-16T18:07:26.756+0800][3.426s][info][gc,start    ] GC(26) Pause Remark
[2026-03-16T18:07:26.758+0800][3.428s][info][gc          ] GC(26) Pause Remark 56M->54M(64M) 1.793ms
[2026-03-16T18:07:26.758+0800][3.428s][info][gc,cpu      ] GC(26) User=0.00s Sys=0.00s Real=0.00s
[2026-03-16T18:07:26.759+0800][3.428s][info][gc,marking  ] GC(26) Concurrent Mark 15.082ms
[2026-03-16T18:07:26.759+0800][3.428s][info][gc,marking  ] GC(26) Concurrent Rebuild Remembered Sets
[2026-03-16T18:07:26.766+0800][3.435s][info][gc,marking  ] GC(26) Concurrent Rebuild Remembered Sets 6.548ms
[2026-03-16T18:07:26.766+0800][3.435s][info][gc,start    ] GC(26) Pause Cleanup
[2026-03-16T18:07:26.766+0800][3.436s][info][gc          ] GC(26) Pause Cleanup 54M->54M(64M) 0.316ms
[2026-03-16T18:07:26.766+0800][3.436s][info][gc,cpu      ] GC(26) User=0.00s Sys=0.00s Real=0.00s
[2026-03-16T18:07:26.767+0800][3.436s][info][gc,marking  ] GC(26) Concurrent Cleanup for Next Mark
[2026-03-16T18:07:26.767+0800][3.436s][info][gc,marking  ] GC(26) Concurrent Cleanup for Next Mark 0.321ms
[2026-03-16T18:07:26.767+0800][3.436s][info][gc          ] GC(26) Concurrent Mark Cycle 23.623ms
[2026-03-16T18:07:26.811+0800][3.481s][info][gc,start    ] GC(27) Pause Young (Normal) (G1 Evacuation Pause)
[2026-03-16T18:07:26.811+0800][3.481s][info][gc,task     ] GC(27) Using 2 workers of 13 for evacuation
[2026-03-16T18:07:26.813+0800][3.483s][info][gc,phases   ] GC(27)   Pre Evacuate Collection Set: 0.2ms
[2026-03-16T18:07:26.813+0800][3.483s][info][gc,phases   ] GC(27)   Merge Heap Roots: 0.2ms
[2026-03-16T18:07:26.813+0800][3.483s][info][gc,phases   ] GC(27)   Evacuate Collection Set: 0.9ms
[2026-03-16T18:07:26.813+0800][3.483s][info][gc,phases   ] GC(27)   Post Evacuate Collection Set: 0.5ms
[2026-03-16T18:07:26.813+0800][3.483s][info][gc,phases   ] GC(27)   Other: 0.2ms
[2026-03-16T18:07:26.813+0800][3.483s][info][gc,heap     ] GC(27) Eden regions: 2->0(2)
[2026-03-16T18:07:26.813+0800][3.483s][info][gc,heap     ] GC(27) Survivor regions: 1->1(1)
[2026-03-16T18:07:26.813+0800][3.483s][info][gc,heap     ] GC(27) Old regions: 51->51
[2026-03-16T18:07:26.813+0800][3.483s][info][gc,heap     ] GC(27) Archive regions: 0->0
[2026-03-16T18:07:26.813+0800][3.483s][info][gc,heap     ] GC(27) Humongous regions: 3->3
[2026-03-16T18:07:26.813+0800][3.483s][info][gc,metaspace] GC(27) Metaspace: 5901K(6080K)->5901K(6080K) NonClass: 5239K(5312K)->5239K(5312K) Class: 661K(768K)->661K(768K)
[2026-03-16T18:07:26.813+0800][3.483s][info][gc          ] GC(27) Pause Young (Normal) (G1 Evacuation Pause) 56M->54M(64M) 2.294ms
[2026-03-16T18:07:26.813+0800][3.483s][info][gc,cpu      ] GC(27) User=0.00s Sys=0.00s Real=0.00s
[2026-03-16T18:07:26.817+0800][3.486s][info][gc,start    ] GC(28) Pause Young (Concurrent Start) (G1 Evacuation Pause)
[2026-03-16T18:07:26.817+0800][3.487s][info][gc,task     ] GC(28) Using 2 workers of 13 for evacuation
[2026-03-16T18:07:26.820+0800][3.489s][info][gc,phases   ] GC(28)   Pre Evacuate Collection Set: 0.3ms
[2026-03-16T18:07:26.820+0800][3.490s][info][gc,phases   ] GC(28)   Merge Heap Roots: 0.2ms
[2026-03-16T18:07:26.820+0800][3.490s][info][gc,phases   ] GC(28)   Evacuate Collection Set: 1.4ms
[2026-03-16T18:07:26.820+0800][3.490s][info][gc,phases   ] GC(28)   Post Evacuate Collection Set: 0.5ms
[2026-03-16T18:07:26.820+0800][3.490s][info][gc,phases   ] GC(28)   Other: 0.8ms
[2026-03-16T18:07:26.820+0800][3.490s][info][gc,heap     ] GC(28) Eden regions: 2->0(2)
[2026-03-16T18:07:26.820+0800][3.490s][info][gc,heap     ] GC(28) Survivor regions: 1->1(1)
[2026-03-16T18:07:26.820+0800][3.490s][info][gc,heap     ] GC(28) Old regions: 51->52
[2026-03-16T18:07:26.820+0800][3.490s][info][gc,heap     ] GC(28) Archive regions: 0->0
[2026-03-16T18:07:26.820+0800][3.490s][info][gc,heap     ] GC(28) Humongous regions: 3->3
[2026-03-16T18:07:26.821+0800][3.490s][info][gc,metaspace] GC(28) Metaspace: 5901K(6080K)->5901K(6080K) NonClass: 5239K(5312K)->5239K(5312K) Class: 661K(768K)->661K(768K)
[2026-03-16T18:07:26.821+0800][3.490s][info][gc          ] GC(28) Pause Young (Concurrent Start) (G1 Evacuation Pause) 56M->55M(64M) 3.685ms
[2026-03-16T18:07:26.821+0800][3.490s][info][gc,cpu      ] GC(28) User=0.00s Sys=0.00s Real=0.00s
[2026-03-16T18:07:26.821+0800][3.490s][info][gc          ] GC(29) Concurrent Mark Cycle
[2026-03-16T18:07:26.821+0800][3.491s][info][gc,marking  ] GC(29) Concurrent Clear Claimed Marks
[2026-03-16T18:07:26.821+0800][3.491s][info][gc,marking  ] GC(29) Concurrent Clear Claimed Marks 0.037ms
[2026-03-16T18:07:26.821+0800][3.491s][info][gc,marking  ] GC(29) Concurrent Scan Root Regions
[2026-03-16T18:07:26.821+0800][3.491s][info][gc,marking  ] GC(29) Concurrent Scan Root Regions 0.310ms
[2026-03-16T18:07:26.821+0800][3.491s][info][gc,marking  ] GC(29) Concurrent Mark
[2026-03-16T18:07:26.822+0800][3.491s][info][gc,marking  ] GC(29) Concurrent Mark From Roots
[2026-03-16T18:07:26.822+0800][3.491s][info][gc,task     ] GC(29) Using 3 workers of 3 for marking
[2026-03-16T18:07:26.836+0800][3.506s][info][gc,marking  ] GC(29) Concurrent Mark From Roots 14.669ms
[2026-03-16T18:07:26.836+0800][3.506s][info][gc,marking  ] GC(29) Concurrent Preclean
[2026-03-16T18:07:26.836+0800][3.506s][info][gc,marking  ] GC(29) Concurrent Preclean 0.148ms
[2026-03-16T18:07:26.837+0800][3.506s][info][gc,start    ] GC(29) Pause Remark
[2026-03-16T18:07:26.838+0800][3.508s][info][gc          ] GC(29) Pause Remark 55M->55M(64M) 1.306ms
[2026-03-16T18:07:26.838+0800][3.508s][info][gc,cpu      ] GC(29) User=0.00s Sys=0.00s Real=0.00s
[2026-03-16T18:07:26.838+0800][3.508s][info][gc,marking  ] GC(29) Concurrent Mark 16.745ms
[2026-03-16T18:07:26.838+0800][3.508s][info][gc,marking  ] GC(29) Concurrent Rebuild Remembered Sets
[2026-03-16T18:07:26.845+0800][3.515s][info][gc,marking  ] GC(29) Concurrent Rebuild Remembered Sets 7.253ms
[2026-03-16T18:07:26.845+0800][3.515s][info][gc,start    ] GC(29) Pause Cleanup
[2026-03-16T18:07:26.846+0800][3.516s][info][gc          ] GC(29) Pause Cleanup 55M->55M(64M) 0.242ms
[2026-03-16T18:07:26.846+0800][3.516s][info][gc,cpu      ] GC(29) User=0.00s Sys=0.00s Real=0.00s
[2026-03-16T18:07:26.846+0800][3.516s][info][gc,marking  ] GC(29) Concurrent Cleanup for Next Mark
[2026-03-16T18:07:26.846+0800][3.516s][info][gc,marking  ] GC(29) Concurrent Cleanup for Next Mark 0.348ms
[2026-03-16T18:07:26.846+0800][3.516s][info][gc          ] GC(29) Concurrent Mark Cycle 25.832ms
[2026-03-16T18:07:26.888+0800][3.559s][info][gc,start    ] GC(30) Pause Young (Normal) (G1 Evacuation Pause)
[2026-03-16T18:07:26.889+0800][3.559s][info][gc,task     ] GC(30) Using 2 workers of 13 for evacuation
[2026-03-16T18:07:26.891+0800][3.561s][info][gc,phases   ] GC(30)   Pre Evacuate Collection Set: 0.1ms
[2026-03-16T18:07:26.891+0800][3.561s][info][gc,phases   ] GC(30)   Merge Heap Roots: 0.1ms
[2026-03-16T18:07:26.891+0800][3.561s][info][gc,phases   ] GC(30)   Evacuate Collection Set: 1.1ms
[2026-03-16T18:07:26.891+0800][3.561s][info][gc,phases   ] GC(30)   Post Evacuate Collection Set: 0.5ms
[2026-03-16T18:07:26.891+0800][3.561s][info][gc,phases   ] GC(30)   Other: 0.4ms
[2026-03-16T18:07:26.891+0800][3.561s][info][gc,heap     ] GC(30) Eden regions: 2->0(2)
[2026-03-16T18:07:26.891+0800][3.561s][info][gc,heap     ] GC(30) Survivor regions: 1->1(1)
[2026-03-16T18:07:26.891+0800][3.562s][info][gc,heap     ] GC(30) Old regions: 52->53
[2026-03-16T18:07:26.891+0800][3.562s][info][gc,heap     ] GC(30) Archive regions: 0->0
[2026-03-16T18:07:26.891+0800][3.562s][info][gc,heap     ] GC(30) Humongous regions: 3->3
[2026-03-16T18:07:26.891+0800][3.562s][info][gc,metaspace] GC(30) Metaspace: 5901K(6080K)->5901K(6080K) NonClass: 5239K(5312K)->5239K(5312K) Class: 661K(768K)->661K(768K)
[2026-03-16T18:07:26.892+0800][3.562s][info][gc          ] GC(30) Pause Young (Normal) (G1 Evacuation Pause) 57M->55M(64M) 3.023ms
[2026-03-16T18:07:26.892+0800][3.562s][info][gc,cpu      ] GC(30) User=0.00s Sys=0.00s Real=0.00s
[2026-03-16T18:07:26.896+0800][3.566s][info][gc,start    ] GC(31) Pause Young (Concurrent Start) (G1 Evacuation Pause)
[2026-03-16T18:07:26.897+0800][3.566s][info][gc,task     ] GC(31) Using 2 workers of 13 for evacuation
[2026-03-16T18:07:26.898+0800][3.568s][info][gc,phases   ] GC(31)   Pre Evacuate Collection Set: 0.2ms
[2026-03-16T18:07:26.899+0800][3.568s][info][gc,phases   ] GC(31)   Merge Heap Roots: 0.1ms
[2026-03-16T18:07:26.899+0800][3.568s][info][gc,phases   ] GC(31)   Evacuate Collection Set: 1.0ms
[2026-03-16T18:07:26.899+0800][3.568s][info][gc,phases   ] GC(31)   Post Evacuate Collection Set: 0.5ms
[2026-03-16T18:07:26.899+0800][3.569s][info][gc,phases   ] GC(31)   Other: 0.4ms
[2026-03-16T18:07:26.899+0800][3.569s][info][gc,heap     ] GC(31) Eden regions: 2->0(2)
[2026-03-16T18:07:26.899+0800][3.569s][info][gc,heap     ] GC(31) Survivor regions: 1->1(1)
[2026-03-16T18:07:26.899+0800][3.569s][info][gc,heap     ] GC(31) Old regions: 53->53
[2026-03-16T18:07:26.899+0800][3.569s][info][gc,heap     ] GC(31) Archive regions: 0->0
[2026-03-16T18:07:26.899+0800][3.569s][info][gc,heap     ] GC(31) Humongous regions: 3->3
[2026-03-16T18:07:26.899+0800][3.569s][info][gc,metaspace] GC(31) Metaspace: 5901K(6080K)->5901K(6080K) NonClass: 5239K(5312K)->5239K(5312K) Class: 661K(768K)->661K(768K)
[2026-03-16T18:07:26.899+0800][3.569s][info][gc          ] GC(31) Pause Young (Concurrent Start) (G1 Evacuation Pause) 57M->56M(64M) 2.750ms
[2026-03-16T18:07:26.899+0800][3.569s][info][gc,cpu      ] GC(31) User=0.00s Sys=0.00s Real=0.00s
[2026-03-16T18:07:26.899+0800][3.569s][info][gc          ] GC(32) Concurrent Mark Cycle
[2026-03-16T18:07:26.899+0800][3.569s][info][gc,marking  ] GC(32) Concurrent Clear Claimed Marks
[2026-03-16T18:07:26.900+0800][3.569s][info][gc,marking  ] GC(32) Concurrent Clear Claimed Marks 0.071ms
[2026-03-16T18:07:26.900+0800][3.569s][info][gc,marking  ] GC(32) Concurrent Scan Root Regions
[2026-03-16T18:07:26.900+0800][3.570s][info][gc,marking  ] GC(32) Concurrent Scan Root Regions 0.313ms
[2026-03-16T18:07:26.900+0800][3.570s][info][gc,marking  ] GC(32) Concurrent Mark
[2026-03-16T18:07:26.900+0800][3.570s][info][gc,marking  ] GC(32) Concurrent Mark From Roots
[2026-03-16T18:07:26.900+0800][3.570s][info][gc,task     ] GC(32) Using 3 workers of 3 for marking
[2026-03-16T18:07:26.916+0800][3.586s][info][gc,marking  ] GC(32) Concurrent Mark From Roots 16.102ms
[2026-03-16T18:07:26.916+0800][3.586s][info][gc,marking  ] GC(32) Concurrent Preclean
[2026-03-16T18:07:26.917+0800][3.587s][info][gc,marking  ] GC(32) Concurrent Preclean 0.385ms
[2026-03-16T18:07:26.917+0800][3.587s][info][gc,start    ] GC(32) Pause Remark
[2026-03-16T18:07:26.919+0800][3.589s][info][gc          ] GC(32) Pause Remark 57M->57M(64M) 1.915ms
[2026-03-16T18:07:26.919+0800][3.589s][info][gc,cpu      ] GC(32) User=0.00s Sys=0.00s Real=0.00s
[2026-03-16T18:07:26.920+0800][3.589s][info][gc,marking  ] GC(32) Concurrent Mark 19.593ms
[2026-03-16T18:07:26.920+0800][3.590s][info][gc,marking  ] GC(32) Concurrent Rebuild Remembered Sets
[2026-03-16T18:07:26.929+0800][3.599s][info][gc,marking  ] GC(32) Concurrent Rebuild Remembered Sets 9.012ms
[2026-03-16T18:07:26.930+0800][3.599s][info][gc,start    ] GC(32) Pause Cleanup
[2026-03-16T18:07:26.930+0800][3.599s][info][gc          ] GC(32) Pause Cleanup 57M->57M(64M) 0.269ms
[2026-03-16T18:07:26.930+0800][3.599s][info][gc,cpu      ] GC(32) User=0.00s Sys=0.00s Real=0.00s
[2026-03-16T18:07:26.930+0800][3.599s][info][gc,marking  ] GC(32) Concurrent Cleanup for Next Mark
[2026-03-16T18:07:26.930+0800][3.600s][info][gc,marking  ] GC(32) Concurrent Cleanup for Next Mark 0.367ms
[2026-03-16T18:07:26.931+0800][3.600s][info][gc          ] GC(32) Concurrent Mark Cycle 30.878ms
[2026-03-16T18:07:26.968+0800][3.637s][info][gc,start    ] GC(33) Pause Young (Normal) (G1 Evacuation Pause)
[2026-03-16T18:07:26.968+0800][3.637s][info][gc,task     ] GC(33) Using 2 workers of 13 for evacuation
[2026-03-16T18:07:26.969+0800][3.639s][info][gc,phases   ] GC(33)   Pre Evacuate Collection Set: 0.1ms
[2026-03-16T18:07:26.969+0800][3.639s][info][gc,phases   ] GC(33)   Merge Heap Roots: 0.1ms
[2026-03-16T18:07:26.970+0800][3.639s][info][gc,phases   ] GC(33)   Evacuate Collection Set: 1.0ms
[2026-03-16T18:07:26.970+0800][3.639s][info][gc,phases   ] GC(33)   Post Evacuate Collection Set: 0.4ms
[2026-03-16T18:07:26.970+0800][3.639s][info][gc,phases   ] GC(33)   Other: 0.3ms
[2026-03-16T18:07:26.970+0800][3.639s][info][gc,heap     ] GC(33) Eden regions: 2->0(2)
[2026-03-16T18:07:26.970+0800][3.639s][info][gc,heap     ] GC(33) Survivor regions: 1->1(1)
[2026-03-16T18:07:26.970+0800][3.639s][info][gc,heap     ] GC(33) Old regions: 53->54
[2026-03-16T18:07:26.970+0800][3.639s][info][gc,heap     ] GC(33) Archive regions: 0->0
[2026-03-16T18:07:26.970+0800][3.639s][info][gc,heap     ] GC(33) Humongous regions: 3->3
[2026-03-16T18:07:26.970+0800][3.639s][info][gc,metaspace] GC(33) Metaspace: 5901K(6080K)->5901K(6080K) NonClass: 5239K(5312K)->5239K(5312K) Class: 661K(768K)->661K(768K)
[2026-03-16T18:07:26.970+0800][3.639s][info][gc          ] GC(33) Pause Young (Normal) (G1 Evacuation Pause) 58M->56M(64M) 2.542ms
[2026-03-16T18:07:26.970+0800][3.640s][info][gc,cpu      ] GC(33) User=0.00s Sys=0.00s Real=0.00s
[2026-03-16T18:07:26.974+0800][3.644s][info][gc,start    ] GC(34) Pause Young (Concurrent Start) (G1 Evacuation Pause)
[2026-03-16T18:07:26.975+0800][3.645s][info][gc,task     ] GC(34) Using 2 workers of 13 for evacuation
[2026-03-16T18:07:26.976+0800][3.646s][info][gc,phases   ] GC(34)   Pre Evacuate Collection Set: 0.1ms
[2026-03-16T18:07:26.977+0800][3.646s][info][gc,phases   ] GC(34)   Merge Heap Roots: 0.1ms
[2026-03-16T18:07:26.977+0800][3.647s][info][gc,phases   ] GC(34)   Evacuate Collection Set: 1.1ms
[2026-03-16T18:07:26.977+0800][3.647s][info][gc,phases   ] GC(34)   Post Evacuate Collection Set: 0.4ms
[2026-03-16T18:07:26.977+0800][3.647s][info][gc,phases   ] GC(34)   Other: 0.4ms
[2026-03-16T18:07:26.977+0800][3.647s][info][gc,heap     ] GC(34) Eden regions: 2->0(2)
[2026-03-16T18:07:26.977+0800][3.647s][info][gc,heap     ] GC(34) Survivor regions: 1->1(1)
[2026-03-16T18:07:26.977+0800][3.647s][info][gc,heap     ] GC(34) Old regions: 54->54
[2026-03-16T18:07:26.977+0800][3.647s][info][gc,heap     ] GC(34) Archive regions: 0->0
[2026-03-16T18:07:26.977+0800][3.647s][info][gc,heap     ] GC(34) Humongous regions: 3->3
[2026-03-16T18:07:26.977+0800][3.647s][info][gc,metaspace] GC(34) Metaspace: 5901K(6080K)->5901K(6080K) NonClass: 5239K(5312K)->5239K(5312K) Class: 661K(768K)->661K(768K)
[2026-03-16T18:07:26.977+0800][3.647s][info][gc          ] GC(34) Pause Young (Concurrent Start) (G1 Evacuation Pause) 58M->57M(64M) 2.610ms
[2026-03-16T18:07:26.977+0800][3.647s][info][gc,cpu      ] GC(34) User=0.00s Sys=0.00s Real=0.00s
[2026-03-16T18:07:26.977+0800][3.647s][info][gc          ] GC(35) Concurrent Mark Cycle
[2026-03-16T18:07:26.977+0800][3.647s][info][gc,marking  ] GC(35) Concurrent Clear Claimed Marks
[2026-03-16T18:07:26.977+0800][3.647s][info][gc,marking  ] GC(35) Concurrent Clear Claimed Marks 0.077ms
[2026-03-16T18:07:26.978+0800][3.647s][info][gc,marking  ] GC(35) Concurrent Scan Root Regions
[2026-03-16T18:07:26.978+0800][3.648s][info][gc,marking  ] GC(35) Concurrent Scan Root Regions 0.274ms
[2026-03-16T18:07:26.978+0800][3.648s][info][gc,marking  ] GC(35) Concurrent Mark
[2026-03-16T18:07:26.978+0800][3.648s][info][gc,marking  ] GC(35) Concurrent Mark From Roots
[2026-03-16T18:07:26.978+0800][3.648s][info][gc,task     ] GC(35) Using 3 workers of 3 for marking
[2026-03-16T18:07:26.992+0800][3.662s][info][gc,marking  ] GC(35) Concurrent Mark From Roots 13.653ms
[2026-03-16T18:07:26.992+0800][3.662s][info][gc,marking  ] GC(35) Concurrent Preclean
[2026-03-16T18:07:26.992+0800][3.662s][info][gc,marking  ] GC(35) Concurrent Preclean 0.238ms
[2026-03-16T18:07:26.993+0800][3.662s][info][gc,start    ] GC(35) Pause Remark
[2026-03-16T18:07:26.994+0800][3.664s][info][gc          ] GC(35) Pause Remark 58M->58M(64M) 1.479ms
[2026-03-16T18:07:26.994+0800][3.664s][info][gc,cpu      ] GC(35) User=0.00s Sys=0.00s Real=0.00s
[2026-03-16T18:07:26.994+0800][3.664s][info][gc,marking  ] GC(35) Concurrent Mark 16.060ms
[2026-03-16T18:07:26.994+0800][3.664s][info][gc,marking  ] GC(35) Concurrent Rebuild Remembered Sets
[2026-03-16T18:07:27.002+0800][3.672s][info][gc,marking  ] GC(35) Concurrent Rebuild Remembered Sets 8.128ms
[2026-03-16T18:07:27.002+0800][3.672s][info][gc,start    ] GC(35) Pause Cleanup
[2026-03-16T18:07:27.003+0800][3.673s][info][gc          ] GC(35) Pause Cleanup 58M->58M(64M) 0.125ms
[2026-03-16T18:07:27.003+0800][3.673s][info][gc,cpu      ] GC(35) User=0.00s Sys=0.00s Real=0.00s
[2026-03-16T18:07:27.003+0800][3.673s][info][gc,marking  ] GC(35) Concurrent Cleanup for Next Mark
[2026-03-16T18:07:27.003+0800][3.673s][info][gc,marking  ] GC(35) Concurrent Cleanup for Next Mark 0.172ms
[2026-03-16T18:07:27.003+0800][3.673s][info][gc          ] GC(35) Concurrent Mark Cycle 25.796ms
[2026-03-16T18:07:27.045+0800][3.715s][info][gc,start    ] GC(36) Pause Young (Normal) (G1 Evacuation Pause)
[2026-03-16T18:07:27.046+0800][3.715s][info][gc,task     ] GC(36) Using 2 workers of 13 for evacuation
[2026-03-16T18:07:27.047+0800][3.717s][info][gc,phases   ] GC(36)   Pre Evacuate Collection Set: 0.1ms
[2026-03-16T18:07:27.047+0800][3.717s][info][gc,phases   ] GC(36)   Merge Heap Roots: 0.1ms
[2026-03-16T18:07:27.047+0800][3.717s][info][gc,phases   ] GC(36)   Evacuate Collection Set: 1.0ms
[2026-03-16T18:07:27.048+0800][3.717s][info][gc,phases   ] GC(36)   Post Evacuate Collection Set: 0.3ms
[2026-03-16T18:07:27.048+0800][3.717s][info][gc,phases   ] GC(36)   Other: 0.4ms
[2026-03-16T18:07:27.048+0800][3.717s][info][gc,heap     ] GC(36) Eden regions: 2->0(2)
[2026-03-16T18:07:27.048+0800][3.717s][info][gc,heap     ] GC(36) Survivor regions: 1->1(1)
[2026-03-16T18:07:27.048+0800][3.717s][info][gc,heap     ] GC(36) Old regions: 54->55
[2026-03-16T18:07:27.048+0800][3.717s][info][gc,heap     ] GC(36) Archive regions: 0->0
[2026-03-16T18:07:27.048+0800][3.718s][info][gc,heap     ] GC(36) Humongous regions: 3->3
[2026-03-16T18:07:27.048+0800][3.718s][info][gc,metaspace] GC(36) Metaspace: 5901K(6080K)->5901K(6080K) NonClass: 5239K(5312K)->5239K(5312K) Class: 661K(768K)->661K(768K)
[2026-03-16T18:07:27.048+0800][3.718s][info][gc          ] GC(36) Pause Young (Normal) (G1 Evacuation Pause) 59M->58M(64M) 2.599ms
[2026-03-16T18:07:27.048+0800][3.718s][info][gc,cpu      ] GC(36) User=0.00s Sys=0.00s Real=0.00s
[2026-03-16T18:07:27.053+0800][3.723s][info][gc,start    ] GC(37) Pause Young (Concurrent Start) (G1 Evacuation Pause)
[2026-03-16T18:07:27.053+0800][3.723s][info][gc,task     ] GC(37) Using 2 workers of 13 for evacuation
[2026-03-16T18:07:27.054+0800][3.725s][info][gc,phases   ] GC(37)   Pre Evacuate Collection Set: 0.1ms
[2026-03-16T18:07:27.055+0800][3.725s][info][gc,phases   ] GC(37)   Merge Heap Roots: 0.1ms
[2026-03-16T18:07:27.055+0800][3.725s][info][gc,phases   ] GC(37)   Evacuate Collection Set: 1.0ms
[2026-03-16T18:07:27.055+0800][3.725s][info][gc,phases   ] GC(37)   Post Evacuate Collection Set: 0.3ms
[2026-03-16T18:07:27.055+0800][3.725s][info][gc,phases   ] GC(37)   Other: 0.5ms
[2026-03-16T18:07:27.055+0800][3.725s][info][gc,heap     ] GC(37) Eden regions: 2->0(2)
[2026-03-16T18:07:27.055+0800][3.725s][info][gc,heap     ] GC(37) Survivor regions: 1->1(1)
[2026-03-16T18:07:27.055+0800][3.725s][info][gc,heap     ] GC(37) Old regions: 55->56
[2026-03-16T18:07:27.055+0800][3.725s][info][gc,heap     ] GC(37) Archive regions: 0->0
[2026-03-16T18:07:27.055+0800][3.725s][info][gc,heap     ] GC(37) Humongous regions: 3->3
[2026-03-16T18:07:27.055+0800][3.725s][info][gc,metaspace] GC(37) Metaspace: 5901K(6080K)->5901K(6080K) NonClass: 5239K(5312K)->5239K(5312K) Class: 661K(768K)->661K(768K)
[2026-03-16T18:07:27.055+0800][3.725s][info][gc          ] GC(37) Pause Young (Concurrent Start) (G1 Evacuation Pause) 60M->58M(64M) 2.758ms
[2026-03-16T18:07:27.055+0800][3.725s][info][gc,cpu      ] GC(37) User=0.00s Sys=0.00s Real=0.00s
[2026-03-16T18:07:27.055+0800][3.725s][info][gc          ] GC(38) Concurrent Mark Cycle
[2026-03-16T18:07:27.055+0800][3.726s][info][gc,marking  ] GC(38) Concurrent Clear Claimed Marks
[2026-03-16T18:07:27.056+0800][3.726s][info][gc,marking  ] GC(38) Concurrent Clear Claimed Marks 0.078ms
[2026-03-16T18:07:27.056+0800][3.726s][info][gc,marking  ] GC(38) Concurrent Scan Root Regions
[2026-03-16T18:07:27.056+0800][3.726s][info][gc,marking  ] GC(38) Concurrent Scan Root Regions 0.370ms
[2026-03-16T18:07:27.056+0800][3.726s][info][gc,marking  ] GC(38) Concurrent Mark
[2026-03-16T18:07:27.056+0800][3.726s][info][gc,marking  ] GC(38) Concurrent Mark From Roots
[2026-03-16T18:07:27.056+0800][3.726s][info][gc,task     ] GC(38) Using 3 workers of 3 for marking
[2026-03-16T18:07:27.071+0800][3.741s][info][gc,marking  ] GC(38) Concurrent Mark From Roots 14.541ms
[2026-03-16T18:07:27.071+0800][3.741s][info][gc,marking  ] GC(38) Concurrent Preclean
[2026-03-16T18:07:27.072+0800][3.741s][info][gc,marking  ] GC(38) Concurrent Preclean 0.294ms
[2026-03-16T18:07:27.072+0800][3.742s][info][gc,start    ] GC(38) Pause Remark
[2026-03-16T18:07:27.073+0800][3.743s][info][gc          ] GC(38) Pause Remark 60M->60M(64M) 1.428ms
[2026-03-16T18:07:27.073+0800][3.743s][info][gc,cpu      ] GC(38) User=0.00s Sys=0.00s Real=0.00s
[2026-03-16T18:07:27.074+0800][3.743s][info][gc,marking  ] GC(38) Concurrent Mark 17.030ms
[2026-03-16T18:07:27.074+0800][3.743s][info][gc,marking  ] GC(38) Concurrent Rebuild Remembered Sets
[2026-03-16T18:07:27.085+0800][3.754s][info][gc,marking  ] GC(38) Concurrent Rebuild Remembered Sets 10.888ms
[2026-03-16T18:07:27.085+0800][3.755s][info][gc,start    ] GC(38) Pause Cleanup
[2026-03-16T18:07:27.085+0800][3.755s][info][gc          ] GC(38) Pause Cleanup 60M->60M(64M) 0.294ms
[2026-03-16T18:07:27.085+0800][3.755s][info][gc,cpu      ] GC(38) User=0.00s Sys=0.00s Real=0.00s
[2026-03-16T18:07:27.085+0800][3.755s][info][gc,marking  ] GC(38) Concurrent Cleanup for Next Mark
[2026-03-16T18:07:27.086+0800][3.756s][info][gc,marking  ] GC(38) Concurrent Cleanup for Next Mark 0.289ms
[2026-03-16T18:07:27.086+0800][3.756s][info][gc          ] GC(38) Concurrent Mark Cycle 30.148ms
[2026-03-16T18:07:27.122+0800][3.792s][info][gc,start    ] GC(39) Pause Young (Normal) (G1 Preventive Collection)
[2026-03-16T18:07:27.123+0800][3.792s][info][gc,task     ] GC(39) Using 2 workers of 13 for evacuation
[2026-03-16T18:07:27.125+0800][3.794s][info][gc,phases   ] GC(39)   Pre Evacuate Collection Set: 0.1ms
[2026-03-16T18:07:27.125+0800][3.794s][info][gc,phases   ] GC(39)   Merge Heap Roots: 0.1ms
[2026-03-16T18:07:27.125+0800][3.794s][info][gc,phases   ] GC(39)   Evacuate Collection Set: 1.1ms
[2026-03-16T18:07:27.125+0800][3.794s][info][gc,phases   ] GC(39)   Post Evacuate Collection Set: 0.3ms
[2026-03-16T18:07:27.125+0800][3.794s][info][gc,phases   ] GC(39)   Other: 0.4ms
[2026-03-16T18:07:27.125+0800][3.795s][info][gc,heap     ] GC(39) Eden regions: 2->0(2)
[2026-03-16T18:07:27.125+0800][3.795s][info][gc,heap     ] GC(39) Survivor regions: 1->1(1)
[2026-03-16T18:07:27.125+0800][3.795s][info][gc,heap     ] GC(39) Old regions: 56->56
[2026-03-16T18:07:27.125+0800][3.795s][info][gc,heap     ] GC(39) Archive regions: 0->0
[2026-03-16T18:07:27.125+0800][3.795s][info][gc,heap     ] GC(39) Humongous regions: 3->3
[2026-03-16T18:07:27.126+0800][3.795s][info][gc,metaspace] GC(39) Metaspace: 5901K(6080K)->5901K(6080K) NonClass: 5239K(5312K)->5239K(5312K) Class: 661K(768K)->661K(768K)
[2026-03-16T18:07:27.126+0800][3.795s][info][gc          ] GC(39) Pause Young (Normal) (G1 Preventive Collection) 60M->59M(64M) 2.723ms
[2026-03-16T18:07:27.126+0800][3.795s][info][gc,cpu      ] GC(39) User=0.00s Sys=0.00s Real=0.00s
[2026-03-16T18:07:27.131+0800][3.800s][info][gc,start    ] GC(40) Pause Young (Concurrent Start) (G1 Preventive Collection)
[2026-03-16T18:07:27.131+0800][3.800s][info][gc,task     ] GC(40) Using 2 workers of 13 for evacuation
[2026-03-16T18:07:27.133+0800][3.802s][info][gc,phases   ] GC(40)   Pre Evacuate Collection Set: 0.1ms
[2026-03-16T18:07:27.133+0800][3.803s][info][gc,phases   ] GC(40)   Merge Heap Roots: 0.1ms
[2026-03-16T18:07:27.133+0800][3.803s][info][gc,phases   ] GC(40)   Evacuate Collection Set: 1.4ms
[2026-03-16T18:07:27.133+0800][3.803s][info][gc,phases   ] GC(40)   Post Evacuate Collection Set: 0.4ms
[2026-03-16T18:07:27.133+0800][3.803s][info][gc,phases   ] GC(40)   Other: 0.5ms
[2026-03-16T18:07:27.133+0800][3.803s][info][gc,heap     ] GC(40) Eden regions: 2->0(2)
[2026-03-16T18:07:27.133+0800][3.803s][info][gc,heap     ] GC(40) Survivor regions: 1->1(1)
[2026-03-16T18:07:27.133+0800][3.803s][info][gc,heap     ] GC(40) Old regions: 56->57
[2026-03-16T18:07:27.133+0800][3.803s][info][gc,heap     ] GC(40) Archive regions: 0->0
[2026-03-16T18:07:27.133+0800][3.803s][info][gc,heap     ] GC(40) Humongous regions: 3->3
[2026-03-16T18:07:27.133+0800][3.803s][info][gc,metaspace] GC(40) Metaspace: 5901K(6080K)->5901K(6080K) NonClass: 5239K(5312K)->5239K(5312K) Class: 661K(768K)->661K(768K)
[2026-03-16T18:07:27.133+0800][3.803s][info][gc          ] GC(40) Pause Young (Concurrent Start) (G1 Preventive Collection) 61M->59M(64M) 3.308ms
[2026-03-16T18:07:27.134+0800][3.803s][info][gc,cpu      ] GC(40) User=0.00s Sys=0.00s Real=0.00s
[2026-03-16T18:07:27.134+0800][3.804s][info][gc          ] GC(41) Concurrent Mark Cycle
[2026-03-16T18:07:27.134+0800][3.804s][info][gc,marking  ] GC(41) Concurrent Clear Claimed Marks
[2026-03-16T18:07:27.134+0800][3.804s][info][gc,marking  ] GC(41) Concurrent Clear Claimed Marks 0.102ms
[2026-03-16T18:07:27.134+0800][3.804s][info][gc,marking  ] GC(41) Concurrent Scan Root Regions
[2026-03-16T18:07:27.134+0800][3.804s][info][gc,marking  ] GC(41) Concurrent Scan Root Regions 0.351ms
[2026-03-16T18:07:27.135+0800][3.804s][info][gc,marking  ] GC(41) Concurrent Mark
[2026-03-16T18:07:27.135+0800][3.804s][info][gc,marking  ] GC(41) Concurrent Mark From Roots
[2026-03-16T18:07:27.135+0800][3.805s][info][gc,task     ] GC(41) Using 3 workers of 3 for marking
[2026-03-16T18:07:27.154+0800][3.824s][info][gc,marking  ] GC(41) Concurrent Mark From Roots 19.330ms
[2026-03-16T18:07:27.154+0800][3.824s][info][gc,marking  ] GC(41) Concurrent Preclean
[2026-03-16T18:07:27.154+0800][3.824s][info][gc,marking  ] GC(41) Concurrent Preclean 0.273ms
[2026-03-16T18:07:27.155+0800][3.824s][info][gc,start    ] GC(41) Pause Remark
[2026-03-16T18:07:27.156+0800][3.826s][info][gc          ] GC(41) Pause Remark 61M->61M(64M) 1.575ms
[2026-03-16T18:07:27.156+0800][3.826s][info][gc,cpu      ] GC(41) User=0.00s Sys=0.00s Real=0.00s
[2026-03-16T18:07:27.156+0800][3.826s][info][gc,marking  ] GC(41) Concurrent Mark 21.942ms
[2026-03-16T18:07:27.156+0800][3.826s][info][gc,marking  ] GC(41) Concurrent Rebuild Remembered Sets
[2026-03-16T18:07:27.169+0800][3.839s][info][gc,marking  ] GC(41) Concurrent Rebuild Remembered Sets 12.463ms
[2026-03-16T18:07:27.169+0800][3.839s][info][gc,start    ] GC(41) Pause Cleanup
[2026-03-16T18:07:27.169+0800][3.840s][info][gc          ] GC(41) Pause Cleanup 61M->61M(64M) 0.274ms
[2026-03-16T18:07:27.169+0800][3.840s][info][gc,cpu      ] GC(41) User=0.00s Sys=0.00s Real=0.00s
[2026-03-16T18:07:27.170+0800][3.840s][info][gc,marking  ] GC(41) Concurrent Cleanup for Next Mark
[2026-03-16T18:07:27.170+0800][3.840s][info][gc,marking  ] GC(41) Concurrent Cleanup for Next Mark 0.415ms
[2026-03-16T18:07:27.170+0800][3.840s][info][gc          ] GC(41) Concurrent Mark Cycle 36.896ms
[2026-03-16T18:07:27.198+0800][3.868s][info][gc,start    ] GC(42) Pause Young (Normal) (G1 Preventive Collection)
[2026-03-16T18:07:27.199+0800][3.869s][info][gc,task     ] GC(42) Using 2 workers of 13 for evacuation
[2026-03-16T18:07:27.201+0800][3.871s][info][gc,phases   ] GC(42)   Pre Evacuate Collection Set: 0.1ms
[2026-03-16T18:07:27.201+0800][3.871s][info][gc,phases   ] GC(42)   Merge Heap Roots: 0.1ms
[2026-03-16T18:07:27.201+0800][3.871s][info][gc,phases   ] GC(42)   Evacuate Collection Set: 1.4ms
[2026-03-16T18:07:27.201+0800][3.871s][info][gc,phases   ] GC(42)   Post Evacuate Collection Set: 0.3ms
[2026-03-16T18:07:27.201+0800][3.871s][info][gc,phases   ] GC(42)   Other: 0.5ms
[2026-03-16T18:07:27.201+0800][3.871s][info][gc,heap     ] GC(42) Eden regions: 2->0(2)
[2026-03-16T18:07:27.201+0800][3.871s][info][gc,heap     ] GC(42) Survivor regions: 1->1(1)
[2026-03-16T18:07:27.201+0800][3.871s][info][gc,heap     ] GC(42) Old regions: 57->57
[2026-03-16T18:07:27.201+0800][3.871s][info][gc,heap     ] GC(42) Archive regions: 0->0
[2026-03-16T18:07:27.201+0800][3.871s][info][gc,heap     ] GC(42) Humongous regions: 3->3
[2026-03-16T18:07:27.201+0800][3.871s][info][gc,metaspace] GC(42) Metaspace: 5901K(6080K)->5901K(6080K) NonClass: 5239K(5312K)->5239K(5312K) Class: 661K(768K)->661K(768K)
[2026-03-16T18:07:27.202+0800][3.871s][info][gc          ] GC(42) Pause Young (Normal) (G1 Preventive Collection) 61M->60M(64M) 3.110ms
[2026-03-16T18:07:27.202+0800][3.871s][info][gc,cpu      ] GC(42) User=0.00s Sys=0.00s Real=0.00s
[2026-03-16T18:07:27.207+0800][3.877s][info][gc,start    ] GC(43) Pause Young (Concurrent Start) (G1 Preventive Collection)
[2026-03-16T18:07:27.207+0800][3.877s][info][gc,task     ] GC(43) Using 2 workers of 13 for evacuation
[2026-03-16T18:07:27.209+0800][3.879s][info][gc          ] GC(43) To-space exhausted
[2026-03-16T18:07:27.210+0800][3.879s][info][gc,phases   ] GC(43)   Pre Evacuate Collection Set: 0.1ms
[2026-03-16T18:07:27.210+0800][3.880s][info][gc,phases   ] GC(43)   Merge Heap Roots: 0.1ms
[2026-03-16T18:07:27.210+0800][3.880s][info][gc,phases   ] GC(43)   Evacuate Collection Set: 1.1ms
[2026-03-16T18:07:27.210+0800][3.880s][info][gc,phases   ] GC(43)   Post Evacuate Collection Set: 0.8ms
[2026-03-16T18:07:27.210+0800][3.880s][info][gc,phases   ] GC(43)   Other: 0.6ms
[2026-03-16T18:07:27.210+0800][3.880s][info][gc,heap     ] GC(43) Eden regions: 2->0(2)
[2026-03-16T18:07:27.210+0800][3.880s][info][gc,heap     ] GC(43) Survivor regions: 1->1(1)
[2026-03-16T18:07:27.210+0800][3.880s][info][gc,heap     ] GC(43) Old regions: 57->58
[2026-03-16T18:07:27.210+0800][3.880s][info][gc,heap     ] GC(43) Archive regions: 0->0
[2026-03-16T18:07:27.210+0800][3.880s][info][gc,heap     ] GC(43) Humongous regions: 3->3
[2026-03-16T18:07:27.210+0800][3.880s][info][gc,metaspace] GC(43) Metaspace: 5901K(6080K)->5901K(6080K) NonClass: 5239K(5312K)->5239K(5312K) Class: 661K(768K)->661K(768K)
[2026-03-16T18:07:27.210+0800][3.880s][info][gc          ] GC(43) Pause Young (Concurrent Start) (G1 Preventive Collection) 62M->61M(64M) 3.456ms
[2026-03-16T18:07:27.210+0800][3.880s][info][gc,cpu      ] GC(43) User=0.00s Sys=0.00s Real=0.00s
[2026-03-16T18:07:27.211+0800][3.880s][info][gc          ] GC(44) Concurrent Mark Cycle
[2026-03-16T18:07:27.211+0800][3.881s][info][gc,marking  ] GC(44) Concurrent Clear Claimed Marks
[2026-03-16T18:07:27.211+0800][3.881s][info][gc,marking  ] GC(44) Concurrent Clear Claimed Marks 0.097ms
[2026-03-16T18:07:27.211+0800][3.881s][info][gc,marking  ] GC(44) Concurrent Scan Root Regions
[2026-03-16T18:07:27.211+0800][3.881s][info][gc,marking  ] GC(44) Concurrent Scan Root Regions 0.264ms
[2026-03-16T18:07:27.211+0800][3.881s][info][gc,marking  ] GC(44) Concurrent Mark
[2026-03-16T18:07:27.211+0800][3.881s][info][gc,marking  ] GC(44) Concurrent Mark From Roots
[2026-03-16T18:07:27.211+0800][3.881s][info][gc,task     ] GC(44) Using 3 workers of 3 for marking
[2026-03-16T18:07:27.213+0800][3.883s][info][gc,start    ] GC(45) Pause Young (Normal) (G1 Preventive Collection)
[2026-03-16T18:07:27.214+0800][3.883s][info][gc,task     ] GC(45) Using 2 workers of 13 for evacuation
[2026-03-16T18:07:27.217+0800][3.886s][info][gc          ] GC(45) To-space exhausted
[2026-03-16T18:07:27.217+0800][3.886s][info][gc,phases   ] GC(45)   Pre Evacuate Collection Set: 0.1ms
[2026-03-16T18:07:27.217+0800][3.887s][info][gc,phases   ] GC(45)   Merge Heap Roots: 0.1ms
[2026-03-16T18:07:27.217+0800][3.887s][info][gc,phases   ] GC(45)   Evacuate Collection Set: 1.5ms
[2026-03-16T18:07:27.217+0800][3.887s][info][gc,phases   ] GC(45)   Post Evacuate Collection Set: 0.9ms
[2026-03-16T18:07:27.217+0800][3.887s][info][gc,phases   ] GC(45)   Other: 0.7ms
[2026-03-16T18:07:27.218+0800][3.887s][info][gc,heap     ] GC(45) Eden regions: 1->0(2)
[2026-03-16T18:07:27.218+0800][3.887s][info][gc,heap     ] GC(45) Survivor regions: 1->1(1)
[2026-03-16T18:07:27.218+0800][3.887s][info][gc,heap     ] GC(45) Old regions: 58->59
[2026-03-16T18:07:27.218+0800][3.887s][info][gc,heap     ] GC(45) Archive regions: 0->0
[2026-03-16T18:07:27.218+0800][3.887s][info][gc,heap     ] GC(45) Humongous regions: 3->3
[2026-03-16T18:07:27.218+0800][3.887s][info][gc,metaspace] GC(45) Metaspace: 5901K(6080K)->5901K(6080K) NonClass: 5239K(5312K)->5239K(5312K) Class: 661K(768K)->661K(768K)
[2026-03-16T18:07:27.218+0800][3.887s][info][gc          ] GC(45) Pause Young (Normal) (G1 Preventive Collection) 62M->61M(64M) 4.077ms
[2026-03-16T18:07:27.218+0800][3.887s][info][gc,cpu      ] GC(45) User=0.00s Sys=0.00s Real=0.00s
[2026-03-16T18:07:27.223+0800][3.892s][info][gc,start    ] GC(46) Pause Young (Normal) (G1 Evacuation Pause)
[2026-03-16T18:07:27.223+0800][3.892s][info][gc,task     ] GC(46) Using 2 workers of 13 for evacuation
[2026-03-16T18:07:27.225+0800][3.895s][info][gc          ] GC(46) To-space exhausted
[2026-03-16T18:07:27.225+0800][3.895s][info][gc,phases   ] GC(46)   Pre Evacuate Collection Set: 0.1ms
[2026-03-16T18:07:27.225+0800][3.895s][info][gc,phases   ] GC(46)   Merge Heap Roots: 0.1ms
[2026-03-16T18:07:27.225+0800][3.895s][info][gc,phases   ] GC(46)   Evacuate Collection Set: 1.0ms
[2026-03-16T18:07:27.226+0800][3.895s][info][gc,phases   ] GC(46)   Post Evacuate Collection Set: 1.5ms
[2026-03-16T18:07:27.226+0800][3.896s][info][gc,phases   ] GC(46)   Other: 0.6ms
[2026-03-16T18:07:27.226+0800][3.896s][info][gc,heap     ] GC(46) Eden regions: 1->0(3)
[2026-03-16T18:07:27.226+0800][3.896s][info][gc,heap     ] GC(46) Survivor regions: 1->0(0)
[2026-03-16T18:07:27.226+0800][3.896s][info][gc,heap     ] GC(46) Old regions: 59->61
[2026-03-16T18:07:27.226+0800][3.896s][info][gc,heap     ] GC(46) Archive regions: 0->0
[2026-03-16T18:07:27.226+0800][3.896s][info][gc,heap     ] GC(46) Humongous regions: 3->3
[2026-03-16T18:07:27.226+0800][3.896s][info][gc,metaspace] GC(46) Metaspace: 5901K(6080K)->5901K(6080K) NonClass: 5239K(5312K)->5239K(5312K) Class: 661K(768K)->661K(768K)
[2026-03-16T18:07:27.226+0800][3.896s][info][gc          ] GC(46) Pause Young (Normal) (G1 Evacuation Pause) 62M->62M(64M) 4.113ms
[2026-03-16T18:07:27.226+0800][3.896s][info][gc,cpu      ] GC(46) User=0.00s Sys=0.00s Real=0.00s
[2026-03-16T18:07:27.226+0800][3.896s][info][gc,ergo     ] Attempting full compaction
[2026-03-16T18:07:27.226+0800][3.896s][info][gc,task     ] GC(47) Using 2 workers of 13 for full compaction
[2026-03-16T18:07:27.227+0800][3.896s][info][gc,start    ] GC(47) Pause Full (G1 Compaction Pause)
[2026-03-16T18:07:27.227+0800][3.897s][info][gc,phases,start] GC(47) Phase 1: Mark live objects
[2026-03-16T18:07:27.259+0800][3.928s][info][gc,phases      ] GC(47) Phase 1: Mark live objects 31.467ms
[2026-03-16T18:07:27.259+0800][3.929s][info][gc,phases,start] GC(47) Phase 2: Prepare for compaction
[2026-03-16T18:07:27.264+0800][3.934s][info][gc,phases      ] GC(47) Phase 2: Prepare for compaction 5.537ms
[2026-03-16T18:07:27.264+0800][3.934s][info][gc,phases,start] GC(47) Phase 3: Adjust pointers
[2026-03-16T18:07:27.282+0800][3.952s][info][gc,phases      ] GC(47) Phase 3: Adjust pointers 17.413ms
[2026-03-16T18:07:27.283+0800][3.952s][info][gc,phases,start] GC(47) Phase 4: Compact heap
[2026-03-16T18:07:27.291+0800][3.961s][info][gc,phases      ] GC(47) Phase 4: Compact heap 8.591ms
[2026-03-16T18:07:27.292+0800][3.963s][info][gc,heap        ] GC(47) Eden regions: 0->0(3)
[2026-03-16T18:07:27.292+0800][3.963s][info][gc,heap        ] GC(47) Survivor regions: 0->0(0)
[2026-03-16T18:07:27.292+0800][3.963s][info][gc,heap        ] GC(47) Old regions: 61->56
[2026-03-16T18:07:27.292+0800][3.963s][info][gc,heap        ] GC(47) Archive regions: 0->0
[2026-03-16T18:07:27.292+0800][3.963s][info][gc,heap        ] GC(47) Humongous regions: 3->3
[2026-03-16T18:07:27.292+0800][3.963s][info][gc,metaspace   ] GC(47) Metaspace: 5901K(6080K)->5801K(6080K) NonClass: 5239K(5312K)->5163K(5312K) Class: 661K(768K)->637K(768K)
[2026-03-16T18:07:27.292+0800][3.963s][info][gc             ] GC(47) Pause Full (G1 Compaction Pause) 62M->57M(64M) 66.616ms
[2026-03-16T18:07:27.294+0800][3.963s][info][gc,cpu         ] GC(47) User=0.08s Sys=0.05s Real=0.07s
[2026-03-16T18:07:27.294+0800][3.964s][info][gc,marking     ] GC(44) Concurrent Mark From Roots 82.401ms
[2026-03-16T18:07:27.294+0800][3.964s][info][gc,marking     ] GC(44) Concurrent Mark Abort
[2026-03-16T18:07:27.294+0800][3.964s][info][gc             ] GC(44) Concurrent Mark Cycle 83.450ms
[2026-03-16T18:07:27.363+0800][4.032s][info][gc,start       ] GC(48) Pause Young (Normal) (G1 Preventive Collection)
[2026-03-16T18:07:27.363+0800][4.033s][info][gc,task        ] GC(48) Using 2 workers of 13 for evacuation
[2026-03-16T18:07:27.366+0800][4.035s][info][gc,phases      ] GC(48)   Pre Evacuate Collection Set: 0.1ms
[2026-03-16T18:07:27.366+0800][4.036s][info][gc,phases      ] GC(48)   Merge Heap Roots: 0.1ms
[2026-03-16T18:07:27.366+0800][4.036s][info][gc,phases      ] GC(48)   Evacuate Collection Set: 2.1ms
[2026-03-16T18:07:27.366+0800][4.036s][info][gc,phases      ] GC(48)   Post Evacuate Collection Set: 0.4ms
[2026-03-16T18:07:27.366+0800][4.036s][info][gc,phases      ] GC(48)   Other: 0.5ms
[2026-03-16T18:07:27.366+0800][4.036s][info][gc,heap        ] GC(48) Eden regions: 3->0(2)
[2026-03-16T18:07:27.366+0800][4.036s][info][gc,heap        ] GC(48) Survivor regions: 0->1(1)
[2026-03-16T18:07:27.366+0800][4.036s][info][gc,heap        ] GC(48) Old regions: 56->56
[2026-03-16T18:07:27.366+0800][4.036s][info][gc,heap        ] GC(48) Archive regions: 0->0
[2026-03-16T18:07:27.367+0800][4.036s][info][gc,heap        ] GC(48) Humongous regions: 3->3
[2026-03-16T18:07:27.367+0800][4.037s][info][gc,metaspace   ] GC(48) Metaspace: 5801K(6080K)->5801K(6080K) NonClass: 5163K(5312K)->5163K(5312K) Class: 637K(768K)->637K(768K)
[2026-03-16T18:07:27.367+0800][4.037s][info][gc             ] GC(48) Pause Young (Normal) (G1 Preventive Collection) 60M->58M(64M) 4.246ms
[2026-03-16T18:07:27.367+0800][4.037s][info][gc,cpu         ] GC(48) User=0.00s Sys=0.00s Real=0.00s
[2026-03-16T18:07:27.436+0800][4.105s][info][gc,start       ] GC(49) Pause Young (Concurrent Start) (G1 Preventive Collection)
[2026-03-16T18:07:27.441+0800][4.110s][info][gc,task        ] GC(49) Using 2 workers of 13 for evacuation
[2026-03-16T18:07:27.443+0800][4.113s][info][gc,phases      ] GC(49)   Pre Evacuate Collection Set: 0.3ms
[2026-03-16T18:07:27.443+0800][4.113s][info][gc,phases      ] GC(49)   Merge Heap Roots: 0.1ms
[2026-03-16T18:07:27.444+0800][4.113s][info][gc,phases      ] GC(49)   Evacuate Collection Set: 1.2ms
[2026-03-16T18:07:27.444+0800][4.113s][info][gc,phases      ] GC(49)   Post Evacuate Collection Set: 0.4ms
[2026-03-16T18:07:27.444+0800][4.113s][info][gc,phases      ] GC(49)   Other: 5.7ms
[2026-03-16T18:07:27.444+0800][4.113s][info][gc,heap        ] GC(49) Eden regions: 2->0(2)
[2026-03-16T18:07:27.444+0800][4.114s][info][gc,heap        ] GC(49) Survivor regions: 1->1(1)
[2026-03-16T18:07:27.444+0800][4.114s][info][gc,heap        ] GC(49) Old regions: 56->57
[2026-03-16T18:07:27.444+0800][4.114s][info][gc,heap        ] GC(49) Archive regions: 0->0
[2026-03-16T18:07:27.444+0800][4.114s][info][gc,heap        ] GC(49) Humongous regions: 3->3
[2026-03-16T18:07:27.444+0800][4.114s][info][gc,metaspace   ] GC(49) Metaspace: 5801K(6080K)->5801K(6080K) NonClass: 5163K(5312K)->5163K(5312K) Class: 637K(768K)->637K(768K)
[2026-03-16T18:07:27.444+0800][4.114s][info][gc             ] GC(49) Pause Young (Concurrent Start) (G1 Preventive Collection) 60M->59M(64M) 8.586ms
[2026-03-16T18:07:27.444+0800][4.114s][info][gc,cpu         ] GC(49) User=0.00s Sys=0.00s Real=0.01s
[2026-03-16T18:07:27.444+0800][4.114s][info][gc             ] GC(50) Concurrent Mark Cycle
[2026-03-16T18:07:27.444+0800][4.114s][info][gc,marking     ] GC(50) Concurrent Clear Claimed Marks
[2026-03-16T18:07:27.444+0800][4.114s][info][gc,marking     ] GC(50) Concurrent Clear Claimed Marks 0.137ms
[2026-03-16T18:07:27.444+0800][4.115s][info][gc,marking     ] GC(50) Concurrent Scan Root Regions
[2026-03-16T18:07:27.445+0800][4.115s][info][gc,marking     ] GC(50) Concurrent Scan Root Regions 0.415ms
[2026-03-16T18:07:27.445+0800][4.115s][info][gc,marking     ] GC(50) Concurrent Mark
[2026-03-16T18:07:27.445+0800][4.115s][info][gc,marking     ] GC(50) Concurrent Mark From Roots
[2026-03-16T18:07:27.445+0800][4.115s][info][gc,task        ] GC(50) Using 3 workers of 3 for marking
[2026-03-16T18:07:27.447+0800][4.117s][info][gc,start       ] GC(51) Pause Young (Normal) (G1 Preventive Collection)
[2026-03-16T18:07:27.447+0800][4.117s][info][gc,task        ] GC(51) Using 2 workers of 13 for evacuation
[2026-03-16T18:07:27.449+0800][4.119s][info][gc,phases      ] GC(51)   Pre Evacuate Collection Set: 0.1ms
[2026-03-16T18:07:27.449+0800][4.119s][info][gc,phases      ] GC(51)   Merge Heap Roots: 0.1ms
[2026-03-16T18:07:27.449+0800][4.119s][info][gc,phases      ] GC(51)   Evacuate Collection Set: 0.9ms
[2026-03-16T18:07:27.449+0800][4.119s][info][gc,phases      ] GC(51)   Post Evacuate Collection Set: 0.3ms
[2026-03-16T18:07:27.449+0800][4.119s][info][gc,phases      ] GC(51)   Other: 0.4ms
[2026-03-16T18:07:27.449+0800][4.119s][info][gc,heap        ] GC(51) Eden regions: 1->0(2)
[2026-03-16T18:07:27.449+0800][4.119s][info][gc,heap        ] GC(51) Survivor regions: 1->1(1)
[2026-03-16T18:07:27.449+0800][4.119s][info][gc,heap        ] GC(51) Old regions: 57->58
[2026-03-16T18:07:27.449+0800][4.119s][info][gc,heap        ] GC(51) Archive regions: 0->0
[2026-03-16T18:07:27.449+0800][4.119s][info][gc,heap        ] GC(51) Humongous regions: 3->3
[2026-03-16T18:07:27.449+0800][4.119s][info][gc,metaspace   ] GC(51) Metaspace: 5801K(6080K)->5801K(6080K) NonClass: 5163K(5312K)->5163K(5312K) Class: 637K(768K)->637K(768K)
[2026-03-16T18:07:27.449+0800][4.119s][info][gc             ] GC(51) Pause Young (Normal) (G1 Preventive Collection) 60M->59M(64M) 2.301ms
[2026-03-16T18:07:27.449+0800][4.119s][info][gc,cpu         ] GC(51) User=0.00s Sys=0.00s Real=0.00s
[2026-03-16T18:07:27.452+0800][4.122s][info][gc,start       ] GC(52) Pause Young (Normal) (G1 Preventive Collection)
[2026-03-16T18:07:27.452+0800][4.123s][info][gc,task        ] GC(52) Using 2 workers of 13 for evacuation
[2026-03-16T18:07:27.454+0800][4.124s][info][gc,phases      ] GC(52)   Pre Evacuate Collection Set: 0.1ms
[2026-03-16T18:07:27.454+0800][4.124s][info][gc,phases      ] GC(52)   Merge Heap Roots: 0.1ms
[2026-03-16T18:07:27.454+0800][4.124s][info][gc,phases      ] GC(52)   Evacuate Collection Set: 0.6ms
[2026-03-16T18:07:27.455+0800][4.124s][info][gc,phases      ] GC(52)   Post Evacuate Collection Set: 0.4ms
[2026-03-16T18:07:27.455+0800][4.124s][info][gc,phases      ] GC(52)   Other: 0.4ms
[2026-03-16T18:07:27.455+0800][4.124s][info][gc,heap        ] GC(52) Eden regions: 1->0(2)
[2026-03-16T18:07:27.455+0800][4.124s][info][gc,heap        ] GC(52) Survivor regions: 1->1(1)
[2026-03-16T18:07:27.455+0800][4.125s][info][gc,heap        ] GC(52) Old regions: 58->58
[2026-03-16T18:07:27.455+0800][4.125s][info][gc,heap        ] GC(52) Archive regions: 0->0
[2026-03-16T18:07:27.455+0800][4.125s][info][gc,heap        ] GC(52) Humongous regions: 3->3
[2026-03-16T18:07:27.455+0800][4.125s][info][gc,metaspace   ] GC(52) Metaspace: 5801K(6080K)->5801K(6080K) NonClass: 5163K(5312K)->5163K(5312K) Class: 637K(768K)->637K(768K)
[2026-03-16T18:07:27.455+0800][4.125s][info][gc             ] GC(52) Pause Young (Normal) (G1 Preventive Collection) 60M->59M(64M) 2.476ms
[2026-03-16T18:07:27.455+0800][4.125s][info][gc,cpu         ] GC(52) User=0.02s Sys=0.02s Real=0.00s
[2026-03-16T18:07:27.461+0800][4.131s][info][gc,start       ] GC(53) Pause Young (Normal) (G1 Preventive Collection)
[2026-03-16T18:07:27.462+0800][4.131s][info][gc,task        ] GC(53) Using 2 workers of 13 for evacuation
[2026-03-16T18:07:27.463+0800][4.133s][info][gc,phases      ] GC(53)   Pre Evacuate Collection Set: 0.1ms
[2026-03-16T18:07:27.463+0800][4.133s][info][gc,phases      ] GC(53)   Merge Heap Roots: 0.1ms
[2026-03-16T18:07:27.463+0800][4.133s][info][gc,phases      ] GC(53)   Evacuate Collection Set: 0.9ms
[2026-03-16T18:07:27.463+0800][4.133s][info][gc,phases      ] GC(53)   Post Evacuate Collection Set: 0.3ms
[2026-03-16T18:07:27.463+0800][4.133s][info][gc,phases      ] GC(53)   Other: 0.5ms
[2026-03-16T18:07:27.464+0800][4.133s][info][gc,heap        ] GC(53) Eden regions: 1->0(2)
[2026-03-16T18:07:27.464+0800][4.133s][info][gc,heap        ] GC(53) Survivor regions: 1->1(1)
[2026-03-16T18:07:27.464+0800][4.133s][info][gc,heap        ] GC(53) Old regions: 58->58
[2026-03-16T18:07:27.464+0800][4.133s][info][gc,heap        ] GC(53) Archive regions: 0->0
[2026-03-16T18:07:27.464+0800][4.134s][info][gc,heap        ] GC(53) Humongous regions: 3->3
[2026-03-16T18:07:27.464+0800][4.134s][info][gc,metaspace   ] GC(53) Metaspace: 5801K(6080K)->5801K(6080K) NonClass: 5163K(5312K)->5163K(5312K) Class: 637K(768K)->637K(768K)
[2026-03-16T18:07:27.464+0800][4.134s][info][gc             ] GC(53) Pause Young (Normal) (G1 Preventive Collection) 60M->59M(64M) 2.748ms
[2026-03-16T18:07:27.464+0800][4.134s][info][gc,cpu         ] GC(53) User=0.00s Sys=0.00s Real=0.00s
[2026-03-16T18:07:27.474+0800][4.144s][info][gc,marking     ] GC(50) Concurrent Mark From Roots 28.664ms
[2026-03-16T18:07:27.474+0800][4.144s][info][gc,marking     ] GC(50) Concurrent Preclean
[2026-03-16T18:07:27.475+0800][4.144s][info][gc,marking     ] GC(50) Concurrent Preclean 0.346ms
[2026-03-16T18:07:27.475+0800][4.145s][info][gc,start       ] GC(50) Pause Remark
[2026-03-16T18:07:27.477+0800][4.146s][info][gc             ] GC(50) Pause Remark 60M->60M(64M) 1.785ms
[2026-03-16T18:07:27.477+0800][4.147s][info][gc,cpu         ] GC(50) User=0.00s Sys=0.00s Real=0.00s
[2026-03-16T18:07:27.477+0800][4.147s][info][gc,marking     ] GC(50) Concurrent Mark 31.675ms
[2026-03-16T18:07:27.477+0800][4.147s][info][gc,marking     ] GC(50) Concurrent Rebuild Remembered Sets
[2026-03-16T18:07:27.492+0800][4.161s][info][gc,marking     ] GC(50) Concurrent Rebuild Remembered Sets 14.007ms
[2026-03-16T18:07:27.492+0800][4.161s][info][gc,start       ] GC(50) Pause Cleanup
[2026-03-16T18:07:27.492+0800][4.162s][info][gc             ] GC(50) Pause Cleanup 60M->60M(64M) 0.303ms
[2026-03-16T18:07:27.493+0800][4.162s][info][gc,cpu         ] GC(50) User=0.00s Sys=0.00s Real=0.00s
[2026-03-16T18:07:27.493+0800][4.162s][info][gc,marking     ] GC(50) Concurrent Cleanup for Next Mark
[2026-03-16T18:07:27.493+0800][4.162s][info][gc,marking     ] GC(50) Concurrent Cleanup for Next Mark 0.417ms
[2026-03-16T18:07:27.493+0800][4.163s][info][gc             ] GC(50) Concurrent Mark Cycle 48.510ms
[2026-03-16T18:07:27.533+0800][4.202s][info][gc,start       ] GC(54) Pause Young (Normal) (G1 Preventive Collection)
[2026-03-16T18:07:27.533+0800][4.203s][info][gc,task        ] GC(54) Using 2 workers of 13 for evacuation
[2026-03-16T18:07:27.534+0800][4.204s][info][gc,phases      ] GC(54)   Pre Evacuate Collection Set: 0.1ms
[2026-03-16T18:07:27.534+0800][4.204s][info][gc,phases      ] GC(54)   Merge Heap Roots: 0.1ms
[2026-03-16T18:07:27.534+0800][4.204s][info][gc,phases      ] GC(54)   Evacuate Collection Set: 0.8ms
[2026-03-16T18:07:27.534+0800][4.204s][info][gc,phases      ] GC(54)   Post Evacuate Collection Set: 0.3ms
[2026-03-16T18:07:27.534+0800][4.204s][info][gc,phases      ] GC(54)   Other: 0.4ms
[2026-03-16T18:07:27.535+0800][4.205s][info][gc,heap        ] GC(54) Eden regions: 1->0(2)
[2026-03-16T18:07:27.535+0800][4.205s][info][gc,heap        ] GC(54) Survivor regions: 1->1(1)
[2026-03-16T18:07:27.535+0800][4.205s][info][gc,heap        ] GC(54) Old regions: 58->58
[2026-03-16T18:07:27.535+0800][4.205s][info][gc,heap        ] GC(54) Archive regions: 0->0
[2026-03-16T18:07:27.535+0800][4.205s][info][gc,heap        ] GC(54) Humongous regions: 3->3
[2026-03-16T18:07:27.535+0800][4.205s][info][gc,metaspace   ] GC(54) Metaspace: 5801K(6080K)->5801K(6080K) NonClass: 5163K(5312K)->5163K(5312K) Class: 637K(768K)->637K(768K)
[2026-03-16T18:07:27.535+0800][4.205s][info][gc             ] GC(54) Pause Young (Normal) (G1 Preventive Collection) 60M->60M(64M) 2.605ms
[2026-03-16T18:07:27.535+0800][4.205s][info][gc,cpu         ] GC(54) User=0.00s Sys=0.00s Real=0.00s
[2026-03-16T18:07:27.538+0800][4.208s][info][gc,start       ] GC(55) Pause Young (Concurrent Start) (G1 Preventive Collection)
[2026-03-16T18:07:27.538+0800][4.208s][info][gc,task        ] GC(55) Using 2 workers of 13 for evacuation
[2026-03-16T18:07:27.540+0800][4.210s][info][gc             ] GC(55) To-space exhausted
[2026-03-16T18:07:27.541+0800][4.211s][info][gc,phases      ] GC(55)   Pre Evacuate Collection Set: 0.1ms
[2026-03-16T18:07:27.541+0800][4.211s][info][gc,phases      ] GC(55)   Merge Heap Roots: 0.1ms
[2026-03-16T18:07:27.541+0800][4.211s][info][gc,phases      ] GC(55)   Evacuate Collection Set: 1.1ms
[2026-03-16T18:07:27.541+0800][4.211s][info][gc,phases      ] GC(55)   Post Evacuate Collection Set: 0.8ms
[2026-03-16T18:07:27.541+0800][4.211s][info][gc,phases      ] GC(55)   Other: 0.6ms
[2026-03-16T18:07:27.541+0800][4.211s][info][gc,heap        ] GC(55) Eden regions: 1->0(2)
[2026-03-16T18:07:27.541+0800][4.211s][info][gc,heap        ] GC(55) Survivor regions: 1->1(1)
[2026-03-16T18:07:27.541+0800][4.211s][info][gc,heap        ] GC(55) Old regions: 58->59
[2026-03-16T18:07:27.541+0800][4.211s][info][gc,heap        ] GC(55) Archive regions: 0->0
[2026-03-16T18:07:27.541+0800][4.211s][info][gc,heap        ] GC(55) Humongous regions: 3->3
[2026-03-16T18:07:27.541+0800][4.211s][info][gc,metaspace   ] GC(55) Metaspace: 5801K(6080K)->5801K(6080K) NonClass: 5163K(5312K)->5163K(5312K) Class: 637K(768K)->637K(768K)
[2026-03-16T18:07:27.541+0800][4.211s][info][gc             ] GC(55) Pause Young (Concurrent Start) (G1 Preventive Collection) 61M->60M(64M) 3.504ms
[2026-03-16T18:07:27.542+0800][4.212s][info][gc,cpu         ] GC(55) User=0.00s Sys=0.00s Real=0.00s
[2026-03-16T18:07:27.542+0800][4.212s][info][gc             ] GC(56) Concurrent Mark Cycle
[2026-03-16T18:07:27.542+0800][4.212s][info][gc,marking     ] GC(56) Concurrent Clear Claimed Marks
[2026-03-16T18:07:27.542+0800][4.212s][info][gc,marking     ] GC(56) Concurrent Clear Claimed Marks 0.058ms
[2026-03-16T18:07:27.542+0800][4.212s][info][gc,marking     ] GC(56) Concurrent Scan Root Regions
[2026-03-16T18:07:27.542+0800][4.212s][info][gc,marking     ] GC(56) Concurrent Scan Root Regions 0.309ms
[2026-03-16T18:07:27.542+0800][4.212s][info][gc,marking     ] GC(56) Concurrent Mark
[2026-03-16T18:07:27.542+0800][4.212s][info][gc,marking     ] GC(56) Concurrent Mark From Roots
[2026-03-16T18:07:27.543+0800][4.213s][info][gc,task        ] GC(56) Using 3 workers of 3 for marking
[2026-03-16T18:07:27.546+0800][4.215s][info][gc,start       ] GC(57) Pause Young (Normal) (G1 Evacuation Pause)
[2026-03-16T18:07:27.546+0800][4.216s][info][gc,task        ] GC(57) Using 2 workers of 13 for evacuation
[2026-03-16T18:07:27.549+0800][4.219s][info][gc             ] GC(57) To-space exhausted
[2026-03-16T18:07:27.549+0800][4.219s][info][gc,phases      ] GC(57)   Pre Evacuate Collection Set: 0.1ms
[2026-03-16T18:07:27.550+0800][4.219s][info][gc,phases      ] GC(57)   Merge Heap Roots: 0.1ms
[2026-03-16T18:07:27.550+0800][4.219s][info][gc,phases      ] GC(57)   Evacuate Collection Set: 1.6ms
[2026-03-16T18:07:27.550+0800][4.219s][info][gc,phases      ] GC(57)   Post Evacuate Collection Set: 1.2ms
[2026-03-16T18:07:27.550+0800][4.219s][info][gc,phases      ] GC(57)   Other: 0.6ms
[2026-03-16T18:07:27.550+0800][4.219s][info][gc,heap        ] GC(57) Eden regions: 1->0(3)
[2026-03-16T18:07:27.550+0800][4.219s][info][gc,heap        ] GC(57) Survivor regions: 1->0(0)
[2026-03-16T18:07:27.550+0800][4.220s][info][gc,heap        ] GC(57) Old regions: 59->61
[2026-03-16T18:07:27.550+0800][4.220s][info][gc,heap        ] GC(57) Archive regions: 0->0
[2026-03-16T18:07:27.550+0800][4.220s][info][gc,heap        ] GC(57) Humongous regions: 3->3
[2026-03-16T18:07:27.550+0800][4.220s][info][gc,metaspace   ] GC(57) Metaspace: 5801K(6080K)->5801K(6080K) NonClass: 5163K(5312K)->5163K(5312K) Class: 637K(768K)->637K(768K)
[2026-03-16T18:07:27.550+0800][4.220s][info][gc             ] GC(57) Pause Young (Normal) (G1 Evacuation Pause) 61M->61M(64M) 4.336ms
[2026-03-16T18:07:27.550+0800][4.220s][info][gc,cpu         ] GC(57) User=0.03s Sys=0.00s Real=0.00s
[2026-03-16T18:07:27.550+0800][4.220s][info][gc,ergo        ] Attempting full compaction
[2026-03-16T18:07:27.551+0800][4.220s][info][gc,task        ] GC(58) Using 2 workers of 13 for full compaction
[2026-03-16T18:07:27.551+0800][4.220s][info][gc,start       ] GC(58) Pause Full (G1 Compaction Pause)
[2026-03-16T18:07:27.551+0800][4.221s][info][gc,phases,start] GC(58) Phase 1: Mark live objects
[2026-03-16T18:07:27.584+0800][4.254s][info][gc,phases      ] GC(58) Phase 1: Mark live objects 32.960ms
[2026-03-16T18:07:27.584+0800][4.254s][info][gc,phases,start] GC(58) Phase 2: Prepare for compaction
[2026-03-16T18:07:27.585+0800][4.255s][info][gc,phases      ] GC(58) Phase 2: Prepare for compaction 1.201ms
[2026-03-16T18:07:27.585+0800][4.255s][info][gc,phases,start] GC(58) Phase 3: Adjust pointers
[2026-03-16T18:07:27.602+0800][4.272s][info][gc,phases      ] GC(58) Phase 3: Adjust pointers 16.272ms
[2026-03-16T18:07:27.602+0800][4.272s][info][gc,phases,start] GC(58) Phase 4: Compact heap
[2026-03-16T18:07:27.603+0800][4.273s][info][gc,phases      ] GC(58) Phase 4: Compact heap 0.889ms
[2026-03-16T18:07:27.605+0800][4.275s][info][gc,heap        ] GC(58) Eden regions: 0->0(3)
[2026-03-16T18:07:27.605+0800][4.275s][info][gc,heap        ] GC(58) Survivor regions: 0->0(0)
[2026-03-16T18:07:27.605+0800][4.275s][info][gc,heap        ] GC(58) Old regions: 61->59
[2026-03-16T18:07:27.605+0800][4.275s][info][gc,heap        ] GC(58) Archive regions: 0->0
[2026-03-16T18:07:27.605+0800][4.275s][info][gc,heap        ] GC(58) Humongous regions: 3->3
[2026-03-16T18:07:27.605+0800][4.275s][info][gc,metaspace   ] GC(58) Metaspace: 5801K(6080K)->5801K(6080K) NonClass: 5163K(5312K)->5163K(5312K) Class: 637K(768K)->637K(768K)
[2026-03-16T18:07:27.605+0800][4.275s][info][gc             ] GC(58) Pause Full (G1 Compaction Pause) 61M->60M(64M) 55.022ms
[2026-03-16T18:07:27.606+0800][4.276s][info][gc,cpu         ] GC(58) User=0.08s Sys=0.00s Real=0.05s
[2026-03-16T18:07:27.606+0800][4.276s][info][gc,marking     ] GC(56) Concurrent Mark From Roots 63.793ms
[2026-03-16T18:07:27.607+0800][4.276s][info][gc,marking     ] GC(56) Concurrent Mark Abort
[2026-03-16T18:07:27.607+0800][4.277s][info][gc             ] GC(56) Concurrent Mark Cycle 64.879ms
[2026-03-16T18:07:27.609+0800][4.279s][info][gc,start       ] GC(59) Pause Young (Normal) (G1 Preventive Collection)
[2026-03-16T18:07:27.609+0800][4.279s][info][gc,task        ] GC(59) Using 2 workers of 13 for evacuation
[2026-03-16T18:07:27.611+0800][4.280s][info][gc,phases      ] GC(59)   Pre Evacuate Collection Set: 0.1ms
[2026-03-16T18:07:27.611+0800][4.281s][info][gc,phases      ] GC(59)   Merge Heap Roots: 0.1ms
[2026-03-16T18:07:27.611+0800][4.281s][info][gc,phases      ] GC(59)   Evacuate Collection Set: 0.4ms
[2026-03-16T18:07:27.611+0800][4.281s][info][gc,phases      ] GC(59)   Post Evacuate Collection Set: 0.4ms
[2026-03-16T18:07:27.611+0800][4.281s][info][gc,phases      ] GC(59)   Other: 0.4ms
[2026-03-16T18:07:27.611+0800][4.281s][info][gc,heap        ] GC(59) Eden regions: 1->0(2)
[2026-03-16T18:07:27.611+0800][4.281s][info][gc,heap        ] GC(59) Survivor regions: 0->1(1)
[2026-03-16T18:07:27.611+0800][4.281s][info][gc,heap        ] GC(59) Old regions: 59->59
[2026-03-16T18:07:27.611+0800][4.281s][info][gc,heap        ] GC(59) Archive regions: 0->0
[2026-03-16T18:07:27.611+0800][4.281s][info][gc,heap        ] GC(59) Humongous regions: 3->3
[2026-03-16T18:07:27.611+0800][4.281s][info][gc,metaspace   ] GC(59) Metaspace: 5803K(6144K)->5803K(6144K) NonClass: 5166K(5376K)->5166K(5376K) Class: 637K(768K)->637K(768K)
[2026-03-16T18:07:27.612+0800][4.281s][info][gc             ] GC(59) Pause Young (Normal) (G1 Preventive Collection) 61M->60M(64M) 2.386ms
[2026-03-16T18:07:27.612+0800][4.281s][info][gc,cpu         ] GC(59) User=0.03s Sys=0.02s Real=0.00s
[2026-03-16T18:07:27.669+0800][4.340s][info][gc,start       ] GC(60) Pause Young (Concurrent Start) (G1 Evacuation Pause)
[2026-03-16T18:07:27.670+0800][4.340s][info][gc,task        ] GC(60) Using 2 workers of 13 for evacuation
[2026-03-16T18:07:27.672+0800][4.343s][info][gc             ] GC(60) To-space exhausted
[2026-03-16T18:07:27.672+0800][4.343s][info][gc,phases      ] GC(60)   Pre Evacuate Collection Set: 0.1ms
[2026-03-16T18:07:27.672+0800][4.343s][info][gc,phases      ] GC(60)   Merge Heap Roots: 0.1ms
[2026-03-16T18:07:27.672+0800][4.343s][info][gc,phases      ] GC(60)   Evacuate Collection Set: 1.3ms
[2026-03-16T18:07:27.672+0800][4.343s][info][gc,phases      ] GC(60)   Post Evacuate Collection Set: 1.3ms
[2026-03-16T18:07:27.674+0800][4.343s][info][gc,phases      ] GC(60)   Other: 0.7ms
[2026-03-16T18:07:27.674+0800][4.343s][info][gc,heap        ] GC(60) Eden regions: 1->0(3)
[2026-03-16T18:07:27.674+0800][4.343s][info][gc,heap        ] GC(60) Survivor regions: 1->0(0)
[2026-03-16T18:07:27.674+0800][4.343s][info][gc,heap        ] GC(60) Old regions: 59->61
[2026-03-16T18:07:27.674+0800][4.343s][info][gc,heap        ] GC(60) Archive regions: 0->0
[2026-03-16T18:07:27.674+0800][4.343s][info][gc,heap        ] GC(60) Humongous regions: 3->3
[2026-03-16T18:07:27.674+0800][4.343s][info][gc,metaspace   ] GC(60) Metaspace: 5803K(6144K)->5803K(6144K) NonClass: 5166K(5376K)->5166K(5376K) Class: 637K(768K)->637K(768K)
[2026-03-16T18:07:27.674+0800][4.343s][info][gc             ] GC(60) Pause Young (Concurrent Start) (G1 Evacuation Pause) 61M->61M(64M) 3.932ms
[2026-03-16T18:07:27.674+0800][4.344s][info][gc,cpu         ] GC(60) User=0.00s Sys=0.02s Real=0.01s
[2026-03-16T18:07:27.674+0800][4.344s][info][gc,ergo        ] Attempting full compaction
[2026-03-16T18:07:27.674+0800][4.344s][info][gc             ] GC(61) Concurrent Mark Cycle
[2026-03-16T18:07:27.674+0800][4.344s][info][gc,task        ] GC(62) Using 2 workers of 13 for full compaction
[2026-03-16T18:07:27.674+0800][4.344s][info][gc,marking     ] GC(61) Concurrent Clear Claimed Marks
[2026-03-16T18:07:27.674+0800][4.344s][info][gc,start       ] GC(62) Pause Full (G1 Compaction Pause)
[2026-03-16T18:07:27.674+0800][4.344s][info][gc,marking     ] GC(61) Concurrent Clear Claimed Marks 0.260ms
[2026-03-16T18:07:27.675+0800][4.344s][info][gc,marking     ] GC(61) Concurrent Scan Root Regions
[2026-03-16T18:07:27.675+0800][4.344s][info][gc,marking     ] GC(61) Concurrent Scan Root Regions 0.081ms
[2026-03-16T18:07:27.675+0800][4.344s][info][gc,marking     ] GC(61) Concurrent Mark
[2026-03-16T18:07:27.675+0800][4.345s][info][gc,phases,start] GC(62) Phase 1: Mark live objects
[2026-03-16T18:07:27.675+0800][4.345s][info][gc,marking     ] GC(61) Concurrent Mark From Roots
[2026-03-16T18:07:27.675+0800][4.345s][info][gc,task        ] GC(61) Using 3 workers of 3 for marking
[2026-03-16T18:07:27.708+0800][4.378s][info][gc,phases      ] GC(62) Phase 1: Mark live objects 33.289ms
[2026-03-16T18:07:27.708+0800][4.378s][info][gc,phases,start] GC(62) Phase 2: Prepare for compaction
[2026-03-16T18:07:27.709+0800][4.379s][info][gc,phases      ] GC(62) Phase 2: Prepare for compaction 0.553ms
[2026-03-16T18:07:27.709+0800][4.379s][info][gc,phases,start] GC(62) Phase 3: Adjust pointers
[2026-03-16T18:07:27.720+0800][4.390s][info][gc,phases      ] GC(62) Phase 3: Adjust pointers 11.638ms
[2026-03-16T18:07:27.720+0800][4.391s][info][gc,phases,start] GC(62) Phase 4: Compact heap
[2026-03-16T18:07:27.721+0800][4.391s][info][gc,phases      ] GC(62) Phase 4: Compact heap 0.486ms
[2026-03-16T18:07:27.722+0800][4.392s][info][gc,heap        ] GC(62) Eden regions: 0->0(3)
[2026-03-16T18:07:27.722+0800][4.392s][info][gc,heap        ] GC(62) Survivor regions: 0->0(0)
[2026-03-16T18:07:27.722+0800][4.392s][info][gc,heap        ] GC(62) Old regions: 61->59
[2026-03-16T18:07:27.722+0800][4.392s][info][gc,heap        ] GC(62) Archive regions: 0->0
[2026-03-16T18:07:27.722+0800][4.392s][info][gc,heap        ] GC(62) Humongous regions: 3->3
[2026-03-16T18:07:27.722+0800][4.392s][info][gc,metaspace   ] GC(62) Metaspace: 5803K(6144K)->5803K(6144K) NonClass: 5166K(5376K)->5166K(5376K) Class: 637K(768K)->637K(768K)
[2026-03-16T18:07:27.722+0800][4.392s][info][gc             ] GC(62) Pause Full (G1 Compaction Pause) 61M->61M(64M) 48.424ms
[2026-03-16T18:07:27.722+0800][4.393s][info][gc,cpu         ] GC(62) User=0.09s Sys=0.02s Real=0.05s
[2026-03-16T18:07:27.722+0800][4.393s][info][gc,marking     ] GC(61) Concurrent Mark From Roots 48.167ms
[2026-03-16T18:07:27.722+0800][4.393s][info][gc,marking     ] GC(61) Concurrent Mark Abort
[2026-03-16T18:07:27.722+0800][4.393s][info][gc             ] GC(61) Concurrent Mark Cycle 49.274ms
[2026-03-16T18:07:27.726+0800][4.395s][info][gc,start       ] GC(63) Pause Young (Normal) (G1 Preventive Collection)
[2026-03-16T18:07:27.726+0800][4.395s][info][gc,task        ] GC(63) Using 2 workers of 13 for evacuation
[2026-03-16T18:07:27.727+0800][4.397s][info][gc,phases      ] GC(63)   Pre Evacuate Collection Set: 0.1ms
[2026-03-16T18:07:27.727+0800][4.397s][info][gc,phases      ] GC(63)   Merge Heap Roots: 0.1ms
[2026-03-16T18:07:27.727+0800][4.397s][info][gc,phases      ] GC(63)   Evacuate Collection Set: 0.6ms
[2026-03-16T18:07:27.727+0800][4.397s][info][gc,phases      ] GC(63)   Post Evacuate Collection Set: 0.3ms
[2026-03-16T18:07:27.727+0800][4.397s][info][gc,phases      ] GC(63)   Other: 0.4ms
[2026-03-16T18:07:27.727+0800][4.397s][info][gc,heap        ] GC(63) Eden regions: 1->0(2)
[2026-03-16T18:07:27.727+0800][4.397s][info][gc,heap        ] GC(63) Survivor regions: 0->1(1)
[2026-03-16T18:07:27.728+0800][4.397s][info][gc,heap        ] GC(63) Old regions: 59->59
[2026-03-16T18:07:27.728+0800][4.397s][info][gc,heap        ] GC(63) Archive regions: 0->0
[2026-03-16T18:07:27.728+0800][4.397s][info][gc,heap        ] GC(63) Humongous regions: 3->3
[2026-03-16T18:07:27.728+0800][4.397s][info][gc,metaspace   ] GC(63) Metaspace: 5804K(6144K)->5804K(6144K) NonClass: 5167K(5376K)->5167K(5376K) Class: 637K(768K)->637K(768K)
[2026-03-16T18:07:27.728+0800][4.398s][info][gc             ] GC(63) Pause Young (Normal) (G1 Preventive Collection) 62M->61M(64M) 2.217ms
[2026-03-16T18:07:27.728+0800][4.398s][info][gc,cpu         ] GC(63) User=0.00s Sys=0.00s Real=0.00s
[2026-03-16T18:07:27.731+0800][4.400s][info][gc,start       ] GC(64) Pause Young (Concurrent Start) (G1 Evacuation Pause)
[2026-03-16T18:07:27.731+0800][4.401s][info][gc,task        ] GC(64) Using 2 workers of 13 for evacuation
[2026-03-16T18:07:27.734+0800][4.403s][info][gc             ] GC(64) To-space exhausted
[2026-03-16T18:07:27.734+0800][4.404s][info][gc,phases      ] GC(64)   Pre Evacuate Collection Set: 0.1ms
[2026-03-16T18:07:27.734+0800][4.404s][info][gc,phases      ] GC(64)   Merge Heap Roots: 0.0ms
[2026-03-16T18:07:27.734+0800][4.404s][info][gc,phases      ] GC(64)   Evacuate Collection Set: 1.3ms
[2026-03-16T18:07:27.734+0800][4.404s][info][gc,phases      ] GC(64)   Post Evacuate Collection Set: 1.2ms
[2026-03-16T18:07:27.734+0800][4.404s][info][gc,phases      ] GC(64)   Other: 0.7ms
[2026-03-16T18:07:27.734+0800][4.404s][info][gc,heap        ] GC(64) Eden regions: 1->0(3)
[2026-03-16T18:07:27.734+0800][4.404s][info][gc,heap        ] GC(64) Survivor regions: 1->0(0)
[2026-03-16T18:07:27.734+0800][4.404s][info][gc,heap        ] GC(64) Old regions: 59->61
[2026-03-16T18:07:27.734+0800][4.404s][info][gc,heap        ] GC(64) Archive regions: 0->0
[2026-03-16T18:07:27.734+0800][4.404s][info][gc,heap        ] GC(64) Humongous regions: 3->3
[2026-03-16T18:07:27.734+0800][4.404s][info][gc,metaspace   ] GC(64) Metaspace: 5809K(6144K)->5809K(6144K) NonClass: 5170K(5376K)->5170K(5376K) Class: 638K(768K)->638K(768K)
[2026-03-16T18:07:27.734+0800][4.404s][info][gc             ] GC(64) Pause Young (Concurrent Start) (G1 Evacuation Pause) 62M->62M(64M) 4.147ms
[2026-03-16T18:07:27.734+0800][4.405s][info][gc,cpu         ] GC(64) User=0.00s Sys=0.00s Real=0.00s
[2026-03-16T18:07:27.734+0800][4.405s][info][gc,ergo        ] Attempting full compaction
[2026-03-16T18:07:27.734+0800][4.405s][info][gc             ] GC(65) Concurrent Mark Cycle
[2026-03-16T18:07:27.734+0800][4.405s][info][gc,task        ] GC(66) Using 2 workers of 13 for full compaction
[2026-03-16T18:07:27.735+0800][4.405s][info][gc,marking     ] GC(65) Concurrent Clear Claimed Marks
[2026-03-16T18:07:27.735+0800][4.405s][info][gc,start       ] GC(66) Pause Full (G1 Compaction Pause)
[2026-03-16T18:07:27.735+0800][4.405s][info][gc,marking     ] GC(65) Concurrent Clear Claimed Marks 0.326ms
[2026-03-16T18:07:27.735+0800][4.405s][info][gc,marking     ] GC(65) Concurrent Scan Root Regions
[2026-03-16T18:07:27.735+0800][4.406s][info][gc,marking     ] GC(65) Concurrent Scan Root Regions 0.077ms
[2026-03-16T18:07:27.735+0800][4.406s][info][gc,phases,start] GC(66) Phase 1: Mark live objects
[2026-03-16T18:07:27.768+0800][4.438s][info][gc,phases      ] GC(66) Phase 1: Mark live objects 32.083ms
[2026-03-16T18:07:27.768+0800][4.438s][info][gc,phases,start] GC(66) Phase 2: Prepare for compaction
[2026-03-16T18:07:27.769+0800][4.438s][info][gc,phases      ] GC(66) Phase 2: Prepare for compaction 0.585ms
[2026-03-16T18:07:27.769+0800][4.439s][info][gc,phases,start] GC(66) Phase 3: Adjust pointers
[2026-03-16T18:07:27.778+0800][4.448s][info][gc,phases      ] GC(66) Phase 3: Adjust pointers 8.902ms
[2026-03-16T18:07:27.778+0800][4.448s][info][gc,phases,start] GC(66) Phase 4: Compact heap
[2026-03-16T18:07:27.779+0800][4.449s][info][gc,phases      ] GC(66) Phase 4: Compact heap 0.742ms
[2026-03-16T18:07:27.781+0800][4.451s][info][gc,heap        ] GC(66) Eden regions: 0->0(3)
[2026-03-16T18:07:27.781+0800][4.451s][info][gc,heap        ] GC(66) Survivor regions: 0->0(0)
[2026-03-16T18:07:27.781+0800][4.451s][info][gc,heap        ] GC(66) Old regions: 61->59
[2026-03-16T18:07:27.781+0800][4.451s][info][gc,heap        ] GC(66) Archive regions: 0->0
[2026-03-16T18:07:27.782+0800][4.451s][info][gc,heap        ] GC(66) Humongous regions: 3->3
[2026-03-16T18:07:27.782+0800][4.451s][info][gc,metaspace   ] GC(66) Metaspace: 5809K(6144K)->5799K(6144K) NonClass: 5170K(5376K)->5162K(5376K) Class: 638K(768K)->636K(768K)
[2026-03-16T18:07:27.782+0800][4.451s][info][gc             ] GC(66) Pause Full (G1 Compaction Pause) 62M->61M(64M) 45.817ms
[2026-03-16T18:07:27.782+0800][4.451s][info][gc,cpu         ] GC(66) User=0.06s Sys=0.02s Real=0.05s
[2026-03-16T18:07:27.782+0800][4.451s][info][gc,marking     ] GC(65) Concurrent Mark Abort
[2026-03-16T18:07:27.782+0800][4.451s][info][gc             ] GC(65) Concurrent Mark Cycle 46.778ms
[2026-03-16T18:07:27.784+0800][4.454s][info][gc,start       ] GC(67) Pause Young (Normal) (G1 Preventive Collection)
[2026-03-16T18:07:27.784+0800][4.454s][info][gc,task        ] GC(67) Using 2 workers of 13 for evacuation
[2026-03-16T18:07:27.786+0800][4.456s][info][gc,phases      ] GC(67)   Pre Evacuate Collection Set: 0.1ms
[2026-03-16T18:07:27.786+0800][4.456s][info][gc,phases      ] GC(67)   Merge Heap Roots: 0.1ms
[2026-03-16T18:07:27.786+0800][4.456s][info][gc,phases      ] GC(67)   Evacuate Collection Set: 0.6ms
[2026-03-16T18:07:27.786+0800][4.456s][info][gc,phases      ] GC(67)   Post Evacuate Collection Set: 0.4ms
[2026-03-16T18:07:27.786+0800][4.456s][info][gc,phases      ] GC(67)   Other: 0.5ms
[2026-03-16T18:07:27.786+0800][4.456s][info][gc,heap        ] GC(67) Eden regions: 1->0(2)
[2026-03-16T18:07:27.786+0800][4.456s][info][gc,heap        ] GC(67) Survivor regions: 0->1(1)
[2026-03-16T18:07:27.786+0800][4.456s][info][gc,heap        ] GC(67) Old regions: 59->59
[2026-03-16T18:07:27.786+0800][4.456s][info][gc,heap        ] GC(67) Archive regions: 0->0
[2026-03-16T18:07:27.787+0800][4.456s][info][gc,heap        ] GC(67) Humongous regions: 3->3
[2026-03-16T18:07:27.787+0800][4.456s][info][gc,metaspace   ] GC(67) Metaspace: 5800K(6144K)->5800K(6144K) NonClass: 5163K(5376K)->5163K(5376K) Class: 636K(768K)->636K(768K)
[2026-03-16T18:07:27.787+0800][4.457s][info][gc             ] GC(67) Pause Young (Normal) (G1 Preventive Collection) 62M->62M(64M) 2.625ms
[2026-03-16T18:07:27.787+0800][4.457s][info][gc,cpu         ] GC(67) User=0.00s Sys=0.00s Real=0.00s
[2026-03-16T18:07:27.790+0800][4.460s][info][gc,start       ] GC(68) Pause Young (Concurrent Start) (G1 Evacuation Pause)
[2026-03-16T18:07:27.790+0800][4.460s][info][gc,task        ] GC(68) Using 2 workers of 13 for evacuation
[2026-03-16T18:07:27.793+0800][4.463s][info][gc             ] GC(68) To-space exhausted
[2026-03-16T18:07:27.793+0800][4.463s][info][gc,phases      ] GC(68)   Pre Evacuate Collection Set: 0.1ms
[2026-03-16T18:07:27.793+0800][4.463s][info][gc,phases      ] GC(68)   Merge Heap Roots: 0.1ms
[2026-03-16T18:07:27.793+0800][4.463s][info][gc,phases      ] GC(68)   Evacuate Collection Set: 1.2ms
[2026-03-16T18:07:27.793+0800][4.463s][info][gc,phases      ] GC(68)   Post Evacuate Collection Set: 0.9ms
[2026-03-16T18:07:27.793+0800][4.463s][info][gc,phases      ] GC(68)   Other: 0.5ms
[2026-03-16T18:07:27.793+0800][4.463s][info][gc,heap        ] GC(68) Eden regions: 1->0(3)
[2026-03-16T18:07:27.793+0800][4.463s][info][gc,heap        ] GC(68) Survivor regions: 1->0(0)
[2026-03-16T18:07:27.793+0800][4.463s][info][gc,heap        ] GC(68) Old regions: 59->61
[2026-03-16T18:07:27.793+0800][4.463s][info][gc,heap        ] GC(68) Archive regions: 0->0
[2026-03-16T18:07:27.794+0800][4.463s][info][gc,heap        ] GC(68) Humongous regions: 3->3
[2026-03-16T18:07:27.794+0800][4.463s][info][gc,metaspace   ] GC(68) Metaspace: 5800K(6144K)->5800K(6144K) NonClass: 5163K(5376K)->5163K(5376K) Class: 636K(768K)->636K(768K)
[2026-03-16T18:07:27.794+0800][4.464s][info][gc             ] GC(68) Pause Young (Concurrent Start) (G1 Evacuation Pause) 63M->63M(64M) 3.535ms
[2026-03-16T18:07:27.794+0800][4.464s][info][gc,cpu         ] GC(68) User=0.00s Sys=0.00s Real=0.00s
[2026-03-16T18:07:27.794+0800][4.464s][info][gc,ergo        ] Attempting full compaction
[2026-03-16T18:07:27.794+0800][4.464s][info][gc             ] GC(69) Concurrent Mark Cycle
[2026-03-16T18:07:27.794+0800][4.464s][info][gc,task        ] GC(70) Using 2 workers of 13 for full compaction
[2026-03-16T18:07:27.794+0800][4.464s][info][gc,marking     ] GC(69) Concurrent Clear Claimed Marks
[2026-03-16T18:07:27.794+0800][4.464s][info][gc,start       ] GC(70) Pause Full (G1 Compaction Pause)
[2026-03-16T18:07:27.794+0800][4.464s][info][gc,marking     ] GC(69) Concurrent Clear Claimed Marks 0.285ms
[2026-03-16T18:07:27.794+0800][4.464s][info][gc,marking     ] GC(69) Concurrent Scan Root Regions
[2026-03-16T18:07:27.794+0800][4.464s][info][gc,marking     ] GC(69) Concurrent Scan Root Regions 0.047ms
[2026-03-16T18:07:27.794+0800][4.464s][info][gc,marking     ] GC(69) Concurrent Mark
[2026-03-16T18:07:27.794+0800][4.465s][info][gc,marking     ] GC(69) Concurrent Mark From Roots
[2026-03-16T18:07:27.794+0800][4.465s][info][gc,task        ] GC(69) Using 3 workers of 3 for marking
[2026-03-16T18:07:27.795+0800][4.465s][info][gc,phases,start] GC(70) Phase 1: Mark live objects
[2026-03-16T18:07:27.827+0800][4.498s][info][gc,phases      ] GC(70) Phase 1: Mark live objects 32.945ms
[2026-03-16T18:07:27.828+0800][4.498s][info][gc,phases,start] GC(70) Phase 2: Prepare for compaction
[2026-03-16T18:07:27.829+0800][4.499s][info][gc,phases      ] GC(70) Phase 2: Prepare for compaction 1.231ms
[2026-03-16T18:07:27.829+0800][4.499s][info][gc,phases,start] GC(70) Phase 3: Adjust pointers
[2026-03-16T18:07:27.843+0800][4.513s][info][gc,phases      ] GC(70) Phase 3: Adjust pointers 13.816ms
[2026-03-16T18:07:27.843+0800][4.513s][info][gc,phases,start] GC(70) Phase 4: Compact heap
[2026-03-16T18:07:27.844+0800][4.514s][info][gc,phases      ] GC(70) Phase 4: Compact heap 0.731ms
[2026-03-16T18:07:27.845+0800][4.515s][info][gc,heap        ] GC(70) Eden regions: 0->0(3)
[2026-03-16T18:07:27.845+0800][4.515s][info][gc,heap        ] GC(70) Survivor regions: 0->0(0)
[2026-03-16T18:07:27.845+0800][4.516s][info][gc,heap        ] GC(70) Old regions: 61->60
[2026-03-16T18:07:27.845+0800][4.516s][info][gc,heap        ] GC(70) Archive regions: 0->0
[2026-03-16T18:07:27.845+0800][4.516s][info][gc,heap        ] GC(70) Humongous regions: 3->3
[2026-03-16T18:07:27.845+0800][4.516s][info][gc,metaspace   ] GC(70) Metaspace: 5800K(6144K)->5768K(6144K) NonClass: 5163K(5376K)->5136K(5376K) Class: 636K(768K)->631K(768K)
[2026-03-16T18:07:27.846+0800][4.516s][info][gc             ] GC(70) Pause Full (G1 Compaction Pause) 63M->62M(64M) 51.589ms
[2026-03-16T18:07:27.846+0800][4.516s][info][gc,cpu         ] GC(70) User=0.09s Sys=0.02s Real=0.05s
[2026-03-16T18:07:27.846+0800][4.516s][info][gc,marking     ] GC(69) Concurrent Mark From Roots 51.616ms
[2026-03-16T18:07:27.846+0800][4.516s][info][gc,marking     ] GC(69) Concurrent Mark Abort
[2026-03-16T18:07:27.846+0800][4.516s][info][gc             ] GC(69) Concurrent Mark Cycle 52.454ms
[2026-03-16T18:07:27.905+0800][4.575s][info][gc,start       ] GC(71) Pause Young (Normal) (G1 Evacuation Pause)
[2026-03-16T18:07:27.905+0800][4.575s][info][gc,task        ] GC(71) Using 2 workers of 13 for evacuation
[2026-03-16T18:07:27.907+0800][4.577s][info][gc             ] GC(71) To-space exhausted
[2026-03-16T18:07:27.907+0800][4.577s][info][gc,phases      ] GC(71)   Pre Evacuate Collection Set: 0.1ms
[2026-03-16T18:07:27.907+0800][4.577s][info][gc,phases      ] GC(71)   Merge Heap Roots: 0.1ms
[2026-03-16T18:07:27.907+0800][4.577s][info][gc,phases      ] GC(71)   Evacuate Collection Set: 0.7ms
[2026-03-16T18:07:27.908+0800][4.577s][info][gc,phases      ] GC(71)   Post Evacuate Collection Set: 1.1ms
[2026-03-16T18:07:27.908+0800][4.577s][info][gc,phases      ] GC(71)   Other: 0.5ms
[2026-03-16T18:07:27.908+0800][4.578s][info][gc,heap        ] GC(71) Eden regions: 1->0(3)
[2026-03-16T18:07:27.908+0800][4.578s][info][gc,heap        ] GC(71) Survivor regions: 0->0(0)
[2026-03-16T18:07:27.908+0800][4.578s][info][gc,heap        ] GC(71) Old regions: 60->61
[2026-03-16T18:07:27.908+0800][4.578s][info][gc,heap        ] GC(71) Archive regions: 0->0
[2026-03-16T18:07:27.908+0800][4.578s][info][gc,heap        ] GC(71) Humongous regions: 3->3
[2026-03-16T18:07:27.908+0800][4.578s][info][gc,metaspace   ] GC(71) Metaspace: 5768K(6144K)->5768K(6144K) NonClass: 5136K(5376K)->5136K(5376K) Class: 631K(768K)->631K(768K)
[2026-03-16T18:07:27.908+0800][4.578s][info][gc             ] GC(71) Pause Young (Normal) (G1 Evacuation Pause) 63M->63M(64M) 3.262ms
[2026-03-16T18:07:27.908+0800][4.578s][info][gc,cpu         ] GC(71) User=0.02s Sys=0.00s Real=0.00s
[2026-03-16T18:07:27.908+0800][4.578s][info][gc,ergo        ] Attempting full compaction
[2026-03-16T18:07:27.908+0800][4.578s][info][gc,task        ] GC(72) Using 2 workers of 13 for full compaction
[2026-03-16T18:07:27.908+0800][4.578s][info][gc,start       ] GC(72) Pause Full (G1 Compaction Pause)
[2026-03-16T18:07:27.908+0800][4.578s][info][gc,phases,start] GC(72) Phase 1: Mark live objects
[2026-03-16T18:07:27.934+0800][4.603s][info][gc,phases      ] GC(72) Phase 1: Mark live objects 25.098ms
[2026-03-16T18:07:27.934+0800][4.604s][info][gc,phases,start] GC(72) Phase 2: Prepare for compaction
[2026-03-16T18:07:27.934+0800][4.604s][info][gc,phases      ] GC(72) Phase 2: Prepare for compaction 0.360ms
[2026-03-16T18:07:27.934+0800][4.604s][info][gc,phases,start] GC(72) Phase 3: Adjust pointers
[2026-03-16T18:07:27.941+0800][4.611s][info][gc,phases      ] GC(72) Phase 3: Adjust pointers 7.043ms
[2026-03-16T18:07:27.941+0800][4.611s][info][gc,phases,start] GC(72) Phase 4: Compact heap
[2026-03-16T18:07:27.941+0800][4.611s][info][gc,phases      ] GC(72) Phase 4: Compact heap 0.227ms
[2026-03-16T18:07:27.942+0800][4.612s][info][gc,heap        ] GC(72) Eden regions: 0->0(3)
[2026-03-16T18:07:27.942+0800][4.612s][info][gc,heap        ] GC(72) Survivor regions: 0->0(0)
[2026-03-16T18:07:27.942+0800][4.612s][info][gc,heap        ] GC(72) Old regions: 61->60
[2026-03-16T18:07:27.942+0800][4.612s][info][gc,heap        ] GC(72) Archive regions: 0->0
[2026-03-16T18:07:27.942+0800][4.612s][info][gc,heap        ] GC(72) Humongous regions: 3->3
[2026-03-16T18:07:27.942+0800][4.612s][info][gc,metaspace   ] GC(72) Metaspace: 5768K(6144K)->5768K(6144K) NonClass: 5136K(5376K)->5136K(5376K) Class: 631K(768K)->631K(768K)
[2026-03-16T18:07:27.942+0800][4.612s][info][gc             ] GC(72) Pause Full (G1 Compaction Pause) 63M->62M(64M) 34.132ms
[2026-03-16T18:07:27.942+0800][4.613s][info][gc,cpu         ] GC(72) User=0.06s Sys=0.00s Real=0.03s
[2026-03-16T18:07:27.945+0800][4.614s][info][gc,start       ] GC(73) Pause Young (Concurrent Start) (G1 Evacuation Pause)
[2026-03-16T18:07:27.945+0800][4.615s][info][gc,task        ] GC(73) Using 2 workers of 13 for evacuation
[2026-03-16T18:07:27.946+0800][4.616s][info][gc             ] GC(73) To-space exhausted
[2026-03-16T18:07:27.947+0800][4.616s][info][gc,phases      ] GC(73)   Pre Evacuate Collection Set: 0.1ms
[2026-03-16T18:07:27.947+0800][4.616s][info][gc,phases      ] GC(73)   Merge Heap Roots: 0.0ms
[2026-03-16T18:07:27.947+0800][4.616s][info][gc,phases      ] GC(73)   Evacuate Collection Set: 0.5ms
[2026-03-16T18:07:27.947+0800][4.616s][info][gc,phases      ] GC(73)   Post Evacuate Collection Set: 0.9ms
[2026-03-16T18:07:27.947+0800][4.616s][info][gc,phases      ] GC(73)   Other: 0.4ms
[2026-03-16T18:07:27.947+0800][4.616s][info][gc,heap        ] GC(73) Eden regions: 1->0(3)
[2026-03-16T18:07:27.947+0800][4.616s][info][gc,heap        ] GC(73) Survivor regions: 0->0(0)
[2026-03-16T18:07:27.947+0800][4.616s][info][gc,heap        ] GC(73) Old regions: 60->61
[2026-03-16T18:07:27.947+0800][4.616s][info][gc,heap        ] GC(73) Archive regions: 0->0
[2026-03-16T18:07:27.947+0800][4.617s][info][gc,heap        ] GC(73) Humongous regions: 3->3
[2026-03-16T18:07:27.947+0800][4.617s][info][gc,metaspace   ] GC(73) Metaspace: 5768K(6144K)->5768K(6144K) NonClass: 5136K(5376K)->5136K(5376K) Class: 631K(768K)->631K(768K)
[2026-03-16T18:07:27.947+0800][4.617s][info][gc             ] GC(73) Pause Young (Concurrent Start) (G1 Evacuation Pause) 63M->63M(64M) 2.157ms
[2026-03-16T18:07:27.947+0800][4.617s][info][gc,cpu         ] GC(73) User=0.00s Sys=0.00s Real=0.00s
[2026-03-16T18:07:27.947+0800][4.617s][info][gc,ergo        ] Attempting full compaction
[2026-03-16T18:07:27.947+0800][4.617s][info][gc,task        ] GC(74) Using 2 workers of 13 for full compaction
[2026-03-16T18:07:27.947+0800][4.617s][info][gc             ] GC(75) Concurrent Mark Cycle
[2026-03-16T18:07:27.947+0800][4.617s][info][gc,start       ] GC(74) Pause Full (G1 Compaction Pause)
[2026-03-16T18:07:27.947+0800][4.617s][info][gc,marking     ] GC(75) Concurrent Clear Claimed Marks
[2026-03-16T18:07:27.947+0800][4.617s][info][gc,marking     ] GC(75) Concurrent Clear Claimed Marks 0.102ms
[2026-03-16T18:07:27.947+0800][4.617s][info][gc,marking     ] GC(75) Concurrent Scan Root Regions
[2026-03-16T18:07:27.947+0800][4.617s][info][gc,marking     ] GC(75) Concurrent Scan Root Regions 0.024ms
[2026-03-16T18:07:27.947+0800][4.617s][info][gc,marking     ] GC(75) Concurrent Mark
[2026-03-16T18:07:27.947+0800][4.617s][info][gc,phases,start] GC(74) Phase 1: Mark live objects
[2026-03-16T18:07:27.947+0800][4.617s][info][gc,marking     ] GC(75) Concurrent Mark From Roots
[2026-03-16T18:07:27.947+0800][4.617s][info][gc,task        ] GC(75) Using 3 workers of 3 for marking
[2026-03-16T18:07:27.968+0800][4.638s][info][gc,phases      ] GC(74) Phase 1: Mark live objects 20.858ms
[2026-03-16T18:07:27.968+0800][4.638s][info][gc,phases,start] GC(74) Phase 2: Prepare for compaction
[2026-03-16T18:07:27.969+0800][4.639s][info][gc,phases      ] GC(74) Phase 2: Prepare for compaction 0.517ms
[2026-03-16T18:07:27.969+0800][4.639s][info][gc,phases,start] GC(74) Phase 3: Adjust pointers
[2026-03-16T18:07:27.979+0800][4.649s][info][gc,phases      ] GC(74) Phase 3: Adjust pointers 9.990ms
[2026-03-16T18:07:27.979+0800][4.649s][info][gc,phases,start] GC(74) Phase 4: Compact heap
[2026-03-16T18:07:27.980+0800][4.649s][info][gc,phases      ] GC(74) Phase 4: Compact heap 0.345ms
[2026-03-16T18:07:27.981+0800][4.650s][info][gc,heap        ] GC(74) Eden regions: 0->0(3)
[2026-03-16T18:07:27.981+0800][4.650s][info][gc,heap        ] GC(74) Survivor regions: 0->0(0)
[2026-03-16T18:07:27.981+0800][4.650s][info][gc,heap        ] GC(74) Old regions: 61->60
[2026-03-16T18:07:27.981+0800][4.651s][info][gc,heap        ] GC(74) Archive regions: 0->0
[2026-03-16T18:07:27.981+0800][4.651s][info][gc,heap        ] GC(74) Humongous regions: 3->3
[2026-03-16T18:07:27.981+0800][4.651s][info][gc,metaspace   ] GC(74) Metaspace: 5768K(6144K)->5768K(6144K) NonClass: 5136K(5376K)->5136K(5376K) Class: 631K(768K)->631K(768K)
[2026-03-16T18:07:27.981+0800][4.651s][info][gc             ] GC(74) Pause Full (G1 Compaction Pause) 63M->62M(64M) 33.848ms
[2026-03-16T18:07:27.981+0800][4.651s][info][gc,cpu         ] GC(74) User=0.06s Sys=0.00s Real=0.03s
[2026-03-16T18:07:27.982+0800][4.651s][info][gc,marking     ] GC(75) Concurrent Mark From Roots 33.904ms
[2026-03-16T18:07:27.982+0800][4.651s][info][gc,marking     ] GC(75) Concurrent Mark Abort
[2026-03-16T18:07:27.982+0800][4.651s][info][gc             ] GC(75) Concurrent Mark Cycle 34.423ms
[2026-03-16T18:07:27.983+0800][4.653s][info][gc,start       ] GC(76) Pause Young (Normal) (G1 Evacuation Pause)
[2026-03-16T18:07:27.983+0800][4.653s][info][gc,task        ] GC(76) Using 2 workers of 13 for evacuation
[2026-03-16T18:07:27.985+0800][4.655s][info][gc             ] GC(76) To-space exhausted
[2026-03-16T18:07:27.985+0800][4.655s][info][gc,phases      ] GC(76)   Pre Evacuate Collection Set: 0.1ms
[2026-03-16T18:07:27.985+0800][4.655s][info][gc,phases      ] GC(76)   Merge Heap Roots: 0.2ms
[2026-03-16T18:07:27.985+0800][4.655s][info][gc,phases      ] GC(76)   Evacuate Collection Set: 0.6ms
[2026-03-16T18:07:27.985+0800][4.655s][info][gc,phases      ] GC(76)   Post Evacuate Collection Set: 1.1ms
[2026-03-16T18:07:27.985+0800][4.655s][info][gc,phases      ] GC(76)   Other: 0.5ms
[2026-03-16T18:07:27.985+0800][4.655s][info][gc,heap        ] GC(76) Eden regions: 1->0(3)
[2026-03-16T18:07:27.985+0800][4.655s][info][gc,heap        ] GC(76) Survivor regions: 0->0(0)
[2026-03-16T18:07:27.985+0800][4.655s][info][gc,heap        ] GC(76) Old regions: 60->61
[2026-03-16T18:07:27.985+0800][4.655s][info][gc,heap        ] GC(76) Archive regions: 0->0
[2026-03-16T18:07:27.985+0800][4.655s][info][gc,heap        ] GC(76) Humongous regions: 3->3
[2026-03-16T18:07:27.985+0800][4.655s][info][gc,metaspace   ] GC(76) Metaspace: 5768K(6144K)->5768K(6144K) NonClass: 5136K(5376K)->5136K(5376K) Class: 631K(768K)->631K(768K)
[2026-03-16T18:07:27.986+0800][4.655s][info][gc             ] GC(76) Pause Young (Normal) (G1 Evacuation Pause) 63M->63M(64M) 2.741ms
[2026-03-16T18:07:27.986+0800][4.655s][info][gc,cpu         ] GC(76) User=0.00s Sys=0.00s Real=0.00s
[2026-03-16T18:07:27.986+0800][4.655s][info][gc,ergo        ] Attempting full compaction
[2026-03-16T18:07:27.986+0800][4.655s][info][gc,task        ] GC(77) Using 2 workers of 13 for full compaction
[2026-03-16T18:07:27.986+0800][4.656s][info][gc,start       ] GC(77) Pause Full (G1 Compaction Pause)
[2026-03-16T18:07:27.986+0800][4.656s][info][gc,phases,start] GC(77) Phase 1: Mark live objects
[2026-03-16T18:07:28.009+0800][4.679s][info][gc,phases      ] GC(77) Phase 1: Mark live objects 22.964ms
[2026-03-16T18:07:28.009+0800][4.679s][info][gc,phases,start] GC(77) Phase 2: Prepare for compaction
[2026-03-16T18:07:28.009+0800][4.680s][info][gc,phases      ] GC(77) Phase 2: Prepare for compaction 0.669ms
[2026-03-16T18:07:28.010+0800][4.680s][info][gc,phases,start] GC(77) Phase 3: Adjust pointers
[2026-03-16T18:07:28.021+0800][4.691s][info][gc,phases      ] GC(77) Phase 3: Adjust pointers 11.254ms
[2026-03-16T18:07:28.022+0800][4.691s][info][gc,phases,start] GC(77) Phase 4: Compact heap
[2026-03-16T18:07:28.022+0800][4.692s][info][gc,phases      ] GC(77) Phase 4: Compact heap 0.459ms
[2026-03-16T18:07:28.023+0800][4.693s][info][gc,heap        ] GC(77) Eden regions: 0->0(3)
[2026-03-16T18:07:28.023+0800][4.693s][info][gc,heap        ] GC(77) Survivor regions: 0->0(0)
[2026-03-16T18:07:28.023+0800][4.693s][info][gc,heap        ] GC(77) Old regions: 61->61
[2026-03-16T18:07:28.023+0800][4.693s][info][gc,heap        ] GC(77) Archive regions: 0->0
[2026-03-16T18:07:28.023+0800][4.693s][info][gc,heap        ] GC(77) Humongous regions: 3->3
[2026-03-16T18:07:28.024+0800][4.693s][info][gc,metaspace   ] GC(77) Metaspace: 5768K(6144K)->5768K(6144K) NonClass: 5136K(5376K)->5136K(5376K) Class: 631K(768K)->631K(768K)
[2026-03-16T18:07:28.024+0800][4.693s][info][gc             ] GC(77) Pause Full (G1 Compaction Pause) 63M->63M(64M) 37.614ms
[2026-03-16T18:07:28.024+0800][4.693s][info][gc,cpu         ] GC(77) User=0.06s Sys=0.00s Real=0.04s
[2026-03-16T18:07:28.024+0800][4.693s][info][gc,ergo        ] Attempting maximum full compaction clearing soft references
[2026-03-16T18:07:28.024+0800][4.694s][info][gc,task        ] GC(78) Using 2 workers of 13 for full compaction
[2026-03-16T18:07:28.024+0800][4.694s][info][gc,start       ] GC(78) Pause Full (G1 Compaction Pause)
[2026-03-16T18:07:28.024+0800][4.694s][info][gc,phases,start] GC(78) Phase 1: Mark live objects
[2026-03-16T18:07:28.056+0800][4.726s][info][gc,phases      ] GC(78) Phase 1: Mark live objects 32.487ms
[2026-03-16T18:07:28.056+0800][4.727s][info][gc,phases,start] GC(78) Phase 2: Prepare for compaction
[2026-03-16T18:07:28.067+0800][4.737s][info][gc,phases      ] GC(78) Phase 2: Prepare for compaction 10.443ms
[2026-03-16T18:07:28.067+0800][4.737s][info][gc,phases,start] GC(78) Phase 3: Adjust pointers
[2026-03-16T18:07:28.087+0800][4.757s][info][gc,phases      ] GC(78) Phase 3: Adjust pointers 19.526ms
[2026-03-16T18:07:28.087+0800][4.757s][info][gc,phases,start] GC(78) Phase 4: Compact heap
[2026-03-16T18:07:28.101+0800][4.770s][info][gc,phases      ] GC(78) Phase 4: Compact heap 13.250ms
[2026-03-16T18:07:28.102+0800][4.772s][info][gc,heap        ] GC(78) Eden regions: 0->0(3)
[2026-03-16T18:07:28.103+0800][4.772s][info][gc,heap        ] GC(78) Survivor regions: 0->0(0)
[2026-03-16T18:07:28.103+0800][4.772s][info][gc,heap        ] GC(78) Old regions: 61->60
[2026-03-16T18:07:28.103+0800][4.772s][info][gc,heap        ] GC(78) Archive regions: 0->0
[2026-03-16T18:07:28.103+0800][4.772s][info][gc,heap        ] GC(78) Humongous regions: 3->3
[2026-03-16T18:07:28.103+0800][4.772s][info][gc,metaspace   ] GC(78) Metaspace: 5768K(6144K)->5768K(6144K) NonClass: 5136K(5376K)->5136K(5376K) Class: 631K(768K)->631K(768K)
[2026-03-16T18:07:28.103+0800][4.772s][info][gc             ] GC(78) Pause Full (G1 Compaction Pause) 63M->62M(64M) 78.725ms
[2026-03-16T18:07:28.103+0800][4.773s][info][gc,cpu         ] GC(78) User=0.16s Sys=0.00s Real=0.08s
[2026-03-16T18:07:28.107+0800][4.776s][info][gc,start       ] GC(79) Pause Young (Concurrent Start) (G1 Evacuation Pause)
[2026-03-16T18:07:28.107+0800][4.777s][info][gc,task        ] GC(79) Using 2 workers of 13 for evacuation
[2026-03-16T18:07:28.110+0800][4.780s][info][gc             ] GC(79) To-space exhausted
[2026-03-16T18:07:28.110+0800][4.780s][info][gc,phases      ] GC(79)   Pre Evacuate Collection Set: 0.2ms
[2026-03-16T18:07:28.110+0800][4.780s][info][gc,phases      ] GC(79)   Merge Heap Roots: 0.1ms
[2026-03-16T18:07:28.110+0800][4.780s][info][gc,phases      ] GC(79)   Evacuate Collection Set: 0.9ms
[2026-03-16T18:07:28.110+0800][4.780s][info][gc,phases      ] GC(79)   Post Evacuate Collection Set: 1.4ms
[2026-03-16T18:07:28.111+0800][4.780s][info][gc,phases      ] GC(79)   Other: 1.3ms
[2026-03-16T18:07:28.111+0800][4.780s][info][gc,heap        ] GC(79) Eden regions: 1->0(3)
[2026-03-16T18:07:28.111+0800][4.780s][info][gc,heap        ] GC(79) Survivor regions: 0->0(0)
[2026-03-16T18:07:28.111+0800][4.780s][info][gc,heap        ] GC(79) Old regions: 60->61
[2026-03-16T18:07:28.111+0800][4.780s][info][gc,heap        ] GC(79) Archive regions: 0->0
[2026-03-16T18:07:28.111+0800][4.780s][info][gc,heap        ] GC(79) Humongous regions: 3->3
[2026-03-16T18:07:28.111+0800][4.780s][info][gc,metaspace   ] GC(79) Metaspace: 5768K(6144K)->5768K(6144K) NonClass: 5136K(5376K)->5136K(5376K) Class: 631K(768K)->631K(768K)
[2026-03-16T18:07:28.111+0800][4.780s][info][gc             ] GC(79) Pause Young (Concurrent Start) (G1 Evacuation Pause) 63M->63M(64M) 4.170ms
[2026-03-16T18:07:28.111+0800][4.780s][info][gc,cpu         ] GC(79) User=0.02s Sys=0.00s Real=0.00s
[2026-03-16T18:07:28.111+0800][4.780s][info][gc,ergo        ] Attempting full compaction
[2026-03-16T18:07:28.111+0800][4.780s][info][gc             ] GC(80) Concurrent Mark Cycle
[2026-03-16T18:07:28.111+0800][4.780s][info][gc,task        ] GC(81) Using 2 workers of 13 for full compaction
[2026-03-16T18:07:28.111+0800][4.781s][info][gc,marking     ] GC(80) Concurrent Clear Claimed Marks
[2026-03-16T18:07:28.111+0800][4.781s][info][gc,marking     ] GC(80) Concurrent Clear Claimed Marks 0.141ms
[2026-03-16T18:07:28.111+0800][4.781s][info][gc,start       ] GC(81) Pause Full (G1 Compaction Pause)
[2026-03-16T18:07:28.111+0800][4.781s][info][gc,marking     ] GC(80) Concurrent Scan Root Regions
[2026-03-16T18:07:28.111+0800][4.781s][info][gc,marking     ] GC(80) Concurrent Scan Root Regions 0.121ms
[2026-03-16T18:07:28.111+0800][4.781s][info][gc,marking     ] GC(80) Concurrent Mark
[2026-03-16T18:07:28.112+0800][4.781s][info][gc,marking     ] GC(80) Concurrent Mark From Roots
[2026-03-16T18:07:28.112+0800][4.781s][info][gc,task        ] GC(80) Using 3 workers of 3 for marking
[2026-03-16T18:07:28.112+0800][4.781s][info][gc,phases,start] GC(81) Phase 1: Mark live objects
[2026-03-16T18:07:28.142+0800][4.811s][info][gc,phases      ] GC(81) Phase 1: Mark live objects 30.344ms
[2026-03-16T18:07:28.142+0800][4.812s][info][gc,phases,start] GC(81) Phase 2: Prepare for compaction
[2026-03-16T18:07:28.143+0800][4.812s][info][gc,phases      ] GC(81) Phase 2: Prepare for compaction 0.754ms
[2026-03-16T18:07:28.143+0800][4.813s][info][gc,phases,start] GC(81) Phase 3: Adjust pointers
[2026-03-16T18:07:28.158+0800][4.827s][info][gc,phases      ] GC(81) Phase 3: Adjust pointers 14.634ms
[2026-03-16T18:07:28.158+0800][4.827s][info][gc,phases,start] GC(81) Phase 4: Compact heap
[2026-03-16T18:07:28.158+0800][4.828s][info][gc,phases      ] GC(81) Phase 4: Compact heap 0.690ms
[2026-03-16T18:07:28.160+0800][4.829s][info][gc,heap        ] GC(81) Eden regions: 0->0(3)
[2026-03-16T18:07:28.160+0800][4.829s][info][gc,heap        ] GC(81) Survivor regions: 0->0(0)
[2026-03-16T18:07:28.160+0800][4.830s][info][gc,heap        ] GC(81) Old regions: 61->61
[2026-03-16T18:07:28.160+0800][4.830s][info][gc,heap        ] GC(81) Archive regions: 0->0
[2026-03-16T18:07:28.160+0800][4.830s][info][gc,heap        ] GC(81) Humongous regions: 3->3
[2026-03-16T18:07:28.160+0800][4.830s][info][gc,metaspace   ] GC(81) Metaspace: 5768K(6144K)->5768K(6144K) NonClass: 5136K(5376K)->5136K(5376K) Class: 631K(768K)->631K(768K)
[2026-03-16T18:07:28.160+0800][4.830s][info][gc             ] GC(81) Pause Full (G1 Compaction Pause) 63M->63M(64M) 48.954ms
[2026-03-16T18:07:28.160+0800][4.830s][info][gc,cpu         ] GC(81) User=0.09s Sys=0.00s Real=0.05s
[2026-03-16T18:07:28.160+0800][4.830s][info][gc,ergo        ] Attempting maximum full compaction clearing soft references
[2026-03-16T18:07:28.160+0800][4.830s][info][gc,task        ] GC(82) Using 2 workers of 13 for full compaction
[2026-03-16T18:07:28.160+0800][4.830s][info][gc,start       ] GC(82) Pause Full (G1 Compaction Pause)
[2026-03-16T18:07:28.161+0800][4.830s][info][gc,phases,start] GC(82) Phase 1: Mark live objects
[2026-03-16T18:07:28.194+0800][4.864s][info][gc,phases      ] GC(82) Phase 1: Mark live objects 33.532ms
[2026-03-16T18:07:28.194+0800][4.864s][info][gc,phases,start] GC(82) Phase 2: Prepare for compaction
[2026-03-16T18:07:28.207+0800][4.877s][info][gc,phases      ] GC(82) Phase 2: Prepare for compaction 12.618ms
[2026-03-16T18:07:28.207+0800][4.877s][info][gc,phases,start] GC(82) Phase 3: Adjust pointers
[2026-03-16T18:07:28.228+0800][4.898s][info][gc,phases      ] GC(82) Phase 3: Adjust pointers 21.326ms
[2026-03-16T18:07:28.228+0800][4.898s][info][gc,phases,start] GC(82) Phase 4: Compact heap
[2026-03-16T18:07:28.244+0800][4.914s][info][gc,phases      ] GC(82) Phase 4: Compact heap 15.133ms
[2026-03-16T18:07:28.245+0800][4.915s][info][gc,heap        ] GC(82) Eden regions: 0->0(3)
[2026-03-16T18:07:28.245+0800][4.915s][info][gc,heap        ] GC(82) Survivor regions: 0->0(0)
[2026-03-16T18:07:28.245+0800][4.916s][info][gc,heap        ] GC(82) Old regions: 61->61
[2026-03-16T18:07:28.246+0800][4.916s][info][gc,heap        ] GC(82) Archive regions: 0->0
[2026-03-16T18:07:28.246+0800][4.916s][info][gc,heap        ] GC(82) Humongous regions: 3->3
[2026-03-16T18:07:28.246+0800][4.916s][info][gc,metaspace   ] GC(82) Metaspace: 5768K(6144K)->5768K(6144K) NonClass: 5136K(5376K)->5136K(5376K) Class: 631K(768K)->631K(768K)
[2026-03-16T18:07:28.246+0800][4.916s][info][gc             ] GC(82) Pause Full (G1 Compaction Pause) 63M->63M(64M) 85.806ms
[2026-03-16T18:07:28.246+0800][4.916s][info][gc,cpu         ] GC(82) User=0.14s Sys=0.00s Real=0.09s
[2026-03-16T18:07:28.246+0800][4.916s][info][gc,marking     ] GC(80) Concurrent Mark From Roots 135.312ms
[2026-03-16T18:07:28.246+0800][4.916s][info][gc,start       ] GC(83) Pause Young (Normal) (G1 Evacuation Pause)
[2026-03-16T18:07:28.247+0800][4.917s][info][gc,task        ] GC(83) Using 2 workers of 13 for evacuation
[2026-03-16T18:07:28.247+0800][4.917s][info][gc,phases      ] GC(83)   Pre Evacuate Collection Set: 0.1ms
[2026-03-16T18:07:28.247+0800][4.918s][info][gc,phases      ] GC(83)   Merge Heap Roots: 0.1ms
[2026-03-16T18:07:28.248+0800][4.918s][info][gc,phases      ] GC(83)   Evacuate Collection Set: 0.2ms
[2026-03-16T18:07:28.248+0800][4.918s][info][gc,phases      ] GC(83)   Post Evacuate Collection Set: 0.3ms
[2026-03-16T18:07:28.248+0800][4.918s][info][gc,phases      ] GC(83)   Other: 0.4ms
[2026-03-16T18:07:28.248+0800][4.918s][info][gc,heap        ] GC(83) Eden regions: 0->0(3)
[2026-03-16T18:07:28.248+0800][4.918s][info][gc,heap        ] GC(83) Survivor regions: 0->0(0)
[2026-03-16T18:07:28.248+0800][4.918s][info][gc,heap        ] GC(83) Old regions: 61->61
[2026-03-16T18:07:28.248+0800][4.918s][info][gc,heap        ] GC(83) Archive regions: 0->0
[2026-03-16T18:07:28.248+0800][4.918s][info][gc,heap        ] GC(83) Humongous regions: 3->3
[2026-03-16T18:07:28.248+0800][4.918s][info][gc,metaspace   ] GC(83) Metaspace: 5768K(6144K)->5768K(6144K) NonClass: 5136K(5376K)->5136K(5376K) Class: 631K(768K)->631K(768K)
[2026-03-16T18:07:28.248+0800][4.918s][info][gc             ] GC(83) Pause Young (Normal) (G1 Evacuation Pause) 63M->63M(64M) 1.867ms
[2026-03-16T18:07:28.248+0800][4.918s][info][gc,cpu         ] GC(83) User=0.00s Sys=0.00s Real=0.00s
[2026-03-16T18:07:28.248+0800][4.919s][info][gc,ergo        ] Attempting full compaction
[2026-03-16T18:07:28.249+0800][4.919s][info][gc,task        ] GC(84) Using 2 workers of 13 for full compaction
[2026-03-16T18:07:28.249+0800][4.919s][info][gc,start       ] GC(84) Pause Full (G1 Compaction Pause)
[2026-03-16T18:07:28.249+0800][4.919s][info][gc,phases,start] GC(84) Phase 1: Mark live objects
[2026-03-16T18:07:28.286+0800][4.956s][info][gc,phases      ] GC(84) Phase 1: Mark live objects 37.459ms
[2026-03-16T18:07:28.287+0800][4.957s][info][gc,phases,start] GC(84) Phase 2: Prepare for compaction
[2026-03-16T18:07:28.287+0800][4.957s][info][gc,phases      ] GC(84) Phase 2: Prepare for compaction 0.280ms
[2026-03-16T18:07:28.287+0800][4.957s][info][gc,phases,start] GC(84) Phase 3: Adjust pointers
[2026-03-16T18:07:28.299+0800][4.969s][info][gc,phases      ] GC(84) Phase 3: Adjust pointers 11.540ms
[2026-03-16T18:07:28.299+0800][4.969s][info][gc,phases,start] GC(84) Phase 4: Compact heap
[2026-03-16T18:07:28.299+0800][4.969s][info][gc,phases      ] GC(84) Phase 4: Compact heap 0.127ms
[2026-03-16T18:07:28.300+0800][4.970s][info][gc,heap        ] GC(84) Eden regions: 0->0(3)
[2026-03-16T18:07:28.300+0800][4.970s][info][gc,heap        ] GC(84) Survivor regions: 0->0(0)
[2026-03-16T18:07:28.301+0800][4.970s][info][gc,heap        ] GC(84) Old regions: 61->61
[2026-03-16T18:07:28.301+0800][4.970s][info][gc,heap        ] GC(84) Archive regions: 0->0
[2026-03-16T18:07:28.301+0800][4.970s][info][gc,heap        ] GC(84) Humongous regions: 3->3
[2026-03-16T18:07:28.301+0800][4.970s][info][gc,metaspace   ] GC(84) Metaspace: 5768K(6144K)->5768K(6144K) NonClass: 5136K(5376K)->5136K(5376K) Class: 631K(768K)->631K(768K)
[2026-03-16T18:07:28.301+0800][4.970s][info][gc             ] GC(84) Pause Full (G1 Compaction Pause) 63M->63M(64M) 51.538ms
[2026-03-16T18:07:28.301+0800][4.971s][info][gc,cpu         ] GC(84) User=0.12s Sys=0.00s Real=0.05s
[2026-03-16T18:07:28.301+0800][4.971s][info][gc,ergo        ] Attempting maximum full compaction clearing soft references
[2026-03-16T18:07:28.301+0800][4.971s][info][gc,task        ] GC(85) Using 2 workers of 13 for full compaction
[2026-03-16T18:07:28.301+0800][4.971s][info][gc,start       ] GC(85) Pause Full (G1 Compaction Pause)
[2026-03-16T18:07:28.301+0800][4.971s][info][gc,phases,start] GC(85) Phase 1: Mark live objects
[2026-03-16T18:07:28.325+0800][4.995s][info][gc,phases      ] GC(85) Phase 1: Mark live objects 24.477ms
[2026-03-16T18:07:28.326+0800][4.995s][info][gc,phases,start] GC(85) Phase 2: Prepare for compaction
[2026-03-16T18:07:28.336+0800][5.005s][info][gc,phases      ] GC(85) Phase 2: Prepare for compaction 9.774ms
[2026-03-16T18:07:28.336+0800][5.006s][info][gc,phases,start] GC(85) Phase 3: Adjust pointers
[2026-03-16T18:07:28.349+0800][5.019s][info][gc,phases      ] GC(85) Phase 3: Adjust pointers 13.405ms
[2026-03-16T18:07:28.349+0800][5.019s][info][gc,phases,start] GC(85) Phase 4: Compact heap
[2026-03-16T18:07:28.361+0800][5.030s][info][gc,phases      ] GC(85) Phase 4: Compact heap 10.693ms
[2026-03-16T18:07:28.362+0800][5.031s][info][gc,heap        ] GC(85) Eden regions: 0->0(3)
[2026-03-16T18:07:28.362+0800][5.031s][info][gc,heap        ] GC(85) Survivor regions: 0->0(0)
[2026-03-16T18:07:28.362+0800][5.032s][info][gc,heap        ] GC(85) Old regions: 61->61
[2026-03-16T18:07:28.362+0800][5.032s][info][gc,heap        ] GC(85) Archive regions: 0->0
[2026-03-16T18:07:28.362+0800][5.032s][info][gc,heap        ] GC(85) Humongous regions: 3->3
[2026-03-16T18:07:28.362+0800][5.032s][info][gc,metaspace   ] GC(85) Metaspace: 5768K(6144K)->5768K(6144K) NonClass: 5136K(5376K)->5136K(5376K) Class: 631K(768K)->631K(768K)
[2026-03-16T18:07:28.362+0800][5.032s][info][gc             ] GC(85) Pause Full (G1 Compaction Pause) 63M->63M(64M) 61.158ms
[2026-03-16T18:07:28.363+0800][5.032s][info][gc,cpu         ] GC(85) User=0.09s Sys=0.02s Real=0.06s
[2026-03-16T18:07:28.363+0800][5.032s][info][gc,marking     ] GC(80) Concurrent Mark Abort
[2026-03-16T18:07:28.363+0800][5.032s][info][gc             ] GC(80) Concurrent Mark Cycle 251.983ms
[2026-03-16T18:07:28.557+0800][5.227s][info][gc,start       ] GC(86) Pause Young (Normal) (G1 Evacuation Pause)
[2026-03-16T18:07:28.557+0800][5.227s][info][gc,task        ] GC(86) Using 2 workers of 13 for evacuation
[2026-03-16T18:07:28.558+0800][5.227s][info][gc,phases      ] GC(86)   Pre Evacuate Collection Set: 0.1ms
[2026-03-16T18:07:28.558+0800][5.227s][info][gc,phases      ] GC(86)   Merge Heap Roots: 0.0ms
[2026-03-16T18:07:28.558+0800][5.227s][info][gc,phases      ] GC(86)   Evacuate Collection Set: 0.1ms
[2026-03-16T18:07:28.558+0800][5.227s][info][gc,phases      ] GC(86)   Post Evacuate Collection Set: 0.3ms
[2026-03-16T18:07:28.558+0800][5.228s][info][gc,phases      ] GC(86)   Other: 0.3ms
[2026-03-16T18:07:28.558+0800][5.228s][info][gc,heap        ] GC(86) Eden regions: 0->0(3)
[2026-03-16T18:07:28.558+0800][5.228s][info][gc,heap        ] GC(86) Survivor regions: 0->0(0)
[2026-03-16T18:07:28.558+0800][5.228s][info][gc,heap        ] GC(86) Old regions: 61->61
[2026-03-16T18:07:28.558+0800][5.228s][info][gc,heap        ] GC(86) Archive regions: 0->0
[2026-03-16T18:07:28.558+0800][5.228s][info][gc,heap        ] GC(86) Humongous regions: 3->3
[2026-03-16T18:07:28.558+0800][5.228s][info][gc,metaspace   ] GC(86) Metaspace: 5768K(6144K)->5768K(6144K) NonClass: 5136K(5376K)->5136K(5376K) Class: 631K(768K)->631K(768K)
[2026-03-16T18:07:28.558+0800][5.228s][info][gc             ] GC(86) Pause Young (Normal) (G1 Evacuation Pause) 63M->63M(64M) 1.097ms
[2026-03-16T18:07:28.558+0800][5.228s][info][gc,cpu         ] GC(86) User=0.00s Sys=0.00s Real=0.00s
[2026-03-16T18:07:28.558+0800][5.228s][info][gc,ergo        ] Attempting full compaction
[2026-03-16T18:07:28.558+0800][5.228s][info][gc,task        ] GC(87) Using 2 workers of 13 for full compaction
[2026-03-16T18:07:28.558+0800][5.228s][info][gc,start       ] GC(87) Pause Full (G1 Compaction Pause)
[2026-03-16T18:07:28.558+0800][5.228s][info][gc,phases,start] GC(87) Phase 1: Mark live objects
[2026-03-16T18:07:28.578+0800][5.248s][info][gc,phases      ] GC(87) Phase 1: Mark live objects 20.034ms
[2026-03-16T18:07:28.579+0800][5.248s][info][gc,phases,start] GC(87) Phase 2: Prepare for compaction
[2026-03-16T18:07:28.579+0800][5.248s][info][gc,phases      ] GC(87) Phase 2: Prepare for compaction 0.172ms
[2026-03-16T18:07:28.579+0800][5.248s][info][gc,phases,start] GC(87) Phase 3: Adjust pointers
[2026-03-16T18:07:28.588+0800][5.258s][info][gc,phases      ] GC(87) Phase 3: Adjust pointers 9.507ms
[2026-03-16T18:07:28.588+0800][5.258s][info][gc,phases,start] GC(87) Phase 4: Compact heap
[2026-03-16T18:07:28.588+0800][5.258s][info][gc,phases      ] GC(87) Phase 4: Compact heap 0.233ms
[2026-03-16T18:07:28.589+0800][5.260s][info][gc,heap        ] GC(87) Eden regions: 0->0(3)
[2026-03-16T18:07:28.590+0800][5.260s][info][gc,heap        ] GC(87) Survivor regions: 0->0(0)
[2026-03-16T18:07:28.590+0800][5.260s][info][gc,heap        ] GC(87) Old regions: 61->61
[2026-03-16T18:07:28.590+0800][5.260s][info][gc,heap        ] GC(87) Archive regions: 0->0
[2026-03-16T18:07:28.590+0800][5.260s][info][gc,heap        ] GC(87) Humongous regions: 3->3
[2026-03-16T18:07:28.590+0800][5.260s][info][gc,metaspace   ] GC(87) Metaspace: 5768K(6144K)->5768K(6144K) NonClass: 5136K(5376K)->5136K(5376K) Class: 631K(768K)->631K(768K)
[2026-03-16T18:07:28.590+0800][5.260s][info][gc             ] GC(87) Pause Full (G1 Compaction Pause) 63M->63M(64M) 31.911ms
[2026-03-16T18:07:28.590+0800][5.260s][info][gc,cpu         ] GC(87) User=0.03s Sys=0.02s Real=0.03s
[2026-03-16T18:07:28.590+0800][5.260s][info][gc,ergo        ] Attempting maximum full compaction clearing soft references
[2026-03-16T18:07:28.590+0800][5.260s][info][gc,task        ] GC(88) Using 2 workers of 13 for full compaction
[2026-03-16T18:07:28.590+0800][5.260s][info][gc,start       ] GC(88) Pause Full (G1 Compaction Pause)
[2026-03-16T18:07:28.590+0800][5.260s][info][gc,phases,start] GC(88) Phase 1: Mark live objects
[2026-03-16T18:07:28.612+0800][5.283s][info][gc,phases      ] GC(88) Phase 1: Mark live objects 22.610ms
[2026-03-16T18:07:28.612+0800][5.283s][info][gc,phases,start] GC(88) Phase 2: Prepare for compaction
[2026-03-16T18:07:28.619+0800][5.289s][info][gc,phases      ] GC(88) Phase 2: Prepare for compaction 6.397ms
[2026-03-16T18:07:28.619+0800][5.289s][info][gc,phases,start] GC(88) Phase 3: Adjust pointers
[2026-03-16T18:07:28.631+0800][5.300s][info][gc,phases      ] GC(88) Phase 3: Adjust pointers 11.116ms
[2026-03-16T18:07:28.631+0800][5.301s][info][gc,phases,start] GC(88) Phase 4: Compact heap
[2026-03-16T18:07:28.638+0800][5.308s][info][gc,phases      ] GC(88) Phase 4: Compact heap 7.224ms
[2026-03-16T18:07:28.639+0800][5.309s][info][gc,heap        ] GC(88) Eden regions: 0->0(3)
[2026-03-16T18:07:28.639+0800][5.309s][info][gc,heap        ] GC(88) Survivor regions: 0->0(0)
[2026-03-16T18:07:28.639+0800][5.309s][info][gc,heap        ] GC(88) Old regions: 61->61
[2026-03-16T18:07:28.639+0800][5.309s][info][gc,heap        ] GC(88) Archive regions: 0->0
[2026-03-16T18:07:28.639+0800][5.309s][info][gc,heap        ] GC(88) Humongous regions: 3->3
[2026-03-16T18:07:28.639+0800][5.309s][info][gc,metaspace   ] GC(88) Metaspace: 5768K(6144K)->5768K(6144K) NonClass: 5136K(5376K)->5136K(5376K) Class: 631K(768K)->631K(768K)
[2026-03-16T18:07:28.639+0800][5.309s][info][gc             ] GC(88) Pause Full (G1 Compaction Pause) 63M->63M(64M) 48.809ms
[2026-03-16T18:07:28.640+0800][5.309s][info][gc,cpu         ] GC(88) User=0.09s Sys=0.00s Real=0.05s
[2026-03-16T18:07:28.640+0800][5.309s][info][gc,start       ] GC(89) Pause Young (Concurrent Start) (G1 Evacuation Pause)
[2026-03-16T18:07:28.640+0800][5.309s][info][gc,task        ] GC(89) Using 2 workers of 13 for evacuation
[2026-03-16T18:07:28.641+0800][5.310s][info][gc,phases      ] GC(89)   Pre Evacuate Collection Set: 0.1ms
[2026-03-16T18:07:28.641+0800][5.310s][info][gc,phases      ] GC(89)   Merge Heap Roots: 0.0ms
[2026-03-16T18:07:28.641+0800][5.310s][info][gc,phases      ] GC(89)   Evacuate Collection Set: 0.2ms
[2026-03-16T18:07:28.641+0800][5.310s][info][gc,phases      ] GC(89)   Post Evacuate Collection Set: 0.3ms
[2026-03-16T18:07:28.641+0800][5.310s][info][gc,phases      ] GC(89)   Other: 0.3ms
[2026-03-16T18:07:28.641+0800][5.310s][info][gc,heap        ] GC(89) Eden regions: 0->0(3)
[2026-03-16T18:07:28.641+0800][5.310s][info][gc,heap        ] GC(89) Survivor regions: 0->0(0)
[2026-03-16T18:07:28.641+0800][5.310s][info][gc,heap        ] GC(89) Old regions: 61->61
[2026-03-16T18:07:28.641+0800][5.310s][info][gc,heap        ] GC(89) Archive regions: 0->0
[2026-03-16T18:07:28.641+0800][5.310s][info][gc,heap        ] GC(89) Humongous regions: 3->3
[2026-03-16T18:07:28.641+0800][5.310s][info][gc,metaspace   ] GC(89) Metaspace: 5768K(6144K)->5768K(6144K) NonClass: 5136K(5376K)->5136K(5376K) Class: 631K(768K)->631K(768K)
[2026-03-16T18:07:28.641+0800][5.310s][info][gc             ] GC(89) Pause Young (Concurrent Start) (G1 Evacuation Pause) 63M->63M(64M) 1.163ms
[2026-03-16T18:07:28.641+0800][5.311s][info][gc,cpu         ] GC(89) User=0.00s Sys=0.00s Real=0.00s
[2026-03-16T18:07:28.641+0800][5.311s][info][gc,ergo        ] Attempting full compaction
[2026-03-16T18:07:28.641+0800][5.311s][info][gc,task        ] GC(90) Using 2 workers of 13 for full compaction
[2026-03-16T18:07:28.641+0800][5.311s][info][gc             ] GC(91) Concurrent Mark Cycle
[2026-03-16T18:07:28.641+0800][5.311s][info][gc,start       ] GC(90) Pause Full (G1 Compaction Pause)
[2026-03-16T18:07:28.641+0800][5.311s][info][gc,marking     ] GC(91) Concurrent Clear Claimed Marks
[2026-03-16T18:07:28.641+0800][5.311s][info][gc,marking     ] GC(91) Concurrent Clear Claimed Marks 0.077ms
[2026-03-16T18:07:28.641+0800][5.311s][info][gc,marking     ] GC(91) Concurrent Scan Root Regions
[2026-03-16T18:07:28.641+0800][5.311s][info][gc,marking     ] GC(91) Concurrent Scan Root Regions 0.030ms
[2026-03-16T18:07:28.642+0800][5.311s][info][gc,marking     ] GC(91) Concurrent Mark
[2026-03-16T18:07:28.642+0800][5.311s][info][gc,phases,start] GC(90) Phase 1: Mark live objects
[2026-03-16T18:07:28.642+0800][5.311s][info][gc,marking     ] GC(91) Concurrent Mark From Roots
[2026-03-16T18:07:28.642+0800][5.311s][info][gc,task        ] GC(91) Using 3 workers of 3 for marking
[2026-03-16T18:07:28.658+0800][5.328s][info][gc,phases      ] GC(90) Phase 1: Mark live objects 17.084ms
[2026-03-16T18:07:28.659+0800][5.328s][info][gc,phases,start] GC(90) Phase 2: Prepare for compaction
[2026-03-16T18:07:28.659+0800][5.328s][info][gc,phases      ] GC(90) Phase 2: Prepare for compaction 0.122ms
[2026-03-16T18:07:28.659+0800][5.328s][info][gc,phases,start] GC(90) Phase 3: Adjust pointers
[2026-03-16T18:07:28.664+0800][5.334s][info][gc,phases      ] GC(90) Phase 3: Adjust pointers 5.963ms
[2026-03-16T18:07:28.664+0800][5.334s][info][gc,phases,start] GC(90) Phase 4: Compact heap
[2026-03-16T18:07:28.664+0800][5.334s][info][gc,phases      ] GC(90) Phase 4: Compact heap 0.073ms
[2026-03-16T18:07:28.665+0800][5.335s][info][gc,heap        ] GC(90) Eden regions: 0->0(3)
[2026-03-16T18:07:28.665+0800][5.335s][info][gc,heap        ] GC(90) Survivor regions: 0->0(0)
[2026-03-16T18:07:28.665+0800][5.335s][info][gc,heap        ] GC(90) Old regions: 61->61
[2026-03-16T18:07:28.665+0800][5.335s][info][gc,heap        ] GC(90) Archive regions: 0->0
[2026-03-16T18:07:28.665+0800][5.335s][info][gc,heap        ] GC(90) Humongous regions: 3->3
[2026-03-16T18:07:28.665+0800][5.335s][info][gc,metaspace   ] GC(90) Metaspace: 5768K(6144K)->5768K(6144K) NonClass: 5136K(5376K)->5136K(5376K) Class: 631K(768K)->631K(768K)
[2026-03-16T18:07:28.665+0800][5.335s][info][gc             ] GC(90) Pause Full (G1 Compaction Pause) 63M->63M(64M) 24.438ms
[2026-03-16T18:07:28.665+0800][5.335s][info][gc,cpu         ] GC(90) User=0.06s Sys=0.00s Real=0.02s
[2026-03-16T18:07:28.665+0800][5.335s][info][gc,ergo        ] Attempting maximum full compaction clearing soft references
[2026-03-16T18:07:28.665+0800][5.335s][info][gc,task        ] GC(92) Using 2 workers of 13 for full compaction
[2026-03-16T18:07:28.665+0800][5.335s][info][gc,start       ] GC(92) Pause Full (G1 Compaction Pause)
[2026-03-16T18:07:28.665+0800][5.335s][info][gc,phases,start] GC(92) Phase 1: Mark live objects
[2026-03-16T18:07:28.683+0800][5.353s][info][gc,phases      ] GC(92) Phase 1: Mark live objects 17.592ms
[2026-03-16T18:07:28.683+0800][5.353s][info][gc,phases,start] GC(92) Phase 2: Prepare for compaction
[2026-03-16T18:07:28.690+0800][5.360s][info][gc,phases      ] GC(92) Phase 2: Prepare for compaction 6.676ms
[2026-03-16T18:07:28.690+0800][5.360s][info][gc,phases,start] GC(92) Phase 3: Adjust pointers
[2026-03-16T18:07:28.700+0800][5.369s][info][gc,phases      ] GC(92) Phase 3: Adjust pointers 9.466ms
[2026-03-16T18:07:28.700+0800][5.370s][info][gc,phases,start] GC(92) Phase 4: Compact heap
[2026-03-16T18:07:28.707+0800][5.377s][info][gc,phases      ] GC(92) Phase 4: Compact heap 7.358ms
[2026-03-16T18:07:28.709+0800][5.378s][info][gc,heap        ] GC(92) Eden regions: 0->0(3)
[2026-03-16T18:07:28.709+0800][5.378s][info][gc,heap        ] GC(92) Survivor regions: 0->0(0)
[2026-03-16T18:07:28.709+0800][5.378s][info][gc,heap        ] GC(92) Old regions: 61->61
[2026-03-16T18:07:28.709+0800][5.378s][info][gc,heap        ] GC(92) Archive regions: 0->0
[2026-03-16T18:07:28.709+0800][5.379s][info][gc,heap        ] GC(92) Humongous regions: 3->3
[2026-03-16T18:07:28.709+0800][5.379s][info][gc,metaspace   ] GC(92) Metaspace: 5768K(6144K)->5768K(6144K) NonClass: 5136K(5376K)->5136K(5376K) Class: 631K(768K)->631K(768K)
[2026-03-16T18:07:28.709+0800][5.379s][info][gc             ] GC(92) Pause Full (G1 Compaction Pause) 63M->63M(64M) 43.276ms
[2026-03-16T18:07:28.710+0800][5.380s][info][gc,cpu         ] GC(92) User=0.11s Sys=0.00s Real=0.05s
[2026-03-16T18:07:28.711+0800][5.380s][info][gc,marking     ] GC(91) Concurrent Mark From Roots 69.441ms
[2026-03-16T18:07:28.711+0800][5.380s][info][gc,marking     ] GC(91) Concurrent Mark Abort
[2026-03-16T18:07:28.711+0800][5.381s][info][gc             ] GC(91) Concurrent Mark Cycle 69.934ms
[2026-03-16T18:07:28.712+0800][5.381s][info][gc,start       ] GC(93) Pause Young (Normal) (G1 Evacuation Pause)
[2026-03-16T18:07:28.712+0800][5.382s][info][gc,task        ] GC(93) Using 2 workers of 13 for evacuation
[2026-03-16T18:07:28.713+0800][5.382s][info][gc,phases      ] GC(93)   Pre Evacuate Collection Set: 0.1ms
[2026-03-16T18:07:28.713+0800][5.382s][info][gc,phases      ] GC(93)   Merge Heap Roots: 0.0ms
[2026-03-16T18:07:28.713+0800][5.382s][info][gc,phases      ] GC(93)   Evacuate Collection Set: 0.1ms
[2026-03-16T18:07:28.713+0800][5.382s][info][gc,phases      ] GC(93)   Post Evacuate Collection Set: 0.4ms
[2026-03-16T18:07:28.713+0800][5.382s][info][gc,phases      ] GC(93)   Other: 0.1ms
[2026-03-16T18:07:28.713+0800][5.382s][info][gc,heap        ] GC(93) Eden regions: 0->0(3)
[2026-03-16T18:07:28.713+0800][5.382s][info][gc,heap        ] GC(93) Survivor regions: 0->0(0)
[2026-03-16T18:07:28.713+0800][5.382s][info][gc,heap        ] GC(93) Old regions: 61->61
[2026-03-16T18:07:28.713+0800][5.382s][info][gc,heap        ] GC(93) Archive regions: 0->0
[2026-03-16T18:07:28.713+0800][5.382s][info][gc,heap        ] GC(93) Humongous regions: 3->3
[2026-03-16T18:07:28.713+0800][5.383s][info][gc,metaspace   ] GC(93) Metaspace: 5768K(6144K)->5768K(6144K) NonClass: 5136K(5376K)->5136K(5376K) Class: 631K(768K)->631K(768K)
[2026-03-16T18:07:28.713+0800][5.383s][info][gc             ] GC(93) Pause Young (Normal) (G1 Evacuation Pause) 63M->63M(64M) 1.054ms
[2026-03-16T18:07:28.713+0800][5.383s][info][gc,cpu         ] GC(93) User=0.00s Sys=0.00s Real=0.00s
[2026-03-16T18:07:28.713+0800][5.383s][info][gc,ergo        ] Attempting full compaction
[2026-03-16T18:07:28.713+0800][5.383s][info][gc,task        ] GC(94) Using 2 workers of 13 for full compaction
[2026-03-16T18:07:28.713+0800][5.383s][info][gc,start       ] GC(94) Pause Full (G1 Compaction Pause)
[2026-03-16T18:07:28.713+0800][5.383s][info][gc,phases,start] GC(94) Phase 1: Mark live objects
[2026-03-16T18:07:28.729+0800][5.399s][info][gc,phases      ] GC(94) Phase 1: Mark live objects 16.242ms
[2026-03-16T18:07:28.729+0800][5.399s][info][gc,phases,start] GC(94) Phase 2: Prepare for compaction
[2026-03-16T18:07:28.730+0800][5.399s][info][gc,phases      ] GC(94) Phase 2: Prepare for compaction 0.191ms
[2026-03-16T18:07:28.730+0800][5.399s][info][gc,phases,start] GC(94) Phase 3: Adjust pointers
[2026-03-16T18:07:28.735+0800][5.405s][info][gc,phases      ] GC(94) Phase 3: Adjust pointers 6.061ms
[2026-03-16T18:07:28.735+0800][5.406s][info][gc,phases,start] GC(94) Phase 4: Compact heap
[2026-03-16T18:07:28.736+0800][5.406s][info][gc,phases      ] GC(94) Phase 4: Compact heap 0.226ms
[2026-03-16T18:07:28.736+0800][5.407s][info][gc,heap        ] GC(94) Eden regions: 0->0(3)
[2026-03-16T18:07:28.736+0800][5.407s][info][gc,heap        ] GC(94) Survivor regions: 0->0(0)
[2026-03-16T18:07:28.736+0800][5.407s][info][gc,heap        ] GC(94) Old regions: 61->61
[2026-03-16T18:07:28.736+0800][5.407s][info][gc,heap        ] GC(94) Archive regions: 0->0
[2026-03-16T18:07:28.736+0800][5.407s][info][gc,heap        ] GC(94) Humongous regions: 3->3
[2026-03-16T18:07:28.736+0800][5.407s][info][gc,metaspace   ] GC(94) Metaspace: 5768K(6144K)->5768K(6144K) NonClass: 5136K(5376K)->5136K(5376K) Class: 631K(768K)->631K(768K)
[2026-03-16T18:07:28.736+0800][5.407s][info][gc             ] GC(94) Pause Full (G1 Compaction Pause) 63M->63M(64M) 24.226ms
[2026-03-16T18:07:28.736+0800][5.407s][info][gc,cpu         ] GC(94) User=0.06s Sys=0.00s Real=0.02s
[2026-03-16T18:07:28.736+0800][5.407s][info][gc,ergo        ] Attempting maximum full compaction clearing soft references
[2026-03-16T18:07:28.736+0800][5.407s][info][gc,task        ] GC(95) Using 2 workers of 13 for full compaction
[2026-03-16T18:07:28.738+0800][5.407s][info][gc,start       ] GC(95) Pause Full (G1 Compaction Pause)
[2026-03-16T18:07:28.738+0800][5.407s][info][gc,phases,start] GC(95) Phase 1: Mark live objects
[2026-03-16T18:07:28.752+0800][5.423s][info][gc,phases      ] GC(95) Phase 1: Mark live objects 15.439ms
[2026-03-16T18:07:28.752+0800][5.423s][info][gc,phases,start] GC(95) Phase 2: Prepare for compaction
[2026-03-16T18:07:28.759+0800][5.429s][info][gc,phases      ] GC(95) Phase 2: Prepare for compaction 6.305ms
[2026-03-16T18:07:28.759+0800][5.429s][info][gc,phases,start] GC(95) Phase 3: Adjust pointers
[2026-03-16T18:07:28.769+0800][5.439s][info][gc,phases      ] GC(95) Phase 3: Adjust pointers 9.558ms
[2026-03-16T18:07:28.769+0800][5.439s][info][gc,phases,start] GC(95) Phase 4: Compact heap
[2026-03-16T18:07:28.777+0800][5.447s][info][gc,phases      ] GC(95) Phase 4: Compact heap 7.931ms
[2026-03-16T18:07:28.778+0800][5.448s][info][gc,heap        ] GC(95) Eden regions: 0->0(3)
[2026-03-16T18:07:28.778+0800][5.448s][info][gc,heap        ] GC(95) Survivor regions: 0->0(0)
[2026-03-16T18:07:28.778+0800][5.448s][info][gc,heap        ] GC(95) Old regions: 61->61
[2026-03-16T18:07:28.778+0800][5.448s][info][gc,heap        ] GC(95) Archive regions: 0->0
[2026-03-16T18:07:28.778+0800][5.448s][info][gc,heap        ] GC(95) Humongous regions: 3->3
[2026-03-16T18:07:28.778+0800][5.448s][info][gc,metaspace   ] GC(95) Metaspace: 5768K(6144K)->5768K(6144K) NonClass: 5136K(5376K)->5136K(5376K) Class: 631K(768K)->631K(768K)
[2026-03-16T18:07:28.778+0800][5.448s][info][gc             ] GC(95) Pause Full (G1 Compaction Pause) 63M->63M(64M) 40.707ms
[2026-03-16T18:07:28.778+0800][5.448s][info][gc,cpu         ] GC(95) User=0.05s Sys=0.00s Real=0.04s
[2026-03-16T18:07:28.779+0800][5.448s][info][gc,start       ] GC(96) Pause Young (Concurrent Start) (G1 Evacuation Pause)
[2026-03-16T18:07:28.779+0800][5.448s][info][gc,task        ] GC(96) Using 2 workers of 13 for evacuation
[2026-03-16T18:07:28.780+0800][5.450s][info][gc,phases      ] GC(96)   Pre Evacuate Collection Set: 0.1ms
[2026-03-16T18:07:28.780+0800][5.450s][info][gc,phases      ] GC(96)   Merge Heap Roots: 0.1ms
[2026-03-16T18:07:28.780+0800][5.450s][info][gc,phases      ] GC(96)   Evacuate Collection Set: 0.3ms
[2026-03-16T18:07:28.780+0800][5.450s][info][gc,phases      ] GC(96)   Post Evacuate Collection Set: 0.8ms
[2026-03-16T18:07:28.780+0800][5.450s][info][gc,phases      ] GC(96)   Other: 0.2ms
[2026-03-16T18:07:28.780+0800][5.450s][info][gc,heap        ] GC(96) Eden regions: 0->0(3)
[2026-03-16T18:07:28.780+0800][5.450s][info][gc,heap        ] GC(96) Survivor regions: 0->0(0)
[2026-03-16T18:07:28.780+0800][5.450s][info][gc,heap        ] GC(96) Old regions: 61->61
[2026-03-16T18:07:28.780+0800][5.450s][info][gc,heap        ] GC(96) Archive regions: 0->0
[2026-03-16T18:07:28.780+0800][5.450s][info][gc,heap        ] GC(96) Humongous regions: 3->3
[2026-03-16T18:07:28.780+0800][5.450s][info][gc,metaspace   ] GC(96) Metaspace: 5768K(6144K)->5768K(6144K) NonClass: 5136K(5376K)->5136K(5376K) Class: 631K(768K)->631K(768K)
[2026-03-16T18:07:28.780+0800][5.450s][info][gc             ] GC(96) Pause Young (Concurrent Start) (G1 Evacuation Pause) 63M->63M(64M) 1.821ms
[2026-03-16T18:07:28.780+0800][5.450s][info][gc,cpu         ] GC(96) User=0.00s Sys=0.00s Real=0.00s
[2026-03-16T18:07:28.780+0800][5.450s][info][gc,ergo        ] Attempting full compaction
[2026-03-16T18:07:28.781+0800][5.450s][info][gc,task        ] GC(97) Using 2 workers of 13 for full compaction
[2026-03-16T18:07:28.781+0800][5.450s][info][gc,start       ] GC(97) Pause Full (G1 Compaction Pause)
[2026-03-16T18:07:28.781+0800][5.450s][info][gc             ] GC(98) Concurrent Mark Cycle
[2026-03-16T18:07:28.781+0800][5.450s][info][gc,marking     ] GC(98) Concurrent Clear Claimed Marks
[2026-03-16T18:07:28.781+0800][5.450s][info][gc,marking     ] GC(98) Concurrent Clear Claimed Marks 0.024ms
[2026-03-16T18:07:28.781+0800][5.451s][info][gc,marking     ] GC(98) Concurrent Scan Root Regions
[2026-03-16T18:07:28.781+0800][5.451s][info][gc,marking     ] GC(98) Concurrent Scan Root Regions 0.017ms
[2026-03-16T18:07:28.781+0800][5.451s][info][gc,marking     ] GC(98) Concurrent Mark
[2026-03-16T18:07:28.781+0800][5.451s][info][gc,marking     ] GC(98) Concurrent Mark From Roots
[2026-03-16T18:07:28.781+0800][5.451s][info][gc,task        ] GC(98) Using 3 workers of 3 for marking
[2026-03-16T18:07:28.781+0800][5.451s][info][gc,phases,start] GC(97) Phase 1: Mark live objects
[2026-03-16T18:07:28.796+0800][5.466s][info][gc,phases      ] GC(97) Phase 1: Mark live objects 15.396ms
[2026-03-16T18:07:28.796+0800][5.466s][info][gc,phases,start] GC(97) Phase 2: Prepare for compaction
[2026-03-16T18:07:28.797+0800][5.466s][info][gc,phases      ] GC(97) Phase 2: Prepare for compaction 0.235ms
[2026-03-16T18:07:28.797+0800][5.466s][info][gc,phases,start] GC(97) Phase 3: Adjust pointers
[2026-03-16T18:07:28.804+0800][5.474s][info][gc,phases      ] GC(97) Phase 3: Adjust pointers 7.616ms
[2026-03-16T18:07:28.804+0800][5.474s][info][gc,phases,start] GC(97) Phase 4: Compact heap
[2026-03-16T18:07:28.804+0800][5.475s][info][gc,phases      ] GC(97) Phase 4: Compact heap 0.222ms
[2026-03-16T18:07:28.805+0800][5.475s][info][gc,heap        ] GC(97) Eden regions: 0->0(3)
[2026-03-16T18:07:28.805+0800][5.475s][info][gc,heap        ] GC(97) Survivor regions: 0->0(0)
[2026-03-16T18:07:28.805+0800][5.475s][info][gc,heap        ] GC(97) Old regions: 61->61
[2026-03-16T18:07:28.805+0800][5.475s][info][gc,heap        ] GC(97) Archive regions: 0->0
[2026-03-16T18:07:28.805+0800][5.475s][info][gc,heap        ] GC(97) Humongous regions: 3->3
[2026-03-16T18:07:28.805+0800][5.475s][info][gc,metaspace   ] GC(97) Metaspace: 5768K(6144K)->5768K(6144K) NonClass: 5136K(5376K)->5136K(5376K) Class: 631K(768K)->631K(768K)
[2026-03-16T18:07:28.805+0800][5.476s][info][gc             ] GC(97) Pause Full (G1 Compaction Pause) 63M->63M(64M) 25.161ms
[2026-03-16T18:07:28.805+0800][5.476s][info][gc,cpu         ] GC(97) User=0.03s Sys=0.03s Real=0.02s
[2026-03-16T18:07:28.805+0800][5.476s][info][gc,ergo        ] Attempting maximum full compaction clearing soft references
[2026-03-16T18:07:28.805+0800][5.476s][info][gc,task        ] GC(99) Using 2 workers of 13 for full compaction
[2026-03-16T18:07:28.805+0800][5.476s][info][gc,start       ] GC(99) Pause Full (G1 Compaction Pause)
[2026-03-16T18:07:28.805+0800][5.476s][info][gc,phases,start] GC(99) Phase 1: Mark live objects
[2026-03-16T18:07:28.822+0800][5.491s][info][gc,phases      ] GC(99) Phase 1: Mark live objects 15.403ms
[2026-03-16T18:07:28.822+0800][5.491s][info][gc,phases,start] GC(99) Phase 2: Prepare for compaction
[2026-03-16T18:07:28.827+0800][5.497s][info][gc,phases      ] GC(99) Phase 2: Prepare for compaction 5.615ms
[2026-03-16T18:07:28.827+0800][5.497s][info][gc,phases,start] GC(99) Phase 3: Adjust pointers
[2026-03-16T18:07:28.838+0800][5.507s][info][gc,phases      ] GC(99) Phase 3: Adjust pointers 9.941ms
[2026-03-16T18:07:28.838+0800][5.507s][info][gc,phases,start] GC(99) Phase 4: Compact heap
[2026-03-16T18:07:28.843+0800][5.513s][info][gc,phases      ] GC(99) Phase 4: Compact heap 6.128ms
[2026-03-16T18:07:28.844+0800][5.514s][info][gc,heap        ] GC(99) Eden regions: 0->0(3)
[2026-03-16T18:07:28.844+0800][5.514s][info][gc,heap        ] GC(99) Survivor regions: 0->0(0)
[2026-03-16T18:07:28.844+0800][5.514s][info][gc,heap        ] GC(99) Old regions: 61->61
[2026-03-16T18:07:28.844+0800][5.514s][info][gc,heap        ] GC(99) Archive regions: 0->0
[2026-03-16T18:07:28.844+0800][5.514s][info][gc,heap        ] GC(99) Humongous regions: 3->3
[2026-03-16T18:07:28.844+0800][5.514s][info][gc,metaspace   ] GC(99) Metaspace: 5768K(6144K)->5768K(6144K) NonClass: 5136K(5376K)->5136K(5376K) Class: 631K(768K)->631K(768K)
[2026-03-16T18:07:28.844+0800][5.514s][info][gc             ] GC(99) Pause Full (G1 Compaction Pause) 63M->63M(64M) 38.609ms
[2026-03-16T18:07:28.845+0800][5.514s][info][gc,cpu         ] GC(99) User=0.06s Sys=0.00s Real=0.04s
[2026-03-16T18:07:28.845+0800][5.515s][info][gc,marking     ] GC(98) Concurrent Mark From Roots 64.013ms
[2026-03-16T18:07:28.845+0800][5.515s][info][gc,start       ] GC(100) Pause Young (Normal) (G1 Evacuation Pause)
[2026-03-16T18:07:28.845+0800][5.515s][info][gc,task        ] GC(100) Using 2 workers of 13 for evacuation
[2026-03-16T18:07:28.846+0800][5.516s][info][gc,phases      ] GC(100)   Pre Evacuate Collection Set: 0.0ms
[2026-03-16T18:07:28.846+0800][5.516s][info][gc,phases      ] GC(100)   Merge Heap Roots: 0.1ms
[2026-03-16T18:07:28.846+0800][5.516s][info][gc,phases      ] GC(100)   Evacuate Collection Set: 0.1ms
[2026-03-16T18:07:28.846+0800][5.516s][info][gc,phases      ] GC(100)   Post Evacuate Collection Set: 0.4ms
[2026-03-16T18:07:28.846+0800][5.516s][info][gc,phases      ] GC(100)   Other: 0.3ms
[2026-03-16T18:07:28.846+0800][5.516s][info][gc,heap        ] GC(100) Eden regions: 0->0(3)
[2026-03-16T18:07:28.846+0800][5.516s][info][gc,heap        ] GC(100) Survivor regions: 0->0(0)
[2026-03-16T18:07:28.846+0800][5.516s][info][gc,heap        ] GC(100) Old regions: 61->61
[2026-03-16T18:07:28.846+0800][5.516s][info][gc,heap        ] GC(100) Archive regions: 0->0
[2026-03-16T18:07:28.846+0800][5.516s][info][gc,heap        ] GC(100) Humongous regions: 3->3
[2026-03-16T18:07:28.846+0800][5.516s][info][gc,metaspace   ] GC(100) Metaspace: 5768K(6144K)->5768K(6144K) NonClass: 5137K(5376K)->5137K(5376K) Class: 631K(768K)->631K(768K)
[2026-03-16T18:07:28.846+0800][5.516s][info][gc             ] GC(100) Pause Young (Normal) (G1 Evacuation Pause) 63M->63M(64M) 1.101ms
[2026-03-16T18:07:28.846+0800][5.516s][info][gc,cpu         ] GC(100) User=0.00s Sys=0.00s Real=0.00s
[2026-03-16T18:07:28.846+0800][5.516s][info][gc,ergo        ] Attempting full compaction
[2026-03-16T18:07:28.846+0800][5.516s][info][gc,task        ] GC(101) Using 2 workers of 13 for full compaction
[2026-03-16T18:07:28.846+0800][5.516s][info][gc,start       ] GC(101) Pause Full (G1 Compaction Pause)
[2026-03-16T18:07:28.846+0800][5.516s][info][gc,phases,start] GC(101) Phase 1: Mark live objects
[2026-03-16T18:07:28.861+0800][5.530s][info][gc,phases      ] GC(101) Phase 1: Mark live objects 14.312ms
[2026-03-16T18:07:28.861+0800][5.530s][info][gc,phases,start] GC(101) Phase 2: Prepare for compaction
[2026-03-16T18:07:28.861+0800][5.531s][info][gc,phases      ] GC(101) Phase 2: Prepare for compaction 0.141ms
[2026-03-16T18:07:28.861+0800][5.531s][info][gc,phases,start] GC(101) Phase 3: Adjust pointers
[2026-03-16T18:07:28.867+0800][5.537s][info][gc,phases      ] GC(101) Phase 3: Adjust pointers 6.281ms
[2026-03-16T18:07:28.867+0800][5.537s][info][gc,phases,start] GC(101) Phase 4: Compact heap
[2026-03-16T18:07:28.867+0800][5.537s][info][gc,phases      ] GC(101) Phase 4: Compact heap 0.162ms
[2026-03-16T18:07:28.868+0800][5.538s][info][gc,heap        ] GC(101) Eden regions: 0->0(3)
[2026-03-16T18:07:28.868+0800][5.538s][info][gc,heap        ] GC(101) Survivor regions: 0->0(0)
[2026-03-16T18:07:28.868+0800][5.538s][info][gc,heap        ] GC(101) Old regions: 61->61
[2026-03-16T18:07:28.868+0800][5.538s][info][gc,heap        ] GC(101) Archive regions: 0->0
[2026-03-16T18:07:28.868+0800][5.538s][info][gc,heap        ] GC(101) Humongous regions: 3->3
[2026-03-16T18:07:28.868+0800][5.538s][info][gc,metaspace   ] GC(101) Metaspace: 5768K(6144K)->5768K(6144K) NonClass: 5137K(5376K)->5137K(5376K) Class: 631K(768K)->631K(768K)
[2026-03-16T18:07:28.868+0800][5.538s][info][gc             ] GC(101) Pause Full (G1 Compaction Pause) 63M->63M(64M) 22.157ms
[2026-03-16T18:07:28.868+0800][5.538s][info][gc,cpu         ] GC(101) User=0.00s Sys=0.00s Real=0.02s
[2026-03-16T18:07:28.868+0800][5.538s][info][gc,ergo        ] Attempting maximum full compaction clearing soft references
[2026-03-16T18:07:28.868+0800][5.538s][info][gc,task        ] GC(102) Using 2 workers of 13 for full compaction
[2026-03-16T18:07:28.868+0800][5.538s][info][gc,start       ] GC(102) Pause Full (G1 Compaction Pause)
[2026-03-16T18:07:28.868+0800][5.538s][info][gc,phases,start] GC(102) Phase 1: Mark live objects
[2026-03-16T18:07:28.883+0800][5.553s][info][gc,phases      ] GC(102) Phase 1: Mark live objects 14.538ms
[2026-03-16T18:07:28.884+0800][5.553s][info][gc,phases,start] GC(102) Phase 2: Prepare for compaction
[2026-03-16T18:07:28.888+0800][5.558s][info][gc,phases      ] GC(102) Phase 2: Prepare for compaction 4.857ms
[2026-03-16T18:07:28.888+0800][5.558s][info][gc,phases,start] GC(102) Phase 3: Adjust pointers
[2026-03-16T18:07:28.897+0800][5.567s][info][gc,phases      ] GC(102) Phase 3: Adjust pointers 8.763ms
[2026-03-16T18:07:28.897+0800][5.567s][info][gc,phases,start] GC(102) Phase 4: Compact heap
[2026-03-16T18:07:28.903+0800][5.572s][info][gc,phases      ] GC(102) Phase 4: Compact heap 5.316ms
[2026-03-16T18:07:28.903+0800][5.573s][info][gc,heap        ] GC(102) Eden regions: 0->0(3)
[2026-03-16T18:07:28.904+0800][5.573s][info][gc,heap        ] GC(102) Survivor regions: 0->0(0)
[2026-03-16T18:07:28.904+0800][5.573s][info][gc,heap        ] GC(102) Old regions: 61->61
[2026-03-16T18:07:28.904+0800][5.573s][info][gc,heap        ] GC(102) Archive regions: 0->0
[2026-03-16T18:07:28.904+0800][5.573s][info][gc,heap        ] GC(102) Humongous regions: 3->3
[2026-03-16T18:07:28.904+0800][5.573s][info][gc,metaspace   ] GC(102) Metaspace: 5768K(6144K)->5768K(6144K) NonClass: 5137K(5376K)->5137K(5376K) Class: 631K(768K)->631K(768K)
[2026-03-16T18:07:28.904+0800][5.573s][info][gc             ] GC(102) Pause Full (G1 Compaction Pause) 63M->63M(64M) 34.923ms
[2026-03-16T18:07:28.904+0800][5.573s][info][gc,cpu         ] GC(102) User=0.06s Sys=0.00s Real=0.04s
[2026-03-16T18:07:28.904+0800][5.574s][info][gc,marking     ] GC(98) Concurrent Mark Abort
[2026-03-16T18:07:28.904+0800][5.574s][info][gc             ] GC(98) Concurrent Mark Cycle 123.261ms
[2026-03-16T18:07:28.904+0800][5.574s][info][gc,start       ] GC(103) Pause Young (Normal) (G1 Evacuation Pause)
[2026-03-16T18:07:28.904+0800][5.574s][info][gc,task        ] GC(103) Using 2 workers of 13 for evacuation
[2026-03-16T18:07:28.905+0800][5.575s][info][gc,phases      ] GC(103)   Pre Evacuate Collection Set: 0.3ms
[2026-03-16T18:07:28.905+0800][5.575s][info][gc,phases      ] GC(103)   Merge Heap Roots: 0.1ms
[2026-03-16T18:07:28.906+0800][5.575s][info][gc,phases      ] GC(103)   Evacuate Collection Set: 0.1ms
[2026-03-16T18:07:28.906+0800][5.575s][info][gc,phases      ] GC(103)   Post Evacuate Collection Set: 0.5ms
[2026-03-16T18:07:28.906+0800][5.575s][info][gc,phases      ] GC(103)   Other: 0.1ms
[2026-03-16T18:07:28.906+0800][5.575s][info][gc,heap        ] GC(103) Eden regions: 0->0(3)
[2026-03-16T18:07:28.906+0800][5.575s][info][gc,heap        ] GC(103) Survivor regions: 0->0(0)
[2026-03-16T18:07:28.906+0800][5.575s][info][gc,heap        ] GC(103) Old regions: 61->61
[2026-03-16T18:07:28.906+0800][5.575s][info][gc,heap        ] GC(103) Archive regions: 0->0
[2026-03-16T18:07:28.906+0800][5.575s][info][gc,heap        ] GC(103) Humongous regions: 3->3
[2026-03-16T18:07:28.906+0800][5.575s][info][gc,metaspace   ] GC(103) Metaspace: 5768K(6144K)->5768K(6144K) NonClass: 5137K(5376K)->5137K(5376K) Class: 631K(768K)->631K(768K)
[2026-03-16T18:07:28.906+0800][5.575s][info][gc             ] GC(103) Pause Young (Normal) (G1 Evacuation Pause) 63M->63M(64M) 1.376ms
[2026-03-16T18:07:28.906+0800][5.575s][info][gc,cpu         ] GC(103) User=0.00s Sys=0.00s Real=0.00s
[2026-03-16T18:07:28.906+0800][5.575s][info][gc,ergo        ] Attempting full compaction
[2026-03-16T18:07:28.906+0800][5.575s][info][gc,task        ] GC(104) Using 2 workers of 13 for full compaction
[2026-03-16T18:07:28.906+0800][5.575s][info][gc,start       ] GC(104) Pause Full (G1 Compaction Pause)
[2026-03-16T18:07:28.906+0800][5.575s][info][gc,phases,start] GC(104) Phase 1: Mark live objects
[2026-03-16T18:07:28.922+0800][5.592s][info][gc,phases      ] GC(104) Phase 1: Mark live objects 16.355ms
[2026-03-16T18:07:28.922+0800][5.592s][info][gc,phases,start] GC(104) Phase 2: Prepare for compaction
[2026-03-16T18:07:28.923+0800][5.592s][info][gc,phases      ] GC(104) Phase 2: Prepare for compaction 0.291ms
[2026-03-16T18:07:28.923+0800][5.592s][info][gc,phases,start] GC(104) Phase 3: Adjust pointers
[2026-03-16T18:07:28.928+0800][5.598s][info][gc,phases      ] GC(104) Phase 3: Adjust pointers 5.972ms
[2026-03-16T18:07:28.928+0800][5.598s][info][gc,phases,start] GC(104) Phase 4: Compact heap
[2026-03-16T18:07:28.928+0800][5.599s][info][gc,phases      ] GC(104) Phase 4: Compact heap 0.184ms
[2026-03-16T18:07:28.930+0800][5.600s][info][gc,heap        ] GC(104) Eden regions: 0->0(3)
[2026-03-16T18:07:28.930+0800][5.600s][info][gc,heap        ] GC(104) Survivor regions: 0->0(0)
[2026-03-16T18:07:28.930+0800][5.600s][info][gc,heap        ] GC(104) Old regions: 61->61
[2026-03-16T18:07:28.930+0800][5.600s][info][gc,heap        ] GC(104) Archive regions: 0->0
[2026-03-16T18:07:28.930+0800][5.600s][info][gc,heap        ] GC(104) Humongous regions: 3->3
[2026-03-16T18:07:28.930+0800][5.600s][info][gc,metaspace   ] GC(104) Metaspace: 5768K(6144K)->5768K(6144K) NonClass: 5137K(5376K)->5137K(5376K) Class: 631K(768K)->631K(768K)
[2026-03-16T18:07:28.930+0800][5.600s][info][gc             ] GC(104) Pause Full (G1 Compaction Pause) 63M->63M(64M) 24.439ms
[2026-03-16T18:07:28.930+0800][5.600s][info][gc,cpu         ] GC(104) User=0.05s Sys=0.02s Real=0.02s
[2026-03-16T18:07:28.930+0800][5.600s][info][gc,ergo        ] Attempting maximum full compaction clearing soft references
[2026-03-16T18:07:28.930+0800][5.600s][info][gc,task        ] GC(105) Using 2 workers of 13 for full compaction
[2026-03-16T18:07:28.930+0800][5.600s][info][gc,start       ] GC(105) Pause Full (G1 Compaction Pause)
[2026-03-16T18:07:28.930+0800][5.600s][info][gc,phases,start] GC(105) Phase 1: Mark live objects
[2026-03-16T18:07:28.946+0800][5.615s][info][gc,phases      ] GC(105) Phase 1: Mark live objects 15.040ms
[2026-03-16T18:07:28.946+0800][5.615s][info][gc,phases,start] GC(105) Phase 2: Prepare for compaction
[2026-03-16T18:07:28.953+0800][5.622s][info][gc,phases      ] GC(105) Phase 2: Prepare for compaction 6.658ms
[2026-03-16T18:07:28.953+0800][5.622s][info][gc,phases,start] GC(105) Phase 3: Adjust pointers
[2026-03-16T18:07:28.960+0800][5.630s][info][gc,phases      ] GC(105) Phase 3: Adjust pointers 8.391ms
[2026-03-16T18:07:28.961+0800][5.631s][info][gc,phases,start] GC(105) Phase 4: Compact heap
[2026-03-16T18:07:28.968+0800][5.637s][info][gc,phases      ] GC(105) Phase 4: Compact heap 6.525ms
[2026-03-16T18:07:28.968+0800][5.638s][info][gc,heap        ] GC(105) Eden regions: 0->0(3)
[2026-03-16T18:07:28.968+0800][5.638s][info][gc,heap        ] GC(105) Survivor regions: 0->0(0)
[2026-03-16T18:07:28.968+0800][5.638s][info][gc,heap        ] GC(105) Old regions: 61->61
[2026-03-16T18:07:28.969+0800][5.638s][info][gc,heap        ] GC(105) Archive regions: 0->0
[2026-03-16T18:07:28.969+0800][5.638s][info][gc,heap        ] GC(105) Humongous regions: 3->3
[2026-03-16T18:07:28.969+0800][5.638s][info][gc,metaspace   ] GC(105) Metaspace: 5768K(6144K)->5768K(6144K) NonClass: 5137K(5376K)->5137K(5376K) Class: 631K(768K)->631K(768K)
[2026-03-16T18:07:28.969+0800][5.638s][info][gc             ] GC(105) Pause Full (G1 Compaction Pause) 63M->63M(64M) 37.942ms
[2026-03-16T18:07:28.969+0800][5.638s][info][gc,cpu         ] GC(105) User=0.06s Sys=0.00s Real=0.04s
[2026-03-16T18:07:28.969+0800][5.638s][info][gc,start       ] GC(106) Pause Young (Concurrent Start) (G1 Evacuation Pause)
[2026-03-16T18:07:28.969+0800][5.638s][info][gc,task        ] GC(106) Using 2 workers of 13 for evacuation
[2026-03-16T18:07:28.970+0800][5.640s][info][gc,phases      ] GC(106)   Pre Evacuate Collection Set: 0.1ms
[2026-03-16T18:07:28.970+0800][5.640s][info][gc,phases      ] GC(106)   Merge Heap Roots: 0.2ms
[2026-03-16T18:07:28.970+0800][5.640s][info][gc,phases      ] GC(106)   Evacuate Collection Set: 0.3ms
[2026-03-16T18:07:28.970+0800][5.640s][info][gc,phases      ] GC(106)   Post Evacuate Collection Set: 0.5ms
[2026-03-16T18:07:28.970+0800][5.640s][info][gc,phases      ] GC(106)   Other: 0.1ms
[2026-03-16T18:07:28.970+0800][5.640s][info][gc,heap        ] GC(106) Eden regions: 0->0(3)
[2026-03-16T18:07:28.970+0800][5.640s][info][gc,heap        ] GC(106) Survivor regions: 0->0(0)
[2026-03-16T18:07:28.970+0800][5.640s][info][gc,heap        ] GC(106) Old regions: 61->61
[2026-03-16T18:07:28.970+0800][5.640s][info][gc,heap        ] GC(106) Archive regions: 0->0
[2026-03-16T18:07:28.970+0800][5.640s][info][gc,heap        ] GC(106) Humongous regions: 3->3
[2026-03-16T18:07:28.970+0800][5.640s][info][gc,metaspace   ] GC(106) Metaspace: 5768K(6144K)->5768K(6144K) NonClass: 5137K(5376K)->5137K(5376K) Class: 631K(768K)->631K(768K)
[2026-03-16T18:07:28.970+0800][5.640s][info][gc             ] GC(106) Pause Young (Concurrent Start) (G1 Evacuation Pause) 63M->63M(64M) 1.451ms
[2026-03-16T18:07:28.970+0800][5.640s][info][gc,cpu         ] GC(106) User=0.03s Sys=0.00s Real=0.00s
[2026-03-16T18:07:28.970+0800][5.640s][info][gc,ergo        ] Attempting full compaction
[2026-03-16T18:07:28.970+0800][5.640s][info][gc,task        ] GC(107) Using 2 workers of 13 for full compaction
[2026-03-16T18:07:28.970+0800][5.640s][info][gc,start       ] GC(107) Pause Full (G1 Compaction Pause)
[2026-03-16T18:07:28.971+0800][5.640s][info][gc             ] GC(108) Concurrent Mark Cycle
[2026-03-16T18:07:28.971+0800][5.640s][info][gc,phases,start] GC(107) Phase 1: Mark live objects
[2026-03-16T18:07:28.971+0800][5.640s][info][gc,marking     ] GC(108) Concurrent Clear Claimed Marks
[2026-03-16T18:07:28.971+0800][5.640s][info][gc,marking     ] GC(108) Concurrent Clear Claimed Marks 0.159ms
[2026-03-16T18:07:28.971+0800][5.640s][info][gc,marking     ] GC(108) Concurrent Scan Root Regions
[2026-03-16T18:07:28.971+0800][5.640s][info][gc,marking     ] GC(108) Concurrent Scan Root Regions 0.017ms
[2026-03-16T18:07:28.985+0800][5.654s][info][gc,phases      ] GC(107) Phase 1: Mark live objects 14.046ms
[2026-03-16T18:07:28.985+0800][5.654s][info][gc,phases,start] GC(107) Phase 2: Prepare for compaction
[2026-03-16T18:07:28.985+0800][5.654s][info][gc,phases      ] GC(107) Phase 2: Prepare for compaction 0.195ms
[2026-03-16T18:07:28.985+0800][5.655s][info][gc,phases,start] GC(107) Phase 3: Adjust pointers
[2026-03-16T18:07:28.991+0800][5.661s][info][gc,phases      ] GC(107) Phase 3: Adjust pointers 6.072ms
[2026-03-16T18:07:28.991+0800][5.661s][info][gc,phases,start] GC(107) Phase 4: Compact heap
[2026-03-16T18:07:28.992+0800][5.661s][info][gc,phases      ] GC(107) Phase 4: Compact heap 0.233ms
[2026-03-16T18:07:28.992+0800][5.662s][info][gc,heap        ] GC(107) Eden regions: 0->0(3)
[2026-03-16T18:07:28.992+0800][5.662s][info][gc,heap        ] GC(107) Survivor regions: 0->0(0)
[2026-03-16T18:07:28.992+0800][5.662s][info][gc,heap        ] GC(107) Old regions: 61->61
[2026-03-16T18:07:28.992+0800][5.662s][info][gc,heap        ] GC(107) Archive regions: 0->0
[2026-03-16T18:07:28.992+0800][5.662s][info][gc,heap        ] GC(107) Humongous regions: 3->3
[2026-03-16T18:07:28.992+0800][5.662s][info][gc,metaspace   ] GC(107) Metaspace: 5768K(6144K)->5768K(6144K) NonClass: 5137K(5376K)->5137K(5376K) Class: 631K(768K)->631K(768K)
[2026-03-16T18:07:28.992+0800][5.662s][info][gc             ] GC(107) Pause Full (G1 Compaction Pause) 63M->63M(64M) 21.896ms
[2026-03-16T18:07:28.992+0800][5.662s][info][gc,cpu         ] GC(107) User=0.02s Sys=0.00s Real=0.02s
[2026-03-16T18:07:28.992+0800][5.662s][info][gc,ergo        ] Attempting maximum full compaction clearing soft references
[2026-03-16T18:07:28.992+0800][5.662s][info][gc,task        ] GC(109) Using 2 workers of 13 for full compaction
[2026-03-16T18:07:28.992+0800][5.662s][info][gc,start       ] GC(109) Pause Full (G1 Compaction Pause)
[2026-03-16T18:07:28.992+0800][5.662s][info][gc,phases,start] GC(109) Phase 1: Mark live objects
[2026-03-16T18:07:29.006+0800][5.676s][info][gc,phases      ] GC(109) Phase 1: Mark live objects 14.345ms
[2026-03-16T18:07:29.006+0800][5.677s][info][gc,phases,start] GC(109) Phase 2: Prepare for compaction
[2026-03-16T18:07:29.013+0800][5.683s][info][gc,phases      ] GC(109) Phase 2: Prepare for compaction 6.314ms
[2026-03-16T18:07:29.013+0800][5.683s][info][gc,phases,start] GC(109) Phase 3: Adjust pointers
[2026-03-16T18:07:29.026+0800][5.695s][info][gc,phases      ] GC(109) Phase 3: Adjust pointers 11.956ms
[2026-03-16T18:07:29.026+0800][5.695s][info][gc,phases,start] GC(109) Phase 4: Compact heap
[2026-03-16T18:07:29.033+0800][5.703s][info][gc,phases      ] GC(109) Phase 4: Compact heap 7.739ms
[2026-03-16T18:07:29.034+0800][5.704s][info][gc,heap        ] GC(109) Eden regions: 0->0(3)
[2026-03-16T18:07:29.034+0800][5.704s][info][gc,heap        ] GC(109) Survivor regions: 0->0(0)
[2026-03-16T18:07:29.034+0800][5.704s][info][gc,heap        ] GC(109) Old regions: 61->61
[2026-03-16T18:07:29.034+0800][5.704s][info][gc,heap        ] GC(109) Archive regions: 0->0
[2026-03-16T18:07:29.034+0800][5.704s][info][gc,heap        ] GC(109) Humongous regions: 3->3
[2026-03-16T18:07:29.034+0800][5.704s][info][gc,metaspace   ] GC(109) Metaspace: 5768K(6144K)->5768K(6144K) NonClass: 5137K(5376K)->5137K(5376K) Class: 631K(768K)->631K(768K)
[2026-03-16T18:07:29.034+0800][5.704s][info][gc             ] GC(109) Pause Full (G1 Compaction Pause) 63M->63M(64M) 42.271ms
[2026-03-16T18:07:29.035+0800][5.704s][info][gc,cpu         ] GC(109) User=0.09s Sys=0.00s Real=0.04s
[2026-03-16T18:07:29.035+0800][5.705s][info][gc,marking     ] GC(108) Concurrent Mark Abort
[2026-03-16T18:07:29.035+0800][5.705s][info][gc             ] GC(108) Concurrent Mark Cycle 64.888ms
[2026-03-16T18:07:29.035+0800][5.705s][info][gc,start       ] GC(110) Pause Young (Normal) (G1 Evacuation Pause)
[2026-03-16T18:07:29.035+0800][5.705s][info][gc,task        ] GC(110) Using 2 workers of 13 for evacuation
[2026-03-16T18:07:29.037+0800][5.706s][info][gc,phases      ] GC(110)   Pre Evacuate Collection Set: 0.2ms
[2026-03-16T18:07:29.037+0800][5.707s][info][gc,phases      ] GC(110)   Merge Heap Roots: 0.2ms
[2026-03-16T18:07:29.037+0800][5.707s][info][gc,phases      ] GC(110)   Evacuate Collection Set: 0.3ms
[2026-03-16T18:07:29.037+0800][5.707s][info][gc,phases      ] GC(110)   Post Evacuate Collection Set: 0.5ms
[2026-03-16T18:07:29.037+0800][5.707s][info][gc,phases      ] GC(110)   Other: 0.3ms
[2026-03-16T18:07:29.037+0800][5.707s][info][gc,heap        ] GC(110) Eden regions: 0->0(3)
[2026-03-16T18:07:29.037+0800][5.707s][info][gc,heap        ] GC(110) Survivor regions: 0->0(0)
[2026-03-16T18:07:29.037+0800][5.707s][info][gc,heap        ] GC(110) Old regions: 61->61
[2026-03-16T18:07:29.037+0800][5.707s][info][gc,heap        ] GC(110) Archive regions: 0->0
[2026-03-16T18:07:29.037+0800][5.707s][info][gc,heap        ] GC(110) Humongous regions: 3->3
[2026-03-16T18:07:29.037+0800][5.707s][info][gc,metaspace   ] GC(110) Metaspace: 5768K(6144K)->5768K(6144K) NonClass: 5137K(5376K)->5137K(5376K) Class: 631K(768K)->631K(768K)
[2026-03-16T18:07:29.037+0800][5.707s][info][gc             ] GC(110) Pause Young (Normal) (G1 Evacuation Pause) 63M->63M(64M) 1.645ms
[2026-03-16T18:07:29.037+0800][5.707s][info][gc,cpu         ] GC(110) User=0.00s Sys=0.00s Real=0.00s
[2026-03-16T18:07:29.037+0800][5.707s][info][gc,ergo        ] Attempting full compaction
[2026-03-16T18:07:29.037+0800][5.707s][info][gc,task        ] GC(111) Using 2 workers of 13 for full compaction
[2026-03-16T18:07:29.037+0800][5.707s][info][gc,start       ] GC(111) Pause Full (G1 Compaction Pause)
[2026-03-16T18:07:29.037+0800][5.707s][info][gc,phases,start] GC(111) Phase 1: Mark live objects
[2026-03-16T18:07:29.070+0800][5.739s][info][gc,phases      ] GC(111) Phase 1: Mark live objects 32.586ms
[2026-03-16T18:07:29.070+0800][5.740s][info][gc,phases,start] GC(111) Phase 2: Prepare for compaction
[2026-03-16T18:07:29.070+0800][5.740s][info][gc,phases      ] GC(111) Phase 2: Prepare for compaction 0.148ms
[2026-03-16T18:07:29.070+0800][5.740s][info][gc,phases,start] GC(111) Phase 3: Adjust pointers
[2026-03-16T18:07:29.076+0800][5.746s][info][gc,phases      ] GC(111) Phase 3: Adjust pointers 5.777ms
[2026-03-16T18:07:29.076+0800][5.746s][info][gc,phases,start] GC(111) Phase 4: Compact heap
[2026-03-16T18:07:29.076+0800][5.746s][info][gc,phases      ] GC(111) Phase 4: Compact heap 0.241ms
[2026-03-16T18:07:29.077+0800][5.747s][info][gc,heap        ] GC(111) Eden regions: 0->0(3)
[2026-03-16T18:07:29.077+0800][5.747s][info][gc,heap        ] GC(111) Survivor regions: 0->0(0)
[2026-03-16T18:07:29.077+0800][5.747s][info][gc,heap        ] GC(111) Old regions: 61->61
[2026-03-16T18:07:29.077+0800][5.747s][info][gc,heap        ] GC(111) Archive regions: 0->0
[2026-03-16T18:07:29.077+0800][5.747s][info][gc,heap        ] GC(111) Humongous regions: 3->3
[2026-03-16T18:07:29.077+0800][5.747s][info][gc,metaspace   ] GC(111) Metaspace: 5768K(6144K)->5768K(6144K) NonClass: 5137K(5376K)->5137K(5376K) Class: 631K(768K)->631K(768K)
[2026-03-16T18:07:29.077+0800][5.747s][info][gc             ] GC(111) Pause Full (G1 Compaction Pause) 63M->63M(64M) 40.117ms
[2026-03-16T18:07:29.077+0800][5.747s][info][gc,cpu         ] GC(111) User=0.06s Sys=0.00s Real=0.04s
[2026-03-16T18:07:29.077+0800][5.747s][info][gc,ergo        ] Attempting maximum full compaction clearing soft references
[2026-03-16T18:07:29.077+0800][5.747s][info][gc,task        ] GC(112) Using 2 workers of 13 for full compaction
[2026-03-16T18:07:29.077+0800][5.747s][info][gc,start       ] GC(112) Pause Full (G1 Compaction Pause)
[2026-03-16T18:07:29.077+0800][5.747s][info][gc,phases,start] GC(112) Phase 1: Mark live objects
[2026-03-16T18:07:29.109+0800][5.778s][info][gc,phases      ] GC(112) Phase 1: Mark live objects 31.093ms
[2026-03-16T18:07:29.109+0800][5.778s][info][gc,phases,start] GC(112) Phase 2: Prepare for compaction
[2026-03-16T18:07:29.114+0800][5.784s][info][gc,phases      ] GC(112) Phase 2: Prepare for compaction 5.356ms
[2026-03-16T18:07:29.114+0800][5.784s][info][gc,phases,start] GC(112) Phase 3: Adjust pointers
[2026-03-16T18:07:29.122+0800][5.792s][info][gc,phases      ] GC(112) Phase 3: Adjust pointers 7.931ms
[2026-03-16T18:07:29.122+0800][5.792s][info][gc,phases,start] GC(112) Phase 4: Compact heap
[2026-03-16T18:07:29.129+0800][5.799s][info][gc,phases      ] GC(112) Phase 4: Compact heap 6.461ms
[2026-03-16T18:07:29.130+0800][5.799s][info][gc,heap        ] GC(112) Eden regions: 0->0(3)
[2026-03-16T18:07:29.130+0800][5.800s][info][gc,heap        ] GC(112) Survivor regions: 0->0(0)
[2026-03-16T18:07:29.130+0800][5.800s][info][gc,heap        ] GC(112) Old regions: 61->61
[2026-03-16T18:07:29.130+0800][5.800s][info][gc,heap        ] GC(112) Archive regions: 0->0
[2026-03-16T18:07:29.130+0800][5.800s][info][gc,heap        ] GC(112) Humongous regions: 3->3
[2026-03-16T18:07:29.130+0800][5.800s][info][gc,metaspace   ] GC(112) Metaspace: 5768K(6144K)->5768K(6144K) NonClass: 5137K(5376K)->5137K(5376K) Class: 631K(768K)->631K(768K)
[2026-03-16T18:07:29.130+0800][5.800s][info][gc             ] GC(112) Pause Full (G1 Compaction Pause) 63M->63M(64M) 52.449ms
[2026-03-16T18:07:29.130+0800][5.800s][info][gc,cpu         ] GC(112) User=0.12s Sys=0.00s Real=0.05s
[2026-03-16T18:07:29.130+0800][5.800s][info][gc,start       ] GC(113) Pause Young (Concurrent Start) (G1 Evacuation Pause)
[2026-03-16T18:07:29.131+0800][5.800s][info][gc,task        ] GC(113) Using 2 workers of 13 for evacuation
[2026-03-16T18:07:29.132+0800][5.802s][info][gc,phases      ] GC(113)   Pre Evacuate Collection Set: 0.1ms
[2026-03-16T18:07:29.132+0800][5.802s][info][gc,phases      ] GC(113)   Merge Heap Roots: 0.1ms
[2026-03-16T18:07:29.132+0800][5.802s][info][gc,phases      ] GC(113)   Evacuate Collection Set: 0.3ms
[2026-03-16T18:07:29.132+0800][5.802s][info][gc,phases      ] GC(113)   Post Evacuate Collection Set: 0.6ms
[2026-03-16T18:07:29.132+0800][5.802s][info][gc,phases      ] GC(113)   Other: 0.2ms
[2026-03-16T18:07:29.132+0800][5.802s][info][gc,heap        ] GC(113) Eden regions: 0->0(3)
[2026-03-16T18:07:29.132+0800][5.802s][info][gc,heap        ] GC(113) Survivor regions: 0->0(0)
[2026-03-16T18:07:29.132+0800][5.802s][info][gc,heap        ] GC(113) Old regions: 61->61
[2026-03-16T18:07:29.132+0800][5.802s][info][gc,heap        ] GC(113) Archive regions: 0->0
[2026-03-16T18:07:29.132+0800][5.802s][info][gc,heap        ] GC(113) Humongous regions: 3->3
[2026-03-16T18:07:29.132+0800][5.802s][info][gc,metaspace   ] GC(113) Metaspace: 5772K(6144K)->5772K(6144K) NonClass: 5140K(5376K)->5140K(5376K) Class: 631K(768K)->631K(768K)
[2026-03-16T18:07:29.132+0800][5.802s][info][gc             ] GC(113) Pause Young (Concurrent Start) (G1 Evacuation Pause) 63M->63M(64M) 1.589ms
[2026-03-16T18:07:29.132+0800][5.802s][info][gc,cpu         ] GC(113) User=0.00s Sys=0.00s Real=0.00s
[2026-03-16T18:07:29.132+0800][5.802s][info][gc,ergo        ] Attempting full compaction
[2026-03-16T18:07:29.132+0800][5.802s][info][gc,task        ] GC(114) Using 2 workers of 13 for full compaction
[2026-03-16T18:07:29.132+0800][5.802s][info][gc             ] GC(115) Concurrent Mark Cycle
[2026-03-16T18:07:29.132+0800][5.802s][info][gc,start       ] GC(114) Pause Full (G1 Compaction Pause)
[2026-03-16T18:07:29.132+0800][5.802s][info][gc,marking     ] GC(115) Concurrent Clear Claimed Marks
[2026-03-16T18:07:29.133+0800][5.802s][info][gc,marking     ] GC(115) Concurrent Clear Claimed Marks 0.209ms
[2026-03-16T18:07:29.133+0800][5.802s][info][gc,marking     ] GC(115) Concurrent Scan Root Regions
[2026-03-16T18:07:29.133+0800][5.802s][info][gc,marking     ] GC(115) Concurrent Scan Root Regions 0.020ms
[2026-03-16T18:07:29.133+0800][5.802s][info][gc,marking     ] GC(115) Concurrent Mark
[2026-03-16T18:07:29.133+0800][5.802s][info][gc,marking     ] GC(115) Concurrent Mark From Roots
[2026-03-16T18:07:29.133+0800][5.802s][info][gc,task        ] GC(115) Using 3 workers of 3 for marking
[2026-03-16T18:07:29.133+0800][5.802s][info][gc,phases,start] GC(114) Phase 1: Mark live objects
[2026-03-16T18:07:29.164+0800][5.834s][info][gc,phases      ] GC(114) Phase 1: Mark live objects 31.302ms
[2026-03-16T18:07:29.164+0800][5.834s][info][gc,phases,start] GC(114) Phase 2: Prepare for compaction
[2026-03-16T18:07:29.164+0800][5.834s][info][gc,phases      ] GC(114) Phase 2: Prepare for compaction 0.226ms
[2026-03-16T18:07:29.164+0800][5.834s][info][gc,phases,start] GC(114) Phase 3: Adjust pointers
[2026-03-16T18:07:29.170+0800][5.840s][info][gc,phases      ] GC(114) Phase 3: Adjust pointers 6.141ms
[2026-03-16T18:07:29.171+0800][5.840s][info][gc,phases,start] GC(114) Phase 4: Compact heap
[2026-03-16T18:07:29.171+0800][5.840s][info][gc,phases      ] GC(114) Phase 4: Compact heap 0.104ms
[2026-03-16T18:07:29.171+0800][5.841s][info][gc,heap        ] GC(114) Eden regions: 0->0(3)
[2026-03-16T18:07:29.172+0800][5.841s][info][gc,heap        ] GC(114) Survivor regions: 0->0(0)
[2026-03-16T18:07:29.172+0800][5.842s][info][gc,heap        ] GC(114) Old regions: 61->61
[2026-03-16T18:07:29.172+0800][5.842s][info][gc,heap        ] GC(114) Archive regions: 0->0
[2026-03-16T18:07:29.172+0800][5.842s][info][gc,heap        ] GC(114) Humongous regions: 3->3
[2026-03-16T18:07:29.172+0800][5.842s][info][gc,metaspace   ] GC(114) Metaspace: 5772K(6144K)->5772K(6144K) NonClass: 5140K(5376K)->5140K(5376K) Class: 631K(768K)->631K(768K)
[2026-03-16T18:07:29.172+0800][5.842s][info][gc             ] GC(114) Pause Full (G1 Compaction Pause) 63M->63M(64M) 39.564ms
[2026-03-16T18:07:29.172+0800][5.842s][info][gc,cpu         ] GC(114) User=0.06s Sys=0.00s Real=0.04s
[2026-03-16T18:07:29.172+0800][5.842s][info][gc,ergo        ] Attempting maximum full compaction clearing soft references
[2026-03-16T18:07:29.172+0800][5.842s][info][gc,task        ] GC(116) Using 2 workers of 13 for full compaction
[2026-03-16T18:07:29.172+0800][5.842s][info][gc,start       ] GC(116) Pause Full (G1 Compaction Pause)
[2026-03-16T18:07:29.172+0800][5.842s][info][gc,phases,start] GC(116) Phase 1: Mark live objects
[2026-03-16T18:07:29.202+0800][5.871s][info][gc,phases      ] GC(116) Phase 1: Mark live objects 29.447ms
[2026-03-16T18:07:29.202+0800][5.871s][info][gc,phases,start] GC(116) Phase 2: Prepare for compaction
[2026-03-16T18:07:29.207+0800][5.877s][info][gc,phases      ] GC(116) Phase 2: Prepare for compaction 5.604ms
[2026-03-16T18:07:29.207+0800][5.877s][info][gc,phases,start] GC(116) Phase 3: Adjust pointers
[2026-03-16T18:07:29.217+0800][5.887s][info][gc,phases      ] GC(116) Phase 3: Adjust pointers 9.659ms
[2026-03-16T18:07:29.217+0800][5.887s][info][gc,phases,start] GC(116) Phase 4: Compact heap
[2026-03-16T18:07:29.222+0800][5.893s][info][gc,phases      ] GC(116) Phase 4: Compact heap 6.119ms
[2026-03-16T18:07:29.224+0800][5.894s][info][gc,heap        ] GC(116) Eden regions: 0->0(3)
[2026-03-16T18:07:29.224+0800][5.894s][info][gc,heap        ] GC(116) Survivor regions: 0->0(0)
[2026-03-16T18:07:29.225+0800][5.894s][info][gc,heap        ] GC(116) Old regions: 61->61
[2026-03-16T18:07:29.225+0800][5.894s][info][gc,heap        ] GC(116) Archive regions: 0->0
[2026-03-16T18:07:29.225+0800][5.894s][info][gc,heap        ] GC(116) Humongous regions: 3->3
[2026-03-16T18:07:29.225+0800][5.894s][info][gc,metaspace   ] GC(116) Metaspace: 5772K(6144K)->5772K(6144K) NonClass: 5140K(5376K)->5140K(5376K) Class: 631K(768K)->631K(768K)
[2026-03-16T18:07:29.225+0800][5.894s][info][gc             ] GC(116) Pause Full (G1 Compaction Pause) 63M->63M(64M) 52.440ms
[2026-03-16T18:07:29.225+0800][5.894s][info][gc,cpu         ] GC(116) User=0.11s Sys=0.00s Real=0.05s
[2026-03-16T18:07:29.225+0800][5.895s][info][gc,marking     ] GC(115) Concurrent Mark From Roots 92.145ms
[2026-03-16T18:07:29.225+0800][5.895s][info][gc,marking     ] GC(115) Concurrent Mark Abort
[2026-03-16T18:07:29.225+0800][5.895s][info][gc             ] GC(115) Concurrent Mark Cycle 92.619ms
[2026-03-16T18:07:29.225+0800][5.895s][info][gc,start       ] GC(117) Pause Young (Normal) (G1 Evacuation Pause)
[2026-03-16T18:07:29.225+0800][5.895s][info][gc,task        ] GC(117) Using 2 workers of 13 for evacuation
[2026-03-16T18:07:29.226+0800][5.896s][info][gc,phases      ] GC(117)   Pre Evacuate Collection Set: 0.1ms
[2026-03-16T18:07:29.226+0800][5.896s][info][gc,phases      ] GC(117)   Merge Heap Roots: 0.1ms
[2026-03-16T18:07:29.226+0800][5.896s][info][gc,phases      ] GC(117)   Evacuate Collection Set: 0.2ms
[2026-03-16T18:07:29.226+0800][5.896s][info][gc,phases      ] GC(117)   Post Evacuate Collection Set: 0.4ms
[2026-03-16T18:07:29.226+0800][5.896s][info][gc,phases      ] GC(117)   Other: 0.1ms
[2026-03-16T18:07:29.226+0800][5.896s][info][gc,heap        ] GC(117) Eden regions: 0->0(3)
[2026-03-16T18:07:29.226+0800][5.896s][info][gc,heap        ] GC(117) Survivor regions: 0->0(0)
[2026-03-16T18:07:29.226+0800][5.896s][info][gc,heap        ] GC(117) Old regions: 61->61
[2026-03-16T18:07:29.226+0800][5.896s][info][gc,heap        ] GC(117) Archive regions: 0->0
[2026-03-16T18:07:29.226+0800][5.896s][info][gc,heap        ] GC(117) Humongous regions: 3->3
[2026-03-16T18:07:29.226+0800][5.896s][info][gc,metaspace   ] GC(117) Metaspace: 5772K(6144K)->5772K(6144K) NonClass: 5140K(5376K)->5140K(5376K) Class: 631K(768K)->631K(768K)
[2026-03-16T18:07:29.226+0800][5.896s][info][gc             ] GC(117) Pause Young (Normal) (G1 Evacuation Pause) 63M->63M(64M) 1.146ms
[2026-03-16T18:07:29.226+0800][5.896s][info][gc,cpu         ] GC(117) User=0.00s Sys=0.00s Real=0.00s
[2026-03-16T18:07:29.226+0800][5.896s][info][gc,ergo        ] Attempting full compaction
[2026-03-16T18:07:29.226+0800][5.896s][info][gc,task        ] GC(118) Using 2 workers of 13 for full compaction
[2026-03-16T18:07:29.226+0800][5.896s][info][gc,start       ] GC(118) Pause Full (G1 Compaction Pause)
[2026-03-16T18:07:29.226+0800][5.896s][info][gc,phases,start] GC(118) Phase 1: Mark live objects
[2026-03-16T18:07:29.256+0800][5.926s][info][gc,phases      ] GC(118) Phase 1: Mark live objects 30.308ms
[2026-03-16T18:07:29.256+0800][5.927s][info][gc,phases,start] GC(118) Phase 2: Prepare for compaction
[2026-03-16T18:07:29.256+0800][5.927s][info][gc,phases      ] GC(118) Phase 2: Prepare for compaction 0.128ms
[2026-03-16T18:07:29.257+0800][5.927s][info][gc,phases,start] GC(118) Phase 3: Adjust pointers
[2026-03-16T18:07:29.262+0800][5.932s][info][gc,phases      ] GC(118) Phase 3: Adjust pointers 5.454ms
[2026-03-16T18:07:29.262+0800][5.932s][info][gc,phases,start] GC(118) Phase 4: Compact heap
[2026-03-16T18:07:29.262+0800][5.932s][info][gc,phases      ] GC(118) Phase 4: Compact heap 0.069ms
[2026-03-16T18:07:29.262+0800][5.933s][info][gc,heap        ] GC(118) Eden regions: 0->0(3)
[2026-03-16T18:07:29.262+0800][5.933s][info][gc,heap        ] GC(118) Survivor regions: 0->0(0)
[2026-03-16T18:07:29.262+0800][5.933s][info][gc,heap        ] GC(118) Old regions: 61->61
[2026-03-16T18:07:29.262+0800][5.933s][info][gc,heap        ] GC(118) Archive regions: 0->0
[2026-03-16T18:07:29.262+0800][5.933s][info][gc,heap        ] GC(118) Humongous regions: 3->3
[2026-03-16T18:07:29.262+0800][5.933s][info][gc,metaspace   ] GC(118) Metaspace: 5772K(6144K)->5772K(6144K) NonClass: 5140K(5376K)->5140K(5376K) Class: 631K(768K)->631K(768K)
[2026-03-16T18:07:29.262+0800][5.933s][info][gc             ] GC(118) Pause Full (G1 Compaction Pause) 63M->63M(64M) 36.982ms
[2026-03-16T18:07:29.262+0800][5.933s][info][gc,cpu         ] GC(118) User=0.06s Sys=0.00s Real=0.04s
[2026-03-16T18:07:29.264+0800][5.933s][info][gc,ergo        ] Attempting maximum full compaction clearing soft references
[2026-03-16T18:07:29.264+0800][5.933s][info][gc,task        ] GC(119) Using 2 workers of 13 for full compaction
[2026-03-16T18:07:29.264+0800][5.933s][info][gc,start       ] GC(119) Pause Full (G1 Compaction Pause)
[2026-03-16T18:07:29.264+0800][5.933s][info][gc,phases,start] GC(119) Phase 1: Mark live objects
[2026-03-16T18:07:29.294+0800][5.964s][info][gc,phases      ] GC(119) Phase 1: Mark live objects 30.906ms
[2026-03-16T18:07:29.294+0800][5.964s][info][gc,phases,start] GC(119) Phase 2: Prepare for compaction
[2026-03-16T18:07:29.300+0800][5.969s][info][gc,phases      ] GC(119) Phase 2: Prepare for compaction 5.118ms
[2026-03-16T18:07:29.300+0800][5.970s][info][gc,phases,start] GC(119) Phase 3: Adjust pointers
[2026-03-16T18:07:29.308+0800][5.979s][info][gc,phases      ] GC(119) Phase 3: Adjust pointers 8.929ms
[2026-03-16T18:07:29.309+0800][5.979s][info][gc,phases,start] GC(119) Phase 4: Compact heap
[2026-03-16T18:07:29.315+0800][5.985s][info][gc,phases      ] GC(119) Phase 4: Compact heap 6.505ms
[2026-03-16T18:07:29.316+0800][5.986s][info][gc,heap        ] GC(119) Eden regions: 0->0(3)
[2026-03-16T18:07:29.316+0800][5.986s][info][gc,heap        ] GC(119) Survivor regions: 0->0(0)
[2026-03-16T18:07:29.316+0800][5.986s][info][gc,heap        ] GC(119) Old regions: 61->61
[2026-03-16T18:07:29.316+0800][5.986s][info][gc,heap        ] GC(119) Archive regions: 0->0
[2026-03-16T18:07:29.316+0800][5.986s][info][gc,heap        ] GC(119) Humongous regions: 3->3
[2026-03-16T18:07:29.316+0800][5.986s][info][gc,metaspace   ] GC(119) Metaspace: 5772K(6144K)->5772K(6144K) NonClass: 5140K(5376K)->5140K(5376K) Class: 631K(768K)->631K(768K)
[2026-03-16T18:07:29.316+0800][5.986s][info][gc             ] GC(119) Pause Full (G1 Compaction Pause) 63M->63M(64M) 52.721ms
[2026-03-16T18:07:29.316+0800][5.986s][info][gc,cpu         ] GC(119) User=0.12s Sys=0.00s Real=0.05s
[2026-03-16T18:07:29.316+0800][5.986s][info][gc,start       ] GC(120) Pause Young (Concurrent Start) (G1 Evacuation Pause)
[2026-03-16T18:07:29.316+0800][5.986s][info][gc,task        ] GC(120) Using 2 workers of 13 for evacuation
[2026-03-16T18:07:29.317+0800][5.987s][info][gc,phases      ] GC(120)   Pre Evacuate Collection Set: 0.0ms
[2026-03-16T18:07:29.317+0800][5.987s][info][gc,phases      ] GC(120)   Merge Heap Roots: 0.0ms
[2026-03-16T18:07:29.317+0800][5.987s][info][gc,phases      ] GC(120)   Evacuate Collection Set: 0.2ms
[2026-03-16T18:07:29.317+0800][5.987s][info][gc,phases      ] GC(120)   Post Evacuate Collection Set: 0.4ms
[2026-03-16T18:07:29.317+0800][5.987s][info][gc,phases      ] GC(120)   Other: 0.1ms
[2026-03-16T18:07:29.317+0800][5.987s][info][gc,heap        ] GC(120) Eden regions: 0->0(3)
[2026-03-16T18:07:29.317+0800][5.987s][info][gc,heap        ] GC(120) Survivor regions: 0->0(0)
[2026-03-16T18:07:29.317+0800][5.987s][info][gc,heap        ] GC(120) Old regions: 61->61
[2026-03-16T18:07:29.317+0800][5.987s][info][gc,heap        ] GC(120) Archive regions: 0->0
[2026-03-16T18:07:29.317+0800][5.987s][info][gc,heap        ] GC(120) Humongous regions: 3->3
[2026-03-16T18:07:29.317+0800][5.987s][info][gc,metaspace   ] GC(120) Metaspace: 5772K(6144K)->5772K(6144K) NonClass: 5140K(5376K)->5140K(5376K) Class: 631K(768K)->631K(768K)
[2026-03-16T18:07:29.317+0800][5.987s][info][gc             ] GC(120) Pause Young (Concurrent Start) (G1 Evacuation Pause) 63M->63M(64M) 0.976ms
[2026-03-16T18:07:29.317+0800][5.987s][info][gc,cpu         ] GC(120) User=0.00s Sys=0.00s Real=0.00s
[2026-03-16T18:07:29.317+0800][5.987s][info][gc,ergo        ] Attempting full compaction
[2026-03-16T18:07:29.317+0800][5.987s][info][gc,task        ] GC(121) Using 2 workers of 13 for full compaction
[2026-03-16T18:07:29.317+0800][5.987s][info][gc             ] GC(122) Concurrent Mark Cycle
[2026-03-16T18:07:29.317+0800][5.987s][info][gc,marking     ] GC(122) Concurrent Clear Claimed Marks
[2026-03-16T18:07:29.317+0800][5.987s][info][gc,start       ] GC(121) Pause Full (G1 Compaction Pause)
[2026-03-16T18:07:29.317+0800][5.987s][info][gc,marking     ] GC(122) Concurrent Clear Claimed Marks 0.021ms
[2026-03-16T18:07:29.317+0800][5.987s][info][gc,marking     ] GC(122) Concurrent Scan Root Regions
[2026-03-16T18:07:29.317+0800][5.988s][info][gc,marking     ] GC(122) Concurrent Scan Root Regions 0.017ms
[2026-03-16T18:07:29.317+0800][5.988s][info][gc,marking     ] GC(122) Concurrent Mark
[2026-03-16T18:07:29.317+0800][5.988s][info][gc,marking     ] GC(122) Concurrent Mark From Roots
[2026-03-16T18:07:29.317+0800][5.988s][info][gc,phases,start] GC(121) Phase 1: Mark live objects
[2026-03-16T18:07:29.317+0800][5.988s][info][gc,task        ] GC(122) Using 3 workers of 3 for marking
[2026-03-16T18:07:29.332+0800][6.001s][info][gc,phases      ] GC(121) Phase 1: Mark live objects 13.835ms
[2026-03-16T18:07:29.332+0800][6.001s][info][gc,phases,start] GC(121) Phase 2: Prepare for compaction
[2026-03-16T18:07:29.332+0800][6.002s][info][gc,phases      ] GC(121) Phase 2: Prepare for compaction 0.111ms
[2026-03-16T18:07:29.332+0800][6.002s][info][gc,phases,start] GC(121) Phase 3: Adjust pointers
[2026-03-16T18:07:29.338+0800][6.007s][info][gc,phases      ] GC(121) Phase 3: Adjust pointers 5.756ms
[2026-03-16T18:07:29.338+0800][6.008s][info][gc,phases,start] GC(121) Phase 4: Compact heap
[2026-03-16T18:07:29.338+0800][6.008s][info][gc,phases      ] GC(121) Phase 4: Compact heap 0.198ms
[2026-03-16T18:07:29.339+0800][6.008s][info][gc,heap        ] GC(121) Eden regions: 0->0(3)
[2026-03-16T18:07:29.339+0800][6.008s][info][gc,heap        ] GC(121) Survivor regions: 0->0(0)
[2026-03-16T18:07:29.339+0800][6.008s][info][gc,heap        ] GC(121) Old regions: 61->61
[2026-03-16T18:07:29.339+0800][6.008s][info][gc,heap        ] GC(121) Archive regions: 0->0
[2026-03-16T18:07:29.339+0800][6.008s][info][gc,heap        ] GC(121) Humongous regions: 3->3
[2026-03-16T18:07:29.339+0800][6.008s][info][gc,metaspace   ] GC(121) Metaspace: 5772K(6144K)->5772K(6144K) NonClass: 5140K(5376K)->5140K(5376K) Class: 631K(768K)->631K(768K)
[2026-03-16T18:07:29.339+0800][6.008s][info][gc             ] GC(121) Pause Full (G1 Compaction Pause) 63M->63M(64M) 21.084ms
[2026-03-16T18:07:29.339+0800][6.009s][info][gc,cpu         ] GC(121) User=0.03s Sys=0.00s Real=0.02s
[2026-03-16T18:07:29.339+0800][6.009s][info][gc,ergo        ] Attempting maximum full compaction clearing soft references
[2026-03-16T18:07:29.339+0800][6.009s][info][gc,task        ] GC(123) Using 2 workers of 13 for full compaction
[2026-03-16T18:07:29.339+0800][6.009s][info][gc,start       ] GC(123) Pause Full (G1 Compaction Pause)
[2026-03-16T18:07:29.339+0800][6.009s][info][gc,phases,start] GC(123) Phase 1: Mark live objects
[2026-03-16T18:07:29.354+0800][6.023s][info][gc,phases      ] GC(123) Phase 1: Mark live objects 14.608ms
[2026-03-16T18:07:29.354+0800][6.023s][info][gc,phases,start] GC(123) Phase 2: Prepare for compaction
[2026-03-16T18:07:29.359+0800][6.028s][info][gc,phases      ] GC(123) Phase 2: Prepare for compaction 4.831ms
[2026-03-16T18:07:29.359+0800][6.028s][info][gc,phases,start] GC(123) Phase 3: Adjust pointers
[2026-03-16T18:07:29.366+0800][6.037s][info][gc,phases      ] GC(123) Phase 3: Adjust pointers 8.364ms
[2026-03-16T18:07:29.367+0800][6.037s][info][gc,phases,start] GC(123) Phase 4: Compact heap
[2026-03-16T18:07:29.371+0800][6.041s][info][gc,phases      ] GC(123) Phase 4: Compact heap 4.515ms
[2026-03-16T18:07:29.372+0800][6.042s][info][gc,heap        ] GC(123) Eden regions: 0->0(3)
[2026-03-16T18:07:29.372+0800][6.042s][info][gc,heap        ] GC(123) Survivor regions: 0->0(0)
[2026-03-16T18:07:29.372+0800][6.042s][info][gc,heap        ] GC(123) Old regions: 61->61
[2026-03-16T18:07:29.372+0800][6.042s][info][gc,heap        ] GC(123) Archive regions: 0->0
[2026-03-16T18:07:29.372+0800][6.042s][info][gc,heap        ] GC(123) Humongous regions: 3->3
[2026-03-16T18:07:29.372+0800][6.042s][info][gc,metaspace   ] GC(123) Metaspace: 5772K(6144K)->5772K(6144K) NonClass: 5140K(5376K)->5140K(5376K) Class: 631K(768K)->631K(768K)
[2026-03-16T18:07:29.372+0800][6.042s][info][gc             ] GC(123) Pause Full (G1 Compaction Pause) 63M->63M(64M) 33.484ms
[2026-03-16T18:07:29.372+0800][6.042s][info][gc,cpu         ] GC(123) User=0.06s Sys=0.00s Real=0.03s
[2026-03-16T18:07:29.372+0800][6.042s][info][gc,marking     ] GC(122) Concurrent Mark From Roots 54.945ms
[2026-03-16T18:07:29.372+0800][6.043s][info][gc,start       ] GC(124) Pause Young (Normal) (G1 Evacuation Pause)
[2026-03-16T18:07:29.372+0800][6.043s][info][gc,task        ] GC(124) Using 2 workers of 13 for evacuation
[2026-03-16T18:07:29.372+0800][6.043s][info][gc,phases      ] GC(124)   Pre Evacuate Collection Set: 0.0ms
[2026-03-16T18:07:29.372+0800][6.043s][info][gc,phases      ] GC(124)   Merge Heap Roots: 0.0ms
[2026-03-16T18:07:29.374+0800][6.043s][info][gc,phases      ] GC(124)   Evacuate Collection Set: 0.1ms
[2026-03-16T18:07:29.374+0800][6.043s][info][gc,phases      ] GC(124)   Post Evacuate Collection Set: 0.3ms
[2026-03-16T18:07:29.374+0800][6.043s][info][gc,phases      ] GC(124)   Other: 0.2ms
[2026-03-16T18:07:29.374+0800][6.043s][info][gc,heap        ] GC(124) Eden regions: 0->0(3)
[2026-03-16T18:07:29.374+0800][6.043s][info][gc,heap        ] GC(124) Survivor regions: 0->0(0)
[2026-03-16T18:07:29.374+0800][6.043s][info][gc,heap        ] GC(124) Old regions: 61->61
[2026-03-16T18:07:29.374+0800][6.043s][info][gc,heap        ] GC(124) Archive regions: 0->0
[2026-03-16T18:07:29.374+0800][6.043s][info][gc,heap        ] GC(124) Humongous regions: 3->3
[2026-03-16T18:07:29.374+0800][6.043s][info][gc,metaspace   ] GC(124) Metaspace: 5772K(6144K)->5772K(6144K) NonClass: 5141K(5376K)->5141K(5376K) Class: 631K(768K)->631K(768K)
[2026-03-16T18:07:29.374+0800][6.043s][info][gc             ] GC(124) Pause Young (Normal) (G1 Evacuation Pause) 63M->63M(64M) 0.933ms
[2026-03-16T18:07:29.374+0800][6.043s][info][gc,cpu         ] GC(124) User=0.00s Sys=0.00s Real=0.00s
[2026-03-16T18:07:29.374+0800][6.043s][info][gc,ergo        ] Attempting full compaction
[2026-03-16T18:07:29.374+0800][6.044s][info][gc,task        ] GC(125) Using 2 workers of 13 for full compaction
[2026-03-16T18:07:29.374+0800][6.044s][info][gc,start       ] GC(125) Pause Full (G1 Compaction Pause)
[2026-03-16T18:07:29.374+0800][6.044s][info][gc,phases,start] GC(125) Phase 1: Mark live objects
[2026-03-16T18:07:29.387+0800][6.058s][info][gc,phases      ] GC(125) Phase 1: Mark live objects 14.184ms
[2026-03-16T18:07:29.389+0800][6.058s][info][gc,phases,start] GC(125) Phase 2: Prepare for compaction
[2026-03-16T18:07:29.389+0800][6.058s][info][gc,phases      ] GC(125) Phase 2: Prepare for compaction 0.165ms
[2026-03-16T18:07:29.389+0800][6.058s][info][gc,phases,start] GC(125) Phase 3: Adjust pointers
[2026-03-16T18:07:29.394+0800][6.064s][info][gc,phases      ] GC(125) Phase 3: Adjust pointers 5.914ms
[2026-03-16T18:07:29.394+0800][6.064s][info][gc,phases,start] GC(125) Phase 4: Compact heap
[2026-03-16T18:07:29.395+0800][6.064s][info][gc,phases      ] GC(125) Phase 4: Compact heap 0.263ms
[2026-03-16T18:07:29.395+0800][6.065s][info][gc,heap        ] GC(125) Eden regions: 0->0(3)
[2026-03-16T18:07:29.395+0800][6.065s][info][gc,heap        ] GC(125) Survivor regions: 0->0(0)
[2026-03-16T18:07:29.395+0800][6.065s][info][gc,heap        ] GC(125) Old regions: 61->61
[2026-03-16T18:07:29.395+0800][6.065s][info][gc,heap        ] GC(125) Archive regions: 0->0
[2026-03-16T18:07:29.395+0800][6.065s][info][gc,heap        ] GC(125) Humongous regions: 3->3
[2026-03-16T18:07:29.395+0800][6.065s][info][gc,metaspace   ] GC(125) Metaspace: 5772K(6144K)->5772K(6144K) NonClass: 5141K(5376K)->5141K(5376K) Class: 631K(768K)->631K(768K)
[2026-03-16T18:07:29.395+0800][6.065s][info][gc             ] GC(125) Pause Full (G1 Compaction Pause) 63M->63M(64M) 21.739ms
[2026-03-16T18:07:29.396+0800][6.065s][info][gc,cpu         ] GC(125) User=0.06s Sys=0.00s Real=0.02s
[2026-03-16T18:07:29.396+0800][6.065s][info][gc,ergo        ] Attempting maximum full compaction clearing soft references
[2026-03-16T18:07:29.396+0800][6.065s][info][gc,task        ] GC(126) Using 2 workers of 13 for full compaction
[2026-03-16T18:07:29.396+0800][6.066s][info][gc,start       ] GC(126) Pause Full (G1 Compaction Pause)
[2026-03-16T18:07:29.396+0800][6.066s][info][gc,phases,start] GC(126) Phase 1: Mark live objects
[2026-03-16T18:07:29.410+0800][6.080s][info][gc,phases      ] GC(126) Phase 1: Mark live objects 14.235ms
[2026-03-16T18:07:29.410+0800][6.080s][info][gc,phases,start] GC(126) Phase 2: Prepare for compaction
[2026-03-16T18:07:29.417+0800][6.087s][info][gc,phases      ] GC(126) Phase 2: Prepare for compaction 6.878ms
[2026-03-16T18:07:29.417+0800][6.087s][info][gc,phases,start] GC(126) Phase 3: Adjust pointers
[2026-03-16T18:07:29.426+0800][6.095s][info][gc,phases      ] GC(126) Phase 3: Adjust pointers 8.583ms
[2026-03-16T18:07:29.426+0800][6.096s][info][gc,phases,start] GC(126) Phase 4: Compact heap
[2026-03-16T18:07:29.434+0800][6.103s][info][gc,phases      ] GC(126) Phase 4: Compact heap 7.758ms
[2026-03-16T18:07:29.434+0800][6.104s][info][gc,heap        ] GC(126) Eden regions: 0->0(3)
[2026-03-16T18:07:29.434+0800][6.104s][info][gc,heap        ] GC(126) Survivor regions: 0->0(0)
[2026-03-16T18:07:29.434+0800][6.104s][info][gc,heap        ] GC(126) Old regions: 61->61
[2026-03-16T18:07:29.434+0800][6.104s][info][gc,heap        ] GC(126) Archive regions: 0->0
[2026-03-16T18:07:29.434+0800][6.104s][info][gc,heap        ] GC(126) Humongous regions: 3->3
[2026-03-16T18:07:29.434+0800][6.104s][info][gc,metaspace   ] GC(126) Metaspace: 5772K(6144K)->5772K(6144K) NonClass: 5141K(5376K)->5141K(5376K) Class: 631K(768K)->631K(768K)
[2026-03-16T18:07:29.434+0800][6.104s][info][gc             ] GC(126) Pause Full (G1 Compaction Pause) 63M->63M(64M) 38.816ms
[2026-03-16T18:07:29.434+0800][6.104s][info][gc,cpu         ] GC(126) User=0.06s Sys=0.00s Real=0.04s
[2026-03-16T18:07:29.434+0800][6.105s][info][gc,marking     ] GC(122) Concurrent Mark Abort
[2026-03-16T18:07:29.435+0800][6.105s][info][gc             ] GC(122) Concurrent Mark Cycle 117.424ms
[2026-03-16T18:07:29.436+0800][6.105s][info][gc,start       ] GC(127) Pause Young (Normal) (G1 Evacuation Pause)
[2026-03-16T18:07:29.436+0800][6.105s][info][gc,task        ] GC(127) Using 2 workers of 13 for evacuation
[2026-03-16T18:07:29.436+0800][6.106s][info][gc,phases      ] GC(127)   Pre Evacuate Collection Set: 0.0ms
[2026-03-16T18:07:29.436+0800][6.106s][info][gc,phases      ] GC(127)   Merge Heap Roots: 0.2ms
[2026-03-16T18:07:29.436+0800][6.106s][info][gc,phases      ] GC(127)   Evacuate Collection Set: 0.1ms
[2026-03-16T18:07:29.436+0800][6.106s][info][gc,phases      ] GC(127)   Post Evacuate Collection Set: 0.6ms
[2026-03-16T18:07:29.436+0800][6.106s][info][gc,phases      ] GC(127)   Other: 0.1ms
[2026-03-16T18:07:29.436+0800][6.106s][info][gc,heap        ] GC(127) Eden regions: 0->0(3)
[2026-03-16T18:07:29.436+0800][6.106s][info][gc,heap        ] GC(127) Survivor regions: 0->0(0)
[2026-03-16T18:07:29.436+0800][6.106s][info][gc,heap        ] GC(127) Old regions: 61->61
[2026-03-16T18:07:29.436+0800][6.106s][info][gc,heap        ] GC(127) Archive regions: 0->0
[2026-03-16T18:07:29.436+0800][6.106s][info][gc,heap        ] GC(127) Humongous regions: 3->3
[2026-03-16T18:07:29.436+0800][6.106s][info][gc,metaspace   ] GC(127) Metaspace: 5776K(6144K)->5776K(6144K) NonClass: 5143K(5376K)->5143K(5376K) Class: 632K(768K)->632K(768K)
[2026-03-16T18:07:29.436+0800][6.106s][info][gc             ] GC(127) Pause Young (Normal) (G1 Evacuation Pause) 63M->63M(64M) 1.243ms
[2026-03-16T18:07:29.436+0800][6.106s][info][gc,cpu         ] GC(127) User=0.00s Sys=0.00s Real=0.00s
[2026-03-16T18:07:29.436+0800][6.106s][info][gc,ergo        ] Attempting full compaction
[2026-03-16T18:07:29.436+0800][6.106s][info][gc,task        ] GC(128) Using 2 workers of 13 for full compaction
[2026-03-16T18:07:29.436+0800][6.106s][info][gc,start       ] GC(128) Pause Full (G1 Compaction Pause)
[2026-03-16T18:07:29.436+0800][6.106s][info][gc,phases,start] GC(128) Phase 1: Mark live objects
[2026-03-16T18:07:29.451+0800][6.121s][info][gc,phases      ] GC(128) Phase 1: Mark live objects 14.417ms
[2026-03-16T18:07:29.451+0800][6.121s][info][gc,phases,start] GC(128) Phase 2: Prepare for compaction
[2026-03-16T18:07:29.451+0800][6.121s][info][gc,phases      ] GC(128) Phase 2: Prepare for compaction 0.167ms
[2026-03-16T18:07:29.451+0800][6.121s][info][gc,phases,start] GC(128) Phase 3: Adjust pointers
[2026-03-16T18:07:29.458+0800][6.127s][info][gc,phases      ] GC(128) Phase 3: Adjust pointers 6.224ms
[2026-03-16T18:07:29.458+0800][6.128s][info][gc,phases,start] GC(128) Phase 4: Compact heap
[2026-03-16T18:07:29.458+0800][6.128s][info][gc,phases      ] GC(128) Phase 4: Compact heap 0.166ms
[2026-03-16T18:07:29.459+0800][6.129s][info][gc,heap        ] GC(128) Eden regions: 0->0(3)
[2026-03-16T18:07:29.459+0800][6.129s][info][gc,heap        ] GC(128) Survivor regions: 0->0(0)
[2026-03-16T18:07:29.459+0800][6.129s][info][gc,heap        ] GC(128) Old regions: 61->61
[2026-03-16T18:07:29.459+0800][6.129s][info][gc,heap        ] GC(128) Archive regions: 0->0
[2026-03-16T18:07:29.459+0800][6.129s][info][gc,heap        ] GC(128) Humongous regions: 3->3
[2026-03-16T18:07:29.459+0800][6.129s][info][gc,metaspace   ] GC(128) Metaspace: 5776K(6144K)->5776K(6144K) NonClass: 5143K(5376K)->5143K(5376K) Class: 632K(768K)->632K(768K)
[2026-03-16T18:07:29.459+0800][6.129s][info][gc             ] GC(128) Pause Full (G1 Compaction Pause) 63M->63M(64M) 22.368ms
[2026-03-16T18:07:29.459+0800][6.129s][info][gc,cpu         ] GC(128) User=0.06s Sys=0.00s Real=0.02s
[2026-03-16T18:07:29.459+0800][6.129s][info][gc,ergo        ] Attempting maximum full compaction clearing soft references
[2026-03-16T18:07:29.459+0800][6.129s][info][gc,task        ] GC(129) Using 2 workers of 13 for full compaction
[2026-03-16T18:07:29.459+0800][6.129s][info][gc,start       ] GC(129) Pause Full (G1 Compaction Pause)
[2026-03-16T18:07:29.459+0800][6.129s][info][gc,phases,start] GC(129) Phase 1: Mark live objects
[2026-03-16T18:07:29.474+0800][6.143s][info][gc,phases      ] GC(129) Phase 1: Mark live objects 14.390ms
[2026-03-16T18:07:29.474+0800][6.144s][info][gc,phases,start] GC(129) Phase 2: Prepare for compaction
[2026-03-16T18:07:29.479+0800][6.149s][info][gc,phases      ] GC(129) Phase 2: Prepare for compaction 5.740ms
[2026-03-16T18:07:29.479+0800][6.149s][info][gc,phases,start] GC(129) Phase 3: Adjust pointers
[2026-03-16T18:07:29.488+0800][6.158s][info][gc,phases      ] GC(129) Phase 3: Adjust pointers 8.193ms
[2026-03-16T18:07:29.488+0800][6.158s][info][gc,phases,start] GC(129) Phase 4: Compact heap
[2026-03-16T18:07:29.496+0800][6.165s][info][gc,phases      ] GC(129) Phase 4: Compact heap 7.453ms
[2026-03-16T18:07:29.496+0800][6.166s][info][gc,heap        ] GC(129) Eden regions: 0->0(3)
[2026-03-16T18:07:29.496+0800][6.166s][info][gc,heap        ] GC(129) Survivor regions: 0->0(0)
[2026-03-16T18:07:29.496+0800][6.166s][info][gc,heap        ] GC(129) Old regions: 61->61
[2026-03-16T18:07:29.497+0800][6.166s][info][gc,heap        ] GC(129) Archive regions: 0->0
[2026-03-16T18:07:29.497+0800][6.166s][info][gc,heap        ] GC(129) Humongous regions: 3->3
[2026-03-16T18:07:29.497+0800][6.166s][info][gc,metaspace   ] GC(129) Metaspace: 5776K(6144K)->5776K(6144K) NonClass: 5143K(5376K)->5143K(5376K) Class: 632K(768K)->632K(768K)
[2026-03-16T18:07:29.497+0800][6.166s][info][gc             ] GC(129) Pause Full (G1 Compaction Pause) 63M->63M(64M) 37.235ms
[2026-03-16T18:07:29.497+0800][6.166s][info][gc,cpu         ] GC(129) User=0.06s Sys=0.00s Real=0.04s
[2026-03-16T18:07:29.497+0800][6.167s][info][gc,start       ] GC(130) Pause Young (Concurrent Start) (G1 Evacuation Pause)
[2026-03-16T18:07:29.497+0800][6.167s][info][gc,task        ] GC(130) Using 2 workers of 13 for evacuation
[2026-03-16T18:07:29.498+0800][6.168s][info][gc,phases      ] GC(130)   Pre Evacuate Collection Set: 0.2ms
[2026-03-16T18:07:29.498+0800][6.168s][info][gc,phases      ] GC(130)   Merge Heap Roots: 0.0ms
[2026-03-16T18:07:29.498+0800][6.168s][info][gc,phases      ] GC(130)   Evacuate Collection Set: 0.2ms
[2026-03-16T18:07:29.498+0800][6.168s][info][gc,phases      ] GC(130)   Post Evacuate Collection Set: 0.3ms
[2026-03-16T18:07:29.498+0800][6.168s][info][gc,phases      ] GC(130)   Other: 0.2ms
[2026-03-16T18:07:29.498+0800][6.168s][info][gc,heap        ] GC(130) Eden regions: 0->0(3)
[2026-03-16T18:07:29.498+0800][6.168s][info][gc,heap        ] GC(130) Survivor regions: 0->0(0)
[2026-03-16T18:07:29.498+0800][6.168s][info][gc,heap        ] GC(130) Old regions: 61->61
[2026-03-16T18:07:29.498+0800][6.168s][info][gc,heap        ] GC(130) Archive regions: 0->0
[2026-03-16T18:07:29.498+0800][6.168s][info][gc,heap        ] GC(130) Humongous regions: 3->3
[2026-03-16T18:07:29.498+0800][6.168s][info][gc,metaspace   ] GC(130) Metaspace: 5776K(6144K)->5776K(6144K) NonClass: 5143K(5376K)->5143K(5376K) Class: 632K(768K)->632K(768K)
[2026-03-16T18:07:29.498+0800][6.168s][info][gc             ] GC(130) Pause Young (Concurrent Start) (G1 Evacuation Pause) 63M->63M(64M) 1.143ms
[2026-03-16T18:07:29.498+0800][6.168s][info][gc,cpu         ] GC(130) User=0.00s Sys=0.00s Real=0.00s
[2026-03-16T18:07:29.498+0800][6.168s][info][gc,ergo        ] Attempting full compaction
[2026-03-16T18:07:29.498+0800][6.168s][info][gc             ] GC(131) Concurrent Mark Cycle
[2026-03-16T18:07:29.498+0800][6.168s][info][gc,task        ] GC(132) Using 2 workers of 13 for full compaction
[2026-03-16T18:07:29.498+0800][6.168s][info][gc,marking     ] GC(131) Concurrent Clear Claimed Marks
[2026-03-16T18:07:29.499+0800][6.168s][info][gc,start       ] GC(132) Pause Full (G1 Compaction Pause)
[2026-03-16T18:07:29.499+0800][6.168s][info][gc,marking     ] GC(131) Concurrent Clear Claimed Marks 0.298ms
[2026-03-16T18:07:29.499+0800][6.169s][info][gc,marking     ] GC(131) Concurrent Scan Root Regions
[2026-03-16T18:07:29.499+0800][6.169s][info][gc,marking     ] GC(131) Concurrent Scan Root Regions 0.029ms
[2026-03-16T18:07:29.499+0800][6.169s][info][gc,marking     ] GC(131) Concurrent Mark
[2026-03-16T18:07:29.499+0800][6.169s][info][gc,marking     ] GC(131) Concurrent Mark From Roots
[2026-03-16T18:07:29.499+0800][6.169s][info][gc,task        ] GC(131) Using 3 workers of 3 for marking
[2026-03-16T18:07:29.499+0800][6.169s][info][gc,phases,start] GC(132) Phase 1: Mark live objects
[2026-03-16T18:07:29.514+0800][6.183s][info][gc,phases      ] GC(132) Phase 1: Mark live objects 14.341ms
[2026-03-16T18:07:29.514+0800][6.183s][info][gc,phases,start] GC(132) Phase 2: Prepare for compaction
[2026-03-16T18:07:29.514+0800][6.183s][info][gc,phases      ] GC(132) Phase 2: Prepare for compaction 0.119ms
[2026-03-16T18:07:29.514+0800][6.184s][info][gc,phases,start] GC(132) Phase 3: Adjust pointers
[2026-03-16T18:07:29.520+0800][6.190s][info][gc,phases      ] GC(132) Phase 3: Adjust pointers 6.516ms
[2026-03-16T18:07:29.520+0800][6.190s][info][gc,phases,start] GC(132) Phase 4: Compact heap
[2026-03-16T18:07:29.520+0800][6.190s][info][gc,phases      ] GC(132) Phase 4: Compact heap 0.130ms
[2026-03-16T18:07:29.521+0800][6.191s][info][gc,heap        ] GC(132) Eden regions: 0->0(3)
[2026-03-16T18:07:29.521+0800][6.191s][info][gc,heap        ] GC(132) Survivor regions: 0->0(0)
[2026-03-16T18:07:29.521+0800][6.191s][info][gc,heap        ] GC(132) Old regions: 61->61
[2026-03-16T18:07:29.521+0800][6.191s][info][gc,heap        ] GC(132) Archive regions: 0->0
[2026-03-16T18:07:29.521+0800][6.191s][info][gc,heap        ] GC(132) Humongous regions: 3->3
[2026-03-16T18:07:29.521+0800][6.191s][info][gc,metaspace   ] GC(132) Metaspace: 5776K(6144K)->5776K(6144K) NonClass: 5143K(5376K)->5143K(5376K) Class: 632K(768K)->632K(768K)
[2026-03-16T18:07:29.521+0800][6.191s][info][gc             ] GC(132) Pause Full (G1 Compaction Pause) 63M->63M(64M) 22.974ms
[2026-03-16T18:07:29.521+0800][6.191s][info][gc,cpu         ] GC(132) User=0.06s Sys=0.00s Real=0.02s
[2026-03-16T18:07:29.521+0800][6.191s][info][gc,ergo        ] Attempting maximum full compaction clearing soft references
[2026-03-16T18:07:29.521+0800][6.191s][info][gc,task        ] GC(133) Using 2 workers of 13 for full compaction
[2026-03-16T18:07:29.522+0800][6.191s][info][gc,start       ] GC(133) Pause Full (G1 Compaction Pause)
[2026-03-16T18:07:29.522+0800][6.191s][info][gc,phases,start] GC(133) Phase 1: Mark live objects
[2026-03-16T18:07:29.536+0800][6.206s][info][gc,phases      ] GC(133) Phase 1: Mark live objects 14.915ms
[2026-03-16T18:07:29.536+0800][6.206s][info][gc,phases,start] GC(133) Phase 2: Prepare for compaction
[2026-03-16T18:07:29.542+0800][6.212s][info][gc,phases      ] GC(133) Phase 2: Prepare for compaction 5.701ms
[2026-03-16T18:07:29.542+0800][6.212s][info][gc,phases,start] GC(133) Phase 3: Adjust pointers
[2026-03-16T18:07:29.552+0800][6.222s][info][gc,phases      ] GC(133) Phase 3: Adjust pointers 9.532ms
[2026-03-16T18:07:29.552+0800][6.222s][info][gc,phases,start] GC(133) Phase 4: Compact heap
[2026-03-16T18:07:29.560+0800][6.229s][info][gc,phases      ] GC(133) Phase 4: Compact heap 7.440ms
[2026-03-16T18:07:29.561+0800][6.230s][info][gc,heap        ] GC(133) Eden regions: 0->0(3)
[2026-03-16T18:07:29.561+0800][6.230s][info][gc,heap        ] GC(133) Survivor regions: 0->0(0)
[2026-03-16T18:07:29.561+0800][6.230s][info][gc,heap        ] GC(133) Old regions: 61->61
[2026-03-16T18:07:29.561+0800][6.230s][info][gc,heap        ] GC(133) Archive regions: 0->0
[2026-03-16T18:07:29.561+0800][6.230s][info][gc,heap        ] GC(133) Humongous regions: 3->3
[2026-03-16T18:07:29.561+0800][6.231s][info][gc,metaspace   ] GC(133) Metaspace: 5776K(6144K)->5776K(6144K) NonClass: 5143K(5376K)->5143K(5376K) Class: 632K(768K)->632K(768K)
[2026-03-16T18:07:29.561+0800][6.231s][info][gc             ] GC(133) Pause Full (G1 Compaction Pause) 63M->63M(64M) 39.147ms
[2026-03-16T18:07:29.561+0800][6.231s][info][gc,cpu         ] GC(133) User=0.06s Sys=0.00s Real=0.04s
[2026-03-16T18:07:29.561+0800][6.231s][info][gc,marking     ] GC(131) Concurrent Mark From Roots 62.160ms
[2026-03-16T18:07:29.562+0800][6.231s][info][gc,start       ] GC(134) Pause Young (Normal) (G1 Evacuation Pause)
[2026-03-16T18:07:29.562+0800][6.231s][info][gc,task        ] GC(134) Using 2 workers of 13 for evacuation
[2026-03-16T18:07:29.563+0800][6.232s][info][gc,phases      ] GC(134)   Pre Evacuate Collection Set: 0.2ms
[2026-03-16T18:07:29.563+0800][6.232s][info][gc,phases      ] GC(134)   Merge Heap Roots: 0.1ms
[2026-03-16T18:07:29.563+0800][6.232s][info][gc,phases      ] GC(134)   Evacuate Collection Set: 0.2ms
[2026-03-16T18:07:29.563+0800][6.232s][info][gc,phases      ] GC(134)   Post Evacuate Collection Set: 0.4ms
[2026-03-16T18:07:29.563+0800][6.232s][info][gc,phases      ] GC(134)   Other: 0.2ms
[2026-03-16T18:07:29.563+0800][6.232s][info][gc,heap        ] GC(134) Eden regions: 0->0(3)
[2026-03-16T18:07:29.563+0800][6.232s][info][gc,heap        ] GC(134) Survivor regions: 0->0(0)
[2026-03-16T18:07:29.563+0800][6.232s][info][gc,heap        ] GC(134) Old regions: 61->61
[2026-03-16T18:07:29.563+0800][6.232s][info][gc,heap        ] GC(134) Archive regions: 0->0
[2026-03-16T18:07:29.563+0800][6.232s][info][gc,heap        ] GC(134) Humongous regions: 3->3
[2026-03-16T18:07:29.563+0800][6.232s][info][gc,metaspace   ] GC(134) Metaspace: 5776K(6144K)->5776K(6144K) NonClass: 5143K(5376K)->5143K(5376K) Class: 632K(768K)->632K(768K)
[2026-03-16T18:07:29.563+0800][6.232s][info][gc             ] GC(134) Pause Young (Normal) (G1 Evacuation Pause) 63M->63M(64M) 1.379ms
[2026-03-16T18:07:29.563+0800][6.232s][info][gc,cpu         ] GC(134) User=0.00s Sys=0.00s Real=0.00s
[2026-03-16T18:07:29.563+0800][6.232s][info][gc,ergo        ] Attempting full compaction
[2026-03-16T18:07:29.563+0800][6.232s][info][gc,task        ] GC(135) Using 2 workers of 13 for full compaction
[2026-03-16T18:07:29.563+0800][6.233s][info][gc,start       ] GC(135) Pause Full (G1 Compaction Pause)
[2026-03-16T18:07:29.563+0800][6.233s][info][gc,phases,start] GC(135) Phase 1: Mark live objects
[2026-03-16T18:07:29.577+0800][6.247s][info][gc,phases      ] GC(135) Phase 1: Mark live objects 14.314ms
[2026-03-16T18:07:29.577+0800][6.247s][info][gc,phases,start] GC(135) Phase 2: Prepare for compaction
[2026-03-16T18:07:29.578+0800][6.247s][info][gc,phases      ] GC(135) Phase 2: Prepare for compaction 0.101ms
[2026-03-16T18:07:29.578+0800][6.247s][info][gc,phases,start] GC(135) Phase 3: Adjust pointers
[2026-03-16T18:07:29.583+0800][6.253s][info][gc,phases      ] GC(135) Phase 3: Adjust pointers 5.823ms
[2026-03-16T18:07:29.584+0800][6.253s][info][gc,phases,start] GC(135) Phase 4: Compact heap
[2026-03-16T18:07:29.584+0800][6.253s][info][gc,phases      ] GC(135) Phase 4: Compact heap 0.164ms
[2026-03-16T18:07:29.584+0800][6.254s][info][gc,heap        ] GC(135) Eden regions: 0->0(3)
[2026-03-16T18:07:29.584+0800][6.254s][info][gc,heap        ] GC(135) Survivor regions: 0->0(0)
[2026-03-16T18:07:29.584+0800][6.254s][info][gc,heap        ] GC(135) Old regions: 61->61
[2026-03-16T18:07:29.584+0800][6.254s][info][gc,heap        ] GC(135) Archive regions: 0->0
[2026-03-16T18:07:29.584+0800][6.254s][info][gc,heap        ] GC(135) Humongous regions: 3->3
[2026-03-16T18:07:29.585+0800][6.254s][info][gc,metaspace   ] GC(135) Metaspace: 5776K(6144K)->5776K(6144K) NonClass: 5143K(5376K)->5143K(5376K) Class: 632K(768K)->632K(768K)
[2026-03-16T18:07:29.585+0800][6.254s][info][gc             ] GC(135) Pause Full (G1 Compaction Pause) 63M->63M(64M) 21.683ms
[2026-03-16T18:07:29.585+0800][6.254s][info][gc,cpu         ] GC(135) User=0.06s Sys=0.00s Real=0.02s
[2026-03-16T18:07:29.585+0800][6.254s][info][gc,ergo        ] Attempting maximum full compaction clearing soft references
[2026-03-16T18:07:29.585+0800][6.254s][info][gc,task        ] GC(136) Using 2 workers of 13 for full compaction
[2026-03-16T18:07:29.585+0800][6.254s][info][gc,start       ] GC(136) Pause Full (G1 Compaction Pause)
[2026-03-16T18:07:29.585+0800][6.254s][info][gc,phases,start] GC(136) Phase 1: Mark live objects
[2026-03-16T18:07:29.598+0800][6.268s][info][gc,phases      ] GC(136) Phase 1: Mark live objects 13.849ms
[2026-03-16T18:07:29.598+0800][6.268s][info][gc,phases,start] GC(136) Phase 2: Prepare for compaction
[2026-03-16T18:07:29.604+0800][6.273s][info][gc,phases      ] GC(136) Phase 2: Prepare for compaction 4.895ms
[2026-03-16T18:07:29.604+0800][6.273s][info][gc,phases,start] GC(136) Phase 3: Adjust pointers
[2026-03-16T18:07:29.611+0800][6.281s][info][gc,phases      ] GC(136) Phase 3: Adjust pointers 7.715ms
[2026-03-16T18:07:29.611+0800][6.281s][info][gc,phases,start] GC(136) Phase 4: Compact heap
[2026-03-16T18:07:29.619+0800][6.288s][info][gc,phases      ] GC(136) Phase 4: Compact heap 6.941ms
[2026-03-16T18:07:29.619+0800][6.289s][info][gc,heap        ] GC(136) Eden regions: 0->0(3)
[2026-03-16T18:07:29.619+0800][6.289s][info][gc,heap        ] GC(136) Survivor regions: 0->0(0)
[2026-03-16T18:07:29.619+0800][6.289s][info][gc,heap        ] GC(136) Old regions: 61->61
[2026-03-16T18:07:29.619+0800][6.289s][info][gc,heap        ] GC(136) Archive regions: 0->0
[2026-03-16T18:07:29.620+0800][6.289s][info][gc,heap        ] GC(136) Humongous regions: 3->3
[2026-03-16T18:07:29.620+0800][6.289s][info][gc,metaspace   ] GC(136) Metaspace: 5776K(6144K)->5776K(6144K) NonClass: 5143K(5376K)->5143K(5376K) Class: 632K(768K)->632K(768K)
[2026-03-16T18:07:29.620+0800][6.289s][info][gc             ] GC(136) Pause Full (G1 Compaction Pause) 63M->63M(64M) 34.714ms
[2026-03-16T18:07:29.620+0800][6.289s][info][gc,cpu         ] GC(136) User=0.05s Sys=0.02s Real=0.03s
[2026-03-16T18:07:29.620+0800][6.289s][info][gc,marking     ] GC(131) Concurrent Mark Abort
[2026-03-16T18:07:29.620+0800][6.289s][info][gc             ] GC(131) Concurrent Mark Cycle 121.562ms
[2026-03-16T18:07:29.620+0800][6.290s][info][gc,start       ] GC(137) Pause Young (Normal) (G1 Evacuation Pause)
[2026-03-16T18:07:29.620+0800][6.290s][info][gc,task        ] GC(137) Using 2 workers of 13 for evacuation
[2026-03-16T18:07:29.621+0800][6.290s][info][gc,phases      ] GC(137)   Pre Evacuate Collection Set: 0.1ms
[2026-03-16T18:07:29.621+0800][6.290s][info][gc,phases      ] GC(137)   Merge Heap Roots: 0.0ms
[2026-03-16T18:07:29.621+0800][6.290s][info][gc,phases      ] GC(137)   Evacuate Collection Set: 0.1ms
[2026-03-16T18:07:29.621+0800][6.290s][info][gc,phases      ] GC(137)   Post Evacuate Collection Set: 0.3ms
[2026-03-16T18:07:29.621+0800][6.290s][info][gc,phases      ] GC(137)   Other: 0.1ms
[2026-03-16T18:07:29.621+0800][6.290s][info][gc,heap        ] GC(137) Eden regions: 0->0(3)
[2026-03-16T18:07:29.621+0800][6.290s][info][gc,heap        ] GC(137) Survivor regions: 0->0(0)
[2026-03-16T18:07:29.621+0800][6.290s][info][gc,heap        ] GC(137) Old regions: 61->61
[2026-03-16T18:07:29.621+0800][6.290s][info][gc,heap        ] GC(137) Archive regions: 0->0
[2026-03-16T18:07:29.621+0800][6.290s][info][gc,heap        ] GC(137) Humongous regions: 3->3
[2026-03-16T18:07:29.621+0800][6.290s][info][gc,metaspace   ] GC(137) Metaspace: 5776K(6144K)->5776K(6144K) NonClass: 5143K(5376K)->5143K(5376K) Class: 632K(768K)->632K(768K)
[2026-03-16T18:07:29.621+0800][6.290s][info][gc             ] GC(137) Pause Young (Normal) (G1 Evacuation Pause) 63M->63M(64M) 0.789ms
[2026-03-16T18:07:29.621+0800][6.290s][info][gc,cpu         ] GC(137) User=0.00s Sys=0.00s Real=0.00s
[2026-03-16T18:07:29.621+0800][6.291s][info][gc,ergo        ] Attempting full compaction
[2026-03-16T18:07:29.621+0800][6.291s][info][gc,task        ] GC(138) Using 2 workers of 13 for full compaction
[2026-03-16T18:07:29.621+0800][6.291s][info][gc,start       ] GC(138) Pause Full (G1 Compaction Pause)
[2026-03-16T18:07:29.621+0800][6.291s][info][gc,phases,start] GC(138) Phase 1: Mark live objects
[2026-03-16T18:07:29.635+0800][6.305s][info][gc,phases      ] GC(138) Phase 1: Mark live objects 14.557ms
[2026-03-16T18:07:29.636+0800][6.305s][info][gc,phases,start] GC(138) Phase 2: Prepare for compaction
[2026-03-16T18:07:29.636+0800][6.305s][info][gc,phases      ] GC(138) Phase 2: Prepare for compaction 0.117ms
[2026-03-16T18:07:29.636+0800][6.305s][info][gc,phases,start] GC(138) Phase 3: Adjust pointers
[2026-03-16T18:07:29.642+0800][6.311s][info][gc,phases      ] GC(138) Phase 3: Adjust pointers 5.983ms
[2026-03-16T18:07:29.642+0800][6.312s][info][gc,phases,start] GC(138) Phase 4: Compact heap
[2026-03-16T18:07:29.642+0800][6.312s][info][gc,phases      ] GC(138) Phase 4: Compact heap 0.133ms
[2026-03-16T18:07:29.643+0800][6.312s][info][gc,heap        ] GC(138) Eden regions: 0->0(3)
[2026-03-16T18:07:29.643+0800][6.312s][info][gc,heap        ] GC(138) Survivor regions: 0->0(0)
[2026-03-16T18:07:29.643+0800][6.312s][info][gc,heap        ] GC(138) Old regions: 61->61
[2026-03-16T18:07:29.643+0800][6.312s][info][gc,heap        ] GC(138) Archive regions: 0->0
[2026-03-16T18:07:29.643+0800][6.312s][info][gc,heap        ] GC(138) Humongous regions: 3->3
[2026-03-16T18:07:29.643+0800][6.312s][info][gc,metaspace   ] GC(138) Metaspace: 5776K(6144K)->5776K(6144K) NonClass: 5143K(5376K)->5143K(5376K) Class: 632K(768K)->632K(768K)
[2026-03-16T18:07:29.643+0800][6.312s][info][gc             ] GC(138) Pause Full (G1 Compaction Pause) 63M->63M(64M) 21.885ms
[2026-03-16T18:07:29.643+0800][6.313s][info][gc,cpu         ] GC(138) User=0.06s Sys=0.00s Real=0.02s
[2026-03-16T18:07:29.643+0800][6.313s][info][gc,ergo        ] Attempting maximum full compaction clearing soft references
[2026-03-16T18:07:29.643+0800][6.313s][info][gc,task        ] GC(139) Using 2 workers of 13 for full compaction
[2026-03-16T18:07:29.643+0800][6.313s][info][gc,start       ] GC(139) Pause Full (G1 Compaction Pause)
[2026-03-16T18:07:29.643+0800][6.313s][info][gc,phases,start] GC(139) Phase 1: Mark live objects
[2026-03-16T18:07:29.658+0800][6.327s][info][gc,phases      ] GC(139) Phase 1: Mark live objects 14.563ms
[2026-03-16T18:07:29.658+0800][6.327s][info][gc,phases,start] GC(139) Phase 2: Prepare for compaction
[2026-03-16T18:07:29.663+0800][6.333s][info][gc,phases      ] GC(139) Phase 2: Prepare for compaction 5.444ms
[2026-03-16T18:07:29.663+0800][6.333s][info][gc,phases,start] GC(139) Phase 3: Adjust pointers
[2026-03-16T18:07:29.671+0800][6.341s][info][gc,phases      ] GC(139) Phase 3: Adjust pointers 8.099ms
[2026-03-16T18:07:29.671+0800][6.341s][info][gc,phases,start] GC(139) Phase 4: Compact heap
[2026-03-16T18:07:29.677+0800][6.347s][info][gc,phases      ] GC(139) Phase 4: Compact heap 5.373ms
[2026-03-16T18:07:29.678+0800][6.347s][info][gc,heap        ] GC(139) Eden regions: 0->0(3)
[2026-03-16T18:07:29.678+0800][6.348s][info][gc,heap        ] GC(139) Survivor regions: 0->0(0)
[2026-03-16T18:07:29.678+0800][6.348s][info][gc,heap        ] GC(139) Old regions: 61->61
[2026-03-16T18:07:29.678+0800][6.348s][info][gc,heap        ] GC(139) Archive regions: 0->0
[2026-03-16T18:07:29.678+0800][6.348s][info][gc,heap        ] GC(139) Humongous regions: 3->3
[2026-03-16T18:07:29.678+0800][6.348s][info][gc,metaspace   ] GC(139) Metaspace: 5776K(6144K)->5776K(6144K) NonClass: 5143K(5376K)->5143K(5376K) Class: 632K(768K)->632K(768K)
[2026-03-16T18:07:29.678+0800][6.348s][info][gc             ] GC(139) Pause Full (G1 Compaction Pause) 63M->63M(64M) 34.896ms
[2026-03-16T18:07:29.678+0800][6.348s][info][gc,cpu         ] GC(139) User=0.05s Sys=0.00s Real=0.04s
[2026-03-16T18:07:29.678+0800][6.348s][info][gc,start       ] GC(140) Pause Young (Concurrent Start) (G1 Evacuation Pause)
[2026-03-16T18:07:29.679+0800][6.348s][info][gc,task        ] GC(140) Using 2 workers of 13 for evacuation
[2026-03-16T18:07:29.680+0800][6.349s][info][gc,phases      ] GC(140)   Pre Evacuate Collection Set: 0.3ms
[2026-03-16T18:07:29.680+0800][6.349s][info][gc,phases      ] GC(140)   Merge Heap Roots: 0.2ms
[2026-03-16T18:07:29.680+0800][6.349s][info][gc,phases      ] GC(140)   Evacuate Collection Set: 0.2ms
[2026-03-16T18:07:29.680+0800][6.349s][info][gc,phases      ] GC(140)   Post Evacuate Collection Set: 0.4ms
[2026-03-16T18:07:29.680+0800][6.349s][info][gc,phases      ] GC(140)   Other: 0.1ms
[2026-03-16T18:07:29.680+0800][6.349s][info][gc,heap        ] GC(140) Eden regions: 0->0(3)
[2026-03-16T18:07:29.680+0800][6.349s][info][gc,heap        ] GC(140) Survivor regions: 0->0(0)
[2026-03-16T18:07:29.680+0800][6.349s][info][gc,heap        ] GC(140) Old regions: 61->61
[2026-03-16T18:07:29.680+0800][6.349s][info][gc,heap        ] GC(140) Archive regions: 0->0
[2026-03-16T18:07:29.680+0800][6.350s][info][gc,heap        ] GC(140) Humongous regions: 3->3
[2026-03-16T18:07:29.680+0800][6.350s][info][gc,metaspace   ] GC(140) Metaspace: 5776K(6144K)->5776K(6144K) NonClass: 5143K(5376K)->5143K(5376K) Class: 632K(768K)->632K(768K)
[2026-03-16T18:07:29.680+0800][6.350s][info][gc             ] GC(140) Pause Young (Concurrent Start) (G1 Evacuation Pause) 63M->63M(64M) 1.487ms
[2026-03-16T18:07:29.680+0800][6.350s][info][gc,cpu         ] GC(140) User=0.00s Sys=0.00s Real=0.00s
[2026-03-16T18:07:29.680+0800][6.350s][info][gc,ergo        ] Attempting full compaction
[2026-03-16T18:07:29.680+0800][6.350s][info][gc,task        ] GC(141) Using 2 workers of 13 for full compaction
[2026-03-16T18:07:29.680+0800][6.350s][info][gc             ] GC(142) Concurrent Mark Cycle
[2026-03-16T18:07:29.680+0800][6.350s][info][gc,start       ] GC(141) Pause Full (G1 Compaction Pause)
[2026-03-16T18:07:29.680+0800][6.350s][info][gc,marking     ] GC(142) Concurrent Clear Claimed Marks
[2026-03-16T18:07:29.680+0800][6.350s][info][gc,marking     ] GC(142) Concurrent Clear Claimed Marks 0.237ms
[2026-03-16T18:07:29.680+0800][6.350s][info][gc,marking     ] GC(142) Concurrent Scan Root Regions
[2026-03-16T18:07:29.680+0800][6.350s][info][gc,marking     ] GC(142) Concurrent Scan Root Regions 0.016ms
[2026-03-16T18:07:29.680+0800][6.350s][info][gc,marking     ] GC(142) Concurrent Mark
[2026-03-16T18:07:29.680+0800][6.350s][info][gc,marking     ] GC(142) Concurrent Mark From Roots
[2026-03-16T18:07:29.680+0800][6.350s][info][gc,task        ] GC(142) Using 3 workers of 3 for marking
[2026-03-16T18:07:29.681+0800][6.350s][info][gc,phases,start] GC(141) Phase 1: Mark live objects
[2026-03-16T18:07:29.695+0800][6.365s][info][gc,phases      ] GC(141) Phase 1: Mark live objects 14.632ms
[2026-03-16T18:07:29.695+0800][6.365s][info][gc,phases,start] GC(141) Phase 2: Prepare for compaction
[2026-03-16T18:07:29.695+0800][6.365s][info][gc,phases      ] GC(141) Phase 2: Prepare for compaction 0.118ms
[2026-03-16T18:07:29.695+0800][6.365s][info][gc,phases,start] GC(141) Phase 3: Adjust pointers
[2026-03-16T18:07:29.702+0800][6.371s][info][gc,phases      ] GC(141) Phase 3: Adjust pointers 5.905ms
[2026-03-16T18:07:29.702+0800][6.371s][info][gc,phases,start] GC(141) Phase 4: Compact heap
[2026-03-16T18:07:29.702+0800][6.371s][info][gc,phases      ] GC(141) Phase 4: Compact heap 0.185ms
[2026-03-16T18:07:29.702+0800][6.372s][info][gc,heap        ] GC(141) Eden regions: 0->0(3)
[2026-03-16T18:07:29.702+0800][6.372s][info][gc,heap        ] GC(141) Survivor regions: 0->0(0)
[2026-03-16T18:07:29.702+0800][6.372s][info][gc,heap        ] GC(141) Old regions: 61->61
[2026-03-16T18:07:29.702+0800][6.372s][info][gc,heap        ] GC(141) Archive regions: 0->0
[2026-03-16T18:07:29.703+0800][6.372s][info][gc,heap        ] GC(141) Humongous regions: 3->3
[2026-03-16T18:07:29.703+0800][6.372s][info][gc,metaspace   ] GC(141) Metaspace: 5776K(6144K)->5776K(6144K) NonClass: 5143K(5376K)->5143K(5376K) Class: 632K(768K)->632K(768K)
[2026-03-16T18:07:29.703+0800][6.372s][info][gc             ] GC(141) Pause Full (G1 Compaction Pause) 63M->63M(64M) 22.533ms
[2026-03-16T18:07:29.703+0800][6.372s][info][gc,cpu         ] GC(141) User=0.03s Sys=0.00s Real=0.02s
[2026-03-16T18:07:29.703+0800][6.372s][info][gc,ergo        ] Attempting maximum full compaction clearing soft references
[2026-03-16T18:07:29.703+0800][6.372s][info][gc,task        ] GC(143) Using 2 workers of 13 for full compaction
[2026-03-16T18:07:29.703+0800][6.372s][info][gc,start       ] GC(143) Pause Full (G1 Compaction Pause)
[2026-03-16T18:07:29.703+0800][6.372s][info][gc,phases,start] GC(143) Phase 1: Mark live objects
[2026-03-16T18:07:29.716+0800][6.386s][info][gc,phases      ] GC(143) Phase 1: Mark live objects 13.901ms
[2026-03-16T18:07:29.716+0800][6.386s][info][gc,phases,start] GC(143) Phase 2: Prepare for compaction
[2026-03-16T18:07:29.722+0800][6.393s][info][gc,phases      ] GC(143) Phase 2: Prepare for compaction 6.316ms
[2026-03-16T18:07:29.722+0800][6.393s][info][gc,phases,start] GC(143) Phase 3: Adjust pointers
[2026-03-16T18:07:29.733+0800][6.403s][info][gc,phases      ] GC(143) Phase 3: Adjust pointers 9.847ms
[2026-03-16T18:07:29.733+0800][6.403s][info][gc,phases,start] GC(143) Phase 4: Compact heap
[2026-03-16T18:07:29.739+0800][6.408s][info][gc,phases      ] GC(143) Phase 4: Compact heap 5.378ms
[2026-03-16T18:07:29.739+0800][6.409s][info][gc,heap        ] GC(143) Eden regions: 0->0(3)
[2026-03-16T18:07:29.739+0800][6.409s][info][gc,heap        ] GC(143) Survivor regions: 0->0(0)
[2026-03-16T18:07:29.739+0800][6.409s][info][gc,heap        ] GC(143) Old regions: 61->61
[2026-03-16T18:07:29.739+0800][6.409s][info][gc,heap        ] GC(143) Archive regions: 0->0
[2026-03-16T18:07:29.739+0800][6.409s][info][gc,heap        ] GC(143) Humongous regions: 3->3
[2026-03-16T18:07:29.739+0800][6.409s][info][gc,metaspace   ] GC(143) Metaspace: 5776K(6144K)->5776K(6144K) NonClass: 5143K(5376K)->5143K(5376K) Class: 632K(768K)->632K(768K)
[2026-03-16T18:07:29.739+0800][6.409s][info][gc             ] GC(143) Pause Full (G1 Compaction Pause) 63M->63M(64M) 36.837ms
[2026-03-16T18:07:29.739+0800][6.409s][info][gc,cpu         ] GC(143) User=0.09s Sys=0.00s Real=0.04s
[2026-03-16T18:07:29.740+0800][6.410s][info][gc,marking     ] GC(142) Concurrent Mark From Roots 59.625ms
[2026-03-16T18:07:29.740+0800][6.410s][info][gc,start       ] GC(144) Pause Young (Normal) (G1 Evacuation Pause)
[2026-03-16T18:07:29.740+0800][6.410s][info][gc,task        ] GC(144) Using 2 workers of 13 for evacuation
[2026-03-16T18:07:29.741+0800][6.410s][info][gc,phases      ] GC(144)   Pre Evacuate Collection Set: 0.1ms
[2026-03-16T18:07:29.741+0800][6.410s][info][gc,phases      ] GC(144)   Merge Heap Roots: 0.1ms
[2026-03-16T18:07:29.741+0800][6.411s][info][gc,phases      ] GC(144)   Evacuate Collection Set: 0.1ms
[2026-03-16T18:07:29.741+0800][6.411s][info][gc,phases      ] GC(144)   Post Evacuate Collection Set: 0.4ms
[2026-03-16T18:07:29.741+0800][6.411s][info][gc,phases      ] GC(144)   Other: 0.2ms
[2026-03-16T18:07:29.741+0800][6.411s][info][gc,heap        ] GC(144) Eden regions: 0->0(3)
[2026-03-16T18:07:29.741+0800][6.411s][info][gc,heap        ] GC(144) Survivor regions: 0->0(0)
[2026-03-16T18:07:29.741+0800][6.411s][info][gc,heap        ] GC(144) Old regions: 61->61
[2026-03-16T18:07:29.741+0800][6.411s][info][gc,heap        ] GC(144) Archive regions: 0->0
[2026-03-16T18:07:29.741+0800][6.411s][info][gc,heap        ] GC(144) Humongous regions: 3->3
[2026-03-16T18:07:29.741+0800][6.411s][info][gc,metaspace   ] GC(144) Metaspace: 5776K(6144K)->5776K(6144K) NonClass: 5143K(5376K)->5143K(5376K) Class: 632K(768K)->632K(768K)
[2026-03-16T18:07:29.741+0800][6.411s][info][gc             ] GC(144) Pause Young (Normal) (G1 Evacuation Pause) 63M->63M(64M) 1.007ms
[2026-03-16T18:07:29.741+0800][6.411s][info][gc,cpu         ] GC(144) User=0.00s Sys=0.00s Real=0.00s
[2026-03-16T18:07:29.741+0800][6.411s][info][gc,ergo        ] Attempting full compaction
[2026-03-16T18:07:29.741+0800][6.411s][info][gc,task        ] GC(145) Using 2 workers of 13 for full compaction
[2026-03-16T18:07:29.741+0800][6.411s][info][gc,start       ] GC(145) Pause Full (G1 Compaction Pause)
[2026-03-16T18:07:29.741+0800][6.411s][info][gc,phases,start] GC(145) Phase 1: Mark live objects
[2026-03-16T18:07:29.755+0800][6.425s][info][gc,phases      ] GC(145) Phase 1: Mark live objects 14.349ms
[2026-03-16T18:07:29.755+0800][6.425s][info][gc,phases,start] GC(145) Phase 2: Prepare for compaction
[2026-03-16T18:07:29.756+0800][6.425s][info][gc,phases      ] GC(145) Phase 2: Prepare for compaction 0.158ms
[2026-03-16T18:07:29.756+0800][6.426s][info][gc,phases,start] GC(145) Phase 3: Adjust pointers
[2026-03-16T18:07:29.761+0800][6.431s][info][gc,phases      ] GC(145) Phase 3: Adjust pointers 5.360ms
[2026-03-16T18:07:29.761+0800][6.431s][info][gc,phases,start] GC(145) Phase 4: Compact heap
[2026-03-16T18:07:29.761+0800][6.431s][info][gc,phases      ] GC(145) Phase 4: Compact heap 0.102ms
[2026-03-16T18:07:29.762+0800][6.432s][info][gc,heap        ] GC(145) Eden regions: 0->0(3)
[2026-03-16T18:07:29.762+0800][6.432s][info][gc,heap        ] GC(145) Survivor regions: 0->0(0)
[2026-03-16T18:07:29.762+0800][6.432s][info][gc,heap        ] GC(145) Old regions: 61->61
[2026-03-16T18:07:29.762+0800][6.432s][info][gc,heap        ] GC(145) Archive regions: 0->0
[2026-03-16T18:07:29.762+0800][6.432s][info][gc,heap        ] GC(145) Humongous regions: 3->3
[2026-03-16T18:07:29.762+0800][6.432s][info][gc,metaspace   ] GC(145) Metaspace: 5776K(6144K)->5776K(6144K) NonClass: 5143K(5376K)->5143K(5376K) Class: 632K(768K)->632K(768K)
[2026-03-16T18:07:29.762+0800][6.432s][info][gc             ] GC(145) Pause Full (G1 Compaction Pause) 63M->63M(64M) 21.255ms
[2026-03-16T18:07:29.762+0800][6.432s][info][gc,cpu         ] GC(145) User=0.03s Sys=0.00s Real=0.02s
[2026-03-16T18:07:29.762+0800][6.432s][info][gc,ergo        ] Attempting maximum full compaction clearing soft references
[2026-03-16T18:07:29.762+0800][6.432s][info][gc,task        ] GC(146) Using 2 workers of 13 for full compaction
[2026-03-16T18:07:29.762+0800][6.432s][info][gc,start       ] GC(146) Pause Full (G1 Compaction Pause)
[2026-03-16T18:07:29.762+0800][6.432s][info][gc,phases,start] GC(146) Phase 1: Mark live objects
[2026-03-16T18:07:29.777+0800][6.446s][info][gc,phases      ] GC(146) Phase 1: Mark live objects 14.150ms
[2026-03-16T18:07:29.777+0800][6.447s][info][gc,phases,start] GC(146) Phase 2: Prepare for compaction
[2026-03-16T18:07:29.782+0800][6.452s][info][gc,phases      ] GC(146) Phase 2: Prepare for compaction 5.253ms
[2026-03-16T18:07:29.782+0800][6.452s][info][gc,phases,start] GC(146) Phase 3: Adjust pointers
[2026-03-16T18:07:29.794+0800][6.464s][info][gc,phases      ] GC(146) Phase 3: Adjust pointers 11.754ms
[2026-03-16T18:07:29.794+0800][6.464s][info][gc,phases,start] GC(146) Phase 4: Compact heap
[2026-03-16T18:07:29.801+0800][6.471s][info][gc,phases      ] GC(146) Phase 4: Compact heap 7.296ms
[2026-03-16T18:07:29.802+0800][6.472s][info][gc,heap        ] GC(146) Eden regions: 0->0(3)
[2026-03-16T18:07:29.802+0800][6.472s][info][gc,heap        ] GC(146) Survivor regions: 0->0(0)
[2026-03-16T18:07:29.802+0800][6.472s][info][gc,heap        ] GC(146) Old regions: 61->61
[2026-03-16T18:07:29.802+0800][6.472s][info][gc,heap        ] GC(146) Archive regions: 0->0
[2026-03-16T18:07:29.802+0800][6.472s][info][gc,heap        ] GC(146) Humongous regions: 3->3
[2026-03-16T18:07:29.802+0800][6.472s][info][gc,metaspace   ] GC(146) Metaspace: 5776K(6144K)->5776K(6144K) NonClass: 5143K(5376K)->5143K(5376K) Class: 632K(768K)->632K(768K)
[2026-03-16T18:07:29.802+0800][6.472s][info][gc             ] GC(146) Pause Full (G1 Compaction Pause) 63M->63M(64M) 39.989ms
[2026-03-16T18:07:29.802+0800][6.472s][info][gc,cpu         ] GC(146) User=0.08s Sys=0.00s Real=0.04s
[2026-03-16T18:07:29.803+0800][6.472s][info][gc,marking     ] GC(142) Concurrent Mark Abort
[2026-03-16T18:07:29.803+0800][6.472s][info][gc             ] GC(142) Concurrent Mark Cycle 122.835ms
[2026-03-16T18:07:29.803+0800][6.473s][info][gc,start       ] GC(147) Pause Young (Normal) (G1 Evacuation Pause)
[2026-03-16T18:07:29.803+0800][6.473s][info][gc,task        ] GC(147) Using 2 workers of 13 for evacuation
[2026-03-16T18:07:29.803+0800][6.473s][info][gc,phases      ] GC(147)   Pre Evacuate Collection Set: 0.0ms
[2026-03-16T18:07:29.803+0800][6.473s][info][gc,phases      ] GC(147)   Merge Heap Roots: 0.0ms
[2026-03-16T18:07:29.803+0800][6.473s][info][gc,phases      ] GC(147)   Evacuate Collection Set: 0.1ms
[2026-03-16T18:07:29.803+0800][6.473s][info][gc,phases      ] GC(147)   Post Evacuate Collection Set: 0.3ms
[2026-03-16T18:07:29.803+0800][6.473s][info][gc,phases      ] GC(147)   Other: 0.1ms
[2026-03-16T18:07:29.803+0800][6.473s][info][gc,heap        ] GC(147) Eden regions: 0->0(3)
[2026-03-16T18:07:29.803+0800][6.473s][info][gc,heap        ] GC(147) Survivor regions: 0->0(0)
[2026-03-16T18:07:29.803+0800][6.473s][info][gc,heap        ] GC(147) Old regions: 61->61
[2026-03-16T18:07:29.803+0800][6.473s][info][gc,heap        ] GC(147) Archive regions: 0->0
[2026-03-16T18:07:29.803+0800][6.473s][info][gc,heap        ] GC(147) Humongous regions: 3->3
[2026-03-16T18:07:29.803+0800][6.473s][info][gc,metaspace   ] GC(147) Metaspace: 5776K(6144K)->5776K(6144K) NonClass: 5143K(5376K)->5143K(5376K) Class: 632K(768K)->632K(768K)
[2026-03-16T18:07:29.803+0800][6.473s][info][gc             ] GC(147) Pause Young (Normal) (G1 Evacuation Pause) 63M->63M(64M) 0.729ms
[2026-03-16T18:07:29.803+0800][6.473s][info][gc,cpu         ] GC(147) User=0.00s Sys=0.00s Real=0.00s
[2026-03-16T18:07:29.803+0800][6.473s][info][gc,ergo        ] Attempting full compaction
[2026-03-16T18:07:29.803+0800][6.473s][info][gc,task        ] GC(148) Using 2 workers of 13 for full compaction
[2026-03-16T18:07:29.803+0800][6.473s][info][gc,start       ] GC(148) Pause Full (G1 Compaction Pause)
[2026-03-16T18:07:29.803+0800][6.474s][info][gc,phases,start] GC(148) Phase 1: Mark live objects
[2026-03-16T18:07:29.820+0800][6.489s][info][gc,phases      ] GC(148) Phase 1: Mark live objects 15.796ms
[2026-03-16T18:07:29.820+0800][6.489s][info][gc,phases,start] GC(148) Phase 2: Prepare for compaction
[2026-03-16T18:07:29.820+0800][6.490s][info][gc,phases      ] GC(148) Phase 2: Prepare for compaction 0.122ms
[2026-03-16T18:07:29.820+0800][6.490s][info][gc,phases,start] GC(148) Phase 3: Adjust pointers
[2026-03-16T18:07:29.825+0800][6.496s][info][gc,phases      ] GC(148) Phase 3: Adjust pointers 5.960ms
[2026-03-16T18:07:29.826+0800][6.496s][info][gc,phases,start] GC(148) Phase 4: Compact heap
[2026-03-16T18:07:29.826+0800][6.496s][info][gc,phases      ] GC(148) Phase 4: Compact heap 0.125ms
[2026-03-16T18:07:29.826+0800][6.496s][info][gc,heap        ] GC(148) Eden regions: 0->0(3)
[2026-03-16T18:07:29.826+0800][6.496s][info][gc,heap        ] GC(148) Survivor regions: 0->0(0)
[2026-03-16T18:07:29.826+0800][6.496s][info][gc,heap        ] GC(148) Old regions: 61->61
[2026-03-16T18:07:29.826+0800][6.496s][info][gc,heap        ] GC(148) Archive regions: 0->0
[2026-03-16T18:07:29.826+0800][6.496s][info][gc,heap        ] GC(148) Humongous regions: 3->3
[2026-03-16T18:07:29.826+0800][6.497s][info][gc,metaspace   ] GC(148) Metaspace: 5776K(6144K)->5776K(6144K) NonClass: 5143K(5376K)->5143K(5376K) Class: 632K(768K)->632K(768K)
[2026-03-16T18:07:29.826+0800][6.497s][info][gc             ] GC(148) Pause Full (G1 Compaction Pause) 63M->63M(64M) 23.053ms
[2026-03-16T18:07:29.826+0800][6.497s][info][gc,cpu         ] GC(148) User=0.03s Sys=0.00s Real=0.02s
[2026-03-16T18:07:29.827+0800][6.497s][info][gc,ergo        ] Attempting maximum full compaction clearing soft references
[2026-03-16T18:07:29.827+0800][6.497s][info][gc,task        ] GC(149) Using 2 workers of 13 for full compaction
[2026-03-16T18:07:29.827+0800][6.497s][info][gc,start       ] GC(149) Pause Full (G1 Compaction Pause)
[2026-03-16T18:07:29.827+0800][6.497s][info][gc,phases,start] GC(149) Phase 1: Mark live objects
[2026-03-16T18:07:29.842+0800][6.511s][info][gc,phases      ] GC(149) Phase 1: Mark live objects 14.483ms
[2026-03-16T18:07:29.842+0800][6.511s][info][gc,phases,start] GC(149) Phase 2: Prepare for compaction
[2026-03-16T18:07:29.848+0800][6.518s][info][gc,phases      ] GC(149) Phase 2: Prepare for compaction 6.583ms
[2026-03-16T18:07:29.848+0800][6.518s][info][gc,phases,start] GC(149) Phase 3: Adjust pointers
[2026-03-16T18:07:29.859+0800][6.528s][info][gc,phases      ] GC(149) Phase 3: Adjust pointers 10.122ms
[2026-03-16T18:07:29.859+0800][6.528s][info][gc,phases,start] GC(149) Phase 4: Compact heap
[2026-03-16T18:07:29.864+0800][6.534s][info][gc,phases      ] GC(149) Phase 4: Compact heap 5.810ms
[2026-03-16T18:07:29.865+0800][6.535s][info][gc,heap        ] GC(149) Eden regions: 0->0(3)
[2026-03-16T18:07:29.865+0800][6.535s][info][gc,heap        ] GC(149) Survivor regions: 0->0(0)
[2026-03-16T18:07:29.865+0800][6.535s][info][gc,heap        ] GC(149) Old regions: 61->61
[2026-03-16T18:07:29.865+0800][6.535s][info][gc,heap        ] GC(149) Archive regions: 0->0
[2026-03-16T18:07:29.866+0800][6.535s][info][gc,heap        ] GC(149) Humongous regions: 3->3
[2026-03-16T18:07:29.866+0800][6.535s][info][gc,metaspace   ] GC(149) Metaspace: 5776K(6144K)->5776K(6144K) NonClass: 5143K(5376K)->5143K(5376K) Class: 632K(768K)->632K(768K)
[2026-03-16T18:07:29.866+0800][6.535s][info][gc             ] GC(149) Pause Full (G1 Compaction Pause) 63M->63M(64M) 38.520ms
[2026-03-16T18:07:29.866+0800][6.535s][info][gc,cpu         ] GC(149) User=0.08s Sys=0.00s Real=0.04s
[2026-03-16T18:07:29.866+0800][6.536s][info][gc,start       ] GC(150) Pause Young (Concurrent Start) (G1 Evacuation Pause)
[2026-03-16T18:07:29.866+0800][6.536s][info][gc,task        ] GC(150) Using 2 workers of 13 for evacuation
