[2026-03-19T14:50:41.974+0800][0.101s][info][gc] Using G1
[2026-03-19T14:50:41.979+0800][0.106s][info][gc,init] Version: 17.0.11+7-LTS-207 (release)
[2026-03-19T14:50:41.980+0800][0.107s][info][gc,init] CPUs: 16 total, 16 available
[2026-03-19T14:50:41.980+0800][0.107s][info][gc,init] Memory: 32451M
[2026-03-19T14:50:41.980+0800][0.107s][info][gc,init] Large Page Support: Disabled
[2026-03-19T14:50:41.980+0800][0.107s][info][gc,init] NUMA Support: Disabled
[2026-03-19T14:50:41.980+0800][0.107s][info][gc,init] Compressed Oops: Enabled (32-bit)
[2026-03-19T14:50:41.980+0800][0.107s][info][gc,init] Heap Region Size: 1M
[2026-03-19T14:50:41.980+0800][0.107s][info][gc,init] Heap Min Capacity: 128M
[2026-03-19T14:50:41.980+0800][0.108s][info][gc,init] Heap Initial Capacity: 128M
[2026-03-19T14:50:41.981+0800][0.108s][info][gc,init] Heap Max Capacity: 128M
[2026-03-19T14:50:41.981+0800][0.108s][info][gc,init] Pre-touch: Disabled
[2026-03-19T14:50:41.981+0800][0.108s][info][gc,init] Parallel Workers: 13
[2026-03-19T14:50:41.981+0800][0.109s][info][gc,init] Concurrent Workers: 3
[2026-03-19T14:50:41.981+0800][0.109s][info][gc,init] Concurrent Refinement Workers: 13
[2026-03-19T14:50:41.982+0800][0.109s][info][gc,init] Periodic GC: Disabled
[2026-03-19T14:50:41.998+0800][0.125s][info][gc,metaspace] CDS archive(s) mapped at: [0x0000029680000000-0x0000029680bd0000-0x0000029680bd0000), size 12386304, SharedBaseAddress: 0x0000029680000000, ArchiveRelocationMode: 1.
[2026-03-19T14:50:41.998+0800][0.126s][info][gc,metaspace] Compressed class space mapped at: 0x0000029681000000-0x00000296c1000000, reserved size: 1073741824
[2026-03-19T14:50:41.998+0800][0.126s][info][gc,metaspace] Narrow klass base: 0x0000029680000000, Narrow klass shift: 0, Narrow klass range: 0x100000000
[2026-03-19T14:50:43.275+0800][1.402s][info][gc,start    ] GC(0) Pause Young (Normal) (G1 Evacuation Pause)
[2026-03-19T14:50:43.277+0800][1.403s][info][gc,task     ] GC(0) Using 3 workers of 13 for evacuation
[2026-03-19T14:50:43.288+0800][1.415s][info][gc,phases   ] GC(0)   Pre Evacuate Collection Set: 0.1ms
[2026-03-19T14:50:43.288+0800][1.415s][info][gc,phases   ] GC(0)   Merge Heap Roots: 0.1ms
[2026-03-19T14:50:43.288+0800][1.415s][info][gc,phases   ] GC(0)   Evacuate Collection Set: 6.5ms
[2026-03-19T14:50:43.288+0800][1.415s][info][gc,phases   ] GC(0)   Post Evacuate Collection Set: 4.5ms
[2026-03-19T14:50:43.288+0800][1.415s][info][gc,phases   ] GC(0)   Other: 1.8ms
[2026-03-19T14:50:43.288+0800][1.415s][info][gc,heap     ] GC(0) Eden regions: 23->0(27)
[2026-03-19T14:50:43.288+0800][1.415s][info][gc,heap     ] GC(0) Survivor regions: 0->3(3)
[2026-03-19T14:50:43.288+0800][1.416s][info][gc,heap     ] GC(0) Old regions: 0->3
[2026-03-19T14:50:43.288+0800][1.416s][info][gc,heap     ] GC(0) Archive regions: 0->0
[2026-03-19T14:50:43.289+0800][1.416s][info][gc,heap     ] GC(0) Humongous regions: 20->0
[2026-03-19T14:50:43.289+0800][1.416s][info][gc,metaspace] GC(0) Metaspace: 5880K(6144K)->5880K(6144K) NonClass: 5226K(5376K)->5226K(5376K) Class: 654K(768K)->654K(768K)
[2026-03-19T14:50:43.289+0800][1.416s][info][gc          ] GC(0) Pause Young (Normal) (G1 Evacuation Pause) 42M->5M(128M) 13.812ms
[2026-03-19T14:50:43.289+0800][1.416s][info][gc,cpu      ] GC(0) User=0.02s Sys=0.03s Real=0.01s
[2026-03-19T14:50:44.842+0800][2.969s][info][gc,start    ] GC(1) Pause Young (Concurrent Start) (G1 Humongous Allocation)
[2026-03-19T14:50:44.842+0800][2.969s][info][gc,task     ] GC(1) Using 3 workers of 13 for evacuation
[2026-03-19T14:50:44.847+0800][2.975s][info][gc,phases   ] GC(1)   Pre Evacuate Collection Set: 0.1ms
[2026-03-19T14:50:44.847+0800][2.975s][info][gc,phases   ] GC(1)   Merge Heap Roots: 0.1ms
[2026-03-19T14:50:44.847+0800][2.975s][info][gc,phases   ] GC(1)   Evacuate Collection Set: 3.8ms
[2026-03-19T14:50:44.848+0800][2.975s][info][gc,phases   ] GC(1)   Post Evacuate Collection Set: 0.9ms
[2026-03-19T14:50:44.848+0800][2.975s][info][gc,phases   ] GC(1)   Other: 0.5ms
[2026-03-19T14:50:44.848+0800][2.975s][info][gc,heap     ] GC(1) Eden regions: 22->0(51)
[2026-03-19T14:50:44.848+0800][2.975s][info][gc,heap     ] GC(1) Survivor regions: 3->2(4)
[2026-03-19T14:50:44.848+0800][2.975s][info][gc,heap     ] GC(1) Old regions: 3->6
[2026-03-19T14:50:44.848+0800][2.975s][info][gc,heap     ] GC(1) Archive regions: 0->0
[2026-03-19T14:50:44.848+0800][2.975s][info][gc,heap     ] GC(1) Humongous regions: 54->2
[2026-03-19T14:50:44.848+0800][2.975s][info][gc,metaspace] GC(1) Metaspace: 5898K(6144K)->5898K(6144K) NonClass: 5242K(5376K)->5242K(5376K) Class: 655K(768K)->655K(768K)
[2026-03-19T14:50:44.848+0800][2.976s][info][gc          ] GC(1) Pause Young (Concurrent Start) (G1 Humongous Allocation) 81M->9M(128M) 6.378ms
[2026-03-19T14:50:44.848+0800][2.976s][info][gc,cpu      ] GC(1) User=0.00s Sys=0.02s Real=0.01s
[2026-03-19T14:50:44.848+0800][2.976s][info][gc          ] GC(2) Concurrent Undo Cycle
[2026-03-19T14:50:44.848+0800][2.976s][info][gc,marking  ] GC(2) Concurrent Cleanup for Next Mark
[2026-03-19T14:50:44.850+0800][2.977s][info][gc,marking  ] GC(2) Concurrent Cleanup for Next Mark 1.372ms
[2026-03-19T14:50:44.850+0800][2.977s][info][gc          ] GC(2) Concurrent Undo Cycle 1.696ms
[2026-03-19T14:50:46.412+0800][4.539s][info][gc,start    ] GC(3) Pause Young (Concurrent Start) (G1 Humongous Allocation)
[2026-03-19T14:50:46.412+0800][4.539s][info][gc,task     ] GC(3) Using 3 workers of 13 for evacuation
[2026-03-19T14:50:46.414+0800][4.541s][info][gc,phases   ] GC(3)   Pre Evacuate Collection Set: 0.2ms
[2026-03-19T14:50:46.414+0800][4.541s][info][gc,phases   ] GC(3)   Merge Heap Roots: 0.2ms
[2026-03-19T14:50:46.414+0800][4.541s][info][gc,phases   ] GC(3)   Evacuate Collection Set: 0.6ms
[2026-03-19T14:50:46.414+0800][4.541s][info][gc,phases   ] GC(3)   Post Evacuate Collection Set: 0.7ms
[2026-03-19T14:50:46.414+0800][4.541s][info][gc,phases   ] GC(3)   Other: 0.3ms
[2026-03-19T14:50:46.414+0800][4.541s][info][gc,heap     ] GC(3) Eden regions: 21->0(61)
[2026-03-19T14:50:46.414+0800][4.541s][info][gc,heap     ] GC(3) Survivor regions: 2->2(7)
[2026-03-19T14:50:46.414+0800][4.541s][info][gc,heap     ] GC(3) Old regions: 6->6
[2026-03-19T14:50:46.414+0800][4.541s][info][gc,heap     ] GC(3) Archive regions: 0->0
[2026-03-19T14:50:46.414+0800][4.541s][info][gc,heap     ] GC(3) Humongous regions: 52->2
[2026-03-19T14:50:46.414+0800][4.541s][info][gc,metaspace] GC(3) Metaspace: 5961K(6144K)->5961K(6144K) NonClass: 5298K(5376K)->5298K(5376K) Class: 662K(768K)->662K(768K)
[2026-03-19T14:50:46.415+0800][4.541s][info][gc          ] GC(3) Pause Young (Concurrent Start) (G1 Humongous Allocation) 80M->9M(128M) 2.684ms
[2026-03-19T14:50:46.415+0800][4.541s][info][gc,cpu      ] GC(3) User=0.00s Sys=0.00s Real=0.00s
[2026-03-19T14:50:46.415+0800][4.542s][info][gc          ] GC(4) Concurrent Undo Cycle
[2026-03-19T14:50:46.415+0800][4.542s][info][gc,marking  ] GC(4) Concurrent Cleanup for Next Mark
[2026-03-19T14:50:46.416+0800][4.542s][info][gc,marking  ] GC(4) Concurrent Cleanup for Next Mark 0.603ms
[2026-03-19T14:50:46.416+0800][4.542s][info][gc          ] GC(4) Concurrent Undo Cycle 0.862ms
[2026-03-19T14:50:48.077+0800][6.204s][info][gc,start    ] GC(5) Pause Young (Concurrent Start) (G1 Humongous Allocation)
[2026-03-19T14:50:48.077+0800][6.204s][info][gc,task     ] GC(5) Using 3 workers of 13 for evacuation
[2026-03-19T14:50:48.078+0800][6.205s][info][gc,phases   ] GC(5)   Pre Evacuate Collection Set: 0.1ms
[2026-03-19T14:50:48.078+0800][6.205s][info][gc,phases   ] GC(5)   Merge Heap Roots: 0.1ms
[2026-03-19T14:50:48.078+0800][6.205s][info][gc,phases   ] GC(5)   Evacuate Collection Set: 0.6ms
[2026-03-19T14:50:48.078+0800][6.205s][info][gc,phases   ] GC(5)   Post Evacuate Collection Set: 0.4ms
[2026-03-19T14:50:48.078+0800][6.206s][info][gc,phases   ] GC(5)   Other: 0.4ms
[2026-03-19T14:50:48.078+0800][6.206s][info][gc,heap     ] GC(5) Eden regions: 22->0(67)
[2026-03-19T14:50:48.078+0800][6.206s][info][gc,heap     ] GC(5) Survivor regions: 2->2(8)
[2026-03-19T14:50:48.078+0800][6.206s][info][gc,heap     ] GC(5) Old regions: 6->6
[2026-03-19T14:50:48.079+0800][6.206s][info][gc,heap     ] GC(5) Archive regions: 0->0
[2026-03-19T14:50:48.079+0800][6.206s][info][gc,heap     ] GC(5) Humongous regions: 52->2
[2026-03-19T14:50:48.079+0800][6.206s][info][gc,metaspace] GC(5) Metaspace: 5995K(6208K)->5995K(6208K) NonClass: 5332K(5440K)->5332K(5440K) Class: 663K(768K)->663K(768K)
[2026-03-19T14:50:48.079+0800][6.206s][info][gc          ] GC(5) Pause Young (Concurrent Start) (G1 Humongous Allocation) 80M->9M(128M) 2.445ms
[2026-03-19T14:50:48.079+0800][6.206s][info][gc,cpu      ] GC(5) User=0.00s Sys=0.00s Real=0.00s
[2026-03-19T14:50:48.079+0800][6.206s][info][gc          ] GC(6) Concurrent Undo Cycle
[2026-03-19T14:50:48.079+0800][6.206s][info][gc,marking  ] GC(6) Concurrent Cleanup for Next Mark
[2026-03-19T14:50:48.080+0800][6.207s][info][gc,marking  ] GC(6) Concurrent Cleanup for Next Mark 0.596ms
[2026-03-19T14:50:48.080+0800][6.207s][info][gc          ] GC(6) Concurrent Undo Cycle 0.834ms
[2026-03-19T14:50:49.663+0800][7.790s][info][gc,start    ] GC(7) Pause Young (Concurrent Start) (G1 Humongous Allocation)
[2026-03-19T14:50:49.663+0800][7.790s][info][gc,task     ] GC(7) Using 3 workers of 13 for evacuation
[2026-03-19T14:50:49.664+0800][7.792s][info][gc,phases   ] GC(7)   Pre Evacuate Collection Set: 0.1ms
[2026-03-19T14:50:49.665+0800][7.792s][info][gc,phases   ] GC(7)   Merge Heap Roots: 0.1ms
[2026-03-19T14:50:49.665+0800][7.792s][info][gc,phases   ] GC(7)   Evacuate Collection Set: 0.6ms
[2026-03-19T14:50:49.665+0800][7.792s][info][gc,phases   ] GC(7)   Post Evacuate Collection Set: 0.5ms
[2026-03-19T14:50:49.665+0800][7.792s][info][gc,phases   ] GC(7)   Other: 0.4ms
[2026-03-19T14:50:49.665+0800][7.792s][info][gc,heap     ] GC(7) Eden regions: 21->0(72)
[2026-03-19T14:50:49.665+0800][7.792s][info][gc,heap     ] GC(7) Survivor regions: 2->2(9)
[2026-03-19T14:50:49.665+0800][7.792s][info][gc,heap     ] GC(7) Old regions: 6->6
[2026-03-19T14:50:49.665+0800][7.792s][info][gc,heap     ] GC(7) Archive regions: 0->0
[2026-03-19T14:50:49.665+0800][7.793s][info][gc,heap     ] GC(7) Humongous regions: 52->2
[2026-03-19T14:50:49.665+0800][7.793s][info][gc,metaspace] GC(7) Metaspace: 6011K(6208K)->6011K(6208K) NonClass: 5347K(5440K)->5347K(5440K) Class: 664K(768K)->664K(768K)
[2026-03-19T14:50:49.665+0800][7.793s][info][gc          ] GC(7) Pause Young (Concurrent Start) (G1 Humongous Allocation) 79M->9M(128M) 2.749ms
[2026-03-19T14:50:49.665+0800][7.793s][info][gc,cpu      ] GC(7) User=0.00s Sys=0.00s Real=0.00s
[2026-03-19T14:50:49.665+0800][7.793s][info][gc          ] GC(8) Concurrent Undo Cycle
[2026-03-19T14:50:49.665+0800][7.793s][info][gc,marking  ] GC(8) Concurrent Cleanup for Next Mark
[2026-03-19T14:50:49.667+0800][7.794s][info][gc,marking  ] GC(8) Concurrent Cleanup for Next Mark 0.699ms
[2026-03-19T14:50:49.667+0800][7.794s][info][gc          ] GC(8) Concurrent Undo Cycle 1.036ms
[2026-03-19T14:50:51.241+0800][9.368s][info][gc,start    ] GC(9) Pause Young (Concurrent Start) (G1 Humongous Allocation)
[2026-03-19T14:50:51.242+0800][9.368s][info][gc,task     ] GC(9) Using 3 workers of 13 for evacuation
[2026-03-19T14:50:51.243+0800][9.370s][info][gc,phases   ] GC(9)   Pre Evacuate Collection Set: 0.2ms
[2026-03-19T14:50:51.243+0800][9.370s][info][gc,phases   ] GC(9)   Merge Heap Roots: 0.1ms
[2026-03-19T14:50:51.243+0800][9.370s][info][gc,phases   ] GC(9)   Evacuate Collection Set: 0.5ms
[2026-03-19T14:50:51.243+0800][9.370s][info][gc,phases   ] GC(9)   Post Evacuate Collection Set: 0.6ms
[2026-03-19T14:50:51.243+0800][9.370s][info][gc,phases   ] GC(9)   Other: 0.3ms
[2026-03-19T14:50:51.244+0800][9.370s][info][gc,heap     ] GC(9) Eden regions: 21->0(74)
[2026-03-19T14:50:51.244+0800][9.370s][info][gc,heap     ] GC(9) Survivor regions: 2->2(10)
[2026-03-19T14:50:51.244+0800][9.370s][info][gc,heap     ] GC(9) Old regions: 6->6
[2026-03-19T14:50:51.244+0800][9.370s][info][gc,heap     ] GC(9) Archive regions: 0->0
[2026-03-19T14:50:51.244+0800][9.370s][info][gc,heap     ] GC(9) Humongous regions: 52->2
[2026-03-19T14:50:51.244+0800][9.371s][info][gc,metaspace] GC(9) Metaspace: 6028K(6208K)->6028K(6208K) NonClass: 5363K(5440K)->5363K(5440K) Class: 664K(768K)->664K(768K)
[2026-03-19T14:50:51.244+0800][9.371s][info][gc          ] GC(9) Pause Young (Concurrent Start) (G1 Humongous Allocation) 80M->9M(128M) 2.394ms
[2026-03-19T14:50:51.244+0800][9.371s][info][gc,cpu      ] GC(9) User=0.00s Sys=0.00s Real=0.00s
[2026-03-19T14:50:51.244+0800][9.371s][info][gc          ] GC(10) Concurrent Undo Cycle
[2026-03-19T14:50:51.244+0800][9.371s][info][gc,marking  ] GC(10) Concurrent Cleanup for Next Mark
[2026-03-19T14:50:51.245+0800][9.372s][info][gc,marking  ] GC(10) Concurrent Cleanup for Next Mark 0.586ms
[2026-03-19T14:50:51.245+0800][9.372s][info][gc          ] GC(10) Concurrent Undo Cycle 0.829ms
[2026-03-19T14:50:52.798+0800][10.925s][info][gc,start    ] GC(11) Pause Young (Concurrent Start) (G1 Humongous Allocation)
[2026-03-19T14:50:52.798+0800][10.925s][info][gc,task     ] GC(11) Using 3 workers of 13 for evacuation
[2026-03-19T14:50:52.800+0800][10.927s][info][gc,phases   ] GC(11)   Pre Evacuate Collection Set: 0.2ms
[2026-03-19T14:50:52.800+0800][10.927s][info][gc,phases   ] GC(11)   Merge Heap Roots: 0.2ms
[2026-03-19T14:50:52.800+0800][10.927s][info][gc,phases   ] GC(11)   Evacuate Collection Set: 0.7ms
[2026-03-19T14:50:52.800+0800][10.927s][info][gc,phases   ] GC(11)   Post Evacuate Collection Set: 0.9ms
[2026-03-19T14:50:52.801+0800][10.928s][info][gc,phases   ] GC(11)   Other: 0.4ms
[2026-03-19T14:50:52.801+0800][10.928s][info][gc,heap     ] GC(11) Eden regions: 21->0(74)
[2026-03-19T14:50:52.801+0800][10.928s][info][gc,heap     ] GC(11) Survivor regions: 2->2(10)
[2026-03-19T14:50:52.801+0800][10.928s][info][gc,heap     ] GC(11) Old regions: 6->6
[2026-03-19T14:50:52.801+0800][10.928s][info][gc,heap     ] GC(11) Archive regions: 0->0
[2026-03-19T14:50:52.801+0800][10.928s][info][gc,heap     ] GC(11) Humongous regions: 52->2
[2026-03-19T14:50:52.801+0800][10.928s][info][gc,metaspace] GC(11) Metaspace: 6033K(6208K)->6033K(6208K) NonClass: 5369K(5440K)->5369K(5440K) Class: 664K(768K)->664K(768K)
[2026-03-19T14:50:52.801+0800][10.928s][info][gc          ] GC(11) Pause Young (Concurrent Start) (G1 Humongous Allocation) 80M->9M(128M) 3.336ms
[2026-03-19T14:50:52.801+0800][10.928s][info][gc,cpu      ] GC(11) User=0.00s Sys=0.00s Real=0.00s
[2026-03-19T14:50:52.801+0800][10.928s][info][gc          ] GC(12) Concurrent Undo Cycle
[2026-03-19T14:50:52.801+0800][10.928s][info][gc,marking  ] GC(12) Concurrent Cleanup for Next Mark
[2026-03-19T14:50:52.802+0800][10.929s][info][gc,marking  ] GC(12) Concurrent Cleanup for Next Mark 0.540ms
[2026-03-19T14:50:52.802+0800][10.929s][info][gc          ] GC(12) Concurrent Undo Cycle 0.760ms
[2026-03-19T14:50:54.363+0800][12.490s][info][gc,start    ] GC(13) Pause Young (Concurrent Start) (G1 Humongous Allocation)
[2026-03-19T14:50:54.363+0800][12.490s][info][gc,task     ] GC(13) Using 3 workers of 13 for evacuation
[2026-03-19T14:50:54.364+0800][12.491s][info][gc,phases   ] GC(13)   Pre Evacuate Collection Set: 0.1ms
[2026-03-19T14:50:54.365+0800][12.491s][info][gc,phases   ] GC(13)   Merge Heap Roots: 0.1ms
[2026-03-19T14:50:54.365+0800][12.491s][info][gc,phases   ] GC(13)   Evacuate Collection Set: 0.7ms
[2026-03-19T14:50:54.365+0800][12.492s][info][gc,phases   ] GC(13)   Post Evacuate Collection Set: 0.4ms
[2026-03-19T14:50:54.365+0800][12.492s][info][gc,phases   ] GC(13)   Other: 0.4ms
[2026-03-19T14:50:54.365+0800][12.492s][info][gc,heap     ] GC(13) Eden regions: 21->0(74)
[2026-03-19T14:50:54.365+0800][12.492s][info][gc,heap     ] GC(13) Survivor regions: 2->2(10)
[2026-03-19T14:50:54.365+0800][12.492s][info][gc,heap     ] GC(13) Old regions: 6->6
[2026-03-19T14:50:54.365+0800][12.492s][info][gc,heap     ] GC(13) Archive regions: 0->0
[2026-03-19T14:50:54.365+0800][12.492s][info][gc,heap     ] GC(13) Humongous regions: 52->2
[2026-03-19T14:50:54.365+0800][12.492s][info][gc,metaspace] GC(13) Metaspace: 6063K(6336K)->6063K(6336K) NonClass: 5396K(5568K)->5396K(5568K) Class: 667K(768K)->667K(768K)
[2026-03-19T14:50:54.366+0800][12.492s][info][gc          ] GC(13) Pause Young (Concurrent Start) (G1 Humongous Allocation) 80M->9M(128M) 2.852ms
[2026-03-19T14:50:54.366+0800][12.492s][info][gc,cpu      ] GC(13) User=0.00s Sys=0.00s Real=0.00s
[2026-03-19T14:50:54.366+0800][12.493s][info][gc          ] GC(14) Concurrent Undo Cycle
[2026-03-19T14:50:54.366+0800][12.493s][info][gc,marking  ] GC(14) Concurrent Cleanup for Next Mark
[2026-03-19T14:50:54.367+0800][12.493s][info][gc,marking  ] GC(14) Concurrent Cleanup for Next Mark 0.632ms
[2026-03-19T14:50:54.367+0800][12.494s][info][gc          ] GC(14) Concurrent Undo Cycle 0.960ms
[2026-03-19T14:50:55.938+0800][14.065s][info][gc,start    ] GC(15) Pause Young (Concurrent Start) (G1 Humongous Allocation)
[2026-03-19T14:50:55.938+0800][14.066s][info][gc,task     ] GC(15) Using 3 workers of 13 for evacuation
[2026-03-19T14:50:55.945+0800][14.072s][info][gc,phases   ] GC(15)   Pre Evacuate Collection Set: 0.3ms
[2026-03-19T14:50:55.945+0800][14.072s][info][gc,phases   ] GC(15)   Merge Heap Roots: 0.2ms
[2026-03-19T14:50:55.945+0800][14.072s][info][gc,phases   ] GC(15)   Evacuate Collection Set: 3.9ms
[2026-03-19T14:50:55.945+0800][14.073s][info][gc,phases   ] GC(15)   Post Evacuate Collection Set: 2.1ms
[2026-03-19T14:50:55.945+0800][14.073s][info][gc,phases   ] GC(15)   Other: 0.4ms
[2026-03-19T14:50:55.945+0800][14.073s][info][gc,heap     ] GC(15) Eden regions: 30->0(73)
[2026-03-19T14:50:55.945+0800][14.073s][info][gc,heap     ] GC(15) Survivor regions: 2->3(10)
[2026-03-19T14:50:55.945+0800][14.073s][info][gc,heap     ] GC(15) Old regions: 6->6
[2026-03-19T14:50:55.945+0800][14.073s][info][gc,heap     ] GC(15) Archive regions: 0->0
[2026-03-19T14:50:55.945+0800][14.073s][info][gc,heap     ] GC(15) Humongous regions: 50->2
[2026-03-19T14:50:55.945+0800][14.073s][info][gc,metaspace] GC(15) Metaspace: 9523K(9792K)->9523K(9792K) NonClass: 8421K(8576K)->8421K(8576K) Class: 1102K(1216K)->1102K(1216K)
[2026-03-19T14:50:55.945+0800][14.073s][info][gc          ] GC(15) Pause Young (Concurrent Start) (G1 Humongous Allocation) 86M->10M(128M) 7.853ms
[2026-03-19T14:50:55.945+0800][14.073s][info][gc,cpu      ] GC(15) User=0.00s Sys=0.00s Real=0.01s
[2026-03-19T14:50:55.947+0800][14.074s][info][gc          ] GC(16) Concurrent Undo Cycle
[2026-03-19T14:50:55.947+0800][14.074s][info][gc,marking  ] GC(16) Concurrent Cleanup for Next Mark
[2026-03-19T14:50:55.948+0800][14.074s][info][gc,marking  ] GC(16) Concurrent Cleanup for Next Mark 0.748ms
[2026-03-19T14:50:55.948+0800][14.075s][info][gc          ] GC(16) Concurrent Undo Cycle 1.179ms
[2026-03-19T14:50:57.511+0800][15.638s][info][gc,start    ] GC(17) Pause Young (Concurrent Start) (G1 Humongous Allocation)
[2026-03-19T14:50:57.512+0800][15.638s][info][gc,task     ] GC(17) Using 3 workers of 13 for evacuation
[2026-03-19T14:50:57.519+0800][15.646s][info][gc,phases   ] GC(17)   Pre Evacuate Collection Set: 0.1ms
[2026-03-19T14:50:57.519+0800][15.646s][info][gc,phases   ] GC(17)   Merge Heap Roots: 0.1ms
[2026-03-19T14:50:57.519+0800][15.646s][info][gc,phases   ] GC(17)   Evacuate Collection Set: 5.4ms
[2026-03-19T14:50:57.519+0800][15.646s][info][gc,phases   ] GC(17)   Post Evacuate Collection Set: 1.6ms
[2026-03-19T14:50:57.519+0800][15.646s][info][gc,phases   ] GC(17)   Other: 0.3ms
[2026-03-19T14:50:57.519+0800][15.646s][info][gc,heap     ] GC(17) Eden regions: 31->0(71)
[2026-03-19T14:50:57.519+0800][15.646s][info][gc,heap     ] GC(17) Survivor regions: 3->5(10)
[2026-03-19T14:50:57.520+0800][15.646s][info][gc,heap     ] GC(17) Old regions: 6->6
[2026-03-19T14:50:57.520+0800][15.646s][info][gc,heap     ] GC(17) Archive regions: 0->0
[2026-03-19T14:50:57.520+0800][15.646s][info][gc,heap     ] GC(17) Humongous regions: 51->1
[2026-03-19T14:50:57.520+0800][15.646s][info][gc,metaspace] GC(17) Metaspace: 13697K(14016K)->13697K(14016K) NonClass: 12129K(12288K)->12129K(12288K) Class: 1567K(1728K)->1567K(1728K)
[2026-03-19T14:50:57.520+0800][15.646s][info][gc          ] GC(17) Pause Young (Concurrent Start) (G1 Humongous Allocation) 89M->11M(128M) 8.373ms
[2026-03-19T14:50:57.520+0800][15.647s][info][gc,cpu      ] GC(17) User=0.05s Sys=0.00s Real=0.01s
[2026-03-19T14:50:57.520+0800][15.647s][info][gc          ] GC(18) Concurrent Undo Cycle
[2026-03-19T14:50:57.520+0800][15.647s][info][gc,marking  ] GC(18) Concurrent Cleanup for Next Mark
[2026-03-19T14:50:57.521+0800][15.647s][info][gc,marking  ] GC(18) Concurrent Cleanup for Next Mark 0.379ms
[2026-03-19T14:50:57.521+0800][15.647s][info][gc          ] GC(18) Concurrent Undo Cycle 0.577ms
[2026-03-19T14:50:59.089+0800][17.216s][info][gc,start    ] GC(19) Pause Young (Concurrent Start) (G1 Humongous Allocation)
[2026-03-19T14:50:59.089+0800][17.216s][info][gc,task     ] GC(19) Using 3 workers of 13 for evacuation
[2026-03-19T14:50:59.095+0800][17.223s][info][gc,phases   ] GC(19)   Pre Evacuate Collection Set: 0.2ms
[2026-03-19T14:50:59.095+0800][17.223s][info][gc,phases   ] GC(19)   Merge Heap Roots: 0.2ms
[2026-03-19T14:50:59.095+0800][17.223s][info][gc,phases   ] GC(19)   Evacuate Collection Set: 5.3ms
[2026-03-19T14:50:59.095+0800][17.223s][info][gc,phases   ] GC(19)   Post Evacuate Collection Set: 1.0ms
[2026-03-19T14:50:59.097+0800][17.223s][info][gc,phases   ] GC(19)   Other: 0.4ms
[2026-03-19T14:50:59.097+0800][17.223s][info][gc,heap     ] GC(19) Eden regions: 26->0(70)
[2026-03-19T14:50:59.097+0800][17.223s][info][gc,heap     ] GC(19) Survivor regions: 5->6(10)
[2026-03-19T14:50:59.097+0800][17.223s][info][gc,heap     ] GC(19) Old regions: 6->6
[2026-03-19T14:50:59.097+0800][17.224s][info][gc,heap     ] GC(19) Archive regions: 0->0
[2026-03-19T14:50:59.097+0800][17.224s][info][gc,heap     ] GC(19) Humongous regions: 51->1
[2026-03-19T14:50:59.097+0800][17.224s][info][gc,metaspace] GC(19) Metaspace: 16046K(16320K)->16046K(16320K) NonClass: 14191K(14336K)->14191K(14336K) Class: 1855K(1984K)->1855K(1984K)
[2026-03-19T14:50:59.097+0800][17.224s][info][gc          ] GC(19) Pause Young (Concurrent Start) (G1 Humongous Allocation) 87M->12M(128M) 8.060ms
[2026-03-19T14:50:59.097+0800][17.224s][info][gc,cpu      ] GC(19) User=0.02s Sys=0.03s Real=0.01s
[2026-03-19T14:50:59.097+0800][17.224s][info][gc          ] GC(20) Concurrent Undo Cycle
[2026-03-19T14:50:59.098+0800][17.224s][info][gc,marking  ] GC(20) Concurrent Cleanup for Next Mark
[2026-03-19T14:50:59.098+0800][17.225s][info][gc,marking  ] GC(20) Concurrent Cleanup for Next Mark 0.716ms
[2026-03-19T14:50:59.098+0800][17.225s][info][gc          ] GC(20) Concurrent Undo Cycle 1.056ms
[2026-03-19T14:51:00.665+0800][18.793s][info][gc,start    ] GC(21) Pause Young (Concurrent Start) (G1 Humongous Allocation)
[2026-03-19T14:51:00.665+0800][18.793s][info][gc,task     ] GC(21) Using 3 workers of 13 for evacuation
[2026-03-19T14:51:00.673+0800][18.800s][info][gc,phases   ] GC(21)   Pre Evacuate Collection Set: 0.3ms
[2026-03-19T14:51:00.674+0800][18.801s][info][gc,phases   ] GC(21)   Merge Heap Roots: 0.3ms
[2026-03-19T14:51:00.674+0800][18.801s][info][gc,phases   ] GC(21)   Evacuate Collection Set: 5.4ms
[2026-03-19T14:51:00.674+0800][18.801s][info][gc,phases   ] GC(21)   Post Evacuate Collection Set: 1.0ms
[2026-03-19T14:51:00.674+0800][18.801s][info][gc,phases   ] GC(21)   Other: 0.5ms
[2026-03-19T14:51:00.674+0800][18.801s][info][gc,heap     ] GC(21) Eden regions: 22->0(71)
[2026-03-19T14:51:00.674+0800][18.801s][info][gc,heap     ] GC(21) Survivor regions: 6->5(10)
[2026-03-19T14:51:00.674+0800][18.801s][info][gc,heap     ] GC(21) Old regions: 6->8
[2026-03-19T14:51:00.674+0800][18.801s][info][gc,heap     ] GC(21) Archive regions: 0->0
[2026-03-19T14:51:00.674+0800][18.801s][info][gc,heap     ] GC(21) Humongous regions: 51->1
[2026-03-19T14:51:00.674+0800][18.801s][info][gc,metaspace] GC(21) Metaspace: 16223K(16448K)->16223K(16448K) NonClass: 14349K(14464K)->14349K(14464K) Class: 1874K(1984K)->1874K(1984K)
[2026-03-19T14:51:00.674+0800][18.801s][info][gc          ] GC(21) Pause Young (Concurrent Start) (G1 Humongous Allocation) 84M->12M(128M) 8.388ms
[2026-03-19T14:51:00.674+0800][18.801s][info][gc,cpu      ] GC(21) User=0.02s Sys=0.03s Real=0.01s
[2026-03-19T14:51:00.675+0800][18.802s][info][gc          ] GC(22) Concurrent Undo Cycle
[2026-03-19T14:51:00.675+0800][18.802s][info][gc,marking  ] GC(22) Concurrent Cleanup for Next Mark
[2026-03-19T14:51:00.675+0800][18.802s][info][gc,marking  ] GC(22) Concurrent Cleanup for Next Mark 0.573ms
[2026-03-19T14:51:00.675+0800][18.802s][info][gc          ] GC(22) Concurrent Undo Cycle 0.941ms
[2026-03-19T14:51:01.932+0800][20.058s][info][gc,start    ] GC(23) Pause Young (Concurrent Start) (G1 Humongous Allocation)
[2026-03-19T14:51:01.932+0800][20.059s][info][gc,task     ] GC(23) Using 3 workers of 13 for evacuation
[2026-03-19T14:51:01.937+0800][20.064s][info][gc,phases   ] GC(23)   Pre Evacuate Collection Set: 0.2ms
[2026-03-19T14:51:01.937+0800][20.064s][info][gc,phases   ] GC(23)   Merge Heap Roots: 0.1ms
[2026-03-19T14:51:01.937+0800][20.064s][info][gc,phases   ] GC(23)   Evacuate Collection Set: 3.4ms
[2026-03-19T14:51:01.937+0800][20.064s][info][gc,phases   ] GC(23)   Post Evacuate Collection Set: 1.1ms
[2026-03-19T14:51:01.937+0800][20.064s][info][gc,phases   ] GC(23)   Other: 0.3ms
[2026-03-19T14:51:01.937+0800][20.064s][info][gc,heap     ] GC(23) Eden regions: 25->0(71)
[2026-03-19T14:51:01.937+0800][20.064s][info][gc,heap     ] GC(23) Survivor regions: 5->5(10)
[2026-03-19T14:51:01.937+0800][20.064s][info][gc,heap     ] GC(23) Old regions: 8->8
[2026-03-19T14:51:01.937+0800][20.064s][info][gc,heap     ] GC(23) Archive regions: 0->0
[2026-03-19T14:51:01.937+0800][20.064s][info][gc,heap     ] GC(23) Humongous regions: 49->5
[2026-03-19T14:51:01.937+0800][20.064s][info][gc,metaspace] GC(23) Metaspace: 18489K(18816K)->18489K(18816K) NonClass: 16350K(16512K)->16350K(16512K) Class: 2138K(2304K)->2138K(2304K)
[2026-03-19T14:51:01.937+0800][20.064s][info][gc          ] GC(23) Pause Young (Concurrent Start) (G1 Humongous Allocation) 85M->16M(128M) 5.510ms
[2026-03-19T14:51:01.937+0800][20.064s][info][gc,cpu      ] GC(23) User=0.00s Sys=0.00s Real=0.01s
[2026-03-19T14:51:01.937+0800][20.064s][info][gc          ] GC(24) Concurrent Undo Cycle
[2026-03-19T14:51:01.937+0800][20.064s][info][gc,marking  ] GC(24) Concurrent Cleanup for Next Mark
[2026-03-19T14:51:01.938+0800][20.065s][info][gc,marking  ] GC(24) Concurrent Cleanup for Next Mark 0.614ms
[2026-03-19T14:51:01.938+0800][20.065s][info][gc          ] GC(24) Concurrent Undo Cycle 0.781ms
[2026-03-19T14:51:03.503+0800][21.630s][info][gc,start    ] GC(25) Pause Young (Concurrent Start) (G1 Humongous Allocation)
[2026-03-19T14:51:03.504+0800][21.630s][info][gc,task     ] GC(25) Using 3 workers of 13 for evacuation
[2026-03-19T14:51:03.508+0800][21.635s][info][gc,phases   ] GC(25)   Pre Evacuate Collection Set: 0.1ms
[2026-03-19T14:51:03.508+0800][21.635s][info][gc,phases   ] GC(25)   Merge Heap Roots: 0.1ms
[2026-03-19T14:51:03.509+0800][21.636s][info][gc,phases   ] GC(25)   Evacuate Collection Set: 4.1ms
[2026-03-19T14:51:03.509+0800][21.636s][info][gc,phases   ] GC(25)   Post Evacuate Collection Set: 0.7ms
[2026-03-19T14:51:03.509+0800][21.636s][info][gc,phases   ] GC(25)   Other: 0.4ms
[2026-03-19T14:51:03.509+0800][21.636s][info][gc,heap     ] GC(25) Eden regions: 25->0(69)
[2026-03-19T14:51:03.509+0800][21.636s][info][gc,heap     ] GC(25) Survivor regions: 5->6(10)
[2026-03-19T14:51:03.509+0800][21.636s][info][gc,heap     ] GC(25) Old regions: 8->8
[2026-03-19T14:51:03.509+0800][21.636s][info][gc,heap     ] GC(25) Archive regions: 0->0
[2026-03-19T14:51:03.509+0800][21.636s][info][gc,heap     ] GC(25) Humongous regions: 48->2
[2026-03-19T14:51:03.509+0800][21.636s][info][gc,metaspace] GC(25) Metaspace: 19491K(19776K)->19491K(19776K) NonClass: 17238K(17408K)->17238K(17408K) Class: 2252K(2368K)->2252K(2368K)
[2026-03-19T14:51:03.509+0800][21.636s][info][gc          ] GC(25) Pause Young (Concurrent Start) (G1 Humongous Allocation) 84M->14M(128M) 6.424ms
[2026-03-19T14:51:03.509+0800][21.636s][info][gc,cpu      ] GC(25) User=0.00s Sys=0.00s Real=0.01s
[2026-03-19T14:51:03.510+0800][21.637s][info][gc          ] GC(26) Concurrent Undo Cycle
[2026-03-19T14:51:03.510+0800][21.637s][info][gc,marking  ] GC(26) Concurrent Cleanup for Next Mark
[2026-03-19T14:51:03.510+0800][21.637s][info][gc,marking  ] GC(26) Concurrent Cleanup for Next Mark 0.624ms
[2026-03-19T14:51:03.510+0800][21.637s][info][gc          ] GC(26) Concurrent Undo Cycle 0.899ms
[2026-03-19T14:51:04.768+0800][22.894s][info][gc,start    ] GC(27) Pause Young (Concurrent Start) (G1 Humongous Allocation)
[2026-03-19T14:51:04.768+0800][22.895s][info][gc,task     ] GC(27) Using 3 workers of 13 for evacuation
[2026-03-19T14:51:04.777+0800][22.904s][info][gc,phases   ] GC(27)   Pre Evacuate Collection Set: 0.3ms
[2026-03-19T14:51:04.777+0800][22.904s][info][gc,phases   ] GC(27)   Merge Heap Roots: 0.2ms
[2026-03-19T14:51:04.777+0800][22.904s][info][gc,phases   ] GC(27)   Evacuate Collection Set: 7.5ms
[2026-03-19T14:51:04.777+0800][22.904s][info][gc,phases   ] GC(27)   Post Evacuate Collection Set: 0.8ms
[2026-03-19T14:51:04.777+0800][22.904s][info][gc,phases   ] GC(27)   Other: 0.4ms
[2026-03-19T14:51:04.777+0800][22.904s][info][gc,heap     ] GC(27) Eden regions: 27->0(60)
[2026-03-19T14:51:04.777+0800][22.904s][info][gc,heap     ] GC(27) Survivor regions: 6->10(10)
[2026-03-19T14:51:04.777+0800][22.904s][info][gc,heap     ] GC(27) Old regions: 8->10
[2026-03-19T14:51:04.777+0800][22.904s][info][gc,heap     ] GC(27) Archive regions: 0->0
[2026-03-19T14:51:04.777+0800][22.904s][info][gc,heap     ] GC(27) Humongous regions: 49->9
[2026-03-19T14:51:04.777+0800][22.904s][info][gc,metaspace] GC(27) Metaspace: 20844K(21120K)->20844K(21120K) NonClass: 18421K(18560K)->18421K(18560K) Class: 2423K(2560K)->2423K(2560K)
[2026-03-19T14:51:04.777+0800][22.904s][info][gc          ] GC(27) Pause Young (Concurrent Start) (G1 Humongous Allocation) 88M->28M(128M) 9.967ms
[2026-03-19T14:51:04.777+0800][22.904s][info][gc,cpu      ] GC(27) User=0.00s Sys=0.00s Real=0.01s
[2026-03-19T14:51:04.778+0800][22.905s][info][gc          ] GC(28) Concurrent Undo Cycle
[2026-03-19T14:51:04.778+0800][22.905s][info][gc,marking  ] GC(28) Concurrent Cleanup for Next Mark
[2026-03-19T14:51:04.778+0800][22.905s][info][gc,marking  ] GC(28) Concurrent Cleanup for Next Mark 0.610ms
[2026-03-19T14:51:04.779+0800][22.906s][info][gc          ] GC(28) Concurrent Undo Cycle 1.036ms
[2026-03-19T14:51:05.667+0800][23.794s][info][gc,start    ] GC(29) Pause Young (Concurrent Start) (Metadata GC Threshold)
[2026-03-19T14:51:05.668+0800][23.795s][info][gc,task     ] GC(29) Using 3 workers of 13 for evacuation
[2026-03-19T14:51:05.674+0800][23.801s][info][gc,phases   ] GC(29)   Pre Evacuate Collection Set: 0.2ms
[2026-03-19T14:51:05.674+0800][23.801s][info][gc,phases   ] GC(29)   Merge Heap Roots: 0.1ms
[2026-03-19T14:51:05.674+0800][23.801s][info][gc,phases   ] GC(29)   Evacuate Collection Set: 4.6ms
[2026-03-19T14:51:05.674+0800][23.802s][info][gc,phases   ] GC(29)   Post Evacuate Collection Set: 1.3ms
[2026-03-19T14:51:05.674+0800][23.802s][info][gc,phases   ] GC(29)   Other: 0.5ms
[2026-03-19T14:51:05.674+0800][23.802s][info][gc,heap     ] GC(29) Eden regions: 12->0(62)
[2026-03-19T14:51:05.675+0800][23.802s][info][gc,heap     ] GC(29) Survivor regions: 10->2(9)
[2026-03-19T14:51:05.675+0800][23.802s][info][gc,heap     ] GC(29) Old regions: 10->18
[2026-03-19T14:51:05.675+0800][23.802s][info][gc,heap     ] GC(29) Archive regions: 0->0
[2026-03-19T14:51:05.675+0800][23.802s][info][gc,heap     ] GC(29) Humongous regions: 39->11
[2026-03-19T14:51:05.675+0800][23.802s][info][gc,metaspace] GC(29) Metaspace: 21249K(21504K)->21249K(21504K) NonClass: 18770K(18944K)->18770K(18944K) Class: 2478K(2560K)->2478K(2560K)
[2026-03-19T14:51:05.675+0800][23.802s][info][gc          ] GC(29) Pause Young (Concurrent Start) (Metadata GC Threshold) 69M->30M(128M) 7.759ms
[2026-03-19T14:51:05.675+0800][23.802s][info][gc,cpu      ] GC(29) User=0.05s Sys=0.00s Real=0.01s
[2026-03-19T14:51:05.675+0800][23.803s][info][gc          ] GC(30) Concurrent Mark Cycle
[2026-03-19T14:51:05.675+0800][23.803s][info][gc,marking  ] GC(30) Concurrent Clear Claimed Marks
[2026-03-19T14:51:05.675+0800][23.803s][info][gc,marking  ] GC(30) Concurrent Clear Claimed Marks 0.113ms
[2026-03-19T14:51:05.675+0800][23.803s][info][gc,marking  ] GC(30) Concurrent Scan Root Regions
[2026-03-19T14:51:05.680+0800][23.807s][info][gc,marking  ] GC(30) Concurrent Scan Root Regions 3.815ms
[2026-03-19T14:51:05.680+0800][23.807s][info][gc,marking  ] GC(30) Concurrent Mark
[2026-03-19T14:51:05.680+0800][23.807s][info][gc,marking  ] GC(30) Concurrent Mark From Roots
[2026-03-19T14:51:05.680+0800][23.807s][info][gc,task     ] GC(30) Using 3 workers of 3 for marking
[2026-03-19T14:51:05.688+0800][23.815s][info][gc,marking  ] GC(30) Concurrent Mark From Roots 7.710ms
[2026-03-19T14:51:05.688+0800][23.815s][info][gc,marking  ] GC(30) Concurrent Preclean
[2026-03-19T14:51:05.689+0800][23.815s][info][gc,marking  ] GC(30) Concurrent Preclean 0.238ms
[2026-03-19T14:51:05.689+0800][23.815s][info][gc,start    ] GC(30) Pause Remark
[2026-03-19T14:51:05.692+0800][23.818s][info][gc          ] GC(30) Pause Remark 30M->30M(128M) 2.902ms
[2026-03-19T14:51:05.692+0800][23.819s][info][gc,cpu      ] GC(30) User=0.00s Sys=0.00s Real=0.00s
[2026-03-19T14:51:05.692+0800][23.819s][info][gc,marking  ] GC(30) Concurrent Mark 11.956ms
[2026-03-19T14:51:05.692+0800][23.819s][info][gc,marking  ] GC(30) Concurrent Rebuild Remembered Sets
[2026-03-19T14:51:05.697+0800][23.824s][info][gc,marking  ] GC(30) Concurrent Rebuild Remembered Sets 5.342ms
[2026-03-19T14:51:05.698+0800][23.825s][info][gc,start    ] GC(30) Pause Cleanup
[2026-03-19T14:51:05.698+0800][23.825s][info][gc          ] GC(30) Pause Cleanup 30M->30M(128M) 0.240ms
[2026-03-19T14:51:05.698+0800][23.825s][info][gc,cpu      ] GC(30) User=0.00s Sys=0.00s Real=0.00s
[2026-03-19T14:51:05.698+0800][23.825s][info][gc,marking  ] GC(30) Concurrent Cleanup for Next Mark
[2026-03-19T14:51:05.700+0800][23.827s][info][gc,marking  ] GC(30) Concurrent Cleanup for Next Mark 1.673ms
[2026-03-19T14:51:05.700+0800][23.827s][info][gc          ] GC(30) Concurrent Mark Cycle 24.868ms
[2026-03-19T14:51:06.347+0800][24.474s][info][gc,start    ] GC(31) Pause Young (Concurrent Start) (G1 Humongous Allocation)
[2026-03-19T14:51:06.347+0800][24.474s][info][gc,task     ] GC(31) Using 3 workers of 13 for evacuation
[2026-03-19T14:51:06.350+0800][24.477s][info][gc,phases   ] GC(31)   Pre Evacuate Collection Set: 0.3ms
[2026-03-19T14:51:06.350+0800][24.477s][info][gc,phases   ] GC(31)   Merge Heap Roots: 0.2ms
[2026-03-19T14:51:06.350+0800][24.477s][info][gc,phases   ] GC(31)   Evacuate Collection Set: 1.0ms
[2026-03-19T14:51:06.350+0800][24.477s][info][gc,phases   ] GC(31)   Post Evacuate Collection Set: 1.4ms
[2026-03-19T14:51:06.350+0800][24.477s][info][gc,phases   ] GC(31)   Other: 0.4ms
[2026-03-19T14:51:06.350+0800][24.477s][info][gc,heap     ] GC(31) Eden regions: 15->0(63)
[2026-03-19T14:51:06.350+0800][24.477s][info][gc,heap     ] GC(31) Survivor regions: 2->2(8)
[2026-03-19T14:51:06.350+0800][24.477s][info][gc,heap     ] GC(31) Old regions: 18->18
[2026-03-19T14:51:06.350+0800][24.477s][info][gc,heap     ] GC(31) Archive regions: 0->0
[2026-03-19T14:51:06.350+0800][24.478s][info][gc,heap     ] GC(31) Humongous regions: 39->13
[2026-03-19T14:51:06.350+0800][24.478s][info][gc,metaspace] GC(31) Metaspace: 21631K(21888K)->21631K(21888K) NonClass: 19090K(19200K)->19090K(19200K) Class: 2541K(2688K)->2541K(2688K)
[2026-03-19T14:51:06.350+0800][24.478s][info][gc          ] GC(31) Pause Young (Concurrent Start) (G1 Humongous Allocation) 73M->31M(128M) 3.797ms
[2026-03-19T14:51:06.350+0800][24.478s][info][gc,cpu      ] GC(31) User=0.00s Sys=0.00s Real=0.00s
[2026-03-19T14:51:06.351+0800][24.478s][info][gc          ] GC(32) Concurrent Undo Cycle
[2026-03-19T14:51:06.351+0800][24.478s][info][gc,marking  ] GC(32) Concurrent Cleanup for Next Mark
[2026-03-19T14:51:06.351+0800][24.479s][info][gc,marking  ] GC(32) Concurrent Cleanup for Next Mark 0.463ms
[2026-03-19T14:51:06.352+0800][24.479s][info][gc          ] GC(32) Concurrent Undo Cycle 0.833ms
[2026-03-19T14:51:07.280+0800][25.407s][info][gc,start    ] GC(33) Pause Young (Concurrent Start) (G1 Humongous Allocation)
[2026-03-19T14:51:07.280+0800][25.407s][info][gc,task     ] GC(33) Using 3 workers of 13 for evacuation
[2026-03-19T14:51:07.283+0800][25.409s][info][gc,phases   ] GC(33)   Pre Evacuate Collection Set: 0.3ms
[2026-03-19T14:51:07.283+0800][25.409s][info][gc,phases   ] GC(33)   Merge Heap Roots: 0.2ms
[2026-03-19T14:51:07.283+0800][25.410s][info][gc,phases   ] GC(33)   Evacuate Collection Set: 0.9ms
[2026-03-19T14:51:07.283+0800][25.410s][info][gc,phases   ] GC(33)   Post Evacuate Collection Set: 0.8ms
[2026-03-19T14:51:07.283+0800][25.410s][info][gc,phases   ] GC(33)   Other: 0.4ms
[2026-03-19T14:51:07.283+0800][25.410s][info][gc,heap     ] GC(33) Eden regions: 14->0(67)
[2026-03-19T14:51:07.283+0800][25.410s][info][gc,heap     ] GC(33) Survivor regions: 2->2(9)
[2026-03-19T14:51:07.283+0800][25.410s][info][gc,heap     ] GC(33) Old regions: 18->18
[2026-03-19T14:51:07.283+0800][25.410s][info][gc,heap     ] GC(33) Archive regions: 0->0
[2026-03-19T14:51:07.283+0800][25.410s][info][gc,heap     ] GC(33) Humongous regions: 39->11
[2026-03-19T14:51:07.283+0800][25.410s][info][gc,metaspace] GC(33) Metaspace: 21669K(21952K)->21669K(21952K) NonClass: 19124K(19264K)->19124K(19264K) Class: 2544K(2688K)->2544K(2688K)
[2026-03-19T14:51:07.283+0800][25.410s][info][gc          ] GC(33) Pause Young (Concurrent Start) (G1 Humongous Allocation) 71M->29M(128M) 3.131ms
[2026-03-19T14:51:07.283+0800][25.410s][info][gc,cpu      ] GC(33) User=0.00s Sys=0.00s Real=0.00s
[2026-03-19T14:51:07.284+0800][25.410s][info][gc          ] GC(34) Concurrent Undo Cycle
[2026-03-19T14:51:07.284+0800][25.410s][info][gc,marking  ] GC(34) Concurrent Cleanup for Next Mark
[2026-03-19T14:51:07.284+0800][25.411s][info][gc,marking  ] GC(34) Concurrent Cleanup for Next Mark 0.460ms
[2026-03-19T14:51:07.284+0800][25.411s][info][gc          ] GC(34) Concurrent Undo Cycle 0.748ms
[2026-03-19T14:51:08.213+0800][26.340s][info][gc,start    ] GC(35) Pause Young (Concurrent Start) (G1 Humongous Allocation)
[2026-03-19T14:51:08.213+0800][26.340s][info][gc,task     ] GC(35) Using 3 workers of 13 for evacuation
[2026-03-19T14:51:08.215+0800][26.342s][info][gc,phases   ] GC(35)   Pre Evacuate Collection Set: 0.1ms
[2026-03-19T14:51:08.215+0800][26.342s][info][gc,phases   ] GC(35)   Merge Heap Roots: 0.1ms
[2026-03-19T14:51:08.215+0800][26.342s][info][gc,phases   ] GC(35)   Evacuate Collection Set: 0.8ms
[2026-03-19T14:51:08.215+0800][26.342s][info][gc,phases   ] GC(35)   Post Evacuate Collection Set: 0.6ms
[2026-03-19T14:51:08.215+0800][26.342s][info][gc,phases   ] GC(35)   Other: 0.4ms
[2026-03-19T14:51:08.216+0800][26.342s][info][gc,heap     ] GC(35) Eden regions: 13->0(70)
[2026-03-19T14:51:08.216+0800][26.342s][info][gc,heap     ] GC(35) Survivor regions: 2->2(9)
[2026-03-19T14:51:08.216+0800][26.342s][info][gc,heap     ] GC(35) Old regions: 18->18
[2026-03-19T14:51:08.216+0800][26.342s][info][gc,heap     ] GC(35) Archive regions: 0->0
[2026-03-19T14:51:08.216+0800][26.342s][info][gc,heap     ] GC(35) Humongous regions: 38->10
[2026-03-19T14:51:08.216+0800][26.342s][info][gc,metaspace] GC(35) Metaspace: 21676K(21952K)->21676K(21952K) NonClass: 19131K(19264K)->19131K(19264K) Class: 2544K(2688K)->2544K(2688K)
[2026-03-19T14:51:08.216+0800][26.342s][info][gc          ] GC(35) Pause Young (Concurrent Start) (G1 Humongous Allocation) 69M->28M(128M) 2.626ms
[2026-03-19T14:51:08.216+0800][26.342s][info][gc,cpu      ] GC(35) User=0.00s Sys=0.00s Real=0.00s
[2026-03-19T14:51:08.216+0800][26.343s][info][gc          ] GC(36) Concurrent Undo Cycle
[2026-03-19T14:51:08.216+0800][26.343s][info][gc,marking  ] GC(36) Concurrent Cleanup for Next Mark
[2026-03-19T14:51:08.217+0800][26.343s][info][gc,marking  ] GC(36) Concurrent Cleanup for Next Mark 0.409ms
[2026-03-19T14:51:08.217+0800][26.343s][info][gc          ] GC(36) Concurrent Undo Cycle 0.674ms
[2026-03-19T14:51:09.165+0800][27.292s][info][gc,start    ] GC(37) Pause Young (Concurrent Start) (G1 Humongous Allocation)
[2026-03-19T14:51:09.165+0800][27.292s][info][gc,task     ] GC(37) Using 3 workers of 13 for evacuation
[2026-03-19T14:51:09.168+0800][27.294s][info][gc,phases   ] GC(37)   Pre Evacuate Collection Set: 0.2ms
[2026-03-19T14:51:09.168+0800][27.295s][info][gc,phases   ] GC(37)   Merge Heap Roots: 0.1ms
[2026-03-19T14:51:09.168+0800][27.295s][info][gc,phases   ] GC(37)   Evacuate Collection Set: 1.0ms
[2026-03-19T14:51:09.168+0800][27.295s][info][gc,phases   ] GC(37)   Post Evacuate Collection Set: 0.6ms
[2026-03-19T14:51:09.168+0800][27.295s][info][gc,phases   ] GC(37)   Other: 0.4ms
[2026-03-19T14:51:09.168+0800][27.295s][info][gc,heap     ] GC(37) Eden regions: 13->0(73)
[2026-03-19T14:51:09.168+0800][27.295s][info][gc,heap     ] GC(37) Survivor regions: 2->2(9)
[2026-03-19T14:51:09.168+0800][27.295s][info][gc,heap     ] GC(37) Old regions: 18->18
[2026-03-19T14:51:09.168+0800][27.295s][info][gc,heap     ] GC(37) Archive regions: 0->0
[2026-03-19T14:51:09.168+0800][27.295s][info][gc,heap     ] GC(37) Humongous regions: 39->9
[2026-03-19T14:51:09.168+0800][27.295s][info][gc,metaspace] GC(37) Metaspace: 21677K(21952K)->21677K(21952K) NonClass: 19132K(19264K)->19132K(19264K) Class: 2544K(2688K)->2544K(2688K)
[2026-03-19T14:51:09.168+0800][27.295s][info][gc          ] GC(37) Pause Young (Concurrent Start) (G1 Humongous Allocation) 70M->28M(128M) 3.113ms
[2026-03-19T14:51:09.168+0800][27.295s][info][gc,cpu      ] GC(37) User=0.00s Sys=0.00s Real=0.00s
[2026-03-19T14:51:09.169+0800][27.295s][info][gc          ] GC(38) Concurrent Undo Cycle
[2026-03-19T14:51:09.169+0800][27.296s][info][gc,marking  ] GC(38) Concurrent Cleanup for Next Mark
[2026-03-19T14:51:09.169+0800][27.296s][info][gc,marking  ] GC(38) Concurrent Cleanup for Next Mark 0.402ms
[2026-03-19T14:51:09.169+0800][27.296s][info][gc          ] GC(38) Concurrent Undo Cycle 0.653ms
[2026-03-19T14:51:10.113+0800][28.241s][info][gc,start    ] GC(39) Pause Young (Concurrent Start) (G1 Humongous Allocation)
[2026-03-19T14:51:10.114+0800][28.241s][info][gc,task     ] GC(39) Using 3 workers of 13 for evacuation
[2026-03-19T14:51:10.117+0800][28.243s][info][gc,phases   ] GC(39)   Pre Evacuate Collection Set: 0.3ms
[2026-03-19T14:51:10.117+0800][28.243s][info][gc,phases   ] GC(39)   Merge Heap Roots: 0.1ms
[2026-03-19T14:51:10.117+0800][28.243s][info][gc,phases   ] GC(39)   Evacuate Collection Set: 0.9ms
[2026-03-19T14:51:10.117+0800][28.243s][info][gc,phases   ] GC(39)   Post Evacuate Collection Set: 0.8ms
[2026-03-19T14:51:10.117+0800][28.244s][info][gc,phases   ] GC(39)   Other: 0.4ms
[2026-03-19T14:51:10.117+0800][28.244s][info][gc,heap     ] GC(39) Eden regions: 14->0(74)
[2026-03-19T14:51:10.117+0800][28.244s][info][gc,heap     ] GC(39) Survivor regions: 2->2(10)
[2026-03-19T14:51:10.117+0800][28.244s][info][gc,heap     ] GC(39) Old regions: 18->18
[2026-03-19T14:51:10.117+0800][28.244s][info][gc,heap     ] GC(39) Archive regions: 0->0
[2026-03-19T14:51:10.117+0800][28.244s][info][gc,heap     ] GC(39) Humongous regions: 39->9
[2026-03-19T14:51:10.117+0800][28.244s][info][gc,metaspace] GC(39) Metaspace: 21685K(21952K)->21685K(21952K) NonClass: 19140K(19264K)->19140K(19264K) Class: 2544K(2688K)->2544K(2688K)
[2026-03-19T14:51:10.117+0800][28.244s][info][gc          ] GC(39) Pause Young (Concurrent Start) (G1 Humongous Allocation) 72M->28M(128M) 3.464ms
[2026-03-19T14:51:10.117+0800][28.244s][info][gc,cpu      ] GC(39) User=0.00s Sys=0.00s Real=0.00s
[2026-03-19T14:51:10.118+0800][28.244s][info][gc          ] GC(40) Concurrent Undo Cycle
[2026-03-19T14:51:10.118+0800][28.244s][info][gc,marking  ] GC(40) Concurrent Cleanup for Next Mark
[2026-03-19T14:51:10.118+0800][28.245s][info][gc,marking  ] GC(40) Concurrent Cleanup for Next Mark 0.493ms
[2026-03-19T14:51:10.118+0800][28.245s][info][gc          ] GC(40) Concurrent Undo Cycle 0.719ms
[2026-03-19T14:51:11.053+0800][29.179s][info][gc,start    ] GC(41) Pause Young (Concurrent Start) (G1 Humongous Allocation)
[2026-03-19T14:51:11.053+0800][29.180s][info][gc,task     ] GC(41) Using 3 workers of 13 for evacuation
[2026-03-19T14:51:11.055+0800][29.182s][info][gc,phases   ] GC(41)   Pre Evacuate Collection Set: 0.2ms
[2026-03-19T14:51:11.055+0800][29.182s][info][gc,phases   ] GC(41)   Merge Heap Roots: 0.1ms
[2026-03-19T14:51:11.055+0800][29.182s][info][gc,phases   ] GC(41)   Evacuate Collection Set: 0.9ms
[2026-03-19T14:51:11.055+0800][29.182s][info][gc,phases   ] GC(41)   Post Evacuate Collection Set: 0.8ms
[2026-03-19T14:51:11.055+0800][29.182s][info][gc,phases   ] GC(41)   Other: 0.3ms
[2026-03-19T14:51:11.055+0800][29.182s][info][gc,heap     ] GC(41) Eden regions: 14->0(74)
[2026-03-19T14:51:11.055+0800][29.182s][info][gc,heap     ] GC(41) Survivor regions: 2->2(10)
[2026-03-19T14:51:11.056+0800][29.182s][info][gc,heap     ] GC(41) Old regions: 18->18
[2026-03-19T14:51:11.056+0800][29.182s][info][gc,heap     ] GC(41) Archive regions: 0->0
[2026-03-19T14:51:11.056+0800][29.182s][info][gc,heap     ] GC(41) Humongous regions: 39->9
[2026-03-19T14:51:11.056+0800][29.183s][info][gc,metaspace] GC(41) Metaspace: 21694K(22016K)->21694K(22016K) NonClass: 19149K(19328K)->19149K(19328K) Class: 2544K(2688K)->2544K(2688K)
[2026-03-19T14:51:11.056+0800][29.183s][info][gc          ] GC(41) Pause Young (Concurrent Start) (G1 Humongous Allocation) 71M->28M(128M) 3.158ms
[2026-03-19T14:51:11.056+0800][29.183s][info][gc,cpu      ] GC(41) User=0.00s Sys=0.00s Real=0.00s
[2026-03-19T14:51:11.056+0800][29.183s][info][gc          ] GC(42) Concurrent Undo Cycle
[2026-03-19T14:51:11.056+0800][29.183s][info][gc,marking  ] GC(42) Concurrent Cleanup for Next Mark
[2026-03-19T14:51:11.057+0800][29.184s][info][gc,marking  ] GC(42) Concurrent Cleanup for Next Mark 0.560ms
[2026-03-19T14:51:11.057+0800][29.184s][info][gc          ] GC(42) Concurrent Undo Cycle 0.861ms
[2026-03-19T14:51:11.988+0800][30.115s][info][gc,start    ] GC(43) Pause Young (Concurrent Start) (G1 Humongous Allocation)
[2026-03-19T14:51:11.988+0800][30.115s][info][gc,task     ] GC(43) Using 3 workers of 13 for evacuation
[2026-03-19T14:51:11.990+0800][30.117s][info][gc,phases   ] GC(43)   Pre Evacuate Collection Set: 0.1ms
[2026-03-19T14:51:11.990+0800][30.117s][info][gc,phases   ] GC(43)   Merge Heap Roots: 0.1ms
[2026-03-19T14:51:11.990+0800][30.117s][info][gc,phases   ] GC(43)   Evacuate Collection Set: 0.7ms
[2026-03-19T14:51:11.990+0800][30.117s][info][gc,phases   ] GC(43)   Post Evacuate Collection Set: 0.4ms
[2026-03-19T14:51:11.990+0800][30.117s][info][gc,phases   ] GC(43)   Other: 0.3ms
[2026-03-19T14:51:11.990+0800][30.117s][info][gc,heap     ] GC(43) Eden regions: 14->0(74)
[2026-03-19T14:51:11.990+0800][30.117s][info][gc,heap     ] GC(43) Survivor regions: 2->2(10)
[2026-03-19T14:51:11.990+0800][30.117s][info][gc,heap     ] GC(43) Old regions: 18->18
[2026-03-19T14:51:11.990+0800][30.117s][info][gc,heap     ] GC(43) Archive regions: 0->0
[2026-03-19T14:51:11.990+0800][30.117s][info][gc,heap     ] GC(43) Humongous regions: 39->9
[2026-03-19T14:51:11.990+0800][30.117s][info][gc,metaspace] GC(43) Metaspace: 21703K(22016K)->21703K(22016K) NonClass: 19158K(19328K)->19158K(19328K) Class: 2544K(2688K)->2544K(2688K)
[2026-03-19T14:51:11.990+0800][30.117s][info][gc          ] GC(43) Pause Young (Concurrent Start) (G1 Humongous Allocation) 71M->28M(128M) 2.275ms
[2026-03-19T14:51:11.990+0800][30.117s][info][gc,cpu      ] GC(43) User=0.00s Sys=0.00s Real=0.00s
[2026-03-19T14:51:11.990+0800][30.117s][info][gc          ] GC(44) Concurrent Undo Cycle
[2026-03-19T14:51:11.991+0800][30.118s][info][gc,marking  ] GC(44) Concurrent Cleanup for Next Mark
[2026-03-19T14:51:11.991+0800][30.118s][info][gc,marking  ] GC(44) Concurrent Cleanup for Next Mark 0.318ms
[2026-03-19T14:51:11.991+0800][30.118s][info][gc          ] GC(44) Concurrent Undo Cycle 0.571ms
[2026-03-19T14:51:12.923+0800][31.050s][info][gc,start    ] GC(45) Pause Young (Concurrent Start) (G1 Humongous Allocation)
[2026-03-19T14:51:12.924+0800][31.050s][info][gc,task     ] GC(45) Using 3 workers of 13 for evacuation
[2026-03-19T14:51:12.925+0800][31.052s][info][gc,phases   ] GC(45)   Pre Evacuate Collection Set: 0.1ms
[2026-03-19T14:51:12.926+0800][31.052s][info][gc,phases   ] GC(45)   Merge Heap Roots: 0.1ms
[2026-03-19T14:51:12.926+0800][31.052s][info][gc,phases   ] GC(45)   Evacuate Collection Set: 0.8ms
[2026-03-19T14:51:12.926+0800][31.052s][info][gc,phases   ] GC(45)   Post Evacuate Collection Set: 0.6ms
[2026-03-19T14:51:12.926+0800][31.052s][info][gc,phases   ] GC(45)   Other: 0.5ms
[2026-03-19T14:51:12.926+0800][31.052s][info][gc,heap     ] GC(45) Eden regions: 13->0(74)
[2026-03-19T14:51:12.926+0800][31.053s][info][gc,heap     ] GC(45) Survivor regions: 2->2(10)
[2026-03-19T14:51:12.926+0800][31.053s][info][gc,heap     ] GC(45) Old regions: 18->18
[2026-03-19T14:51:12.926+0800][31.053s][info][gc,heap     ] GC(45) Archive regions: 0->0
[2026-03-19T14:51:12.926+0800][31.053s][info][gc,heap     ] GC(45) Humongous regions: 39->9
[2026-03-19T14:51:12.926+0800][31.053s][info][gc,metaspace] GC(45) Metaspace: 21721K(22016K)->21721K(22016K) NonClass: 19177K(19328K)->19177K(19328K) Class: 2544K(2688K)->2544K(2688K)
[2026-03-19T14:51:12.926+0800][31.053s][info][gc          ] GC(45) Pause Young (Concurrent Start) (G1 Humongous Allocation) 71M->28M(128M) 3.120ms
[2026-03-19T14:51:12.927+0800][31.053s][info][gc,cpu      ] GC(45) User=0.00s Sys=0.00s Real=0.00s
[2026-03-19T14:51:12.927+0800][31.053s][info][gc          ] GC(46) Concurrent Undo Cycle
[2026-03-19T14:51:12.927+0800][31.053s][info][gc,marking  ] GC(46) Concurrent Cleanup for Next Mark
[2026-03-19T14:51:12.927+0800][31.054s][info][gc,marking  ] GC(46) Concurrent Cleanup for Next Mark 0.473ms
[2026-03-19T14:51:12.927+0800][31.054s][info][gc          ] GC(46) Concurrent Undo Cycle 0.904ms
[2026-03-19T14:51:13.861+0800][31.987s][info][gc,start    ] GC(47) Pause Young (Concurrent Start) (G1 Humongous Allocation)
[2026-03-19T14:51:13.861+0800][31.988s][info][gc,task     ] GC(47) Using 3 workers of 13 for evacuation
[2026-03-19T14:51:13.863+0800][31.990s][info][gc,phases   ] GC(47)   Pre Evacuate Collection Set: 0.2ms
[2026-03-19T14:51:13.863+0800][31.990s][info][gc,phases   ] GC(47)   Merge Heap Roots: 0.2ms
[2026-03-19T14:51:13.863+0800][31.990s][info][gc,phases   ] GC(47)   Evacuate Collection Set: 1.0ms
[2026-03-19T14:51:13.863+0800][31.990s][info][gc,phases   ] GC(47)   Post Evacuate Collection Set: 0.7ms
[2026-03-19T14:51:13.864+0800][31.990s][info][gc,phases   ] GC(47)   Other: 0.5ms
[2026-03-19T14:51:13.864+0800][31.990s][info][gc,heap     ] GC(47) Eden regions: 14->0(74)
[2026-03-19T14:51:13.864+0800][31.990s][info][gc,heap     ] GC(47) Survivor regions: 2->2(10)
[2026-03-19T14:51:13.864+0800][31.990s][info][gc,heap     ] GC(47) Old regions: 18->18
[2026-03-19T14:51:13.864+0800][31.990s][info][gc,heap     ] GC(47) Archive regions: 0->0
[2026-03-19T14:51:13.864+0800][31.990s][info][gc,heap     ] GC(47) Humongous regions: 39->9
[2026-03-19T14:51:13.864+0800][31.990s][info][gc,metaspace] GC(47) Metaspace: 21742K(22016K)->21742K(22016K) NonClass: 19197K(19328K)->19197K(19328K) Class: 2544K(2688K)->2544K(2688K)
[2026-03-19T14:51:13.864+0800][31.990s][info][gc          ] GC(47) Pause Young (Concurrent Start) (G1 Humongous Allocation) 71M->28M(128M) 3.037ms
[2026-03-19T14:51:13.864+0800][31.990s][info][gc,cpu      ] GC(47) User=0.00s Sys=0.00s Real=0.00s
[2026-03-19T14:51:13.864+0800][31.991s][info][gc          ] GC(48) Concurrent Undo Cycle
[2026-03-19T14:51:13.864+0800][31.991s][info][gc,marking  ] GC(48) Concurrent Cleanup for Next Mark
[2026-03-19T14:51:13.864+0800][31.991s][info][gc,marking  ] GC(48) Concurrent Cleanup for Next Mark 0.357ms
[2026-03-19T14:51:13.865+0800][31.991s][info][gc          ] GC(48) Concurrent Undo Cycle 0.587ms
[2026-03-19T14:51:14.810+0800][32.937s][info][gc,start    ] GC(49) Pause Young (Concurrent Start) (G1 Humongous Allocation)
[2026-03-19T14:51:14.810+0800][32.937s][info][gc,task     ] GC(49) Using 3 workers of 13 for evacuation
[2026-03-19T14:51:14.812+0800][32.939s][info][gc,phases   ] GC(49)   Pre Evacuate Collection Set: 0.2ms
[2026-03-19T14:51:14.812+0800][32.939s][info][gc,phases   ] GC(49)   Merge Heap Roots: 0.1ms
[2026-03-19T14:51:14.812+0800][32.939s][info][gc,phases   ] GC(49)   Evacuate Collection Set: 0.8ms
[2026-03-19T14:51:14.812+0800][32.939s][info][gc,phases   ] GC(49)   Post Evacuate Collection Set: 0.5ms
[2026-03-19T14:51:14.812+0800][32.939s][info][gc,phases   ] GC(49)   Other: 0.3ms
[2026-03-19T14:51:14.812+0800][32.939s][info][gc,heap     ] GC(49) Eden regions: 13->0(74)
[2026-03-19T14:51:14.812+0800][32.939s][info][gc,heap     ] GC(49) Survivor regions: 2->2(10)
[2026-03-19T14:51:14.812+0800][32.939s][info][gc,heap     ] GC(49) Old regions: 18->18
[2026-03-19T14:51:14.813+0800][32.939s][info][gc,heap     ] GC(49) Archive regions: 0->0
[2026-03-19T14:51:14.813+0800][32.939s][info][gc,heap     ] GC(49) Humongous regions: 39->9
[2026-03-19T14:51:14.813+0800][32.939s][info][gc,metaspace] GC(49) Metaspace: 21744K(22016K)->21744K(22016K) NonClass: 19200K(19328K)->19200K(19328K) Class: 2544K(2688K)->2544K(2688K)
[2026-03-19T14:51:14.813+0800][32.939s][info][gc          ] GC(49) Pause Young (Concurrent Start) (G1 Humongous Allocation) 71M->28M(128M) 2.520ms
[2026-03-19T14:51:14.813+0800][32.939s][info][gc,cpu      ] GC(49) User=0.02s Sys=0.00s Real=0.00s
[2026-03-19T14:51:14.813+0800][32.940s][info][gc          ] GC(50) Concurrent Undo Cycle
[2026-03-19T14:51:14.813+0800][32.940s][info][gc,marking  ] GC(50) Concurrent Cleanup for Next Mark
[2026-03-19T14:51:14.813+0800][32.940s][info][gc,marking  ] GC(50) Concurrent Cleanup for Next Mark 0.432ms
[2026-03-19T14:51:14.813+0800][32.940s][info][gc          ] GC(50) Concurrent Undo Cycle 0.649ms
[2026-03-19T14:51:15.753+0800][33.881s][info][gc,start    ] GC(51) Pause Young (Concurrent Start) (G1 Humongous Allocation)
[2026-03-19T14:51:15.753+0800][33.881s][info][gc,task     ] GC(51) Using 3 workers of 13 for evacuation
[2026-03-19T14:51:15.756+0800][33.883s][info][gc,phases   ] GC(51)   Pre Evacuate Collection Set: 0.2ms
[2026-03-19T14:51:15.756+0800][33.883s][info][gc,phases   ] GC(51)   Merge Heap Roots: 0.2ms
[2026-03-19T14:51:15.757+0800][33.883s][info][gc,phases   ] GC(51)   Evacuate Collection Set: 1.1ms
[2026-03-19T14:51:15.757+0800][33.883s][info][gc,phases   ] GC(51)   Post Evacuate Collection Set: 0.7ms
[2026-03-19T14:51:15.757+0800][33.884s][info][gc,phases   ] GC(51)   Other: 0.3ms
[2026-03-19T14:51:15.757+0800][33.884s][info][gc,heap     ] GC(51) Eden regions: 14->0(74)
[2026-03-19T14:51:15.757+0800][33.884s][info][gc,heap     ] GC(51) Survivor regions: 2->2(10)
[2026-03-19T14:51:15.757+0800][33.884s][info][gc,heap     ] GC(51) Old regions: 18->18
[2026-03-19T14:51:15.757+0800][33.884s][info][gc,heap     ] GC(51) Archive regions: 0->0
[2026-03-19T14:51:15.757+0800][33.884s][info][gc,heap     ] GC(51) Humongous regions: 39->9
[2026-03-19T14:51:15.757+0800][33.884s][info][gc,metaspace] GC(51) Metaspace: 21749K(22016K)->21749K(22016K) NonClass: 19205K(19328K)->19205K(19328K) Class: 2544K(2688K)->2544K(2688K)
[2026-03-19T14:51:15.757+0800][33.884s][info][gc          ] GC(51) Pause Young (Concurrent Start) (G1 Humongous Allocation) 71M->28M(128M) 3.404ms
[2026-03-19T14:51:15.757+0800][33.884s][info][gc,cpu      ] GC(51) User=0.00s Sys=0.00s Real=0.00s
[2026-03-19T14:51:15.757+0800][33.884s][info][gc          ] GC(52) Concurrent Undo Cycle
[2026-03-19T14:51:15.758+0800][33.884s][info][gc,marking  ] GC(52) Concurrent Cleanup for Next Mark
[2026-03-19T14:51:15.758+0800][33.885s][info][gc,marking  ] GC(52) Concurrent Cleanup for Next Mark 0.462ms
[2026-03-19T14:51:15.758+0800][33.885s][info][gc          ] GC(52) Concurrent Undo Cycle 0.770ms
[2026-03-19T14:51:16.705+0800][34.832s][info][gc,start    ] GC(53) Pause Young (Concurrent Start) (G1 Humongous Allocation)
[2026-03-19T14:51:16.706+0800][34.832s][info][gc,task     ] GC(53) Using 3 workers of 13 for evacuation
[2026-03-19T14:51:16.707+0800][34.834s][info][gc,phases   ] GC(53)   Pre Evacuate Collection Set: 0.2ms
[2026-03-19T14:51:16.707+0800][34.834s][info][gc,phases   ] GC(53)   Merge Heap Roots: 0.1ms
[2026-03-19T14:51:16.707+0800][34.834s][info][gc,phases   ] GC(53)   Evacuate Collection Set: 0.9ms
[2026-03-19T14:51:16.708+0800][34.835s][info][gc,phases   ] GC(53)   Post Evacuate Collection Set: 0.8ms
[2026-03-19T14:51:16.708+0800][34.835s][info][gc,phases   ] GC(53)   Other: 0.3ms
[2026-03-19T14:51:16.708+0800][34.835s][info][gc,heap     ] GC(53) Eden regions: 13->0(74)
[2026-03-19T14:51:16.708+0800][34.835s][info][gc,heap     ] GC(53) Survivor regions: 2->2(10)
[2026-03-19T14:51:16.708+0800][34.835s][info][gc,heap     ] GC(53) Old regions: 18->18
[2026-03-19T14:51:16.708+0800][34.835s][info][gc,heap     ] GC(53) Archive regions: 0->0
[2026-03-19T14:51:16.708+0800][34.835s][info][gc,heap     ] GC(53) Humongous regions: 39->9
[2026-03-19T14:51:16.708+0800][34.835s][info][gc,metaspace] GC(53) Metaspace: 21760K(22016K)->21760K(22016K) NonClass: 19215K(19328K)->19215K(19328K) Class: 2544K(2688K)->2544K(2688K)
[2026-03-19T14:51:16.708+0800][34.835s][info][gc          ] GC(53) Pause Young (Concurrent Start) (G1 Humongous Allocation) 71M->28M(128M) 3.320ms
[2026-03-19T14:51:16.708+0800][34.835s][info][gc,cpu      ] GC(53) User=0.00s Sys=0.00s Real=0.00s
[2026-03-19T14:51:16.708+0800][34.835s][info][gc          ] GC(54) Concurrent Undo Cycle
[2026-03-19T14:51:16.709+0800][34.836s][info][gc,marking  ] GC(54) Concurrent Cleanup for Next Mark
[2026-03-19T14:51:16.709+0800][34.836s][info][gc,marking  ] GC(54) Concurrent Cleanup for Next Mark 0.485ms
[2026-03-19T14:51:16.709+0800][34.836s][info][gc          ] GC(54) Concurrent Undo Cycle 0.827ms
[2026-03-19T14:51:17.670+0800][35.797s][info][gc,start    ] GC(55) Pause Young (Concurrent Start) (G1 Humongous Allocation)
[2026-03-19T14:51:17.671+0800][35.798s][info][gc,task     ] GC(55) Using 3 workers of 13 for evacuation
[2026-03-19T14:51:17.672+0800][35.799s][info][gc,phases   ] GC(55)   Pre Evacuate Collection Set: 0.1ms
[2026-03-19T14:51:17.672+0800][35.799s][info][gc,phases   ] GC(55)   Merge Heap Roots: 0.1ms
[2026-03-19T14:51:17.672+0800][35.799s][info][gc,phases   ] GC(55)   Evacuate Collection Set: 0.9ms
[2026-03-19T14:51:17.673+0800][35.799s][info][gc,phases   ] GC(55)   Post Evacuate Collection Set: 0.4ms
[2026-03-19T14:51:17.673+0800][35.800s][info][gc,phases   ] GC(55)   Other: 0.4ms
[2026-03-19T14:51:17.673+0800][35.800s][info][gc,heap     ] GC(55) Eden regions: 14->0(74)
[2026-03-19T14:51:17.673+0800][35.800s][info][gc,heap     ] GC(55) Survivor regions: 2->2(10)
[2026-03-19T14:51:17.673+0800][35.800s][info][gc,heap     ] GC(55) Old regions: 18->18
[2026-03-19T14:51:17.673+0800][35.800s][info][gc,heap     ] GC(55) Archive regions: 0->0
[2026-03-19T14:51:17.673+0800][35.800s][info][gc,heap     ] GC(55) Humongous regions: 39->9
[2026-03-19T14:51:17.673+0800][35.800s][info][gc,metaspace] GC(55) Metaspace: 21761K(22016K)->21761K(22016K) NonClass: 19217K(19328K)->19217K(19328K) Class: 2544K(2688K)->2544K(2688K)
[2026-03-19T14:51:17.673+0800][35.800s][info][gc          ] GC(55) Pause Young (Concurrent Start) (G1 Humongous Allocation) 71M->28M(128M) 2.460ms
[2026-03-19T14:51:17.673+0800][35.800s][info][gc,cpu      ] GC(55) User=0.00s Sys=0.00s Real=0.00s
[2026-03-19T14:51:17.673+0800][35.800s][info][gc          ] GC(56) Concurrent Undo Cycle
[2026-03-19T14:51:17.673+0800][35.800s][info][gc,marking  ] GC(56) Concurrent Cleanup for Next Mark
[2026-03-19T14:51:17.674+0800][35.801s][info][gc,marking  ] GC(56) Concurrent Cleanup for Next Mark 0.370ms
[2026-03-19T14:51:17.674+0800][35.801s][info][gc          ] GC(56) Concurrent Undo Cycle 0.598ms
[2026-03-19T14:51:18.605+0800][36.733s][info][gc,start    ] GC(57) Pause Young (Concurrent Start) (G1 Humongous Allocation)
[2026-03-19T14:51:18.605+0800][36.733s][info][gc,task     ] GC(57) Using 3 workers of 13 for evacuation
[2026-03-19T14:51:18.608+0800][36.735s][info][gc,phases   ] GC(57)   Pre Evacuate Collection Set: 0.1ms
[2026-03-19T14:51:18.609+0800][36.735s][info][gc,phases   ] GC(57)   Merge Heap Roots: 0.2ms
[2026-03-19T14:51:18.609+0800][36.735s][info][gc,phases   ] GC(57)   Evacuate Collection Set: 0.9ms
[2026-03-19T14:51:18.609+0800][36.735s][info][gc,phases   ] GC(57)   Post Evacuate Collection Set: 0.5ms
[2026-03-19T14:51:18.609+0800][36.735s][info][gc,phases   ] GC(57)   Other: 0.5ms
[2026-03-19T14:51:18.609+0800][36.735s][info][gc,heap     ] GC(57) Eden regions: 14->0(74)
[2026-03-19T14:51:18.609+0800][36.735s][info][gc,heap     ] GC(57) Survivor regions: 2->2(10)
[2026-03-19T14:51:18.609+0800][36.735s][info][gc,heap     ] GC(57) Old regions: 18->18
[2026-03-19T14:51:18.609+0800][36.735s][info][gc,heap     ] GC(57) Archive regions: 0->0
[2026-03-19T14:51:18.609+0800][36.736s][info][gc,heap     ] GC(57) Humongous regions: 39->9
[2026-03-19T14:51:18.609+0800][36.736s][info][gc,metaspace] GC(57) Metaspace: 21762K(22016K)->21762K(22016K) NonClass: 19217K(19328K)->19217K(19328K) Class: 2544K(2688K)->2544K(2688K)
[2026-03-19T14:51:18.609+0800][36.736s][info][gc          ] GC(57) Pause Young (Concurrent Start) (G1 Humongous Allocation) 71M->28M(128M) 3.034ms
[2026-03-19T14:51:18.609+0800][36.736s][info][gc,cpu      ] GC(57) User=0.05s Sys=0.00s Real=0.00s
[2026-03-19T14:51:18.610+0800][36.736s][info][gc          ] GC(58) Concurrent Undo Cycle
[2026-03-19T14:51:18.610+0800][36.736s][info][gc,marking  ] GC(58) Concurrent Cleanup for Next Mark
[2026-03-19T14:51:18.610+0800][36.737s][info][gc,marking  ] GC(58) Concurrent Cleanup for Next Mark 0.390ms
[2026-03-19T14:51:18.610+0800][36.737s][info][gc          ] GC(58) Concurrent Undo Cycle 0.683ms
[2026-03-19T14:51:19.551+0800][37.677s][info][gc,start    ] GC(59) Pause Young (Concurrent Start) (G1 Humongous Allocation)
[2026-03-19T14:51:19.551+0800][37.678s][info][gc,task     ] GC(59) Using 3 workers of 13 for evacuation
[2026-03-19T14:51:19.553+0800][37.679s][info][gc,phases   ] GC(59)   Pre Evacuate Collection Set: 0.2ms
[2026-03-19T14:51:19.553+0800][37.680s][info][gc,phases   ] GC(59)   Merge Heap Roots: 0.2ms
[2026-03-19T14:51:19.553+0800][37.680s][info][gc,phases   ] GC(59)   Evacuate Collection Set: 0.8ms
[2026-03-19T14:51:19.553+0800][37.680s][info][gc,phases   ] GC(59)   Post Evacuate Collection Set: 0.6ms
[2026-03-19T14:51:19.553+0800][37.680s][info][gc,phases   ] GC(59)   Other: 0.4ms
[2026-03-19T14:51:19.553+0800][37.680s][info][gc,heap     ] GC(59) Eden regions: 14->0(74)
[2026-03-19T14:51:19.554+0800][37.680s][info][gc,heap     ] GC(59) Survivor regions: 2->2(10)
[2026-03-19T14:51:19.554+0800][37.680s][info][gc,heap     ] GC(59) Old regions: 18->18
[2026-03-19T14:51:19.554+0800][37.680s][info][gc,heap     ] GC(59) Archive regions: 0->0
[2026-03-19T14:51:19.554+0800][37.680s][info][gc,heap     ] GC(59) Humongous regions: 39->9
[2026-03-19T14:51:19.554+0800][37.680s][info][gc,metaspace] GC(59) Metaspace: 21768K(22016K)->21768K(22016K) NonClass: 19223K(19328K)->19223K(19328K) Class: 2544K(2688K)->2544K(2688K)
[2026-03-19T14:51:19.554+0800][37.680s][info][gc          ] GC(59) Pause Young (Concurrent Start) (G1 Humongous Allocation) 71M->28M(128M) 2.952ms
[2026-03-19T14:51:19.554+0800][37.680s][info][gc,cpu      ] GC(59) User=0.00s Sys=0.00s Real=0.00s
[2026-03-19T14:51:19.554+0800][37.680s][info][gc          ] GC(60) Concurrent Undo Cycle
[2026-03-19T14:51:19.554+0800][37.681s][info][gc,marking  ] GC(60) Concurrent Cleanup for Next Mark
[2026-03-19T14:51:19.555+0800][37.681s][info][gc,marking  ] GC(60) Concurrent Cleanup for Next Mark 0.348ms
[2026-03-19T14:51:19.555+0800][37.681s][info][gc          ] GC(60) Concurrent Undo Cycle 0.608ms
[2026-03-19T14:51:20.490+0800][38.617s][info][gc,start    ] GC(61) Pause Young (Concurrent Start) (G1 Humongous Allocation)
[2026-03-19T14:51:20.490+0800][38.617s][info][gc,task     ] GC(61) Using 3 workers of 13 for evacuation
[2026-03-19T14:51:20.492+0800][38.619s][info][gc,phases   ] GC(61)   Pre Evacuate Collection Set: 0.2ms
[2026-03-19T14:51:20.493+0800][38.620s][info][gc,phases   ] GC(61)   Merge Heap Roots: 0.2ms
[2026-03-19T14:51:20.493+0800][38.620s][info][gc,phases   ] GC(61)   Evacuate Collection Set: 1.0ms
[2026-03-19T14:51:20.493+0800][38.620s][info][gc,phases   ] GC(61)   Post Evacuate Collection Set: 0.7ms
[2026-03-19T14:51:20.493+0800][38.620s][info][gc,phases   ] GC(61)   Other: 0.4ms
[2026-03-19T14:51:20.493+0800][38.620s][info][gc,heap     ] GC(61) Eden regions: 13->0(74)
[2026-03-19T14:51:20.493+0800][38.620s][info][gc,heap     ] GC(61) Survivor regions: 2->2(10)
[2026-03-19T14:51:20.493+0800][38.620s][info][gc,heap     ] GC(61) Old regions: 18->18
[2026-03-19T14:51:20.493+0800][38.620s][info][gc,heap     ] GC(61) Archive regions: 0->0
[2026-03-19T14:51:20.493+0800][38.620s][info][gc,heap     ] GC(61) Humongous regions: 39->9
[2026-03-19T14:51:20.494+0800][38.620s][info][gc,metaspace] GC(61) Metaspace: 21769K(22016K)->21769K(22016K) NonClass: 19224K(19328K)->19224K(19328K) Class: 2544K(2688K)->2544K(2688K)
[2026-03-19T14:51:20.494+0800][38.620s][info][gc          ] GC(61) Pause Young (Concurrent Start) (G1 Humongous Allocation) 70M->28M(128M) 3.442ms
[2026-03-19T14:51:20.494+0800][38.620s][info][gc,cpu      ] GC(61) User=0.00s Sys=0.00s Real=0.00s
[2026-03-19T14:51:20.494+0800][38.621s][info][gc          ] GC(62) Concurrent Undo Cycle
[2026-03-19T14:51:20.494+0800][38.621s][info][gc,marking  ] GC(62) Concurrent Cleanup for Next Mark
[2026-03-19T14:51:20.494+0800][38.621s][info][gc,marking  ] GC(62) Concurrent Cleanup for Next Mark 0.299ms
[2026-03-19T14:51:20.494+0800][38.621s][info][gc          ] GC(62) Concurrent Undo Cycle 0.531ms
[2026-03-19T14:51:21.431+0800][39.557s][info][gc,start    ] GC(63) Pause Young (Concurrent Start) (G1 Humongous Allocation)
[2026-03-19T14:51:21.431+0800][39.558s][info][gc,task     ] GC(63) Using 3 workers of 13 for evacuation
[2026-03-19T14:51:21.432+0800][39.559s][info][gc,phases   ] GC(63)   Pre Evacuate Collection Set: 0.1ms
[2026-03-19T14:51:21.433+0800][39.559s][info][gc,phases   ] GC(63)   Merge Heap Roots: 0.1ms
[2026-03-19T14:51:21.433+0800][39.559s][info][gc,phases   ] GC(63)   Evacuate Collection Set: 0.7ms
[2026-03-19T14:51:21.433+0800][39.559s][info][gc,phases   ] GC(63)   Post Evacuate Collection Set: 0.3ms
[2026-03-19T14:51:21.433+0800][39.559s][info][gc,phases   ] GC(63)   Other: 0.4ms
[2026-03-19T14:51:21.433+0800][39.559s][info][gc,heap     ] GC(63) Eden regions: 13->0(74)
[2026-03-19T14:51:21.433+0800][39.559s][info][gc,heap     ] GC(63) Survivor regions: 2->2(10)
[2026-03-19T14:51:21.433+0800][39.559s][info][gc,heap     ] GC(63) Old regions: 18->18
[2026-03-19T14:51:21.433+0800][39.559s][info][gc,heap     ] GC(63) Archive regions: 0->0
[2026-03-19T14:51:21.433+0800][39.559s][info][gc,heap     ] GC(63) Humongous regions: 39->9
[2026-03-19T14:51:21.433+0800][39.559s][info][gc,metaspace] GC(63) Metaspace: 21775K(22016K)->21775K(22016K) NonClass: 19231K(19328K)->19231K(19328K) Class: 2544K(2688K)->2544K(2688K)
[2026-03-19T14:51:21.433+0800][39.560s][info][gc          ] GC(63) Pause Young (Concurrent Start) (G1 Humongous Allocation) 70M->28M(128M) 2.133ms
[2026-03-19T14:51:21.433+0800][39.560s][info][gc,cpu      ] GC(63) User=0.00s Sys=0.00s Real=0.00s
[2026-03-19T14:51:21.433+0800][39.560s][info][gc          ] GC(64) Concurrent Undo Cycle
[2026-03-19T14:51:21.433+0800][39.560s][info][gc,marking  ] GC(64) Concurrent Cleanup for Next Mark
[2026-03-19T14:51:21.434+0800][39.560s][info][gc,marking  ] GC(64) Concurrent Cleanup for Next Mark 0.408ms
[2026-03-19T14:51:21.434+0800][39.560s][info][gc          ] GC(64) Concurrent Undo Cycle 0.683ms
[2026-03-19T14:51:22.362+0800][40.489s][info][gc,start    ] GC(65) Pause Young (Concurrent Start) (G1 Humongous Allocation)
[2026-03-19T14:51:22.362+0800][40.489s][info][gc,task     ] GC(65) Using 3 workers of 13 for evacuation
[2026-03-19T14:51:22.364+0800][40.491s][info][gc,phases   ] GC(65)   Pre Evacuate Collection Set: 0.2ms
[2026-03-19T14:51:22.364+0800][40.491s][info][gc,phases   ] GC(65)   Merge Heap Roots: 0.2ms
[2026-03-19T14:51:22.364+0800][40.491s][info][gc,phases   ] GC(65)   Evacuate Collection Set: 0.8ms
[2026-03-19T14:51:22.365+0800][40.491s][info][gc,phases   ] GC(65)   Post Evacuate Collection Set: 0.9ms
[2026-03-19T14:51:22.365+0800][40.491s][info][gc,phases   ] GC(65)   Other: 0.5ms
[2026-03-19T14:51:22.365+0800][40.491s][info][gc,heap     ] GC(65) Eden regions: 13->0(74)
[2026-03-19T14:51:22.365+0800][40.492s][info][gc,heap     ] GC(65) Survivor regions: 2->2(10)
[2026-03-19T14:51:22.365+0800][40.492s][info][gc,heap     ] GC(65) Old regions: 18->18
[2026-03-19T14:51:22.365+0800][40.492s][info][gc,heap     ] GC(65) Archive regions: 0->0
[2026-03-19T14:51:22.365+0800][40.492s][info][gc,heap     ] GC(65) Humongous regions: 39->9
[2026-03-19T14:51:22.365+0800][40.492s][info][gc,metaspace] GC(65) Metaspace: 21808K(22080K)->21808K(22080K) NonClass: 19262K(19392K)->19262K(19392K) Class: 2546K(2688K)->2546K(2688K)
[2026-03-19T14:51:22.365+0800][40.492s][info][gc          ] GC(65) Pause Young (Concurrent Start) (G1 Humongous Allocation) 71M->28M(128M) 3.314ms
[2026-03-19T14:51:22.365+0800][40.492s][info][gc,cpu      ] GC(65) User=0.00s Sys=0.00s Real=0.00s
[2026-03-19T14:51:22.365+0800][40.492s][info][gc          ] GC(66) Concurrent Undo Cycle
[2026-03-19T14:51:22.366+0800][40.492s][info][gc,marking  ] GC(66) Concurrent Cleanup for Next Mark
[2026-03-19T14:51:22.366+0800][40.493s][info][gc,marking  ] GC(66) Concurrent Cleanup for Next Mark 0.558ms
[2026-03-19T14:51:22.366+0800][40.493s][info][gc          ] GC(66) Concurrent Undo Cycle 0.974ms
[2026-03-19T14:51:23.299+0800][41.426s][info][gc,start    ] GC(67) Pause Young (Concurrent Start) (G1 Humongous Allocation)
[2026-03-19T14:51:23.299+0800][41.426s][info][gc,task     ] GC(67) Using 3 workers of 13 for evacuation
[2026-03-19T14:51:23.301+0800][41.428s][info][gc,phases   ] GC(67)   Pre Evacuate Collection Set: 0.1ms
[2026-03-19T14:51:23.301+0800][41.428s][info][gc,phases   ] GC(67)   Merge Heap Roots: 0.1ms
[2026-03-19T14:51:23.302+0800][41.429s][info][gc,phases   ] GC(67)   Evacuate Collection Set: 0.8ms
[2026-03-19T14:51:23.302+0800][41.429s][info][gc,phases   ] GC(67)   Post Evacuate Collection Set: 0.8ms
[2026-03-19T14:51:23.302+0800][41.429s][info][gc,phases   ] GC(67)   Other: 0.4ms
[2026-03-19T14:51:23.302+0800][41.429s][info][gc,heap     ] GC(67) Eden regions: 13->0(74)
[2026-03-19T14:51:23.302+0800][41.429s][info][gc,heap     ] GC(67) Survivor regions: 2->2(10)
[2026-03-19T14:51:23.302+0800][41.429s][info][gc,heap     ] GC(67) Old regions: 18->18
[2026-03-19T14:51:23.302+0800][41.429s][info][gc,heap     ] GC(67) Archive regions: 0->0
[2026-03-19T14:51:23.302+0800][41.429s][info][gc,heap     ] GC(67) Humongous regions: 39->9
[2026-03-19T14:51:23.302+0800][41.429s][info][gc,metaspace] GC(67) Metaspace: 21812K(22144K)->21812K(22144K) NonClass: 19265K(19456K)->19265K(19456K) Class: 2546K(2688K)->2546K(2688K)
[2026-03-19T14:51:23.302+0800][41.429s][info][gc          ] GC(67) Pause Young (Concurrent Start) (G1 Humongous Allocation) 71M->28M(128M) 3.037ms
[2026-03-19T14:51:23.302+0800][41.429s][info][gc,cpu      ] GC(67) User=0.00s Sys=0.00s Real=0.00s
[2026-03-19T14:51:23.302+0800][41.429s][info][gc          ] GC(68) Concurrent Undo Cycle
[2026-03-19T14:51:23.303+0800][41.430s][info][gc,marking  ] GC(68) Concurrent Cleanup for Next Mark
[2026-03-19T14:51:23.303+0800][41.430s][info][gc,marking  ] GC(68) Concurrent Cleanup for Next Mark 0.393ms
[2026-03-19T14:51:23.303+0800][41.430s][info][gc          ] GC(68) Concurrent Undo Cycle 0.794ms
[2026-03-19T14:51:24.242+0800][42.369s][info][gc,start    ] GC(69) Pause Young (Concurrent Start) (G1 Humongous Allocation)
[2026-03-19T14:51:24.242+0800][42.369s][info][gc,task     ] GC(69) Using 3 workers of 13 for evacuation
[2026-03-19T14:51:24.244+0800][42.371s][info][gc,phases   ] GC(69)   Pre Evacuate Collection Set: 0.1ms
[2026-03-19T14:51:24.244+0800][42.371s][info][gc,phases   ] GC(69)   Merge Heap Roots: 0.1ms
[2026-03-19T14:51:24.244+0800][42.371s][info][gc,phases   ] GC(69)   Evacuate Collection Set: 0.7ms
[2026-03-19T14:51:24.244+0800][42.371s][info][gc,phases   ] GC(69)   Post Evacuate Collection Set: 0.7ms
[2026-03-19T14:51:24.244+0800][42.372s][info][gc,phases   ] GC(69)   Other: 0.4ms
[2026-03-19T14:51:24.244+0800][42.372s][info][gc,heap     ] GC(69) Eden regions: 13->0(74)
[2026-03-19T14:51:24.244+0800][42.372s][info][gc,heap     ] GC(69) Survivor regions: 2->2(10)
[2026-03-19T14:51:24.245+0800][42.372s][info][gc,heap     ] GC(69) Old regions: 18->18
[2026-03-19T14:51:24.245+0800][42.372s][info][gc,heap     ] GC(69) Archive regions: 0->0
[2026-03-19T14:51:24.245+0800][42.372s][info][gc,heap     ] GC(69) Humongous regions: 39->9
[2026-03-19T14:51:24.245+0800][42.372s][info][gc,metaspace] GC(69) Metaspace: 21812K(22144K)->21812K(22144K) NonClass: 19265K(19456K)->19265K(19456K) Class: 2546K(2688K)->2546K(2688K)
[2026-03-19T14:51:24.245+0800][42.372s][info][gc          ] GC(69) Pause Young (Concurrent Start) (G1 Humongous Allocation) 70M->28M(128M) 3.035ms
[2026-03-19T14:51:24.245+0800][42.372s][info][gc,cpu      ] GC(69) User=0.00s Sys=0.00s Real=0.00s
[2026-03-19T14:51:24.245+0800][42.372s][info][gc          ] GC(70) Concurrent Undo Cycle
[2026-03-19T14:51:24.245+0800][42.372s][info][gc,marking  ] GC(70) Concurrent Cleanup for Next Mark
[2026-03-19T14:51:24.245+0800][42.373s][info][gc,marking  ] GC(70) Concurrent Cleanup for Next Mark 0.326ms
[2026-03-19T14:51:24.245+0800][42.373s][info][gc          ] GC(70) Concurrent Undo Cycle 0.594ms
[2026-03-19T14:51:25.184+0800][43.311s][info][gc,start    ] GC(71) Pause Young (Concurrent Start) (G1 Humongous Allocation)
[2026-03-19T14:51:25.184+0800][43.311s][info][gc,task     ] GC(71) Using 3 workers of 13 for evacuation
[2026-03-19T14:51:25.187+0800][43.313s][info][gc,phases   ] GC(71)   Pre Evacuate Collection Set: 0.2ms
[2026-03-19T14:51:25.187+0800][43.313s][info][gc,phases   ] GC(71)   Merge Heap Roots: 0.2ms
[2026-03-19T14:51:25.187+0800][43.314s][info][gc,phases   ] GC(71)   Evacuate Collection Set: 0.7ms
[2026-03-19T14:51:25.187+0800][43.314s][info][gc,phases   ] GC(71)   Post Evacuate Collection Set: 0.8ms
[2026-03-19T14:51:25.187+0800][43.314s][info][gc,phases   ] GC(71)   Other: 0.4ms
[2026-03-19T14:51:25.187+0800][43.314s][info][gc,heap     ] GC(71) Eden regions: 14->0(74)
[2026-03-19T14:51:25.187+0800][43.314s][info][gc,heap     ] GC(71) Survivor regions: 2->2(10)
[2026-03-19T14:51:25.187+0800][43.314s][info][gc,heap     ] GC(71) Old regions: 18->18
[2026-03-19T14:51:25.188+0800][43.314s][info][gc,heap     ] GC(71) Archive regions: 0->0
[2026-03-19T14:51:25.188+0800][43.314s][info][gc,heap     ] GC(71) Humongous regions: 39->9
[2026-03-19T14:51:25.188+0800][43.314s][info][gc,metaspace] GC(71) Metaspace: 21814K(22144K)->21814K(22144K) NonClass: 19267K(19456K)->19267K(19456K) Class: 2546K(2688K)->2546K(2688K)
[2026-03-19T14:51:25.188+0800][43.314s][info][gc          ] GC(71) Pause Young (Concurrent Start) (G1 Humongous Allocation) 71M->28M(128M) 3.058ms
[2026-03-19T14:51:25.188+0800][43.314s][info][gc,cpu      ] GC(71) User=0.03s Sys=0.00s Real=0.00s
[2026-03-19T14:51:25.188+0800][43.314s][info][gc          ] GC(72) Concurrent Undo Cycle
[2026-03-19T14:51:25.188+0800][43.315s][info][gc,marking  ] GC(72) Concurrent Cleanup for Next Mark
[2026-03-19T14:51:25.188+0800][43.315s][info][gc,marking  ] GC(72) Concurrent Cleanup for Next Mark 0.402ms
[2026-03-19T14:51:25.189+0800][43.315s][info][gc          ] GC(72) Concurrent Undo Cycle 0.706ms
[2026-03-19T14:51:26.121+0800][44.247s][info][gc,start    ] GC(73) Pause Young (Concurrent Start) (G1 Humongous Allocation)
[2026-03-19T14:51:26.121+0800][44.248s][info][gc,task     ] GC(73) Using 3 workers of 13 for evacuation
[2026-03-19T14:51:26.123+0800][44.249s][info][gc,phases   ] GC(73)   Pre Evacuate Collection Set: 0.2ms
[2026-03-19T14:51:26.123+0800][44.249s][info][gc,phases   ] GC(73)   Merge Heap Roots: 0.2ms
[2026-03-19T14:51:26.123+0800][44.250s][info][gc,phases   ] GC(73)   Evacuate Collection Set: 0.7ms
[2026-03-19T14:51:26.123+0800][44.250s][info][gc,phases   ] GC(73)   Post Evacuate Collection Set: 0.6ms
[2026-03-19T14:51:26.123+0800][44.250s][info][gc,phases   ] GC(73)   Other: 0.3ms
[2026-03-19T14:51:26.123+0800][44.250s][info][gc,heap     ] GC(73) Eden regions: 13->0(74)
[2026-03-19T14:51:26.123+0800][44.250s][info][gc,heap     ] GC(73) Survivor regions: 2->2(10)
[2026-03-19T14:51:26.123+0800][44.250s][info][gc,heap     ] GC(73) Old regions: 18->18
[2026-03-19T14:51:26.123+0800][44.250s][info][gc,heap     ] GC(73) Archive regions: 0->0
[2026-03-19T14:51:26.123+0800][44.250s][info][gc,heap     ] GC(73) Humongous regions: 39->9
[2026-03-19T14:51:26.123+0800][44.250s][info][gc,metaspace] GC(73) Metaspace: 21823K(22144K)->21823K(22144K) NonClass: 19277K(19456K)->19277K(19456K) Class: 2546K(2688K)->2546K(2688K)
[2026-03-19T14:51:26.123+0800][44.250s][info][gc          ] GC(73) Pause Young (Concurrent Start) (G1 Humongous Allocation) 71M->28M(128M) 2.413ms
[2026-03-19T14:51:26.123+0800][44.250s][info][gc,cpu      ] GC(73) User=0.00s Sys=0.00s Real=0.00s
[2026-03-19T14:51:26.123+0800][44.250s][info][gc          ] GC(74) Concurrent Undo Cycle
[2026-03-19T14:51:26.123+0800][44.250s][info][gc,marking  ] GC(74) Concurrent Cleanup for Next Mark
[2026-03-19T14:51:26.124+0800][44.250s][info][gc,marking  ] GC(74) Concurrent Cleanup for Next Mark 0.332ms
[2026-03-19T14:51:26.124+0800][44.250s][info][gc          ] GC(74) Concurrent Undo Cycle 0.497ms
[2026-03-19T14:51:27.060+0800][45.187s][info][gc,start    ] GC(75) Pause Young (Concurrent Start) (G1 Humongous Allocation)
[2026-03-19T14:51:27.060+0800][45.187s][info][gc,task     ] GC(75) Using 3 workers of 13 for evacuation
[2026-03-19T14:51:27.062+0800][45.189s][info][gc,phases   ] GC(75)   Pre Evacuate Collection Set: 0.1ms
[2026-03-19T14:51:27.062+0800][45.189s][info][gc,phases   ] GC(75)   Merge Heap Roots: 0.1ms
[2026-03-19T14:51:27.062+0800][45.189s][info][gc,phases   ] GC(75)   Evacuate Collection Set: 0.7ms
[2026-03-19T14:51:27.062+0800][45.189s][info][gc,phases   ] GC(75)   Post Evacuate Collection Set: 0.4ms
[2026-03-19T14:51:27.062+0800][45.189s][info][gc,phases   ] GC(75)   Other: 0.4ms
[2026-03-19T14:51:27.062+0800][45.189s][info][gc,heap     ] GC(75) Eden regions: 13->0(74)
[2026-03-19T14:51:27.062+0800][45.189s][info][gc,heap     ] GC(75) Survivor regions: 2->2(10)
[2026-03-19T14:51:27.062+0800][45.189s][info][gc,heap     ] GC(75) Old regions: 18->18
[2026-03-19T14:51:27.062+0800][45.189s][info][gc,heap     ] GC(75) Archive regions: 0->0
[2026-03-19T14:51:27.063+0800][45.189s][info][gc,heap     ] GC(75) Humongous regions: 39->9
[2026-03-19T14:51:27.063+0800][45.190s][info][gc,metaspace] GC(75) Metaspace: 21832K(22144K)->21832K(22144K) NonClass: 19286K(19456K)->19286K(19456K) Class: 2546K(2688K)->2546K(2688K)
[2026-03-19T14:51:27.063+0800][45.190s][info][gc          ] GC(75) Pause Young (Concurrent Start) (G1 Humongous Allocation) 71M->28M(128M) 2.530ms
[2026-03-19T14:51:27.063+0800][45.190s][info][gc,cpu      ] GC(75) User=0.00s Sys=0.02s Real=0.00s
[2026-03-19T14:51:27.063+0800][45.190s][info][gc          ] GC(76) Concurrent Undo Cycle
[2026-03-19T14:51:27.063+0800][45.190s][info][gc,marking  ] GC(76) Concurrent Cleanup for Next Mark
[2026-03-19T14:51:27.063+0800][45.190s][info][gc,marking  ] GC(76) Concurrent Cleanup for Next Mark 0.360ms
[2026-03-19T14:51:27.064+0800][45.191s][info][gc          ] GC(76) Concurrent Undo Cycle 0.700ms
[2026-03-19T14:51:28.001+0800][46.128s][info][gc,start    ] GC(77) Pause Young (Concurrent Start) (G1 Humongous Allocation)
[2026-03-19T14:51:28.002+0800][46.128s][info][gc,task     ] GC(77) Using 3 workers of 13 for evacuation
[2026-03-19T14:51:28.003+0800][46.130s][info][gc,phases   ] GC(77)   Pre Evacuate Collection Set: 0.1ms
[2026-03-19T14:51:28.003+0800][46.130s][info][gc,phases   ] GC(77)   Merge Heap Roots: 0.1ms
[2026-03-19T14:51:28.004+0800][46.130s][info][gc,phases   ] GC(77)   Evacuate Collection Set: 0.7ms
[2026-03-19T14:51:28.004+0800][46.130s][info][gc,phases   ] GC(77)   Post Evacuate Collection Set: 0.6ms
[2026-03-19T14:51:28.004+0800][46.130s][info][gc,phases   ] GC(77)   Other: 0.4ms
[2026-03-19T14:51:28.004+0800][46.130s][info][gc,heap     ] GC(77) Eden regions: 13->0(74)
[2026-03-19T14:51:28.004+0800][46.130s][info][gc,heap     ] GC(77) Survivor regions: 2->2(10)
[2026-03-19T14:51:28.004+0800][46.131s][info][gc,heap     ] GC(77) Old regions: 18->18
[2026-03-19T14:51:28.004+0800][46.131s][info][gc,heap     ] GC(77) Archive regions: 0->0
[2026-03-19T14:51:28.004+0800][46.131s][info][gc,heap     ] GC(77) Humongous regions: 39->9
[2026-03-19T14:51:28.004+0800][46.131s][info][gc,metaspace] GC(77) Metaspace: 21838K(22144K)->21838K(22144K) NonClass: 19292K(19456K)->19292K(19456K) Class: 2546K(2688K)->2546K(2688K)
[2026-03-19T14:51:28.004+0800][46.131s][info][gc          ] GC(77) Pause Young (Concurrent Start) (G1 Humongous Allocation) 70M->28M(128M) 2.624ms
[2026-03-19T14:51:28.004+0800][46.131s][info][gc,cpu      ] GC(77) User=0.00s Sys=0.00s Real=0.00s
[2026-03-19T14:51:28.004+0800][46.131s][info][gc          ] GC(78) Concurrent Undo Cycle
[2026-03-19T14:51:28.004+0800][46.131s][info][gc,marking  ] GC(78) Concurrent Cleanup for Next Mark
[2026-03-19T14:51:28.005+0800][46.132s][info][gc,marking  ] GC(78) Concurrent Cleanup for Next Mark 0.472ms
[2026-03-19T14:51:28.005+0800][46.132s][info][gc          ] GC(78) Concurrent Undo Cycle 0.732ms
[2026-03-19T14:51:28.937+0800][47.064s][info][gc,start    ] GC(79) Pause Young (Concurrent Start) (G1 Humongous Allocation)
[2026-03-19T14:51:28.937+0800][47.064s][info][gc,task     ] GC(79) Using 3 workers of 13 for evacuation
[2026-03-19T14:51:28.941+0800][47.068s][info][gc,phases   ] GC(79)   Pre Evacuate Collection Set: 0.2ms
[2026-03-19T14:51:28.942+0800][47.068s][info][gc,phases   ] GC(79)   Merge Heap Roots: 0.1ms
[2026-03-19T14:51:28.942+0800][47.069s][info][gc,phases   ] GC(79)   Evacuate Collection Set: 2.7ms
[2026-03-19T14:51:28.942+0800][47.069s][info][gc,phases   ] GC(79)   Post Evacuate Collection Set: 0.7ms
[2026-03-19T14:51:28.942+0800][47.069s][info][gc,phases   ] GC(79)   Other: 0.7ms
[2026-03-19T14:51:28.942+0800][47.069s][info][gc,heap     ] GC(79) Eden regions: 18->0(73)
[2026-03-19T14:51:28.942+0800][47.069s][info][gc,heap     ] GC(79) Survivor regions: 2->3(10)
[2026-03-19T14:51:28.942+0800][47.069s][info][gc,heap     ] GC(79) Old regions: 18->18
[2026-03-19T14:51:28.942+0800][47.069s][info][gc,heap     ] GC(79) Archive regions: 0->0
[2026-03-19T14:51:28.943+0800][47.069s][info][gc,heap     ] GC(79) Humongous regions: 39->9
[2026-03-19T14:51:28.943+0800][47.069s][info][gc,metaspace] GC(79) Metaspace: 22905K(23168K)->22905K(23168K) NonClass: 20227K(20352K)->20227K(20352K) Class: 2678K(2816K)->2678K(2816K)
[2026-03-19T14:51:28.943+0800][47.070s][info][gc          ] GC(79) Pause Young (Concurrent Start) (G1 Humongous Allocation) 75M->29M(128M) 5.680ms
[2026-03-19T14:51:28.943+0800][47.070s][info][gc,cpu      ] GC(79) User=0.00s Sys=0.00s Real=0.01s
[2026-03-19T14:51:28.943+0800][47.070s][info][gc          ] GC(80) Concurrent Undo Cycle
[2026-03-19T14:51:28.943+0800][47.070s][info][gc,marking  ] GC(80) Concurrent Cleanup for Next Mark
[2026-03-19T14:51:28.944+0800][47.070s][info][gc,marking  ] GC(80) Concurrent Cleanup for Next Mark 0.424ms
[2026-03-19T14:51:28.944+0800][47.071s][info][gc          ] GC(80) Concurrent Undo Cycle 0.752ms
[2026-03-19T14:51:30.073+0800][48.200s][info][gc,start    ] GC(81) Pause Young (Concurrent Start) (G1 Humongous Allocation)
[2026-03-19T14:51:30.074+0800][48.201s][info][gc,task     ] GC(81) Using 3 workers of 13 for evacuation
[2026-03-19T14:51:30.078+0800][48.204s][info][gc,phases   ] GC(81)   Pre Evacuate Collection Set: 0.1ms
[2026-03-19T14:51:30.078+0800][48.205s][info][gc,phases   ] GC(81)   Merge Heap Roots: 0.1ms
[2026-03-19T14:51:30.078+0800][48.205s][info][gc,phases   ] GC(81)   Evacuate Collection Set: 2.9ms
[2026-03-19T14:51:30.078+0800][48.205s][info][gc,phases   ] GC(81)   Post Evacuate Collection Set: 0.5ms
[2026-03-19T14:51:30.078+0800][48.205s][info][gc,phases   ] GC(81)   Other: 0.5ms
[2026-03-19T14:51:30.078+0800][48.205s][info][gc,heap     ] GC(81) Eden regions: 30->0(64)
[2026-03-19T14:51:30.079+0800][48.205s][info][gc,heap     ] GC(81) Survivor regions: 3->4(10)
[2026-03-19T14:51:30.079+0800][48.205s][info][gc,heap     ] GC(81) Old regions: 18->18
[2026-03-19T14:51:30.079+0800][48.205s][info][gc,heap     ] GC(81) Archive regions: 0->0
[2026-03-19T14:51:30.079+0800][48.205s][info][gc,heap     ] GC(81) Humongous regions: 39->19
[2026-03-19T14:51:30.079+0800][48.205s][info][gc,metaspace] GC(81) Metaspace: 24190K(24512K)->24190K(24512K) NonClass: 21390K(21568K)->21390K(21568K) Class: 2800K(2944K)->2800K(2944K)
[2026-03-19T14:51:30.079+0800][48.205s][info][gc          ] GC(81) Pause Young (Concurrent Start) (G1 Humongous Allocation) 88M->40M(128M) 4.943ms
[2026-03-19T14:51:30.079+0800][48.205s][info][gc,cpu      ] GC(81) User=0.08s Sys=0.02s Real=0.01s
[2026-03-19T14:51:30.079+0800][48.206s][info][gc          ] GC(82) Concurrent Undo Cycle
[2026-03-19T14:51:30.079+0800][48.206s][info][gc,marking  ] GC(82) Concurrent Cleanup for Next Mark
[2026-03-19T14:51:30.080+0800][48.206s][info][gc,marking  ] GC(82) Concurrent Cleanup for Next Mark 0.325ms
[2026-03-19T14:51:30.080+0800][48.206s][info][gc          ] GC(82) Concurrent Undo Cycle 0.591ms
[2026-03-19T14:51:30.733+0800][48.860s][info][gc,start    ] GC(83) Pause Young (Concurrent Start) (G1 Humongous Allocation)
[2026-03-19T14:51:30.733+0800][48.860s][info][gc,task     ] GC(83) Using 3 workers of 13 for evacuation
[2026-03-19T14:51:30.737+0800][48.863s][info][gc,phases   ] GC(83)   Pre Evacuate Collection Set: 0.1ms
[2026-03-19T14:51:30.737+0800][48.863s][info][gc,phases   ] GC(83)   Merge Heap Roots: 0.2ms
[2026-03-19T14:51:30.737+0800][48.863s][info][gc,phases   ] GC(83)   Evacuate Collection Set: 2.3ms
[2026-03-19T14:51:30.737+0800][48.864s][info][gc,phases   ] GC(83)   Post Evacuate Collection Set: 0.6ms
[2026-03-19T14:51:30.737+0800][48.864s][info][gc,phases   ] GC(83)   Other: 0.4ms
[2026-03-19T14:51:30.737+0800][48.864s][info][gc,heap     ] GC(83) Eden regions: 9->0(47)
[2026-03-19T14:51:30.737+0800][48.864s][info][gc,heap     ] GC(83) Survivor regions: 4->4(9)
[2026-03-19T14:51:30.737+0800][48.864s][info][gc,heap     ] GC(83) Old regions: 18->18
[2026-03-19T14:51:30.737+0800][48.864s][info][gc,heap     ] GC(83) Archive regions: 0->0
[2026-03-19T14:51:30.737+0800][48.864s][info][gc,heap     ] GC(83) Humongous regions: 39->39
[2026-03-19T14:51:30.737+0800][48.864s][info][gc,metaspace] GC(83) Metaspace: 24190K(24512K)->24190K(24512K) NonClass: 21390K(21568K)->21390K(21568K) Class: 2800K(2944K)->2800K(2944K)
[2026-03-19T14:51:30.737+0800][48.864s][info][gc          ] GC(83) Pause Young (Concurrent Start) (G1 Humongous Allocation) 68M->59M(128M) 4.327ms
[2026-03-19T14:51:30.737+0800][48.864s][info][gc,cpu      ] GC(83) User=0.00s Sys=0.00s Real=0.00s
[2026-03-19T14:51:30.737+0800][48.864s][info][gc          ] GC(84) Concurrent Undo Cycle
[2026-03-19T14:51:30.738+0800][48.864s][info][gc,marking  ] GC(84) Concurrent Cleanup for Next Mark
[2026-03-19T14:51:30.738+0800][48.865s][info][gc,marking  ] GC(84) Concurrent Cleanup for Next Mark 0.407ms
[2026-03-19T14:51:30.738+0800][48.865s][info][gc          ] GC(84) Concurrent Undo Cycle 0.691ms
[2026-03-19T14:51:30.738+0800][48.866s][info][gc,start    ] GC(85) Pause Young (Concurrent Start) (G1 Humongous Allocation)
[2026-03-19T14:51:30.739+0800][48.866s][info][gc,task     ] GC(85) Using 3 workers of 13 for evacuation
[2026-03-19T14:51:30.742+0800][48.869s][info][gc,phases   ] GC(85)   Pre Evacuate Collection Set: 0.2ms
[2026-03-19T14:51:30.742+0800][48.869s][info][gc,phases   ] GC(85)   Merge Heap Roots: 0.2ms
[2026-03-19T14:51:30.742+0800][48.869s][info][gc,phases   ] GC(85)   Evacuate Collection Set: 2.1ms
[2026-03-19T14:51:30.742+0800][48.870s][info][gc,phases   ] GC(85)   Post Evacuate Collection Set: 0.7ms
[2026-03-19T14:51:30.742+0800][48.870s][info][gc,phases   ] GC(85)   Other: 0.4ms
[2026-03-19T14:51:30.742+0800][48.870s][info][gc,heap     ] GC(85) Eden regions: 1->0(48)
[2026-03-19T14:51:30.743+0800][48.870s][info][gc,heap     ] GC(85) Survivor regions: 4->3(7)
[2026-03-19T14:51:30.743+0800][48.870s][info][gc,heap     ] GC(85) Old regions: 18->18
[2026-03-19T14:51:30.743+0800][48.870s][info][gc,heap     ] GC(85) Archive regions: 0->0
[2026-03-19T14:51:30.743+0800][48.870s][info][gc,heap     ] GC(85) Humongous regions: 40->40
[2026-03-19T14:51:30.743+0800][48.870s][info][gc,metaspace] GC(85) Metaspace: 24190K(24512K)->24190K(24512K) NonClass: 21390K(21568K)->21390K(21568K) Class: 2800K(2944K)->2800K(2944K)
[2026-03-19T14:51:30.743+0800][48.870s][info][gc          ] GC(85) Pause Young (Concurrent Start) (G1 Humongous Allocation) 61M->60M(128M) 4.373ms
[2026-03-19T14:51:30.743+0800][48.870s][info][gc,cpu      ] GC(85) User=0.00s Sys=0.00s Real=0.01s
[2026-03-19T14:51:30.743+0800][48.870s][info][gc          ] GC(86) Concurrent Mark Cycle
[2026-03-19T14:51:30.743+0800][48.870s][info][gc,marking  ] GC(86) Concurrent Clear Claimed Marks
[2026-03-19T14:51:30.743+0800][48.871s][info][gc,marking  ] GC(86) Concurrent Clear Claimed Marks 0.080ms
[2026-03-19T14:51:30.743+0800][48.871s][info][gc,marking  ] GC(86) Concurrent Scan Root Regions
[2026-03-19T14:51:30.745+0800][48.872s][info][gc,marking  ] GC(86) Concurrent Scan Root Regions 1.198ms
[2026-03-19T14:51:30.745+0800][48.872s][info][gc,marking  ] GC(86) Concurrent Mark
[2026-03-19T14:51:30.745+0800][48.872s][info][gc,marking  ] GC(86) Concurrent Mark From Roots
[2026-03-19T14:51:30.745+0800][48.872s][info][gc,task     ] GC(86) Using 3 workers of 3 for marking
[2026-03-19T14:51:30.753+0800][48.880s][info][gc,marking  ] GC(86) Concurrent Mark From Roots 7.797ms
[2026-03-19T14:51:30.753+0800][48.880s][info][gc,marking  ] GC(86) Concurrent Preclean
[2026-03-19T14:51:30.754+0800][48.880s][info][gc,marking  ] GC(86) Concurrent Preclean 0.257ms
[2026-03-19T14:51:30.754+0800][48.881s][info][gc,start    ] GC(86) Pause Remark
[2026-03-19T14:51:30.758+0800][48.885s][info][gc          ] GC(86) Pause Remark 70M->40M(128M) 4.138ms
[2026-03-19T14:51:30.758+0800][48.885s][info][gc,cpu      ] GC(86) User=0.00s Sys=0.00s Real=0.00s
[2026-03-19T14:51:30.758+0800][48.885s][info][gc,marking  ] GC(86) Concurrent Mark 13.197ms
[2026-03-19T14:51:30.758+0800][48.885s][info][gc,marking  ] GC(86) Concurrent Rebuild Remembered Sets
[2026-03-19T14:51:30.762+0800][48.889s][info][gc,marking  ] GC(86) Concurrent Rebuild Remembered Sets 3.871ms
[2026-03-19T14:51:30.762+0800][48.890s][info][gc,start    ] GC(86) Pause Cleanup
[2026-03-19T14:51:30.763+0800][48.890s][info][gc          ] GC(86) Pause Cleanup 40M->40M(128M) 0.261ms
[2026-03-19T14:51:30.763+0800][48.890s][info][gc,cpu      ] GC(86) User=0.00s Sys=0.00s Real=0.00s
[2026-03-19T14:51:30.763+0800][48.890s][info][gc,marking  ] GC(86) Concurrent Cleanup for Next Mark
[2026-03-19T14:51:30.763+0800][48.890s][info][gc,marking  ] GC(86) Concurrent Cleanup for Next Mark 0.374ms
[2026-03-19T14:51:30.763+0800][48.891s][info][gc          ] GC(86) Concurrent Mark Cycle 20.244ms
[2026-03-19T14:51:31.686+0800][49.812s][info][gc,start    ] GC(87) Pause Young (Concurrent Start) (G1 Humongous Allocation)
[2026-03-19T14:51:31.686+0800][49.813s][info][gc,task     ] GC(87) Using 3 workers of 13 for evacuation
[2026-03-19T14:51:31.689+0800][49.816s][info][gc,phases   ] GC(87)   Pre Evacuate Collection Set: 0.2ms
[2026-03-19T14:51:31.689+0800][49.816s][info][gc,phases   ] GC(87)   Merge Heap Roots: 0.2ms
[2026-03-19T14:51:31.689+0800][49.816s][info][gc,phases   ] GC(87)   Evacuate Collection Set: 1.9ms
[2026-03-19T14:51:31.689+0800][49.816s][info][gc,phases   ] GC(87)   Post Evacuate Collection Set: 0.6ms
[2026-03-19T14:51:31.689+0800][49.816s][info][gc,phases   ] GC(87)   Other: 0.5ms
[2026-03-19T14:51:31.689+0800][49.816s][info][gc,heap     ] GC(87) Eden regions: 13->0(48)
[2026-03-19T14:51:31.689+0800][49.816s][info][gc,heap     ] GC(87) Survivor regions: 3->4(7)
[2026-03-19T14:51:31.689+0800][49.816s][info][gc,heap     ] GC(87) Old regions: 18->18
[2026-03-19T14:51:31.689+0800][49.816s][info][gc,heap     ] GC(87) Archive regions: 0->0
[2026-03-19T14:51:31.689+0800][49.816s][info][gc,heap     ] GC(87) Humongous regions: 39->39
[2026-03-19T14:51:31.689+0800][49.816s][info][gc,metaspace] GC(87) Metaspace: 24190K(24512K)->24190K(24512K) NonClass: 21390K(21568K)->21390K(21568K) Class: 2800K(2944K)->2800K(2944K)
[2026-03-19T14:51:31.689+0800][49.816s][info][gc          ] GC(87) Pause Young (Concurrent Start) (G1 Humongous Allocation) 71M->59M(128M) 4.127ms
[2026-03-19T14:51:31.689+0800][49.817s][info][gc,cpu      ] GC(87) User=0.03s Sys=0.00s Real=0.00s
[2026-03-19T14:51:31.690+0800][49.817s][info][gc          ] GC(88) Concurrent Undo Cycle
[2026-03-19T14:51:31.690+0800][49.817s][info][gc,marking  ] GC(88) Concurrent Cleanup for Next Mark
[2026-03-19T14:51:31.690+0800][49.817s][info][gc,marking  ] GC(88) Concurrent Cleanup for Next Mark 0.421ms
[2026-03-19T14:51:31.690+0800][49.817s][info][gc          ] GC(88) Concurrent Undo Cycle 0.684ms
[2026-03-19T14:51:31.691+0800][49.818s][info][gc,start    ] GC(89) Pause Young (Concurrent Start) (G1 Humongous Allocation)
[2026-03-19T14:51:31.691+0800][49.818s][info][gc,task     ] GC(89) Using 3 workers of 13 for evacuation
[2026-03-19T14:51:31.694+0800][49.821s][info][gc,phases   ] GC(89)   Pre Evacuate Collection Set: 0.3ms
[2026-03-19T14:51:31.694+0800][49.821s][info][gc,phases   ] GC(89)   Merge Heap Roots: 0.3ms
[2026-03-19T14:51:31.694+0800][49.822s][info][gc,phases   ] GC(89)   Evacuate Collection Set: 1.9ms
[2026-03-19T14:51:31.694+0800][49.822s][info][gc,phases   ] GC(89)   Post Evacuate Collection Set: 0.7ms
[2026-03-19T14:51:31.694+0800][49.822s][info][gc,phases   ] GC(89)   Other: 0.3ms
[2026-03-19T14:51:31.695+0800][49.822s][info][gc,heap     ] GC(89) Eden regions: 1->0(48)
[2026-03-19T14:51:31.695+0800][49.822s][info][gc,heap     ] GC(89) Survivor regions: 4->4(7)
[2026-03-19T14:51:31.695+0800][49.822s][info][gc,heap     ] GC(89) Old regions: 18->18
[2026-03-19T14:51:31.695+0800][49.822s][info][gc,heap     ] GC(89) Archive regions: 0->0
[2026-03-19T14:51:31.695+0800][49.822s][info][gc,heap     ] GC(89) Humongous regions: 40->40
[2026-03-19T14:51:31.695+0800][49.822s][info][gc,metaspace] GC(89) Metaspace: 24190K(24512K)->24190K(24512K) NonClass: 21390K(21568K)->21390K(21568K) Class: 2800K(2944K)->2800K(2944K)
[2026-03-19T14:51:31.695+0800][49.822s][info][gc          ] GC(89) Pause Young (Concurrent Start) (G1 Humongous Allocation) 61M->60M(128M) 4.094ms
[2026-03-19T14:51:31.695+0800][49.822s][info][gc,cpu      ] GC(89) User=0.00s Sys=0.00s Real=0.00s
[2026-03-19T14:51:31.695+0800][49.822s][info][gc          ] GC(90) Concurrent Mark Cycle
[2026-03-19T14:51:31.695+0800][49.822s][info][gc,marking  ] GC(90) Concurrent Clear Claimed Marks
[2026-03-19T14:51:31.695+0800][49.822s][info][gc,marking  ] GC(90) Concurrent Clear Claimed Marks 0.085ms
[2026-03-19T14:51:31.695+0800][49.822s][info][gc,marking  ] GC(90) Concurrent Scan Root Regions
[2026-03-19T14:51:31.697+0800][49.824s][info][gc,marking  ] GC(90) Concurrent Scan Root Regions 1.026ms
[2026-03-19T14:51:31.697+0800][49.824s][info][gc,marking  ] GC(90) Concurrent Mark
[2026-03-19T14:51:31.697+0800][49.824s][info][gc,marking  ] GC(90) Concurrent Mark From Roots
[2026-03-19T14:51:31.697+0800][49.824s][info][gc,task     ] GC(90) Using 3 workers of 3 for marking
[2026-03-19T14:51:31.704+0800][49.831s][info][gc,marking  ] GC(90) Concurrent Mark From Roots 7.041ms
[2026-03-19T14:51:31.704+0800][49.831s][info][gc,marking  ] GC(90) Concurrent Preclean
[2026-03-19T14:51:31.704+0800][49.831s][info][gc,marking  ] GC(90) Concurrent Preclean 0.223ms
[2026-03-19T14:51:31.705+0800][49.832s][info][gc,start    ] GC(90) Pause Remark
[2026-03-19T14:51:31.708+0800][49.836s][info][gc          ] GC(90) Pause Remark 70M->40M(128M) 4.080ms
[2026-03-19T14:51:31.709+0800][49.836s][info][gc,cpu      ] GC(90) User=0.00s Sys=0.00s Real=0.00s
[2026-03-19T14:51:31.709+0800][49.836s][info][gc,marking  ] GC(90) Concurrent Mark 12.350ms
[2026-03-19T14:51:31.709+0800][49.836s][info][gc,marking  ] GC(90) Concurrent Rebuild Remembered Sets
[2026-03-19T14:51:31.713+0800][49.840s][info][gc,marking  ] GC(90) Concurrent Rebuild Remembered Sets 3.671ms
[2026-03-19T14:51:31.713+0800][49.840s][info][gc,start    ] GC(90) Pause Cleanup
[2026-03-19T14:51:31.713+0800][49.841s][info][gc          ] GC(90) Pause Cleanup 40M->40M(128M) 0.304ms
[2026-03-19T14:51:31.714+0800][49.841s][info][gc,cpu      ] GC(90) User=0.00s Sys=0.00s Real=0.00s
[2026-03-19T14:51:31.714+0800][49.841s][info][gc,marking  ] GC(90) Concurrent Cleanup for Next Mark
[2026-03-19T14:51:31.714+0800][49.842s][info][gc,marking  ] GC(90) Concurrent Cleanup for Next Mark 0.534ms
[2026-03-19T14:51:31.714+0800][49.842s][info][gc          ] GC(90) Concurrent Mark Cycle 19.524ms
[2026-03-19T14:51:32.637+0800][50.764s][info][gc,start    ] GC(91) Pause Young (Concurrent Start) (G1 Humongous Allocation)
[2026-03-19T14:51:32.638+0800][50.765s][info][gc,task     ] GC(91) Using 3 workers of 13 for evacuation
[2026-03-19T14:51:32.641+0800][50.768s][info][gc,phases   ] GC(91)   Pre Evacuate Collection Set: 0.1ms
[2026-03-19T14:51:32.641+0800][50.768s][info][gc,phases   ] GC(91)   Merge Heap Roots: 0.1ms
[2026-03-19T14:51:32.641+0800][50.768s][info][gc,phases   ] GC(91)   Evacuate Collection Set: 2.3ms
[2026-03-19T14:51:32.642+0800][50.768s][info][gc,phases   ] GC(91)   Post Evacuate Collection Set: 0.5ms
[2026-03-19T14:51:32.642+0800][50.768s][info][gc,phases   ] GC(91)   Other: 0.6ms
[2026-03-19T14:51:32.642+0800][50.768s][info][gc,heap     ] GC(91) Eden regions: 12->0(49)
[2026-03-19T14:51:32.642+0800][50.768s][info][gc,heap     ] GC(91) Survivor regions: 4->4(7)
[2026-03-19T14:51:32.642+0800][50.768s][info][gc,heap     ] GC(91) Old regions: 18->18
[2026-03-19T14:51:32.642+0800][50.769s][info][gc,heap     ] GC(91) Archive regions: 0->0
[2026-03-19T14:51:32.642+0800][50.769s][info][gc,heap     ] GC(91) Humongous regions: 39->39
[2026-03-19T14:51:32.642+0800][50.769s][info][gc,metaspace] GC(91) Metaspace: 24190K(24512K)->24190K(24512K) NonClass: 21390K(21568K)->21390K(21568K) Class: 2800K(2944K)->2800K(2944K)
[2026-03-19T14:51:32.642+0800][50.769s][info][gc          ] GC(91) Pause Young (Concurrent Start) (G1 Humongous Allocation) 71M->60M(128M) 4.322ms
[2026-03-19T14:51:32.642+0800][50.769s][info][gc,cpu      ] GC(91) User=0.03s Sys=0.02s Real=0.00s
[2026-03-19T14:51:32.642+0800][50.769s][info][gc          ] GC(92) Concurrent Undo Cycle
[2026-03-19T14:51:32.642+0800][50.769s][info][gc,marking  ] GC(92) Concurrent Cleanup for Next Mark
[2026-03-19T14:51:32.643+0800][50.769s][info][gc,marking  ] GC(92) Concurrent Cleanup for Next Mark 0.449ms
[2026-03-19T14:51:32.643+0800][50.770s][info][gc          ] GC(92) Concurrent Undo Cycle 0.749ms
[2026-03-19T14:51:32.644+0800][50.770s][info][gc,start    ] GC(93) Pause Young (Concurrent Start) (G1 Humongous Allocation)
[2026-03-19T14:51:32.644+0800][50.771s][info][gc,task     ] GC(93) Using 3 workers of 13 for evacuation
[2026-03-19T14:51:32.647+0800][50.774s][info][gc,phases   ] GC(93)   Pre Evacuate Collection Set: 0.1ms
[2026-03-19T14:51:32.647+0800][50.774s][info][gc,phases   ] GC(93)   Merge Heap Roots: 0.1ms
[2026-03-19T14:51:32.647+0800][50.774s][info][gc,phases   ] GC(93)   Evacuate Collection Set: 2.4ms
[2026-03-19T14:51:32.647+0800][50.774s][info][gc,phases   ] GC(93)   Post Evacuate Collection Set: 0.5ms
[2026-03-19T14:51:32.647+0800][50.774s][info][gc,phases   ] GC(93)   Other: 0.5ms
[2026-03-19T14:51:32.647+0800][50.775s][info][gc,heap     ] GC(93) Eden regions: 1->0(49)
[2026-03-19T14:51:32.647+0800][50.775s][info][gc,heap     ] GC(93) Survivor regions: 4->4(7)
[2026-03-19T14:51:32.647+0800][50.775s][info][gc,heap     ] GC(93) Old regions: 18->18
[2026-03-19T14:51:32.648+0800][50.775s][info][gc,heap     ] GC(93) Archive regions: 0->0
[2026-03-19T14:51:32.648+0800][50.775s][info][gc,heap     ] GC(93) Humongous regions: 40->40
[2026-03-19T14:51:32.648+0800][50.775s][info][gc,metaspace] GC(93) Metaspace: 24190K(24512K)->24190K(24512K) NonClass: 21390K(21568K)->21390K(21568K) Class: 2800K(2944K)->2800K(2944K)
[2026-03-19T14:51:32.648+0800][50.775s][info][gc          ] GC(93) Pause Young (Concurrent Start) (G1 Humongous Allocation) 61M->60M(128M) 4.512ms
[2026-03-19T14:51:32.648+0800][50.775s][info][gc,cpu      ] GC(93) User=0.00s Sys=0.00s Real=0.00s
[2026-03-19T14:51:32.648+0800][50.775s][info][gc          ] GC(94) Concurrent Mark Cycle
[2026-03-19T14:51:32.648+0800][50.775s][info][gc,marking  ] GC(94) Concurrent Clear Claimed Marks
[2026-03-19T14:51:32.648+0800][50.775s][info][gc,marking  ] GC(94) Concurrent Clear Claimed Marks 0.107ms
[2026-03-19T14:51:32.648+0800][50.776s][info][gc,marking  ] GC(94) Concurrent Scan Root Regions
[2026-03-19T14:51:32.649+0800][50.777s][info][gc,marking  ] GC(94) Concurrent Scan Root Regions 1.030ms
[2026-03-19T14:51:32.650+0800][50.777s][info][gc,marking  ] GC(94) Concurrent Mark
[2026-03-19T14:51:32.650+0800][50.777s][info][gc,marking  ] GC(94) Concurrent Mark From Roots
[2026-03-19T14:51:32.650+0800][50.777s][info][gc,task     ] GC(94) Using 3 workers of 3 for marking
[2026-03-19T14:51:32.657+0800][50.784s][info][gc,marking  ] GC(94) Concurrent Mark From Roots 7.287ms
[2026-03-19T14:51:32.657+0800][50.784s][info][gc,marking  ] GC(94) Concurrent Preclean
[2026-03-19T14:51:32.658+0800][50.785s][info][gc,marking  ] GC(94) Concurrent Preclean 0.261ms
[2026-03-19T14:51:32.658+0800][50.785s][info][gc,start    ] GC(94) Pause Remark
[2026-03-19T14:51:32.662+0800][50.789s][info][gc          ] GC(94) Pause Remark 70M->40M(128M) 3.915ms
[2026-03-19T14:51:32.662+0800][50.789s][info][gc,cpu      ] GC(94) User=0.00s Sys=0.00s Real=0.00s
[2026-03-19T14:51:32.662+0800][50.789s][info][gc,marking  ] GC(94) Concurrent Mark 12.381ms
[2026-03-19T14:51:32.662+0800][50.789s][info][gc,marking  ] GC(94) Concurrent Rebuild Remembered Sets
[2026-03-19T14:51:32.667+0800][50.793s][info][gc,marking  ] GC(94) Concurrent Rebuild Remembered Sets 4.062ms
[2026-03-19T14:51:32.667+0800][50.794s][info][gc,start    ] GC(94) Pause Cleanup
[2026-03-19T14:51:32.668+0800][50.794s][info][gc          ] GC(94) Pause Cleanup 40M->40M(128M) 0.241ms
[2026-03-19T14:51:32.668+0800][50.794s][info][gc,cpu      ] GC(94) User=0.00s Sys=0.00s Real=0.00s
[2026-03-19T14:51:32.668+0800][50.794s][info][gc,marking  ] GC(94) Concurrent Cleanup for Next Mark
[2026-03-19T14:51:32.668+0800][50.795s][info][gc,marking  ] GC(94) Concurrent Cleanup for Next Mark 0.569ms
[2026-03-19T14:51:32.668+0800][50.795s][info][gc          ] GC(94) Concurrent Mark Cycle 19.726ms
[2026-03-19T14:51:33.660+0800][51.787s][info][gc,start    ] GC(95) Pause Young (Concurrent Start) (G1 Humongous Allocation)
[2026-03-19T14:51:33.660+0800][51.787s][info][gc,task     ] GC(95) Using 3 workers of 13 for evacuation
[2026-03-19T14:51:33.663+0800][51.790s][info][gc,phases   ] GC(95)   Pre Evacuate Collection Set: 0.1ms
[2026-03-19T14:51:33.664+0800][51.791s][info][gc,phases   ] GC(95)   Merge Heap Roots: 0.1ms
[2026-03-19T14:51:33.664+0800][51.791s][info][gc,phases   ] GC(95)   Evacuate Collection Set: 2.6ms
[2026-03-19T14:51:33.664+0800][51.791s][info][gc,phases   ] GC(95)   Post Evacuate Collection Set: 0.5ms
[2026-03-19T14:51:33.664+0800][51.791s][info][gc,phases   ] GC(95)   Other: 0.5ms
[2026-03-19T14:51:33.664+0800][51.791s][info][gc,heap     ] GC(95) Eden regions: 12->0(49)
[2026-03-19T14:51:33.664+0800][51.791s][info][gc,heap     ] GC(95) Survivor regions: 4->4(7)
[2026-03-19T14:51:33.664+0800][51.791s][info][gc,heap     ] GC(95) Old regions: 18->18
[2026-03-19T14:51:33.664+0800][51.791s][info][gc,heap     ] GC(95) Archive regions: 0->0
[2026-03-19T14:51:33.664+0800][51.791s][info][gc,heap     ] GC(95) Humongous regions: 39->39
[2026-03-19T14:51:33.664+0800][51.791s][info][gc,metaspace] GC(95) Metaspace: 24190K(24512K)->24190K(24512K) NonClass: 21390K(21568K)->21390K(21568K) Class: 2800K(2944K)->2800K(2944K)
[2026-03-19T14:51:33.664+0800][51.791s][info][gc          ] GC(95) Pause Young (Concurrent Start) (G1 Humongous Allocation) 71M->60M(128M) 4.800ms
[2026-03-19T14:51:33.665+0800][51.791s][info][gc,cpu      ] GC(95) User=0.00s Sys=0.00s Real=0.00s
[2026-03-19T14:51:33.665+0800][51.792s][info][gc          ] GC(96) Concurrent Undo Cycle
[2026-03-19T14:51:33.665+0800][51.792s][info][gc,marking  ] GC(96) Concurrent Cleanup for Next Mark
[2026-03-19T14:51:33.665+0800][51.792s][info][gc,marking  ] GC(96) Concurrent Cleanup for Next Mark 0.440ms
[2026-03-19T14:51:33.665+0800][51.792s][info][gc          ] GC(96) Concurrent Undo Cycle 0.826ms
[2026-03-19T14:51:33.673+0800][51.800s][info][gc,start    ] GC(97) Pause Young (Concurrent Start) (G1 Humongous Allocation)
[2026-03-19T14:51:33.674+0800][51.800s][info][gc,task     ] GC(97) Using 3 workers of 13 for evacuation
[2026-03-19T14:51:33.677+0800][51.803s][info][gc,phases   ] GC(97)   Pre Evacuate Collection Set: 0.1ms
[2026-03-19T14:51:33.677+0800][51.803s][info][gc,phases   ] GC(97)   Merge Heap Roots: 0.1ms
[2026-03-19T14:51:33.677+0800][51.803s][info][gc,phases   ] GC(97)   Evacuate Collection Set: 2.0ms
[2026-03-19T14:51:33.677+0800][51.804s][info][gc,phases   ] GC(97)   Post Evacuate Collection Set: 0.5ms
[2026-03-19T14:51:33.677+0800][51.804s][info][gc,phases   ] GC(97)   Other: 0.6ms
[2026-03-19T14:51:33.677+0800][51.804s][info][gc,heap     ] GC(97) Eden regions: 1->0(50)
[2026-03-19T14:51:33.677+0800][51.804s][info][gc,heap     ] GC(97) Survivor regions: 4->3(7)
[2026-03-19T14:51:33.677+0800][51.804s][info][gc,heap     ] GC(97) Old regions: 18->18
[2026-03-19T14:51:33.677+0800][51.804s][info][gc,heap     ] GC(97) Archive regions: 0->0
[2026-03-19T14:51:33.677+0800][51.804s][info][gc,heap     ] GC(97) Humongous regions: 40->40
[2026-03-19T14:51:33.677+0800][51.804s][info][gc,metaspace] GC(97) Metaspace: 24190K(24512K)->24190K(24512K) NonClass: 21390K(21568K)->21390K(21568K) Class: 2800K(2944K)->2800K(2944K)
[2026-03-19T14:51:33.677+0800][51.804s][info][gc          ] GC(97) Pause Young (Concurrent Start) (G1 Humongous Allocation) 61M->60M(128M) 4.287ms
[2026-03-19T14:51:33.677+0800][51.804s][info][gc,cpu      ] GC(97) User=0.00s Sys=0.00s Real=0.00s
[2026-03-19T14:51:33.677+0800][51.804s][info][gc          ] GC(98) Concurrent Mark Cycle
[2026-03-19T14:51:33.678+0800][51.805s][info][gc,marking  ] GC(98) Concurrent Clear Claimed Marks
[2026-03-19T14:51:33.678+0800][51.805s][info][gc,marking  ] GC(98) Concurrent Clear Claimed Marks 0.111ms
[2026-03-19T14:51:33.678+0800][51.805s][info][gc,marking  ] GC(98) Concurrent Scan Root Regions
[2026-03-19T14:51:33.679+0800][51.806s][info][gc,marking  ] GC(98) Concurrent Scan Root Regions 1.354ms
[2026-03-19T14:51:33.679+0800][51.806s][info][gc,marking  ] GC(98) Concurrent Mark
[2026-03-19T14:51:33.679+0800][51.806s][info][gc,marking  ] GC(98) Concurrent Mark From Roots
[2026-03-19T14:51:33.679+0800][51.806s][info][gc,task     ] GC(98) Using 3 workers of 3 for marking
[2026-03-19T14:51:33.688+0800][51.814s][info][gc,marking  ] GC(98) Concurrent Mark From Roots 8.003ms
[2026-03-19T14:51:33.688+0800][51.815s][info][gc,marking  ] GC(98) Concurrent Preclean
[2026-03-19T14:51:33.688+0800][51.815s][info][gc,marking  ] GC(98) Concurrent Preclean 0.273ms
[2026-03-19T14:51:33.702+0800][51.829s][info][gc,start    ] GC(98) Pause Remark
[2026-03-19T14:51:33.707+0800][51.833s][info][gc          ] GC(98) Pause Remark 68M->38M(128M) 4.549ms
[2026-03-19T14:51:33.707+0800][51.834s][info][gc,cpu      ] GC(98) User=0.00s Sys=0.00s Real=0.01s
[2026-03-19T14:51:33.707+0800][51.834s][info][gc,marking  ] GC(98) Concurrent Mark 27.544ms
[2026-03-19T14:51:33.707+0800][51.834s][info][gc,marking  ] GC(98) Concurrent Rebuild Remembered Sets
[2026-03-19T14:51:33.711+0800][51.838s][info][gc,marking  ] GC(98) Concurrent Rebuild Remembered Sets 4.115ms
[2026-03-19T14:51:33.712+0800][51.838s][info][gc,start    ] GC(98) Pause Cleanup
[2026-03-19T14:51:33.712+0800][51.839s][info][gc          ] GC(98) Pause Cleanup 40M->40M(128M) 0.337ms
[2026-03-19T14:51:33.712+0800][51.839s][info][gc,cpu      ] GC(98) User=0.00s Sys=0.00s Real=0.00s
[2026-03-19T14:51:33.712+0800][51.839s][info][gc,marking  ] GC(98) Concurrent Cleanup for Next Mark
[2026-03-19T14:51:33.713+0800][51.840s][info][gc,marking  ] GC(98) Concurrent Cleanup for Next Mark 0.423ms
[2026-03-19T14:51:33.713+0800][51.840s][info][gc          ] GC(98) Concurrent Mark Cycle 35.314ms
[2026-03-19T14:51:34.645+0800][52.773s][info][gc,start    ] GC(99) Pause Young (Concurrent Start) (G1 Humongous Allocation)
[2026-03-19T14:51:34.645+0800][52.773s][info][gc,task     ] GC(99) Using 3 workers of 13 for evacuation
[2026-03-19T14:51:34.651+0800][52.777s][info][gc,phases   ] GC(99)   Pre Evacuate Collection Set: 0.1ms
[2026-03-19T14:51:34.651+0800][52.777s][info][gc,phases   ] GC(99)   Merge Heap Roots: 0.2ms
[2026-03-19T14:51:34.651+0800][52.777s][info][gc,phases   ] GC(99)   Evacuate Collection Set: 2.6ms
[2026-03-19T14:51:34.651+0800][52.778s][info][gc,phases   ] GC(99)   Post Evacuate Collection Set: 1.3ms
[2026-03-19T14:51:34.651+0800][52.778s][info][gc,phases   ] GC(99)   Other: 0.4ms
[2026-03-19T14:51:34.651+0800][52.778s][info][gc,heap     ] GC(99) Eden regions: 12->0(50)
[2026-03-19T14:51:34.651+0800][52.778s][info][gc,heap     ] GC(99) Survivor regions: 3->4(7)
[2026-03-19T14:51:34.651+0800][52.778s][info][gc,heap     ] GC(99) Old regions: 18->18
[2026-03-19T14:51:34.651+0800][52.778s][info][gc,heap     ] GC(99) Archive regions: 0->0
[2026-03-19T14:51:34.651+0800][52.778s][info][gc,heap     ] GC(99) Humongous regions: 39->39
[2026-03-19T14:51:34.651+0800][52.778s][info][gc,metaspace] GC(99) Metaspace: 24190K(24512K)->24190K(24512K) NonClass: 21390K(21568K)->21390K(21568K) Class: 2800K(2944K)->2800K(2944K)
[2026-03-19T14:51:34.652+0800][52.778s][info][gc          ] GC(99) Pause Young (Concurrent Start) (G1 Humongous Allocation) 71M->60M(128M) 5.418ms
[2026-03-19T14:51:34.652+0800][52.778s][info][gc,cpu      ] GC(99) User=0.00s Sys=0.00s Real=0.01s
[2026-03-19T14:51:34.652+0800][52.778s][info][gc          ] GC(100) Concurrent Undo Cycle
[2026-03-19T14:51:34.652+0800][52.778s][info][gc,marking  ] GC(100) Concurrent Cleanup for Next Mark
[2026-03-19T14:51:34.652+0800][52.779s][info][gc,marking  ] GC(100) Concurrent Cleanup for Next Mark 0.445ms
[2026-03-19T14:51:34.653+0800][52.779s][info][gc          ] GC(100) Concurrent Undo Cycle 0.792ms
[2026-03-19T14:51:34.653+0800][52.780s][info][gc,start    ] GC(101) Pause Young (Concurrent Start) (G1 Humongous Allocation)
[2026-03-19T14:51:34.653+0800][52.780s][info][gc,task     ] GC(101) Using 3 workers of 13 for evacuation
[2026-03-19T14:51:34.657+0800][52.783s][info][gc,phases   ] GC(101)   Pre Evacuate Collection Set: 0.2ms
[2026-03-19T14:51:34.657+0800][52.783s][info][gc,phases   ] GC(101)   Merge Heap Roots: 0.1ms
[2026-03-19T14:51:34.657+0800][52.783s][info][gc,phases   ] GC(101)   Evacuate Collection Set: 2.0ms
[2026-03-19T14:51:34.657+0800][52.784s][info][gc,phases   ] GC(101)   Post Evacuate Collection Set: 0.9ms
[2026-03-19T14:51:34.657+0800][52.784s][info][gc,phases   ] GC(101)   Other: 0.3ms
[2026-03-19T14:51:34.657+0800][52.784s][info][gc,heap     ] GC(101) Eden regions: 1->0(50)
[2026-03-19T14:51:34.657+0800][52.784s][info][gc,heap     ] GC(101) Survivor regions: 4->3(7)
[2026-03-19T14:51:34.657+0800][52.784s][info][gc,heap     ] GC(101) Old regions: 18->18
[2026-03-19T14:51:34.657+0800][52.784s][info][gc,heap     ] GC(101) Archive regions: 0->0
[2026-03-19T14:51:34.657+0800][52.784s][info][gc,heap     ] GC(101) Humongous regions: 40->40
[2026-03-19T14:51:34.657+0800][52.784s][info][gc,metaspace] GC(101) Metaspace: 24190K(24512K)->24190K(24512K) NonClass: 21390K(21568K)->21390K(21568K) Class: 2800K(2944K)->2800K(2944K)
[2026-03-19T14:51:34.657+0800][52.784s][info][gc          ] GC(101) Pause Young (Concurrent Start) (G1 Humongous Allocation) 61M->60M(128M) 4.236ms
[2026-03-19T14:51:34.657+0800][52.784s][info][gc,cpu      ] GC(101) User=0.00s Sys=0.05s Real=0.00s
[2026-03-19T14:51:34.657+0800][52.784s][info][gc          ] GC(102) Concurrent Mark Cycle
[2026-03-19T14:51:34.657+0800][52.784s][info][gc,marking  ] GC(102) Concurrent Clear Claimed Marks
[2026-03-19T14:51:34.657+0800][52.784s][info][gc,marking  ] GC(102) Concurrent Clear Claimed Marks 0.081ms
[2026-03-19T14:51:34.657+0800][52.784s][info][gc,marking  ] GC(102) Concurrent Scan Root Regions
[2026-03-19T14:51:34.659+0800][52.786s][info][gc,marking  ] GC(102) Concurrent Scan Root Regions 1.443ms
[2026-03-19T14:51:34.659+0800][52.786s][info][gc,marking  ] GC(102) Concurrent Mark
[2026-03-19T14:51:34.659+0800][52.786s][info][gc,marking  ] GC(102) Concurrent Mark From Roots
[2026-03-19T14:51:34.659+0800][52.786s][info][gc,task     ] GC(102) Using 3 workers of 3 for marking
[2026-03-19T14:51:34.667+0800][52.794s][info][gc,marking  ] GC(102) Concurrent Mark From Roots 7.778ms
[2026-03-19T14:51:34.668+0800][52.794s][info][gc,marking  ] GC(102) Concurrent Preclean
[2026-03-19T14:51:34.668+0800][52.794s][info][gc,marking  ] GC(102) Concurrent Preclean 0.210ms
[2026-03-19T14:51:34.668+0800][52.795s][info][gc,start    ] GC(102) Pause Remark
[2026-03-19T14:51:34.676+0800][52.803s][info][gc          ] GC(102) Pause Remark 70M->40M(128M) 8.233ms
[2026-03-19T14:51:34.677+0800][52.803s][info][gc,cpu      ] GC(102) User=0.00s Sys=0.00s Real=0.01s
[2026-03-19T14:51:34.677+0800][52.804s][info][gc,marking  ] GC(102) Concurrent Mark 17.468ms
[2026-03-19T14:51:34.677+0800][52.804s][info][gc,marking  ] GC(102) Concurrent Rebuild Remembered Sets
[2026-03-19T14:51:34.683+0800][52.810s][info][gc,marking  ] GC(102) Concurrent Rebuild Remembered Sets 5.924ms
[2026-03-19T14:51:34.683+0800][52.810s][info][gc,start    ] GC(102) Pause Cleanup
[2026-03-19T14:51:34.684+0800][52.810s][info][gc          ] GC(102) Pause Cleanup 40M->40M(128M) 0.344ms
[2026-03-19T14:51:34.684+0800][52.811s][info][gc,cpu      ] GC(102) User=0.00s Sys=0.00s Real=0.00s
[2026-03-19T14:51:34.684+0800][52.811s][info][gc,marking  ] GC(102) Concurrent Cleanup for Next Mark
[2026-03-19T14:51:34.685+0800][52.811s][info][gc,marking  ] GC(102) Concurrent Cleanup for Next Mark 0.560ms
[2026-03-19T14:51:34.685+0800][52.812s][info][gc          ] GC(102) Concurrent Mark Cycle 27.459ms
[2026-03-19T14:51:35.604+0800][53.731s][info][gc,start    ] GC(103) Pause Young (Concurrent Start) (G1 Humongous Allocation)
[2026-03-19T14:51:35.604+0800][53.731s][info][gc,task     ] GC(103) Using 3 workers of 13 for evacuation
[2026-03-19T14:51:35.609+0800][53.736s][info][gc,phases   ] GC(103)   Pre Evacuate Collection Set: 0.1ms
[2026-03-19T14:51:35.609+0800][53.736s][info][gc,phases   ] GC(103)   Merge Heap Roots: 0.1ms
[2026-03-19T14:51:35.610+0800][53.736s][info][gc,phases   ] GC(103)   Evacuate Collection Set: 3.1ms
[2026-03-19T14:51:35.610+0800][53.736s][info][gc,phases   ] GC(103)   Post Evacuate Collection Set: 1.0ms
[2026-03-19T14:51:35.610+0800][53.736s][info][gc,phases   ] GC(103)   Other: 0.4ms
[2026-03-19T14:51:35.610+0800][53.736s][info][gc,heap     ] GC(103) Eden regions: 12->0(50)
[2026-03-19T14:51:35.610+0800][53.736s][info][gc,heap     ] GC(103) Survivor regions: 3->4(7)
[2026-03-19T14:51:35.610+0800][53.737s][info][gc,heap     ] GC(103) Old regions: 18->18
[2026-03-19T14:51:35.610+0800][53.737s][info][gc,heap     ] GC(103) Archive regions: 0->0
[2026-03-19T14:51:35.610+0800][53.737s][info][gc,heap     ] GC(103) Humongous regions: 39->39
[2026-03-19T14:51:35.610+0800][53.737s][info][gc,metaspace] GC(103) Metaspace: 24190K(24512K)->24190K(24512K) NonClass: 21390K(21568K)->21390K(21568K) Class: 2800K(2944K)->2800K(2944K)
[2026-03-19T14:51:35.610+0800][53.737s][info][gc          ] GC(103) Pause Young (Concurrent Start) (G1 Humongous Allocation) 71M->60M(128M) 5.859ms
[2026-03-19T14:51:35.610+0800][53.737s][info][gc,cpu      ] GC(103) User=0.03s Sys=0.02s Real=0.01s
[2026-03-19T14:51:35.610+0800][53.737s][info][gc          ] GC(104) Concurrent Undo Cycle
[2026-03-19T14:51:35.611+0800][53.737s][info][gc,marking  ] GC(104) Concurrent Cleanup for Next Mark
[2026-03-19T14:51:35.611+0800][53.738s][info][gc,marking  ] GC(104) Concurrent Cleanup for Next Mark 0.384ms
[2026-03-19T14:51:35.611+0800][53.738s][info][gc          ] GC(104) Concurrent Undo Cycle 0.661ms
[2026-03-19T14:51:35.612+0800][53.738s][info][gc,start    ] GC(105) Pause Young (Concurrent Start) (G1 Humongous Allocation)
[2026-03-19T14:51:35.612+0800][53.739s][info][gc,task     ] GC(105) Using 3 workers of 13 for evacuation
[2026-03-19T14:51:35.616+0800][53.742s][info][gc,phases   ] GC(105)   Pre Evacuate Collection Set: 0.2ms
[2026-03-19T14:51:35.616+0800][53.742s][info][gc,phases   ] GC(105)   Merge Heap Roots: 0.2ms
[2026-03-19T14:51:35.616+0800][53.743s][info][gc,phases   ] GC(105)   Evacuate Collection Set: 2.1ms
[2026-03-19T14:51:35.616+0800][53.743s][info][gc,phases   ] GC(105)   Post Evacuate Collection Set: 1.0ms
[2026-03-19T14:51:35.616+0800][53.743s][info][gc,phases   ] GC(105)   Other: 0.4ms
[2026-03-19T14:51:35.616+0800][53.743s][info][gc,heap     ] GC(105) Eden regions: 1->0(50)
[2026-03-19T14:51:35.616+0800][53.743s][info][gc,heap     ] GC(105) Survivor regions: 4->3(7)
[2026-03-19T14:51:35.616+0800][53.743s][info][gc,heap     ] GC(105) Old regions: 18->18
[2026-03-19T14:51:35.616+0800][53.743s][info][gc,heap     ] GC(105) Archive regions: 0->0
[2026-03-19T14:51:35.616+0800][53.743s][info][gc,heap     ] GC(105) Humongous regions: 40->40
[2026-03-19T14:51:35.616+0800][53.743s][info][gc,metaspace] GC(105) Metaspace: 24190K(24512K)->24190K(24512K) NonClass: 21390K(21568K)->21390K(21568K) Class: 2800K(2944K)->2800K(2944K)
[2026-03-19T14:51:35.616+0800][53.743s][info][gc          ] GC(105) Pause Young (Concurrent Start) (G1 Humongous Allocation) 61M->60M(128M) 4.617ms
[2026-03-19T14:51:35.617+0800][53.743s][info][gc,cpu      ] GC(105) User=0.00s Sys=0.00s Real=0.01s
[2026-03-19T14:51:35.617+0800][53.743s][info][gc          ] GC(106) Concurrent Mark Cycle
[2026-03-19T14:51:35.617+0800][53.743s][info][gc,marking  ] GC(106) Concurrent Clear Claimed Marks
[2026-03-19T14:51:35.617+0800][53.743s][info][gc,marking  ] GC(106) Concurrent Clear Claimed Marks 0.089ms
[2026-03-19T14:51:35.617+0800][53.743s][info][gc,marking  ] GC(106) Concurrent Scan Root Regions
[2026-03-19T14:51:35.618+0800][53.745s][info][gc,marking  ] GC(106) Concurrent Scan Root Regions 1.581ms
[2026-03-19T14:51:35.618+0800][53.745s][info][gc,marking  ] GC(106) Concurrent Mark
[2026-03-19T14:51:35.618+0800][53.746s][info][gc,marking  ] GC(106) Concurrent Mark From Roots
[2026-03-19T14:51:35.619+0800][53.746s][info][gc,task     ] GC(106) Using 3 workers of 3 for marking
[2026-03-19T14:51:35.630+0800][53.757s][info][gc,marking  ] GC(106) Concurrent Mark From Roots 11.447ms
[2026-03-19T14:51:35.631+0800][53.757s][info][gc,marking  ] GC(106) Concurrent Preclean
[2026-03-19T14:51:35.631+0800][53.758s][info][gc,marking  ] GC(106) Concurrent Preclean 0.471ms
[2026-03-19T14:51:35.631+0800][53.758s][info][gc,start    ] GC(106) Pause Remark
[2026-03-19T14:51:35.635+0800][53.762s][info][gc          ] GC(106) Pause Remark 70M->40M(128M) 3.557ms
[2026-03-19T14:51:35.635+0800][53.762s][info][gc,cpu      ] GC(106) User=0.00s Sys=0.00s Real=0.00s
[2026-03-19T14:51:35.635+0800][53.762s][info][gc,marking  ] GC(106) Concurrent Mark 16.666ms
[2026-03-19T14:51:35.636+0800][53.762s][info][gc,marking  ] GC(106) Concurrent Rebuild Remembered Sets
[2026-03-19T14:51:35.640+0800][53.768s][info][gc,marking  ] GC(106) Concurrent Rebuild Remembered Sets 5.514ms
[2026-03-19T14:51:35.641+0800][53.768s][info][gc,start    ] GC(106) Pause Cleanup
[2026-03-19T14:51:35.641+0800][53.768s][info][gc          ] GC(106) Pause Cleanup 40M->40M(128M) 0.260ms
[2026-03-19T14:51:35.641+0800][53.769s][info][gc,cpu      ] GC(106) User=0.00s Sys=0.00s Real=0.00s
[2026-03-19T14:51:35.642+0800][53.769s][info][gc,marking  ] GC(106) Concurrent Cleanup for Next Mark
[2026-03-19T14:51:35.642+0800][53.769s][info][gc,marking  ] GC(106) Concurrent Cleanup for Next Mark 0.313ms
[2026-03-19T14:51:35.642+0800][53.769s][info][gc          ] GC(106) Concurrent Mark Cycle 25.943ms
[2026-03-19T14:51:36.557+0800][54.683s][info][gc,start    ] GC(107) Pause Young (Concurrent Start) (G1 Humongous Allocation)
[2026-03-19T14:51:36.557+0800][54.684s][info][gc,task     ] GC(107) Using 3 workers of 13 for evacuation
[2026-03-19T14:51:36.559+0800][54.687s][info][gc,phases   ] GC(107)   Pre Evacuate Collection Set: 0.1ms
[2026-03-19T14:51:36.560+0800][54.687s][info][gc,phases   ] GC(107)   Merge Heap Roots: 0.1ms
[2026-03-19T14:51:36.560+0800][54.687s][info][gc,phases   ] GC(107)   Evacuate Collection Set: 2.1ms
[2026-03-19T14:51:36.560+0800][54.687s][info][gc,phases   ] GC(107)   Post Evacuate Collection Set: 0.6ms
[2026-03-19T14:51:36.560+0800][54.687s][info][gc,phases   ] GC(107)   Other: 0.5ms
[2026-03-19T14:51:36.560+0800][54.687s][info][gc,heap     ] GC(107) Eden regions: 13->0(50)
[2026-03-19T14:51:36.560+0800][54.687s][info][gc,heap     ] GC(107) Survivor regions: 3->4(7)
[2026-03-19T14:51:36.560+0800][54.687s][info][gc,heap     ] GC(107) Old regions: 18->18
[2026-03-19T14:51:36.560+0800][54.687s][info][gc,heap     ] GC(107) Archive regions: 0->0
[2026-03-19T14:51:36.560+0800][54.687s][info][gc,heap     ] GC(107) Humongous regions: 39->39
[2026-03-19T14:51:36.560+0800][54.687s][info][gc,metaspace] GC(107) Metaspace: 24190K(24512K)->24190K(24512K) NonClass: 21390K(21568K)->21390K(21568K) Class: 2800K(2944K)->2800K(2944K)
[2026-03-19T14:51:36.560+0800][54.687s][info][gc          ] GC(107) Pause Young (Concurrent Start) (G1 Humongous Allocation) 71M->60M(128M) 4.071ms
[2026-03-19T14:51:36.560+0800][54.688s][info][gc,cpu      ] GC(107) User=0.00s Sys=0.00s Real=0.00s
[2026-03-19T14:51:36.560+0800][54.688s][info][gc          ] GC(108) Concurrent Undo Cycle
[2026-03-19T14:51:36.560+0800][54.688s][info][gc,marking  ] GC(108) Concurrent Cleanup for Next Mark
[2026-03-19T14:51:36.561+0800][54.688s][info][gc,marking  ] GC(108) Concurrent Cleanup for Next Mark 0.379ms
[2026-03-19T14:51:36.561+0800][54.688s][info][gc          ] GC(108) Concurrent Undo Cycle 0.643ms
[2026-03-19T14:51:36.562+0800][54.689s][info][gc,start    ] GC(109) Pause Young (Concurrent Start) (G1 Humongous Allocation)
[2026-03-19T14:51:36.562+0800][54.689s][info][gc,task     ] GC(109) Using 3 workers of 13 for evacuation
[2026-03-19T14:51:36.565+0800][54.692s][info][gc,phases   ] GC(109)   Pre Evacuate Collection Set: 0.2ms
[2026-03-19T14:51:36.565+0800][54.692s][info][gc,phases   ] GC(109)   Merge Heap Roots: 0.1ms
[2026-03-19T14:51:36.565+0800][54.693s][info][gc,phases   ] GC(109)   Evacuate Collection Set: 2.2ms
[2026-03-19T14:51:36.565+0800][54.693s][info][gc,phases   ] GC(109)   Post Evacuate Collection Set: 0.6ms
[2026-03-19T14:51:36.565+0800][54.693s][info][gc,phases   ] GC(109)   Other: 0.3ms
[2026-03-19T14:51:36.565+0800][54.693s][info][gc,heap     ] GC(109) Eden regions: 1->0(50)
[2026-03-19T14:51:36.565+0800][54.693s][info][gc,heap     ] GC(109) Survivor regions: 4->3(7)
[2026-03-19T14:51:36.565+0800][54.693s][info][gc,heap     ] GC(109) Old regions: 18->19
[2026-03-19T14:51:36.565+0800][54.693s][info][gc,heap     ] GC(109) Archive regions: 0->0
[2026-03-19T14:51:36.565+0800][54.693s][info][gc,heap     ] GC(109) Humongous regions: 40->40
[2026-03-19T14:51:36.565+0800][54.693s][info][gc,metaspace] GC(109) Metaspace: 24190K(24512K)->24190K(24512K) NonClass: 21390K(21568K)->21390K(21568K) Class: 2800K(2944K)->2800K(2944K)
[2026-03-19T14:51:36.565+0800][54.693s][info][gc          ] GC(109) Pause Young (Concurrent Start) (G1 Humongous Allocation) 61M->60M(128M) 4.043ms
[2026-03-19T14:51:36.565+0800][54.693s][info][gc,cpu      ] GC(109) User=0.00s Sys=0.00s Real=0.00s
[2026-03-19T14:51:36.565+0800][54.693s][info][gc          ] GC(110) Concurrent Mark Cycle
[2026-03-19T14:51:36.565+0800][54.693s][info][gc,marking  ] GC(110) Concurrent Clear Claimed Marks
[2026-03-19T14:51:36.567+0800][54.693s][info][gc,marking  ] GC(110) Concurrent Clear Claimed Marks 0.103ms
[2026-03-19T14:51:36.567+0800][54.693s][info][gc,marking  ] GC(110) Concurrent Scan Root Regions
[2026-03-19T14:51:36.568+0800][54.694s][info][gc,marking  ] GC(110) Concurrent Scan Root Regions 0.860ms
[2026-03-19T14:51:36.568+0800][54.695s][info][gc,marking  ] GC(110) Concurrent Mark
[2026-03-19T14:51:36.568+0800][54.695s][info][gc,marking  ] GC(110) Concurrent Mark From Roots
[2026-03-19T14:51:36.568+0800][54.695s][info][gc,task     ] GC(110) Using 3 workers of 3 for marking
[2026-03-19T14:51:36.574+0800][54.701s][info][gc,marking  ] GC(110) Concurrent Mark From Roots 6.360ms
[2026-03-19T14:51:36.574+0800][54.701s][info][gc,marking  ] GC(110) Concurrent Preclean
[2026-03-19T14:51:36.575+0800][54.702s][info][gc,marking  ] GC(110) Concurrent Preclean 0.309ms
[2026-03-19T14:51:36.575+0800][54.702s][info][gc,start    ] GC(110) Pause Remark
[2026-03-19T14:51:36.579+0800][54.706s][info][gc          ] GC(110) Pause Remark 70M->40M(128M) 3.740ms
[2026-03-19T14:51:36.579+0800][54.706s][info][gc,cpu      ] GC(110) User=0.05s Sys=0.00s Real=0.00s
[2026-03-19T14:51:36.580+0800][54.706s][info][gc,marking  ] GC(110) Concurrent Mark 11.434ms
[2026-03-19T14:51:36.580+0800][54.706s][info][gc,marking  ] GC(110) Concurrent Rebuild Remembered Sets
[2026-03-19T14:51:36.583+0800][54.710s][info][gc,marking  ] GC(110) Concurrent Rebuild Remembered Sets 3.706ms
[2026-03-19T14:51:36.584+0800][54.710s][info][gc,start    ] GC(110) Pause Cleanup
[2026-03-19T14:51:36.584+0800][54.710s][info][gc          ] GC(110) Pause Cleanup 40M->40M(128M) 0.234ms
[2026-03-19T14:51:36.584+0800][54.711s][info][gc,cpu      ] GC(110) User=0.00s Sys=0.00s Real=0.00s
[2026-03-19T14:51:36.584+0800][54.711s][info][gc,marking  ] GC(110) Concurrent Cleanup for Next Mark
[2026-03-19T14:51:36.585+0800][54.711s][info][gc,marking  ] GC(110) Concurrent Cleanup for Next Mark 0.378ms
[2026-03-19T14:51:36.585+0800][54.711s][info][gc          ] GC(110) Concurrent Mark Cycle 18.043ms
[2026-03-19T14:51:37.508+0800][55.635s][info][gc,start    ] GC(111) Pause Young (Concurrent Start) (G1 Humongous Allocation)
[2026-03-19T14:51:37.508+0800][55.635s][info][gc,task     ] GC(111) Using 3 workers of 13 for evacuation
[2026-03-19T14:51:37.511+0800][55.638s][info][gc,phases   ] GC(111)   Pre Evacuate Collection Set: 0.3ms
[2026-03-19T14:51:37.511+0800][55.638s][info][gc,phases   ] GC(111)   Merge Heap Roots: 0.1ms
[2026-03-19T14:51:37.511+0800][55.638s][info][gc,phases   ] GC(111)   Evacuate Collection Set: 1.5ms
[2026-03-19T14:51:37.511+0800][55.639s][info][gc,phases   ] GC(111)   Post Evacuate Collection Set: 0.7ms
[2026-03-19T14:51:37.511+0800][55.639s][info][gc,phases   ] GC(111)   Other: 0.4ms
[2026-03-19T14:51:37.511+0800][55.639s][info][gc,heap     ] GC(111) Eden regions: 13->0(50)
[2026-03-19T14:51:37.512+0800][55.639s][info][gc,heap     ] GC(111) Survivor regions: 3->2(7)
[2026-03-19T14:51:37.512+0800][55.639s][info][gc,heap     ] GC(111) Old regions: 19->20
[2026-03-19T14:51:37.512+0800][55.639s][info][gc,heap     ] GC(111) Archive regions: 0->0
[2026-03-19T14:51:37.512+0800][55.639s][info][gc,heap     ] GC(111) Humongous regions: 39->39
[2026-03-19T14:51:37.512+0800][55.639s][info][gc,metaspace] GC(111) Metaspace: 24190K(24512K)->24190K(24512K) NonClass: 21390K(21568K)->21390K(21568K) Class: 2800K(2944K)->2800K(2944K)
[2026-03-19T14:51:37.512+0800][55.639s][info][gc          ] GC(111) Pause Young (Concurrent Start) (G1 Humongous Allocation) 71M->60M(128M) 3.692ms
[2026-03-19T14:51:37.512+0800][55.639s][info][gc,cpu      ] GC(111) User=0.00s Sys=0.00s Real=0.00s
[2026-03-19T14:51:37.512+0800][55.639s][info][gc          ] GC(112) Concurrent Mark Cycle
[2026-03-19T14:51:37.512+0800][55.639s][info][gc,marking  ] GC(112) Concurrent Clear Claimed Marks
[2026-03-19T14:51:37.512+0800][55.639s][info][gc,marking  ] GC(112) Concurrent Clear Claimed Marks 0.089ms
[2026-03-19T14:51:37.512+0800][55.640s][info][gc,marking  ] GC(112) Concurrent Scan Root Regions
[2026-03-19T14:51:37.513+0800][55.641s][info][gc,marking  ] GC(112) Concurrent Scan Root Regions 1.087ms
[2026-03-19T14:51:37.514+0800][55.641s][info][gc,marking  ] GC(112) Concurrent Mark
[2026-03-19T14:51:37.514+0800][55.641s][info][gc,marking  ] GC(112) Concurrent Mark From Roots
[2026-03-19T14:51:37.514+0800][55.641s][info][gc,task     ] GC(112) Using 3 workers of 3 for marking
[2026-03-19T14:51:37.523+0800][55.650s][info][gc,marking  ] GC(112) Concurrent Mark From Roots 8.767ms
[2026-03-19T14:51:37.523+0800][55.650s][info][gc,marking  ] GC(112) Concurrent Preclean
[2026-03-19T14:51:37.523+0800][55.650s][info][gc,marking  ] GC(112) Concurrent Preclean 0.348ms
[2026-03-19T14:51:37.524+0800][55.651s][info][gc,start    ] GC(112) Pause Remark
[2026-03-19T14:51:37.530+0800][55.657s][info][gc          ] GC(112) Pause Remark 71M->41M(128M) 5.931ms
[2026-03-19T14:51:37.530+0800][55.657s][info][gc,cpu      ] GC(112) User=0.00s Sys=0.00s Real=0.01s
[2026-03-19T14:51:37.531+0800][55.657s][info][gc,marking  ] GC(112) Concurrent Mark 16.645ms
[2026-03-19T14:51:37.531+0800][55.658s][info][gc,marking  ] GC(112) Concurrent Rebuild Remembered Sets
[2026-03-19T14:51:37.537+0800][55.663s][info][gc,marking  ] GC(112) Concurrent Rebuild Remembered Sets 5.778ms
[2026-03-19T14:51:37.537+0800][55.664s][info][gc,start    ] GC(112) Pause Cleanup
[2026-03-19T14:51:37.538+0800][55.665s][info][gc          ] GC(112) Pause Cleanup 41M->41M(128M) 0.655ms
[2026-03-19T14:51:37.538+0800][55.665s][info][gc,cpu      ] GC(112) User=0.00s Sys=0.00s Real=0.00s
[2026-03-19T14:51:37.538+0800][55.665s][info][gc,marking  ] GC(112) Concurrent Cleanup for Next Mark
[2026-03-19T14:51:37.539+0800][55.666s][info][gc,marking  ] GC(112) Concurrent Cleanup for Next Mark 0.684ms
[2026-03-19T14:51:37.539+0800][55.666s][info][gc          ] GC(112) Concurrent Mark Cycle 26.869ms
[2026-03-19T14:51:38.138+0800][56.266s][info][gc,start    ] GC(113) Pause Young (Concurrent Start) (G1 Humongous Allocation)
[2026-03-19T14:51:38.140+0800][56.266s][info][gc,task     ] GC(113) Using 3 workers of 13 for evacuation
[2026-03-19T14:51:38.142+0800][56.269s][info][gc,phases   ] GC(113)   Pre Evacuate Collection Set: 0.3ms
[2026-03-19T14:51:38.143+0800][56.269s][info][gc,phases   ] GC(113)   Merge Heap Roots: 0.2ms
[2026-03-19T14:51:38.143+0800][56.269s][info][gc,phases   ] GC(113)   Evacuate Collection Set: 1.1ms
[2026-03-19T14:51:38.143+0800][56.269s][info][gc,phases   ] GC(113)   Post Evacuate Collection Set: 0.9ms
[2026-03-19T14:51:38.143+0800][56.269s][info][gc,phases   ] GC(113)   Other: 0.7ms
[2026-03-19T14:51:38.143+0800][56.269s][info][gc,heap     ] GC(113) Eden regions: 9->0(52)
[2026-03-19T14:51:38.143+0800][56.270s][info][gc,heap     ] GC(113) Survivor regions: 2->2(7)
[2026-03-19T14:51:38.143+0800][56.270s][info][gc,heap     ] GC(113) Old regions: 20->20
[2026-03-19T14:51:38.143+0800][56.270s][info][gc,heap     ] GC(113) Archive regions: 0->0
[2026-03-19T14:51:38.143+0800][56.270s][info][gc,heap     ] GC(113) Humongous regions: 37->37
[2026-03-19T14:51:38.143+0800][56.270s][info][gc,metaspace] GC(113) Metaspace: 24190K(24512K)->24190K(24512K) NonClass: 21390K(21568K)->21390K(21568K) Class: 2800K(2944K)->2800K(2944K)
[2026-03-19T14:51:38.144+0800][56.270s][info][gc          ] GC(113) Pause Young (Concurrent Start) (G1 Humongous Allocation) 67M->57M(128M) 4.137ms
[2026-03-19T14:51:38.144+0800][56.270s][info][gc,cpu      ] GC(113) User=0.00s Sys=0.02s Real=0.01s
[2026-03-19T14:51:38.144+0800][56.270s][info][gc          ] GC(114) Concurrent Undo Cycle
[2026-03-19T14:51:38.144+0800][56.271s][info][gc,marking  ] GC(114) Concurrent Cleanup for Next Mark
[2026-03-19T14:51:38.144+0800][56.271s][info][gc,marking  ] GC(114) Concurrent Cleanup for Next Mark 0.528ms
[2026-03-19T14:51:38.144+0800][56.271s][info][gc          ] GC(114) Concurrent Undo Cycle 1.033ms
[2026-03-19T14:51:38.459+0800][56.586s][info][gc,start    ] GC(115) Pause Young (Concurrent Start) (G1 Humongous Allocation)
[2026-03-19T14:51:38.459+0800][56.586s][info][gc,task     ] GC(115) Using 3 workers of 13 for evacuation
[2026-03-19T14:51:38.462+0800][56.589s][info][gc,phases   ] GC(115)   Pre Evacuate Collection Set: 0.3ms
[2026-03-19T14:51:38.462+0800][56.589s][info][gc,phases   ] GC(115)   Merge Heap Roots: 0.3ms
[2026-03-19T14:51:38.462+0800][56.589s][info][gc,phases   ] GC(115)   Evacuate Collection Set: 1.0ms
[2026-03-19T14:51:38.462+0800][56.589s][info][gc,phases   ] GC(115)   Post Evacuate Collection Set: 0.7ms
[2026-03-19T14:51:38.462+0800][56.589s][info][gc,phases   ] GC(115)   Other: 0.6ms
[2026-03-19T14:51:38.463+0800][56.589s][info][gc,heap     ] GC(115) Eden regions: 5->0(46)
[2026-03-19T14:51:38.463+0800][56.589s][info][gc,heap     ] GC(115) Survivor regions: 2->2(7)
[2026-03-19T14:51:38.463+0800][56.590s][info][gc,heap     ] GC(115) Old regions: 20->20
[2026-03-19T14:51:38.463+0800][56.590s][info][gc,heap     ] GC(115) Archive regions: 0->0
[2026-03-19T14:51:38.463+0800][56.590s][info][gc,heap     ] GC(115) Humongous regions: 39->39
[2026-03-19T14:51:38.463+0800][56.590s][info][gc,metaspace] GC(115) Metaspace: 24190K(24512K)->24190K(24512K) NonClass: 21390K(21568K)->21390K(21568K) Class: 2800K(2944K)->2800K(2944K)
[2026-03-19T14:51:38.463+0800][56.590s][info][gc          ] GC(115) Pause Young (Concurrent Start) (G1 Humongous Allocation) 64M->59M(128M) 3.815ms
[2026-03-19T14:51:38.463+0800][56.590s][info][gc,cpu      ] GC(115) User=0.00s Sys=0.00s Real=0.00s
[2026-03-19T14:51:38.463+0800][56.590s][info][gc          ] GC(116) Concurrent Mark Cycle
[2026-03-19T14:51:38.463+0800][56.590s][info][gc,marking  ] GC(116) Concurrent Clear Claimed Marks
[2026-03-19T14:51:38.464+0800][56.590s][info][gc,marking  ] GC(116) Concurrent Clear Claimed Marks 0.166ms
[2026-03-19T14:51:38.464+0800][56.591s][info][gc,marking  ] GC(116) Concurrent Scan Root Regions
[2026-03-19T14:51:38.464+0800][56.591s][info][gc,marking  ] GC(116) Concurrent Scan Root Regions 0.379ms
[2026-03-19T14:51:38.464+0800][56.591s][info][gc,marking  ] GC(116) Concurrent Mark
[2026-03-19T14:51:38.464+0800][56.591s][info][gc,marking  ] GC(116) Concurrent Mark From Roots
[2026-03-19T14:51:38.465+0800][56.591s][info][gc,task     ] GC(116) Using 3 workers of 3 for marking
[2026-03-19T14:51:38.479+0800][56.606s][info][gc,marking  ] GC(116) Concurrent Mark From Roots 14.963ms
[2026-03-19T14:51:38.479+0800][56.606s][info][gc,marking  ] GC(116) Concurrent Preclean
[2026-03-19T14:51:38.480+0800][56.607s][info][gc,marking  ] GC(116) Concurrent Preclean 0.244ms
[2026-03-19T14:51:38.480+0800][56.607s][info][gc,start    ] GC(116) Pause Remark
[2026-03-19T14:51:38.484+0800][56.611s][info][gc          ] GC(116) Pause Remark 70M->40M(128M) 4.005ms
[2026-03-19T14:51:38.484+0800][56.611s][info][gc,cpu      ] GC(116) User=0.05s Sys=0.00s Real=0.00s
[2026-03-19T14:51:38.485+0800][56.611s][info][gc,marking  ] GC(116) Concurrent Mark 20.269ms
[2026-03-19T14:51:38.485+0800][56.612s][info][gc,marking  ] GC(116) Concurrent Rebuild Remembered Sets
[2026-03-19T14:51:38.492+0800][56.618s][info][gc,marking  ] GC(116) Concurrent Rebuild Remembered Sets 6.716ms
[2026-03-19T14:51:38.492+0800][56.619s][info][gc,start    ] GC(116) Pause Cleanup
[2026-03-19T14:51:38.493+0800][56.619s][info][gc          ] GC(116) Pause Cleanup 40M->40M(128M) 0.355ms
[2026-03-19T14:51:38.493+0800][56.619s][info][gc,cpu      ] GC(116) User=0.00s Sys=0.00s Real=0.00s
[2026-03-19T14:51:38.493+0800][56.620s][info][gc,marking  ] GC(116) Concurrent Cleanup for Next Mark
[2026-03-19T14:51:38.494+0800][56.620s][info][gc,marking  ] GC(116) Concurrent Cleanup for Next Mark 0.734ms
[2026-03-19T14:51:38.494+0800][56.620s][info][gc          ] GC(116) Concurrent Mark Cycle 30.323ms
[2026-03-19T14:51:39.104+0800][57.231s][info][gc,start    ] GC(117) Pause Young (Concurrent Start) (G1 Humongous Allocation)
[2026-03-19T14:51:39.104+0800][57.231s][info][gc,task     ] GC(117) Using 3 workers of 13 for evacuation
[2026-03-19T14:51:39.107+0800][57.233s][info][gc,phases   ] GC(117)   Pre Evacuate Collection Set: 0.2ms
[2026-03-19T14:51:39.107+0800][57.233s][info][gc,phases   ] GC(117)   Merge Heap Roots: 0.2ms
[2026-03-19T14:51:39.107+0800][57.234s][info][gc,phases   ] GC(117)   Evacuate Collection Set: 0.8ms
[2026-03-19T14:51:39.107+0800][57.234s][info][gc,phases   ] GC(117)   Post Evacuate Collection Set: 0.9ms
[2026-03-19T14:51:39.107+0800][57.234s][info][gc,phases   ] GC(117)   Other: 0.4ms
[2026-03-19T14:51:39.107+0800][57.234s][info][gc,heap     ] GC(117) Eden regions: 9->0(49)
[2026-03-19T14:51:39.107+0800][57.234s][info][gc,heap     ] GC(117) Survivor regions: 2->2(6)
[2026-03-19T14:51:39.107+0800][57.234s][info][gc,heap     ] GC(117) Old regions: 20->20
[2026-03-19T14:51:39.107+0800][57.234s][info][gc,heap     ] GC(117) Archive regions: 0->0
[2026-03-19T14:51:39.107+0800][57.234s][info][gc,heap     ] GC(117) Humongous regions: 37->37
[2026-03-19T14:51:39.107+0800][57.234s][info][gc,metaspace] GC(117) Metaspace: 24190K(24512K)->24190K(24512K) NonClass: 21390K(21568K)->21390K(21568K) Class: 2800K(2944K)->2800K(2944K)
[2026-03-19T14:51:39.107+0800][57.234s][info][gc          ] GC(117) Pause Young (Concurrent Start) (G1 Humongous Allocation) 66M->57M(128M) 3.416ms
[2026-03-19T14:51:39.107+0800][57.234s][info][gc,cpu      ] GC(117) User=0.00s Sys=0.00s Real=0.00s
[2026-03-19T14:51:39.107+0800][57.234s][info][gc          ] GC(118) Concurrent Undo Cycle
[2026-03-19T14:51:39.107+0800][57.235s][info][gc,marking  ] GC(118) Concurrent Cleanup for Next Mark
[2026-03-19T14:51:39.108+0800][57.235s][info][gc,marking  ] GC(118) Concurrent Cleanup for Next Mark 0.568ms
[2026-03-19T14:51:39.108+0800][57.235s][info][gc          ] GC(118) Concurrent Undo Cycle 0.988ms
[2026-03-19T14:51:39.424+0800][57.551s][info][gc,start    ] GC(119) Pause Young (Concurrent Start) (G1 Humongous Allocation)
[2026-03-19T14:51:39.424+0800][57.551s][info][gc,task     ] GC(119) Using 3 workers of 13 for evacuation
[2026-03-19T14:51:39.425+0800][57.553s][info][gc,phases   ] GC(119)   Pre Evacuate Collection Set: 0.1ms
[2026-03-19T14:51:39.427+0800][57.553s][info][gc,phases   ] GC(119)   Merge Heap Roots: 0.1ms
[2026-03-19T14:51:39.427+0800][57.553s][info][gc,phases   ] GC(119)   Evacuate Collection Set: 0.7ms
[2026-03-19T14:51:39.427+0800][57.553s][info][gc,phases   ] GC(119)   Post Evacuate Collection Set: 1.1ms
[2026-03-19T14:51:39.427+0800][57.553s][info][gc,phases   ] GC(119)   Other: 0.4ms
[2026-03-19T14:51:39.427+0800][57.553s][info][gc,heap     ] GC(119) Eden regions: 5->0(45)
[2026-03-19T14:51:39.427+0800][57.553s][info][gc,heap     ] GC(119) Survivor regions: 2->2(7)
[2026-03-19T14:51:39.427+0800][57.553s][info][gc,heap     ] GC(119) Old regions: 20->20
[2026-03-19T14:51:39.427+0800][57.553s][info][gc,heap     ] GC(119) Archive regions: 0->0
[2026-03-19T14:51:39.427+0800][57.554s][info][gc,heap     ] GC(119) Humongous regions: 39->39
[2026-03-19T14:51:39.427+0800][57.554s][info][gc,metaspace] GC(119) Metaspace: 24191K(24512K)->24191K(24512K) NonClass: 21390K(21568K)->21390K(21568K) Class: 2800K(2944K)->2800K(2944K)
[2026-03-19T14:51:39.427+0800][57.554s][info][gc          ] GC(119) Pause Young (Concurrent Start) (G1 Humongous Allocation) 64M->60M(128M) 3.134ms
[2026-03-19T14:51:39.427+0800][57.554s][info][gc,cpu      ] GC(119) User=0.00s Sys=0.00s Real=0.00s
[2026-03-19T14:51:39.427+0800][57.554s][info][gc          ] GC(120) Concurrent Mark Cycle
[2026-03-19T14:51:39.427+0800][57.554s][info][gc,marking  ] GC(120) Concurrent Clear Claimed Marks
[2026-03-19T14:51:39.427+0800][57.554s][info][gc,marking  ] GC(120) Concurrent Clear Claimed Marks 0.107ms
[2026-03-19T14:51:39.427+0800][57.554s][info][gc,marking  ] GC(120) Concurrent Scan Root Regions
[2026-03-19T14:51:39.428+0800][57.554s][info][gc,marking  ] GC(120) Concurrent Scan Root Regions 0.310ms
[2026-03-19T14:51:39.428+0800][57.555s][info][gc,marking  ] GC(120) Concurrent Mark
[2026-03-19T14:51:39.428+0800][57.555s][info][gc,marking  ] GC(120) Concurrent Mark From Roots
[2026-03-19T14:51:39.428+0800][57.555s][info][gc,task     ] GC(120) Using 3 workers of 3 for marking
[2026-03-19T14:51:39.436+0800][57.563s][info][gc,marking  ] GC(120) Concurrent Mark From Roots 8.393ms
[2026-03-19T14:51:39.436+0800][57.563s][info][gc,marking  ] GC(120) Concurrent Preclean
[2026-03-19T14:51:39.437+0800][57.563s][info][gc,marking  ] GC(120) Concurrent Preclean 0.225ms
[2026-03-19T14:51:39.437+0800][57.564s][info][gc,start    ] GC(120) Pause Remark
[2026-03-19T14:51:39.440+0800][57.567s][info][gc          ] GC(120) Pause Remark 71M->41M(128M) 3.317ms
[2026-03-19T14:51:39.441+0800][57.567s][info][gc,cpu      ] GC(120) User=0.00s Sys=0.00s Real=0.00s
[2026-03-19T14:51:39.441+0800][57.567s][info][gc,marking  ] GC(120) Concurrent Mark 12.860ms
[2026-03-19T14:51:39.441+0800][57.568s][info][gc,marking  ] GC(120) Concurrent Rebuild Remembered Sets
[2026-03-19T14:51:39.445+0800][57.571s][info][gc,marking  ] GC(120) Concurrent Rebuild Remembered Sets 3.581ms
[2026-03-19T14:51:39.445+0800][57.572s][info][gc,start    ] GC(120) Pause Cleanup
[2026-03-19T14:51:39.445+0800][57.572s][info][gc          ] GC(120) Pause Cleanup 41M->41M(128M) 0.328ms
[2026-03-19T14:51:39.446+0800][57.572s][info][gc,cpu      ] GC(120) User=0.00s Sys=0.00s Real=0.00s
[2026-03-19T14:51:39.446+0800][57.572s][info][gc,marking  ] GC(120) Concurrent Cleanup for Next Mark
[2026-03-19T14:51:39.446+0800][57.573s][info][gc,marking  ] GC(120) Concurrent Cleanup for Next Mark 0.386ms
[2026-03-19T14:51:39.446+0800][57.573s][info][gc          ] GC(120) Concurrent Mark Cycle 18.954ms
[2026-03-19T14:51:40.056+0800][58.183s][info][gc,start    ] GC(121) Pause Young (Concurrent Start) (G1 Humongous Allocation)
[2026-03-19T14:51:40.057+0800][58.183s][info][gc,task     ] GC(121) Using 3 workers of 13 for evacuation
[2026-03-19T14:51:40.058+0800][58.185s][info][gc,phases   ] GC(121)   Pre Evacuate Collection Set: 0.2ms
[2026-03-19T14:51:40.059+0800][58.185s][info][gc,phases   ] GC(121)   Merge Heap Roots: 0.2ms
[2026-03-19T14:51:40.059+0800][58.185s][info][gc,phases   ] GC(121)   Evacuate Collection Set: 0.8ms
[2026-03-19T14:51:40.059+0800][58.186s][info][gc,phases   ] GC(121)   Post Evacuate Collection Set: 0.6ms
[2026-03-19T14:51:40.059+0800][58.186s][info][gc,phases   ] GC(121)   Other: 0.4ms
[2026-03-19T14:51:40.059+0800][58.186s][info][gc,heap     ] GC(121) Eden regions: 9->0(48)
[2026-03-19T14:51:40.059+0800][58.186s][info][gc,heap     ] GC(121) Survivor regions: 2->2(6)
[2026-03-19T14:51:40.059+0800][58.186s][info][gc,heap     ] GC(121) Old regions: 20->20
[2026-03-19T14:51:40.059+0800][58.186s][info][gc,heap     ] GC(121) Archive regions: 0->0
[2026-03-19T14:51:40.059+0800][58.186s][info][gc,heap     ] GC(121) Humongous regions: 37->37
[2026-03-19T14:51:40.059+0800][58.186s][info][gc,metaspace] GC(121) Metaspace: 24191K(24512K)->24191K(24512K) NonClass: 21390K(21568K)->21390K(21568K) Class: 2800K(2944K)->2800K(2944K)
[2026-03-19T14:51:40.059+0800][58.186s][info][gc          ] GC(121) Pause Young (Concurrent Start) (G1 Humongous Allocation) 67M->57M(128M) 3.128ms
[2026-03-19T14:51:40.059+0800][58.186s][info][gc,cpu      ] GC(121) User=0.00s Sys=0.00s Real=0.00s
[2026-03-19T14:51:40.060+0800][58.186s][info][gc          ] GC(122) Concurrent Undo Cycle
[2026-03-19T14:51:40.060+0800][58.186s][info][gc,marking  ] GC(122) Concurrent Cleanup for Next Mark
[2026-03-19T14:51:40.060+0800][58.187s][info][gc,marking  ] GC(122) Concurrent Cleanup for Next Mark 0.439ms
[2026-03-19T14:51:40.060+0800][58.187s][info][gc          ] GC(122) Concurrent Undo Cycle 0.734ms
[2026-03-19T14:51:40.365+0800][58.493s][info][gc,start    ] GC(123) Pause Young (Concurrent Start) (G1 Humongous Allocation)
[2026-03-19T14:51:40.365+0800][58.493s][info][gc,task     ] GC(123) Using 3 workers of 13 for evacuation
[2026-03-19T14:51:40.368+0800][58.495s][info][gc,phases   ] GC(123)   Pre Evacuate Collection Set: 0.2ms
[2026-03-19T14:51:40.368+0800][58.495s][info][gc,phases   ] GC(123)   Merge Heap Roots: 0.1ms
[2026-03-19T14:51:40.368+0800][58.495s][info][gc,phases   ] GC(123)   Evacuate Collection Set: 0.6ms
[2026-03-19T14:51:40.368+0800][58.495s][info][gc,phases   ] GC(123)   Post Evacuate Collection Set: 0.7ms
[2026-03-19T14:51:40.368+0800][58.495s][info][gc,phases   ] GC(123)   Other: 0.4ms
[2026-03-19T14:51:40.368+0800][58.495s][info][gc,heap     ] GC(123) Eden regions: 5->0(44)
[2026-03-19T14:51:40.369+0800][58.495s][info][gc,heap     ] GC(123) Survivor regions: 2->2(7)
[2026-03-19T14:51:40.369+0800][58.495s][info][gc,heap     ] GC(123) Old regions: 20->20
[2026-03-19T14:51:40.369+0800][58.495s][info][gc,heap     ] GC(123) Archive regions: 0->0
[2026-03-19T14:51:40.369+0800][58.495s][info][gc,heap     ] GC(123) Humongous regions: 39->39
[2026-03-19T14:51:40.369+0800][58.495s][info][gc,metaspace] GC(123) Metaspace: 24191K(24512K)->24191K(24512K) NonClass: 21390K(21568K)->21390K(21568K) Class: 2800K(2944K)->2800K(2944K)
[2026-03-19T14:51:40.369+0800][58.496s][info][gc          ] GC(123) Pause Young (Concurrent Start) (G1 Humongous Allocation) 64M->60M(128M) 2.718ms
[2026-03-19T14:51:40.369+0800][58.496s][info][gc,cpu      ] GC(123) User=0.00s Sys=0.00s Real=0.00s
[2026-03-19T14:51:40.369+0800][58.496s][info][gc          ] GC(124) Concurrent Mark Cycle
[2026-03-19T14:51:40.369+0800][58.496s][info][gc,marking  ] GC(124) Concurrent Clear Claimed Marks
[2026-03-19T14:51:40.369+0800][58.496s][info][gc,marking  ] GC(124) Concurrent Clear Claimed Marks 0.055ms
[2026-03-19T14:51:40.369+0800][58.496s][info][gc,marking  ] GC(124) Concurrent Scan Root Regions
[2026-03-19T14:51:40.369+0800][58.496s][info][gc,marking  ] GC(124) Concurrent Scan Root Regions 0.247ms
[2026-03-19T14:51:40.370+0800][58.496s][info][gc,marking  ] GC(124) Concurrent Mark
[2026-03-19T14:51:40.370+0800][58.496s][info][gc,marking  ] GC(124) Concurrent Mark From Roots
[2026-03-19T14:51:40.370+0800][58.496s][info][gc,task     ] GC(124) Using 3 workers of 3 for marking
[2026-03-19T14:51:40.377+0800][58.503s][info][gc,marking  ] GC(124) Concurrent Mark From Roots 7.124ms
[2026-03-19T14:51:40.377+0800][58.504s][info][gc,marking  ] GC(124) Concurrent Preclean
[2026-03-19T14:51:40.377+0800][58.504s][info][gc,marking  ] GC(124) Concurrent Preclean 0.226ms
[2026-03-19T14:51:40.377+0800][58.504s][info][gc,start    ] GC(124) Pause Remark
[2026-03-19T14:51:40.381+0800][58.508s][info][gc          ] GC(124) Pause Remark 71M->41M(128M) 3.983ms
[2026-03-19T14:51:40.381+0800][58.508s][info][gc,cpu      ] GC(124) User=0.00s Sys=0.00s Real=0.00s
[2026-03-19T14:51:40.381+0800][58.508s][info][gc,marking  ] GC(124) Concurrent Mark 12.198ms
[2026-03-19T14:51:40.381+0800][58.509s][info][gc,marking  ] GC(124) Concurrent Rebuild Remembered Sets
[2026-03-19T14:51:40.388+0800][58.515s][info][gc,marking  ] GC(124) Concurrent Rebuild Remembered Sets 6.080ms
[2026-03-19T14:51:40.389+0800][58.515s][info][gc,start    ] GC(124) Pause Cleanup
[2026-03-19T14:51:40.389+0800][58.516s][info][gc          ] GC(124) Pause Cleanup 41M->41M(128M) 0.459ms
[2026-03-19T14:51:40.389+0800][58.516s][info][gc,cpu      ] GC(124) User=0.02s Sys=0.00s Real=0.00s
[2026-03-19T14:51:40.389+0800][58.516s][info][gc,marking  ] GC(124) Concurrent Cleanup for Next Mark
[2026-03-19T14:51:40.390+0800][58.517s][info][gc,marking  ] GC(124) Concurrent Cleanup for Next Mark 0.594ms
[2026-03-19T14:51:40.390+0800][58.517s][info][gc          ] GC(124) Concurrent Mark Cycle 21.364ms
[2026-03-19T14:51:40.998+0800][59.125s][info][gc,start    ] GC(125) Pause Young (Concurrent Start) (G1 Humongous Allocation)
[2026-03-19T14:51:40.998+0800][59.125s][info][gc,task     ] GC(125) Using 3 workers of 13 for evacuation
[2026-03-19T14:51:41.000+0800][59.127s][info][gc,phases   ] GC(125)   Pre Evacuate Collection Set: 0.2ms
[2026-03-19T14:51:41.000+0800][59.127s][info][gc,phases   ] GC(125)   Merge Heap Roots: 0.1ms
[2026-03-19T14:51:41.000+0800][59.127s][info][gc,phases   ] GC(125)   Evacuate Collection Set: 0.7ms
[2026-03-19T14:51:41.000+0800][59.127s][info][gc,phases   ] GC(125)   Post Evacuate Collection Set: 0.7ms
[2026-03-19T14:51:41.000+0800][59.127s][info][gc,phases   ] GC(125)   Other: 0.3ms
[2026-03-19T14:51:41.000+0800][59.127s][info][gc,heap     ] GC(125) Eden regions: 10->0(47)
[2026-03-19T14:51:41.000+0800][59.127s][info][gc,heap     ] GC(125) Survivor regions: 2->2(6)
[2026-03-19T14:51:41.000+0800][59.127s][info][gc,heap     ] GC(125) Old regions: 20->20
[2026-03-19T14:51:41.000+0800][59.128s][info][gc,heap     ] GC(125) Archive regions: 0->0
[2026-03-19T14:51:41.000+0800][59.128s][info][gc,heap     ] GC(125) Humongous regions: 37->37
[2026-03-19T14:51:41.000+0800][59.128s][info][gc,metaspace] GC(125) Metaspace: 24191K(24512K)->24191K(24512K) NonClass: 21390K(21568K)->21390K(21568K) Class: 2800K(2944K)->2800K(2944K)
[2026-03-19T14:51:41.001+0800][59.128s][info][gc          ] GC(125) Pause Young (Concurrent Start) (G1 Humongous Allocation) 67M->57M(128M) 2.925ms
[2026-03-19T14:51:41.001+0800][59.128s][info][gc,cpu      ] GC(125) User=0.02s Sys=0.00s Real=0.00s
[2026-03-19T14:51:41.001+0800][59.128s][info][gc          ] GC(126) Concurrent Undo Cycle
[2026-03-19T14:51:41.001+0800][59.128s][info][gc,marking  ] GC(126) Concurrent Cleanup for Next Mark
[2026-03-19T14:51:41.001+0800][59.129s][info][gc,marking  ] GC(126) Concurrent Cleanup for Next Mark 0.345ms
[2026-03-19T14:51:41.002+0800][59.129s][info][gc          ] GC(126) Concurrent Undo Cycle 0.631ms
[2026-03-19T14:51:41.307+0800][59.435s][info][gc,start    ] GC(127) Pause Young (Concurrent Start) (G1 Humongous Allocation)
[2026-03-19T14:51:41.308+0800][59.435s][info][gc,task     ] GC(127) Using 3 workers of 13 for evacuation
[2026-03-19T14:51:41.310+0800][59.438s][info][gc,phases   ] GC(127)   Pre Evacuate Collection Set: 0.3ms
[2026-03-19T14:51:41.311+0800][59.438s][info][gc,phases   ] GC(127)   Merge Heap Roots: 0.2ms
[2026-03-19T14:51:41.311+0800][59.438s][info][gc,phases   ] GC(127)   Evacuate Collection Set: 1.0ms
[2026-03-19T14:51:41.311+0800][59.438s][info][gc,phases   ] GC(127)   Post Evacuate Collection Set: 0.9ms
[2026-03-19T14:51:41.311+0800][59.438s][info][gc,phases   ] GC(127)   Other: 0.6ms
[2026-03-19T14:51:41.311+0800][59.438s][info][gc,heap     ] GC(127) Eden regions: 4->0(32)
[2026-03-19T14:51:41.311+0800][59.438s][info][gc,heap     ] GC(127) Survivor regions: 2->2(7)
[2026-03-19T14:51:41.311+0800][59.438s][info][gc,heap     ] GC(127) Old regions: 20->20
[2026-03-19T14:51:41.311+0800][59.438s][info][gc,heap     ] GC(127) Archive regions: 0->0
[2026-03-19T14:51:41.311+0800][59.439s][info][gc,heap     ] GC(127) Humongous regions: 39->39
[2026-03-19T14:51:41.311+0800][59.439s][info][gc,metaspace] GC(127) Metaspace: 24191K(24512K)->24191K(24512K) NonClass: 21390K(21568K)->21390K(21568K) Class: 2800K(2944K)->2800K(2944K)
[2026-03-19T14:51:41.311+0800][59.439s][info][gc          ] GC(127) Pause Young (Concurrent Start) (G1 Humongous Allocation) 63M->59M(128M) 3.998ms
[2026-03-19T14:51:41.312+0800][59.439s][info][gc,cpu      ] GC(127) User=0.05s Sys=0.00s Real=0.01s
[2026-03-19T14:51:41.312+0800][59.439s][info][gc          ] GC(128) Concurrent Mark Cycle
[2026-03-19T14:51:41.312+0800][59.439s][info][gc,marking  ] GC(128) Concurrent Clear Claimed Marks
[2026-03-19T14:51:41.312+0800][59.439s][info][gc,marking  ] GC(128) Concurrent Clear Claimed Marks 0.137ms
[2026-03-19T14:51:41.312+0800][59.440s][info][gc,marking  ] GC(128) Concurrent Scan Root Regions
[2026-03-19T14:51:41.313+0800][59.440s][info][gc,marking  ] GC(128) Concurrent Scan Root Regions 0.320ms
[2026-03-19T14:51:41.313+0800][59.440s][info][gc,marking  ] GC(128) Concurrent Mark
[2026-03-19T14:51:41.313+0800][59.440s][info][gc,marking  ] GC(128) Concurrent Mark From Roots
[2026-03-19T14:51:41.313+0800][59.440s][info][gc,task     ] GC(128) Using 3 workers of 3 for marking
[2026-03-19T14:51:41.325+0800][59.453s][info][gc,marking  ] GC(128) Concurrent Mark From Roots 12.792ms
[2026-03-19T14:51:41.327+0800][59.453s][info][gc,marking  ] GC(128) Concurrent Preclean
[2026-03-19T14:51:41.327+0800][59.454s][info][gc,marking  ] GC(128) Concurrent Preclean 0.402ms
[2026-03-19T14:51:41.327+0800][59.454s][info][gc,start    ] GC(128) Pause Remark
[2026-03-19T14:51:41.333+0800][59.460s][info][gc          ] GC(128) Pause Remark 70M->40M(128M) 5.620ms
[2026-03-19T14:51:41.333+0800][59.460s][info][gc,cpu      ] GC(128) User=0.00s Sys=0.00s Real=0.01s
[2026-03-19T14:51:41.334+0800][59.460s][info][gc,marking  ] GC(128) Concurrent Mark 20.257ms
[2026-03-19T14:51:41.334+0800][59.460s][info][gc,marking  ] GC(128) Concurrent Rebuild Remembered Sets
[2026-03-19T14:51:41.340+0800][59.467s][info][gc,marking  ] GC(128) Concurrent Rebuild Remembered Sets 6.734ms
[2026-03-19T14:51:41.340+0800][59.468s][info][gc,start    ] GC(128) Pause Cleanup
[2026-03-19T14:51:41.341+0800][59.468s][info][gc          ] GC(128) Pause Cleanup 40M->40M(128M) 0.451ms
[2026-03-19T14:51:41.341+0800][59.468s][info][gc,cpu      ] GC(128) User=0.00s Sys=0.00s Real=0.00s
[2026-03-19T14:51:41.341+0800][59.469s][info][gc,marking  ] GC(128) Concurrent Cleanup for Next Mark
[2026-03-19T14:51:41.342+0800][59.469s][info][gc,marking  ] GC(128) Concurrent Cleanup for Next Mark 0.523ms
[2026-03-19T14:51:41.342+0800][59.469s][info][gc          ] GC(128) Concurrent Mark Cycle 30.392ms
[2026-03-19T14:51:41.941+0800][60.068s][info][gc,start    ] GC(129) Pause Young (Concurrent Start) (G1 Humongous Allocation)
[2026-03-19T14:51:41.941+0800][60.068s][info][gc,task     ] GC(129) Using 3 workers of 13 for evacuation
[2026-03-19T14:51:41.943+0800][60.070s][info][gc,phases   ] GC(129)   Pre Evacuate Collection Set: 0.2ms
[2026-03-19T14:51:41.944+0800][60.070s][info][gc,phases   ] GC(129)   Merge Heap Roots: 0.1ms
[2026-03-19T14:51:41.944+0800][60.070s][info][gc,phases   ] GC(129)   Evacuate Collection Set: 0.8ms
[2026-03-19T14:51:41.944+0800][60.070s][info][gc,phases   ] GC(129)   Post Evacuate Collection Set: 0.8ms
[2026-03-19T14:51:41.944+0800][60.070s][info][gc,phases   ] GC(129)   Other: 0.4ms
[2026-03-19T14:51:41.944+0800][60.071s][info][gc,heap     ] GC(129) Eden regions: 10->0(36)
[2026-03-19T14:51:41.944+0800][60.071s][info][gc,heap     ] GC(129) Survivor regions: 2->2(5)
[2026-03-19T14:51:41.944+0800][60.071s][info][gc,heap     ] GC(129) Old regions: 20->20
[2026-03-19T14:51:41.944+0800][60.071s][info][gc,heap     ] GC(129) Archive regions: 0->0
[2026-03-19T14:51:41.944+0800][60.071s][info][gc,heap     ] GC(129) Humongous regions: 37->37
[2026-03-19T14:51:41.944+0800][60.071s][info][gc,metaspace] GC(129) Metaspace: 24191K(24512K)->24191K(24512K) NonClass: 21390K(21568K)->21390K(21568K) Class: 2800K(2944K)->2800K(2944K)
[2026-03-19T14:51:41.944+0800][60.071s][info][gc          ] GC(129) Pause Young (Concurrent Start) (G1 Humongous Allocation) 67M->57M(128M) 2.908ms
[2026-03-19T14:51:41.944+0800][60.071s][info][gc,cpu      ] GC(129) User=0.00s Sys=0.00s Real=0.00s
[2026-03-19T14:51:41.944+0800][60.071s][info][gc          ] GC(130) Concurrent Undo Cycle
[2026-03-19T14:51:41.944+0800][60.071s][info][gc,marking  ] GC(130) Concurrent Cleanup for Next Mark
[2026-03-19T14:51:41.945+0800][60.072s][info][gc,marking  ] GC(130) Concurrent Cleanup for Next Mark 0.494ms
[2026-03-19T14:51:41.945+0800][60.072s][info][gc          ] GC(130) Concurrent Undo Cycle 0.785ms
[2026-03-19T14:51:42.249+0800][60.375s][info][gc,start    ] GC(131) Pause Young (Concurrent Start) (G1 Humongous Allocation)
[2026-03-19T14:51:42.249+0800][60.376s][info][gc,task     ] GC(131) Using 3 workers of 13 for evacuation
[2026-03-19T14:51:42.251+0800][60.378s][info][gc,phases   ] GC(131)   Pre Evacuate Collection Set: 0.3ms
[2026-03-19T14:51:42.252+0800][60.378s][info][gc,phases   ] GC(131)   Merge Heap Roots: 0.3ms
[2026-03-19T14:51:42.252+0800][60.378s][info][gc,phases   ] GC(131)   Evacuate Collection Set: 0.9ms
[2026-03-19T14:51:42.252+0800][60.378s][info][gc,phases   ] GC(131)   Post Evacuate Collection Set: 0.6ms
[2026-03-19T14:51:42.252+0800][60.378s][info][gc,phases   ] GC(131)   Other: 0.4ms
[2026-03-19T14:51:42.252+0800][60.378s][info][gc,heap     ] GC(131) Eden regions: 4->0(30)
[2026-03-19T14:51:42.252+0800][60.379s][info][gc,heap     ] GC(131) Survivor regions: 2->2(5)
[2026-03-19T14:51:42.252+0800][60.379s][info][gc,heap     ] GC(131) Old regions: 20->20
[2026-03-19T14:51:42.252+0800][60.379s][info][gc,heap     ] GC(131) Archive regions: 0->0
[2026-03-19T14:51:42.252+0800][60.379s][info][gc,heap     ] GC(131) Humongous regions: 39->39
[2026-03-19T14:51:42.252+0800][60.379s][info][gc,metaspace] GC(131) Metaspace: 24191K(24512K)->24191K(24512K) NonClass: 21390K(21568K)->21390K(21568K) Class: 2800K(2944K)->2800K(2944K)
[2026-03-19T14:51:42.253+0800][60.379s][info][gc          ] GC(131) Pause Young (Concurrent Start) (G1 Humongous Allocation) 63M->59M(128M) 3.474ms
[2026-03-19T14:51:42.253+0800][60.379s][info][gc,cpu      ] GC(131) User=0.00s Sys=0.00s Real=0.00s
[2026-03-19T14:51:42.253+0800][60.379s][info][gc          ] GC(132) Concurrent Mark Cycle
[2026-03-19T14:51:42.253+0800][60.379s][info][gc,marking  ] GC(132) Concurrent Clear Claimed Marks
[2026-03-19T14:51:42.253+0800][60.379s][info][gc,marking  ] GC(132) Concurrent Clear Claimed Marks 0.089ms
[2026-03-19T14:51:42.253+0800][60.379s][info][gc,marking  ] GC(132) Concurrent Scan Root Regions
[2026-03-19T14:51:42.253+0800][60.380s][info][gc,marking  ] GC(132) Concurrent Scan Root Regions 0.246ms
[2026-03-19T14:51:42.254+0800][60.380s][info][gc,marking  ] GC(132) Concurrent Mark
[2026-03-19T14:51:42.254+0800][60.380s][info][gc,marking  ] GC(132) Concurrent Mark From Roots
[2026-03-19T14:51:42.254+0800][60.380s][info][gc,task     ] GC(132) Using 3 workers of 3 for marking
[2026-03-19T14:51:42.265+0800][60.392s][info][gc,marking  ] GC(132) Concurrent Mark From Roots 11.745ms
[2026-03-19T14:51:42.265+0800][60.392s][info][gc,marking  ] GC(132) Concurrent Preclean
[2026-03-19T14:51:42.265+0800][60.392s][info][gc,marking  ] GC(132) Concurrent Preclean 0.374ms
[2026-03-19T14:51:42.265+0800][60.393s][info][gc,start    ] GC(132) Pause Remark
[2026-03-19T14:51:42.272+0800][60.398s][info][gc          ] GC(132) Pause Remark 70M->40M(128M) 5.422ms
[2026-03-19T14:51:42.272+0800][60.398s][info][gc,cpu      ] GC(132) User=0.00s Sys=0.00s Real=0.01s
[2026-03-19T14:51:42.272+0800][60.399s][info][gc,marking  ] GC(132) Concurrent Mark 18.694ms
[2026-03-19T14:51:42.272+0800][60.399s][info][gc,marking  ] GC(132) Concurrent Rebuild Remembered Sets
[2026-03-19T14:51:42.278+0800][60.405s][info][gc,marking  ] GC(132) Concurrent Rebuild Remembered Sets 6.471ms
[2026-03-19T14:51:42.279+0800][60.406s][info][gc,start    ] GC(132) Pause Cleanup
[2026-03-19T14:51:42.279+0800][60.406s][info][gc          ] GC(132) Pause Cleanup 40M->40M(128M) 0.404ms
[2026-03-19T14:51:42.279+0800][60.406s][info][gc,cpu      ] GC(132) User=0.00s Sys=0.00s Real=0.00s
[2026-03-19T14:51:42.279+0800][60.406s][info][gc,marking  ] GC(132) Concurrent Cleanup for Next Mark
[2026-03-19T14:51:42.280+0800][60.407s][info][gc,marking  ] GC(132) Concurrent Cleanup for Next Mark 0.601ms
[2026-03-19T14:51:42.280+0800][60.407s][info][gc          ] GC(132) Concurrent Mark Cycle 27.964ms
[2026-03-19T14:51:42.895+0800][61.022s][info][gc,start    ] GC(133) Pause Young (Concurrent Start) (G1 Humongous Allocation)
[2026-03-19T14:51:42.895+0800][61.023s][info][gc,task     ] GC(133) Using 3 workers of 13 for evacuation
[2026-03-19T14:51:42.898+0800][61.024s][info][gc,phases   ] GC(133)   Pre Evacuate Collection Set: 0.1ms
[2026-03-19T14:51:42.898+0800][61.024s][info][gc,phases   ] GC(133)   Merge Heap Roots: 0.1ms
[2026-03-19T14:51:42.898+0800][61.024s][info][gc,phases   ] GC(133)   Evacuate Collection Set: 0.7ms
[2026-03-19T14:51:42.898+0800][61.024s][info][gc,phases   ] GC(133)   Post Evacuate Collection Set: 0.3ms
[2026-03-19T14:51:42.898+0800][61.024s][info][gc,phases   ] GC(133)   Other: 0.6ms
[2026-03-19T14:51:42.898+0800][61.024s][info][gc,heap     ] GC(133) Eden regions: 10->0(34)
[2026-03-19T14:51:42.898+0800][61.024s][info][gc,heap     ] GC(133) Survivor regions: 2->2(4)
[2026-03-19T14:51:42.898+0800][61.025s][info][gc,heap     ] GC(133) Old regions: 20->20
[2026-03-19T14:51:42.898+0800][61.025s][info][gc,heap     ] GC(133) Archive regions: 0->0
[2026-03-19T14:51:42.898+0800][61.025s][info][gc,heap     ] GC(133) Humongous regions: 37->37
[2026-03-19T14:51:42.898+0800][61.025s][info][gc,metaspace] GC(133) Metaspace: 24191K(24512K)->24191K(24512K) NonClass: 21390K(21568K)->21390K(21568K) Class: 2800K(2944K)->2800K(2944K)
[2026-03-19T14:51:42.898+0800][61.025s][info][gc          ] GC(133) Pause Young (Concurrent Start) (G1 Humongous Allocation) 67M->57M(128M) 2.508ms
[2026-03-19T14:51:42.898+0800][61.025s][info][gc,cpu      ] GC(133) User=0.00s Sys=0.00s Real=0.00s
[2026-03-19T14:51:42.898+0800][61.025s][info][gc          ] GC(134) Concurrent Undo Cycle
[2026-03-19T14:51:42.899+0800][61.025s][info][gc,marking  ] GC(134) Concurrent Cleanup for Next Mark
[2026-03-19T14:51:42.899+0800][61.026s][info][gc,marking  ] GC(134) Concurrent Cleanup for Next Mark 0.472ms
[2026-03-19T14:51:42.899+0800][61.026s][info][gc          ] GC(134) Concurrent Undo Cycle 0.814ms
[2026-03-19T14:51:43.206+0800][61.333s][info][gc,start    ] GC(135) Pause Young (Concurrent Start) (G1 Humongous Allocation)
[2026-03-19T14:51:43.207+0800][61.333s][info][gc,task     ] GC(135) Using 3 workers of 13 for evacuation
[2026-03-19T14:51:43.209+0800][61.336s][info][gc,phases   ] GC(135)   Pre Evacuate Collection Set: 0.2ms
[2026-03-19T14:51:43.209+0800][61.336s][info][gc,phases   ] GC(135)   Merge Heap Roots: 0.2ms
[2026-03-19T14:51:43.209+0800][61.336s][info][gc,phases   ] GC(135)   Evacuate Collection Set: 1.1ms
[2026-03-19T14:51:43.209+0800][61.336s][info][gc,phases   ] GC(135)   Post Evacuate Collection Set: 0.9ms
[2026-03-19T14:51:43.209+0800][61.336s][info][gc,phases   ] GC(135)   Other: 0.4ms
[2026-03-19T14:51:43.209+0800][61.337s][info][gc,heap     ] GC(135) Eden regions: 4->0(29)
[2026-03-19T14:51:43.209+0800][61.337s][info][gc,heap     ] GC(135) Survivor regions: 2->2(5)
[2026-03-19T14:51:43.210+0800][61.337s][info][gc,heap     ] GC(135) Old regions: 20->20
[2026-03-19T14:51:43.210+0800][61.337s][info][gc,heap     ] GC(135) Archive regions: 0->0
[2026-03-19T14:51:43.210+0800][61.337s][info][gc,heap     ] GC(135) Humongous regions: 39->39
[2026-03-19T14:51:43.210+0800][61.337s][info][gc,metaspace] GC(135) Metaspace: 24191K(24512K)->24191K(24512K) NonClass: 21390K(21568K)->21390K(21568K) Class: 2800K(2944K)->2800K(2944K)
[2026-03-19T14:51:43.210+0800][61.337s][info][gc          ] GC(135) Pause Young (Concurrent Start) (G1 Humongous Allocation) 63M->59M(128M) 4.046ms
[2026-03-19T14:51:43.210+0800][61.337s][info][gc,cpu      ] GC(135) User=0.00s Sys=0.00s Real=0.00s
[2026-03-19T14:51:43.210+0800][61.337s][info][gc          ] GC(136) Concurrent Mark Cycle
[2026-03-19T14:51:43.210+0800][61.338s][info][gc,marking  ] GC(136) Concurrent Clear Claimed Marks
[2026-03-19T14:51:43.211+0800][61.338s][info][gc,marking  ] GC(136) Concurrent Clear Claimed Marks 0.087ms
[2026-03-19T14:51:43.211+0800][61.338s][info][gc,marking  ] GC(136) Concurrent Scan Root Regions
[2026-03-19T14:51:43.211+0800][61.338s][info][gc,marking  ] GC(136) Concurrent Scan Root Regions 0.314ms
[2026-03-19T14:51:43.211+0800][61.338s][info][gc,marking  ] GC(136) Concurrent Mark
[2026-03-19T14:51:43.211+0800][61.338s][info][gc,marking  ] GC(136) Concurrent Mark From Roots
[2026-03-19T14:51:43.211+0800][61.338s][info][gc,task     ] GC(136) Using 3 workers of 3 for marking
[2026-03-19T14:51:43.224+0800][61.351s][info][gc,marking  ] GC(136) Concurrent Mark From Roots 12.335ms
[2026-03-19T14:51:43.224+0800][61.351s][info][gc,marking  ] GC(136) Concurrent Preclean
[2026-03-19T14:51:43.224+0800][61.351s][info][gc,marking  ] GC(136) Concurrent Preclean 0.296ms
[2026-03-19T14:51:43.225+0800][61.352s][info][gc,start    ] GC(136) Pause Remark
[2026-03-19T14:51:43.230+0800][61.357s][info][gc          ] GC(136) Pause Remark 70M->40M(128M) 4.988ms
[2026-03-19T14:51:43.230+0800][61.357s][info][gc,cpu      ] GC(136) User=0.00s Sys=0.00s Real=0.01s
[2026-03-19T14:51:43.230+0800][61.357s][info][gc,marking  ] GC(136) Concurrent Mark 18.734ms
[2026-03-19T14:51:43.231+0800][61.357s][info][gc,marking  ] GC(136) Concurrent Rebuild Remembered Sets
[2026-03-19T14:51:43.237+0800][61.363s][info][gc,marking  ] GC(136) Concurrent Rebuild Remembered Sets 6.000ms
[2026-03-19T14:51:43.237+0800][61.364s][info][gc,start    ] GC(136) Pause Cleanup
[2026-03-19T14:51:43.237+0800][61.364s][info][gc          ] GC(136) Pause Cleanup 40M->40M(128M) 0.485ms
[2026-03-19T14:51:43.237+0800][61.364s][info][gc,cpu      ] GC(136) User=0.00s Sys=0.00s Real=0.00s
[2026-03-19T14:51:43.237+0800][61.364s][info][gc,marking  ] GC(136) Concurrent Cleanup for Next Mark
[2026-03-19T14:51:43.238+0800][61.365s][info][gc,marking  ] GC(136) Concurrent Cleanup for Next Mark 0.438ms
[2026-03-19T14:51:43.238+0800][61.365s][info][gc          ] GC(136) Concurrent Mark Cycle 27.595ms
[2026-03-19T14:51:43.852+0800][61.979s][info][gc,start    ] GC(137) Pause Young (Concurrent Start) (G1 Humongous Allocation)
[2026-03-19T14:51:43.852+0800][61.979s][info][gc,task     ] GC(137) Using 3 workers of 13 for evacuation
[2026-03-19T14:51:43.855+0800][61.981s][info][gc,phases   ] GC(137)   Pre Evacuate Collection Set: 0.2ms
[2026-03-19T14:51:43.855+0800][61.982s][info][gc,phases   ] GC(137)   Merge Heap Roots: 0.2ms
[2026-03-19T14:51:43.855+0800][61.982s][info][gc,phases   ] GC(137)   Evacuate Collection Set: 0.9ms
[2026-03-19T14:51:43.855+0800][61.982s][info][gc,phases   ] GC(137)   Post Evacuate Collection Set: 0.9ms
[2026-03-19T14:51:43.855+0800][61.982s][info][gc,phases   ] GC(137)   Other: 0.6ms
[2026-03-19T14:51:43.856+0800][61.982s][info][gc,heap     ] GC(137) Eden regions: 10->0(34)
[2026-03-19T14:51:43.856+0800][61.982s][info][gc,heap     ] GC(137) Survivor regions: 2->2(4)
[2026-03-19T14:51:43.856+0800][61.982s][info][gc,heap     ] GC(137) Old regions: 20->20
[2026-03-19T14:51:43.856+0800][61.982s][info][gc,heap     ] GC(137) Archive regions: 0->0
[2026-03-19T14:51:43.856+0800][61.982s][info][gc,heap     ] GC(137) Humongous regions: 37->37
[2026-03-19T14:51:43.856+0800][61.982s][info][gc,metaspace] GC(137) Metaspace: 24191K(24512K)->24191K(24512K) NonClass: 21390K(21568K)->21390K(21568K) Class: 2800K(2944K)->2800K(2944K)
[2026-03-19T14:51:43.856+0800][61.983s][info][gc          ] GC(137) Pause Young (Concurrent Start) (G1 Humongous Allocation) 67M->57M(128M) 3.929ms
[2026-03-19T14:51:43.856+0800][61.983s][info][gc,cpu      ] GC(137) User=0.00s Sys=0.00s Real=0.00s
[2026-03-19T14:51:43.856+0800][61.983s][info][gc          ] GC(138) Concurrent Undo Cycle
[2026-03-19T14:51:43.857+0800][61.983s][info][gc,marking  ] GC(138) Concurrent Cleanup for Next Mark
[2026-03-19T14:51:43.857+0800][61.984s][info][gc,marking  ] GC(138) Concurrent Cleanup for Next Mark 0.556ms
[2026-03-19T14:51:43.857+0800][61.984s][info][gc          ] GC(138) Concurrent Undo Cycle 0.992ms
[2026-03-19T14:51:44.170+0800][62.297s][info][gc,start    ] GC(139) Pause Young (Concurrent Start) (G1 Humongous Allocation)
[2026-03-19T14:51:44.170+0800][62.297s][info][gc,task     ] GC(139) Using 3 workers of 13 for evacuation
[2026-03-19T14:51:44.172+0800][62.300s][info][gc,phases   ] GC(139)   Pre Evacuate Collection Set: 0.2ms
[2026-03-19T14:51:44.173+0800][62.300s][info][gc,phases   ] GC(139)   Merge Heap Roots: 0.2ms
[2026-03-19T14:51:44.173+0800][62.300s][info][gc,phases   ] GC(139)   Evacuate Collection Set: 0.7ms
[2026-03-19T14:51:44.173+0800][62.300s][info][gc,phases   ] GC(139)   Post Evacuate Collection Set: 0.9ms
[2026-03-19T14:51:44.173+0800][62.300s][info][gc,phases   ] GC(139)   Other: 0.3ms
[2026-03-19T14:51:44.173+0800][62.300s][info][gc,heap     ] GC(139) Eden regions: 4->0(29)
[2026-03-19T14:51:44.173+0800][62.300s][info][gc,heap     ] GC(139) Survivor regions: 2->2(5)
[2026-03-19T14:51:44.173+0800][62.300s][info][gc,heap     ] GC(139) Old regions: 20->20
[2026-03-19T14:51:44.173+0800][62.300s][info][gc,heap     ] GC(139) Archive regions: 0->0
[2026-03-19T14:51:44.173+0800][62.300s][info][gc,heap     ] GC(139) Humongous regions: 39->39
[2026-03-19T14:51:44.173+0800][62.300s][info][gc,metaspace] GC(139) Metaspace: 24191K(24512K)->24191K(24512K) NonClass: 21390K(21568K)->21390K(21568K) Class: 2800K(2944K)->2800K(2944K)
[2026-03-19T14:51:44.173+0800][62.300s][info][gc          ] GC(139) Pause Young (Concurrent Start) (G1 Humongous Allocation) 63M->60M(128M) 2.991ms
[2026-03-19T14:51:44.173+0800][62.300s][info][gc,cpu      ] GC(139) User=0.00s Sys=0.00s Real=0.00s
[2026-03-19T14:51:44.174+0800][62.301s][info][gc          ] GC(140) Concurrent Mark Cycle
[2026-03-19T14:51:44.174+0800][62.301s][info][gc,marking  ] GC(140) Concurrent Clear Claimed Marks
[2026-03-19T14:51:44.174+0800][62.301s][info][gc,marking  ] GC(140) Concurrent Clear Claimed Marks 0.096ms
[2026-03-19T14:51:44.174+0800][62.301s][info][gc,marking  ] GC(140) Concurrent Scan Root Regions
[2026-03-19T14:51:44.174+0800][62.301s][info][gc,marking  ] GC(140) Concurrent Scan Root Regions 0.316ms
[2026-03-19T14:51:44.174+0800][62.301s][info][gc,marking  ] GC(140) Concurrent Mark
[2026-03-19T14:51:44.174+0800][62.301s][info][gc,marking  ] GC(140) Concurrent Mark From Roots
[2026-03-19T14:51:44.174+0800][62.301s][info][gc,task     ] GC(140) Using 3 workers of 3 for marking
[2026-03-19T14:51:44.182+0800][62.309s][info][gc,marking  ] GC(140) Concurrent Mark From Roots 7.540ms
[2026-03-19T14:51:44.182+0800][62.309s][info][gc,marking  ] GC(140) Concurrent Preclean
[2026-03-19T14:51:44.182+0800][62.309s][info][gc,marking  ] GC(140) Concurrent Preclean 0.210ms
[2026-03-19T14:51:44.183+0800][62.310s][info][gc,start    ] GC(140) Pause Remark
[2026-03-19T14:51:44.188+0800][62.315s][info][gc          ] GC(140) Pause Remark 71M->41M(128M) 4.993ms
[2026-03-19T14:51:44.188+0800][62.315s][info][gc,cpu      ] GC(140) User=0.00s Sys=0.02s Real=0.00s
[2026-03-19T14:51:44.188+0800][62.315s][info][gc,marking  ] GC(140) Concurrent Mark 13.667ms
[2026-03-19T14:51:44.189+0800][62.315s][info][gc,marking  ] GC(140) Concurrent Rebuild Remembered Sets
[2026-03-19T14:51:44.194+0800][62.321s][info][gc,marking  ] GC(140) Concurrent Rebuild Remembered Sets 5.396ms
[2026-03-19T14:51:44.195+0800][62.321s][info][gc,start    ] GC(140) Pause Cleanup
[2026-03-19T14:51:44.195+0800][62.322s][info][gc          ] GC(140) Pause Cleanup 41M->41M(128M) 0.562ms
[2026-03-19T14:51:44.195+0800][62.322s][info][gc,cpu      ] GC(140) User=0.00s Sys=0.00s Real=0.00s
[2026-03-19T14:51:44.196+0800][62.322s][info][gc,marking  ] GC(140) Concurrent Cleanup for Next Mark
[2026-03-19T14:51:44.196+0800][62.323s][info][gc,marking  ] GC(140) Concurrent Cleanup for Next Mark 0.458ms
[2026-03-19T14:51:44.196+0800][62.323s][info][gc          ] GC(140) Concurrent Mark Cycle 22.149ms
[2026-03-19T14:51:44.801+0800][62.928s][info][gc,start    ] GC(141) Pause Young (Concurrent Start) (G1 Humongous Allocation)
[2026-03-19T14:51:44.801+0800][62.928s][info][gc,task     ] GC(141) Using 3 workers of 13 for evacuation
[2026-03-19T14:51:44.803+0800][62.930s][info][gc,phases   ] GC(141)   Pre Evacuate Collection Set: 0.2ms
[2026-03-19T14:51:44.804+0800][62.930s][info][gc,phases   ] GC(141)   Merge Heap Roots: 0.2ms
[2026-03-19T14:51:44.804+0800][62.930s][info][gc,phases   ] GC(141)   Evacuate Collection Set: 0.8ms
[2026-03-19T14:51:44.804+0800][62.930s][info][gc,phases   ] GC(141)   Post Evacuate Collection Set: 0.8ms
[2026-03-19T14:51:44.804+0800][62.930s][info][gc,phases   ] GC(141)   Other: 0.5ms
[2026-03-19T14:51:44.804+0800][62.930s][info][gc,heap     ] GC(141) Eden regions: 10->0(33)
[2026-03-19T14:51:44.804+0800][62.931s][info][gc,heap     ] GC(141) Survivor regions: 2->2(4)
[2026-03-19T14:51:44.804+0800][62.931s][info][gc,heap     ] GC(141) Old regions: 20->20
[2026-03-19T14:51:44.804+0800][62.931s][info][gc,heap     ] GC(141) Archive regions: 0->0
[2026-03-19T14:51:44.804+0800][62.931s][info][gc,heap     ] GC(141) Humongous regions: 37->37
[2026-03-19T14:51:44.804+0800][62.931s][info][gc,metaspace] GC(141) Metaspace: 24191K(24512K)->24191K(24512K) NonClass: 21390K(21568K)->21390K(21568K) Class: 2800K(2944K)->2800K(2944K)
[2026-03-19T14:51:44.804+0800][62.931s][info][gc          ] GC(141) Pause Young (Concurrent Start) (G1 Humongous Allocation) 67M->57M(128M) 3.387ms
[2026-03-19T14:51:44.805+0800][62.931s][info][gc,cpu      ] GC(141) User=0.00s Sys=0.00s Real=0.00s
[2026-03-19T14:51:44.805+0800][62.931s][info][gc          ] GC(142) Concurrent Undo Cycle
[2026-03-19T14:51:44.805+0800][62.931s][info][gc,marking  ] GC(142) Concurrent Cleanup for Next Mark
[2026-03-19T14:51:44.805+0800][62.932s][info][gc,marking  ] GC(142) Concurrent Cleanup for Next Mark 0.522ms
[2026-03-19T14:51:44.806+0800][62.932s][info][gc          ] GC(142) Concurrent Undo Cycle 0.908ms
[2026-03-19T14:51:45.122+0800][63.249s][info][gc,start    ] GC(143) Pause Young (Concurrent Start) (G1 Humongous Allocation)
[2026-03-19T14:51:45.122+0800][63.249s][info][gc,task     ] GC(143) Using 3 workers of 13 for evacuation
[2026-03-19T14:51:45.125+0800][63.252s][info][gc,phases   ] GC(143)   Pre Evacuate Collection Set: 0.3ms
[2026-03-19T14:51:45.125+0800][63.252s][info][gc,phases   ] GC(143)   Merge Heap Roots: 0.3ms
[2026-03-19T14:51:45.125+0800][63.252s][info][gc,phases   ] GC(143)   Evacuate Collection Set: 1.1ms
[2026-03-19T14:51:45.125+0800][63.252s][info][gc,phases   ] GC(143)   Post Evacuate Collection Set: 0.9ms
[2026-03-19T14:51:45.125+0800][63.252s][info][gc,phases   ] GC(143)   Other: 0.6ms
[2026-03-19T14:51:45.125+0800][63.252s][info][gc,heap     ] GC(143) Eden regions: 4->0(29)
[2026-03-19T14:51:45.125+0800][63.252s][info][gc,heap     ] GC(143) Survivor regions: 2->2(5)
[2026-03-19T14:51:45.125+0800][63.253s][info][gc,heap     ] GC(143) Old regions: 20->20
[2026-03-19T14:51:45.125+0800][63.253s][info][gc,heap     ] GC(143) Archive regions: 0->0
[2026-03-19T14:51:45.125+0800][63.253s][info][gc,heap     ] GC(143) Humongous regions: 39->39
[2026-03-19T14:51:45.125+0800][63.253s][info][gc,metaspace] GC(143) Metaspace: 24191K(24512K)->24191K(24512K) NonClass: 21390K(21568K)->21390K(21568K) Class: 2800K(2944K)->2800K(2944K)
[2026-03-19T14:51:45.125+0800][63.253s][info][gc          ] GC(143) Pause Young (Concurrent Start) (G1 Humongous Allocation) 63M->59M(128M) 4.379ms
[2026-03-19T14:51:45.125+0800][63.253s][info][gc,cpu      ] GC(143) User=0.03s Sys=0.03s Real=0.00s
[2026-03-19T14:51:45.127+0800][63.253s][info][gc          ] GC(144) Concurrent Mark Cycle
[2026-03-19T14:51:45.127+0800][63.253s][info][gc,marking  ] GC(144) Concurrent Clear Claimed Marks
[2026-03-19T14:51:45.127+0800][63.254s][info][gc,marking  ] GC(144) Concurrent Clear Claimed Marks 0.143ms
[2026-03-19T14:51:45.127+0800][63.254s][info][gc,marking  ] GC(144) Concurrent Scan Root Regions
[2026-03-19T14:51:45.128+0800][63.254s][info][gc,marking  ] GC(144) Concurrent Scan Root Regions 0.439ms
[2026-03-19T14:51:45.128+0800][63.254s][info][gc,marking  ] GC(144) Concurrent Mark
[2026-03-19T14:51:45.128+0800][63.255s][info][gc,marking  ] GC(144) Concurrent Mark From Roots
[2026-03-19T14:51:45.128+0800][63.255s][info][gc,task     ] GC(144) Using 3 workers of 3 for marking
[2026-03-19T14:51:45.142+0800][63.269s][info][gc,marking  ] GC(144) Concurrent Mark From Roots 14.038ms
[2026-03-19T14:51:45.142+0800][63.269s][info][gc,marking  ] GC(144) Concurrent Preclean
[2026-03-19T14:51:45.143+0800][63.269s][info][gc,marking  ] GC(144) Concurrent Preclean 0.484ms
[2026-03-19T14:51:45.143+0800][63.270s][info][gc,start    ] GC(144) Pause Remark
[2026-03-19T14:51:45.149+0800][63.276s][info][gc          ] GC(144) Pause Remark 70M->40M(128M) 6.395ms
[2026-03-19T14:51:45.149+0800][63.277s][info][gc,cpu      ] GC(144) User=0.00s Sys=0.00s Real=0.01s
[2026-03-19T14:51:45.150+0800][63.277s][info][gc,marking  ] GC(144) Concurrent Mark 22.617ms
[2026-03-19T14:51:45.150+0800][63.277s][info][gc,marking  ] GC(144) Concurrent Rebuild Remembered Sets
[2026-03-19T14:51:45.155+0800][63.282s][info][gc,marking  ] GC(144) Concurrent Rebuild Remembered Sets 4.943ms
[2026-03-19T14:51:45.155+0800][63.283s][info][gc,start    ] GC(144) Pause Cleanup
[2026-03-19T14:51:45.157+0800][63.283s][info][gc          ] GC(144) Pause Cleanup 40M->40M(128M) 0.541ms
[2026-03-19T14:51:45.157+0800][63.283s][info][gc,cpu      ] GC(144) User=0.00s Sys=0.00s Real=0.00s
[2026-03-19T14:51:45.157+0800][63.284s][info][gc,marking  ] GC(144) Concurrent Cleanup for Next Mark
[2026-03-19T14:51:45.158+0800][63.284s][info][gc,marking  ] GC(144) Concurrent Cleanup for Next Mark 0.584ms
[2026-03-19T14:51:45.158+0800][63.285s][info][gc          ] GC(144) Concurrent Mark Cycle 31.435ms
[2026-03-19T14:51:45.763+0800][63.890s][info][gc,start    ] GC(145) Pause Young (Concurrent Start) (G1 Humongous Allocation)
[2026-03-19T14:51:45.764+0800][63.891s][info][gc,task     ] GC(145) Using 3 workers of 13 for evacuation
[2026-03-19T14:51:45.765+0800][63.892s][info][gc,phases   ] GC(145)   Pre Evacuate Collection Set: 0.2ms
[2026-03-19T14:51:45.765+0800][63.893s][info][gc,phases   ] GC(145)   Merge Heap Roots: 0.1ms
[2026-03-19T14:51:45.765+0800][63.893s][info][gc,phases   ] GC(145)   Evacuate Collection Set: 0.7ms
[2026-03-19T14:51:45.765+0800][63.893s][info][gc,phases   ] GC(145)   Post Evacuate Collection Set: 0.7ms
[2026-03-19T14:51:45.765+0800][63.893s][info][gc,phases   ] GC(145)   Other: 0.3ms
[2026-03-19T14:51:45.765+0800][63.893s][info][gc,heap     ] GC(145) Eden regions: 9->0(33)
[2026-03-19T14:51:45.765+0800][63.893s][info][gc,heap     ] GC(145) Survivor regions: 2->2(4)
[2026-03-19T14:51:45.765+0800][63.893s][info][gc,heap     ] GC(145) Old regions: 20->20
[2026-03-19T14:51:45.765+0800][63.893s][info][gc,heap     ] GC(145) Archive regions: 0->0
[2026-03-19T14:51:45.765+0800][63.893s][info][gc,heap     ] GC(145) Humongous regions: 37->37
[2026-03-19T14:51:45.765+0800][63.893s][info][gc,metaspace] GC(145) Metaspace: 24191K(24512K)->24191K(24512K) NonClass: 21390K(21568K)->21390K(21568K) Class: 2800K(2944K)->2800K(2944K)
[2026-03-19T14:51:45.767+0800][63.893s][info][gc          ] GC(145) Pause Young (Concurrent Start) (G1 Humongous Allocation) 66M->57M(128M) 2.733ms
[2026-03-19T14:51:45.767+0800][63.893s][info][gc,cpu      ] GC(145) User=0.03s Sys=0.00s Real=0.00s
[2026-03-19T14:51:45.767+0800][63.893s][info][gc          ] GC(146) Concurrent Undo Cycle
[2026-03-19T14:51:45.767+0800][63.894s][info][gc,marking  ] GC(146) Concurrent Cleanup for Next Mark
[2026-03-19T14:51:45.767+0800][63.894s][info][gc,marking  ] GC(146) Concurrent Cleanup for Next Mark 0.453ms
[2026-03-19T14:51:45.768+0800][63.894s][info][gc          ] GC(146) Concurrent Undo Cycle 0.762ms
[2026-03-19T14:51:46.073+0800][64.200s][info][gc,start    ] GC(147) Pause Young (Concurrent Start) (G1 Humongous Allocation)
[2026-03-19T14:51:46.073+0800][64.200s][info][gc,task     ] GC(147) Using 3 workers of 13 for evacuation
[2026-03-19T14:51:46.075+0800][64.202s][info][gc,phases   ] GC(147)   Pre Evacuate Collection Set: 0.2ms
[2026-03-19T14:51:46.075+0800][64.202s][info][gc,phases   ] GC(147)   Merge Heap Roots: 0.2ms
[2026-03-19T14:51:46.075+0800][64.203s][info][gc,phases   ] GC(147)   Evacuate Collection Set: 1.0ms
[2026-03-19T14:51:46.075+0800][64.203s][info][gc,phases   ] GC(147)   Post Evacuate Collection Set: 0.9ms
[2026-03-19T14:51:46.075+0800][64.203s][info][gc,phases   ] GC(147)   Other: 0.6ms
[2026-03-19T14:51:46.075+0800][64.203s][info][gc,heap     ] GC(147) Eden regions: 4->0(32)
[2026-03-19T14:51:46.075+0800][64.203s][info][gc,heap     ] GC(147) Survivor regions: 2->2(5)
[2026-03-19T14:51:46.075+0800][64.203s][info][gc,heap     ] GC(147) Old regions: 20->20
[2026-03-19T14:51:46.075+0800][64.203s][info][gc,heap     ] GC(147) Archive regions: 0->0
[2026-03-19T14:51:46.077+0800][64.203s][info][gc,heap     ] GC(147) Humongous regions: 39->39
[2026-03-19T14:51:46.077+0800][64.203s][info][gc,metaspace] GC(147) Metaspace: 24191K(24512K)->24191K(24512K) NonClass: 21390K(21568K)->21390K(21568K) Class: 2800K(2944K)->2800K(2944K)
[2026-03-19T14:51:46.077+0800][64.203s][info][gc          ] GC(147) Pause Young (Concurrent Start) (G1 Humongous Allocation) 63M->59M(128M) 3.726ms
[2026-03-19T14:51:46.077+0800][64.203s][info][gc,cpu      ] GC(147) User=0.00s Sys=0.00s Real=0.00s
[2026-03-19T14:51:46.077+0800][64.204s][info][gc          ] GC(148) Concurrent Mark Cycle
[2026-03-19T14:51:46.077+0800][64.204s][info][gc,marking  ] GC(148) Concurrent Clear Claimed Marks
[2026-03-19T14:51:46.077+0800][64.204s][info][gc,marking  ] GC(148) Concurrent Clear Claimed Marks 0.125ms
[2026-03-19T14:51:46.077+0800][64.204s][info][gc,marking  ] GC(148) Concurrent Scan Root Regions
[2026-03-19T14:51:46.078+0800][64.204s][info][gc,marking  ] GC(148) Concurrent Scan Root Regions 0.391ms
[2026-03-19T14:51:46.078+0800][64.204s][info][gc,marking  ] GC(148) Concurrent Mark
[2026-03-19T14:51:46.078+0800][64.205s][info][gc,marking  ] GC(148) Concurrent Mark From Roots
[2026-03-19T14:51:46.078+0800][64.205s][info][gc,task     ] GC(148) Using 3 workers of 3 for marking
[2026-03-19T14:51:46.091+0800][64.217s][info][gc,marking  ] GC(148) Concurrent Mark From Roots 12.889ms
[2026-03-19T14:51:46.091+0800][64.218s][info][gc,marking  ] GC(148) Concurrent Preclean
[2026-03-19T14:51:46.092+0800][64.218s][info][gc,marking  ] GC(148) Concurrent Preclean 0.386ms
[2026-03-19T14:51:46.092+0800][64.219s][info][gc,start    ] GC(148) Pause Remark
[2026-03-19T14:51:46.097+0800][64.224s][info][gc          ] GC(148) Pause Remark 70M->40M(128M) 5.364ms
[2026-03-19T14:51:46.097+0800][64.224s][info][gc,cpu      ] GC(148) User=0.02s Sys=0.00s Real=0.00s
[2026-03-19T14:51:46.097+0800][64.224s][info][gc,marking  ] GC(148) Concurrent Mark 19.903ms
[2026-03-19T14:51:46.097+0800][64.225s][info][gc,marking  ] GC(148) Concurrent Rebuild Remembered Sets
[2026-03-19T14:51:46.105+0800][64.232s][info][gc,marking  ] GC(148) Concurrent Rebuild Remembered Sets 7.178ms
[2026-03-19T14:51:46.105+0800][64.232s][info][gc,start    ] GC(148) Pause Cleanup
[2026-03-19T14:51:46.105+0800][64.233s][info][gc          ] GC(148) Pause Cleanup 40M->40M(128M) 0.529ms
[2026-03-19T14:51:46.105+0800][64.233s][info][gc,cpu      ] GC(148) User=0.00s Sys=0.00s Real=0.00s
[2026-03-19T14:51:46.107+0800][64.233s][info][gc,marking  ] GC(148) Concurrent Cleanup for Next Mark
[2026-03-19T14:51:46.107+0800][64.234s][info][gc,marking  ] GC(148) Concurrent Cleanup for Next Mark 0.570ms
[2026-03-19T14:51:46.107+0800][64.234s][info][gc          ] GC(148) Concurrent Mark Cycle 30.579ms
[2026-03-19T14:51:46.719+0800][64.845s][info][gc,start    ] GC(149) Pause Young (Concurrent Start) (G1 Humongous Allocation)
[2026-03-19T14:51:46.719+0800][64.845s][info][gc,task     ] GC(149) Using 3 workers of 13 for evacuation
[2026-03-19T14:51:46.721+0800][64.848s][info][gc,phases   ] GC(149)   Pre Evacuate Collection Set: 0.5ms
[2026-03-19T14:51:46.721+0800][64.848s][info][gc,phases   ] GC(149)   Merge Heap Roots: 0.2ms
[2026-03-19T14:51:46.721+0800][64.848s][info][gc,phases   ] GC(149)   Evacuate Collection Set: 0.7ms
[2026-03-19T14:51:46.721+0800][64.848s][info][gc,phases   ] GC(149)   Post Evacuate Collection Set: 0.6ms
[2026-03-19T14:51:46.721+0800][64.848s][info][gc,phases   ] GC(149)   Other: 0.4ms
[2026-03-19T14:51:46.721+0800][64.848s][info][gc,heap     ] GC(149) Eden regions: 9->0(36)
[2026-03-19T14:51:46.721+0800][64.848s][info][gc,heap     ] GC(149) Survivor regions: 2->2(5)
[2026-03-19T14:51:46.721+0800][64.848s][info][gc,heap     ] GC(149) Old regions: 20->20
[2026-03-19T14:51:46.721+0800][64.848s][info][gc,heap     ] GC(149) Archive regions: 0->0
[2026-03-19T14:51:46.721+0800][64.848s][info][gc,heap     ] GC(149) Humongous regions: 37->37
[2026-03-19T14:51:46.721+0800][64.848s][info][gc,metaspace] GC(149) Metaspace: 24191K(24512K)->24191K(24512K) NonClass: 21390K(21568K)->21390K(21568K) Class: 2800K(2944K)->2800K(2944K)
[2026-03-19T14:51:46.721+0800][64.848s][info][gc          ] GC(149) Pause Young (Concurrent Start) (G1 Humongous Allocation) 66M->57M(128M) 2.885ms
[2026-03-19T14:51:46.722+0800][64.848s][info][gc,cpu      ] GC(149) User=0.00s Sys=0.00s Real=0.00s
[2026-03-19T14:51:46.722+0800][64.848s][info][gc          ] GC(150) Concurrent Undo Cycle
[2026-03-19T14:51:46.722+0800][64.848s][info][gc,marking  ] GC(150) Concurrent Cleanup for Next Mark
[2026-03-19T14:51:46.722+0800][64.849s][info][gc,marking  ] GC(150) Concurrent Cleanup for Next Mark 0.365ms
[2026-03-19T14:51:46.722+0800][64.849s][info][gc          ] GC(150) Concurrent Undo Cycle 0.549ms
[2026-03-19T14:51:47.029+0800][65.155s][info][gc,start    ] GC(151) Pause Young (Concurrent Start) (G1 Humongous Allocation)
[2026-03-19T14:51:47.029+0800][65.156s][info][gc,task     ] GC(151) Using 3 workers of 13 for evacuation
[2026-03-19T14:51:47.031+0800][65.157s][info][gc,phases   ] GC(151)   Pre Evacuate Collection Set: 0.2ms
[2026-03-19T14:51:47.031+0800][65.158s][info][gc,phases   ] GC(151)   Merge Heap Roots: 0.1ms
[2026-03-19T14:51:47.031+0800][65.158s][info][gc,phases   ] GC(151)   Evacuate Collection Set: 0.9ms
[2026-03-19T14:51:47.031+0800][65.158s][info][gc,phases   ] GC(151)   Post Evacuate Collection Set: 0.6ms
[2026-03-19T14:51:47.031+0800][65.158s][info][gc,phases   ] GC(151)   Other: 0.5ms
[2026-03-19T14:51:47.031+0800][65.158s][info][gc,heap     ] GC(151) Eden regions: 5->0(34)
[2026-03-19T14:51:47.031+0800][65.158s][info][gc,heap     ] GC(151) Survivor regions: 2->2(5)
[2026-03-19T14:51:47.031+0800][65.158s][info][gc,heap     ] GC(151) Old regions: 20->20
[2026-03-19T14:51:47.031+0800][65.158s][info][gc,heap     ] GC(151) Archive regions: 0->0
[2026-03-19T14:51:47.031+0800][65.158s][info][gc,heap     ] GC(151) Humongous regions: 39->39
[2026-03-19T14:51:47.031+0800][65.158s][info][gc,metaspace] GC(151) Metaspace: 24191K(24512K)->24191K(24512K) NonClass: 21390K(21568K)->21390K(21568K) Class: 2800K(2944K)->2800K(2944K)
[2026-03-19T14:51:47.031+0800][65.158s][info][gc          ] GC(151) Pause Young (Concurrent Start) (G1 Humongous Allocation) 63M->59M(128M) 2.929ms
[2026-03-19T14:51:47.032+0800][65.158s][info][gc,cpu      ] GC(151) User=0.05s Sys=0.00s Real=0.00s
[2026-03-19T14:51:47.032+0800][65.158s][info][gc          ] GC(152) Concurrent Mark Cycle
[2026-03-19T14:51:47.032+0800][65.159s][info][gc,marking  ] GC(152) Concurrent Clear Claimed Marks
[2026-03-19T14:51:47.032+0800][65.159s][info][gc,marking  ] GC(152) Concurrent Clear Claimed Marks 0.083ms
[2026-03-19T14:51:47.032+0800][65.159s][info][gc,marking  ] GC(152) Concurrent Scan Root Regions
[2026-03-19T14:51:47.032+0800][65.159s][info][gc,marking  ] GC(152) Concurrent Scan Root Regions 0.266ms
[2026-03-19T14:51:47.032+0800][65.159s][info][gc,marking  ] GC(152) Concurrent Mark
[2026-03-19T14:51:47.032+0800][65.159s][info][gc,marking  ] GC(152) Concurrent Mark From Roots
[2026-03-19T14:51:47.032+0800][65.159s][info][gc,task     ] GC(152) Using 3 workers of 3 for marking
[2026-03-19T14:51:47.041+0800][65.168s][info][gc,marking  ] GC(152) Concurrent Mark From Roots 8.517ms
[2026-03-19T14:51:47.041+0800][65.168s][info][gc,marking  ] GC(152) Concurrent Preclean
[2026-03-19T14:51:47.041+0800][65.168s][info][gc,marking  ] GC(152) Concurrent Preclean 0.283ms
[2026-03-19T14:51:47.041+0800][65.168s][info][gc,start    ] GC(152) Pause Remark
[2026-03-19T14:51:47.045+0800][65.173s][info][gc          ] GC(152) Pause Remark 70M->40M(128M) 4.101ms
[2026-03-19T14:51:47.045+0800][65.173s][info][gc,cpu      ] GC(152) User=0.02s Sys=0.00s Real=0.00s
[2026-03-19T14:51:47.045+0800][65.173s][info][gc,marking  ] GC(152) Concurrent Mark 13.862ms
[2026-03-19T14:51:47.045+0800][65.173s][info][gc,marking  ] GC(152) Concurrent Rebuild Remembered Sets
[2026-03-19T14:51:47.051+0800][65.178s][info][gc,marking  ] GC(152) Concurrent Rebuild Remembered Sets 4.654ms
[2026-03-19T14:51:47.051+0800][65.178s][info][gc,start    ] GC(152) Pause Cleanup
[2026-03-19T14:51:47.052+0800][65.179s][info][gc          ] GC(152) Pause Cleanup 40M->40M(128M) 0.343ms
[2026-03-19T14:51:47.052+0800][65.179s][info][gc,cpu      ] GC(152) User=0.00s Sys=0.00s Real=0.00s
[2026-03-19T14:51:47.052+0800][65.179s][info][gc,marking  ] GC(152) Concurrent Cleanup for Next Mark
[2026-03-19T14:51:47.052+0800][65.179s][info][gc,marking  ] GC(152) Concurrent Cleanup for Next Mark 0.382ms
[2026-03-19T14:51:47.053+0800][65.179s][info][gc          ] GC(152) Concurrent Mark Cycle 20.963ms
[2026-03-19T14:51:47.657+0800][65.784s][info][gc,start    ] GC(153) Pause Young (Concurrent Start) (G1 Humongous Allocation)
[2026-03-19T14:51:47.658+0800][65.784s][info][gc,task     ] GC(153) Using 3 workers of 13 for evacuation
[2026-03-19T14:51:47.660+0800][65.786s][info][gc,phases   ] GC(153)   Pre Evacuate Collection Set: 0.4ms
[2026-03-19T14:51:47.660+0800][65.786s][info][gc,phases   ] GC(153)   Merge Heap Roots: 0.2ms
[2026-03-19T14:51:47.660+0800][65.786s][info][gc,phases   ] GC(153)   Evacuate Collection Set: 0.7ms
[2026-03-19T14:51:47.660+0800][65.786s][info][gc,phases   ] GC(153)   Post Evacuate Collection Set: 0.5ms
[2026-03-19T14:51:47.660+0800][65.786s][info][gc,phases   ] GC(153)   Other: 0.4ms
[2026-03-19T14:51:47.660+0800][65.787s][info][gc,heap     ] GC(153) Eden regions: 9->0(38)
[2026-03-19T14:51:47.660+0800][65.787s][info][gc,heap     ] GC(153) Survivor regions: 2->2(5)
[2026-03-19T14:51:47.660+0800][65.787s][info][gc,heap     ] GC(153) Old regions: 20->20
[2026-03-19T14:51:47.660+0800][65.787s][info][gc,heap     ] GC(153) Archive regions: 0->0
[2026-03-19T14:51:47.660+0800][65.787s][info][gc,heap     ] GC(153) Humongous regions: 37->37
[2026-03-19T14:51:47.660+0800][65.787s][info][gc,metaspace] GC(153) Metaspace: 24191K(24512K)->24191K(24512K) NonClass: 21390K(21568K)->21390K(21568K) Class: 2800K(2944K)->2800K(2944K)
[2026-03-19T14:51:47.660+0800][65.787s][info][gc          ] GC(153) Pause Young (Concurrent Start) (G1 Humongous Allocation) 66M->57M(128M) 2.891ms
[2026-03-19T14:51:47.660+0800][65.787s][info][gc,cpu      ] GC(153) User=0.00s Sys=0.00s Real=0.00s
[2026-03-19T14:51:47.660+0800][65.787s][info][gc          ] GC(154) Concurrent Undo Cycle
[2026-03-19T14:51:47.661+0800][65.787s][info][gc,marking  ] GC(154) Concurrent Cleanup for Next Mark
[2026-03-19T14:51:47.661+0800][65.788s][info][gc,marking  ] GC(154) Concurrent Cleanup for Next Mark 0.484ms
[2026-03-19T14:51:47.661+0800][65.788s][info][gc          ] GC(154) Concurrent Undo Cycle 0.745ms
[2026-03-19T14:51:48.041+0800][66.168s][info][gc,start    ] GC(155) Pause Young (Concurrent Start) (G1 Humongous Allocation)
[2026-03-19T14:51:48.041+0800][66.168s][info][gc,task     ] GC(155) Using 3 workers of 13 for evacuation
[2026-03-19T14:51:48.043+0800][66.169s][info][gc,phases   ] GC(155)   Pre Evacuate Collection Set: 0.1ms
[2026-03-19T14:51:48.043+0800][66.169s][info][gc,phases   ] GC(155)   Merge Heap Roots: 0.1ms
[2026-03-19T14:51:48.043+0800][66.169s][info][gc,phases   ] GC(155)   Evacuate Collection Set: 0.7ms
[2026-03-19T14:51:48.043+0800][66.169s][info][gc,phases   ] GC(155)   Post Evacuate Collection Set: 0.3ms
[2026-03-19T14:51:48.043+0800][66.170s][info][gc,phases   ] GC(155)   Other: 0.4ms
[2026-03-19T14:51:48.043+0800][66.170s][info][gc,heap     ] GC(155) Eden regions: 4->0(32)
[2026-03-19T14:51:48.043+0800][66.170s][info][gc,heap     ] GC(155) Survivor regions: 2->2(5)
[2026-03-19T14:51:48.043+0800][66.170s][info][gc,heap     ] GC(155) Old regions: 20->20
[2026-03-19T14:51:48.043+0800][66.170s][info][gc,heap     ] GC(155) Archive regions: 0->0
[2026-03-19T14:51:48.043+0800][66.170s][info][gc,heap     ] GC(155) Humongous regions: 39->39
[2026-03-19T14:51:48.043+0800][66.170s][info][gc,metaspace] GC(155) Metaspace: 24191K(24512K)->24191K(24512K) NonClass: 21390K(21568K)->21390K(21568K) Class: 2800K(2944K)->2800K(2944K)
[2026-03-19T14:51:48.043+0800][66.170s][info][gc          ] GC(155) Pause Young (Concurrent Start) (G1 Humongous Allocation) 63M->60M(128M) 2.380ms
[2026-03-19T14:51:48.043+0800][66.170s][info][gc,cpu      ] GC(155) User=0.00s Sys=0.00s Real=0.00s
[2026-03-19T14:51:48.043+0800][66.170s][info][gc          ] GC(156) Concurrent Mark Cycle
[2026-03-19T14:51:48.043+0800][66.170s][info][gc,marking  ] GC(156) Concurrent Clear Claimed Marks
[2026-03-19T14:51:48.043+0800][66.170s][info][gc,marking  ] GC(156) Concurrent Clear Claimed Marks 0.098ms
[2026-03-19T14:51:48.043+0800][66.170s][info][gc,marking  ] GC(156) Concurrent Scan Root Regions
[2026-03-19T14:51:48.044+0800][66.171s][info][gc,marking  ] GC(156) Concurrent Scan Root Regions 0.229ms
[2026-03-19T14:51:48.044+0800][66.171s][info][gc,marking  ] GC(156) Concurrent Mark
[2026-03-19T14:51:48.044+0800][66.171s][info][gc,marking  ] GC(156) Concurrent Mark From Roots
[2026-03-19T14:51:48.044+0800][66.171s][info][gc,task     ] GC(156) Using 3 workers of 3 for marking
[2026-03-19T14:51:48.052+0800][66.179s][info][gc,marking  ] GC(156) Concurrent Mark From Roots 8.416ms
[2026-03-19T14:51:48.053+0800][66.180s][info][gc,marking  ] GC(156) Concurrent Preclean
[2026-03-19T14:51:48.053+0800][66.180s][info][gc,marking  ] GC(156) Concurrent Preclean 0.318ms
[2026-03-19T14:51:48.054+0800][66.181s][info][gc,start    ] GC(156) Pause Remark
[2026-03-19T14:51:48.062+0800][66.188s][info][gc          ] GC(156) Pause Remark 69M->39M(128M) 6.948ms
[2026-03-19T14:51:48.062+0800][66.189s][info][gc,cpu      ] GC(156) User=0.00s Sys=0.00s Real=0.01s
[2026-03-19T14:51:48.091+0800][66.217s][info][gc,marking  ] GC(156) Concurrent Mark 46.588ms
[2026-03-19T14:51:48.091+0800][66.218s][info][gc,marking  ] GC(156) Concurrent Rebuild Remembered Sets
[2026-03-19T14:51:48.096+0800][66.222s][info][gc,marking  ] GC(156) Concurrent Rebuild Remembered Sets 4.757ms
[2026-03-19T14:51:48.102+0800][66.228s][info][gc,start    ] GC(156) Pause Cleanup
[2026-03-19T14:51:48.102+0800][66.229s][info][gc          ] GC(156) Pause Cleanup 39M->39M(128M) 0.384ms
[2026-03-19T14:51:48.102+0800][66.229s][info][gc,cpu      ] GC(156) User=0.00s Sys=0.00s Real=0.00s
[2026-03-19T14:51:48.208+0800][66.335s][info][gc,marking  ] GC(156) Concurrent Cleanup for Next Mark
[2026-03-19T14:51:48.209+0800][66.336s][info][gc,marking  ] GC(156) Concurrent Cleanup for Next Mark 0.546ms
[2026-03-19T14:51:48.209+0800][66.336s][info][gc          ] GC(156) Concurrent Mark Cycle 165.596ms
[2026-03-19T14:51:48.833+0800][66.960s][info][gc,start    ] GC(157) Pause Young (Concurrent Start) (G1 Humongous Allocation)
[2026-03-19T14:51:48.834+0800][66.960s][info][gc,task     ] GC(157) Using 3 workers of 13 for evacuation
[2026-03-19T14:51:48.835+0800][66.962s][info][gc,phases   ] GC(157)   Pre Evacuate Collection Set: 0.1ms
[2026-03-19T14:51:48.835+0800][66.962s][info][gc,phases   ] GC(157)   Merge Heap Roots: 0.1ms
[2026-03-19T14:51:48.835+0800][66.962s][info][gc,phases   ] GC(157)   Evacuate Collection Set: 0.6ms
[2026-03-19T14:51:48.835+0800][66.962s][info][gc,phases   ] GC(157)   Post Evacuate Collection Set: 0.5ms
[2026-03-19T14:51:48.836+0800][66.962s][info][gc,phases   ] GC(157)   Other: 0.4ms
[2026-03-19T14:51:48.836+0800][66.962s][info][gc,heap     ] GC(157) Eden regions: 10->0(36)
[2026-03-19T14:51:48.836+0800][66.962s][info][gc,heap     ] GC(157) Survivor regions: 2->2(5)
[2026-03-19T14:51:48.836+0800][66.962s][info][gc,heap     ] GC(157) Old regions: 20->20
[2026-03-19T14:51:48.836+0800][66.962s][info][gc,heap     ] GC(157) Archive regions: 0->0
[2026-03-19T14:51:48.836+0800][66.963s][info][gc,heap     ] GC(157) Humongous regions: 37->37
[2026-03-19T14:51:48.836+0800][66.963s][info][gc,metaspace] GC(157) Metaspace: 24191K(24512K)->24191K(24512K) NonClass: 21390K(21568K)->21390K(21568K) Class: 2800K(2944K)->2800K(2944K)
[2026-03-19T14:51:48.836+0800][66.963s][info][gc          ] GC(157) Pause Young (Concurrent Start) (G1 Humongous Allocation) 67M->57M(128M) 2.744ms
[2026-03-19T14:51:48.836+0800][66.963s][info][gc,cpu      ] GC(157) User=0.00s Sys=0.00s Real=0.00s
[2026-03-19T14:51:48.836+0800][66.963s][info][gc          ] GC(158) Concurrent Undo Cycle
[2026-03-19T14:51:48.837+0800][66.963s][info][gc,marking  ] GC(158) Concurrent Cleanup for Next Mark
[2026-03-19T14:51:48.837+0800][66.963s][info][gc,marking  ] GC(158) Concurrent Cleanup for Next Mark 0.344ms
[2026-03-19T14:51:48.837+0800][66.964s][info][gc          ] GC(158) Concurrent Undo Cycle 0.659ms
[2026-03-19T14:51:49.139+0800][67.267s][info][gc,start    ] GC(159) Pause Young (Concurrent Start) (G1 Humongous Allocation)
[2026-03-19T14:51:49.140+0800][67.267s][info][gc,task     ] GC(159) Using 3 workers of 13 for evacuation
[2026-03-19T14:51:49.141+0800][67.268s][info][gc,phases   ] GC(159)   Pre Evacuate Collection Set: 0.1ms
[2026-03-19T14:51:49.141+0800][67.268s][info][gc,phases   ] GC(159)   Merge Heap Roots: 0.1ms
[2026-03-19T14:51:49.141+0800][67.269s][info][gc,phases   ] GC(159)   Evacuate Collection Set: 0.7ms
[2026-03-19T14:51:49.141+0800][67.269s][info][gc,phases   ] GC(159)   Post Evacuate Collection Set: 0.5ms
[2026-03-19T14:51:49.142+0800][67.269s][info][gc,phases   ] GC(159)   Other: 0.4ms
[2026-03-19T14:51:49.142+0800][67.269s][info][gc,heap     ] GC(159) Eden regions: 4->0(29)
[2026-03-19T14:51:49.142+0800][67.269s][info][gc,heap     ] GC(159) Survivor regions: 2->2(5)
[2026-03-19T14:51:49.142+0800][67.269s][info][gc,heap     ] GC(159) Old regions: 20->20
[2026-03-19T14:51:49.142+0800][67.269s][info][gc,heap     ] GC(159) Archive regions: 0->0
[2026-03-19T14:51:49.142+0800][67.269s][info][gc,heap     ] GC(159) Humongous regions: 39->39
[2026-03-19T14:51:49.142+0800][67.269s][info][gc,metaspace] GC(159) Metaspace: 24191K(24512K)->24191K(24512K) NonClass: 21390K(21568K)->21390K(21568K) Class: 2800K(2944K)->2800K(2944K)
[2026-03-19T14:51:49.142+0800][67.269s][info][gc          ] GC(159) Pause Young (Concurrent Start) (G1 Humongous Allocation) 63M->59M(128M) 2.514ms
[2026-03-19T14:51:49.142+0800][67.269s][info][gc,cpu      ] GC(159) User=0.00s Sys=0.00s Real=0.00s
[2026-03-19T14:51:49.142+0800][67.269s][info][gc          ] GC(160) Concurrent Mark Cycle
[2026-03-19T14:51:49.142+0800][67.269s][info][gc,marking  ] GC(160) Concurrent Clear Claimed Marks
[2026-03-19T14:51:49.142+0800][67.269s][info][gc,marking  ] GC(160) Concurrent Clear Claimed Marks 0.079ms
[2026-03-19T14:51:49.142+0800][67.270s][info][gc,marking  ] GC(160) Concurrent Scan Root Regions
[2026-03-19T14:51:49.143+0800][67.270s][info][gc,marking  ] GC(160) Concurrent Scan Root Regions 0.246ms
[2026-03-19T14:51:49.143+0800][67.270s][info][gc,marking  ] GC(160) Concurrent Mark
[2026-03-19T14:51:49.143+0800][67.270s][info][gc,marking  ] GC(160) Concurrent Mark From Roots
[2026-03-19T14:51:49.143+0800][67.270s][info][gc,task     ] GC(160) Using 3 workers of 3 for marking
[2026-03-19T14:51:49.152+0800][67.279s][info][gc,marking  ] GC(160) Concurrent Mark From Roots 8.579ms
[2026-03-19T14:51:49.152+0800][67.279s][info][gc,marking  ] GC(160) Concurrent Preclean
[2026-03-19T14:51:49.152+0800][67.279s][info][gc,marking  ] GC(160) Concurrent Preclean 0.228ms
[2026-03-19T14:51:49.153+0800][67.279s][info][gc,start    ] GC(160) Pause Remark
[2026-03-19T14:51:49.157+0800][67.284s][info][gc          ] GC(160) Pause Remark 70M->40M(128M) 4.322ms
[2026-03-19T14:51:49.157+0800][67.284s][info][gc,cpu      ] GC(160) User=0.05s Sys=0.00s Real=0.00s
[2026-03-19T14:51:49.157+0800][67.284s][info][gc,marking  ] GC(160) Concurrent Mark 14.079ms
[2026-03-19T14:51:49.157+0800][67.284s][info][gc,marking  ] GC(160) Concurrent Rebuild Remembered Sets
[2026-03-19T14:51:49.162+0800][67.289s][info][gc,marking  ] GC(160) Concurrent Rebuild Remembered Sets 4.557ms
[2026-03-19T14:51:49.162+0800][67.289s][info][gc,start    ] GC(160) Pause Cleanup
[2026-03-19T14:51:49.162+0800][67.289s][info][gc          ] GC(160) Pause Cleanup 40M->40M(128M) 0.332ms
[2026-03-19T14:51:49.162+0800][67.290s][info][gc,cpu      ] GC(160) User=0.00s Sys=0.00s Real=0.00s
[2026-03-19T14:51:49.162+0800][67.290s][info][gc,marking  ] GC(160) Concurrent Cleanup for Next Mark
[2026-03-19T14:51:49.163+0800][67.290s][info][gc,marking  ] GC(160) Concurrent Cleanup for Next Mark 0.416ms
[2026-03-19T14:51:49.163+0800][67.290s][info][gc          ] GC(160) Concurrent Mark Cycle 20.971ms
[2026-03-19T14:51:49.769+0800][67.896s][info][gc,start    ] GC(161) Pause Young (Concurrent Start) (G1 Humongous Allocation)
[2026-03-19T14:51:49.769+0800][67.897s][info][gc,task     ] GC(161) Using 3 workers of 13 for evacuation
[2026-03-19T14:51:49.772+0800][67.899s][info][gc,phases   ] GC(161)   Pre Evacuate Collection Set: 0.3ms
[2026-03-19T14:51:49.772+0800][67.899s][info][gc,phases   ] GC(161)   Merge Heap Roots: 0.4ms
[2026-03-19T14:51:49.772+0800][67.899s][info][gc,phases   ] GC(161)   Evacuate Collection Set: 0.7ms
[2026-03-19T14:51:49.772+0800][67.900s][info][gc,phases   ] GC(161)   Post Evacuate Collection Set: 1.1ms
[2026-03-19T14:51:49.773+0800][67.900s][info][gc,phases   ] GC(161)   Other: 0.4ms
[2026-03-19T14:51:49.773+0800][67.900s][info][gc,heap     ] GC(161) Eden regions: 10->0(33)
[2026-03-19T14:51:49.773+0800][67.900s][info][gc,heap     ] GC(161) Survivor regions: 2->2(4)
[2026-03-19T14:51:49.773+0800][67.900s][info][gc,heap     ] GC(161) Old regions: 20->20
[2026-03-19T14:51:49.773+0800][67.900s][info][gc,heap     ] GC(161) Archive regions: 0->0
[2026-03-19T14:51:49.773+0800][67.900s][info][gc,heap     ] GC(161) Humongous regions: 37->37
[2026-03-19T14:51:49.773+0800][67.900s][info][gc,metaspace] GC(161) Metaspace: 24191K(24512K)->24191K(24512K) NonClass: 21390K(21568K)->21390K(21568K) Class: 2800K(2944K)->2800K(2944K)
[2026-03-19T14:51:49.773+0800][67.900s][info][gc          ] GC(161) Pause Young (Concurrent Start) (G1 Humongous Allocation) 67M->57M(128M) 3.818ms
[2026-03-19T14:51:49.773+0800][67.900s][info][gc,cpu      ] GC(161) User=0.00s Sys=0.00s Real=0.00s
[2026-03-19T14:51:49.773+0800][67.900s][info][gc          ] GC(162) Concurrent Undo Cycle
[2026-03-19T14:51:49.773+0800][67.901s][info][gc,marking  ] GC(162) Concurrent Cleanup for Next Mark
[2026-03-19T14:51:49.774+0800][67.901s][info][gc,marking  ] GC(162) Concurrent Cleanup for Next Mark 0.379ms
[2026-03-19T14:51:49.774+0800][67.901s][info][gc          ] GC(162) Concurrent Undo Cycle 0.646ms
[2026-03-19T14:51:50.077+0800][68.204s][info][gc,start    ] GC(163) Pause Young (Concurrent Start) (G1 Humongous Allocation)
[2026-03-19T14:51:50.077+0800][68.204s][info][gc,task     ] GC(163) Using 3 workers of 13 for evacuation
[2026-03-19T14:51:50.079+0800][68.206s][info][gc,phases   ] GC(163)   Pre Evacuate Collection Set: 0.2ms
[2026-03-19T14:51:50.080+0800][68.207s][info][gc,phases   ] GC(163)   Merge Heap Roots: 0.1ms
[2026-03-19T14:51:50.080+0800][68.207s][info][gc,phases   ] GC(163)   Evacuate Collection Set: 1.1ms
[2026-03-19T14:51:50.080+0800][68.207s][info][gc,phases   ] GC(163)   Post Evacuate Collection Set: 0.9ms
[2026-03-19T14:51:50.080+0800][68.207s][info][gc,phases   ] GC(163)   Other: 0.3ms
[2026-03-19T14:51:50.080+0800][68.207s][info][gc,heap     ] GC(163) Eden regions: 4->0(28)
[2026-03-19T14:51:50.080+0800][68.207s][info][gc,heap     ] GC(163) Survivor regions: 2->2(5)
[2026-03-19T14:51:50.080+0800][68.207s][info][gc,heap     ] GC(163) Old regions: 20->20
[2026-03-19T14:51:50.080+0800][68.207s][info][gc,heap     ] GC(163) Archive regions: 0->0
[2026-03-19T14:51:50.080+0800][68.207s][info][gc,heap     ] GC(163) Humongous regions: 39->39
[2026-03-19T14:51:50.080+0800][68.207s][info][gc,metaspace] GC(163) Metaspace: 24191K(24512K)->24191K(24512K) NonClass: 21390K(21568K)->21390K(21568K) Class: 2800K(2944K)->2800K(2944K)
[2026-03-19T14:51:50.081+0800][68.207s][info][gc          ] GC(163) Pause Young (Concurrent Start) (G1 Humongous Allocation) 63M->59M(128M) 3.567ms
[2026-03-19T14:51:50.081+0800][68.207s][info][gc,cpu      ] GC(163) User=0.00s Sys=0.00s Real=0.00s
[2026-03-19T14:51:50.081+0800][68.208s][info][gc          ] GC(164) Concurrent Mark Cycle
[2026-03-19T14:51:50.081+0800][68.208s][info][gc,marking  ] GC(164) Concurrent Clear Claimed Marks
[2026-03-19T14:51:50.081+0800][68.208s][info][gc,marking  ] GC(164) Concurrent Clear Claimed Marks 0.056ms
[2026-03-19T14:51:50.081+0800][68.208s][info][gc,marking  ] GC(164) Concurrent Scan Root Regions
[2026-03-19T14:51:50.081+0800][68.208s][info][gc,marking  ] GC(164) Concurrent Scan Root Regions 0.232ms
[2026-03-19T14:51:50.081+0800][68.208s][info][gc,marking  ] GC(164) Concurrent Mark
[2026-03-19T14:51:50.081+0800][68.208s][info][gc,marking  ] GC(164) Concurrent Mark From Roots
[2026-03-19T14:51:50.081+0800][68.208s][info][gc,task     ] GC(164) Using 3 workers of 3 for marking
[2026-03-19T14:51:50.092+0800][68.218s][info][gc,marking  ] GC(164) Concurrent Mark From Roots 9.945ms
[2026-03-19T14:51:50.092+0800][68.218s][info][gc,marking  ] GC(164) Concurrent Preclean
[2026-03-19T14:51:50.092+0800][68.219s][info][gc,marking  ] GC(164) Concurrent Preclean 0.446ms
[2026-03-19T14:51:50.093+0800][68.219s][info][gc,start    ] GC(164) Pause Remark
[2026-03-19T14:51:50.103+0800][68.229s][info][gc          ] GC(164) Pause Remark 70M->40M(128M) 9.769ms
[2026-03-19T14:51:50.103+0800][68.229s][info][gc,cpu      ] GC(164) User=0.00s Sys=0.00s Real=0.01s
[2026-03-19T14:51:50.103+0800][68.229s][info][gc,marking  ] GC(164) Concurrent Mark 21.335ms
[2026-03-19T14:51:50.103+0800][68.230s][info][gc,marking  ] GC(164) Concurrent Rebuild Remembered Sets
[2026-03-19T14:51:50.108+0800][68.235s][info][gc,marking  ] GC(164) Concurrent Rebuild Remembered Sets 5.070ms
[2026-03-19T14:51:50.108+0800][68.235s][info][gc,start    ] GC(164) Pause Cleanup
[2026-03-19T14:51:50.109+0800][68.236s][info][gc          ] GC(164) Pause Cleanup 40M->40M(128M) 0.353ms
[2026-03-19T14:51:50.109+0800][68.236s][info][gc,cpu      ] GC(164) User=0.00s Sys=0.00s Real=0.00s
[2026-03-19T14:51:50.109+0800][68.236s][info][gc,marking  ] GC(164) Concurrent Cleanup for Next Mark
[2026-03-19T14:51:50.110+0800][68.237s][info][gc,marking  ] GC(164) Concurrent Cleanup for Next Mark 0.463ms
[2026-03-19T14:51:50.110+0800][68.237s][info][gc          ] GC(164) Concurrent Mark Cycle 29.244ms
[2026-03-19T14:51:50.719+0800][68.846s][info][gc,start    ] GC(165) Pause Young (Concurrent Start) (G1 Humongous Allocation)
[2026-03-19T14:51:50.835+0800][68.962s][info][gc,task     ] GC(165) Using 3 workers of 13 for evacuation
[2026-03-19T14:51:50.838+0800][68.964s][info][gc,phases   ] GC(165)   Pre Evacuate Collection Set: 0.2ms
[2026-03-19T14:51:50.838+0800][68.965s][info][gc,phases   ] GC(165)   Merge Heap Roots: 0.2ms
[2026-03-19T14:51:50.838+0800][68.965s][info][gc,phases   ] GC(165)   Evacuate Collection Set: 0.9ms
[2026-03-19T14:51:50.838+0800][68.965s][info][gc,phases   ] GC(165)   Post Evacuate Collection Set: 0.6ms
[2026-03-19T14:51:50.838+0800][68.965s][info][gc,phases   ] GC(165)   Other: 116.0ms
[2026-03-19T14:51:50.839+0800][68.965s][info][gc,heap     ] GC(165) Eden regions: 9->0(32)
[2026-03-19T14:51:50.839+0800][68.965s][info][gc,heap     ] GC(165) Survivor regions: 2->2(4)
[2026-03-19T14:51:50.839+0800][68.965s][info][gc,heap     ] GC(165) Old regions: 20->20
[2026-03-19T14:51:50.839+0800][68.965s][info][gc,heap     ] GC(165) Archive regions: 0->0
[2026-03-19T14:51:50.839+0800][68.965s][info][gc,heap     ] GC(165) Humongous regions: 37->37
[2026-03-19T14:51:50.839+0800][68.965s][info][gc,metaspace] GC(165) Metaspace: 24121K(24512K)->24121K(24512K) NonClass: 21337K(21568K)->21337K(21568K) Class: 2784K(2944K)->2784K(2944K)
[2026-03-19T14:51:50.839+0800][68.965s][info][gc          ] GC(165) Pause Young (Concurrent Start) (G1 Humongous Allocation) 66M->57M(128M) 118.945ms
[2026-03-19T14:51:50.839+0800][68.965s][info][gc,cpu      ] GC(165) User=0.00s Sys=0.00s Real=0.12s
[2026-03-19T14:51:50.839+0800][68.966s][info][gc          ] GC(166) Concurrent Undo Cycle
[2026-03-19T14:51:50.839+0800][68.966s][info][gc,marking  ] GC(166) Concurrent Cleanup for Next Mark
[2026-03-19T14:51:50.840+0800][68.966s][info][gc,marking  ] GC(166) Concurrent Cleanup for Next Mark 0.444ms
[2026-03-19T14:51:50.840+0800][68.966s][info][gc          ] GC(166) Concurrent Undo Cycle 0.754ms
[2026-03-19T14:51:51.153+0800][69.279s][info][gc,start    ] GC(167) Pause Young (Concurrent Start) (G1 Humongous Allocation)
[2026-03-19T14:51:51.153+0800][69.280s][info][gc,task     ] GC(167) Using 3 workers of 13 for evacuation
[2026-03-19T14:51:51.155+0800][69.282s][info][gc,phases   ] GC(167)   Pre Evacuate Collection Set: 0.3ms
[2026-03-19T14:51:51.156+0800][69.282s][info][gc,phases   ] GC(167)   Merge Heap Roots: 0.2ms
[2026-03-19T14:51:51.156+0800][69.282s][info][gc,phases   ] GC(167)   Evacuate Collection Set: 0.8ms
[2026-03-19T14:51:51.156+0800][69.282s][info][gc,phases   ] GC(167)   Post Evacuate Collection Set: 1.0ms
[2026-03-19T14:51:51.156+0800][69.282s][info][gc,phases   ] GC(167)   Other: 0.4ms
[2026-03-19T14:51:51.156+0800][69.282s][info][gc,heap     ] GC(167) Eden regions: 4->0(28)
[2026-03-19T14:51:51.156+0800][69.282s][info][gc,heap     ] GC(167) Survivor regions: 2->2(5)
[2026-03-19T14:51:51.156+0800][69.282s][info][gc,heap     ] GC(167) Old regions: 20->20
[2026-03-19T14:51:51.156+0800][69.283s][info][gc,heap     ] GC(167) Archive regions: 0->0
[2026-03-19T14:51:51.156+0800][69.283s][info][gc,heap     ] GC(167) Humongous regions: 39->39
[2026-03-19T14:51:51.156+0800][69.283s][info][gc,metaspace] GC(167) Metaspace: 24121K(24512K)->24121K(24512K) NonClass: 21337K(21568K)->21337K(21568K) Class: 2784K(2944K)->2784K(2944K)
[2026-03-19T14:51:51.156+0800][69.283s][info][gc          ] GC(167) Pause Young (Concurrent Start) (G1 Humongous Allocation) 63M->59M(128M) 3.221ms
[2026-03-19T14:51:51.156+0800][69.283s][info][gc,cpu      ] GC(167) User=0.00s Sys=0.00s Real=0.00s
[2026-03-19T14:51:51.156+0800][69.283s][info][gc          ] GC(168) Concurrent Mark Cycle
[2026-03-19T14:51:51.157+0800][69.283s][info][gc,marking  ] GC(168) Concurrent Clear Claimed Marks
[2026-03-19T14:51:51.157+0800][69.283s][info][gc,marking  ] GC(168) Concurrent Clear Claimed Marks 0.115ms
[2026-03-19T14:51:51.157+0800][69.283s][info][gc,marking  ] GC(168) Concurrent Scan Root Regions
[2026-03-19T14:51:51.157+0800][69.284s][info][gc,marking  ] GC(168) Concurrent Scan Root Regions 0.308ms
[2026-03-19T14:51:51.157+0800][69.284s][info][gc,marking  ] GC(168) Concurrent Mark
[2026-03-19T14:51:51.157+0800][69.284s][info][gc,marking  ] GC(168) Concurrent Mark From Roots
[2026-03-19T14:51:51.157+0800][69.284s][info][gc,task     ] GC(168) Using 3 workers of 3 for marking
[2026-03-19T14:51:51.165+0800][69.292s][info][gc,marking  ] GC(168) Concurrent Mark From Roots 7.745ms
[2026-03-19T14:51:51.165+0800][69.292s][info][gc,marking  ] GC(168) Concurrent Preclean
[2026-03-19T14:51:51.166+0800][69.292s][info][gc,marking  ] GC(168) Concurrent Preclean 0.221ms
[2026-03-19T14:51:51.166+0800][69.292s][info][gc,start    ] GC(168) Pause Remark
[2026-03-19T14:51:51.170+0800][69.297s][info][gc          ] GC(168) Pause Remark 70M->40M(128M) 4.578ms
[2026-03-19T14:51:51.170+0800][69.297s][info][gc,cpu      ] GC(168) User=0.00s Sys=0.00s Real=0.00s
[2026-03-19T14:51:51.170+0800][69.297s][info][gc,marking  ] GC(168) Concurrent Mark 13.512ms
[2026-03-19T14:51:51.170+0800][69.297s][info][gc,marking  ] GC(168) Concurrent Rebuild Remembered Sets
[2026-03-19T14:51:51.174+0800][69.302s][info][gc,marking  ] GC(168) Concurrent Rebuild Remembered Sets 4.159ms
[2026-03-19T14:51:51.175+0800][69.302s][info][gc,start    ] GC(168) Pause Cleanup
[2026-03-19T14:51:51.175+0800][69.302s][info][gc          ] GC(168) Pause Cleanup 40M->40M(128M) 0.329ms
[2026-03-19T14:51:51.175+0800][69.303s][info][gc,cpu      ] GC(168) User=0.00s Sys=0.00s Real=0.00s
[2026-03-19T14:51:51.175+0800][69.303s][info][gc,marking  ] GC(168) Concurrent Cleanup for Next Mark
[2026-03-19T14:51:51.177+0800][69.303s][info][gc,marking  ] GC(168) Concurrent Cleanup for Next Mark 0.519ms
[2026-03-19T14:51:51.177+0800][69.303s][info][gc          ] GC(168) Concurrent Mark Cycle 20.555ms
[2026-03-19T14:51:51.784+0800][69.910s][info][gc,start    ] GC(169) Pause Young (Concurrent Start) (G1 Humongous Allocation)
[2026-03-19T14:51:51.784+0800][69.910s][info][gc,task     ] GC(169) Using 3 workers of 13 for evacuation
[2026-03-19T14:51:51.786+0800][69.913s][info][gc,phases   ] GC(169)   Pre Evacuate Collection Set: 0.3ms
[2026-03-19T14:51:51.786+0800][69.913s][info][gc,phases   ] GC(169)   Merge Heap Roots: 0.1ms
[2026-03-19T14:51:51.786+0800][69.913s][info][gc,phases   ] GC(169)   Evacuate Collection Set: 0.9ms
[2026-03-19T14:51:51.786+0800][69.913s][info][gc,phases   ] GC(169)   Post Evacuate Collection Set: 0.8ms
[2026-03-19T14:51:51.786+0800][69.913s][info][gc,phases   ] GC(169)   Other: 0.4ms
[2026-03-19T14:51:51.787+0800][69.913s][info][gc,heap     ] GC(169) Eden regions: 10->0(32)
[2026-03-19T14:51:51.787+0800][69.913s][info][gc,heap     ] GC(169) Survivor regions: 2->2(4)
[2026-03-19T14:51:51.787+0800][69.913s][info][gc,heap     ] GC(169) Old regions: 20->20
[2026-03-19T14:51:51.787+0800][69.913s][info][gc,heap     ] GC(169) Archive regions: 0->0
[2026-03-19T14:51:51.787+0800][69.913s][info][gc,heap     ] GC(169) Humongous regions: 37->37
[2026-03-19T14:51:51.787+0800][69.913s][info][gc,metaspace] GC(169) Metaspace: 24121K(24512K)->24121K(24512K) NonClass: 21337K(21568K)->21337K(21568K) Class: 2784K(2944K)->2784K(2944K)
[2026-03-19T14:51:51.787+0800][69.914s][info][gc          ] GC(169) Pause Young (Concurrent Start) (G1 Humongous Allocation) 67M->57M(128M) 3.329ms
[2026-03-19T14:51:51.787+0800][69.914s][info][gc,cpu      ] GC(169) User=0.00s Sys=0.00s Real=0.00s
[2026-03-19T14:51:51.787+0800][69.914s][info][gc          ] GC(170) Concurrent Undo Cycle
[2026-03-19T14:51:51.787+0800][69.914s][info][gc,marking  ] GC(170) Concurrent Cleanup for Next Mark
[2026-03-19T14:51:51.787+0800][69.915s][info][gc,marking  ] GC(170) Concurrent Cleanup for Next Mark 0.562ms
[2026-03-19T14:51:51.789+0800][69.915s][info][gc          ] GC(170) Concurrent Undo Cycle 1.036ms
[2026-03-19T14:51:52.092+0800][70.218s][info][gc,start    ] GC(171) Pause Young (Concurrent Start) (G1 Humongous Allocation)
[2026-03-19T14:51:52.092+0800][70.219s][info][gc,task     ] GC(171) Using 3 workers of 13 for evacuation
[2026-03-19T14:51:52.094+0800][70.221s][info][gc,phases   ] GC(171)   Pre Evacuate Collection Set: 0.3ms
[2026-03-19T14:51:52.094+0800][70.221s][info][gc,phases   ] GC(171)   Merge Heap Roots: 0.2ms
[2026-03-19T14:51:52.095+0800][70.221s][info][gc,phases   ] GC(171)   Evacuate Collection Set: 0.7ms
[2026-03-19T14:51:52.095+0800][70.221s][info][gc,phases   ] GC(171)   Post Evacuate Collection Set: 1.0ms
[2026-03-19T14:51:52.095+0800][70.221s][info][gc,phases   ] GC(171)   Other: 0.4ms
[2026-03-19T14:51:52.095+0800][70.221s][info][gc,heap     ] GC(171) Eden regions: 4->0(28)
[2026-03-19T14:51:52.095+0800][70.221s][info][gc,heap     ] GC(171) Survivor regions: 2->2(5)
[2026-03-19T14:51:52.095+0800][70.222s][info][gc,heap     ] GC(171) Old regions: 20->20
[2026-03-19T14:51:52.095+0800][70.222s][info][gc,heap     ] GC(171) Archive regions: 0->0
[2026-03-19T14:51:52.095+0800][70.222s][info][gc,heap     ] GC(171) Humongous regions: 39->39
[2026-03-19T14:51:52.095+0800][70.222s][info][gc,metaspace] GC(171) Metaspace: 24121K(24512K)->24121K(24512K) NonClass: 21337K(21568K)->21337K(21568K) Class: 2784K(2944K)->2784K(2944K)
[2026-03-19T14:51:52.095+0800][70.222s][info][gc          ] GC(171) Pause Young (Concurrent Start) (G1 Humongous Allocation) 63M->59M(128M) 3.319ms
[2026-03-19T14:51:52.095+0800][70.222s][info][gc,cpu      ] GC(171) User=0.02s Sys=0.00s Real=0.00s
[2026-03-19T14:51:52.095+0800][70.222s][info][gc          ] GC(172) Concurrent Mark Cycle
[2026-03-19T14:51:52.095+0800][70.222s][info][gc,marking  ] GC(172) Concurrent Clear Claimed Marks
[2026-03-19T14:51:52.095+0800][70.222s][info][gc,marking  ] GC(172) Concurrent Clear Claimed Marks 0.115ms
[2026-03-19T14:51:52.095+0800][70.222s][info][gc,marking  ] GC(172) Concurrent Scan Root Regions
[2026-03-19T14:51:52.096+0800][70.223s][info][gc,marking  ] GC(172) Concurrent Scan Root Regions 0.436ms
[2026-03-19T14:51:52.096+0800][70.223s][info][gc,marking  ] GC(172) Concurrent Mark
[2026-03-19T14:51:52.096+0800][70.223s][info][gc,marking  ] GC(172) Concurrent Mark From Roots
[2026-03-19T14:51:52.096+0800][70.223s][info][gc,task     ] GC(172) Using 3 workers of 3 for marking
[2026-03-19T14:51:52.104+0800][70.231s][info][gc,marking  ] GC(172) Concurrent Mark From Roots 7.718ms
[2026-03-19T14:51:52.104+0800][70.231s][info][gc,marking  ] GC(172) Concurrent Preclean
[2026-03-19T14:51:52.105+0800][70.231s][info][gc,marking  ] GC(172) Concurrent Preclean 0.355ms
[2026-03-19T14:51:52.105+0800][70.232s][info][gc,start    ] GC(172) Pause Remark
[2026-03-19T14:51:52.110+0800][70.237s][info][gc          ] GC(172) Pause Remark 70M->40M(128M) 5.049ms
[2026-03-19T14:51:52.110+0800][70.237s][info][gc,cpu      ] GC(172) User=0.00s Sys=0.05s Real=0.00s
[2026-03-19T14:51:52.110+0800][70.237s][info][gc,marking  ] GC(172) Concurrent Mark 14.457ms
[2026-03-19T14:51:52.110+0800][70.237s][info][gc,marking  ] GC(172) Concurrent Rebuild Remembered Sets
[2026-03-19T14:51:52.115+0800][70.242s][info][gc,marking  ] GC(172) Concurrent Rebuild Remembered Sets 4.994ms
[2026-03-19T14:51:52.115+0800][70.243s][info][gc,start    ] GC(172) Pause Cleanup
[2026-03-19T14:51:52.117+0800][70.243s][info][gc          ] GC(172) Pause Cleanup 40M->40M(128M) 0.391ms
[2026-03-19T14:51:52.117+0800][70.243s][info][gc,cpu      ] GC(172) User=0.00s Sys=0.00s Real=0.00s
[2026-03-19T14:51:52.117+0800][70.244s][info][gc,marking  ] GC(172) Concurrent Cleanup for Next Mark
[2026-03-19T14:51:52.117+0800][70.244s][info][gc,marking  ] GC(172) Concurrent Cleanup for Next Mark 0.392ms
[2026-03-19T14:51:52.117+0800][70.244s][info][gc          ] GC(172) Concurrent Mark Cycle 22.184ms
[2026-03-19T14:51:52.718+0800][70.845s][info][gc,start    ] GC(173) Pause Young (Concurrent Start) (G1 Humongous Allocation)
[2026-03-19T14:51:52.718+0800][70.845s][info][gc,task     ] GC(173) Using 3 workers of 13 for evacuation
[2026-03-19T14:51:52.721+0800][70.848s][info][gc,phases   ] GC(173)   Pre Evacuate Collection Set: 0.3ms
[2026-03-19T14:51:52.721+0800][70.848s][info][gc,phases   ] GC(173)   Merge Heap Roots: 0.3ms
[2026-03-19T14:51:52.721+0800][70.848s][info][gc,phases   ] GC(173)   Evacuate Collection Set: 0.7ms
[2026-03-19T14:51:52.721+0800][70.848s][info][gc,phases   ] GC(173)   Post Evacuate Collection Set: 1.1ms
[2026-03-19T14:51:52.721+0800][70.848s][info][gc,phases   ] GC(173)   Other: 0.5ms
[2026-03-19T14:51:52.721+0800][70.848s][info][gc,heap     ] GC(173) Eden regions: 9->0(32)
[2026-03-19T14:51:52.721+0800][70.849s][info][gc,heap     ] GC(173) Survivor regions: 2->2(4)
[2026-03-19T14:51:52.722+0800][70.849s][info][gc,heap     ] GC(173) Old regions: 20->20
[2026-03-19T14:51:52.722+0800][70.849s][info][gc,heap     ] GC(173) Archive regions: 0->0
[2026-03-19T14:51:52.722+0800][70.849s][info][gc,heap     ] GC(173) Humongous regions: 37->37
[2026-03-19T14:51:52.722+0800][70.849s][info][gc,metaspace] GC(173) Metaspace: 24121K(24512K)->24121K(24512K) NonClass: 21337K(21568K)->21337K(21568K) Class: 2784K(2944K)->2784K(2944K)
[2026-03-19T14:51:52.722+0800][70.849s][info][gc          ] GC(173) Pause Young (Concurrent Start) (G1 Humongous Allocation) 66M->57M(128M) 4.112ms
[2026-03-19T14:51:52.722+0800][70.849s][info][gc,cpu      ] GC(173) User=0.00s Sys=0.00s Real=0.00s
[2026-03-19T14:51:52.722+0800][70.849s][info][gc          ] GC(174) Concurrent Undo Cycle
[2026-03-19T14:51:52.722+0800][70.850s][info][gc,marking  ] GC(174) Concurrent Cleanup for Next Mark
[2026-03-19T14:51:52.723+0800][70.850s][info][gc,marking  ] GC(174) Concurrent Cleanup for Next Mark 0.624ms
[2026-03-19T14:51:52.723+0800][70.850s][info][gc          ] GC(174) Concurrent Undo Cycle 1.115ms
[2026-03-19T14:51:53.027+0800][71.154s][info][gc,start    ] GC(175) Pause Young (Concurrent Start) (G1 Humongous Allocation)
[2026-03-19T14:51:53.027+0800][71.154s][info][gc,task     ] GC(175) Using 3 workers of 13 for evacuation
[2026-03-19T14:51:53.029+0800][71.156s][info][gc,phases   ] GC(175)   Pre Evacuate Collection Set: 0.2ms
[2026-03-19T14:51:53.030+0800][71.156s][info][gc,phases   ] GC(175)   Merge Heap Roots: 0.1ms
[2026-03-19T14:51:53.030+0800][71.157s][info][gc,phases   ] GC(175)   Evacuate Collection Set: 1.2ms
[2026-03-19T14:51:53.030+0800][71.157s][info][gc,phases   ] GC(175)   Post Evacuate Collection Set: 0.7ms
[2026-03-19T14:51:53.030+0800][71.157s][info][gc,phases   ] GC(175)   Other: 0.4ms
[2026-03-19T14:51:53.030+0800][71.157s][info][gc,heap     ] GC(175) Eden regions: 5->0(31)
[2026-03-19T14:51:53.030+0800][71.157s][info][gc,heap     ] GC(175) Survivor regions: 2->2(5)
[2026-03-19T14:51:53.030+0800][71.157s][info][gc,heap     ] GC(175) Old regions: 20->20
[2026-03-19T14:51:53.030+0800][71.157s][info][gc,heap     ] GC(175) Archive regions: 0->0
[2026-03-19T14:51:53.030+0800][71.157s][info][gc,heap     ] GC(175) Humongous regions: 39->39
[2026-03-19T14:51:53.030+0800][71.157s][info][gc,metaspace] GC(175) Metaspace: 24121K(24512K)->24121K(24512K) NonClass: 21337K(21568K)->21337K(21568K) Class: 2784K(2944K)->2784K(2944K)
[2026-03-19T14:51:53.030+0800][71.157s][info][gc          ] GC(175) Pause Young (Concurrent Start) (G1 Humongous Allocation) 63M->59M(128M) 3.165ms
[2026-03-19T14:51:53.030+0800][71.157s][info][gc,cpu      ] GC(175) User=0.00s Sys=0.02s Real=0.00s
[2026-03-19T14:51:53.030+0800][71.157s][info][gc          ] GC(176) Concurrent Mark Cycle
[2026-03-19T14:51:53.030+0800][71.157s][info][gc,marking  ] GC(176) Concurrent Clear Claimed Marks
[2026-03-19T14:51:53.030+0800][71.157s][info][gc,marking  ] GC(176) Concurrent Clear Claimed Marks 0.069ms
[2026-03-19T14:51:53.031+0800][71.157s][info][gc,marking  ] GC(176) Concurrent Scan Root Regions
[2026-03-19T14:51:53.031+0800][71.158s][info][gc,marking  ] GC(176) Concurrent Scan Root Regions 0.366ms
[2026-03-19T14:51:53.031+0800][71.158s][info][gc,marking  ] GC(176) Concurrent Mark
[2026-03-19T14:51:53.031+0800][71.158s][info][gc,marking  ] GC(176) Concurrent Mark From Roots
[2026-03-19T14:51:53.031+0800][71.158s][info][gc,task     ] GC(176) Using 3 workers of 3 for marking
[2026-03-19T14:51:53.039+0800][71.166s][info][gc,marking  ] GC(176) Concurrent Mark From Roots 7.896ms
[2026-03-19T14:51:53.039+0800][71.166s][info][gc,marking  ] GC(176) Concurrent Preclean
[2026-03-19T14:51:53.039+0800][71.166s][info][gc,marking  ] GC(176) Concurrent Preclean 0.219ms
[2026-03-19T14:51:53.040+0800][71.166s][info][gc,start    ] GC(176) Pause Remark
[2026-03-19T14:51:53.044+0800][71.171s][info][gc          ] GC(176) Pause Remark 70M->40M(128M) 4.539ms
[2026-03-19T14:51:53.045+0800][71.171s][info][gc,cpu      ] GC(176) User=0.00s Sys=0.00s Real=0.01s
[2026-03-19T14:51:53.045+0800][71.171s][info][gc,marking  ] GC(176) Concurrent Mark 13.629ms
[2026-03-19T14:51:53.045+0800][71.172s][info][gc,marking  ] GC(176) Concurrent Rebuild Remembered Sets
[2026-03-19T14:51:53.049+0800][71.177s][info][gc,marking  ] GC(176) Concurrent Rebuild Remembered Sets 4.960ms
[2026-03-19T14:51:53.050+0800][71.177s][info][gc,start    ] GC(176) Pause Cleanup
[2026-03-19T14:51:53.051+0800][71.178s][info][gc          ] GC(176) Pause Cleanup 40M->40M(128M) 0.525ms
[2026-03-19T14:51:53.051+0800][71.178s][info][gc,cpu      ] GC(176) User=0.00s Sys=0.00s Real=0.00s
[2026-03-19T14:51:53.051+0800][71.178s][info][gc,marking  ] GC(176) Concurrent Cleanup for Next Mark
[2026-03-19T14:51:53.051+0800][71.178s][info][gc,marking  ] GC(176) Concurrent Cleanup for Next Mark 0.381ms
[2026-03-19T14:51:53.051+0800][71.179s][info][gc          ] GC(176) Concurrent Mark Cycle 21.437ms
[2026-03-19T14:51:53.657+0800][71.783s][info][gc,start    ] GC(177) Pause Young (Concurrent Start) (G1 Humongous Allocation)
[2026-03-19T14:51:53.657+0800][71.783s][info][gc,task     ] GC(177) Using 3 workers of 13 for evacuation
[2026-03-19T14:51:53.658+0800][71.786s][info][gc,phases   ] GC(177)   Pre Evacuate Collection Set: 0.2ms
[2026-03-19T14:51:53.658+0800][71.786s][info][gc,phases   ] GC(177)   Merge Heap Roots: 0.2ms
[2026-03-19T14:51:53.659+0800][71.786s][info][gc,phases   ] GC(177)   Evacuate Collection Set: 0.8ms
[2026-03-19T14:51:53.659+0800][71.786s][info][gc,phases   ] GC(177)   Post Evacuate Collection Set: 0.8ms
[2026-03-19T14:51:53.659+0800][71.786s][info][gc,phases   ] GC(177)   Other: 0.5ms
[2026-03-19T14:51:53.659+0800][71.786s][info][gc,heap     ] GC(177) Eden regions: 9->0(36)
[2026-03-19T14:51:53.659+0800][71.786s][info][gc,heap     ] GC(177) Survivor regions: 2->2(5)
[2026-03-19T14:51:53.659+0800][71.786s][info][gc,heap     ] GC(177) Old regions: 20->20
[2026-03-19T14:51:53.659+0800][71.786s][info][gc,heap     ] GC(177) Archive regions: 0->0
[2026-03-19T14:51:53.659+0800][71.786s][info][gc,heap     ] GC(177) Humongous regions: 37->37
[2026-03-19T14:51:53.659+0800][71.786s][info][gc,metaspace] GC(177) Metaspace: 24121K(24512K)->24121K(24512K) NonClass: 21337K(21568K)->21337K(21568K) Class: 2784K(2944K)->2784K(2944K)
[2026-03-19T14:51:53.659+0800][71.786s][info][gc          ] GC(177) Pause Young (Concurrent Start) (G1 Humongous Allocation) 66M->57M(128M) 3.410ms
[2026-03-19T14:51:53.659+0800][71.787s][info][gc,cpu      ] GC(177) User=0.00s Sys=0.00s Real=0.00s
[2026-03-19T14:51:53.659+0800][71.787s][info][gc          ] GC(178) Concurrent Undo Cycle
[2026-03-19T14:51:53.660+0800][71.787s][info][gc,marking  ] GC(178) Concurrent Cleanup for Next Mark
[2026-03-19T14:51:53.660+0800][71.787s][info][gc,marking  ] GC(178) Concurrent Cleanup for Next Mark 0.485ms
[2026-03-19T14:51:53.660+0800][71.788s][info][gc          ] GC(178) Concurrent Undo Cycle 0.878ms
[2026-03-19T14:51:53.977+0800][72.103s][info][gc,start    ] GC(179) Pause Young (Concurrent Start) (G1 Humongous Allocation)
[2026-03-19T14:51:53.977+0800][72.103s][info][gc,task     ] GC(179) Using 3 workers of 13 for evacuation
[2026-03-19T14:51:53.980+0800][72.106s][info][gc,phases   ] GC(179)   Pre Evacuate Collection Set: 0.3ms
[2026-03-19T14:51:53.980+0800][72.106s][info][gc,phases   ] GC(179)   Merge Heap Roots: 0.2ms
[2026-03-19T14:51:53.980+0800][72.106s][info][gc,phases   ] GC(179)   Evacuate Collection Set: 0.9ms
[2026-03-19T14:51:53.980+0800][72.106s][info][gc,phases   ] GC(179)   Post Evacuate Collection Set: 1.1ms
[2026-03-19T14:51:53.980+0800][72.106s][info][gc,phases   ] GC(179)   Other: 0.5ms
[2026-03-19T14:51:53.980+0800][72.106s][info][gc,heap     ] GC(179) Eden regions: 5->0(35)
[2026-03-19T14:51:53.980+0800][72.106s][info][gc,heap     ] GC(179) Survivor regions: 2->2(5)
[2026-03-19T14:51:53.980+0800][72.107s][info][gc,heap     ] GC(179) Old regions: 20->20
[2026-03-19T14:51:53.980+0800][72.107s][info][gc,heap     ] GC(179) Archive regions: 0->0
[2026-03-19T14:51:53.980+0800][72.107s][info][gc,heap     ] GC(179) Humongous regions: 39->39
[2026-03-19T14:51:53.980+0800][72.107s][info][gc,metaspace] GC(179) Metaspace: 24121K(24512K)->24121K(24512K) NonClass: 21337K(21568K)->21337K(21568K) Class: 2784K(2944K)->2784K(2944K)
[2026-03-19T14:51:53.980+0800][72.107s][info][gc          ] GC(179) Pause Young (Concurrent Start) (G1 Humongous Allocation) 63M->59M(128M) 3.382ms
[2026-03-19T14:51:53.980+0800][72.107s][info][gc,cpu      ] GC(179) User=0.00s Sys=0.00s Real=0.00s
[2026-03-19T14:51:53.980+0800][72.107s][info][gc          ] GC(180) Concurrent Mark Cycle
[2026-03-19T14:51:53.980+0800][72.107s][info][gc,marking  ] GC(180) Concurrent Clear Claimed Marks
[2026-03-19T14:51:53.980+0800][72.107s][info][gc,marking  ] GC(180) Concurrent Clear Claimed Marks 0.069ms
[2026-03-19T14:51:53.980+0800][72.107s][info][gc,marking  ] GC(180) Concurrent Scan Root Regions
[2026-03-19T14:51:53.981+0800][72.107s][info][gc,marking  ] GC(180) Concurrent Scan Root Regions 0.347ms
[2026-03-19T14:51:53.981+0800][72.107s][info][gc,marking  ] GC(180) Concurrent Mark
[2026-03-19T14:51:53.981+0800][72.108s][info][gc,marking  ] GC(180) Concurrent Mark From Roots
[2026-03-19T14:51:53.981+0800][72.108s][info][gc,task     ] GC(180) Using 3 workers of 3 for marking
[2026-03-19T14:51:53.988+0800][72.115s][info][gc,marking  ] GC(180) Concurrent Mark From Roots 7.618ms
[2026-03-19T14:51:53.988+0800][72.115s][info][gc,marking  ] GC(180) Concurrent Preclean
[2026-03-19T14:51:53.988+0800][72.116s][info][gc,marking  ] GC(180) Concurrent Preclean 0.245ms
[2026-03-19T14:51:53.989+0800][72.116s][info][gc,start    ] GC(180) Pause Remark
[2026-03-19T14:51:53.993+0800][72.120s][info][gc          ] GC(180) Pause Remark 71M->41M(128M) 4.154ms
[2026-03-19T14:51:53.993+0800][72.120s][info][gc,cpu      ] GC(180) User=0.00s Sys=0.00s Real=0.00s
[2026-03-19T14:51:53.993+0800][72.121s][info][gc,marking  ] GC(180) Concurrent Mark 13.046ms
[2026-03-19T14:51:53.993+0800][72.121s][info][gc,marking  ] GC(180) Concurrent Rebuild Remembered Sets
[2026-03-19T14:51:54.000+0800][72.127s][info][gc,marking  ] GC(180) Concurrent Rebuild Remembered Sets 6.125ms
[2026-03-19T14:51:54.000+0800][72.127s][info][gc,start    ] GC(180) Pause Cleanup
[2026-03-19T14:51:54.001+0800][72.128s][info][gc          ] GC(180) Pause Cleanup 41M->41M(128M) 0.477ms
[2026-03-19T14:51:54.001+0800][72.128s][info][gc,cpu      ] GC(180) User=0.00s Sys=0.00s Real=0.00s
[2026-03-19T14:51:54.001+0800][72.128s][info][gc,marking  ] GC(180) Concurrent Cleanup for Next Mark
[2026-03-19T14:51:54.002+0800][72.129s][info][gc,marking  ] GC(180) Concurrent Cleanup for Next Mark 0.554ms
[2026-03-19T14:51:54.002+0800][72.129s][info][gc          ] GC(180) Concurrent Mark Cycle 22.393ms
[2026-03-19T14:51:54.607+0800][72.734s][info][gc,start    ] GC(181) Pause Young (Concurrent Start) (G1 Humongous Allocation)
[2026-03-19T14:51:54.608+0800][72.734s][info][gc,task     ] GC(181) Using 3 workers of 13 for evacuation
[2026-03-19T14:51:54.609+0800][72.736s][info][gc,phases   ] GC(181)   Pre Evacuate Collection Set: 0.2ms
[2026-03-19T14:51:54.610+0800][72.736s][info][gc,phases   ] GC(181)   Merge Heap Roots: 0.2ms
[2026-03-19T14:51:54.610+0800][72.736s][info][gc,phases   ] GC(181)   Evacuate Collection Set: 0.8ms
[2026-03-19T14:51:54.610+0800][72.736s][info][gc,phases   ] GC(181)   Post Evacuate Collection Set: 0.6ms
[2026-03-19T14:51:54.610+0800][72.736s][info][gc,phases   ] GC(181)   Other: 0.5ms
[2026-03-19T14:51:54.610+0800][72.737s][info][gc,heap     ] GC(181) Eden regions: 10->0(39)
[2026-03-19T14:51:54.610+0800][72.737s][info][gc,heap     ] GC(181) Survivor regions: 2->2(5)
[2026-03-19T14:51:54.610+0800][72.737s][info][gc,heap     ] GC(181) Old regions: 20->20
[2026-03-19T14:51:54.610+0800][72.737s][info][gc,heap     ] GC(181) Archive regions: 0->0
[2026-03-19T14:51:54.610+0800][72.737s][info][gc,heap     ] GC(181) Humongous regions: 37->37
[2026-03-19T14:51:54.610+0800][72.737s][info][gc,metaspace] GC(181) Metaspace: 24122K(24512K)->24122K(24512K) NonClass: 21338K(21568K)->21338K(21568K) Class: 2784K(2944K)->2784K(2944K)
[2026-03-19T14:51:54.610+0800][72.737s][info][gc          ] GC(181) Pause Young (Concurrent Start) (G1 Humongous Allocation) 67M->57M(128M) 3.263ms
[2026-03-19T14:51:54.611+0800][72.737s][info][gc,cpu      ] GC(181) User=0.00s Sys=0.00s Real=0.00s
[2026-03-19T14:51:54.611+0800][72.737s][info][gc          ] GC(182) Concurrent Undo Cycle
[2026-03-19T14:51:54.611+0800][72.738s][info][gc,marking  ] GC(182) Concurrent Cleanup for Next Mark
[2026-03-19T14:51:54.611+0800][72.738s][info][gc,marking  ] GC(182) Concurrent Cleanup for Next Mark 0.462ms
[2026-03-19T14:51:54.612+0800][72.738s][info][gc          ] GC(182) Concurrent Undo Cycle 0.917ms
[2026-03-19T14:51:54.928+0800][73.054s][info][gc,start    ] GC(183) Pause Young (Concurrent Start) (G1 Humongous Allocation)
[2026-03-19T14:51:54.928+0800][73.054s][info][gc,task     ] GC(183) Using 3 workers of 13 for evacuation
[2026-03-19T14:51:54.930+0800][73.057s][info][gc,phases   ] GC(183)   Pre Evacuate Collection Set: 0.1ms
[2026-03-19T14:51:54.930+0800][73.057s][info][gc,phases   ] GC(183)   Merge Heap Roots: 0.1ms
[2026-03-19T14:51:54.930+0800][73.057s][info][gc,phases   ] GC(183)   Evacuate Collection Set: 0.8ms
[2026-03-19T14:51:54.930+0800][73.057s][info][gc,phases   ] GC(183)   Post Evacuate Collection Set: 1.0ms
[2026-03-19T14:51:54.930+0800][73.057s][info][gc,phases   ] GC(183)   Other: 0.5ms
[2026-03-19T14:51:54.931+0800][73.057s][info][gc,heap     ] GC(183) Eden regions: 4->0(31)
[2026-03-19T14:51:54.931+0800][73.057s][info][gc,heap     ] GC(183) Survivor regions: 2->2(6)
[2026-03-19T14:51:54.931+0800][73.057s][info][gc,heap     ] GC(183) Old regions: 20->20
[2026-03-19T14:51:54.931+0800][73.057s][info][gc,heap     ] GC(183) Archive regions: 0->0
[2026-03-19T14:51:54.931+0800][73.057s][info][gc,heap     ] GC(183) Humongous regions: 39->39
[2026-03-19T14:51:54.931+0800][73.057s][info][gc,metaspace] GC(183) Metaspace: 24122K(24512K)->24122K(24512K) NonClass: 21338K(21568K)->21338K(21568K) Class: 2784K(2944K)->2784K(2944K)
[2026-03-19T14:51:54.931+0800][73.057s][info][gc          ] GC(183) Pause Young (Concurrent Start) (G1 Humongous Allocation) 63M->59M(128M) 2.986ms
[2026-03-19T14:51:54.931+0800][73.057s][info][gc,cpu      ] GC(183) User=0.00s Sys=0.00s Real=0.00s
[2026-03-19T14:51:54.931+0800][73.057s][info][gc          ] GC(184) Concurrent Mark Cycle
[2026-03-19T14:51:54.931+0800][73.057s][info][gc,marking  ] GC(184) Concurrent Clear Claimed Marks
[2026-03-19T14:51:54.931+0800][73.057s][info][gc,marking  ] GC(184) Concurrent Clear Claimed Marks 0.061ms
[2026-03-19T14:51:54.931+0800][73.057s][info][gc,marking  ] GC(184) Concurrent Scan Root Regions
[2026-03-19T14:51:54.931+0800][73.058s][info][gc,marking  ] GC(184) Concurrent Scan Root Regions 0.202ms
[2026-03-19T14:51:54.931+0800][73.058s][info][gc,marking  ] GC(184) Concurrent Mark
[2026-03-19T14:51:54.931+0800][73.058s][info][gc,marking  ] GC(184) Concurrent Mark From Roots
[2026-03-19T14:51:54.931+0800][73.058s][info][gc,task     ] GC(184) Using 3 workers of 3 for marking
[2026-03-19T14:51:54.942+0800][73.069s][info][gc,marking  ] GC(184) Concurrent Mark From Roots 10.807ms
[2026-03-19T14:51:54.942+0800][73.069s][info][gc,marking  ] GC(184) Concurrent Preclean
[2026-03-19T14:51:54.942+0800][73.069s][info][gc,marking  ] GC(184) Concurrent Preclean 0.335ms
[2026-03-19T14:51:54.942+0800][73.070s][info][gc,start    ] GC(184) Pause Remark
[2026-03-19T14:51:54.950+0800][73.077s][info][gc          ] GC(184) Pause Remark 70M->40M(128M) 7.311ms
[2026-03-19T14:51:54.950+0800][73.077s][info][gc,cpu      ] GC(184) User=0.00s Sys=0.00s Real=0.01s
[2026-03-19T14:51:54.950+0800][73.077s][info][gc,marking  ] GC(184) Concurrent Mark 19.511ms
[2026-03-19T14:51:54.950+0800][73.077s][info][gc,marking  ] GC(184) Concurrent Rebuild Remembered Sets
[2026-03-19T14:51:54.956+0800][73.083s][info][gc,marking  ] GC(184) Concurrent Rebuild Remembered Sets 5.484ms
[2026-03-19T14:51:54.956+0800][73.083s][info][gc,start    ] GC(184) Pause Cleanup
[2026-03-19T14:51:54.957+0800][73.084s][info][gc          ] GC(184) Pause Cleanup 40M->40M(128M) 0.258ms
[2026-03-19T14:51:54.957+0800][73.084s][info][gc,cpu      ] GC(184) User=0.00s Sys=0.00s Real=0.00s
[2026-03-19T14:51:54.957+0800][73.084s][info][gc,marking  ] GC(184) Concurrent Cleanup for Next Mark
[2026-03-19T14:51:54.957+0800][73.084s][info][gc,marking  ] GC(184) Concurrent Cleanup for Next Mark 0.540ms
[2026-03-19T14:51:54.957+0800][73.085s][info][gc          ] GC(184) Concurrent Mark Cycle 27.282ms
[2026-03-19T14:51:55.572+0800][73.699s][info][gc,start    ] GC(185) Pause Young (Concurrent Start) (G1 Humongous Allocation)
[2026-03-19T14:51:55.572+0800][73.699s][info][gc,task     ] GC(185) Using 3 workers of 13 for evacuation
[2026-03-19T14:51:55.574+0800][73.701s][info][gc,phases   ] GC(185)   Pre Evacuate Collection Set: 0.4ms
[2026-03-19T14:51:55.575+0800][73.701s][info][gc,phases   ] GC(185)   Merge Heap Roots: 0.3ms
[2026-03-19T14:51:55.575+0800][73.702s][info][gc,phases   ] GC(185)   Evacuate Collection Set: 0.7ms
[2026-03-19T14:51:55.575+0800][73.702s][info][gc,phases   ] GC(185)   Post Evacuate Collection Set: 0.8ms
[2026-03-19T14:51:55.575+0800][73.702s][info][gc,phases   ] GC(185)   Other: 0.3ms
[2026-03-19T14:51:55.575+0800][73.702s][info][gc,heap     ] GC(185) Eden regions: 10->0(35)
[2026-03-19T14:51:55.575+0800][73.702s][info][gc,heap     ] GC(185) Survivor regions: 2->2(5)
[2026-03-19T14:51:55.575+0800][73.702s][info][gc,heap     ] GC(185) Old regions: 20->20
[2026-03-19T14:51:55.575+0800][73.702s][info][gc,heap     ] GC(185) Archive regions: 0->0
[2026-03-19T14:51:55.575+0800][73.702s][info][gc,heap     ] GC(185) Humongous regions: 37->37
[2026-03-19T14:51:55.575+0800][73.702s][info][gc,metaspace] GC(185) Metaspace: 24115K(24512K)->24115K(24512K) NonClass: 21332K(21568K)->21332K(21568K) Class: 2782K(2944K)->2782K(2944K)
[2026-03-19T14:51:55.575+0800][73.702s][info][gc          ] GC(185) Pause Young (Concurrent Start) (G1 Humongous Allocation) 67M->57M(128M) 3.415ms
[2026-03-19T14:51:55.575+0800][73.702s][info][gc,cpu      ] GC(185) User=0.00s Sys=0.00s Real=0.00s
[2026-03-19T14:51:55.575+0800][73.702s][info][gc          ] GC(186) Concurrent Undo Cycle
[2026-03-19T14:51:55.575+0800][73.703s][info][gc,marking  ] GC(186) Concurrent Cleanup for Next Mark
[2026-03-19T14:51:55.577+0800][73.703s][info][gc,marking  ] GC(186) Concurrent Cleanup for Next Mark 0.459ms
[2026-03-19T14:51:55.577+0800][73.703s][info][gc          ] GC(186) Concurrent Undo Cycle 0.841ms
[2026-03-19T14:51:55.892+0800][74.019s][info][gc,start    ] GC(187) Pause Young (Concurrent Start) (G1 Humongous Allocation)
[2026-03-19T14:51:55.892+0800][74.019s][info][gc,task     ] GC(187) Using 3 workers of 13 for evacuation
[2026-03-19T14:51:55.895+0800][74.021s][info][gc,phases   ] GC(187)   Pre Evacuate Collection Set: 0.4ms
[2026-03-19T14:51:55.895+0800][74.022s][info][gc,phases   ] GC(187)   Merge Heap Roots: 0.3ms
[2026-03-19T14:51:55.895+0800][74.022s][info][gc,phases   ] GC(187)   Evacuate Collection Set: 0.9ms
[2026-03-19T14:51:55.895+0800][74.022s][info][gc,phases   ] GC(187)   Post Evacuate Collection Set: 0.9ms
[2026-03-19T14:51:55.895+0800][74.022s][info][gc,phases   ] GC(187)   Other: 0.4ms
[2026-03-19T14:51:55.895+0800][74.022s][info][gc,heap     ] GC(187) Eden regions: 4->0(29)
[2026-03-19T14:51:55.895+0800][74.022s][info][gc,heap     ] GC(187) Survivor regions: 2->2(5)
[2026-03-19T14:51:55.895+0800][74.022s][info][gc,heap     ] GC(187) Old regions: 20->20
[2026-03-19T14:51:55.895+0800][74.022s][info][gc,heap     ] GC(187) Archive regions: 0->0
[2026-03-19T14:51:55.895+0800][74.022s][info][gc,heap     ] GC(187) Humongous regions: 39->39
[2026-03-19T14:51:55.895+0800][74.022s][info][gc,metaspace] GC(187) Metaspace: 24115K(24512K)->24115K(24512K) NonClass: 21332K(21568K)->21332K(21568K) Class: 2782K(2944K)->2782K(2944K)
[2026-03-19T14:51:55.896+0800][74.022s][info][gc          ] GC(187) Pause Young (Concurrent Start) (G1 Humongous Allocation) 63M->60M(128M) 3.612ms
[2026-03-19T14:51:55.896+0800][74.022s][info][gc,cpu      ] GC(187) User=0.00s Sys=0.00s Real=0.00s
[2026-03-19T14:51:55.896+0800][74.022s][info][gc          ] GC(188) Concurrent Mark Cycle
[2026-03-19T14:51:55.896+0800][74.023s][info][gc,marking  ] GC(188) Concurrent Clear Claimed Marks
[2026-03-19T14:51:55.896+0800][74.023s][info][gc,marking  ] GC(188) Concurrent Clear Claimed Marks 0.103ms
[2026-03-19T14:51:55.896+0800][74.023s][info][gc,marking  ] GC(188) Concurrent Scan Root Regions
[2026-03-19T14:51:55.897+0800][74.023s][info][gc,marking  ] GC(188) Concurrent Scan Root Regions 0.330ms
[2026-03-19T14:51:55.897+0800][74.023s][info][gc,marking  ] GC(188) Concurrent Mark
[2026-03-19T14:51:55.897+0800][74.023s][info][gc,marking  ] GC(188) Concurrent Mark From Roots
[2026-03-19T14:51:55.897+0800][74.023s][info][gc,task     ] GC(188) Using 3 workers of 3 for marking
[2026-03-19T14:51:55.908+0800][74.035s][info][gc,marking  ] GC(188) Concurrent Mark From Roots 11.187ms
[2026-03-19T14:51:55.908+0800][74.035s][info][gc,marking  ] GC(188) Concurrent Preclean
[2026-03-19T14:51:55.909+0800][74.035s][info][gc,marking  ] GC(188) Concurrent Preclean 0.349ms
[2026-03-19T14:51:55.909+0800][74.035s][info][gc,start    ] GC(188) Pause Remark
[2026-03-19T14:51:55.914+0800][74.041s][info][gc          ] GC(188) Pause Remark 71M->41M(128M) 5.455ms
[2026-03-19T14:51:55.915+0800][74.041s][info][gc,cpu      ] GC(188) User=0.00s Sys=0.00s Real=0.01s
[2026-03-19T14:51:55.915+0800][74.041s][info][gc,marking  ] GC(188) Concurrent Mark 17.867ms
[2026-03-19T14:51:55.915+0800][74.041s][info][gc,marking  ] GC(188) Concurrent Rebuild Remembered Sets
[2026-03-19T14:51:55.920+0800][74.047s][info][gc,marking  ] GC(188) Concurrent Rebuild Remembered Sets 5.495ms
[2026-03-19T14:51:55.920+0800][74.047s][info][gc,start    ] GC(188) Pause Cleanup
[2026-03-19T14:51:55.921+0800][74.048s][info][gc          ] GC(188) Pause Cleanup 41M->41M(128M) 0.483ms
[2026-03-19T14:51:55.921+0800][74.048s][info][gc,cpu      ] GC(188) User=0.00s Sys=0.00s Real=0.00s
[2026-03-19T14:51:55.921+0800][74.048s][info][gc,marking  ] GC(188) Concurrent Cleanup for Next Mark
[2026-03-19T14:51:55.922+0800][74.049s][info][gc,marking  ] GC(188) Concurrent Cleanup for Next Mark 0.759ms
[2026-03-19T14:51:55.922+0800][74.049s][info][gc          ] GC(188) Concurrent Mark Cycle 26.611ms
[2026-03-19T14:51:56.526+0800][74.653s][info][gc,start    ] GC(189) Pause Young (Concurrent Start) (G1 Humongous Allocation)
[2026-03-19T14:51:56.526+0800][74.653s][info][gc,task     ] GC(189) Using 3 workers of 13 for evacuation
[2026-03-19T14:51:56.529+0800][74.656s][info][gc,phases   ] GC(189)   Pre Evacuate Collection Set: 0.3ms
[2026-03-19T14:51:56.529+0800][74.656s][info][gc,phases   ] GC(189)   Merge Heap Roots: 0.2ms
[2026-03-19T14:51:56.529+0800][74.656s][info][gc,phases   ] GC(189)   Evacuate Collection Set: 1.2ms
[2026-03-19T14:51:56.529+0800][74.656s][info][gc,phases   ] GC(189)   Post Evacuate Collection Set: 1.0ms
[2026-03-19T14:51:56.529+0800][74.656s][info][gc,phases   ] GC(189)   Other: 0.6ms
[2026-03-19T14:51:56.529+0800][74.656s][info][gc,heap     ] GC(189) Eden regions: 10->0(33)
[2026-03-19T14:51:56.529+0800][74.656s][info][gc,heap     ] GC(189) Survivor regions: 2->2(4)
[2026-03-19T14:51:56.529+0800][74.656s][info][gc,heap     ] GC(189) Old regions: 20->20
[2026-03-19T14:51:56.529+0800][74.656s][info][gc,heap     ] GC(189) Archive regions: 0->0
[2026-03-19T14:51:56.529+0800][74.656s][info][gc,heap     ] GC(189) Humongous regions: 37->37
[2026-03-19T14:51:56.529+0800][74.656s][info][gc,metaspace] GC(189) Metaspace: 24118K(24512K)->24118K(24512K) NonClass: 21335K(21568K)->21335K(21568K) Class: 2782K(2944K)->2782K(2944K)
[2026-03-19T14:51:56.529+0800][74.656s][info][gc          ] GC(189) Pause Young (Concurrent Start) (G1 Humongous Allocation) 67M->57M(128M) 3.928ms
[2026-03-19T14:51:56.529+0800][74.657s][info][gc,cpu      ] GC(189) User=0.00s Sys=0.00s Real=0.00s
[2026-03-19T14:51:56.530+0800][74.657s][info][gc          ] GC(190) Concurrent Undo Cycle
[2026-03-19T14:51:56.530+0800][74.657s][info][gc,marking  ] GC(190) Concurrent Cleanup for Next Mark
[2026-03-19T14:51:56.530+0800][74.657s][info][gc,marking  ] GC(190) Concurrent Cleanup for Next Mark 0.466ms
[2026-03-19T14:51:56.530+0800][74.657s][info][gc          ] GC(190) Concurrent Undo Cycle 0.707ms
[2026-03-19T14:51:56.846+0800][74.973s][info][gc,start    ] GC(191) Pause Young (Concurrent Start) (G1 Humongous Allocation)
[2026-03-19T14:51:56.846+0800][74.973s][info][gc,task     ] GC(191) Using 3 workers of 13 for evacuation
[2026-03-19T14:51:56.849+0800][74.975s][info][gc,phases   ] GC(191)   Pre Evacuate Collection Set: 0.3ms
[2026-03-19T14:51:56.849+0800][74.975s][info][gc,phases   ] GC(191)   Merge Heap Roots: 0.2ms
[2026-03-19T14:51:56.849+0800][74.976s][info][gc,phases   ] GC(191)   Evacuate Collection Set: 0.8ms
[2026-03-19T14:51:56.849+0800][74.976s][info][gc,phases   ] GC(191)   Post Evacuate Collection Set: 0.8ms
[2026-03-19T14:51:56.849+0800][74.976s][info][gc,phases   ] GC(191)   Other: 0.4ms
[2026-03-19T14:51:56.849+0800][74.976s][info][gc,heap     ] GC(191) Eden regions: 4->0(28)
[2026-03-19T14:51:56.849+0800][74.976s][info][gc,heap     ] GC(191) Survivor regions: 2->2(5)
[2026-03-19T14:51:56.849+0800][74.976s][info][gc,heap     ] GC(191) Old regions: 20->20
[2026-03-19T14:51:56.849+0800][74.976s][info][gc,heap     ] GC(191) Archive regions: 0->0
[2026-03-19T14:51:56.849+0800][74.976s][info][gc,heap     ] GC(191) Humongous regions: 39->39
[2026-03-19T14:51:56.850+0800][74.976s][info][gc,metaspace] GC(191) Metaspace: 24118K(24512K)->24118K(24512K) NonClass: 21335K(21568K)->21335K(21568K) Class: 2782K(2944K)->2782K(2944K)
[2026-03-19T14:51:56.850+0800][74.976s][info][gc          ] GC(191) Pause Young (Concurrent Start) (G1 Humongous Allocation) 63M->59M(128M) 3.419ms
[2026-03-19T14:51:56.850+0800][74.976s][info][gc,cpu      ] GC(191) User=0.00s Sys=0.00s Real=0.00s
[2026-03-19T14:51:56.850+0800][74.976s][info][gc          ] GC(192) Concurrent Mark Cycle
[2026-03-19T14:51:56.850+0800][74.977s][info][gc,marking  ] GC(192) Concurrent Clear Claimed Marks
[2026-03-19T14:51:56.850+0800][74.977s][info][gc,marking  ] GC(192) Concurrent Clear Claimed Marks 0.108ms
[2026-03-19T14:51:56.850+0800][74.977s][info][gc,marking  ] GC(192) Concurrent Scan Root Regions
[2026-03-19T14:51:56.851+0800][74.977s][info][gc,marking  ] GC(192) Concurrent Scan Root Regions 0.393ms
[2026-03-19T14:51:56.851+0800][74.977s][info][gc,marking  ] GC(192) Concurrent Mark
[2026-03-19T14:51:56.851+0800][74.977s][info][gc,marking  ] GC(192) Concurrent Mark From Roots
[2026-03-19T14:51:56.851+0800][74.978s][info][gc,task     ] GC(192) Using 3 workers of 3 for marking
[2026-03-19T14:51:56.863+0800][74.989s][info][gc,marking  ] GC(192) Concurrent Mark From Roots 11.762ms
[2026-03-19T14:51:56.863+0800][74.989s][info][gc,marking  ] GC(192) Concurrent Preclean
[2026-03-19T14:51:56.864+0800][74.990s][info][gc,marking  ] GC(192) Concurrent Preclean 0.370ms
[2026-03-19T14:51:56.864+0800][74.990s][info][gc,start    ] GC(192) Pause Remark
[2026-03-19T14:51:56.869+0800][74.996s][info][gc          ] GC(192) Pause Remark 70M->40M(128M) 5.858ms
[2026-03-19T14:51:56.870+0800][74.997s][info][gc,cpu      ] GC(192) User=0.00s Sys=0.00s Real=0.01s
[2026-03-19T14:51:56.870+0800][74.997s][info][gc,marking  ] GC(192) Concurrent Mark 19.436ms
[2026-03-19T14:51:56.870+0800][74.997s][info][gc,marking  ] GC(192) Concurrent Rebuild Remembered Sets
[2026-03-19T14:51:56.877+0800][75.004s][info][gc,marking  ] GC(192) Concurrent Rebuild Remembered Sets 6.624ms
[2026-03-19T14:51:56.878+0800][75.004s][info][gc,start    ] GC(192) Pause Cleanup
[2026-03-19T14:51:56.878+0800][75.005s][info][gc          ] GC(192) Pause Cleanup 40M->40M(128M) 0.430ms
[2026-03-19T14:51:56.878+0800][75.005s][info][gc,cpu      ] GC(192) User=0.00s Sys=0.00s Real=0.00s
[2026-03-19T14:51:56.879+0800][75.005s][info][gc,marking  ] GC(192) Concurrent Cleanup for Next Mark
[2026-03-19T14:51:56.879+0800][75.006s][info][gc,marking  ] GC(192) Concurrent Cleanup for Next Mark 0.733ms
[2026-03-19T14:51:56.879+0800][75.006s][info][gc          ] GC(192) Concurrent Mark Cycle 29.713ms
[2026-03-19T14:51:57.476+0800][75.603s][info][gc,start    ] GC(193) Pause Young (Concurrent Start) (G1 Humongous Allocation)
[2026-03-19T14:51:57.476+0800][75.603s][info][gc,task     ] GC(193) Using 3 workers of 13 for evacuation
[2026-03-19T14:51:57.478+0800][75.605s][info][gc,phases   ] GC(193)   Pre Evacuate Collection Set: 0.2ms
[2026-03-19T14:51:57.478+0800][75.605s][info][gc,phases   ] GC(193)   Merge Heap Roots: 0.1ms
[2026-03-19T14:51:57.478+0800][75.605s][info][gc,phases   ] GC(193)   Evacuate Collection Set: 0.8ms
[2026-03-19T14:51:57.478+0800][75.605s][info][gc,phases   ] GC(193)   Post Evacuate Collection Set: 0.5ms
[2026-03-19T14:51:57.478+0800][75.605s][info][gc,phases   ] GC(193)   Other: 0.4ms
[2026-03-19T14:51:57.478+0800][75.605s][info][gc,heap     ] GC(193) Eden regions: 9->0(32)
[2026-03-19T14:51:57.478+0800][75.605s][info][gc,heap     ] GC(193) Survivor regions: 2->2(4)
[2026-03-19T14:51:57.478+0800][75.605s][info][gc,heap     ] GC(193) Old regions: 20->20
[2026-03-19T14:51:57.478+0800][75.605s][info][gc,heap     ] GC(193) Archive regions: 0->0
[2026-03-19T14:51:57.479+0800][75.606s][info][gc,heap     ] GC(193) Humongous regions: 37->37
[2026-03-19T14:51:57.479+0800][75.606s][info][gc,metaspace] GC(193) Metaspace: 24118K(24512K)->24118K(24512K) NonClass: 21335K(21568K)->21335K(21568K) Class: 2782K(2944K)->2782K(2944K)
[2026-03-19T14:51:57.479+0800][75.606s][info][gc          ] GC(193) Pause Young (Concurrent Start) (G1 Humongous Allocation) 66M->57M(128M) 2.710ms
[2026-03-19T14:51:57.479+0800][75.606s][info][gc,cpu      ] GC(193) User=0.00s Sys=0.00s Real=0.00s
[2026-03-19T14:51:57.479+0800][75.606s][info][gc          ] GC(194) Concurrent Undo Cycle
[2026-03-19T14:51:57.479+0800][75.606s][info][gc,marking  ] GC(194) Concurrent Cleanup for Next Mark
[2026-03-19T14:51:57.479+0800][75.606s][info][gc,marking  ] GC(194) Concurrent Cleanup for Next Mark 0.435ms
[2026-03-19T14:51:57.480+0800][75.607s][info][gc          ] GC(194) Concurrent Undo Cycle 0.708ms
[2026-03-19T14:51:57.797+0800][75.923s][info][gc,start    ] GC(195) Pause Young (Concurrent Start) (G1 Humongous Allocation)
[2026-03-19T14:51:57.797+0800][75.923s][info][gc,task     ] GC(195) Using 3 workers of 13 for evacuation
[2026-03-19T14:51:57.798+0800][75.925s][info][gc,phases   ] GC(195)   Pre Evacuate Collection Set: 0.1ms
[2026-03-19T14:51:57.798+0800][75.925s][info][gc,phases   ] GC(195)   Merge Heap Roots: 0.1ms
[2026-03-19T14:51:57.798+0800][75.925s][info][gc,phases   ] GC(195)   Evacuate Collection Set: 0.6ms
[2026-03-19T14:51:57.798+0800][75.925s][info][gc,phases   ] GC(195)   Post Evacuate Collection Set: 0.4ms
[2026-03-19T14:51:57.798+0800][75.925s][info][gc,phases   ] GC(195)   Other: 0.3ms
[2026-03-19T14:51:57.798+0800][75.925s][info][gc,heap     ] GC(195) Eden regions: 4->0(28)
[2026-03-19T14:51:57.798+0800][75.925s][info][gc,heap     ] GC(195) Survivor regions: 2->2(5)
[2026-03-19T14:51:57.798+0800][75.925s][info][gc,heap     ] GC(195) Old regions: 20->20
[2026-03-19T14:51:57.798+0800][75.925s][info][gc,heap     ] GC(195) Archive regions: 0->0
[2026-03-19T14:51:57.799+0800][75.925s][info][gc,heap     ] GC(195) Humongous regions: 39->39
[2026-03-19T14:51:57.799+0800][75.925s][info][gc,metaspace] GC(195) Metaspace: 24118K(24512K)->24118K(24512K) NonClass: 21335K(21568K)->21335K(21568K) Class: 2782K(2944K)->2782K(2944K)
[2026-03-19T14:51:57.799+0800][75.925s][info][gc          ] GC(195) Pause Young (Concurrent Start) (G1 Humongous Allocation) 63M->59M(128M) 2.325ms
[2026-03-19T14:51:57.799+0800][75.926s][info][gc,cpu      ] GC(195) User=0.00s Sys=0.00s Real=0.00s
[2026-03-19T14:51:57.799+0800][75.926s][info][gc          ] GC(196) Concurrent Mark Cycle
[2026-03-19T14:51:57.799+0800][75.926s][info][gc,marking  ] GC(196) Concurrent Clear Claimed Marks
[2026-03-19T14:51:57.799+0800][75.926s][info][gc,marking  ] GC(196) Concurrent Clear Claimed Marks 0.107ms
[2026-03-19T14:51:57.799+0800][75.926s][info][gc,marking  ] GC(196) Concurrent Scan Root Regions
[2026-03-19T14:51:57.800+0800][75.926s][info][gc,marking  ] GC(196) Concurrent Scan Root Regions 0.291ms
[2026-03-19T14:51:57.800+0800][75.926s][info][gc,marking  ] GC(196) Concurrent Mark
[2026-03-19T14:51:57.800+0800][75.926s][info][gc,marking  ] GC(196) Concurrent Mark From Roots
[2026-03-19T14:51:57.800+0800][75.926s][info][gc,task     ] GC(196) Using 3 workers of 3 for marking
[2026-03-19T14:51:57.808+0800][75.934s][info][gc,marking  ] GC(196) Concurrent Mark From Roots 7.799ms
[2026-03-19T14:51:57.808+0800][75.934s][info][gc,marking  ] GC(196) Concurrent Preclean
[2026-03-19T14:51:57.808+0800][75.935s][info][gc,marking  ] GC(196) Concurrent Preclean 0.231ms
[2026-03-19T14:51:57.808+0800][75.935s][info][gc,start    ] GC(196) Pause Remark
[2026-03-19T14:51:57.813+0800][75.939s][info][gc          ] GC(196) Pause Remark 70M->40M(128M) 4.466ms
[2026-03-19T14:51:57.813+0800][75.939s][info][gc,cpu      ] GC(196) User=0.05s Sys=0.00s Real=0.00s
[2026-03-19T14:51:57.813+0800][75.940s][info][gc,marking  ] GC(196) Concurrent Mark 13.151ms
[2026-03-19T14:51:57.813+0800][75.940s][info][gc,marking  ] GC(196) Concurrent Rebuild Remembered Sets
[2026-03-19T14:51:57.819+0800][75.946s][info][gc,marking  ] GC(196) Concurrent Rebuild Remembered Sets 6.149ms
[2026-03-19T14:51:57.819+0800][75.946s][info][gc,start    ] GC(196) Pause Cleanup
[2026-03-19T14:51:57.820+0800][75.947s][info][gc          ] GC(196) Pause Cleanup 40M->40M(128M) 0.471ms
[2026-03-19T14:51:57.820+0800][75.947s][info][gc,cpu      ] GC(196) User=0.00s Sys=0.00s Real=0.00s
[2026-03-19T14:51:57.820+0800][75.947s][info][gc,marking  ] GC(196) Concurrent Cleanup for Next Mark
[2026-03-19T14:51:57.820+0800][75.948s][info][gc,marking  ] GC(196) Concurrent Cleanup for Next Mark 0.369ms
[2026-03-19T14:51:57.820+0800][75.948s][info][gc          ] GC(196) Concurrent Mark Cycle 22.002ms
[2026-03-19T14:51:58.428+0800][76.554s][info][gc,start    ] GC(197) Pause Young (Concurrent Start) (G1 Humongous Allocation)
[2026-03-19T14:51:58.428+0800][76.555s][info][gc,task     ] GC(197) Using 3 workers of 13 for evacuation
[2026-03-19T14:51:58.430+0800][76.557s][info][gc,phases   ] GC(197)   Pre Evacuate Collection Set: 0.1ms
[2026-03-19T14:51:58.430+0800][76.557s][info][gc,phases   ] GC(197)   Merge Heap Roots: 0.2ms
[2026-03-19T14:51:58.430+0800][76.557s][info][gc,phases   ] GC(197)   Evacuate Collection Set: 0.8ms
[2026-03-19T14:51:58.430+0800][76.557s][info][gc,phases   ] GC(197)   Post Evacuate Collection Set: 0.8ms
[2026-03-19T14:51:58.430+0800][76.557s][info][gc,phases   ] GC(197)   Other: 0.5ms
[2026-03-19T14:51:58.430+0800][76.557s][info][gc,heap     ] GC(197) Eden regions: 9->0(32)
[2026-03-19T14:51:58.430+0800][76.557s][info][gc,heap     ] GC(197) Survivor regions: 2->2(4)
[2026-03-19T14:51:58.430+0800][76.557s][info][gc,heap     ] GC(197) Old regions: 20->20
[2026-03-19T14:51:58.431+0800][76.557s][info][gc,heap     ] GC(197) Archive regions: 0->0
[2026-03-19T14:51:58.431+0800][76.557s][info][gc,heap     ] GC(197) Humongous regions: 37->37
[2026-03-19T14:51:58.431+0800][76.557s][info][gc,metaspace] GC(197) Metaspace: 24118K(24512K)->24118K(24512K) NonClass: 21336K(21568K)->21336K(21568K) Class: 2782K(2944K)->2782K(2944K)
[2026-03-19T14:51:58.431+0800][76.558s][info][gc          ] GC(197) Pause Young (Concurrent Start) (G1 Humongous Allocation) 66M->57M(128M) 3.241ms
[2026-03-19T14:51:58.431+0800][76.558s][info][gc,cpu      ] GC(197) User=0.00s Sys=0.00s Real=0.00s
[2026-03-19T14:51:58.431+0800][76.558s][info][gc          ] GC(198) Concurrent Undo Cycle
[2026-03-19T14:51:58.431+0800][76.558s][info][gc,marking  ] GC(198) Concurrent Cleanup for Next Mark
[2026-03-19T14:51:58.432+0800][76.558s][info][gc,marking  ] GC(198) Concurrent Cleanup for Next Mark 0.469ms
[2026-03-19T14:51:58.432+0800][76.559s][info][gc          ] GC(198) Concurrent Undo Cycle 0.805ms
[2026-03-19T14:51:58.735+0800][76.862s][info][gc,start    ] GC(199) Pause Young (Concurrent Start) (G1 Humongous Allocation)
[2026-03-19T14:51:58.735+0800][76.862s][info][gc,task     ] GC(199) Using 3 workers of 13 for evacuation
[2026-03-19T14:51:58.738+0800][76.864s][info][gc,phases   ] GC(199)   Pre Evacuate Collection Set: 0.2ms
[2026-03-19T14:51:58.738+0800][76.864s][info][gc,phases   ] GC(199)   Merge Heap Roots: 0.2ms
[2026-03-19T14:51:58.738+0800][76.865s][info][gc,phases   ] GC(199)   Evacuate Collection Set: 0.7ms
[2026-03-19T14:51:58.738+0800][76.865s][info][gc,phases   ] GC(199)   Post Evacuate Collection Set: 1.1ms
[2026-03-19T14:51:58.738+0800][76.865s][info][gc,phases   ] GC(199)   Other: 0.3ms
[2026-03-19T14:51:58.738+0800][76.865s][info][gc,heap     ] GC(199) Eden regions: 4->0(28)
[2026-03-19T14:51:58.738+0800][76.865s][info][gc,heap     ] GC(199) Survivor regions: 2->2(5)
[2026-03-19T14:51:58.738+0800][76.865s][info][gc,heap     ] GC(199) Old regions: 20->20
[2026-03-19T14:51:58.738+0800][76.865s][info][gc,heap     ] GC(199) Archive regions: 0->0
[2026-03-19T14:51:58.738+0800][76.865s][info][gc,heap     ] GC(199) Humongous regions: 39->39
[2026-03-19T14:51:58.738+0800][76.865s][info][gc,metaspace] GC(199) Metaspace: 24118K(24512K)->24118K(24512K) NonClass: 21336K(21568K)->21336K(21568K) Class: 2782K(2944K)->2782K(2944K)
[2026-03-19T14:51:58.739+0800][76.865s][info][gc          ] GC(199) Pause Young (Concurrent Start) (G1 Humongous Allocation) 63M->59M(128M) 3.490ms
[2026-03-19T14:51:58.739+0800][76.865s][info][gc,cpu      ] GC(199) User=0.00s Sys=0.00s Real=0.00s
[2026-03-19T14:51:58.739+0800][76.866s][info][gc          ] GC(200) Concurrent Mark Cycle
[2026-03-19T14:51:58.739+0800][76.866s][info][gc,marking  ] GC(200) Concurrent Clear Claimed Marks
[2026-03-19T14:51:58.739+0800][76.866s][info][gc,marking  ] GC(200) Concurrent Clear Claimed Marks 0.133ms
[2026-03-19T14:51:58.739+0800][76.866s][info][gc,marking  ] GC(200) Concurrent Scan Root Regions
[2026-03-19T14:51:58.740+0800][76.866s][info][gc,marking  ] GC(200) Concurrent Scan Root Regions 0.456ms
[2026-03-19T14:51:58.740+0800][76.867s][info][gc,marking  ] GC(200) Concurrent Mark
[2026-03-19T14:51:58.740+0800][76.867s][info][gc,marking  ] GC(200) Concurrent Mark From Roots
[2026-03-19T14:51:58.740+0800][76.867s][info][gc,task     ] GC(200) Using 3 workers of 3 for marking
[2026-03-19T14:51:58.751+0800][76.878s][info][gc,marking  ] GC(200) Concurrent Mark From Roots 11.211ms
[2026-03-19T14:51:58.752+0800][76.878s][info][gc,marking  ] GC(200) Concurrent Preclean
[2026-03-19T14:51:58.752+0800][76.879s][info][gc,marking  ] GC(200) Concurrent Preclean 0.367ms
[2026-03-19T14:51:58.752+0800][76.879s][info][gc,start    ] GC(200) Pause Remark
[2026-03-19T14:51:58.757+0800][76.884s][info][gc          ] GC(200) Pause Remark 70M->40M(128M) 4.887ms
[2026-03-19T14:51:58.757+0800][76.884s][info][gc,cpu      ] GC(200) User=0.00s Sys=0.00s Real=0.00s
[2026-03-19T14:51:58.757+0800][76.884s][info][gc,marking  ] GC(200) Concurrent Mark 17.405ms
[2026-03-19T14:51:58.757+0800][76.884s][info][gc,marking  ] GC(200) Concurrent Rebuild Remembered Sets
[2026-03-19T14:51:58.762+0800][76.889s][info][gc,marking  ] GC(200) Concurrent Rebuild Remembered Sets 4.995ms
[2026-03-19T14:51:58.763+0800][76.890s][info][gc,start    ] GC(200) Pause Cleanup
[2026-03-19T14:51:58.763+0800][76.890s][info][gc          ] GC(200) Pause Cleanup 40M->40M(128M) 0.389ms
[2026-03-19T14:51:58.763+0800][76.890s][info][gc,cpu      ] GC(200) User=0.00s Sys=0.00s Real=0.00s
[2026-03-19T14:51:58.764+0800][76.891s][info][gc,marking  ] GC(200) Concurrent Cleanup for Next Mark
[2026-03-19T14:51:58.764+0800][76.891s][info][gc,marking  ] GC(200) Concurrent Cleanup for Next Mark 0.413ms
[2026-03-19T14:51:58.764+0800][76.891s][info][gc          ] GC(200) Concurrent Mark Cycle 25.512ms
[2026-03-19T14:51:59.379+0800][77.506s][info][gc,start    ] GC(201) Pause Young (Concurrent Start) (G1 Humongous Allocation)
[2026-03-19T14:51:59.379+0800][77.506s][info][gc,task     ] GC(201) Using 3 workers of 13 for evacuation
[2026-03-19T14:51:59.381+0800][77.508s][info][gc,phases   ] GC(201)   Pre Evacuate Collection Set: 0.3ms
[2026-03-19T14:51:59.381+0800][77.508s][info][gc,phases   ] GC(201)   Merge Heap Roots: 0.3ms
[2026-03-19T14:51:59.381+0800][77.508s][info][gc,phases   ] GC(201)   Evacuate Collection Set: 0.8ms
[2026-03-19T14:51:59.381+0800][77.508s][info][gc,phases   ] GC(201)   Post Evacuate Collection Set: 0.7ms
[2026-03-19T14:51:59.381+0800][77.508s][info][gc,phases   ] GC(201)   Other: 0.4ms
[2026-03-19T14:51:59.382+0800][77.508s][info][gc,heap     ] GC(201) Eden regions: 9->0(32)
[2026-03-19T14:51:59.382+0800][77.509s][info][gc,heap     ] GC(201) Survivor regions: 2->2(4)
[2026-03-19T14:51:59.382+0800][77.509s][info][gc,heap     ] GC(201) Old regions: 20->20
[2026-03-19T14:51:59.382+0800][77.509s][info][gc,heap     ] GC(201) Archive regions: 0->0
[2026-03-19T14:51:59.382+0800][77.509s][info][gc,heap     ] GC(201) Humongous regions: 37->37
[2026-03-19T14:51:59.382+0800][77.509s][info][gc,metaspace] GC(201) Metaspace: 24118K(24512K)->24118K(24512K) NonClass: 21336K(21568K)->21336K(21568K) Class: 2782K(2944K)->2782K(2944K)
[2026-03-19T14:51:59.382+0800][77.509s][info][gc          ] GC(201) Pause Young (Concurrent Start) (G1 Humongous Allocation) 66M->57M(128M) 3.184ms
[2026-03-19T14:51:59.382+0800][77.509s][info][gc,cpu      ] GC(201) User=0.00s Sys=0.00s Real=0.00s
[2026-03-19T14:51:59.382+0800][77.509s][info][gc          ] GC(202) Concurrent Undo Cycle
[2026-03-19T14:51:59.382+0800][77.509s][info][gc,marking  ] GC(202) Concurrent Cleanup for Next Mark
[2026-03-19T14:51:59.383+0800][77.510s][info][gc,marking  ] GC(202) Concurrent Cleanup for Next Mark 0.510ms
[2026-03-19T14:51:59.383+0800][77.510s][info][gc          ] GC(202) Concurrent Undo Cycle 0.870ms
[2026-03-19T14:51:59.699+0800][77.826s][info][gc,start    ] GC(203) Pause Young (Concurrent Start) (G1 Humongous Allocation)
[2026-03-19T14:51:59.700+0800][77.827s][info][gc,task     ] GC(203) Using 3 workers of 13 for evacuation
[2026-03-19T14:51:59.702+0800][77.830s][info][gc,phases   ] GC(203)   Pre Evacuate Collection Set: 0.2ms
[2026-03-19T14:51:59.703+0800][77.830s][info][gc,phases   ] GC(203)   Merge Heap Roots: 0.2ms
[2026-03-19T14:51:59.703+0800][77.830s][info][gc,phases   ] GC(203)   Evacuate Collection Set: 0.9ms
[2026-03-19T14:51:59.703+0800][77.830s][info][gc,phases   ] GC(203)   Post Evacuate Collection Set: 1.3ms
[2026-03-19T14:51:59.703+0800][77.830s][info][gc,phases   ] GC(203)   Other: 0.8ms
[2026-03-19T14:51:59.703+0800][77.830s][info][gc,heap     ] GC(203) Eden regions: 5->0(31)
[2026-03-19T14:51:59.703+0800][77.830s][info][gc,heap     ] GC(203) Survivor regions: 2->2(5)
[2026-03-19T14:51:59.703+0800][77.830s][info][gc,heap     ] GC(203) Old regions: 20->20
[2026-03-19T14:51:59.703+0800][77.830s][info][gc,heap     ] GC(203) Archive regions: 0->0
[2026-03-19T14:51:59.703+0800][77.830s][info][gc,heap     ] GC(203) Humongous regions: 39->39
[2026-03-19T14:51:59.703+0800][77.831s][info][gc,metaspace] GC(203) Metaspace: 24119K(24512K)->24119K(24512K) NonClass: 21336K(21568K)->21336K(21568K) Class: 2782K(2944K)->2782K(2944K)
[2026-03-19T14:51:59.704+0800][77.831s][info][gc          ] GC(203) Pause Young (Concurrent Start) (G1 Humongous Allocation) 63M->59M(128M) 4.443ms
[2026-03-19T14:51:59.704+0800][77.831s][info][gc,cpu      ] GC(203) User=0.03s Sys=0.02s Real=0.01s
[2026-03-19T14:51:59.704+0800][77.831s][info][gc          ] GC(204) Concurrent Mark Cycle
[2026-03-19T14:51:59.704+0800][77.831s][info][gc,marking  ] GC(204) Concurrent Clear Claimed Marks
[2026-03-19T14:51:59.704+0800][77.831s][info][gc,marking  ] GC(204) Concurrent Clear Claimed Marks 0.116ms
[2026-03-19T14:51:59.704+0800][77.831s][info][gc,marking  ] GC(204) Concurrent Scan Root Regions
[2026-03-19T14:51:59.705+0800][77.832s][info][gc,marking  ] GC(204) Concurrent Scan Root Regions 0.385ms
[2026-03-19T14:51:59.705+0800][77.832s][info][gc,marking  ] GC(204) Concurrent Mark
[2026-03-19T14:51:59.705+0800][77.832s][info][gc,marking  ] GC(204) Concurrent Mark From Roots
[2026-03-19T14:51:59.705+0800][77.832s][info][gc,task     ] GC(204) Using 3 workers of 3 for marking
[2026-03-19T14:51:59.716+0800][77.843s][info][gc,marking  ] GC(204) Concurrent Mark From Roots 11.068ms
[2026-03-19T14:51:59.717+0800][77.843s][info][gc,marking  ] GC(204) Concurrent Preclean
[2026-03-19T14:51:59.717+0800][77.844s][info][gc,marking  ] GC(204) Concurrent Preclean 0.326ms
[2026-03-19T14:51:59.718+0800][77.844s][info][gc,start    ] GC(204) Pause Remark
[2026-03-19T14:51:59.724+0800][77.850s][info][gc          ] GC(204) Pause Remark 70M->40M(128M) 6.321ms
[2026-03-19T14:51:59.724+0800][77.851s][info][gc,cpu      ] GC(204) User=0.00s Sys=0.00s Real=0.01s
[2026-03-19T14:51:59.724+0800][77.851s][info][gc,marking  ] GC(204) Concurrent Mark 18.734ms
[2026-03-19T14:51:59.724+0800][77.851s][info][gc,marking  ] GC(204) Concurrent Rebuild Remembered Sets
[2026-03-19T14:51:59.731+0800][77.858s][info][gc,marking  ] GC(204) Concurrent Rebuild Remembered Sets 7.136ms
[2026-03-19T14:51:59.731+0800][77.859s][info][gc,start    ] GC(204) Pause Cleanup
[2026-03-19T14:51:59.733+0800][77.859s][info][gc          ] GC(204) Pause Cleanup 40M->40M(128M) 0.461ms
[2026-03-19T14:51:59.733+0800][77.859s][info][gc,cpu      ] GC(204) User=0.00s Sys=0.00s Real=0.00s
[2026-03-19T14:51:59.733+0800][77.859s][info][gc,marking  ] GC(204) Concurrent Cleanup for Next Mark
[2026-03-19T14:51:59.734+0800][77.860s][info][gc,marking  ] GC(204) Concurrent Cleanup for Next Mark 0.684ms
[2026-03-19T14:51:59.734+0800][77.860s][info][gc          ] GC(204) Concurrent Mark Cycle 29.434ms
[2026-03-19T14:52:00.330+0800][78.457s][info][gc,start    ] GC(205) Pause Young (Concurrent Start) (G1 Humongous Allocation)
[2026-03-19T14:52:00.330+0800][78.457s][info][gc,task     ] GC(205) Using 3 workers of 13 for evacuation
[2026-03-19T14:52:00.332+0800][78.459s][info][gc,phases   ] GC(205)   Pre Evacuate Collection Set: 0.3ms
[2026-03-19T14:52:00.332+0800][78.459s][info][gc,phases   ] GC(205)   Merge Heap Roots: 0.1ms
[2026-03-19T14:52:00.332+0800][78.459s][info][gc,phases   ] GC(205)   Evacuate Collection Set: 0.8ms
[2026-03-19T14:52:00.332+0800][78.459s][info][gc,phases   ] GC(205)   Post Evacuate Collection Set: 0.8ms
[2026-03-19T14:52:00.332+0800][78.459s][info][gc,phases   ] GC(205)   Other: 0.4ms
[2026-03-19T14:52:00.333+0800][78.459s][info][gc,heap     ] GC(205) Eden regions: 9->0(36)
[2026-03-19T14:52:00.333+0800][78.459s][info][gc,heap     ] GC(205) Survivor regions: 2->2(5)
[2026-03-19T14:52:00.333+0800][78.459s][info][gc,heap     ] GC(205) Old regions: 20->20
[2026-03-19T14:52:00.333+0800][78.460s][info][gc,heap     ] GC(205) Archive regions: 0->0
[2026-03-19T14:52:00.333+0800][78.460s][info][gc,heap     ] GC(205) Humongous regions: 37->37
[2026-03-19T14:52:00.333+0800][78.460s][info][gc,metaspace] GC(205) Metaspace: 24119K(24512K)->24119K(24512K) NonClass: 21336K(21568K)->21336K(21568K) Class: 2782K(2944K)->2782K(2944K)
[2026-03-19T14:52:00.333+0800][78.460s][info][gc          ] GC(205) Pause Young (Concurrent Start) (G1 Humongous Allocation) 66M->57M(128M) 3.169ms
[2026-03-19T14:52:00.333+0800][78.460s][info][gc,cpu      ] GC(205) User=0.00s Sys=0.00s Real=0.00s
[2026-03-19T14:52:00.333+0800][78.460s][info][gc          ] GC(206) Concurrent Undo Cycle
[2026-03-19T14:52:00.333+0800][78.460s][info][gc,marking  ] GC(206) Concurrent Cleanup for Next Mark
[2026-03-19T14:52:00.334+0800][78.460s][info][gc,marking  ] GC(206) Concurrent Cleanup for Next Mark 0.402ms
[2026-03-19T14:52:00.334+0800][78.461s][info][gc          ] GC(206) Concurrent Undo Cycle 0.735ms
[2026-03-19T14:52:00.638+0800][78.765s][info][gc,start    ] GC(207) Pause Young (Concurrent Start) (G1 Humongous Allocation)
[2026-03-19T14:52:00.638+0800][78.765s][info][gc,task     ] GC(207) Using 3 workers of 13 for evacuation
[2026-03-19T14:52:00.640+0800][78.767s][info][gc,phases   ] GC(207)   Pre Evacuate Collection Set: 0.2ms
[2026-03-19T14:52:00.641+0800][78.767s][info][gc,phases   ] GC(207)   Merge Heap Roots: 0.2ms
[2026-03-19T14:52:00.641+0800][78.768s][info][gc,phases   ] GC(207)   Evacuate Collection Set: 0.8ms
[2026-03-19T14:52:00.641+0800][78.768s][info][gc,phases   ] GC(207)   Post Evacuate Collection Set: 0.8ms
[2026-03-19T14:52:00.641+0800][78.768s][info][gc,phases   ] GC(207)   Other: 0.4ms
[2026-03-19T14:52:00.641+0800][78.768s][info][gc,heap     ] GC(207) Eden regions: 5->0(34)
[2026-03-19T14:52:00.641+0800][78.768s][info][gc,heap     ] GC(207) Survivor regions: 2->2(5)
[2026-03-19T14:52:00.641+0800][78.768s][info][gc,heap     ] GC(207) Old regions: 20->20
[2026-03-19T14:52:00.641+0800][78.768s][info][gc,heap     ] GC(207) Archive regions: 0->0
[2026-03-19T14:52:00.641+0800][78.768s][info][gc,heap     ] GC(207) Humongous regions: 39->39
[2026-03-19T14:52:00.641+0800][78.768s][info][gc,metaspace] GC(207) Metaspace: 24125K(24512K)->24125K(24512K) NonClass: 21342K(21568K)->21342K(21568K) Class: 2782K(2944K)->2782K(2944K)
[2026-03-19T14:52:00.641+0800][78.768s][info][gc          ] GC(207) Pause Young (Concurrent Start) (G1 Humongous Allocation) 63M->59M(128M) 3.072ms
[2026-03-19T14:52:00.641+0800][78.768s][info][gc,cpu      ] GC(207) User=0.00s Sys=0.00s Real=0.00s
[2026-03-19T14:52:00.641+0800][78.768s][info][gc          ] GC(208) Concurrent Mark Cycle
[2026-03-19T14:52:00.642+0800][78.768s][info][gc,marking  ] GC(208) Concurrent Clear Claimed Marks
[2026-03-19T14:52:00.642+0800][78.768s][info][gc,marking  ] GC(208) Concurrent Clear Claimed Marks 0.091ms
[2026-03-19T14:52:00.642+0800][78.768s][info][gc,marking  ] GC(208) Concurrent Scan Root Regions
[2026-03-19T14:52:00.642+0800][78.769s][info][gc,marking  ] GC(208) Concurrent Scan Root Regions 0.282ms
[2026-03-19T14:52:00.642+0800][78.769s][info][gc,marking  ] GC(208) Concurrent Mark
[2026-03-19T14:52:00.642+0800][78.769s][info][gc,marking  ] GC(208) Concurrent Mark From Roots
[2026-03-19T14:52:00.642+0800][78.769s][info][gc,task     ] GC(208) Using 3 workers of 3 for marking
[2026-03-19T14:52:00.653+0800][78.780s][info][gc,marking  ] GC(208) Concurrent Mark From Roots 10.990ms
[2026-03-19T14:52:00.654+0800][78.780s][info][gc,marking  ] GC(208) Concurrent Preclean
[2026-03-19T14:52:00.654+0800][78.780s][info][gc,marking  ] GC(208) Concurrent Preclean 0.349ms
[2026-03-19T14:52:00.654+0800][78.781s][info][gc,start    ] GC(208) Pause Remark
[2026-03-19T14:52:00.659+0800][78.786s][info][gc          ] GC(208) Pause Remark 70M->40M(128M) 5.367ms
[2026-03-19T14:52:00.659+0800][78.786s][info][gc,cpu      ] GC(208) User=0.02s Sys=0.00s Real=0.00s
[2026-03-19T14:52:00.659+0800][78.787s][info][gc,marking  ] GC(208) Concurrent Mark 17.918ms
[2026-03-19T14:52:00.661+0800][78.787s][info][gc,marking  ] GC(208) Concurrent Rebuild Remembered Sets
[2026-03-19T14:52:00.664+0800][78.791s][info][gc,marking  ] GC(208) Concurrent Rebuild Remembered Sets 4.554ms
[2026-03-19T14:52:00.665+0800][78.792s][info][gc,start    ] GC(208) Pause Cleanup
[2026-03-19T14:52:00.665+0800][78.792s][info][gc          ] GC(208) Pause Cleanup 40M->40M(128M) 0.220ms
[2026-03-19T14:52:00.665+0800][78.792s][info][gc,cpu      ] GC(208) User=0.00s Sys=0.00s Real=0.00s
[2026-03-19T14:52:00.665+0800][78.792s][info][gc,marking  ] GC(208) Concurrent Cleanup for Next Mark
[2026-03-19T14:52:00.665+0800][78.793s][info][gc,marking  ] GC(208) Concurrent Cleanup for Next Mark 0.358ms
[2026-03-19T14:52:00.665+0800][78.793s][info][gc          ] GC(208) Concurrent Mark Cycle 24.611ms
[2026-03-19T14:52:01.282+0800][79.408s][info][gc,start    ] GC(209) Pause Young (Concurrent Start) (G1 Humongous Allocation)
[2026-03-19T14:52:01.282+0800][79.408s][info][gc,task     ] GC(209) Using 3 workers of 13 for evacuation
[2026-03-19T14:52:01.284+0800][79.411s][info][gc,phases   ] GC(209)   Pre Evacuate Collection Set: 0.4ms
[2026-03-19T14:52:01.285+0800][79.411s][info][gc,phases   ] GC(209)   Merge Heap Roots: 0.2ms
[2026-03-19T14:52:01.285+0800][79.411s][info][gc,phases   ] GC(209)   Evacuate Collection Set: 0.8ms
[2026-03-19T14:52:01.285+0800][79.411s][info][gc,phases   ] GC(209)   Post Evacuate Collection Set: 1.2ms
[2026-03-19T14:52:01.285+0800][79.411s][info][gc,phases   ] GC(209)   Other: 0.4ms
[2026-03-19T14:52:01.285+0800][79.411s][info][gc,heap     ] GC(209) Eden regions: 9->0(38)
[2026-03-19T14:52:01.285+0800][79.412s][info][gc,heap     ] GC(209) Survivor regions: 2->2(5)
[2026-03-19T14:52:01.285+0800][79.412s][info][gc,heap     ] GC(209) Old regions: 20->20
[2026-03-19T14:52:01.285+0800][79.412s][info][gc,heap     ] GC(209) Archive regions: 0->0
[2026-03-19T14:52:01.285+0800][79.412s][info][gc,heap     ] GC(209) Humongous regions: 37->37
[2026-03-19T14:52:01.285+0800][79.412s][info][gc,metaspace] GC(209) Metaspace: 24125K(24512K)->24125K(24512K) NonClass: 21342K(21568K)->21342K(21568K) Class: 2782K(2944K)->2782K(2944K)
[2026-03-19T14:52:01.285+0800][79.412s][info][gc          ] GC(209) Pause Young (Concurrent Start) (G1 Humongous Allocation) 66M->57M(128M) 3.578ms
[2026-03-19T14:52:01.285+0800][79.412s][info][gc,cpu      ] GC(209) User=0.00s Sys=0.00s Real=0.00s
[2026-03-19T14:52:01.285+0800][79.412s][info][gc          ] GC(210) Concurrent Undo Cycle
[2026-03-19T14:52:01.285+0800][79.412s][info][gc,marking  ] GC(210) Concurrent Cleanup for Next Mark
[2026-03-19T14:52:01.286+0800][79.413s][info][gc,marking  ] GC(210) Concurrent Cleanup for Next Mark 0.533ms
[2026-03-19T14:52:01.286+0800][79.413s][info][gc          ] GC(210) Concurrent Undo Cycle 0.863ms
[2026-03-19T14:52:01.590+0800][79.717s][info][gc,start    ] GC(211) Pause Young (Concurrent Start) (G1 Humongous Allocation)
[2026-03-19T14:52:01.590+0800][79.717s][info][gc,task     ] GC(211) Using 3 workers of 13 for evacuation
[2026-03-19T14:52:01.593+0800][79.720s][info][gc,phases   ] GC(211)   Pre Evacuate Collection Set: 0.2ms
[2026-03-19T14:52:01.593+0800][79.720s][info][gc,phases   ] GC(211)   Merge Heap Roots: 0.2ms
[2026-03-19T14:52:01.593+0800][79.720s][info][gc,phases   ] GC(211)   Evacuate Collection Set: 0.9ms
[2026-03-19T14:52:01.593+0800][79.720s][info][gc,phases   ] GC(211)   Post Evacuate Collection Set: 0.9ms
[2026-03-19T14:52:01.593+0800][79.720s][info][gc,phases   ] GC(211)   Other: 0.3ms
[2026-03-19T14:52:01.593+0800][79.720s][info][gc,heap     ] GC(211) Eden regions: 5->0(37)
[2026-03-19T14:52:01.593+0800][79.720s][info][gc,heap     ] GC(211) Survivor regions: 2->2(5)
[2026-03-19T14:52:01.594+0800][79.720s][info][gc,heap     ] GC(211) Old regions: 20->20
[2026-03-19T14:52:01.594+0800][79.721s][info][gc,heap     ] GC(211) Archive regions: 0->0
[2026-03-19T14:52:01.594+0800][79.721s][info][gc,heap     ] GC(211) Humongous regions: 39->39
[2026-03-19T14:52:01.594+0800][79.721s][info][gc,metaspace] GC(211) Metaspace: 24125K(24512K)->24125K(24512K) NonClass: 21342K(21568K)->21342K(21568K) Class: 2782K(2944K)->2782K(2944K)
[2026-03-19T14:52:01.594+0800][79.721s][info][gc          ] GC(211) Pause Young (Concurrent Start) (G1 Humongous Allocation) 64M->60M(128M) 3.679ms
[2026-03-19T14:52:01.594+0800][79.721s][info][gc,cpu      ] GC(211) User=0.02s Sys=0.00s Real=0.00s
[2026-03-19T14:52:01.594+0800][79.721s][info][gc          ] GC(212) Concurrent Mark Cycle
[2026-03-19T14:52:01.594+0800][79.721s][info][gc,marking  ] GC(212) Concurrent Clear Claimed Marks
[2026-03-19T14:52:01.595+0800][79.722s][info][gc,marking  ] GC(212) Concurrent Clear Claimed Marks 0.273ms
[2026-03-19T14:52:01.595+0800][79.722s][info][gc,marking  ] GC(212) Concurrent Scan Root Regions
[2026-03-19T14:52:01.595+0800][79.722s][info][gc,marking  ] GC(212) Concurrent Scan Root Regions 0.250ms
[2026-03-19T14:52:01.595+0800][79.722s][info][gc,marking  ] GC(212) Concurrent Mark
[2026-03-19T14:52:01.595+0800][79.722s][info][gc,marking  ] GC(212) Concurrent Mark From Roots
[2026-03-19T14:52:01.595+0800][79.722s][info][gc,task     ] GC(212) Using 3 workers of 3 for marking
[2026-03-19T14:52:01.607+0800][79.733s][info][gc,marking  ] GC(212) Concurrent Mark From Roots 11.115ms
[2026-03-19T14:52:01.607+0800][79.734s][info][gc,marking  ] GC(212) Concurrent Preclean
[2026-03-19T14:52:01.607+0800][79.734s][info][gc,marking  ] GC(212) Concurrent Preclean 0.544ms
[2026-03-19T14:52:01.607+0800][79.735s][info][gc,start    ] GC(212) Pause Remark
[2026-03-19T14:52:01.619+0800][79.746s][info][gc          ] GC(212) Pause Remark 71M->41M(128M) 11.047ms
[2026-03-19T14:52:01.619+0800][79.746s][info][gc,cpu      ] GC(212) User=0.00s Sys=0.00s Real=0.01s
[2026-03-19T14:52:01.619+0800][79.746s][info][gc,marking  ] GC(212) Concurrent Mark 23.951ms
[2026-03-19T14:52:01.619+0800][79.746s][info][gc,marking  ] GC(212) Concurrent Rebuild Remembered Sets
[2026-03-19T14:52:01.627+0800][79.753s][info][gc,marking  ] GC(212) Concurrent Rebuild Remembered Sets 7.110ms
[2026-03-19T14:52:01.627+0800][79.754s][info][gc,start    ] GC(212) Pause Cleanup
[2026-03-19T14:52:01.627+0800][79.754s][info][gc          ] GC(212) Pause Cleanup 41M->41M(128M) 0.267ms
[2026-03-19T14:52:01.628+0800][79.754s][info][gc,cpu      ] GC(212) User=0.00s Sys=0.00s Real=0.00s
[2026-03-19T14:52:01.628+0800][79.754s][info][gc,marking  ] GC(212) Concurrent Cleanup for Next Mark
[2026-03-19T14:52:01.628+0800][79.755s][info][gc,marking  ] GC(212) Concurrent Cleanup for Next Mark 0.521ms
[2026-03-19T14:52:01.628+0800][79.755s][info][gc          ] GC(212) Concurrent Mark Cycle 33.856ms
[2026-03-19T14:52:03.515+0800][81.643s][info][gc,start    ] GC(213) Pause Young (Prepare Mixed) (G1 Preventive Collection)
[2026-03-19T14:52:03.517+0800][81.643s][info][gc,task     ] GC(213) Using 3 workers of 13 for evacuation
[2026-03-19T14:52:03.518+0800][81.645s][info][gc,phases   ] GC(213)   Pre Evacuate Collection Set: 0.1ms
[2026-03-19T14:52:03.518+0800][81.645s][info][gc,phases   ] GC(213)   Merge Heap Roots: 0.1ms
[2026-03-19T14:52:03.518+0800][81.645s][info][gc,phases   ] GC(213)   Evacuate Collection Set: 0.8ms
[2026-03-19T14:52:03.518+0800][81.645s][info][gc,phases   ] GC(213)   Post Evacuate Collection Set: 0.4ms
[2026-03-19T14:52:03.519+0800][81.645s][info][gc,phases   ] GC(213)   Other: 0.5ms
[2026-03-19T14:52:03.519+0800][81.645s][info][gc,heap     ] GC(213) Eden regions: 26->0(4)
[2026-03-19T14:52:03.519+0800][81.645s][info][gc,heap     ] GC(213) Survivor regions: 2->2(5)
[2026-03-19T14:52:03.519+0800][81.645s][info][gc,heap     ] GC(213) Old regions: 20->20
[2026-03-19T14:52:03.519+0800][81.645s][info][gc,heap     ] GC(213) Archive regions: 0->0
[2026-03-19T14:52:03.519+0800][81.645s][info][gc,heap     ] GC(213) Humongous regions: 73->73
[2026-03-19T14:52:03.519+0800][81.646s][info][gc,metaspace] GC(213) Metaspace: 24103K(24512K)->24103K(24512K) NonClass: 21327K(21568K)->21327K(21568K) Class: 2776K(2944K)->2776K(2944K)
[2026-03-19T14:52:03.519+0800][81.646s][info][gc          ] GC(213) Pause Young (Prepare Mixed) (G1 Preventive Collection) 119M->93M(128M) 2.703ms
[2026-03-19T14:52:03.519+0800][81.646s][info][gc,cpu      ] GC(213) User=0.00s Sys=0.00s Real=0.00s
[2026-03-19T14:52:03.845+0800][81.972s][info][gc,start    ] GC(214) Pause Young (Mixed) (G1 Evacuation Pause)
[2026-03-19T14:52:03.845+0800][81.972s][info][gc,task     ] GC(214) Using 3 workers of 13 for evacuation
[2026-03-19T14:52:03.847+0800][81.973s][info][gc,phases   ] GC(214)   Pre Evacuate Collection Set: 0.1ms
[2026-03-19T14:52:03.847+0800][81.974s][info][gc,phases   ] GC(214)   Merge Heap Roots: 0.1ms
[2026-03-19T14:52:03.847+0800][81.974s][info][gc,phases   ] GC(214)   Evacuate Collection Set: 0.8ms
[2026-03-19T14:52:03.847+0800][81.974s][info][gc,phases   ] GC(214)   Post Evacuate Collection Set: 0.3ms
[2026-03-19T14:52:03.847+0800][81.974s][info][gc,phases   ] GC(214)   Other: 0.4ms
[2026-03-19T14:52:03.847+0800][81.974s][info][gc,heap     ] GC(214) Eden regions: 4->0(7)
[2026-03-19T14:52:03.847+0800][81.974s][info][gc,heap     ] GC(214) Survivor regions: 2->1(1)
[2026-03-19T14:52:03.847+0800][81.974s][info][gc,heap     ] GC(214) Old regions: 20->20
[2026-03-19T14:52:03.847+0800][81.974s][info][gc,heap     ] GC(214) Archive regions: 0->0
[2026-03-19T14:52:03.847+0800][81.974s][info][gc,heap     ] GC(214) Humongous regions: 82->82
[2026-03-19T14:52:03.847+0800][81.974s][info][gc,metaspace] GC(214) Metaspace: 24105K(24512K)->24105K(24512K) NonClass: 21328K(21568K)->21328K(21568K) Class: 2776K(2944K)->2776K(2944K)
[2026-03-19T14:52:03.847+0800][81.974s][info][gc          ] GC(214) Pause Young (Mixed) (G1 Evacuation Pause) 106M->102M(128M) 2.458ms
[2026-03-19T14:52:03.847+0800][81.974s][info][gc,cpu      ] GC(214) User=0.00s Sys=0.00s Real=0.00s
[2026-03-19T14:52:03.848+0800][81.975s][info][gc,start    ] GC(215) Pause Young (Concurrent Start) (G1 Humongous Allocation)
[2026-03-19T14:52:03.848+0800][81.975s][info][gc,task     ] GC(215) Using 3 workers of 13 for evacuation
[2026-03-19T14:52:03.849+0800][81.976s][info][gc,phases   ] GC(215)   Pre Evacuate Collection Set: 0.1ms
[2026-03-19T14:52:03.850+0800][81.976s][info][gc,phases   ] GC(215)   Merge Heap Roots: 0.1ms
[2026-03-19T14:52:03.850+0800][81.977s][info][gc,phases   ] GC(215)   Evacuate Collection Set: 0.6ms
[2026-03-19T14:52:03.850+0800][81.977s][info][gc,phases   ] GC(215)   Post Evacuate Collection Set: 0.3ms
[2026-03-19T14:52:03.850+0800][81.977s][info][gc,phases   ] GC(215)   Other: 0.3ms
[2026-03-19T14:52:03.850+0800][81.977s][info][gc,heap     ] GC(215) Eden regions: 1->0(8)
[2026-03-19T14:52:03.850+0800][81.977s][info][gc,heap     ] GC(215) Survivor regions: 1->0(1)
[2026-03-19T14:52:03.850+0800][81.977s][info][gc,heap     ] GC(215) Old regions: 20->21
[2026-03-19T14:52:03.850+0800][81.977s][info][gc,heap     ] GC(215) Archive regions: 0->0
[2026-03-19T14:52:03.850+0800][81.977s][info][gc,heap     ] GC(215) Humongous regions: 82->82
[2026-03-19T14:52:03.850+0800][81.977s][info][gc,metaspace] GC(215) Metaspace: 24105K(24512K)->24105K(24512K) NonClass: 21328K(21568K)->21328K(21568K) Class: 2776K(2944K)->2776K(2944K)
[2026-03-19T14:52:03.850+0800][81.977s][info][gc          ] GC(215) Pause Young (Concurrent Start) (G1 Humongous Allocation) 102M->102M(128M) 2.184ms
[2026-03-19T14:52:03.850+0800][81.977s][info][gc,cpu      ] GC(215) User=0.00s Sys=0.00s Real=0.00s
[2026-03-19T14:52:03.850+0800][81.977s][info][gc          ] GC(216) Concurrent Mark Cycle
[2026-03-19T14:52:03.850+0800][81.977s][info][gc,marking  ] GC(216) Concurrent Clear Claimed Marks
[2026-03-19T14:52:03.850+0800][81.977s][info][gc,marking  ] GC(216) Concurrent Clear Claimed Marks 0.084ms
[2026-03-19T14:52:03.850+0800][81.978s][info][gc,marking  ] GC(216) Concurrent Scan Root Regions
[2026-03-19T14:52:03.851+0800][81.978s][info][gc,marking  ] GC(216) Concurrent Scan Root Regions 0.236ms
[2026-03-19T14:52:03.851+0800][81.978s][info][gc,marking  ] GC(216) Concurrent Mark
[2026-03-19T14:52:03.851+0800][81.978s][info][gc,marking  ] GC(216) Concurrent Mark From Roots
[2026-03-19T14:52:03.851+0800][81.978s][info][gc,task     ] GC(216) Using 3 workers of 3 for marking
[2026-03-19T14:52:03.859+0800][81.985s][info][gc,marking  ] GC(216) Concurrent Mark From Roots 7.464ms
[2026-03-19T14:52:03.859+0800][81.986s][info][gc,marking  ] GC(216) Concurrent Preclean
[2026-03-19T14:52:03.859+0800][81.986s][info][gc,marking  ] GC(216) Concurrent Preclean 0.503ms
[2026-03-19T14:52:03.860+0800][81.986s][info][gc,start    ] GC(216) Pause Remark
[2026-03-19T14:52:03.867+0800][81.994s][info][gc          ] GC(216) Pause Remark 109M->38M(128M) 7.200ms
[2026-03-19T14:52:03.867+0800][81.994s][info][gc,cpu      ] GC(216) User=0.00s Sys=0.00s Real=0.01s
[2026-03-19T14:52:03.867+0800][81.994s][info][gc,marking  ] GC(216) Concurrent Mark 16.067ms
[2026-03-19T14:52:03.867+0800][81.994s][info][gc,marking  ] GC(216) Concurrent Rebuild Remembered Sets
[2026-03-19T14:52:03.871+0800][81.998s][info][gc,marking  ] GC(216) Concurrent Rebuild Remembered Sets 3.945ms
[2026-03-19T14:52:03.871+0800][81.999s][info][gc,start    ] GC(216) Pause Cleanup
[2026-03-19T14:52:03.871+0800][81.999s][info][gc          ] GC(216) Pause Cleanup 38M->38M(128M) 0.247ms
[2026-03-19T14:52:03.873+0800][81.999s][info][gc,cpu      ] GC(216) User=0.00s Sys=0.00s Real=0.00s
[2026-03-19T14:52:03.873+0800][81.999s][info][gc,marking  ] GC(216) Concurrent Cleanup for Next Mark
[2026-03-19T14:52:03.873+0800][82.000s][info][gc,marking  ] GC(216) Concurrent Cleanup for Next Mark 0.439ms
[2026-03-19T14:52:03.873+0800][82.000s][info][gc          ] GC(216) Concurrent Mark Cycle 22.599ms
[2026-03-19T14:52:04.485+0800][82.612s][info][gc,start    ] GC(217) Pause Young (Prepare Mixed) (G1 Evacuation Pause)
[2026-03-19T14:52:04.485+0800][82.613s][info][gc,task     ] GC(217) Using 3 workers of 13 for evacuation
[2026-03-19T14:52:04.488+0800][82.615s][info][gc,phases   ] GC(217)   Pre Evacuate Collection Set: 0.2ms
[2026-03-19T14:52:04.488+0800][82.615s][info][gc,phases   ] GC(217)   Merge Heap Roots: 0.1ms
[2026-03-19T14:52:04.488+0800][82.615s][info][gc,phases   ] GC(217)   Evacuate Collection Set: 1.0ms
[2026-03-19T14:52:04.488+0800][82.615s][info][gc,phases   ] GC(217)   Post Evacuate Collection Set: 0.4ms
[2026-03-19T14:52:04.488+0800][82.615s][info][gc,phases   ] GC(217)   Other: 0.5ms
[2026-03-19T14:52:04.489+0800][82.615s][info][gc,heap     ] GC(217) Eden regions: 8->0(5)
[2026-03-19T14:52:04.489+0800][82.615s][info][gc,heap     ] GC(217) Survivor regions: 0->1(1)
[2026-03-19T14:52:04.489+0800][82.615s][info][gc,heap     ] GC(217) Old regions: 21->21
[2026-03-19T14:52:04.489+0800][82.615s][info][gc,heap     ] GC(217) Archive regions: 0->0
[2026-03-19T14:52:04.489+0800][82.615s][info][gc,heap     ] GC(217) Humongous regions: 29->29
[2026-03-19T14:52:04.489+0800][82.615s][info][gc,metaspace] GC(217) Metaspace: 24063K(24512K)->24063K(24512K) NonClass: 21295K(21568K)->21295K(21568K) Class: 2767K(2944K)->2767K(2944K)
[2026-03-19T14:52:04.489+0800][82.615s][info][gc          ] GC(217) Pause Young (Prepare Mixed) (G1 Evacuation Pause) 57M->50M(128M) 2.861ms
[2026-03-19T14:52:04.489+0800][82.615s][info][gc,cpu      ] GC(217) User=0.00s Sys=0.00s Real=0.00s
[2026-03-19T14:52:05.119+0800][83.246s][info][gc,start    ] GC(218) Pause Young (Mixed) (G1 Evacuation Pause)
[2026-03-19T14:52:05.119+0800][83.246s][info][gc,task     ] GC(218) Using 3 workers of 13 for evacuation
[2026-03-19T14:52:05.122+0800][83.249s][info][gc,phases   ] GC(218)   Pre Evacuate Collection Set: 0.2ms
[2026-03-19T14:52:05.122+0800][83.249s][info][gc,phases   ] GC(218)   Merge Heap Roots: 0.2ms
[2026-03-19T14:52:05.122+0800][83.249s][info][gc,phases   ] GC(218)   Evacuate Collection Set: 1.5ms
[2026-03-19T14:52:05.122+0800][83.249s][info][gc,phases   ] GC(218)   Post Evacuate Collection Set: 0.7ms
[2026-03-19T14:52:05.122+0800][83.249s][info][gc,phases   ] GC(218)   Other: 0.3ms
[2026-03-19T14:52:05.123+0800][83.249s][info][gc,heap     ] GC(218) Eden regions: 5->0(37)
[2026-03-19T14:52:05.123+0800][83.249s][info][gc,heap     ] GC(218) Survivor regions: 1->1(1)
[2026-03-19T14:52:05.123+0800][83.249s][info][gc,heap     ] GC(218) Old regions: 21->20
[2026-03-19T14:52:05.123+0800][83.250s][info][gc,heap     ] GC(218) Archive regions: 0->0
[2026-03-19T14:52:05.123+0800][83.250s][info][gc,heap     ] GC(218) Humongous regions: 48->48
[2026-03-19T14:52:05.123+0800][83.250s][info][gc,metaspace] GC(218) Metaspace: 24063K(24512K)->24063K(24512K) NonClass: 21295K(21568K)->21295K(21568K) Class: 2767K(2944K)->2767K(2944K)
[2026-03-19T14:52:05.123+0800][83.250s][info][gc          ] GC(218) Pause Young (Mixed) (G1 Evacuation Pause) 74M->67M(128M) 3.378ms
[2026-03-19T14:52:05.123+0800][83.250s][info][gc,cpu      ] GC(218) User=0.00s Sys=0.00s Real=0.00s
[2026-03-19T14:52:05.124+0800][83.251s][info][gc,start    ] GC(219) Pause Young (Concurrent Start) (G1 Humongous Allocation)
[2026-03-19T14:52:05.124+0800][83.251s][info][gc,task     ] GC(219) Using 3 workers of 13 for evacuation
[2026-03-19T14:52:05.127+0800][83.253s][info][gc,phases   ] GC(219)   Pre Evacuate Collection Set: 0.2ms
[2026-03-19T14:52:05.127+0800][83.253s][info][gc,phases   ] GC(219)   Merge Heap Roots: 0.2ms
[2026-03-19T14:52:05.127+0800][83.253s][info][gc,phases   ] GC(219)   Evacuate Collection Set: 0.7ms
[2026-03-19T14:52:05.127+0800][83.253s][info][gc,phases   ] GC(219)   Post Evacuate Collection Set: 0.6ms
[2026-03-19T14:52:05.127+0800][83.253s][info][gc,phases   ] GC(219)   Other: 0.3ms
[2026-03-19T14:52:05.127+0800][83.253s][info][gc,heap     ] GC(219) Eden regions: 3->0(26)
[2026-03-19T14:52:05.127+0800][83.254s][info][gc,heap     ] GC(219) Survivor regions: 1->2(5)
[2026-03-19T14:52:05.127+0800][83.254s][info][gc,heap     ] GC(219) Old regions: 20->20
[2026-03-19T14:52:05.127+0800][83.254s][info][gc,heap     ] GC(219) Archive regions: 0->0
[2026-03-19T14:52:05.127+0800][83.254s][info][gc,heap     ] GC(219) Humongous regions: 48->48
[2026-03-19T14:52:05.127+0800][83.254s][info][gc,metaspace] GC(219) Metaspace: 24063K(24512K)->24063K(24512K) NonClass: 21295K(21568K)->21295K(21568K) Class: 2767K(2944K)->2767K(2944K)
[2026-03-19T14:52:05.127+0800][83.254s][info][gc          ] GC(219) Pause Young (Concurrent Start) (G1 Humongous Allocation) 70M->69M(128M) 2.570ms
[2026-03-19T14:52:05.127+0800][83.254s][info][gc,cpu      ] GC(219) User=0.00s Sys=0.00s Real=0.00s
[2026-03-19T14:52:05.127+0800][83.254s][info][gc          ] GC(220) Concurrent Mark Cycle
[2026-03-19T14:52:05.127+0800][83.254s][info][gc,marking  ] GC(220) Concurrent Clear Claimed Marks
[2026-03-19T14:52:05.127+0800][83.254s][info][gc,marking  ] GC(220) Concurrent Clear Claimed Marks 0.060ms
[2026-03-19T14:52:05.127+0800][83.254s][info][gc,marking  ] GC(220) Concurrent Scan Root Regions
[2026-03-19T14:52:05.128+0800][83.254s][info][gc,marking  ] GC(220) Concurrent Scan Root Regions 0.289ms
[2026-03-19T14:52:05.128+0800][83.255s][info][gc,marking  ] GC(220) Concurrent Mark
[2026-03-19T14:52:05.128+0800][83.255s][info][gc,marking  ] GC(220) Concurrent Mark From Roots
[2026-03-19T14:52:05.128+0800][83.255s][info][gc,task     ] GC(220) Using 3 workers of 3 for marking
[2026-03-19T14:52:05.137+0800][83.264s][info][gc,marking  ] GC(220) Concurrent Mark From Roots 9.277ms
[2026-03-19T14:52:05.138+0800][83.264s][info][gc,marking  ] GC(220) Concurrent Preclean
[2026-03-19T14:52:05.138+0800][83.265s][info][gc,marking  ] GC(220) Concurrent Preclean 0.466ms
[2026-03-19T14:52:05.139+0800][83.265s][info][gc,start    ] GC(220) Pause Remark
[2026-03-19T14:52:05.143+0800][83.270s][info][gc          ] GC(220) Pause Remark 80M->41M(128M) 4.759ms
[2026-03-19T14:52:05.144+0800][83.270s][info][gc,cpu      ] GC(220) User=0.00s Sys=0.00s Real=0.01s
[2026-03-19T14:52:05.144+0800][83.270s][info][gc,marking  ] GC(220) Concurrent Mark 15.477ms
[2026-03-19T14:52:05.144+0800][83.270s][info][gc,marking  ] GC(220) Concurrent Rebuild Remembered Sets
[2026-03-19T14:52:05.147+0800][83.274s][info][gc,marking  ] GC(220) Concurrent Rebuild Remembered Sets 3.839ms
[2026-03-19T14:52:05.147+0800][83.275s][info][gc,start    ] GC(220) Pause Cleanup
[2026-03-19T14:52:05.148+0800][83.275s][info][gc          ] GC(220) Pause Cleanup 41M->41M(128M) 0.353ms
[2026-03-19T14:52:05.148+0800][83.275s][info][gc,cpu      ] GC(220) User=0.00s Sys=0.00s Real=0.00s
[2026-03-19T14:52:05.148+0800][83.275s][info][gc,marking  ] GC(220) Concurrent Cleanup for Next Mark
[2026-03-19T14:52:05.149+0800][83.276s][info][gc,marking  ] GC(220) Concurrent Cleanup for Next Mark 0.414ms
[2026-03-19T14:52:05.149+0800][83.276s][info][gc          ] GC(220) Concurrent Mark Cycle 21.927ms
[2026-03-19T14:52:07.022+0800][85.149s][info][gc,start    ] GC(221) Pause Young (Prepare Mixed) (G1 Preventive Collection)
[2026-03-19T14:52:07.022+0800][85.149s][info][gc,task     ] GC(221) Using 3 workers of 13 for evacuation
[2026-03-19T14:52:07.023+0800][85.150s][info][gc,phases   ] GC(221)   Pre Evacuate Collection Set: 0.1ms
[2026-03-19T14:52:07.023+0800][85.150s][info][gc,phases   ] GC(221)   Merge Heap Roots: 0.1ms
[2026-03-19T14:52:07.023+0800][85.150s][info][gc,phases   ] GC(221)   Evacuate Collection Set: 0.5ms
[2026-03-19T14:52:07.023+0800][85.150s][info][gc,phases   ] GC(221)   Post Evacuate Collection Set: 0.6ms
[2026-03-19T14:52:07.023+0800][85.150s][info][gc,phases   ] GC(221)   Other: 0.3ms
[2026-03-19T14:52:07.023+0800][85.151s][info][gc,heap     ] GC(221) Eden regions: 25->0(4)
[2026-03-19T14:52:07.024+0800][85.151s][info][gc,heap     ] GC(221) Survivor regions: 2->2(4)
[2026-03-19T14:52:07.024+0800][85.151s][info][gc,heap     ] GC(221) Old regions: 20->20
[2026-03-19T14:52:07.024+0800][85.151s][info][gc,heap     ] GC(221) Archive regions: 0->0
[2026-03-19T14:52:07.024+0800][85.151s][info][gc,heap     ] GC(221) Humongous regions: 70->70
[2026-03-19T14:52:07.024+0800][85.151s][info][gc,metaspace] GC(221) Metaspace: 24063K(24512K)->24063K(24512K) NonClass: 21296K(21568K)->21296K(21568K) Class: 2767K(2944K)->2767K(2944K)
[2026-03-19T14:52:07.024+0800][85.151s][info][gc          ] GC(221) Pause Young (Prepare Mixed) (G1 Preventive Collection) 115M->90M(128M) 2.259ms
[2026-03-19T14:52:07.024+0800][85.151s][info][gc,cpu      ] GC(221) User=0.00s Sys=0.00s Real=0.00s
[2026-03-19T14:52:07.335+0800][85.462s][info][gc,start    ] GC(222) Pause Young (Mixed) (G1 Evacuation Pause)
[2026-03-19T14:52:07.335+0800][85.462s][info][gc,task     ] GC(222) Using 3 workers of 13 for evacuation
[2026-03-19T14:52:07.337+0800][85.464s][info][gc,phases   ] GC(222)   Pre Evacuate Collection Set: 0.3ms
[2026-03-19T14:52:07.337+0800][85.464s][info][gc,phases   ] GC(222)   Merge Heap Roots: 0.2ms
[2026-03-19T14:52:07.337+0800][85.464s][info][gc,phases   ] GC(222)   Evacuate Collection Set: 0.6ms
[2026-03-19T14:52:07.337+0800][85.464s][info][gc,phases   ] GC(222)   Post Evacuate Collection Set: 0.6ms
[2026-03-19T14:52:07.337+0800][85.464s][info][gc,phases   ] GC(222)   Other: 0.5ms
[2026-03-19T14:52:07.337+0800][85.464s][info][gc,heap     ] GC(222) Eden regions: 4->0(9)
[2026-03-19T14:52:07.338+0800][85.464s][info][gc,heap     ] GC(222) Survivor regions: 2->1(1)
[2026-03-19T14:52:07.338+0800][85.464s][info][gc,heap     ] GC(222) Old regions: 20->19
[2026-03-19T14:52:07.338+0800][85.464s][info][gc,heap     ] GC(222) Archive regions: 0->0
[2026-03-19T14:52:07.338+0800][85.464s][info][gc,heap     ] GC(222) Humongous regions: 80->80
[2026-03-19T14:52:07.338+0800][85.464s][info][gc,metaspace] GC(222) Metaspace: 24063K(24512K)->24063K(24512K) NonClass: 21296K(21568K)->21296K(21568K) Class: 2767K(2944K)->2767K(2944K)
[2026-03-19T14:52:07.338+0800][85.464s][info][gc          ] GC(222) Pause Young (Mixed) (G1 Evacuation Pause) 104M->99M(128M) 2.806ms
[2026-03-19T14:52:07.338+0800][85.464s][info][gc,cpu      ] GC(222) User=0.00s Sys=0.00s Real=0.00s
[2026-03-19T14:52:07.339+0800][85.465s][info][gc,start    ] GC(223) Pause Young (Concurrent Start) (G1 Humongous Allocation)
[2026-03-19T14:52:07.339+0800][85.465s][info][gc,task     ] GC(223) Using 3 workers of 13 for evacuation
[2026-03-19T14:52:07.341+0800][85.467s][info][gc,phases   ] GC(223)   Pre Evacuate Collection Set: 0.2ms
[2026-03-19T14:52:07.341+0800][85.468s][info][gc,phases   ] GC(223)   Merge Heap Roots: 0.2ms
[2026-03-19T14:52:07.341+0800][85.468s][info][gc,phases   ] GC(223)   Evacuate Collection Set: 0.7ms
[2026-03-19T14:52:07.341+0800][85.468s][info][gc,phases   ] GC(223)   Post Evacuate Collection Set: 0.8ms
[2026-03-19T14:52:07.341+0800][85.468s][info][gc,phases   ] GC(223)   Other: 0.4ms
[2026-03-19T14:52:07.342+0800][85.468s][info][gc,heap     ] GC(223) Eden regions: 1->0(9)
[2026-03-19T14:52:07.342+0800][85.468s][info][gc,heap     ] GC(223) Survivor regions: 1->2(2)
[2026-03-19T14:52:07.342+0800][85.468s][info][gc,heap     ] GC(223) Old regions: 19->19
[2026-03-19T14:52:07.342+0800][85.468s][info][gc,heap     ] GC(223) Archive regions: 0->0
[2026-03-19T14:52:07.342+0800][85.468s][info][gc,heap     ] GC(223) Humongous regions: 80->80
[2026-03-19T14:52:07.342+0800][85.468s][info][gc,metaspace] GC(223) Metaspace: 24063K(24512K)->24063K(24512K) NonClass: 21296K(21568K)->21296K(21568K) Class: 2767K(2944K)->2767K(2944K)
[2026-03-19T14:52:07.342+0800][85.468s][info][gc          ] GC(223) Pause Young (Concurrent Start) (G1 Humongous Allocation) 99M->99M(128M) 3.250ms
[2026-03-19T14:52:07.342+0800][85.468s][info][gc,cpu      ] GC(223) User=0.00s Sys=0.00s Real=0.00s
[2026-03-19T14:52:07.342+0800][85.469s][info][gc          ] GC(224) Concurrent Mark Cycle
[2026-03-19T14:52:07.342+0800][85.469s][info][gc,marking  ] GC(224) Concurrent Clear Claimed Marks
[2026-03-19T14:52:07.343+0800][85.469s][info][gc,marking  ] GC(224) Concurrent Clear Claimed Marks 0.134ms
[2026-03-19T14:52:07.343+0800][85.469s][info][gc,marking  ] GC(224) Concurrent Scan Root Regions
[2026-03-19T14:52:07.343+0800][85.469s][info][gc,marking  ] GC(224) Concurrent Scan Root Regions 0.364ms
[2026-03-19T14:52:07.343+0800][85.470s][info][gc,marking  ] GC(224) Concurrent Mark
[2026-03-19T14:52:07.343+0800][85.470s][info][gc,marking  ] GC(224) Concurrent Mark From Roots
[2026-03-19T14:52:07.343+0800][85.470s][info][gc,task     ] GC(224) Using 3 workers of 3 for marking
[2026-03-19T14:52:07.354+0800][85.480s][info][gc,marking  ] GC(224) Concurrent Mark From Roots 10.727ms
[2026-03-19T14:52:07.354+0800][85.481s][info][gc,marking  ] GC(224) Concurrent Preclean
[2026-03-19T14:52:07.354+0800][85.481s][info][gc,marking  ] GC(224) Concurrent Preclean 0.494ms
[2026-03-19T14:52:07.355+0800][85.482s][info][gc,start    ] GC(224) Pause Remark
[2026-03-19T14:52:07.360+0800][85.487s][info][gc          ] GC(224) Pause Remark 108M->38M(128M) 5.112ms
[2026-03-19T14:52:07.360+0800][85.487s][info][gc,cpu      ] GC(224) User=0.05s Sys=0.00s Real=0.00s
[2026-03-19T14:52:07.361+0800][85.487s][info][gc,marking  ] GC(224) Concurrent Mark 17.570ms
[2026-03-19T14:52:07.361+0800][85.487s][info][gc,marking  ] GC(224) Concurrent Rebuild Remembered Sets
[2026-03-19T14:52:07.363+0800][85.490s][info][gc,marking  ] GC(224) Concurrent Rebuild Remembered Sets 2.666ms
[2026-03-19T14:52:07.364+0800][85.490s][info][gc,start    ] GC(224) Pause Cleanup
[2026-03-19T14:52:07.364+0800][85.491s][info][gc          ] GC(224) Pause Cleanup 38M->38M(128M) 0.230ms
[2026-03-19T14:52:07.364+0800][85.491s][info][gc,cpu      ] GC(224) User=0.00s Sys=0.00s Real=0.00s
[2026-03-19T14:52:07.364+0800][85.491s][info][gc,marking  ] GC(224) Concurrent Cleanup for Next Mark
[2026-03-19T14:52:07.365+0800][85.492s][info][gc,marking  ] GC(224) Concurrent Cleanup for Next Mark 0.460ms
[2026-03-19T14:52:07.365+0800][85.492s][info][gc          ] GC(224) Concurrent Mark Cycle 23.127ms
[2026-03-19T14:52:08.291+0800][86.417s][info][gc,start    ] GC(225) Pause Young (Prepare Mixed) (G1 Evacuation Pause)
[2026-03-19T14:52:08.291+0800][86.417s][info][gc,task     ] GC(225) Using 3 workers of 13 for evacuation
[2026-03-19T14:52:08.293+0800][86.420s][info][gc,phases   ] GC(225)   Pre Evacuate Collection Set: 0.2ms
[2026-03-19T14:52:08.293+0800][86.420s][info][gc,phases   ] GC(225)   Merge Heap Roots: 0.3ms
[2026-03-19T14:52:08.293+0800][86.420s][info][gc,phases   ] GC(225)   Evacuate Collection Set: 0.7ms
[2026-03-19T14:52:08.293+0800][86.420s][info][gc,phases   ] GC(225)   Post Evacuate Collection Set: 0.7ms
[2026-03-19T14:52:08.293+0800][86.420s][info][gc,phases   ] GC(225)   Other: 0.3ms
[2026-03-19T14:52:08.293+0800][86.420s][info][gc,heap     ] GC(225) Eden regions: 9->0(5)
[2026-03-19T14:52:08.293+0800][86.420s][info][gc,heap     ] GC(225) Survivor regions: 2->1(2)
[2026-03-19T14:52:08.293+0800][86.420s][info][gc,heap     ] GC(225) Old regions: 19->19
[2026-03-19T14:52:08.293+0800][86.420s][info][gc,heap     ] GC(225) Archive regions: 0->0
[2026-03-19T14:52:08.293+0800][86.420s][info][gc,heap     ] GC(225) Humongous regions: 39->39
[2026-03-19T14:52:08.293+0800][86.420s][info][gc,metaspace] GC(225) Metaspace: 24068K(24512K)->24068K(24512K) NonClass: 21300K(21568K)->21300K(21568K) Class: 2767K(2944K)->2767K(2944K)
[2026-03-19T14:52:08.294+0800][86.420s][info][gc          ] GC(225) Pause Young (Prepare Mixed) (G1 Evacuation Pause) 67M->58M(128M) 2.794ms
[2026-03-19T14:52:08.294+0800][86.420s][info][gc,cpu      ] GC(225) User=0.00s Sys=0.00s Real=0.00s
[2026-03-19T14:52:08.618+0800][86.744s][info][gc,start    ] GC(226) Pause Young (Mixed) (G1 Evacuation Pause)
[2026-03-19T14:52:08.618+0800][86.745s][info][gc,task     ] GC(226) Using 3 workers of 13 for evacuation
[2026-03-19T14:52:08.620+0800][86.746s][info][gc,phases   ] GC(226)   Pre Evacuate Collection Set: 0.2ms
[2026-03-19T14:52:08.620+0800][86.746s][info][gc,phases   ] GC(226)   Merge Heap Roots: 0.1ms
[2026-03-19T14:52:08.620+0800][86.746s][info][gc,phases   ] GC(226)   Evacuate Collection Set: 0.7ms
[2026-03-19T14:52:08.620+0800][86.746s][info][gc,phases   ] GC(226)   Post Evacuate Collection Set: 0.6ms
[2026-03-19T14:52:08.620+0800][86.747s][info][gc,phases   ] GC(226)   Other: 0.3ms
[2026-03-19T14:52:08.620+0800][86.747s][info][gc,heap     ] GC(226) Eden regions: 5->0(33)
[2026-03-19T14:52:08.620+0800][86.747s][info][gc,heap     ] GC(226) Survivor regions: 1->1(1)
[2026-03-19T14:52:08.620+0800][86.747s][info][gc,heap     ] GC(226) Old regions: 19->19
[2026-03-19T14:52:08.620+0800][86.747s][info][gc,heap     ] GC(226) Archive regions: 0->0
[2026-03-19T14:52:08.620+0800][86.747s][info][gc,heap     ] GC(226) Humongous regions: 49->49
[2026-03-19T14:52:08.620+0800][86.747s][info][gc,metaspace] GC(226) Metaspace: 24068K(24512K)->24068K(24512K) NonClass: 21300K(21568K)->21300K(21568K) Class: 2767K(2944K)->2767K(2944K)
[2026-03-19T14:52:08.620+0800][86.747s][info][gc          ] GC(226) Pause Young (Mixed) (G1 Evacuation Pause) 73M->68M(128M) 2.510ms
[2026-03-19T14:52:08.620+0800][86.747s][info][gc,cpu      ] GC(226) User=0.00s Sys=0.00s Real=0.00s
[2026-03-19T14:52:08.622+0800][86.748s][info][gc,start    ] GC(227) Pause Young (Concurrent Start) (G1 Humongous Allocation)
[2026-03-19T14:52:08.622+0800][86.748s][info][gc,task     ] GC(227) Using 3 workers of 13 for evacuation
[2026-03-19T14:52:08.624+0800][86.750s][info][gc,phases   ] GC(227)   Pre Evacuate Collection Set: 0.1ms
[2026-03-19T14:52:08.624+0800][86.750s][info][gc,phases   ] GC(227)   Merge Heap Roots: 0.1ms
[2026-03-19T14:52:08.624+0800][86.750s][info][gc,phases   ] GC(227)   Evacuate Collection Set: 0.7ms
[2026-03-19T14:52:08.624+0800][86.750s][info][gc,phases   ] GC(227)   Post Evacuate Collection Set: 0.7ms
[2026-03-19T14:52:08.624+0800][86.750s][info][gc,phases   ] GC(227)   Other: 0.3ms
[2026-03-19T14:52:08.624+0800][86.750s][info][gc,heap     ] GC(227) Eden regions: 2->0(33)
[2026-03-19T14:52:08.624+0800][86.750s][info][gc,heap     ] GC(227) Survivor regions: 1->2(5)
[2026-03-19T14:52:08.624+0800][86.750s][info][gc,heap     ] GC(227) Old regions: 19->19
[2026-03-19T14:52:08.624+0800][86.751s][info][gc,heap     ] GC(227) Archive regions: 0->0
[2026-03-19T14:52:08.624+0800][86.751s][info][gc,heap     ] GC(227) Humongous regions: 49->49
[2026-03-19T14:52:08.624+0800][86.751s][info][gc,metaspace] GC(227) Metaspace: 24068K(24512K)->24068K(24512K) NonClass: 21300K(21568K)->21300K(21568K) Class: 2767K(2944K)->2767K(2944K)
[2026-03-19T14:52:08.624+0800][86.751s][info][gc          ] GC(227) Pause Young (Concurrent Start) (G1 Humongous Allocation) 70M->69M(128M) 2.448ms
[2026-03-19T14:52:08.624+0800][86.751s][info][gc,cpu      ] GC(227) User=0.03s Sys=0.00s Real=0.00s
[2026-03-19T14:52:08.624+0800][86.751s][info][gc          ] GC(228) Concurrent Mark Cycle
[2026-03-19T14:52:08.624+0800][86.751s][info][gc,marking  ] GC(228) Concurrent Clear Claimed Marks
[2026-03-19T14:52:08.624+0800][86.751s][info][gc,marking  ] GC(228) Concurrent Clear Claimed Marks 0.048ms
[2026-03-19T14:52:08.624+0800][86.751s][info][gc,marking  ] GC(228) Concurrent Scan Root Regions
[2026-03-19T14:52:08.625+0800][86.751s][info][gc,marking  ] GC(228) Concurrent Scan Root Regions 0.228ms
[2026-03-19T14:52:08.625+0800][86.751s][info][gc,marking  ] GC(228) Concurrent Mark
[2026-03-19T14:52:08.625+0800][86.751s][info][gc,marking  ] GC(228) Concurrent Mark From Roots
[2026-03-19T14:52:08.625+0800][86.751s][info][gc,task     ] GC(228) Using 3 workers of 3 for marking
[2026-03-19T14:52:08.633+0800][86.760s][info][gc,marking  ] GC(228) Concurrent Mark From Roots 8.389ms
[2026-03-19T14:52:08.634+0800][86.760s][info][gc,marking  ] GC(228) Concurrent Preclean
[2026-03-19T14:52:08.634+0800][86.761s][info][gc,marking  ] GC(228) Concurrent Preclean 0.558ms
[2026-03-19T14:52:08.635+0800][86.761s][info][gc,start    ] GC(228) Pause Remark
[2026-03-19T14:52:08.638+0800][86.765s][info][gc          ] GC(228) Pause Remark 80M->40M(128M) 3.787ms
[2026-03-19T14:52:08.638+0800][86.765s][info][gc,cpu      ] GC(228) User=0.00s Sys=0.00s Real=0.00s
[2026-03-19T14:52:08.638+0800][86.765s][info][gc,marking  ] GC(228) Concurrent Mark 13.802ms
[2026-03-19T14:52:08.638+0800][86.765s][info][gc,marking  ] GC(228) Concurrent Rebuild Remembered Sets
[2026-03-19T14:52:08.642+0800][86.769s][info][gc,marking  ] GC(228) Concurrent Rebuild Remembered Sets 3.792ms
[2026-03-19T14:52:08.643+0800][86.770s][info][gc,start    ] GC(228) Pause Cleanup
[2026-03-19T14:52:08.643+0800][86.770s][info][gc          ] GC(228) Pause Cleanup 40M->40M(128M) 0.385ms
[2026-03-19T14:52:08.643+0800][86.770s][info][gc,cpu      ] GC(228) User=0.00s Sys=0.00s Real=0.00s
[2026-03-19T14:52:08.644+0800][86.770s][info][gc,marking  ] GC(228) Concurrent Cleanup for Next Mark
[2026-03-19T14:52:08.644+0800][86.771s][info][gc,marking  ] GC(228) Concurrent Cleanup for Next Mark 0.300ms
[2026-03-19T14:52:08.644+0800][86.771s][info][gc          ] GC(228) Concurrent Mark Cycle 19.930ms
[2026-03-19T14:52:10.515+0800][88.643s][info][gc,start    ] GC(229) Pause Young (Prepare Mixed) (G1 Preventive Collection)
[2026-03-19T14:52:10.517+0800][88.643s][info][gc,task     ] GC(229) Using 3 workers of 13 for evacuation
[2026-03-19T14:52:10.519+0800][88.645s][info][gc,phases   ] GC(229)   Pre Evacuate Collection Set: 0.1ms
[2026-03-19T14:52:10.519+0800][88.645s][info][gc,phases   ] GC(229)   Merge Heap Roots: 0.2ms
[2026-03-19T14:52:10.519+0800][88.645s][info][gc,phases   ] GC(229)   Evacuate Collection Set: 0.6ms
[2026-03-19T14:52:10.519+0800][88.645s][info][gc,phases   ] GC(229)   Post Evacuate Collection Set: 0.9ms
[2026-03-19T14:52:10.519+0800][88.645s][info][gc,phases   ] GC(229)   Other: 0.4ms
[2026-03-19T14:52:10.519+0800][88.645s][info][gc,heap     ] GC(229) Eden regions: 25->0(5)
[2026-03-19T14:52:10.519+0800][88.645s][info][gc,heap     ] GC(229) Survivor regions: 2->1(5)
[2026-03-19T14:52:10.519+0800][88.645s][info][gc,heap     ] GC(229) Old regions: 19->19
[2026-03-19T14:52:10.519+0800][88.646s][info][gc,heap     ] GC(229) Archive regions: 0->0
[2026-03-19T14:52:10.519+0800][88.646s][info][gc,heap     ] GC(229) Humongous regions: 75->75
[2026-03-19T14:52:10.519+0800][88.646s][info][gc,metaspace] GC(229) Metaspace: 24073K(24512K)->24073K(24512K) NonClass: 21306K(21568K)->21306K(21568K) Class: 2767K(2944K)->2767K(2944K)
[2026-03-19T14:52:10.519+0800][88.646s][info][gc          ] GC(229) Pause Young (Prepare Mixed) (G1 Preventive Collection) 120M->93M(128M) 2.857ms
[2026-03-19T14:52:10.519+0800][88.646s][info][gc,cpu      ] GC(229) User=0.00s Sys=0.00s Real=0.00s
[2026-03-19T14:52:11.143+0800][89.270s][info][gc,start    ] GC(230) Pause Young (Mixed) (G1 Evacuation Pause)
[2026-03-19T14:52:11.144+0800][89.271s][info][gc,task     ] GC(230) Using 3 workers of 13 for evacuation
[2026-03-19T14:52:11.145+0800][89.273s][info][gc,phases   ] GC(230)   Pre Evacuate Collection Set: 0.2ms
[2026-03-19T14:52:11.145+0800][89.273s][info][gc,phases   ] GC(230)   Merge Heap Roots: 0.2ms
[2026-03-19T14:52:11.147+0800][89.273s][info][gc,phases   ] GC(230)   Evacuate Collection Set: 0.8ms
[2026-03-19T14:52:11.147+0800][89.273s][info][gc,phases   ] GC(230)   Post Evacuate Collection Set: 0.7ms
[2026-03-19T14:52:11.147+0800][89.273s][info][gc,phases   ] GC(230)   Other: 0.4ms
[2026-03-19T14:52:11.147+0800][89.273s][info][gc,heap     ] GC(230) Eden regions: 5->0(5)
[2026-03-19T14:52:11.147+0800][89.273s][info][gc,heap     ] GC(230) Survivor regions: 1->1(1)
[2026-03-19T14:52:11.147+0800][89.273s][info][gc,heap     ] GC(230) Old regions: 19->19
[2026-03-19T14:52:11.147+0800][89.273s][info][gc,heap     ] GC(230) Archive regions: 0->0
[2026-03-19T14:52:11.147+0800][89.273s][info][gc,heap     ] GC(230) Humongous regions: 89->89
[2026-03-19T14:52:11.147+0800][89.273s][info][gc,metaspace] GC(230) Metaspace: 24077K(24512K)->24077K(24512K) NonClass: 21310K(21568K)->21310K(21568K) Class: 2767K(2944K)->2767K(2944K)
[2026-03-19T14:52:11.147+0800][89.274s][info][gc          ] GC(230) Pause Young (Mixed) (G1 Evacuation Pause) 112M->108M(128M) 3.150ms
[2026-03-19T14:52:11.147+0800][89.274s][info][gc,cpu      ] GC(230) User=0.00s Sys=0.00s Real=0.00s
[2026-03-19T14:52:11.150+0800][89.276s][info][gc,start    ] GC(231) Pause Young (Concurrent Start) (G1 Humongous Allocation)
[2026-03-19T14:52:11.150+0800][89.276s][info][gc,task     ] GC(231) Using 3 workers of 13 for evacuation
[2026-03-19T14:52:11.152+0800][89.278s][info][gc,phases   ] GC(231)   Pre Evacuate Collection Set: 0.2ms
[2026-03-19T14:52:11.152+0800][89.278s][info][gc,phases   ] GC(231)   Merge Heap Roots: 0.1ms
[2026-03-19T14:52:11.152+0800][89.278s][info][gc,phases   ] GC(231)   Evacuate Collection Set: 0.7ms
[2026-03-19T14:52:11.152+0800][89.278s][info][gc,phases   ] GC(231)   Post Evacuate Collection Set: 0.5ms
[2026-03-19T14:52:11.152+0800][89.278s][info][gc,phases   ] GC(231)   Other: 0.5ms
[2026-03-19T14:52:11.152+0800][89.278s][info][gc,heap     ] GC(231) Eden regions: 3->0(5)
[2026-03-19T14:52:11.152+0800][89.278s][info][gc,heap     ] GC(231) Survivor regions: 1->1(1)
[2026-03-19T14:52:11.152+0800][89.279s][info][gc,heap     ] GC(231) Old regions: 19->20
[2026-03-19T14:52:11.152+0800][89.279s][info][gc,heap     ] GC(231) Archive regions: 0->0
[2026-03-19T14:52:11.152+0800][89.279s][info][gc,heap     ] GC(231) Humongous regions: 89->89
[2026-03-19T14:52:11.152+0800][89.279s][info][gc,metaspace] GC(231) Metaspace: 24077K(24512K)->24077K(24512K) NonClass: 21310K(21568K)->21310K(21568K) Class: 2767K(2944K)->2767K(2944K)
[2026-03-19T14:52:11.153+0800][89.279s][info][gc          ] GC(231) Pause Young (Concurrent Start) (G1 Humongous Allocation) 110M->109M(128M) 2.821ms
[2026-03-19T14:52:11.153+0800][89.279s][info][gc,cpu      ] GC(231) User=0.00s Sys=0.00s Real=0.00s
[2026-03-19T14:52:11.153+0800][89.279s][info][gc          ] GC(232) Concurrent Mark Cycle
[2026-03-19T14:52:11.153+0800][89.279s][info][gc,marking  ] GC(232) Concurrent Clear Claimed Marks
[2026-03-19T14:52:11.153+0800][89.279s][info][gc,marking  ] GC(232) Concurrent Clear Claimed Marks 0.068ms
[2026-03-19T14:52:11.153+0800][89.280s][info][gc,marking  ] GC(232) Concurrent Scan Root Regions
[2026-03-19T14:52:11.153+0800][89.280s][info][gc,marking  ] GC(232) Concurrent Scan Root Regions 0.208ms
[2026-03-19T14:52:11.153+0800][89.280s][info][gc,marking  ] GC(232) Concurrent Mark
[2026-03-19T14:52:11.153+0800][89.280s][info][gc,marking  ] GC(232) Concurrent Mark From Roots
[2026-03-19T14:52:11.153+0800][89.280s][info][gc,task     ] GC(232) Using 3 workers of 3 for marking
[2026-03-19T14:52:11.162+0800][89.289s][info][gc,marking  ] GC(232) Concurrent Mark From Roots 8.714ms
[2026-03-19T14:52:11.162+0800][89.289s][info][gc,marking  ] GC(232) Concurrent Preclean
[2026-03-19T14:52:11.162+0800][89.289s][info][gc,marking  ] GC(232) Concurrent Preclean 0.254ms
[2026-03-19T14:52:11.163+0800][89.289s][info][gc,start    ] GC(232) Pause Remark
[2026-03-19T14:52:11.166+0800][89.293s][info][gc          ] GC(232) Pause Remark 119M->39M(128M) 3.655ms
[2026-03-19T14:52:11.166+0800][89.293s][info][gc,cpu      ] GC(232) User=0.00s Sys=0.00s Real=0.00s
[2026-03-19T14:52:11.167+0800][89.293s][info][gc,marking  ] GC(232) Concurrent Mark 13.331ms
[2026-03-19T14:52:11.167+0800][89.293s][info][gc,marking  ] GC(232) Concurrent Rebuild Remembered Sets
[2026-03-19T14:52:11.169+0800][89.297s][info][gc,marking  ] GC(232) Concurrent Rebuild Remembered Sets 3.511ms
[2026-03-19T14:52:11.171+0800][89.297s][info][gc,start    ] GC(232) Pause Cleanup
[2026-03-19T14:52:11.171+0800][89.298s][info][gc          ] GC(232) Pause Cleanup 39M->39M(128M) 0.362ms
[2026-03-19T14:52:11.171+0800][89.298s][info][gc,cpu      ] GC(232) User=0.00s Sys=0.00s Real=0.00s
[2026-03-19T14:52:11.172+0800][89.298s][info][gc,marking  ] GC(232) Concurrent Cleanup for Next Mark
[2026-03-19T14:52:11.172+0800][89.298s][info][gc,marking  ] GC(232) Concurrent Cleanup for Next Mark 0.360ms
[2026-03-19T14:52:11.172+0800][89.298s][info][gc          ] GC(232) Concurrent Mark Cycle 19.097ms
[2026-03-19T14:52:11.783+0800][89.910s][info][gc,start    ] GC(233) Pause Young (Prepare Mixed) (G1 Evacuation Pause)
[2026-03-19T14:52:11.783+0800][89.911s][info][gc,task     ] GC(233) Using 3 workers of 13 for evacuation
[2026-03-19T14:52:11.785+0800][89.912s][info][gc,phases   ] GC(233)   Pre Evacuate Collection Set: 0.2ms
[2026-03-19T14:52:11.785+0800][89.912s][info][gc,phases   ] GC(233)   Merge Heap Roots: 0.1ms
[2026-03-19T14:52:11.785+0800][89.912s][info][gc,phases   ] GC(233)   Evacuate Collection Set: 0.6ms
[2026-03-19T14:52:11.785+0800][89.913s][info][gc,phases   ] GC(233)   Post Evacuate Collection Set: 0.6ms
[2026-03-19T14:52:11.785+0800][89.913s][info][gc,phases   ] GC(233)   Other: 0.5ms
[2026-03-19T14:52:11.785+0800][89.913s][info][gc,heap     ] GC(233) Eden regions: 5->0(5)
[2026-03-19T14:52:11.785+0800][89.913s][info][gc,heap     ] GC(233) Survivor regions: 1->1(1)
[2026-03-19T14:52:11.785+0800][89.913s][info][gc,heap     ] GC(233) Old regions: 20->20
[2026-03-19T14:52:11.785+0800][89.913s][info][gc,heap     ] GC(233) Archive regions: 0->0
[2026-03-19T14:52:11.785+0800][89.913s][info][gc,heap     ] GC(233) Humongous regions: 29->29
[2026-03-19T14:52:11.785+0800][89.913s][info][gc,metaspace] GC(233) Metaspace: 24082K(24512K)->24082K(24512K) NonClass: 21314K(21568K)->21314K(21568K) Class: 2767K(2944K)->2767K(2944K)
[2026-03-19T14:52:11.785+0800][89.913s][info][gc          ] GC(233) Pause Young (Prepare Mixed) (G1 Evacuation Pause) 54M->48M(128M) 2.763ms
[2026-03-19T14:52:11.787+0800][89.913s][info][gc,cpu      ] GC(233) User=0.00s Sys=0.00s Real=0.00s
[2026-03-19T14:52:12.108+0800][90.235s][info][gc,start    ] GC(234) Pause Young (Mixed) (G1 Evacuation Pause)
[2026-03-19T14:52:12.108+0800][90.235s][info][gc,task     ] GC(234) Using 3 workers of 13 for evacuation
[2026-03-19T14:52:12.110+0800][90.237s][info][gc,phases   ] GC(234)   Pre Evacuate Collection Set: 0.1ms
[2026-03-19T14:52:12.110+0800][90.237s][info][gc,phases   ] GC(234)   Merge Heap Roots: 0.2ms
[2026-03-19T14:52:12.110+0800][90.237s][info][gc,phases   ] GC(234)   Evacuate Collection Set: 1.1ms
[2026-03-19T14:52:12.110+0800][90.237s][info][gc,phases   ] GC(234)   Post Evacuate Collection Set: 0.5ms
[2026-03-19T14:52:12.111+0800][90.237s][info][gc,phases   ] GC(234)   Other: 0.4ms
[2026-03-19T14:52:12.111+0800][90.237s][info][gc,heap     ] GC(234) Eden regions: 5->0(36)
[2026-03-19T14:52:12.111+0800][90.237s][info][gc,heap     ] GC(234) Survivor regions: 1->1(1)
[2026-03-19T14:52:12.111+0800][90.237s][info][gc,heap     ] GC(234) Old regions: 20->19
[2026-03-19T14:52:12.111+0800][90.237s][info][gc,heap     ] GC(234) Archive regions: 0->0
[2026-03-19T14:52:12.111+0800][90.237s][info][gc,heap     ] GC(234) Humongous regions: 39->39
[2026-03-19T14:52:12.111+0800][90.238s][info][gc,metaspace] GC(234) Metaspace: 24082K(24512K)->24082K(24512K) NonClass: 21314K(21568K)->21314K(21568K) Class: 2767K(2944K)->2767K(2944K)
[2026-03-19T14:52:12.111+0800][90.238s][info][gc          ] GC(234) Pause Young (Mixed) (G1 Evacuation Pause) 63M->58M(128M) 2.870ms
[2026-03-19T14:52:12.111+0800][90.238s][info][gc,cpu      ] GC(234) User=0.00s Sys=0.00s Real=0.00s
[2026-03-19T14:52:12.112+0800][90.239s][info][gc,start    ] GC(235) Pause Young (Concurrent Start) (G1 Humongous Allocation)
[2026-03-19T14:52:12.113+0800][90.239s][info][gc,task     ] GC(235) Using 3 workers of 13 for evacuation
[2026-03-19T14:52:12.114+0800][90.241s][info][gc,phases   ] GC(235)   Pre Evacuate Collection Set: 0.1ms
[2026-03-19T14:52:12.114+0800][90.241s][info][gc,phases   ] GC(235)   Merge Heap Roots: 0.1ms
[2026-03-19T14:52:12.115+0800][90.241s][info][gc,phases   ] GC(235)   Evacuate Collection Set: 0.7ms
[2026-03-19T14:52:12.115+0800][90.241s][info][gc,phases   ] GC(235)   Post Evacuate Collection Set: 0.6ms
[2026-03-19T14:52:12.115+0800][90.241s][info][gc,phases   ] GC(235)   Other: 0.3ms
[2026-03-19T14:52:12.115+0800][90.241s][info][gc,heap     ] GC(235) Eden regions: 3->0(33)
[2026-03-19T14:52:12.115+0800][90.241s][info][gc,heap     ] GC(235) Survivor regions: 1->2(5)
[2026-03-19T14:52:12.115+0800][90.241s][info][gc,heap     ] GC(235) Old regions: 19->19
[2026-03-19T14:52:12.115+0800][90.242s][info][gc,heap     ] GC(235) Archive regions: 0->0
[2026-03-19T14:52:12.115+0800][90.242s][info][gc,heap     ] GC(235) Humongous regions: 39->39
[2026-03-19T14:52:12.115+0800][90.242s][info][gc,metaspace] GC(235) Metaspace: 24082K(24512K)->24082K(24512K) NonClass: 21314K(21568K)->21314K(21568K) Class: 2767K(2944K)->2767K(2944K)
[2026-03-19T14:52:12.115+0800][90.242s][info][gc          ] GC(235) Pause Young (Concurrent Start) (G1 Humongous Allocation) 61M->59M(128M) 2.569ms
[2026-03-19T14:52:12.115+0800][90.242s][info][gc,cpu      ] GC(235) User=0.00s Sys=0.00s Real=0.00s
[2026-03-19T14:52:12.115+0800][90.242s][info][gc          ] GC(236) Concurrent Mark Cycle
[2026-03-19T14:52:12.115+0800][90.242s][info][gc,marking  ] GC(236) Concurrent Clear Claimed Marks
[2026-03-19T14:52:12.115+0800][90.242s][info][gc,marking  ] GC(236) Concurrent Clear Claimed Marks 0.079ms
[2026-03-19T14:52:12.115+0800][90.242s][info][gc,marking  ] GC(236) Concurrent Scan Root Regions
[2026-03-19T14:52:12.116+0800][90.242s][info][gc,marking  ] GC(236) Concurrent Scan Root Regions 0.225ms
[2026-03-19T14:52:12.116+0800][90.242s][info][gc,marking  ] GC(236) Concurrent Mark
[2026-03-19T14:52:12.116+0800][90.243s][info][gc,marking  ] GC(236) Concurrent Mark From Roots
[2026-03-19T14:52:12.116+0800][90.243s][info][gc,task     ] GC(236) Using 3 workers of 3 for marking
[2026-03-19T14:52:12.125+0800][90.251s][info][gc,marking  ] GC(236) Concurrent Mark From Roots 8.579ms
[2026-03-19T14:52:12.125+0800][90.251s][info][gc,marking  ] GC(236) Concurrent Preclean
[2026-03-19T14:52:12.125+0800][90.252s][info][gc,marking  ] GC(236) Concurrent Preclean 0.347ms
[2026-03-19T14:52:12.126+0800][90.252s][info][gc,start    ] GC(236) Pause Remark
[2026-03-19T14:52:12.129+0800][90.256s][info][gc          ] GC(236) Pause Remark 70M->40M(128M) 3.833ms
[2026-03-19T14:52:12.129+0800][90.256s][info][gc,cpu      ] GC(236) User=0.00s Sys=0.00s Real=0.00s
[2026-03-19T14:52:12.129+0800][90.256s][info][gc,marking  ] GC(236) Concurrent Mark 13.596ms
[2026-03-19T14:52:12.129+0800][90.256s][info][gc,marking  ] GC(236) Concurrent Rebuild Remembered Sets
[2026-03-19T14:52:12.134+0800][90.261s][info][gc,marking  ] GC(236) Concurrent Rebuild Remembered Sets 4.873ms
[2026-03-19T14:52:12.135+0800][90.262s][info][gc,start    ] GC(236) Pause Cleanup
[2026-03-19T14:52:12.135+0800][90.262s][info][gc          ] GC(236) Pause Cleanup 40M->40M(128M) 0.432ms
[2026-03-19T14:52:12.135+0800][90.262s][info][gc,cpu      ] GC(236) User=0.00s Sys=0.00s Real=0.00s
[2026-03-19T14:52:12.135+0800][90.262s][info][gc,marking  ] GC(236) Concurrent Cleanup for Next Mark
[2026-03-19T14:52:12.137+0800][90.263s][info][gc,marking  ] GC(236) Concurrent Cleanup for Next Mark 0.514ms
[2026-03-19T14:52:12.137+0800][90.263s][info][gc          ] GC(236) Concurrent Mark Cycle 21.313ms
[2026-03-19T14:52:14.001+0800][92.128s][info][gc,start    ] GC(237) Pause Young (Prepare Mixed) (G1 Preventive Collection)
[2026-03-19T14:52:14.001+0800][92.128s][info][gc,task     ] GC(237) Using 3 workers of 13 for evacuation
[2026-03-19T14:52:14.002+0800][92.130s][info][gc,phases   ] GC(237)   Pre Evacuate Collection Set: 0.1ms
[2026-03-19T14:52:14.003+0800][92.130s][info][gc,phases   ] GC(237)   Merge Heap Roots: 0.2ms
[2026-03-19T14:52:14.003+0800][92.130s][info][gc,phases   ] GC(237)   Evacuate Collection Set: 0.7ms
[2026-03-19T14:52:14.003+0800][92.130s][info][gc,phases   ] GC(237)   Post Evacuate Collection Set: 0.6ms
[2026-03-19T14:52:14.003+0800][92.130s][info][gc,phases   ] GC(237)   Other: 0.4ms
[2026-03-19T14:52:14.003+0800][92.130s][info][gc,heap     ] GC(237) Eden regions: 25->0(5)
[2026-03-19T14:52:14.003+0800][92.130s][info][gc,heap     ] GC(237) Survivor regions: 2->1(5)
[2026-03-19T14:52:14.003+0800][92.130s][info][gc,heap     ] GC(237) Old regions: 19->19
[2026-03-19T14:52:14.003+0800][92.130s][info][gc,heap     ] GC(237) Archive regions: 0->0
[2026-03-19T14:52:14.003+0800][92.130s][info][gc,heap     ] GC(237) Humongous regions: 72->72
[2026-03-19T14:52:14.003+0800][92.130s][info][gc,metaspace] GC(237) Metaspace: 24090K(24512K)->24090K(24512K) NonClass: 21323K(21568K)->21323K(21568K) Class: 2767K(2944K)->2767K(2944K)
[2026-03-19T14:52:14.003+0800][92.130s][info][gc          ] GC(237) Pause Young (Prepare Mixed) (G1 Preventive Collection) 117M->90M(128M) 2.700ms
[2026-03-19T14:52:14.003+0800][92.130s][info][gc,cpu      ] GC(237) User=0.00s Sys=0.00s Real=0.00s
[2026-03-19T14:52:14.624+0800][92.751s][info][gc,start    ] GC(238) Pause Young (Mixed) (G1 Evacuation Pause)
[2026-03-19T14:52:14.625+0800][92.751s][info][gc,task     ] GC(238) Using 3 workers of 13 for evacuation
[2026-03-19T14:52:14.629+0800][92.756s][info][gc,phases   ] GC(238)   Pre Evacuate Collection Set: 0.2ms
[2026-03-19T14:52:14.629+0800][92.756s][info][gc,phases   ] GC(238)   Merge Heap Roots: 0.2ms
[2026-03-19T14:52:14.629+0800][92.756s][info][gc,phases   ] GC(238)   Evacuate Collection Set: 2.8ms
[2026-03-19T14:52:14.629+0800][92.756s][info][gc,phases   ] GC(238)   Post Evacuate Collection Set: 0.8ms
[2026-03-19T14:52:14.629+0800][92.756s][info][gc,phases   ] GC(238)   Other: 0.6ms
[2026-03-19T14:52:14.629+0800][92.756s][info][gc,heap     ] GC(238) Eden regions: 5->0(5)
[2026-03-19T14:52:14.629+0800][92.756s][info][gc,heap     ] GC(238) Survivor regions: 1->1(1)
[2026-03-19T14:52:14.629+0800][92.756s][info][gc,heap     ] GC(238) Old regions: 19->19
[2026-03-19T14:52:14.629+0800][92.756s][info][gc,heap     ] GC(238) Archive regions: 0->0
[2026-03-19T14:52:14.629+0800][92.756s][info][gc,heap     ] GC(238) Humongous regions: 89->88
[2026-03-19T14:52:14.629+0800][92.756s][info][gc,metaspace] GC(238) Metaspace: 24090K(24512K)->24090K(24512K) NonClass: 21323K(21568K)->21323K(21568K) Class: 2767K(2944K)->2767K(2944K)
[2026-03-19T14:52:14.629+0800][92.756s][info][gc          ] GC(238) Pause Young (Mixed) (G1 Evacuation Pause) 112M->106M(128M) 5.428ms
[2026-03-19T14:52:14.629+0800][92.756s][info][gc,cpu      ] GC(238) User=0.00s Sys=0.00s Real=0.00s
[2026-03-19T14:52:14.631+0800][92.758s][info][gc,start    ] GC(239) Pause Young (Concurrent Start) (G1 Humongous Allocation)
[2026-03-19T14:52:14.631+0800][92.758s][info][gc,task     ] GC(239) Using 3 workers of 13 for evacuation
[2026-03-19T14:52:14.633+0800][92.760s][info][gc,phases   ] GC(239)   Pre Evacuate Collection Set: 0.2ms
[2026-03-19T14:52:14.633+0800][92.760s][info][gc,phases   ] GC(239)   Merge Heap Roots: 0.1ms
[2026-03-19T14:52:14.633+0800][92.760s][info][gc,phases   ] GC(239)   Evacuate Collection Set: 0.7ms
[2026-03-19T14:52:14.633+0800][92.760s][info][gc,phases   ] GC(239)   Post Evacuate Collection Set: 0.6ms
[2026-03-19T14:52:14.633+0800][92.760s][info][gc,phases   ] GC(239)   Other: 0.2ms
[2026-03-19T14:52:14.634+0800][92.760s][info][gc,heap     ] GC(239) Eden regions: 3->0(5)
[2026-03-19T14:52:14.634+0800][92.760s][info][gc,heap     ] GC(239) Survivor regions: 1->1(1)
[2026-03-19T14:52:14.634+0800][92.761s][info][gc,heap     ] GC(239) Old regions: 19->19
[2026-03-19T14:52:14.634+0800][92.761s][info][gc,heap     ] GC(239) Archive regions: 0->0
[2026-03-19T14:52:14.634+0800][92.761s][info][gc,heap     ] GC(239) Humongous regions: 88->88
[2026-03-19T14:52:14.634+0800][92.761s][info][gc,metaspace] GC(239) Metaspace: 24090K(24512K)->24090K(24512K) NonClass: 21323K(21568K)->21323K(21568K) Class: 2767K(2944K)->2767K(2944K)
[2026-03-19T14:52:14.634+0800][92.761s][info][gc          ] GC(239) Pause Young (Concurrent Start) (G1 Humongous Allocation) 109M->107M(128M) 2.650ms
[2026-03-19T14:52:14.634+0800][92.761s][info][gc,cpu      ] GC(239) User=0.00s Sys=0.00s Real=0.00s
[2026-03-19T14:52:14.634+0800][92.761s][info][gc          ] GC(240) Concurrent Mark Cycle
[2026-03-19T14:52:14.634+0800][92.761s][info][gc,marking  ] GC(240) Concurrent Clear Claimed Marks
[2026-03-19T14:52:14.634+0800][92.761s][info][gc,marking  ] GC(240) Concurrent Clear Claimed Marks 0.049ms
[2026-03-19T14:52:14.634+0800][92.761s][info][gc,marking  ] GC(240) Concurrent Scan Root Regions
[2026-03-19T14:52:14.635+0800][92.761s][info][gc,marking  ] GC(240) Concurrent Scan Root Regions 0.273ms
[2026-03-19T14:52:14.635+0800][92.762s][info][gc,marking  ] GC(240) Concurrent Mark
[2026-03-19T14:52:14.635+0800][92.762s][info][gc,marking  ] GC(240) Concurrent Mark From Roots
[2026-03-19T14:52:14.635+0800][92.762s][info][gc,task     ] GC(240) Using 3 workers of 3 for marking
[2026-03-19T14:52:14.645+0800][92.772s][info][gc,marking  ] GC(240) Concurrent Mark From Roots 10.633ms
[2026-03-19T14:52:14.645+0800][92.772s][info][gc,marking  ] GC(240) Concurrent Preclean
[2026-03-19T14:52:14.645+0800][92.773s][info][gc,marking  ] GC(240) Concurrent Preclean 0.235ms
[2026-03-19T14:52:14.647+0800][92.773s][info][gc,start    ] GC(240) Pause Remark
[2026-03-19T14:52:14.651+0800][92.778s][info][gc          ] GC(240) Pause Remark 118M->39M(128M) 4.800ms
[2026-03-19T14:52:14.651+0800][92.778s][info][gc,cpu      ] GC(240) User=0.00s Sys=0.00s Real=0.00s
[2026-03-19T14:52:14.651+0800][92.778s][info][gc,marking  ] GC(240) Concurrent Mark 16.388ms
[2026-03-19T14:52:14.652+0800][92.778s][info][gc,marking  ] GC(240) Concurrent Rebuild Remembered Sets
[2026-03-19T14:52:14.656+0800][92.783s][info][gc,marking  ] GC(240) Concurrent Rebuild Remembered Sets 4.586ms
[2026-03-19T14:52:14.657+0800][92.783s][info][gc,start    ] GC(240) Pause Cleanup
[2026-03-19T14:52:14.657+0800][92.783s][info][gc          ] GC(240) Pause Cleanup 39M->39M(128M) 0.294ms
[2026-03-19T14:52:14.657+0800][92.784s][info][gc,cpu      ] GC(240) User=0.00s Sys=0.00s Real=0.00s
[2026-03-19T14:52:14.657+0800][92.784s][info][gc,marking  ] GC(240) Concurrent Cleanup for Next Mark
[2026-03-19T14:52:14.657+0800][92.784s][info][gc,marking  ] GC(240) Concurrent Cleanup for Next Mark 0.565ms
[2026-03-19T14:52:14.657+0800][92.784s][info][gc          ] GC(240) Concurrent Mark Cycle 23.443ms
[2026-03-19T14:52:15.264+0800][93.390s][info][gc,start    ] GC(241) Pause Young (Prepare Mixed) (G1 Evacuation Pause)
[2026-03-19T14:52:15.264+0800][93.390s][info][gc,task     ] GC(241) Using 3 workers of 13 for evacuation
[2026-03-19T14:52:15.265+0800][93.392s][info][gc,phases   ] GC(241)   Pre Evacuate Collection Set: 0.3ms
[2026-03-19T14:52:15.266+0800][93.392s][info][gc,phases   ] GC(241)   Merge Heap Roots: 0.2ms
[2026-03-19T14:52:15.266+0800][93.392s][info][gc,phases   ] GC(241)   Evacuate Collection Set: 0.6ms
[2026-03-19T14:52:15.266+0800][93.392s][info][gc,phases   ] GC(241)   Post Evacuate Collection Set: 0.5ms
[2026-03-19T14:52:15.266+0800][93.392s][info][gc,phases   ] GC(241)   Other: 0.4ms
[2026-03-19T14:52:15.266+0800][93.392s][info][gc,heap     ] GC(241) Eden regions: 5->0(5)
[2026-03-19T14:52:15.266+0800][93.393s][info][gc,heap     ] GC(241) Survivor regions: 1->1(1)
[2026-03-19T14:52:15.266+0800][93.393s][info][gc,heap     ] GC(241) Old regions: 19->19
[2026-03-19T14:52:15.266+0800][93.393s][info][gc,heap     ] GC(241) Archive regions: 0->0
[2026-03-19T14:52:15.266+0800][93.393s][info][gc,heap     ] GC(241) Humongous regions: 29->29
[2026-03-19T14:52:15.266+0800][93.393s][info][gc,metaspace] GC(241) Metaspace: 24096K(24576K)->24096K(24576K) NonClass: 21328K(21632K)->21328K(21632K) Class: 2767K(2944K)->2767K(2944K)
[2026-03-19T14:52:15.266+0800][93.393s][info][gc          ] GC(241) Pause Young (Prepare Mixed) (G1 Evacuation Pause) 53M->48M(128M) 2.789ms
[2026-03-19T14:52:15.266+0800][93.393s][info][gc,cpu      ] GC(241) User=0.00s Sys=0.02s Real=0.00s
[2026-03-19T14:52:15.577+0800][93.703s][info][gc,start    ] GC(242) Pause Young (Mixed) (G1 Evacuation Pause)
[2026-03-19T14:52:15.577+0800][93.703s][info][gc,task     ] GC(242) Using 3 workers of 13 for evacuation
[2026-03-19T14:52:15.581+0800][93.707s][info][gc,phases   ] GC(242)   Pre Evacuate Collection Set: 0.2ms
[2026-03-19T14:52:15.581+0800][93.707s][info][gc,phases   ] GC(242)   Merge Heap Roots: 0.2ms
[2026-03-19T14:52:15.581+0800][93.707s][info][gc,phases   ] GC(242)   Evacuate Collection Set: 2.5ms
[2026-03-19T14:52:15.581+0800][93.708s][info][gc,phases   ] GC(242)   Post Evacuate Collection Set: 0.5ms
[2026-03-19T14:52:15.581+0800][93.708s][info][gc,phases   ] GC(242)   Other: 0.5ms
[2026-03-19T14:52:15.581+0800][93.708s][info][gc,heap     ] GC(242) Eden regions: 5->0(22)
[2026-03-19T14:52:15.581+0800][93.708s][info][gc,heap     ] GC(242) Survivor regions: 1->1(1)
[2026-03-19T14:52:15.582+0800][93.708s][info][gc,heap     ] GC(242) Old regions: 19->19
[2026-03-19T14:52:15.582+0800][93.708s][info][gc,heap     ] GC(242) Archive regions: 0->0
[2026-03-19T14:52:15.582+0800][93.708s][info][gc,heap     ] GC(242) Humongous regions: 39->39
[2026-03-19T14:52:15.582+0800][93.708s][info][gc,metaspace] GC(242) Metaspace: 24096K(24576K)->24096K(24576K) NonClass: 21329K(21632K)->21329K(21632K) Class: 2767K(2944K)->2767K(2944K)
[2026-03-19T14:52:15.582+0800][93.708s][info][gc          ] GC(242) Pause Young (Mixed) (G1 Evacuation Pause) 63M->58M(128M) 5.310ms
[2026-03-19T14:52:15.582+0800][93.708s][info][gc,cpu      ] GC(242) User=0.00s Sys=0.00s Real=0.01s
[2026-03-19T14:52:15.584+0800][93.711s][info][gc,start    ] GC(243) Pause Young (Concurrent Start) (G1 Humongous Allocation)
[2026-03-19T14:52:15.585+0800][93.711s][info][gc,task     ] GC(243) Using 3 workers of 13 for evacuation
[2026-03-19T14:52:15.587+0800][93.714s][info][gc,phases   ] GC(243)   Pre Evacuate Collection Set: 0.3ms
[2026-03-19T14:52:15.587+0800][93.714s][info][gc,phases   ] GC(243)   Merge Heap Roots: 0.2ms
[2026-03-19T14:52:15.587+0800][93.714s][info][gc,phases   ] GC(243)   Evacuate Collection Set: 0.9ms
[2026-03-19T14:52:15.587+0800][93.714s][info][gc,phases   ] GC(243)   Post Evacuate Collection Set: 0.8ms
[2026-03-19T14:52:15.587+0800][93.714s][info][gc,phases   ] GC(243)   Other: 0.5ms
[2026-03-19T14:52:15.587+0800][93.714s][info][gc,heap     ] GC(243) Eden regions: 3->0(19)
[2026-03-19T14:52:15.587+0800][93.714s][info][gc,heap     ] GC(243) Survivor regions: 1->2(3)
[2026-03-19T14:52:15.587+0800][93.714s][info][gc,heap     ] GC(243) Old regions: 19->19
[2026-03-19T14:52:15.587+0800][93.714s][info][gc,heap     ] GC(243) Archive regions: 0->0
[2026-03-19T14:52:15.587+0800][93.714s][info][gc,heap     ] GC(243) Humongous regions: 39->39
[2026-03-19T14:52:15.587+0800][93.714s][info][gc,metaspace] GC(243) Metaspace: 24096K(24576K)->24096K(24576K) NonClass: 21329K(21632K)->21329K(21632K) Class: 2767K(2944K)->2767K(2944K)
[2026-03-19T14:52:15.588+0800][93.715s][info][gc          ] GC(243) Pause Young (Concurrent Start) (G1 Humongous Allocation) 60M->59M(128M) 3.615ms
[2026-03-19T14:52:15.588+0800][93.715s][info][gc,cpu      ] GC(243) User=0.00s Sys=0.00s Real=0.00s
[2026-03-19T14:52:15.588+0800][93.715s][info][gc          ] GC(244) Concurrent Mark Cycle
[2026-03-19T14:52:15.588+0800][93.715s][info][gc,marking  ] GC(244) Concurrent Clear Claimed Marks
[2026-03-19T14:52:15.588+0800][93.715s][info][gc,marking  ] GC(244) Concurrent Clear Claimed Marks 0.125ms
[2026-03-19T14:52:15.588+0800][93.715s][info][gc,marking  ] GC(244) Concurrent Scan Root Regions
[2026-03-19T14:52:15.589+0800][93.716s][info][gc,marking  ] GC(244) Concurrent Scan Root Regions 0.421ms
[2026-03-19T14:52:15.589+0800][93.716s][info][gc,marking  ] GC(244) Concurrent Mark
[2026-03-19T14:52:15.589+0800][93.716s][info][gc,marking  ] GC(244) Concurrent Mark From Roots
[2026-03-19T14:52:15.589+0800][93.716s][info][gc,task     ] GC(244) Using 3 workers of 3 for marking
[2026-03-19T14:52:15.600+0800][93.727s][info][gc,marking  ] GC(244) Concurrent Mark From Roots 11.036ms
[2026-03-19T14:52:15.600+0800][93.727s][info][gc,marking  ] GC(244) Concurrent Preclean
[2026-03-19T14:52:15.601+0800][93.728s][info][gc,marking  ] GC(244) Concurrent Preclean 0.502ms
[2026-03-19T14:52:15.602+0800][93.728s][info][gc,start    ] GC(244) Pause Remark
[2026-03-19T14:52:15.607+0800][93.734s][info][gc          ] GC(244) Pause Remark 69M->39M(128M) 5.557ms
[2026-03-19T14:52:15.607+0800][93.734s][info][gc,cpu      ] GC(244) User=0.00s Sys=0.00s Real=0.01s
[2026-03-19T14:52:15.607+0800][93.734s][info][gc,marking  ] GC(244) Concurrent Mark 18.435ms
[2026-03-19T14:52:15.608+0800][93.735s][info][gc,marking  ] GC(244) Concurrent Rebuild Remembered Sets
[2026-03-19T14:52:15.615+0800][93.742s][info][gc,marking  ] GC(244) Concurrent Rebuild Remembered Sets 7.076ms
[2026-03-19T14:52:15.615+0800][93.742s][info][gc,start    ] GC(244) Pause Cleanup
[2026-03-19T14:52:15.615+0800][93.743s][info][gc          ] GC(244) Pause Cleanup 39M->39M(128M) 0.457ms
[2026-03-19T14:52:15.617+0800][93.743s][info][gc,cpu      ] GC(244) User=0.00s Sys=0.00s Real=0.00s
[2026-03-19T14:52:15.617+0800][93.743s][info][gc,marking  ] GC(244) Concurrent Cleanup for Next Mark
[2026-03-19T14:52:15.617+0800][93.744s][info][gc,marking  ] GC(244) Concurrent Cleanup for Next Mark 0.627ms
[2026-03-19T14:52:15.618+0800][93.744s][info][gc          ] GC(244) Concurrent Mark Cycle 29.297ms
[2026-03-19T14:52:17.162+0800][95.289s][info][gc,start    ] GC(245) Pause Young (Prepare Mixed) (G1 Evacuation Pause)
[2026-03-19T14:52:17.162+0800][95.290s][info][gc,task     ] GC(245) Using 3 workers of 13 for evacuation
[2026-03-19T14:52:17.166+0800][95.292s][info][gc,phases   ] GC(245)   Pre Evacuate Collection Set: 0.2ms
[2026-03-19T14:52:17.166+0800][95.292s][info][gc,phases   ] GC(245)   Merge Heap Roots: 0.1ms
[2026-03-19T14:52:17.166+0800][95.292s][info][gc,phases   ] GC(245)   Evacuate Collection Set: 1.1ms
[2026-03-19T14:52:17.166+0800][95.292s][info][gc,phases   ] GC(245)   Post Evacuate Collection Set: 0.8ms
[2026-03-19T14:52:17.166+0800][95.293s][info][gc,phases   ] GC(245)   Other: 0.5ms
[2026-03-19T14:52:17.166+0800][95.293s][info][gc,heap     ] GC(245) Eden regions: 19->0(4)
[2026-03-19T14:52:17.166+0800][95.293s][info][gc,heap     ] GC(245) Survivor regions: 2->2(3)
[2026-03-19T14:52:17.166+0800][95.293s][info][gc,heap     ] GC(245) Old regions: 19->19
[2026-03-19T14:52:17.167+0800][95.293s][info][gc,heap     ] GC(245) Archive regions: 0->0
[2026-03-19T14:52:17.167+0800][95.293s][info][gc,heap     ] GC(245) Humongous regions: 59->59
[2026-03-19T14:52:17.167+0800][95.293s][info][gc,metaspace] GC(245) Metaspace: 24144K(24576K)->24144K(24576K) NonClass: 21375K(21632K)->21375K(21632K) Class: 2768K(2944K)->2768K(2944K)
[2026-03-19T14:52:17.167+0800][95.293s][info][gc          ] GC(245) Pause Young (Prepare Mixed) (G1 Evacuation Pause) 98M->78M(128M) 3.886ms
[2026-03-19T14:52:17.167+0800][95.293s][info][gc,cpu      ] GC(245) User=0.00s Sys=0.00s Real=0.01s
[2026-03-19T14:52:17.491+0800][95.618s][info][gc,start    ] GC(246) Pause Young (Mixed) (G1 Evacuation Pause)
[2026-03-19T14:52:17.491+0800][95.618s][info][gc,task     ] GC(246) Using 3 workers of 13 for evacuation
[2026-03-19T14:52:17.493+0800][95.620s][info][gc,phases   ] GC(246)   Pre Evacuate Collection Set: 0.1ms
[2026-03-19T14:52:17.493+0800][95.620s][info][gc,phases   ] GC(246)   Merge Heap Roots: 0.1ms
[2026-03-19T14:52:17.494+0800][95.620s][info][gc,phases   ] GC(246)   Evacuate Collection Set: 1.3ms
[2026-03-19T14:52:17.494+0800][95.621s][info][gc,phases   ] GC(246)   Post Evacuate Collection Set: 0.6ms
[2026-03-19T14:52:17.494+0800][95.621s][info][gc,phases   ] GC(246)   Other: 0.4ms
[2026-03-19T14:52:17.494+0800][95.621s][info][gc,heap     ] GC(246) Eden regions: 4->0(15)
[2026-03-19T14:52:17.494+0800][95.621s][info][gc,heap     ] GC(246) Survivor regions: 2->1(1)
[2026-03-19T14:52:17.494+0800][95.621s][info][gc,heap     ] GC(246) Old regions: 19->19
[2026-03-19T14:52:17.494+0800][95.621s][info][gc,heap     ] GC(246) Archive regions: 0->0
[2026-03-19T14:52:17.494+0800][95.621s][info][gc,heap     ] GC(246) Humongous regions: 69->69
[2026-03-19T14:52:17.494+0800][95.621s][info][gc,metaspace] GC(246) Metaspace: 24144K(24576K)->24144K(24576K) NonClass: 21375K(21632K)->21375K(21632K) Class: 2768K(2944K)->2768K(2944K)
[2026-03-19T14:52:17.494+0800][95.621s][info][gc          ] GC(246) Pause Young (Mixed) (G1 Evacuation Pause) 92M->88M(128M) 3.234ms
[2026-03-19T14:52:17.494+0800][95.621s][info][gc,cpu      ] GC(246) User=0.00s Sys=0.00s Real=0.00s
[2026-03-19T14:52:17.495+0800][95.623s][info][gc,start    ] GC(247) Pause Young (Concurrent Start) (G1 Humongous Allocation)
[2026-03-19T14:52:17.497+0800][95.623s][info][gc,task     ] GC(247) Using 3 workers of 13 for evacuation
[2026-03-19T14:52:17.498+0800][95.625s][info][gc,phases   ] GC(247)   Pre Evacuate Collection Set: 0.1ms
[2026-03-19T14:52:17.498+0800][95.625s][info][gc,phases   ] GC(247)   Merge Heap Roots: 0.1ms
[2026-03-19T14:52:17.499+0800][95.625s][info][gc,phases   ] GC(247)   Evacuate Collection Set: 0.7ms
[2026-03-19T14:52:17.499+0800][95.625s][info][gc,phases   ] GC(247)   Post Evacuate Collection Set: 0.7ms
[2026-03-19T14:52:17.499+0800][95.625s][info][gc,phases   ] GC(247)   Other: 0.3ms
[2026-03-19T14:52:17.499+0800][95.625s][info][gc,heap     ] GC(247) Eden regions: 2->0(16)
[2026-03-19T14:52:17.499+0800][95.625s][info][gc,heap     ] GC(247) Survivor regions: 1->2(2)
[2026-03-19T14:52:17.499+0800][95.625s][info][gc,heap     ] GC(247) Old regions: 19->19
[2026-03-19T14:52:17.499+0800][95.625s][info][gc,heap     ] GC(247) Archive regions: 0->0
[2026-03-19T14:52:17.499+0800][95.626s][info][gc,heap     ] GC(247) Humongous regions: 69->69
[2026-03-19T14:52:17.499+0800][95.626s][info][gc,metaspace] GC(247) Metaspace: 24144K(24576K)->24144K(24576K) NonClass: 21375K(21632K)->21375K(21632K) Class: 2768K(2944K)->2768K(2944K)
[2026-03-19T14:52:17.499+0800][95.626s][info][gc          ] GC(247) Pause Young (Concurrent Start) (G1 Humongous Allocation) 89M->88M(128M) 2.792ms
[2026-03-19T14:52:17.499+0800][95.626s][info][gc,cpu      ] GC(247) User=0.00s Sys=0.00s Real=0.00s
[2026-03-19T14:52:17.499+0800][95.626s][info][gc          ] GC(248) Concurrent Mark Cycle
[2026-03-19T14:52:17.500+0800][95.626s][info][gc,marking  ] GC(248) Concurrent Clear Claimed Marks
[2026-03-19T14:52:17.500+0800][95.626s][info][gc,marking  ] GC(248) Concurrent Clear Claimed Marks 0.114ms
[2026-03-19T14:52:17.500+0800][95.626s][info][gc,marking  ] GC(248) Concurrent Scan Root Regions
[2026-03-19T14:52:17.500+0800][95.627s][info][gc,marking  ] GC(248) Concurrent Scan Root Regions 0.355ms
[2026-03-19T14:52:17.500+0800][95.627s][info][gc,marking  ] GC(248) Concurrent Mark
[2026-03-19T14:52:17.500+0800][95.627s][info][gc,marking  ] GC(248) Concurrent Mark From Roots
[2026-03-19T14:52:17.500+0800][95.627s][info][gc,task     ] GC(248) Using 3 workers of 3 for marking
[2026-03-19T14:52:17.510+0800][95.637s][info][gc,marking  ] GC(248) Concurrent Mark From Roots 10.004ms
[2026-03-19T14:52:17.510+0800][95.637s][info][gc,marking  ] GC(248) Concurrent Preclean
[2026-03-19T14:52:17.511+0800][95.638s][info][gc,marking  ] GC(248) Concurrent Preclean 0.446ms
[2026-03-19T14:52:17.511+0800][95.638s][info][gc,start    ] GC(248) Pause Remark
[2026-03-19T14:52:17.515+0800][95.642s][info][gc          ] GC(248) Pause Remark 99M->39M(128M) 4.399ms
[2026-03-19T14:52:17.515+0800][95.643s][info][gc,cpu      ] GC(248) User=0.03s Sys=0.02s Real=0.00s
[2026-03-19T14:52:17.515+0800][95.643s][info][gc,marking  ] GC(248) Concurrent Mark 15.948ms
[2026-03-19T14:52:17.515+0800][95.643s][info][gc,marking  ] GC(248) Concurrent Rebuild Remembered Sets
[2026-03-19T14:52:17.523+0800][95.649s][info][gc,marking  ] GC(248) Concurrent Rebuild Remembered Sets 6.463ms
[2026-03-19T14:52:17.524+0800][95.650s][info][gc,start    ] GC(248) Pause Cleanup
[2026-03-19T14:52:17.524+0800][95.651s][info][gc          ] GC(248) Pause Cleanup 39M->39M(128M) 0.489ms
[2026-03-19T14:52:17.524+0800][95.651s][info][gc,cpu      ] GC(248) User=0.00s Sys=0.00s Real=0.00s
[2026-03-19T14:52:17.524+0800][95.651s][info][gc,marking  ] GC(248) Concurrent Cleanup for Next Mark
[2026-03-19T14:52:17.525+0800][95.652s][info][gc,marking  ] GC(248) Concurrent Cleanup for Next Mark 0.571ms
[2026-03-19T14:52:17.525+0800][95.652s][info][gc          ] GC(248) Concurrent Mark Cycle 25.910ms
[2026-03-19T14:52:18.809+0800][96.936s][info][gc,start    ] GC(249) Pause Young (Prepare Mixed) (G1 Evacuation Pause)
[2026-03-19T14:52:18.810+0800][96.936s][info][gc,task     ] GC(249) Using 3 workers of 13 for evacuation
[2026-03-19T14:52:18.813+0800][96.940s][info][gc,phases   ] GC(249)   Pre Evacuate Collection Set: 1.9ms
[2026-03-19T14:52:18.813+0800][96.940s][info][gc,phases   ] GC(249)   Merge Heap Roots: 0.1ms
[2026-03-19T14:52:18.813+0800][96.940s][info][gc,phases   ] GC(249)   Evacuate Collection Set: 1.0ms
[2026-03-19T14:52:18.814+0800][96.940s][info][gc,phases   ] GC(249)   Post Evacuate Collection Set: 0.4ms
[2026-03-19T14:52:18.814+0800][96.940s][info][gc,phases   ] GC(249)   Other: 0.6ms
[2026-03-19T14:52:18.814+0800][96.940s][info][gc,heap     ] GC(249) Eden regions: 16->0(4)
[2026-03-19T14:52:18.814+0800][96.940s][info][gc,heap     ] GC(249) Survivor regions: 2->2(3)
[2026-03-19T14:52:18.814+0800][96.940s][info][gc,heap     ] GC(249) Old regions: 19->19
[2026-03-19T14:52:18.814+0800][96.940s][info][gc,heap     ] GC(249) Archive regions: 0->0
[2026-03-19T14:52:18.814+0800][96.940s][info][gc,heap     ] GC(249) Humongous regions: 49->49
[2026-03-19T14:52:18.814+0800][96.941s][info][gc,metaspace] GC(249) Metaspace: 24153K(24576K)->24153K(24576K) NonClass: 21384K(21632K)->21384K(21632K) Class: 2768K(2944K)->2768K(2944K)
[2026-03-19T14:52:18.814+0800][96.941s][info][gc          ] GC(249) Pause Young (Prepare Mixed) (G1 Evacuation Pause) 84M->68M(128M) 4.800ms
[2026-03-19T14:52:18.817+0800][96.944s][info][gc,cpu      ] GC(249) User=0.00s Sys=0.00s Real=0.01s
[2026-03-19T14:52:19.164+0800][97.291s][info][gc,start    ] GC(250) Pause Young (Mixed) (G1 Evacuation Pause)
[2026-03-19T14:52:19.165+0800][97.292s][info][gc,task     ] GC(250) Using 3 workers of 13 for evacuation
[2026-03-19T14:52:19.167+0800][97.294s][info][gc,phases   ] GC(250)   Pre Evacuate Collection Set: 0.1ms
[2026-03-19T14:52:19.168+0800][97.294s][info][gc,phases   ] GC(250)   Merge Heap Roots: 0.1ms
[2026-03-19T14:52:19.168+0800][97.294s][info][gc,phases   ] GC(250)   Evacuate Collection Set: 1.6ms
[2026-03-19T14:52:19.168+0800][97.294s][info][gc,phases   ] GC(250)   Post Evacuate Collection Set: 0.4ms
[2026-03-19T14:52:19.168+0800][97.294s][info][gc,phases   ] GC(250)   Other: 0.3ms
[2026-03-19T14:52:19.168+0800][97.294s][info][gc,heap     ] GC(250) Eden regions: 4->0(24)
[2026-03-19T14:52:19.168+0800][97.294s][info][gc,heap     ] GC(250) Survivor regions: 2->1(1)
[2026-03-19T14:52:19.168+0800][97.294s][info][gc,heap     ] GC(250) Old regions: 19->19
[2026-03-19T14:52:19.168+0800][97.294s][info][gc,heap     ] GC(250) Archive regions: 0->0
[2026-03-19T14:52:19.168+0800][97.294s][info][gc,heap     ] GC(250) Humongous regions: 59->59
[2026-03-19T14:52:19.168+0800][97.294s][info][gc,metaspace] GC(250) Metaspace: 24165K(24576K)->24165K(24576K) NonClass: 21397K(21632K)->21397K(21632K) Class: 2768K(2944K)->2768K(2944K)
[2026-03-19T14:52:19.168+0800][97.295s][info][gc          ] GC(250) Pause Young (Mixed) (G1 Evacuation Pause) 82M->78M(128M) 3.153ms
[2026-03-19T14:52:19.168+0800][97.295s][info][gc,cpu      ] GC(250) User=0.00s Sys=0.00s Real=0.00s
[2026-03-19T14:52:19.169+0800][97.296s][info][gc,start    ] GC(251) Pause Young (Concurrent Start) (G1 Humongous Allocation)
[2026-03-19T14:52:19.169+0800][97.296s][info][gc,task     ] GC(251) Using 3 workers of 13 for evacuation
[2026-03-19T14:52:19.171+0800][97.297s][info][gc,phases   ] GC(251)   Pre Evacuate Collection Set: 0.1ms
[2026-03-19T14:52:19.171+0800][97.297s][info][gc,phases   ] GC(251)   Merge Heap Roots: 0.1ms
[2026-03-19T14:52:19.171+0800][97.297s][info][gc,phases   ] GC(251)   Evacuate Collection Set: 0.7ms
[2026-03-19T14:52:19.171+0800][97.298s][info][gc,phases   ] GC(251)   Post Evacuate Collection Set: 0.3ms
[2026-03-19T14:52:19.171+0800][97.298s][info][gc,phases   ] GC(251)   Other: 0.4ms
[2026-03-19T14:52:19.171+0800][97.298s][info][gc,heap     ] GC(251) Eden regions: 2->0(25)
[2026-03-19T14:52:19.171+0800][97.298s][info][gc,heap     ] GC(251) Survivor regions: 1->2(4)
[2026-03-19T14:52:19.171+0800][97.298s][info][gc,heap     ] GC(251) Old regions: 19->19
[2026-03-19T14:52:19.171+0800][97.298s][info][gc,heap     ] GC(251) Archive regions: 0->0
[2026-03-19T14:52:19.171+0800][97.298s][info][gc,heap     ] GC(251) Humongous regions: 59->59
[2026-03-19T14:52:19.171+0800][97.298s][info][gc,metaspace] GC(251) Metaspace: 24165K(24576K)->24165K(24576K) NonClass: 21397K(21632K)->21397K(21632K) Class: 2768K(2944K)->2768K(2944K)
[2026-03-19T14:52:19.171+0800][97.298s][info][gc          ] GC(251) Pause Young (Concurrent Start) (G1 Humongous Allocation) 79M->78M(128M) 2.254ms
[2026-03-19T14:52:19.172+0800][97.298s][info][gc,cpu      ] GC(251) User=0.02s Sys=0.00s Real=0.00s
[2026-03-19T14:52:19.172+0800][97.298s][info][gc          ] GC(252) Concurrent Mark Cycle
[2026-03-19T14:52:19.172+0800][97.298s][info][gc,marking  ] GC(252) Concurrent Clear Claimed Marks
[2026-03-19T14:52:19.172+0800][97.298s][info][gc,marking  ] GC(252) Concurrent Clear Claimed Marks 0.077ms
[2026-03-19T14:52:19.172+0800][97.298s][info][gc,marking  ] GC(252) Concurrent Scan Root Regions
[2026-03-19T14:52:19.172+0800][97.299s][info][gc,marking  ] GC(252) Concurrent Scan Root Regions 0.368ms
[2026-03-19T14:52:19.172+0800][97.299s][info][gc,marking  ] GC(252) Concurrent Mark
[2026-03-19T14:52:19.172+0800][97.299s][info][gc,marking  ] GC(252) Concurrent Mark From Roots
[2026-03-19T14:52:19.173+0800][97.299s][info][gc,task     ] GC(252) Using 3 workers of 3 for marking
[2026-03-19T14:52:19.180+0800][97.307s][info][gc,marking  ] GC(252) Concurrent Mark From Roots 8.170ms
[2026-03-19T14:52:19.196+0800][97.322s][info][gc,marking  ] GC(252) Concurrent Preclean
[2026-03-19T14:52:19.196+0800][97.323s][info][gc,marking  ] GC(252) Concurrent Preclean 0.538ms
[2026-03-19T14:52:19.196+0800][97.323s][info][gc,start    ] GC(252) Pause Remark
[2026-03-19T14:52:19.200+0800][97.327s][info][gc          ] GC(252) Pause Remark 89M->39M(128M) 4.626ms
[2026-03-19T14:52:19.201+0800][97.328s][info][gc,cpu      ] GC(252) User=0.00s Sys=0.00s Real=0.00s
[2026-03-19T14:52:19.201+0800][97.328s][info][gc,marking  ] GC(252) Concurrent Mark 29.152ms
[2026-03-19T14:52:19.201+0800][97.328s][info][gc,marking  ] GC(252) Concurrent Rebuild Remembered Sets
[2026-03-19T14:52:19.205+0800][97.332s][info][gc,marking  ] GC(252) Concurrent Rebuild Remembered Sets 4.312ms
[2026-03-19T14:52:19.205+0800][97.333s][info][gc,start    ] GC(252) Pause Cleanup
[2026-03-19T14:52:19.207+0800][97.333s][info][gc          ] GC(252) Pause Cleanup 39M->39M(128M) 0.277ms
[2026-03-19T14:52:19.207+0800][97.333s][info][gc,cpu      ] GC(252) User=0.00s Sys=0.00s Real=0.00s
[2026-03-19T14:52:19.207+0800][97.333s][info][gc,marking  ] GC(252) Concurrent Cleanup for Next Mark
[2026-03-19T14:52:19.207+0800][97.334s][info][gc,marking  ] GC(252) Concurrent Cleanup for Next Mark 0.521ms
[2026-03-19T14:52:19.208+0800][97.334s][info][gc          ] GC(252) Concurrent Mark Cycle 36.019ms
[2026-03-19T14:52:19.491+0800][97.617s][info][gc,start    ] GC(253) Pause Young (Concurrent Start) (G1 Humongous Allocation)
[2026-03-19T14:52:19.491+0800][97.618s][info][gc,task     ] GC(253) Using 3 workers of 13 for evacuation
[2026-03-19T14:52:19.493+0800][97.620s][info][gc,phases   ] GC(253)   Pre Evacuate Collection Set: 0.1ms
[2026-03-19T14:52:19.493+0800][97.620s][info][gc,phases   ] GC(253)   Merge Heap Roots: 0.1ms
[2026-03-19T14:52:19.493+0800][97.620s][info][gc,phases   ] GC(253)   Evacuate Collection Set: 1.1ms
[2026-03-19T14:52:19.493+0800][97.620s][info][gc,phases   ] GC(253)   Post Evacuate Collection Set: 0.4ms
[2026-03-19T14:52:19.493+0800][97.620s][info][gc,phases   ] GC(253)   Other: 0.5ms
[2026-03-19T14:52:19.493+0800][97.620s][info][gc,heap     ] GC(253) Eden regions: 5->0(52)
[2026-03-19T14:52:19.493+0800][97.620s][info][gc,heap     ] GC(253) Survivor regions: 2->2(4)
[2026-03-19T14:52:19.493+0800][97.620s][info][gc,heap     ] GC(253) Old regions: 19->19
[2026-03-19T14:52:19.493+0800][97.620s][info][gc,heap     ] GC(253) Archive regions: 0->0
[2026-03-19T14:52:19.493+0800][97.620s][info][gc,heap     ] GC(253) Humongous regions: 19->19
[2026-03-19T14:52:19.494+0800][97.620s][info][gc,metaspace] GC(253) Metaspace: 24187K(24640K)->24187K(24640K) NonClass: 21419K(21696K)->21419K(21696K) Class: 2768K(2944K)->2768K(2944K)
[2026-03-19T14:52:19.494+0800][97.621s][info][gc          ] GC(253) Pause Young (Concurrent Start) (G1 Humongous Allocation) 42M->38M(128M) 3.178ms
[2026-03-19T14:52:19.494+0800][97.621s][info][gc,cpu      ] GC(253) User=0.00s Sys=0.00s Real=0.00s
[2026-03-19T14:52:19.494+0800][97.621s][info][gc          ] GC(254) Concurrent Mark Cycle
[2026-03-19T14:52:19.494+0800][97.621s][info][gc,marking  ] GC(254) Concurrent Clear Claimed Marks
[2026-03-19T14:52:19.494+0800][97.621s][info][gc,marking  ] GC(254) Concurrent Clear Claimed Marks 0.117ms
[2026-03-19T14:52:19.494+0800][97.621s][info][gc,marking  ] GC(254) Concurrent Scan Root Regions
[2026-03-19T14:52:19.495+0800][97.622s][info][gc,marking  ] GC(254) Concurrent Scan Root Regions 0.419ms
[2026-03-19T14:52:19.495+0800][97.622s][info][gc,marking  ] GC(254) Concurrent Mark
[2026-03-19T14:52:19.495+0800][97.622s][info][gc,marking  ] GC(254) Concurrent Mark From Roots
[2026-03-19T14:52:19.495+0800][97.622s][info][gc,task     ] GC(254) Using 3 workers of 3 for marking
[2026-03-19T14:52:19.503+0800][97.630s][info][gc,marking  ] GC(254) Concurrent Mark From Roots 7.972ms
[2026-03-19T14:52:19.504+0800][97.630s][info][gc,marking  ] GC(254) Concurrent Preclean
[2026-03-19T14:52:19.504+0800][97.630s][info][gc,marking  ] GC(254) Concurrent Preclean 0.223ms
[2026-03-19T14:52:19.504+0800][97.630s][info][gc,start    ] GC(254) Pause Remark
[2026-03-19T14:52:19.508+0800][97.635s][info][gc          ] GC(254) Pause Remark 49M->39M(128M) 4.592ms
[2026-03-19T14:52:19.508+0800][97.635s][info][gc,cpu      ] GC(254) User=0.00s Sys=0.00s Real=0.00s
[2026-03-19T14:52:19.508+0800][97.635s][info][gc,marking  ] GC(254) Concurrent Mark 13.468ms
[2026-03-19T14:52:19.508+0800][97.635s][info][gc,marking  ] GC(254) Concurrent Rebuild Remembered Sets
[2026-03-19T14:52:19.512+0800][97.639s][info][gc,marking  ] GC(254) Concurrent Rebuild Remembered Sets 3.995ms
[2026-03-19T14:52:19.513+0800][97.640s][info][gc,start    ] GC(254) Pause Cleanup
[2026-03-19T14:52:19.513+0800][97.640s][info][gc          ] GC(254) Pause Cleanup 39M->39M(128M) 0.217ms
[2026-03-19T14:52:19.513+0800][97.640s][info][gc,cpu      ] GC(254) User=0.00s Sys=0.00s Real=0.00s
[2026-03-19T14:52:19.513+0800][97.640s][info][gc,marking  ] GC(254) Concurrent Cleanup for Next Mark
[2026-03-19T14:52:19.514+0800][97.641s][info][gc,marking  ] GC(254) Concurrent Cleanup for Next Mark 0.428ms
[2026-03-19T14:52:19.514+0800][97.641s][info][gc          ] GC(254) Concurrent Mark Cycle 19.829ms
[2026-03-19T14:52:19.804+0800][97.930s][info][gc,start    ] GC(255) Pause Young (Concurrent Start) (G1 Humongous Allocation)
[2026-03-19T14:52:19.804+0800][97.931s][info][gc,task     ] GC(255) Using 3 workers of 13 for evacuation
[2026-03-19T14:52:19.805+0800][97.932s][info][gc,phases   ] GC(255)   Pre Evacuate Collection Set: 0.2ms
[2026-03-19T14:52:19.805+0800][97.933s][info][gc,phases   ] GC(255)   Merge Heap Roots: 0.1ms
[2026-03-19T14:52:19.805+0800][97.933s][info][gc,phases   ] GC(255)   Evacuate Collection Set: 0.8ms
[2026-03-19T14:52:19.807+0800][97.933s][info][gc,phases   ] GC(255)   Post Evacuate Collection Set: 0.6ms
[2026-03-19T14:52:19.807+0800][97.933s][info][gc,phases   ] GC(255)   Other: 0.4ms
[2026-03-19T14:52:19.807+0800][97.933s][info][gc,heap     ] GC(255) Eden regions: 5->0(50)
[2026-03-19T14:52:19.807+0800][97.933s][info][gc,heap     ] GC(255) Survivor regions: 2->2(7)
[2026-03-19T14:52:19.807+0800][97.933s][info][gc,heap     ] GC(255) Old regions: 19->19
[2026-03-19T14:52:19.807+0800][97.933s][info][gc,heap     ] GC(255) Archive regions: 0->0
[2026-03-19T14:52:19.807+0800][97.933s][info][gc,heap     ] GC(255) Humongous regions: 19->19
[2026-03-19T14:52:19.807+0800][97.933s][info][gc,metaspace] GC(255) Metaspace: 24187K(24640K)->24187K(24640K) NonClass: 21419K(21696K)->21419K(21696K) Class: 2768K(2944K)->2768K(2944K)
[2026-03-19T14:52:19.807+0800][97.934s][info][gc          ] GC(255) Pause Young (Concurrent Start) (G1 Humongous Allocation) 42M->38M(128M) 3.206ms
[2026-03-19T14:52:19.807+0800][97.934s][info][gc,cpu      ] GC(255) User=0.00s Sys=0.00s Real=0.00s
[2026-03-19T14:52:19.808+0800][97.934s][info][gc          ] GC(256) Concurrent Mark Cycle
[2026-03-19T14:52:19.808+0800][97.934s][info][gc,marking  ] GC(256) Concurrent Clear Claimed Marks
[2026-03-19T14:52:19.808+0800][97.934s][info][gc,marking  ] GC(256) Concurrent Clear Claimed Marks 0.123ms
[2026-03-19T14:52:19.808+0800][97.934s][info][gc,marking  ] GC(256) Concurrent Scan Root Regions
[2026-03-19T14:52:19.809+0800][97.935s][info][gc,marking  ] GC(256) Concurrent Scan Root Regions 0.549ms
[2026-03-19T14:52:19.809+0800][97.935s][info][gc,marking  ] GC(256) Concurrent Mark
[2026-03-19T14:52:19.809+0800][97.935s][info][gc,marking  ] GC(256) Concurrent Mark From Roots
[2026-03-19T14:52:19.809+0800][97.935s][info][gc,task     ] GC(256) Using 3 workers of 3 for marking
[2026-03-19T14:52:19.819+0800][97.946s][info][gc,marking  ] GC(256) Concurrent Mark From Roots 10.684ms
[2026-03-19T14:52:19.819+0800][97.946s][info][gc,marking  ] GC(256) Concurrent Preclean
[2026-03-19T14:52:19.820+0800][97.946s][info][gc,marking  ] GC(256) Concurrent Preclean 0.344ms
[2026-03-19T14:52:19.820+0800][97.947s][info][gc,start    ] GC(256) Pause Remark
[2026-03-19T14:52:19.823+0800][97.950s][info][gc          ] GC(256) Pause Remark 49M->39M(128M) 3.564ms
[2026-03-19T14:52:19.824+0800][97.950s][info][gc,cpu      ] GC(256) User=0.00s Sys=0.00s Real=0.00s
[2026-03-19T14:52:19.824+0800][97.951s][info][gc,marking  ] GC(256) Concurrent Mark 15.580ms
[2026-03-19T14:52:19.824+0800][97.951s][info][gc,marking  ] GC(256) Concurrent Rebuild Remembered Sets
[2026-03-19T14:52:19.829+0800][97.955s][info][gc,marking  ] GC(256) Concurrent Rebuild Remembered Sets 4.293ms
[2026-03-19T14:52:19.829+0800][97.956s][info][gc,start    ] GC(256) Pause Cleanup
[2026-03-19T14:52:19.829+0800][97.956s][info][gc          ] GC(256) Pause Cleanup 39M->39M(128M) 0.264ms
[2026-03-19T14:52:19.830+0800][97.956s][info][gc,cpu      ] GC(256) User=0.00s Sys=0.00s Real=0.00s
[2026-03-19T14:52:19.830+0800][97.956s][info][gc,marking  ] GC(256) Concurrent Cleanup for Next Mark
[2026-03-19T14:52:19.830+0800][97.956s][info][gc,marking  ] GC(256) Concurrent Cleanup for Next Mark 0.406ms
[2026-03-19T14:52:19.830+0800][97.957s][info][gc          ] GC(256) Concurrent Mark Cycle 22.630ms
[2026-03-19T14:52:20.131+0800][98.258s][info][gc,start    ] GC(257) Pause Young (Concurrent Start) (G1 Humongous Allocation)
[2026-03-19T14:52:20.131+0800][98.258s][info][gc,task     ] GC(257) Using 3 workers of 13 for evacuation
[2026-03-19T14:52:20.134+0800][98.261s][info][gc,phases   ] GC(257)   Pre Evacuate Collection Set: 0.3ms
[2026-03-19T14:52:20.134+0800][98.261s][info][gc,phases   ] GC(257)   Merge Heap Roots: 0.2ms
[2026-03-19T14:52:20.134+0800][98.261s][info][gc,phases   ] GC(257)   Evacuate Collection Set: 0.9ms
[2026-03-19T14:52:20.134+0800][98.261s][info][gc,phases   ] GC(257)   Post Evacuate Collection Set: 0.7ms
[2026-03-19T14:52:20.134+0800][98.261s][info][gc,phases   ] GC(257)   Other: 0.5ms
[2026-03-19T14:52:20.134+0800][98.261s][info][gc,heap     ] GC(257) Eden regions: 5->0(49)
[2026-03-19T14:52:20.134+0800][98.261s][info][gc,heap     ] GC(257) Survivor regions: 2->2(7)
[2026-03-19T14:52:20.134+0800][98.261s][info][gc,heap     ] GC(257) Old regions: 19->19
[2026-03-19T14:52:20.134+0800][98.261s][info][gc,heap     ] GC(257) Archive regions: 0->0
[2026-03-19T14:52:20.134+0800][98.261s][info][gc,heap     ] GC(257) Humongous regions: 19->19
[2026-03-19T14:52:20.134+0800][98.261s][info][gc,metaspace] GC(257) Metaspace: 24188K(24640K)->24188K(24640K) NonClass: 21420K(21696K)->21420K(21696K) Class: 2768K(2944K)->2768K(2944K)
[2026-03-19T14:52:20.134+0800][98.261s][info][gc          ] GC(257) Pause Young (Concurrent Start) (G1 Humongous Allocation) 43M->38M(128M) 3.373ms
[2026-03-19T14:52:20.135+0800][98.262s][info][gc,cpu      ] GC(257) User=0.00s Sys=0.00s Real=0.00s
[2026-03-19T14:52:20.135+0800][98.262s][info][gc          ] GC(258) Concurrent Mark Cycle
[2026-03-19T14:52:20.135+0800][98.262s][info][gc,marking  ] GC(258) Concurrent Clear Claimed Marks
[2026-03-19T14:52:20.135+0800][98.262s][info][gc,marking  ] GC(258) Concurrent Clear Claimed Marks 0.114ms
[2026-03-19T14:52:20.135+0800][98.262s][info][gc,marking  ] GC(258) Concurrent Scan Root Regions
[2026-03-19T14:52:20.135+0800][98.263s][info][gc,marking  ] GC(258) Concurrent Scan Root Regions 0.437ms
[2026-03-19T14:52:20.135+0800][98.263s][info][gc,marking  ] GC(258) Concurrent Mark
[2026-03-19T14:52:20.135+0800][98.263s][info][gc,marking  ] GC(258) Concurrent Mark From Roots
[2026-03-19T14:52:20.135+0800][98.263s][info][gc,task     ] GC(258) Using 3 workers of 3 for marking
[2026-03-19T14:52:20.145+0800][98.271s][info][gc,marking  ] GC(258) Concurrent Mark From Roots 8.585ms
[2026-03-19T14:52:20.145+0800][98.272s][info][gc,marking  ] GC(258) Concurrent Preclean
[2026-03-19T14:52:20.145+0800][98.272s][info][gc,marking  ] GC(258) Concurrent Preclean 0.336ms
[2026-03-19T14:52:20.146+0800][98.272s][info][gc,start    ] GC(258) Pause Remark
[2026-03-19T14:52:20.150+0800][98.276s][info][gc          ] GC(258) Pause Remark 49M->39M(128M) 4.148ms
[2026-03-19T14:52:20.150+0800][98.277s][info][gc,cpu      ] GC(258) User=0.00s Sys=0.00s Real=0.00s
[2026-03-19T14:52:20.150+0800][98.277s][info][gc,marking  ] GC(258) Concurrent Mark 14.091ms
[2026-03-19T14:52:20.150+0800][98.277s][info][gc,marking  ] GC(258) Concurrent Rebuild Remembered Sets
[2026-03-19T14:52:20.154+0800][98.281s][info][gc,marking  ] GC(258) Concurrent Rebuild Remembered Sets 3.756ms
[2026-03-19T14:52:20.155+0800][98.281s][info][gc,start    ] GC(258) Pause Cleanup
[2026-03-19T14:52:20.155+0800][98.281s][info][gc          ] GC(258) Pause Cleanup 39M->39M(128M) 0.403ms
[2026-03-19T14:52:20.155+0800][98.282s][info][gc,cpu      ] GC(258) User=0.02s Sys=0.00s Real=0.00s
[2026-03-19T14:52:20.155+0800][98.282s][info][gc,marking  ] GC(258) Concurrent Cleanup for Next Mark
[2026-03-19T14:52:20.156+0800][98.282s][info][gc,marking  ] GC(258) Concurrent Cleanup for Next Mark 0.424ms
[2026-03-19T14:52:20.156+0800][98.282s][info][gc          ] GC(258) Concurrent Mark Cycle 20.476ms
[2026-03-19T14:52:20.458+0800][98.585s][info][gc,start    ] GC(259) Pause Young (Concurrent Start) (G1 Humongous Allocation)
[2026-03-19T14:52:20.459+0800][98.585s][info][gc,task     ] GC(259) Using 3 workers of 13 for evacuation
[2026-03-19T14:52:20.461+0800][98.588s][info][gc,phases   ] GC(259)   Pre Evacuate Collection Set: 0.2ms
[2026-03-19T14:52:20.461+0800][98.588s][info][gc,phases   ] GC(259)   Merge Heap Roots: 0.2ms
[2026-03-19T14:52:20.461+0800][98.588s][info][gc,phases   ] GC(259)   Evacuate Collection Set: 0.9ms
[2026-03-19T14:52:20.461+0800][98.588s][info][gc,phases   ] GC(259)   Post Evacuate Collection Set: 0.6ms
[2026-03-19T14:52:20.461+0800][98.588s][info][gc,phases   ] GC(259)   Other: 0.7ms
[2026-03-19T14:52:20.461+0800][98.588s][info][gc,heap     ] GC(259) Eden regions: 5->0(49)
[2026-03-19T14:52:20.462+0800][98.588s][info][gc,heap     ] GC(259) Survivor regions: 2->2(7)
[2026-03-19T14:52:20.462+0800][98.588s][info][gc,heap     ] GC(259) Old regions: 19->19
[2026-03-19T14:52:20.462+0800][98.589s][info][gc,heap     ] GC(259) Archive regions: 0->0
[2026-03-19T14:52:20.462+0800][98.589s][info][gc,heap     ] GC(259) Humongous regions: 19->19
[2026-03-19T14:52:20.462+0800][98.589s][info][gc,metaspace] GC(259) Metaspace: 24194K(24640K)->24194K(24640K) NonClass: 21426K(21696K)->21426K(21696K) Class: 2768K(2944K)->2768K(2944K)
[2026-03-19T14:52:20.462+0800][98.589s][info][gc          ] GC(259) Pause Young (Concurrent Start) (G1 Humongous Allocation) 42M->38M(128M) 3.745ms
[2026-03-19T14:52:20.462+0800][98.589s][info][gc,cpu      ] GC(259) User=0.00s Sys=0.00s Real=0.00s
[2026-03-19T14:52:20.462+0800][98.589s][info][gc          ] GC(260) Concurrent Mark Cycle
[2026-03-19T14:52:20.463+0800][98.589s][info][gc,marking  ] GC(260) Concurrent Clear Claimed Marks
[2026-03-19T14:52:20.463+0800][98.590s][info][gc,marking  ] GC(260) Concurrent Clear Claimed Marks 0.139ms
[2026-03-19T14:52:20.463+0800][98.590s][info][gc,marking  ] GC(260) Concurrent Scan Root Regions
[2026-03-19T14:52:20.463+0800][98.590s][info][gc,marking  ] GC(260) Concurrent Scan Root Regions 0.570ms
[2026-03-19T14:52:20.464+0800][98.590s][info][gc,marking  ] GC(260) Concurrent Mark
[2026-03-19T14:52:20.464+0800][98.591s][info][gc,marking  ] GC(260) Concurrent Mark From Roots
[2026-03-19T14:52:20.464+0800][98.591s][info][gc,task     ] GC(260) Using 3 workers of 3 for marking
[2026-03-19T14:52:20.476+0800][98.603s][info][gc,marking  ] GC(260) Concurrent Mark From Roots 12.203ms
[2026-03-19T14:52:20.477+0800][98.603s][info][gc,marking  ] GC(260) Concurrent Preclean
[2026-03-19T14:52:20.477+0800][98.603s][info][gc,marking  ] GC(260) Concurrent Preclean 0.490ms
[2026-03-19T14:52:20.477+0800][98.604s][info][gc,start    ] GC(260) Pause Remark
[2026-03-19T14:52:20.483+0800][98.610s][info][gc          ] GC(260) Pause Remark 49M->39M(128M) 6.271ms
[2026-03-19T14:52:20.484+0800][98.611s][info][gc,cpu      ] GC(260) User=0.00s Sys=0.02s Real=0.01s
[2026-03-19T14:52:20.484+0800][98.611s][info][gc,marking  ] GC(260) Concurrent Mark 20.471ms
[2026-03-19T14:52:20.484+0800][98.611s][info][gc,marking  ] GC(260) Concurrent Rebuild Remembered Sets
[2026-03-19T14:52:20.492+0800][98.619s][info][gc,marking  ] GC(260) Concurrent Rebuild Remembered Sets 7.388ms
[2026-03-19T14:52:20.492+0800][98.619s][info][gc,start    ] GC(260) Pause Cleanup
[2026-03-19T14:52:20.493+0800][98.620s][info][gc          ] GC(260) Pause Cleanup 39M->39M(128M) 0.485ms
[2026-03-19T14:52:20.493+0800][98.620s][info][gc,cpu      ] GC(260) User=0.00s Sys=0.00s Real=0.00s
[2026-03-19T14:52:20.493+0800][98.620s][info][gc,marking  ] GC(260) Concurrent Cleanup for Next Mark
[2026-03-19T14:52:20.494+0800][98.621s][info][gc,marking  ] GC(260) Concurrent Cleanup for Next Mark 0.560ms
[2026-03-19T14:52:20.494+0800][98.621s][info][gc          ] GC(260) Concurrent Mark Cycle 31.750ms
[2026-03-19T14:52:20.785+0800][98.912s][info][gc,start    ] GC(261) Pause Young (Concurrent Start) (G1 Humongous Allocation)
[2026-03-19T14:52:20.786+0800][98.912s][info][gc,task     ] GC(261) Using 3 workers of 13 for evacuation
[2026-03-19T14:52:20.789+0800][98.915s][info][gc,phases   ] GC(261)   Pre Evacuate Collection Set: 0.3ms
[2026-03-19T14:52:20.789+0800][98.915s][info][gc,phases   ] GC(261)   Merge Heap Roots: 0.2ms
[2026-03-19T14:52:20.789+0800][98.915s][info][gc,phases   ] GC(261)   Evacuate Collection Set: 0.9ms
[2026-03-19T14:52:20.789+0800][98.915s][info][gc,phases   ] GC(261)   Post Evacuate Collection Set: 0.8ms
[2026-03-19T14:52:20.789+0800][98.915s][info][gc,phases   ] GC(261)   Other: 0.6ms
[2026-03-19T14:52:20.789+0800][98.915s][info][gc,heap     ] GC(261) Eden regions: 5->0(48)
[2026-03-19T14:52:20.789+0800][98.915s][info][gc,heap     ] GC(261) Survivor regions: 2->2(7)
[2026-03-19T14:52:20.789+0800][98.915s][info][gc,heap     ] GC(261) Old regions: 19->19
[2026-03-19T14:52:20.789+0800][98.916s][info][gc,heap     ] GC(261) Archive regions: 0->0
[2026-03-19T14:52:20.789+0800][98.916s][info][gc,heap     ] GC(261) Humongous regions: 19->19
[2026-03-19T14:52:20.789+0800][98.916s][info][gc,metaspace] GC(261) Metaspace: 24199K(24640K)->24199K(24640K) NonClass: 21431K(21696K)->21431K(21696K) Class: 2768K(2944K)->2768K(2944K)
[2026-03-19T14:52:20.790+0800][98.916s][info][gc          ] GC(261) Pause Young (Concurrent Start) (G1 Humongous Allocation) 43M->38M(128M) 3.732ms
[2026-03-19T14:52:20.790+0800][98.916s][info][gc,cpu      ] GC(261) User=0.00s Sys=0.00s Real=0.00s
[2026-03-19T14:52:20.790+0800][98.916s][info][gc          ] GC(262) Concurrent Mark Cycle
[2026-03-19T14:52:20.790+0800][98.916s][info][gc,marking  ] GC(262) Concurrent Clear Claimed Marks
[2026-03-19T14:52:20.790+0800][98.916s][info][gc,marking  ] GC(262) Concurrent Clear Claimed Marks 0.124ms
[2026-03-19T14:52:20.790+0800][98.916s][info][gc,marking  ] GC(262) Concurrent Scan Root Regions
[2026-03-19T14:52:20.791+0800][98.917s][info][gc,marking  ] GC(262) Concurrent Scan Root Regions 0.582ms
[2026-03-19T14:52:20.791+0800][98.917s][info][gc,marking  ] GC(262) Concurrent Mark
[2026-03-19T14:52:20.791+0800][98.917s][info][gc,marking  ] GC(262) Concurrent Mark From Roots
[2026-03-19T14:52:20.791+0800][98.917s][info][gc,task     ] GC(262) Using 3 workers of 3 for marking
[2026-03-19T14:52:20.802+0800][98.928s][info][gc,marking  ] GC(262) Concurrent Mark From Roots 11.074ms
[2026-03-19T14:52:20.802+0800][98.929s][info][gc,marking  ] GC(262) Concurrent Preclean
[2026-03-19T14:52:20.802+0800][98.929s][info][gc,marking  ] GC(262) Concurrent Preclean 0.363ms
[2026-03-19T14:52:20.803+0800][98.929s][info][gc,start    ] GC(262) Pause Remark
[2026-03-19T14:52:20.811+0800][98.937s][info][gc          ] GC(262) Pause Remark 49M->39M(128M) 7.964ms
[2026-03-19T14:52:20.811+0800][98.938s][info][gc,cpu      ] GC(262) User=0.02s Sys=0.00s Real=0.01s
[2026-03-19T14:52:20.812+0800][98.938s][info][gc,marking  ] GC(262) Concurrent Mark 20.712ms
[2026-03-19T14:52:20.812+0800][98.938s][info][gc,marking  ] GC(262) Concurrent Rebuild Remembered Sets
[2026-03-19T14:52:20.816+0800][98.943s][info][gc,marking  ] GC(262) Concurrent Rebuild Remembered Sets 4.518ms
[2026-03-19T14:52:20.817+0800][98.943s][info][gc,start    ] GC(262) Pause Cleanup
[2026-03-19T14:52:20.817+0800][98.944s][info][gc          ] GC(262) Pause Cleanup 39M->39M(128M) 0.460ms
[2026-03-19T14:52:20.817+0800][98.944s][info][gc,cpu      ] GC(262) User=0.00s Sys=0.00s Real=0.00s
[2026-03-19T14:52:20.817+0800][98.944s][info][gc,marking  ] GC(262) Concurrent Cleanup for Next Mark
[2026-03-19T14:52:20.818+0800][98.945s][info][gc,marking  ] GC(262) Concurrent Cleanup for Next Mark 0.633ms
[2026-03-19T14:52:20.818+0800][98.945s][info][gc          ] GC(262) Concurrent Mark Cycle 28.995ms
[2026-03-19T14:52:21.099+0800][99.226s][info][gc,start    ] GC(263) Pause Young (Concurrent Start) (G1 Humongous Allocation)
[2026-03-19T14:52:21.099+0800][99.226s][info][gc,task     ] GC(263) Using 3 workers of 13 for evacuation
[2026-03-19T14:52:21.101+0800][99.228s][info][gc,phases   ] GC(263)   Pre Evacuate Collection Set: 0.3ms
[2026-03-19T14:52:21.102+0800][99.229s][info][gc,phases   ] GC(263)   Merge Heap Roots: 0.1ms
[2026-03-19T14:52:21.102+0800][99.229s][info][gc,phases   ] GC(263)   Evacuate Collection Set: 0.9ms
[2026-03-19T14:52:21.102+0800][99.229s][info][gc,phases   ] GC(263)   Post Evacuate Collection Set: 0.8ms
[2026-03-19T14:52:21.102+0800][99.229s][info][gc,phases   ] GC(263)   Other: 0.4ms
[2026-03-19T14:52:21.102+0800][99.229s][info][gc,heap     ] GC(263) Eden regions: 5->0(48)
[2026-03-19T14:52:21.102+0800][99.229s][info][gc,heap     ] GC(263) Survivor regions: 2->2(7)
[2026-03-19T14:52:21.102+0800][99.229s][info][gc,heap     ] GC(263) Old regions: 19->19
[2026-03-19T14:52:21.102+0800][99.229s][info][gc,heap     ] GC(263) Archive regions: 0->0
[2026-03-19T14:52:21.102+0800][99.229s][info][gc,heap     ] GC(263) Humongous regions: 19->19
[2026-03-19T14:52:21.102+0800][99.229s][info][gc,metaspace] GC(263) Metaspace: 24200K(24640K)->24200K(24640K) NonClass: 21432K(21696K)->21432K(21696K) Class: 2768K(2944K)->2768K(2944K)
[2026-03-19T14:52:21.102+0800][99.229s][info][gc          ] GC(263) Pause Young (Concurrent Start) (G1 Humongous Allocation) 42M->38M(128M) 3.413ms
[2026-03-19T14:52:21.102+0800][99.229s][info][gc,cpu      ] GC(263) User=0.00s Sys=0.00s Real=0.00s
[2026-03-19T14:52:21.103+0800][99.230s][info][gc          ] GC(264) Concurrent Mark Cycle
[2026-03-19T14:52:21.103+0800][99.230s][info][gc,marking  ] GC(264) Concurrent Clear Claimed Marks
[2026-03-19T14:52:21.103+0800][99.230s][info][gc,marking  ] GC(264) Concurrent Clear Claimed Marks 0.137ms
[2026-03-19T14:52:21.103+0800][99.230s][info][gc,marking  ] GC(264) Concurrent Scan Root Regions
[2026-03-19T14:52:21.104+0800][99.231s][info][gc,marking  ] GC(264) Concurrent Scan Root Regions 0.580ms
[2026-03-19T14:52:21.104+0800][99.231s][info][gc,marking  ] GC(264) Concurrent Mark
[2026-03-19T14:52:21.104+0800][99.231s][info][gc,marking  ] GC(264) Concurrent Mark From Roots
[2026-03-19T14:52:21.104+0800][99.231s][info][gc,task     ] GC(264) Using 3 workers of 3 for marking
[2026-03-19T14:52:21.117+0800][99.243s][info][gc,marking  ] GC(264) Concurrent Mark From Roots 12.131ms
[2026-03-19T14:52:21.117+0800][99.243s][info][gc,marking  ] GC(264) Concurrent Preclean
[2026-03-19T14:52:21.117+0800][99.244s][info][gc,marking  ] GC(264) Concurrent Preclean 0.394ms
[2026-03-19T14:52:21.117+0800][99.244s][info][gc,start    ] GC(264) Pause Remark
[2026-03-19T14:52:21.123+0800][99.250s][info][gc          ] GC(264) Pause Remark 49M->39M(128M) 5.853ms
[2026-03-19T14:52:21.123+0800][99.250s][info][gc,cpu      ] GC(264) User=0.00s Sys=0.00s Real=0.01s
[2026-03-19T14:52:21.125+0800][99.251s][info][gc,marking  ] GC(264) Concurrent Mark 19.928ms
[2026-03-19T14:52:21.125+0800][99.251s][info][gc,marking  ] GC(264) Concurrent Rebuild Remembered Sets
[2026-03-19T14:52:21.131+0800][99.257s][info][gc,marking  ] GC(264) Concurrent Rebuild Remembered Sets 6.420ms
[2026-03-19T14:52:21.131+0800][99.258s][info][gc,start    ] GC(264) Pause Cleanup
[2026-03-19T14:52:21.132+0800][99.259s][info][gc          ] GC(264) Pause Cleanup 39M->39M(128M) 0.579ms
[2026-03-19T14:52:21.132+0800][99.259s][info][gc,cpu      ] GC(264) User=0.00s Sys=0.00s Real=0.00s
[2026-03-19T14:52:21.132+0800][99.259s][info][gc,marking  ] GC(264) Concurrent Cleanup for Next Mark
[2026-03-19T14:52:21.133+0800][99.260s][info][gc,marking  ] GC(264) Concurrent Cleanup for Next Mark 0.649ms
[2026-03-19T14:52:21.133+0800][99.260s][info][gc          ] GC(264) Concurrent Mark Cycle 30.400ms
[2026-03-19T14:52:21.414+0800][99.540s][info][gc,start    ] GC(265) Pause Young (Concurrent Start) (G1 Humongous Allocation)
[2026-03-19T14:52:21.414+0800][99.540s][info][gc,task     ] GC(265) Using 3 workers of 13 for evacuation
[2026-03-19T14:52:21.416+0800][99.543s][info][gc,phases   ] GC(265)   Pre Evacuate Collection Set: 0.2ms
[2026-03-19T14:52:21.416+0800][99.543s][info][gc,phases   ] GC(265)   Merge Heap Roots: 0.2ms
[2026-03-19T14:52:21.416+0800][99.543s][info][gc,phases   ] GC(265)   Evacuate Collection Set: 1.1ms
[2026-03-19T14:52:21.416+0800][99.543s][info][gc,phases   ] GC(265)   Post Evacuate Collection Set: 0.7ms
[2026-03-19T14:52:21.416+0800][99.543s][info][gc,phases   ] GC(265)   Other: 0.5ms
[2026-03-19T14:52:21.416+0800][99.543s][info][gc,heap     ] GC(265) Eden regions: 5->0(48)
[2026-03-19T14:52:21.416+0800][99.543s][info][gc,heap     ] GC(265) Survivor regions: 2->2(7)
[2026-03-19T14:52:21.416+0800][99.543s][info][gc,heap     ] GC(265) Old regions: 19->19
[2026-03-19T14:52:21.417+0800][99.543s][info][gc,heap     ] GC(265) Archive regions: 0->0
[2026-03-19T14:52:21.417+0800][99.543s][info][gc,heap     ] GC(265) Humongous regions: 19->19
[2026-03-19T14:52:21.417+0800][99.543s][info][gc,metaspace] GC(265) Metaspace: 24213K(24640K)->24213K(24640K) NonClass: 21444K(21696K)->21444K(21696K) Class: 2768K(2944K)->2768K(2944K)
[2026-03-19T14:52:21.417+0800][99.543s][info][gc          ] GC(265) Pause Young (Concurrent Start) (G1 Humongous Allocation) 43M->38M(128M) 3.490ms
[2026-03-19T14:52:21.417+0800][99.544s][info][gc,cpu      ] GC(265) User=0.00s Sys=0.00s Real=0.00s
[2026-03-19T14:52:21.417+0800][99.544s][info][gc          ] GC(266) Concurrent Mark Cycle
[2026-03-19T14:52:21.417+0800][99.544s][info][gc,marking  ] GC(266) Concurrent Clear Claimed Marks
[2026-03-19T14:52:21.417+0800][99.544s][info][gc,marking  ] GC(266) Concurrent Clear Claimed Marks 0.107ms
[2026-03-19T14:52:21.417+0800][99.544s][info][gc,marking  ] GC(266) Concurrent Scan Root Regions
[2026-03-19T14:52:21.418+0800][99.544s][info][gc,marking  ] GC(266) Concurrent Scan Root Regions 0.331ms
[2026-03-19T14:52:21.418+0800][99.544s][info][gc,marking  ] GC(266) Concurrent Mark
[2026-03-19T14:52:21.418+0800][99.544s][info][gc,marking  ] GC(266) Concurrent Mark From Roots
[2026-03-19T14:52:21.418+0800][99.545s][info][gc,task     ] GC(266) Using 3 workers of 3 for marking
[2026-03-19T14:52:21.431+0800][99.557s][info][gc,marking  ] GC(266) Concurrent Mark From Roots 12.602ms
[2026-03-19T14:52:21.431+0800][99.557s][info][gc,marking  ] GC(266) Concurrent Preclean
[2026-03-19T14:52:21.431+0800][99.558s][info][gc,marking  ] GC(266) Concurrent Preclean 0.542ms
[2026-03-19T14:52:21.432+0800][99.559s][info][gc,start    ] GC(266) Pause Remark
[2026-03-19T14:52:21.437+0800][99.564s][info][gc          ] GC(266) Pause Remark 49M->39M(128M) 5.956ms
[2026-03-19T14:52:21.437+0800][99.565s][info][gc,cpu      ] GC(266) User=0.03s Sys=0.03s Real=0.01s
[2026-03-19T14:52:21.439+0800][99.565s][info][gc,marking  ] GC(266) Concurrent Mark 20.439ms
[2026-03-19T14:52:21.439+0800][99.565s][info][gc,marking  ] GC(266) Concurrent Rebuild Remembered Sets
[2026-03-19T14:52:21.445+0800][99.571s][info][gc,marking  ] GC(266) Concurrent Rebuild Remembered Sets 5.711ms
[2026-03-19T14:52:21.445+0800][99.571s][info][gc,start    ] GC(266) Pause Cleanup
[2026-03-19T14:52:21.445+0800][99.571s][info][gc          ] GC(266) Pause Cleanup 39M->39M(128M) 0.276ms
[2026-03-19T14:52:21.445+0800][99.572s][info][gc,cpu      ] GC(266) User=0.00s Sys=0.00s Real=0.00s
[2026-03-19T14:52:21.445+0800][99.572s][info][gc,marking  ] GC(266) Concurrent Cleanup for Next Mark
[2026-03-19T14:52:21.446+0800][99.572s][info][gc,marking  ] GC(266) Concurrent Cleanup for Next Mark 0.385ms
[2026-03-19T14:52:21.446+0800][99.572s][info][gc          ] GC(266) Concurrent Mark Cycle 28.705ms
[2026-03-19T14:52:21.740+0800][99.866s][info][gc,start    ] GC(267) Pause Young (Concurrent Start) (G1 Humongous Allocation)
[2026-03-19T14:52:21.740+0800][99.866s][info][gc,task     ] GC(267) Using 3 workers of 13 for evacuation
[2026-03-19T14:52:21.743+0800][99.869s][info][gc,phases   ] GC(267)   Pre Evacuate Collection Set: 0.3ms
[2026-03-19T14:52:21.743+0800][99.870s][info][gc,phases   ] GC(267)   Merge Heap Roots: 0.2ms
[2026-03-19T14:52:21.743+0800][99.870s][info][gc,phases   ] GC(267)   Evacuate Collection Set: 1.1ms
[2026-03-19T14:52:21.743+0800][99.870s][info][gc,phases   ] GC(267)   Post Evacuate Collection Set: 1.0ms
[2026-03-19T14:52:21.743+0800][99.870s][info][gc,phases   ] GC(267)   Other: 0.5ms
[2026-03-19T14:52:21.743+0800][99.870s][info][gc,heap     ] GC(267) Eden regions: 5->0(48)
[2026-03-19T14:52:21.743+0800][99.870s][info][gc,heap     ] GC(267) Survivor regions: 2->2(7)
[2026-03-19T14:52:21.743+0800][99.870s][info][gc,heap     ] GC(267) Old regions: 19->19
[2026-03-19T14:52:21.743+0800][99.870s][info][gc,heap     ] GC(267) Archive regions: 0->0
[2026-03-19T14:52:21.743+0800][99.870s][info][gc,heap     ] GC(267) Humongous regions: 19->19
[2026-03-19T14:52:21.744+0800][99.870s][info][gc,metaspace] GC(267) Metaspace: 24247K(24640K)->24247K(24640K) NonClass: 21479K(21696K)->21479K(21696K) Class: 2768K(2944K)->2768K(2944K)
[2026-03-19T14:52:21.744+0800][99.870s][info][gc          ] GC(267) Pause Young (Concurrent Start) (G1 Humongous Allocation) 43M->38M(128M) 3.871ms
[2026-03-19T14:52:21.744+0800][99.870s][info][gc,cpu      ] GC(267) User=0.00s Sys=0.00s Real=0.00s
[2026-03-19T14:52:21.744+0800][99.870s][info][gc          ] GC(268) Concurrent Mark Cycle
[2026-03-19T14:52:21.744+0800][99.870s][info][gc,marking  ] GC(268) Concurrent Clear Claimed Marks
[2026-03-19T14:52:21.744+0800][99.870s][info][gc,marking  ] GC(268) Concurrent Clear Claimed Marks 0.057ms
[2026-03-19T14:52:21.744+0800][99.870s][info][gc,marking  ] GC(268) Concurrent Scan Root Regions
[2026-03-19T14:52:21.744+0800][99.871s][info][gc,marking  ] GC(268) Concurrent Scan Root Regions 0.356ms
[2026-03-19T14:52:21.744+0800][99.871s][info][gc,marking  ] GC(268) Concurrent Mark
[2026-03-19T14:52:21.744+0800][99.871s][info][gc,marking  ] GC(268) Concurrent Mark From Roots
[2026-03-19T14:52:21.745+0800][99.871s][info][gc,task     ] GC(268) Using 3 workers of 3 for marking
[2026-03-19T14:52:21.752+0800][99.879s][info][gc,marking  ] GC(268) Concurrent Mark From Roots 7.512ms
[2026-03-19T14:52:21.752+0800][99.879s][info][gc,marking  ] GC(268) Concurrent Preclean
[2026-03-19T14:52:21.752+0800][99.879s][info][gc,marking  ] GC(268) Concurrent Preclean 0.214ms
[2026-03-19T14:52:21.753+0800][99.879s][info][gc,start    ] GC(268) Pause Remark
[2026-03-19T14:52:21.759+0800][99.886s][info][gc          ] GC(268) Pause Remark 49M->39M(128M) 6.901ms
[2026-03-19T14:52:21.759+0800][99.886s][info][gc,cpu      ] GC(268) User=0.00s Sys=0.00s Real=0.01s
[2026-03-19T14:52:21.759+0800][99.886s][info][gc,marking  ] GC(268) Concurrent Mark 15.497ms
[2026-03-19T14:52:21.759+0800][99.887s][info][gc,marking  ] GC(268) Concurrent Rebuild Remembered Sets
[2026-03-19T14:52:21.763+0800][99.890s][info][gc,marking  ] GC(268) Concurrent Rebuild Remembered Sets 3.484ms
[2026-03-19T14:52:21.763+0800][99.891s][info][gc,start    ] GC(268) Pause Cleanup
[2026-03-19T14:52:21.765+0800][99.891s][info][gc          ] GC(268) Pause Cleanup 39M->39M(128M) 0.341ms
[2026-03-19T14:52:21.765+0800][99.891s][info][gc,cpu      ] GC(268) User=0.00s Sys=0.00s Real=0.00s
[2026-03-19T14:52:21.765+0800][99.891s][info][gc,marking  ] GC(268) Concurrent Cleanup for Next Mark
[2026-03-19T14:52:21.766+0800][99.892s][info][gc,marking  ] GC(268) Concurrent Cleanup for Next Mark 0.430ms
[2026-03-19T14:52:21.766+0800][99.892s][info][gc          ] GC(268) Concurrent Mark Cycle 21.662ms
[2026-03-19T14:52:22.051+0800][100.177s][info][gc,start    ] GC(269) Pause Young (Concurrent Start) (G1 Humongous Allocation)
[2026-03-19T14:52:22.051+0800][100.178s][info][gc,task     ] GC(269) Using 3 workers of 13 for evacuation
[2026-03-19T14:52:22.053+0800][100.179s][info][gc,phases   ] GC(269)   Pre Evacuate Collection Set: 0.2ms
[2026-03-19T14:52:22.053+0800][100.180s][info][gc,phases   ] GC(269)   Merge Heap Roots: 0.1ms
[2026-03-19T14:52:22.053+0800][100.180s][info][gc,phases   ] GC(269)   Evacuate Collection Set: 0.8ms
[2026-03-19T14:52:22.053+0800][100.180s][info][gc,phases   ] GC(269)   Post Evacuate Collection Set: 0.6ms
[2026-03-19T14:52:22.053+0800][100.180s][info][gc,phases   ] GC(269)   Other: 0.4ms
[2026-03-19T14:52:22.053+0800][100.180s][info][gc,heap     ] GC(269) Eden regions: 5->0(48)
[2026-03-19T14:52:22.053+0800][100.180s][info][gc,heap     ] GC(269) Survivor regions: 2->2(7)
[2026-03-19T14:52:22.053+0800][100.180s][info][gc,heap     ] GC(269) Old regions: 19->19
[2026-03-19T14:52:22.053+0800][100.180s][info][gc,heap     ] GC(269) Archive regions: 0->0
[2026-03-19T14:52:22.053+0800][100.180s][info][gc,heap     ] GC(269) Humongous regions: 19->19
[2026-03-19T14:52:22.053+0800][100.180s][info][gc,metaspace] GC(269) Metaspace: 24248K(24640K)->24248K(24640K) NonClass: 21480K(21696K)->21480K(21696K) Class: 2768K(2944K)->2768K(2944K)
[2026-03-19T14:52:22.054+0800][100.180s][info][gc          ] GC(269) Pause Young (Concurrent Start) (G1 Humongous Allocation) 42M->38M(128M) 2.820ms
[2026-03-19T14:52:22.054+0800][100.180s][info][gc,cpu      ] GC(269) User=0.00s Sys=0.00s Real=0.00s
[2026-03-19T14:52:22.054+0800][100.180s][info][gc          ] GC(270) Concurrent Mark Cycle
[2026-03-19T14:52:22.054+0800][100.180s][info][gc,marking  ] GC(270) Concurrent Clear Claimed Marks
[2026-03-19T14:52:22.054+0800][100.180s][info][gc,marking  ] GC(270) Concurrent Clear Claimed Marks 0.068ms
[2026-03-19T14:52:22.054+0800][100.181s][info][gc,marking  ] GC(270) Concurrent Scan Root Regions
[2026-03-19T14:52:22.054+0800][100.181s][info][gc,marking  ] GC(270) Concurrent Scan Root Regions 0.392ms
[2026-03-19T14:52:22.054+0800][100.181s][info][gc,marking  ] GC(270) Concurrent Mark
[2026-03-19T14:52:22.055+0800][100.181s][info][gc,marking  ] GC(270) Concurrent Mark From Roots
[2026-03-19T14:52:22.055+0800][100.181s][info][gc,task     ] GC(270) Using 3 workers of 3 for marking
[2026-03-19T14:52:22.064+0800][100.191s][info][gc,marking  ] GC(270) Concurrent Mark From Roots 9.591ms
[2026-03-19T14:52:22.064+0800][100.191s][info][gc,marking  ] GC(270) Concurrent Preclean
[2026-03-19T14:52:22.064+0800][100.191s][info][gc,marking  ] GC(270) Concurrent Preclean 0.292ms
[2026-03-19T14:52:22.064+0800][100.192s][info][gc,start    ] GC(270) Pause Remark
[2026-03-19T14:52:22.070+0800][100.197s][info][gc          ] GC(270) Pause Remark 49M->39M(128M) 5.299ms
[2026-03-19T14:52:22.070+0800][100.197s][info][gc,cpu      ] GC(270) User=0.00s Sys=0.00s Real=0.01s
[2026-03-19T14:52:22.070+0800][100.197s][info][gc,marking  ] GC(270) Concurrent Mark 16.145ms
[2026-03-19T14:52:22.071+0800][100.197s][info][gc,marking  ] GC(270) Concurrent Rebuild Remembered Sets
[2026-03-19T14:52:22.075+0800][100.201s][info][gc,marking  ] GC(270) Concurrent Rebuild Remembered Sets 4.136ms
[2026-03-19T14:52:22.075+0800][100.202s][info][gc,start    ] GC(270) Pause Cleanup
[2026-03-19T14:52:22.076+0800][100.203s][info][gc          ] GC(270) Pause Cleanup 39M->39M(128M) 0.646ms
[2026-03-19T14:52:22.076+0800][100.203s][info][gc,cpu      ] GC(270) User=0.00s Sys=0.00s Real=0.00s
[2026-03-19T14:52:22.076+0800][100.203s][info][gc,marking  ] GC(270) Concurrent Cleanup for Next Mark
[2026-03-19T14:52:22.077+0800][100.204s][info][gc,marking  ] GC(270) Concurrent Cleanup for Next Mark 0.485ms
[2026-03-19T14:52:22.077+0800][100.204s][info][gc          ] GC(270) Concurrent Mark Cycle 23.439ms
[2026-03-19T14:52:22.378+0800][100.505s][info][gc,start    ] GC(271) Pause Young (Concurrent Start) (G1 Humongous Allocation)
[2026-03-19T14:52:22.378+0800][100.505s][info][gc,task     ] GC(271) Using 3 workers of 13 for evacuation
[2026-03-19T14:52:22.380+0800][100.507s][info][gc,phases   ] GC(271)   Pre Evacuate Collection Set: 0.2ms
[2026-03-19T14:52:22.381+0800][100.507s][info][gc,phases   ] GC(271)   Merge Heap Roots: 0.2ms
[2026-03-19T14:52:22.381+0800][100.508s][info][gc,phases   ] GC(271)   Evacuate Collection Set: 0.9ms
[2026-03-19T14:52:22.381+0800][100.508s][info][gc,phases   ] GC(271)   Post Evacuate Collection Set: 0.8ms
[2026-03-19T14:52:22.381+0800][100.508s][info][gc,phases   ] GC(271)   Other: 0.4ms
[2026-03-19T14:52:22.381+0800][100.508s][info][gc,heap     ] GC(271) Eden regions: 5->0(49)
[2026-03-19T14:52:22.381+0800][100.508s][info][gc,heap     ] GC(271) Survivor regions: 2->2(7)
[2026-03-19T14:52:22.381+0800][100.508s][info][gc,heap     ] GC(271) Old regions: 19->19
[2026-03-19T14:52:22.381+0800][100.508s][info][gc,heap     ] GC(271) Archive regions: 0->0
[2026-03-19T14:52:22.381+0800][100.508s][info][gc,heap     ] GC(271) Humongous regions: 19->19
[2026-03-19T14:52:22.381+0800][100.508s][info][gc,metaspace] GC(271) Metaspace: 24256K(24640K)->24256K(24640K) NonClass: 21488K(21696K)->21488K(21696K) Class: 2768K(2944K)->2768K(2944K)
[2026-03-19T14:52:22.382+0800][100.508s][info][gc          ] GC(271) Pause Young (Concurrent Start) (G1 Humongous Allocation) 43M->38M(128M) 3.495ms
[2026-03-19T14:52:22.382+0800][100.508s][info][gc,cpu      ] GC(271) User=0.00s Sys=0.00s Real=0.00s
[2026-03-19T14:52:22.382+0800][100.508s][info][gc          ] GC(272) Concurrent Mark Cycle
[2026-03-19T14:52:22.382+0800][100.508s][info][gc,marking  ] GC(272) Concurrent Clear Claimed Marks
[2026-03-19T14:52:22.382+0800][100.509s][info][gc,marking  ] GC(272) Concurrent Clear Claimed Marks 0.086ms
[2026-03-19T14:52:22.382+0800][100.509s][info][gc,marking  ] GC(272) Concurrent Scan Root Regions
[2026-03-19T14:52:22.382+0800][100.509s][info][gc,marking  ] GC(272) Concurrent Scan Root Regions 0.418ms
[2026-03-19T14:52:22.383+0800][100.509s][info][gc,marking  ] GC(272) Concurrent Mark
[2026-03-19T14:52:22.383+0800][100.509s][info][gc,marking  ] GC(272) Concurrent Mark From Roots
[2026-03-19T14:52:22.383+0800][100.509s][info][gc,task     ] GC(272) Using 3 workers of 3 for marking
[2026-03-19T14:52:22.389+0800][100.516s][info][gc,marking  ] GC(272) Concurrent Mark From Roots 6.840ms
[2026-03-19T14:52:22.389+0800][100.516s][info][gc,marking  ] GC(272) Concurrent Preclean
[2026-03-19T14:52:22.389+0800][100.516s][info][gc,marking  ] GC(272) Concurrent Preclean 0.195ms
[2026-03-19T14:52:22.390+0800][100.517s][info][gc,start    ] GC(272) Pause Remark
[2026-03-19T14:52:22.394+0800][100.521s][info][gc          ] GC(272) Pause Remark 49M->39M(128M) 4.217ms
[2026-03-19T14:52:22.394+0800][100.521s][info][gc,cpu      ] GC(272) User=0.00s Sys=0.00s Real=0.00s
[2026-03-19T14:52:22.394+0800][100.521s][info][gc,marking  ] GC(272) Concurrent Mark 12.033ms
[2026-03-19T14:52:22.394+0800][100.521s][info][gc,marking  ] GC(272) Concurrent Rebuild Remembered Sets
[2026-03-19T14:52:22.399+0800][100.526s][info][gc,marking  ] GC(272) Concurrent Rebuild Remembered Sets 4.255ms
[2026-03-19T14:52:22.399+0800][100.526s][info][gc,start    ] GC(272) Pause Cleanup
[2026-03-19T14:52:22.400+0800][100.526s][info][gc          ] GC(272) Pause Cleanup 39M->39M(128M) 0.271ms
[2026-03-19T14:52:22.400+0800][100.526s][info][gc,cpu      ] GC(272) User=0.00s Sys=0.00s Real=0.00s
[2026-03-19T14:52:22.400+0800][100.527s][info][gc,marking  ] GC(272) Concurrent Cleanup for Next Mark
[2026-03-19T14:52:22.400+0800][100.527s][info][gc,marking  ] GC(272) Concurrent Cleanup for Next Mark 0.438ms
[2026-03-19T14:52:22.400+0800][100.527s][info][gc          ] GC(272) Concurrent Mark Cycle 18.734ms
[2026-03-19T14:52:22.692+0800][100.819s][info][gc,start    ] GC(273) Pause Young (Concurrent Start) (G1 Humongous Allocation)
[2026-03-19T14:52:22.692+0800][100.819s][info][gc,task     ] GC(273) Using 3 workers of 13 for evacuation
[2026-03-19T14:52:22.694+0800][100.821s][info][gc,phases   ] GC(273)   Pre Evacuate Collection Set: 0.2ms
[2026-03-19T14:52:22.694+0800][100.821s][info][gc,phases   ] GC(273)   Merge Heap Roots: 0.1ms
[2026-03-19T14:52:22.694+0800][100.821s][info][gc,phases   ] GC(273)   Evacuate Collection Set: 0.7ms
[2026-03-19T14:52:22.694+0800][100.822s][info][gc,phases   ] GC(273)   Post Evacuate Collection Set: 0.6ms
[2026-03-19T14:52:22.694+0800][100.822s][info][gc,phases   ] GC(273)   Other: 0.4ms
[2026-03-19T14:52:22.694+0800][100.822s][info][gc,heap     ] GC(273) Eden regions: 5->0(49)
[2026-03-19T14:52:22.695+0800][100.822s][info][gc,heap     ] GC(273) Survivor regions: 2->2(7)
[2026-03-19T14:52:22.695+0800][100.822s][info][gc,heap     ] GC(273) Old regions: 19->19
[2026-03-19T14:52:22.695+0800][100.822s][info][gc,heap     ] GC(273) Archive regions: 0->0
[2026-03-19T14:52:22.695+0800][100.822s][info][gc,heap     ] GC(273) Humongous regions: 19->19
[2026-03-19T14:52:22.695+0800][100.822s][info][gc,metaspace] GC(273) Metaspace: 24257K(24640K)->24257K(24640K) NonClass: 21489K(21696K)->21489K(21696K) Class: 2768K(2944K)->2768K(2944K)
[2026-03-19T14:52:22.695+0800][100.822s][info][gc          ] GC(273) Pause Young (Concurrent Start) (G1 Humongous Allocation) 43M->38M(128M) 2.702ms
[2026-03-19T14:52:22.695+0800][100.822s][info][gc,cpu      ] GC(273) User=0.00s Sys=0.00s Real=0.00s
[2026-03-19T14:52:22.695+0800][100.822s][info][gc          ] GC(274) Concurrent Mark Cycle
[2026-03-19T14:52:22.695+0800][100.822s][info][gc,marking  ] GC(274) Concurrent Clear Claimed Marks
[2026-03-19T14:52:22.695+0800][100.822s][info][gc,marking  ] GC(274) Concurrent Clear Claimed Marks 0.066ms
[2026-03-19T14:52:22.695+0800][100.822s][info][gc,marking  ] GC(274) Concurrent Scan Root Regions
[2026-03-19T14:52:22.695+0800][100.823s][info][gc,marking  ] GC(274) Concurrent Scan Root Regions 0.396ms
[2026-03-19T14:52:22.695+0800][100.823s][info][gc,marking  ] GC(274) Concurrent Mark
[2026-03-19T14:52:22.695+0800][100.823s][info][gc,marking  ] GC(274) Concurrent Mark From Roots
[2026-03-19T14:52:22.695+0800][100.823s][info][gc,task     ] GC(274) Using 3 workers of 3 for marking
[2026-03-19T14:52:22.707+0800][100.834s][info][gc,marking  ] GC(274) Concurrent Mark From Roots 10.590ms
[2026-03-19T14:52:22.708+0800][100.834s][info][gc,marking  ] GC(274) Concurrent Preclean
[2026-03-19T14:52:22.708+0800][100.834s][info][gc,marking  ] GC(274) Concurrent Preclean 0.413ms
[2026-03-19T14:52:22.708+0800][100.835s][info][gc,start    ] GC(274) Pause Remark
[2026-03-19T14:52:22.713+0800][100.840s][info][gc          ] GC(274) Pause Remark 49M->39M(128M) 5.085ms
[2026-03-19T14:52:22.714+0800][100.840s][info][gc,cpu      ] GC(274) User=0.00s Sys=0.00s Real=0.01s
[2026-03-19T14:52:22.714+0800][100.840s][info][gc,marking  ] GC(274) Concurrent Mark 17.162ms
[2026-03-19T14:52:22.714+0800][100.840s][info][gc,marking  ] GC(274) Concurrent Rebuild Remembered Sets
[2026-03-19T14:52:22.717+0800][100.844s][info][gc,marking  ] GC(274) Concurrent Rebuild Remembered Sets 4.015ms
[2026-03-19T14:52:22.718+0800][100.845s][info][gc,start    ] GC(274) Pause Cleanup
[2026-03-19T14:52:22.718+0800][100.845s][info][gc          ] GC(274) Pause Cleanup 39M->39M(128M) 0.342ms
[2026-03-19T14:52:22.718+0800][100.845s][info][gc,cpu      ] GC(274) User=0.00s Sys=0.00s Real=0.00s
[2026-03-19T14:52:22.718+0800][100.845s][info][gc,marking  ] GC(274) Concurrent Cleanup for Next Mark
[2026-03-19T14:52:22.719+0800][100.846s][info][gc,marking  ] GC(274) Concurrent Cleanup for Next Mark 0.416ms
[2026-03-19T14:52:22.719+0800][100.846s][info][gc          ] GC(274) Concurrent Mark Cycle 23.715ms
[2026-03-19T14:52:23.019+0800][101.145s][info][gc,start    ] GC(275) Pause Young (Concurrent Start) (G1 Humongous Allocation)
[2026-03-19T14:52:23.019+0800][101.145s][info][gc,task     ] GC(275) Using 3 workers of 13 for evacuation
[2026-03-19T14:52:23.021+0800][101.148s][info][gc,phases   ] GC(275)   Pre Evacuate Collection Set: 0.3ms
[2026-03-19T14:52:23.021+0800][101.148s][info][gc,phases   ] GC(275)   Merge Heap Roots: 0.1ms
[2026-03-19T14:52:23.021+0800][101.148s][info][gc,phases   ] GC(275)   Evacuate Collection Set: 0.8ms
[2026-03-19T14:52:23.021+0800][101.148s][info][gc,phases   ] GC(275)   Post Evacuate Collection Set: 0.9ms
[2026-03-19T14:52:23.021+0800][101.148s][info][gc,phases   ] GC(275)   Other: 0.4ms
[2026-03-19T14:52:23.021+0800][101.148s][info][gc,heap     ] GC(275) Eden regions: 5->0(49)
[2026-03-19T14:52:23.021+0800][101.148s][info][gc,heap     ] GC(275) Survivor regions: 2->2(7)
[2026-03-19T14:52:23.022+0800][101.148s][info][gc,heap     ] GC(275) Old regions: 19->19
[2026-03-19T14:52:23.022+0800][101.148s][info][gc,heap     ] GC(275) Archive regions: 0->0
[2026-03-19T14:52:23.022+0800][101.148s][info][gc,heap     ] GC(275) Humongous regions: 19->19
[2026-03-19T14:52:23.022+0800][101.148s][info][gc,metaspace] GC(275) Metaspace: 24264K(24640K)->24264K(24640K) NonClass: 21495K(21696K)->21495K(21696K) Class: 2768K(2944K)->2768K(2944K)
[2026-03-19T14:52:23.022+0800][101.148s][info][gc          ] GC(275) Pause Young (Concurrent Start) (G1 Humongous Allocation) 43M->38M(128M) 3.206ms
[2026-03-19T14:52:23.022+0800][101.148s][info][gc,cpu      ] GC(275) User=0.00s Sys=0.00s Real=0.00s
[2026-03-19T14:52:23.022+0800][101.149s][info][gc          ] GC(276) Concurrent Mark Cycle
[2026-03-19T14:52:23.022+0800][101.149s][info][gc,marking  ] GC(276) Concurrent Clear Claimed Marks
[2026-03-19T14:52:23.022+0800][101.149s][info][gc,marking  ] GC(276) Concurrent Clear Claimed Marks 0.044ms
[2026-03-19T14:52:23.022+0800][101.149s][info][gc,marking  ] GC(276) Concurrent Scan Root Regions
[2026-03-19T14:52:23.023+0800][101.149s][info][gc,marking  ] GC(276) Concurrent Scan Root Regions 0.275ms
[2026-03-19T14:52:23.023+0800][101.149s][info][gc,marking  ] GC(276) Concurrent Mark
[2026-03-19T14:52:23.023+0800][101.149s][info][gc,marking  ] GC(276) Concurrent Mark From Roots
[2026-03-19T14:52:23.023+0800][101.149s][info][gc,task     ] GC(276) Using 3 workers of 3 for marking
[2026-03-19T14:52:23.032+0800][101.159s][info][gc,marking  ] GC(276) Concurrent Mark From Roots 9.368ms
[2026-03-19T14:52:23.033+0800][101.159s][info][gc,marking  ] GC(276) Concurrent Preclean
[2026-03-19T14:52:23.033+0800][101.159s][info][gc,marking  ] GC(276) Concurrent Preclean 0.371ms
[2026-03-19T14:52:23.033+0800][101.160s][info][gc,start    ] GC(276) Pause Remark
[2026-03-19T14:52:23.039+0800][101.166s][info][gc          ] GC(276) Pause Remark 49M->39M(128M) 5.853ms
[2026-03-19T14:52:23.039+0800][101.166s][info][gc,cpu      ] GC(276) User=0.00s Sys=0.00s Real=0.01s
[2026-03-19T14:52:23.039+0800][101.166s][info][gc,marking  ] GC(276) Concurrent Mark 16.794ms
[2026-03-19T14:52:23.039+0800][101.166s][info][gc,marking  ] GC(276) Concurrent Rebuild Remembered Sets
[2026-03-19T14:52:23.045+0800][101.172s][info][gc,marking  ] GC(276) Concurrent Rebuild Remembered Sets 6.240ms
[2026-03-19T14:52:23.045+0800][101.173s][info][gc,start    ] GC(276) Pause Cleanup
[2026-03-19T14:52:23.047+0800][101.174s][info][gc          ] GC(276) Pause Cleanup 39M->39M(128M) 0.761ms
[2026-03-19T14:52:23.047+0800][101.174s][info][gc,cpu      ] GC(276) User=0.00s Sys=0.00s Real=0.00s
[2026-03-19T14:52:23.047+0800][101.174s][info][gc,marking  ] GC(276) Concurrent Cleanup for Next Mark
[2026-03-19T14:52:23.048+0800][101.175s][info][gc,marking  ] GC(276) Concurrent Cleanup for Next Mark 0.558ms
[2026-03-19T14:52:23.048+0800][101.175s][info][gc          ] GC(276) Concurrent Mark Cycle 26.252ms
[2026-03-19T14:52:23.331+0800][101.458s][info][gc,start    ] GC(277) Pause Young (Concurrent Start) (G1 Humongous Allocation)
[2026-03-19T14:52:23.331+0800][101.458s][info][gc,task     ] GC(277) Using 3 workers of 13 for evacuation
[2026-03-19T14:52:23.334+0800][101.460s][info][gc,phases   ] GC(277)   Pre Evacuate Collection Set: 0.2ms
[2026-03-19T14:52:23.334+0800][101.461s][info][gc,phases   ] GC(277)   Merge Heap Roots: 0.1ms
[2026-03-19T14:52:23.334+0800][101.461s][info][gc,phases   ] GC(277)   Evacuate Collection Set: 0.8ms
[2026-03-19T14:52:23.334+0800][101.461s][info][gc,phases   ] GC(277)   Post Evacuate Collection Set: 1.3ms
[2026-03-19T14:52:23.334+0800][101.461s][info][gc,phases   ] GC(277)   Other: 0.4ms
[2026-03-19T14:52:23.334+0800][101.461s][info][gc,heap     ] GC(277) Eden regions: 5->0(49)
[2026-03-19T14:52:23.334+0800][101.461s][info][gc,heap     ] GC(277) Survivor regions: 2->2(7)
[2026-03-19T14:52:23.335+0800][101.461s][info][gc,heap     ] GC(277) Old regions: 19->19
[2026-03-19T14:52:23.335+0800][101.461s][info][gc,heap     ] GC(277) Archive regions: 0->0
[2026-03-19T14:52:23.335+0800][101.461s][info][gc,heap     ] GC(277) Humongous regions: 19->19
[2026-03-19T14:52:23.335+0800][101.461s][info][gc,metaspace] GC(277) Metaspace: 24264K(24640K)->24264K(24640K) NonClass: 21495K(21696K)->21495K(21696K) Class: 2768K(2944K)->2768K(2944K)
[2026-03-19T14:52:23.335+0800][101.462s][info][gc          ] GC(277) Pause Young (Concurrent Start) (G1 Humongous Allocation) 42M->38M(128M) 3.984ms
[2026-03-19T14:52:23.335+0800][101.462s][info][gc,cpu      ] GC(277) User=0.00s Sys=0.00s Real=0.00s
[2026-03-19T14:52:23.335+0800][101.462s][info][gc          ] GC(278) Concurrent Mark Cycle
[2026-03-19T14:52:23.335+0800][101.462s][info][gc,marking  ] GC(278) Concurrent Clear Claimed Marks
[2026-03-19T14:52:23.335+0800][101.462s][info][gc,marking  ] GC(278) Concurrent Clear Claimed Marks 0.104ms
[2026-03-19T14:52:23.335+0800][101.462s][info][gc,marking  ] GC(278) Concurrent Scan Root Regions
[2026-03-19T14:52:23.336+0800][101.463s][info][gc,marking  ] GC(278) Concurrent Scan Root Regions 0.452ms
[2026-03-19T14:52:23.336+0800][101.463s][info][gc,marking  ] GC(278) Concurrent Mark
[2026-03-19T14:52:23.336+0800][101.463s][info][gc,marking  ] GC(278) Concurrent Mark From Roots
[2026-03-19T14:52:23.336+0800][101.463s][info][gc,task     ] GC(278) Using 3 workers of 3 for marking
[2026-03-19T14:52:23.345+0800][101.471s][info][gc,marking  ] GC(278) Concurrent Mark From Roots 8.021ms
[2026-03-19T14:52:23.345+0800][101.471s][info][gc,marking  ] GC(278) Concurrent Preclean
[2026-03-19T14:52:23.345+0800][101.471s][info][gc,marking  ] GC(278) Concurrent Preclean 0.212ms
[2026-03-19T14:52:23.345+0800][101.472s][info][gc,start    ] GC(278) Pause Remark
[2026-03-19T14:52:23.349+0800][101.476s][info][gc          ] GC(278) Pause Remark 49M->39M(128M) 4.515ms
[2026-03-19T14:52:23.349+0800][101.476s][info][gc,cpu      ] GC(278) User=0.00s Sys=0.00s Real=0.00s
[2026-03-19T14:52:23.350+0800][101.476s][info][gc,marking  ] GC(278) Concurrent Mark 13.680ms
[2026-03-19T14:52:23.350+0800][101.477s][info][gc,marking  ] GC(278) Concurrent Rebuild Remembered Sets
[2026-03-19T14:52:23.354+0800][101.480s][info][gc,marking  ] GC(278) Concurrent Rebuild Remembered Sets 3.936ms
[2026-03-19T14:52:23.355+0800][101.481s][info][gc,start    ] GC(278) Pause Cleanup
[2026-03-19T14:52:23.355+0800][101.481s][info][gc          ] GC(278) Pause Cleanup 39M->39M(128M) 0.491ms
[2026-03-19T14:52:23.355+0800][101.482s][info][gc,cpu      ] GC(278) User=0.00s Sys=0.00s Real=0.00s
[2026-03-19T14:52:23.356+0800][101.482s][info][gc,marking  ] GC(278) Concurrent Cleanup for Next Mark
[2026-03-19T14:52:23.356+0800][101.482s][info][gc,marking  ] GC(278) Concurrent Cleanup for Next Mark 0.363ms
[2026-03-19T14:52:23.356+0800][101.482s][info][gc          ] GC(278) Concurrent Mark Cycle 20.565ms
[2026-03-19T14:52:23.656+0800][101.782s][info][gc,start    ] GC(279) Pause Young (Concurrent Start) (G1 Humongous Allocation)
[2026-03-19T14:52:23.656+0800][101.782s][info][gc,task     ] GC(279) Using 3 workers of 13 for evacuation
[2026-03-19T14:52:23.658+0800][101.785s][info][gc,phases   ] GC(279)   Pre Evacuate Collection Set: 0.2ms
[2026-03-19T14:52:23.659+0800][101.785s][info][gc,phases   ] GC(279)   Merge Heap Roots: 0.2ms
[2026-03-19T14:52:23.659+0800][101.785s][info][gc,phases   ] GC(279)   Evacuate Collection Set: 1.1ms
[2026-03-19T14:52:23.659+0800][101.785s][info][gc,phases   ] GC(279)   Post Evacuate Collection Set: 0.8ms
[2026-03-19T14:52:23.659+0800][101.785s][info][gc,phases   ] GC(279)   Other: 0.3ms
[2026-03-19T14:52:23.659+0800][101.785s][info][gc,heap     ] GC(279) Eden regions: 5->0(49)
[2026-03-19T14:52:23.659+0800][101.785s][info][gc,heap     ] GC(279) Survivor regions: 2->2(7)
[2026-03-19T14:52:23.659+0800][101.785s][info][gc,heap     ] GC(279) Old regions: 19->19
[2026-03-19T14:52:23.659+0800][101.785s][info][gc,heap     ] GC(279) Archive regions: 0->0
[2026-03-19T14:52:23.659+0800][101.785s][info][gc,heap     ] GC(279) Humongous regions: 19->19
[2026-03-19T14:52:23.659+0800][101.785s][info][gc,metaspace] GC(279) Metaspace: 24273K(24640K)->24273K(24640K) NonClass: 21505K(21696K)->21505K(21696K) Class: 2768K(2944K)->2768K(2944K)
[2026-03-19T14:52:23.659+0800][101.785s][info][gc          ] GC(279) Pause Young (Concurrent Start) (G1 Humongous Allocation) 43M->38M(128M) 3.099ms
[2026-03-19T14:52:23.659+0800][101.785s][info][gc,cpu      ] GC(279) User=0.00s Sys=0.00s Real=0.00s
[2026-03-19T14:52:23.659+0800][101.786s][info][gc          ] GC(280) Concurrent Mark Cycle
[2026-03-19T14:52:23.659+0800][101.786s][info][gc,marking  ] GC(280) Concurrent Clear Claimed Marks
[2026-03-19T14:52:23.659+0800][101.786s][info][gc,marking  ] GC(280) Concurrent Clear Claimed Marks 0.067ms
[2026-03-19T14:52:23.659+0800][101.786s][info][gc,marking  ] GC(280) Concurrent Scan Root Regions
[2026-03-19T14:52:23.660+0800][101.786s][info][gc,marking  ] GC(280) Concurrent Scan Root Regions 0.299ms
[2026-03-19T14:52:23.660+0800][101.786s][info][gc,marking  ] GC(280) Concurrent Mark
[2026-03-19T14:52:23.660+0800][101.786s][info][gc,marking  ] GC(280) Concurrent Mark From Roots
[2026-03-19T14:52:23.660+0800][101.786s][info][gc,task     ] GC(280) Using 3 workers of 3 for marking
[2026-03-19T14:52:23.669+0800][101.795s][info][gc,marking  ] GC(280) Concurrent Mark From Roots 8.743ms
[2026-03-19T14:52:23.669+0800][101.795s][info][gc,marking  ] GC(280) Concurrent Preclean
[2026-03-19T14:52:23.670+0800][101.796s][info][gc,marking  ] GC(280) Concurrent Preclean 0.553ms
[2026-03-19T14:52:23.670+0800][101.796s][info][gc,start    ] GC(280) Pause Remark
[2026-03-19T14:52:23.674+0800][101.800s][info][gc          ] GC(280) Pause Remark 49M->39M(128M) 3.553ms
[2026-03-19T14:52:23.674+0800][101.800s][info][gc,cpu      ] GC(280) User=0.02s Sys=0.00s Real=0.00s
[2026-03-19T14:52:23.674+0800][101.800s][info][gc,marking  ] GC(280) Concurrent Mark 13.974ms
[2026-03-19T14:52:23.674+0800][101.800s][info][gc,marking  ] GC(280) Concurrent Rebuild Remembered Sets
[2026-03-19T14:52:23.677+0800][101.804s][info][gc,marking  ] GC(280) Concurrent Rebuild Remembered Sets 3.666ms
[2026-03-19T14:52:23.678+0800][101.804s][info][gc,start    ] GC(280) Pause Cleanup
[2026-03-19T14:52:23.678+0800][101.805s][info][gc          ] GC(280) Pause Cleanup 39M->39M(128M) 0.236ms
[2026-03-19T14:52:23.678+0800][101.805s][info][gc,cpu      ] GC(280) User=0.00s Sys=0.00s Real=0.00s
[2026-03-19T14:52:23.678+0800][101.805s][info][gc,marking  ] GC(280) Concurrent Cleanup for Next Mark
[2026-03-19T14:52:23.678+0800][101.805s][info][gc,marking  ] GC(280) Concurrent Cleanup for Next Mark 0.356ms
[2026-03-19T14:52:23.678+0800][101.805s][info][gc          ] GC(280) Concurrent Mark Cycle 19.746ms
[2026-03-19T14:52:23.967+0800][102.094s][info][gc,start    ] GC(281) Pause Young (Concurrent Start) (G1 Humongous Allocation)
[2026-03-19T14:52:23.967+0800][102.094s][info][gc,task     ] GC(281) Using 3 workers of 13 for evacuation
[2026-03-19T14:52:23.969+0800][102.096s][info][gc,phases   ] GC(281)   Pre Evacuate Collection Set: 0.3ms
[2026-03-19T14:52:23.969+0800][102.096s][info][gc,phases   ] GC(281)   Merge Heap Roots: 0.1ms
[2026-03-19T14:52:23.970+0800][102.096s][info][gc,phases   ] GC(281)   Evacuate Collection Set: 0.8ms
[2026-03-19T14:52:23.970+0800][102.096s][info][gc,phases   ] GC(281)   Post Evacuate Collection Set: 0.9ms
[2026-03-19T14:52:23.970+0800][102.096s][info][gc,phases   ] GC(281)   Other: 0.4ms
[2026-03-19T14:52:23.970+0800][102.096s][info][gc,heap     ] GC(281) Eden regions: 5->0(49)
[2026-03-19T14:52:23.970+0800][102.097s][info][gc,heap     ] GC(281) Survivor regions: 2->2(7)
[2026-03-19T14:52:23.970+0800][102.097s][info][gc,heap     ] GC(281) Old regions: 19->19
[2026-03-19T14:52:23.970+0800][102.097s][info][gc,heap     ] GC(281) Archive regions: 0->0
[2026-03-19T14:52:23.970+0800][102.097s][info][gc,heap     ] GC(281) Humongous regions: 19->19
[2026-03-19T14:52:23.970+0800][102.097s][info][gc,metaspace] GC(281) Metaspace: 24273K(24640K)->24273K(24640K) NonClass: 21505K(21696K)->21505K(21696K) Class: 2768K(2944K)->2768K(2944K)
[2026-03-19T14:52:23.970+0800][102.097s][info][gc          ] GC(281) Pause Young (Concurrent Start) (G1 Humongous Allocation) 43M->38M(128M) 2.895ms
[2026-03-19T14:52:23.970+0800][102.097s][info][gc,cpu      ] GC(281) User=0.00s Sys=0.00s Real=0.00s
[2026-03-19T14:52:23.970+0800][102.097s][info][gc          ] GC(282) Concurrent Mark Cycle
[2026-03-19T14:52:23.970+0800][102.097s][info][gc,marking  ] GC(282) Concurrent Clear Claimed Marks
[2026-03-19T14:52:23.970+0800][102.097s][info][gc,marking  ] GC(282) Concurrent Clear Claimed Marks 0.049ms
[2026-03-19T14:52:23.970+0800][102.097s][info][gc,marking  ] GC(282) Concurrent Scan Root Regions
[2026-03-19T14:52:23.970+0800][102.097s][info][gc,marking  ] GC(282) Concurrent Scan Root Regions 0.293ms
[2026-03-19T14:52:23.971+0800][102.097s][info][gc,marking  ] GC(282) Concurrent Mark
[2026-03-19T14:52:23.971+0800][102.097s][info][gc,marking  ] GC(282) Concurrent Mark From Roots
[2026-03-19T14:52:23.971+0800][102.097s][info][gc,task     ] GC(282) Using 3 workers of 3 for marking
[2026-03-19T14:52:23.981+0800][102.108s][info][gc,marking  ] GC(282) Concurrent Mark From Roots 10.417ms
[2026-03-19T14:52:23.982+0800][102.108s][info][gc,marking  ] GC(282) Concurrent Preclean
[2026-03-19T14:52:23.982+0800][102.109s][info][gc,marking  ] GC(282) Concurrent Preclean 0.527ms
[2026-03-19T14:52:23.983+0800][102.109s][info][gc,start    ] GC(282) Pause Remark
[2026-03-19T14:52:23.988+0800][102.116s][info][gc          ] GC(282) Pause Remark 49M->39M(128M) 6.380ms
[2026-03-19T14:52:23.990+0800][102.116s][info][gc,cpu      ] GC(282) User=0.00s Sys=0.02s Real=0.00s
[2026-03-19T14:52:23.990+0800][102.116s][info][gc,marking  ] GC(282) Concurrent Mark 18.774ms
[2026-03-19T14:52:23.990+0800][102.116s][info][gc,marking  ] GC(282) Concurrent Rebuild Remembered Sets
[2026-03-19T14:52:23.995+0800][102.122s][info][gc,marking  ] GC(282) Concurrent Rebuild Remembered Sets 5.397ms
[2026-03-19T14:52:23.996+0800][102.122s][info][gc,start    ] GC(282) Pause Cleanup
[2026-03-19T14:52:23.997+0800][102.123s][info][gc          ] GC(282) Pause Cleanup 39M->39M(128M) 0.396ms
[2026-03-19T14:52:23.997+0800][102.123s][info][gc,cpu      ] GC(282) User=0.00s Sys=0.00s Real=0.00s
[2026-03-19T14:52:23.997+0800][102.123s][info][gc,marking  ] GC(282) Concurrent Cleanup for Next Mark
[2026-03-19T14:52:23.997+0800][102.124s][info][gc,marking  ] GC(282) Concurrent Cleanup for Next Mark 0.538ms
[2026-03-19T14:52:23.997+0800][102.124s][info][gc          ] GC(282) Concurrent Mark Cycle 27.065ms
[2026-03-19T14:52:24.289+0800][102.416s][info][gc,start    ] GC(283) Pause Young (Concurrent Start) (G1 Humongous Allocation)
[2026-03-19T14:52:24.289+0800][102.416s][info][gc,task     ] GC(283) Using 3 workers of 13 for evacuation
[2026-03-19T14:52:24.291+0800][102.418s][info][gc,phases   ] GC(283)   Pre Evacuate Collection Set: 0.2ms
[2026-03-19T14:52:24.292+0800][102.418s][info][gc,phases   ] GC(283)   Merge Heap Roots: 0.1ms
[2026-03-19T14:52:24.292+0800][102.418s][info][gc,phases   ] GC(283)   Evacuate Collection Set: 0.9ms
[2026-03-19T14:52:24.292+0800][102.418s][info][gc,phases   ] GC(283)   Post Evacuate Collection Set: 0.7ms
[2026-03-19T14:52:24.292+0800][102.419s][info][gc,phases   ] GC(283)   Other: 0.4ms
[2026-03-19T14:52:24.292+0800][102.419s][info][gc,heap     ] GC(283) Eden regions: 5->0(49)
[2026-03-19T14:52:24.292+0800][102.419s][info][gc,heap     ] GC(283) Survivor regions: 2->2(7)
[2026-03-19T14:52:24.292+0800][102.419s][info][gc,heap     ] GC(283) Old regions: 19->19
[2026-03-19T14:52:24.292+0800][102.419s][info][gc,heap     ] GC(283) Archive regions: 0->0
[2026-03-19T14:52:24.292+0800][102.419s][info][gc,heap     ] GC(283) Humongous regions: 19->19
[2026-03-19T14:52:24.292+0800][102.419s][info][gc,metaspace] GC(283) Metaspace: 24273K(24640K)->24273K(24640K) NonClass: 21505K(21696K)->21505K(21696K) Class: 2768K(2944K)->2768K(2944K)
[2026-03-19T14:52:24.292+0800][102.419s][info][gc          ] GC(283) Pause Young (Concurrent Start) (G1 Humongous Allocation) 42M->38M(128M) 3.089ms
[2026-03-19T14:52:24.292+0800][102.419s][info][gc,cpu      ] GC(283) User=0.00s Sys=0.00s Real=0.00s
[2026-03-19T14:52:24.292+0800][102.419s][info][gc          ] GC(284) Concurrent Mark Cycle
[2026-03-19T14:52:24.292+0800][102.419s][info][gc,marking  ] GC(284) Concurrent Clear Claimed Marks
[2026-03-19T14:52:24.292+0800][102.419s][info][gc,marking  ] GC(284) Concurrent Clear Claimed Marks 0.045ms
[2026-03-19T14:52:24.293+0800][102.419s][info][gc,marking  ] GC(284) Concurrent Scan Root Regions
[2026-03-19T14:52:24.293+0800][102.420s][info][gc,marking  ] GC(284) Concurrent Scan Root Regions 0.367ms
[2026-03-19T14:52:24.293+0800][102.420s][info][gc,marking  ] GC(284) Concurrent Mark
[2026-03-19T14:52:24.293+0800][102.420s][info][gc,marking  ] GC(284) Concurrent Mark From Roots
[2026-03-19T14:52:24.293+0800][102.420s][info][gc,task     ] GC(284) Using 3 workers of 3 for marking
[2026-03-19T14:52:24.304+0800][102.430s][info][gc,marking  ] GC(284) Concurrent Mark From Roots 10.290ms
[2026-03-19T14:52:24.304+0800][102.431s][info][gc,marking  ] GC(284) Concurrent Preclean
[2026-03-19T14:52:24.304+0800][102.431s][info][gc,marking  ] GC(284) Concurrent Preclean 0.467ms
[2026-03-19T14:52:24.305+0800][102.432s][info][gc,start    ] GC(284) Pause Remark
[2026-03-19T14:52:24.311+0800][102.439s][info][gc          ] GC(284) Pause Remark 49M->39M(128M) 6.748ms
[2026-03-19T14:52:24.312+0800][102.439s][info][gc,cpu      ] GC(284) User=0.02s Sys=0.00s Real=0.01s
[2026-03-19T14:52:24.312+0800][102.439s][info][gc,marking  ] GC(284) Concurrent Mark 19.469ms
[2026-03-19T14:52:24.312+0800][102.440s][info][gc,marking  ] GC(284) Concurrent Rebuild Remembered Sets
[2026-03-19T14:52:24.318+0800][102.445s][info][gc,marking  ] GC(284) Concurrent Rebuild Remembered Sets 5.581ms
[2026-03-19T14:52:24.319+0800][102.446s][info][gc,start    ] GC(284) Pause Cleanup
[2026-03-19T14:52:24.319+0800][102.446s][info][gc          ] GC(284) Pause Cleanup 39M->39M(128M) 0.370ms
[2026-03-19T14:52:24.319+0800][102.446s][info][gc,cpu      ] GC(284) User=0.00s Sys=0.00s Real=0.00s
[2026-03-19T14:52:24.320+0800][102.446s][info][gc,marking  ] GC(284) Concurrent Cleanup for Next Mark
[2026-03-19T14:52:24.320+0800][102.447s][info][gc,marking  ] GC(284) Concurrent Cleanup for Next Mark 0.441ms
[2026-03-19T14:52:24.320+0800][102.447s][info][gc          ] GC(284) Concurrent Mark Cycle 27.581ms
[2026-03-19T14:52:24.603+0800][102.730s][info][gc,start    ] GC(285) Pause Young (Concurrent Start) (G1 Humongous Allocation)
[2026-03-19T14:52:24.603+0800][102.730s][info][gc,task     ] GC(285) Using 3 workers of 13 for evacuation
[2026-03-19T14:52:24.605+0800][102.732s][info][gc,phases   ] GC(285)   Pre Evacuate Collection Set: 0.3ms
[2026-03-19T14:52:24.605+0800][102.732s][info][gc,phases   ] GC(285)   Merge Heap Roots: 0.2ms
[2026-03-19T14:52:24.605+0800][102.732s][info][gc,phases   ] GC(285)   Evacuate Collection Set: 0.8ms
[2026-03-19T14:52:24.605+0800][102.732s][info][gc,phases   ] GC(285)   Post Evacuate Collection Set: 0.6ms
[2026-03-19T14:52:24.605+0800][102.732s][info][gc,phases   ] GC(285)   Other: 0.4ms
[2026-03-19T14:52:24.605+0800][102.732s][info][gc,heap     ] GC(285) Eden regions: 5->0(49)
[2026-03-19T14:52:24.606+0800][102.732s][info][gc,heap     ] GC(285) Survivor regions: 2->2(7)
[2026-03-19T14:52:24.606+0800][102.732s][info][gc,heap     ] GC(285) Old regions: 19->19
[2026-03-19T14:52:24.606+0800][102.732s][info][gc,heap     ] GC(285) Archive regions: 0->0
[2026-03-19T14:52:24.606+0800][102.732s][info][gc,heap     ] GC(285) Humongous regions: 19->19
[2026-03-19T14:52:24.606+0800][102.732s][info][gc,metaspace] GC(285) Metaspace: 24278K(24640K)->24278K(24640K) NonClass: 21510K(21696K)->21510K(21696K) Class: 2768K(2944K)->2768K(2944K)
[2026-03-19T14:52:24.606+0800][102.733s][info][gc          ] GC(285) Pause Young (Concurrent Start) (G1 Humongous Allocation) 43M->38M(128M) 2.920ms
[2026-03-19T14:52:24.606+0800][102.733s][info][gc,cpu      ] GC(285) User=0.00s Sys=0.00s Real=0.00s
[2026-03-19T14:52:24.606+0800][102.733s][info][gc          ] GC(286) Concurrent Mark Cycle
[2026-03-19T14:52:24.606+0800][102.733s][info][gc,marking  ] GC(286) Concurrent Clear Claimed Marks
[2026-03-19T14:52:24.606+0800][102.733s][info][gc,marking  ] GC(286) Concurrent Clear Claimed Marks 0.114ms
[2026-03-19T14:52:24.607+0800][102.733s][info][gc,marking  ] GC(286) Concurrent Scan Root Regions
[2026-03-19T14:52:24.608+0800][102.734s][info][gc,marking  ] GC(286) Concurrent Scan Root Regions 0.508ms
[2026-03-19T14:52:24.608+0800][102.734s][info][gc,marking  ] GC(286) Concurrent Mark
[2026-03-19T14:52:24.608+0800][102.734s][info][gc,marking  ] GC(286) Concurrent Mark From Roots
[2026-03-19T14:52:24.608+0800][102.734s][info][gc,task     ] GC(286) Using 3 workers of 3 for marking
[2026-03-19T14:52:24.615+0800][102.741s][info][gc,marking  ] GC(286) Concurrent Mark From Roots 7.074ms
[2026-03-19T14:52:24.615+0800][102.741s][info][gc,marking  ] GC(286) Concurrent Preclean
[2026-03-19T14:52:24.615+0800][102.741s][info][gc,marking  ] GC(286) Concurrent Preclean 0.314ms
[2026-03-19T14:52:24.616+0800][102.742s][info][gc,start    ] GC(286) Pause Remark
[2026-03-19T14:52:24.620+0800][102.747s][info][gc          ] GC(286) Pause Remark 49M->39M(128M) 5.193ms
[2026-03-19T14:52:24.620+0800][102.747s][info][gc,cpu      ] GC(286) User=0.00s Sys=0.00s Real=0.00s
[2026-03-19T14:52:24.621+0800][102.748s][info][gc,marking  ] GC(286) Concurrent Mark 14.050ms
[2026-03-19T14:52:24.621+0800][102.748s][info][gc,marking  ] GC(286) Concurrent Rebuild Remembered Sets
[2026-03-19T14:52:24.625+0800][102.752s][info][gc,marking  ] GC(286) Concurrent Rebuild Remembered Sets 3.410ms
[2026-03-19T14:52:24.625+0800][102.752s][info][gc,start    ] GC(286) Pause Cleanup
[2026-03-19T14:52:24.625+0800][102.753s][info][gc          ] GC(286) Pause Cleanup 39M->39M(128M) 0.536ms
[2026-03-19T14:52:24.627+0800][102.753s][info][gc,cpu      ] GC(286) User=0.00s Sys=0.00s Real=0.00s
[2026-03-19T14:52:24.627+0800][102.753s][info][gc,marking  ] GC(286) Concurrent Cleanup for Next Mark
[2026-03-19T14:52:24.627+0800][102.754s][info][gc,marking  ] GC(286) Concurrent Cleanup for Next Mark 0.456ms
[2026-03-19T14:52:24.627+0800][102.754s][info][gc          ] GC(286) Concurrent Mark Cycle 21.159ms
[2026-03-19T14:52:24.916+0800][103.043s][info][gc,start    ] GC(287) Pause Young (Concurrent Start) (G1 Humongous Allocation)
[2026-03-19T14:52:24.916+0800][103.043s][info][gc,task     ] GC(287) Using 3 workers of 13 for evacuation
[2026-03-19T14:52:24.919+0800][103.045s][info][gc,phases   ] GC(287)   Pre Evacuate Collection Set: 0.2ms
[2026-03-19T14:52:24.919+0800][103.045s][info][gc,phases   ] GC(287)   Merge Heap Roots: 0.1ms
[2026-03-19T14:52:24.919+0800][103.045s][info][gc,phases   ] GC(287)   Evacuate Collection Set: 1.1ms
[2026-03-19T14:52:24.919+0800][103.045s][info][gc,phases   ] GC(287)   Post Evacuate Collection Set: 0.7ms
[2026-03-19T14:52:24.919+0800][103.046s][info][gc,phases   ] GC(287)   Other: 0.5ms
[2026-03-19T14:52:24.919+0800][103.046s][info][gc,heap     ] GC(287) Eden regions: 5->0(49)
[2026-03-19T14:52:24.919+0800][103.046s][info][gc,heap     ] GC(287) Survivor regions: 2->2(7)
[2026-03-19T14:52:24.920+0800][103.046s][info][gc,heap     ] GC(287) Old regions: 19->19
[2026-03-19T14:52:24.920+0800][103.046s][info][gc,heap     ] GC(287) Archive regions: 0->0
[2026-03-19T14:52:24.920+0800][103.046s][info][gc,heap     ] GC(287) Humongous regions: 19->19
[2026-03-19T14:52:24.920+0800][103.046s][info][gc,metaspace] GC(287) Metaspace: 24282K(24640K)->24282K(24640K) NonClass: 21514K(21696K)->21514K(21696K) Class: 2768K(2944K)->2768K(2944K)
[2026-03-19T14:52:24.920+0800][103.046s][info][gc          ] GC(287) Pause Young (Concurrent Start) (G1 Humongous Allocation) 43M->38M(128M) 3.508ms
[2026-03-19T14:52:24.920+0800][103.046s][info][gc,cpu      ] GC(287) User=0.00s Sys=0.00s Real=0.00s
[2026-03-19T14:52:24.920+0800][103.046s][info][gc          ] GC(288) Concurrent Mark Cycle
[2026-03-19T14:52:24.920+0800][103.047s][info][gc,marking  ] GC(288) Concurrent Clear Claimed Marks
[2026-03-19T14:52:24.920+0800][103.047s][info][gc,marking  ] GC(288) Concurrent Clear Claimed Marks 0.088ms
[2026-03-19T14:52:24.920+0800][103.047s][info][gc,marking  ] GC(288) Concurrent Scan Root Regions
[2026-03-19T14:52:24.921+0800][103.047s][info][gc,marking  ] GC(288) Concurrent Scan Root Regions 0.394ms
[2026-03-19T14:52:24.921+0800][103.047s][info][gc,marking  ] GC(288) Concurrent Mark
[2026-03-19T14:52:24.921+0800][103.047s][info][gc,marking  ] GC(288) Concurrent Mark From Roots
[2026-03-19T14:52:24.921+0800][103.048s][info][gc,task     ] GC(288) Using 3 workers of 3 for marking
[2026-03-19T14:52:24.932+0800][103.059s][info][gc,marking  ] GC(288) Concurrent Mark From Roots 11.191ms
[2026-03-19T14:52:24.932+0800][103.059s][info][gc,marking  ] GC(288) Concurrent Preclean
[2026-03-19T14:52:24.933+0800][103.059s][info][gc,marking  ] GC(288) Concurrent Preclean 0.509ms
[2026-03-19T14:52:24.933+0800][103.060s][info][gc,start    ] GC(288) Pause Remark
[2026-03-19T14:52:24.938+0800][103.065s][info][gc          ] GC(288) Pause Remark 49M->39M(128M) 5.346ms
[2026-03-19T14:52:24.939+0800][103.065s][info][gc,cpu      ] GC(288) User=0.03s Sys=0.03s Real=0.00s
[2026-03-19T14:52:24.939+0800][103.066s][info][gc,marking  ] GC(288) Concurrent Mark 18.299ms
[2026-03-19T14:52:24.939+0800][103.066s][info][gc,marking  ] GC(288) Concurrent Rebuild Remembered Sets
[2026-03-19T14:52:24.945+0800][103.072s][info][gc,marking  ] GC(288) Concurrent Rebuild Remembered Sets 5.999ms
[2026-03-19T14:52:24.945+0800][103.072s][info][gc,start    ] GC(288) Pause Cleanup
[2026-03-19T14:52:24.945+0800][103.073s][info][gc          ] GC(288) Pause Cleanup 39M->39M(128M) 0.408ms
[2026-03-19T14:52:24.945+0800][103.073s][info][gc,cpu      ] GC(288) User=0.00s Sys=0.00s Real=0.00s
[2026-03-19T14:52:24.947+0800][103.073s][info][gc,marking  ] GC(288) Concurrent Cleanup for Next Mark
[2026-03-19T14:52:24.947+0800][103.074s][info][gc,marking  ] GC(288) Concurrent Cleanup for Next Mark 0.451ms
[2026-03-19T14:52:24.947+0800][103.074s][info][gc          ] GC(288) Concurrent Mark Cycle 27.323ms
[2026-03-19T14:52:25.231+0800][103.357s][info][gc,start    ] GC(289) Pause Young (Concurrent Start) (G1 Humongous Allocation)
[2026-03-19T14:52:25.231+0800][103.357s][info][gc,task     ] GC(289) Using 3 workers of 13 for evacuation
[2026-03-19T14:52:25.233+0800][103.359s][info][gc,phases   ] GC(289)   Pre Evacuate Collection Set: 0.1ms
[2026-03-19T14:52:25.233+0800][103.359s][info][gc,phases   ] GC(289)   Merge Heap Roots: 0.1ms
[2026-03-19T14:52:25.233+0800][103.359s][info][gc,phases   ] GC(289)   Evacuate Collection Set: 0.8ms
[2026-03-19T14:52:25.233+0800][103.359s][info][gc,phases   ] GC(289)   Post Evacuate Collection Set: 0.7ms
[2026-03-19T14:52:25.233+0800][103.359s][info][gc,phases   ] GC(289)   Other: 0.4ms
[2026-03-19T14:52:25.233+0800][103.360s][info][gc,heap     ] GC(289) Eden regions: 5->0(49)
[2026-03-19T14:52:25.233+0800][103.360s][info][gc,heap     ] GC(289) Survivor regions: 2->2(7)
[2026-03-19T14:52:25.233+0800][103.360s][info][gc,heap     ] GC(289) Old regions: 19->19
[2026-03-19T14:52:25.233+0800][103.360s][info][gc,heap     ] GC(289) Archive regions: 0->0
[2026-03-19T14:52:25.233+0800][103.360s][info][gc,heap     ] GC(289) Humongous regions: 19->19
[2026-03-19T14:52:25.233+0800][103.360s][info][gc,metaspace] GC(289) Metaspace: 24288K(24640K)->24288K(24640K) NonClass: 21520K(21696K)->21520K(21696K) Class: 2768K(2944K)->2768K(2944K)
[2026-03-19T14:52:25.234+0800][103.360s][info][gc          ] GC(289) Pause Young (Concurrent Start) (G1 Humongous Allocation) 43M->38M(128M) 2.722ms
[2026-03-19T14:52:25.234+0800][103.360s][info][gc,cpu      ] GC(289) User=0.00s Sys=0.00s Real=0.00s
[2026-03-19T14:52:25.234+0800][103.360s][info][gc          ] GC(290) Concurrent Mark Cycle
[2026-03-19T14:52:25.234+0800][103.360s][info][gc,marking  ] GC(290) Concurrent Clear Claimed Marks
[2026-03-19T14:52:25.234+0800][103.360s][info][gc,marking  ] GC(290) Concurrent Clear Claimed Marks 0.085ms
[2026-03-19T14:52:25.234+0800][103.360s][info][gc,marking  ] GC(290) Concurrent Scan Root Regions
[2026-03-19T14:52:25.234+0800][103.361s][info][gc,marking  ] GC(290) Concurrent Scan Root Regions 0.425ms
[2026-03-19T14:52:25.235+0800][103.361s][info][gc,marking  ] GC(290) Concurrent Mark
[2026-03-19T14:52:25.235+0800][103.361s][info][gc,marking  ] GC(290) Concurrent Mark From Roots
[2026-03-19T14:52:25.235+0800][103.361s][info][gc,task     ] GC(290) Using 3 workers of 3 for marking
[2026-03-19T14:52:25.243+0800][103.370s][info][gc,marking  ] GC(290) Concurrent Mark From Roots 8.712ms
[2026-03-19T14:52:25.243+0800][103.370s][info][gc,marking  ] GC(290) Concurrent Preclean
[2026-03-19T14:52:25.243+0800][103.370s][info][gc,marking  ] GC(290) Concurrent Preclean 0.354ms
[2026-03-19T14:52:25.244+0800][103.371s][info][gc,start    ] GC(290) Pause Remark
[2026-03-19T14:52:25.250+0800][103.376s][info][gc          ] GC(290) Pause Remark 49M->39M(128M) 5.783ms
[2026-03-19T14:52:25.250+0800][103.377s][info][gc,cpu      ] GC(290) User=0.05s Sys=0.00s Real=0.01s
[2026-03-19T14:52:25.250+0800][103.377s][info][gc,marking  ] GC(290) Concurrent Mark 16.024ms
[2026-03-19T14:52:25.251+0800][103.377s][info][gc,marking  ] GC(290) Concurrent Rebuild Remembered Sets
[2026-03-19T14:52:25.254+0800][103.381s][info][gc,marking  ] GC(290) Concurrent Rebuild Remembered Sets 3.906ms
[2026-03-19T14:52:25.254+0800][103.381s][info][gc,start    ] GC(290) Pause Cleanup
[2026-03-19T14:52:25.254+0800][103.382s][info][gc          ] GC(290) Pause Cleanup 39M->39M(128M) 0.313ms
[2026-03-19T14:52:25.255+0800][103.382s][info][gc,cpu      ] GC(290) User=0.00s Sys=0.00s Real=0.00s
[2026-03-19T14:52:25.255+0800][103.382s][info][gc,marking  ] GC(290) Concurrent Cleanup for Next Mark
[2026-03-19T14:52:25.255+0800][103.382s][info][gc,marking  ] GC(290) Concurrent Cleanup for Next Mark 0.379ms
[2026-03-19T14:52:25.255+0800][103.382s][info][gc          ] GC(290) Concurrent Mark Cycle 22.406ms
[2026-03-19T14:52:25.541+0800][103.668s][info][gc,start    ] GC(291) Pause Young (Concurrent Start) (G1 Humongous Allocation)
[2026-03-19T14:52:25.541+0800][103.668s][info][gc,task     ] GC(291) Using 3 workers of 13 for evacuation
[2026-03-19T14:52:25.544+0800][103.670s][info][gc,phases   ] GC(291)   Pre Evacuate Collection Set: 0.3ms
[2026-03-19T14:52:25.544+0800][103.671s][info][gc,phases   ] GC(291)   Merge Heap Roots: 0.2ms
[2026-03-19T14:52:25.544+0800][103.671s][info][gc,phases   ] GC(291)   Evacuate Collection Set: 0.8ms
[2026-03-19T14:52:25.544+0800][103.671s][info][gc,phases   ] GC(291)   Post Evacuate Collection Set: 1.0ms
[2026-03-19T14:52:25.544+0800][103.671s][info][gc,phases   ] GC(291)   Other: 0.4ms
[2026-03-19T14:52:25.544+0800][103.671s][info][gc,heap     ] GC(291) Eden regions: 5->0(49)
[2026-03-19T14:52:25.545+0800][103.671s][info][gc,heap     ] GC(291) Survivor regions: 2->2(7)
[2026-03-19T14:52:25.545+0800][103.671s][info][gc,heap     ] GC(291) Old regions: 19->19
[2026-03-19T14:52:25.545+0800][103.671s][info][gc,heap     ] GC(291) Archive regions: 0->0
[2026-03-19T14:52:25.545+0800][103.671s][info][gc,heap     ] GC(291) Humongous regions: 19->19
[2026-03-19T14:52:25.545+0800][103.671s][info][gc,metaspace] GC(291) Metaspace: 24288K(24640K)->24288K(24640K) NonClass: 21520K(21696K)->21520K(21696K) Class: 2768K(2944K)->2768K(2944K)
[2026-03-19T14:52:25.545+0800][103.672s][info][gc          ] GC(291) Pause Young (Concurrent Start) (G1 Humongous Allocation) 42M->38M(128M) 3.654ms
[2026-03-19T14:52:25.545+0800][103.672s][info][gc,cpu      ] GC(291) User=0.00s Sys=0.00s Real=0.00s
[2026-03-19T14:52:25.545+0800][103.672s][info][gc          ] GC(292) Concurrent Mark Cycle
[2026-03-19T14:52:25.546+0800][103.672s][info][gc,marking  ] GC(292) Concurrent Clear Claimed Marks
[2026-03-19T14:52:25.546+0800][103.672s][info][gc,marking  ] GC(292) Concurrent Clear Claimed Marks 0.077ms
[2026-03-19T14:52:25.546+0800][103.672s][info][gc,marking  ] GC(292) Concurrent Scan Root Regions
[2026-03-19T14:52:25.546+0800][103.672s][info][gc,marking  ] GC(292) Concurrent Scan Root Regions 0.306ms
[2026-03-19T14:52:25.546+0800][103.673s][info][gc,marking  ] GC(292) Concurrent Mark
[2026-03-19T14:52:25.546+0800][103.673s][info][gc,marking  ] GC(292) Concurrent Mark From Roots
[2026-03-19T14:52:25.546+0800][103.673s][info][gc,task     ] GC(292) Using 3 workers of 3 for marking
[2026-03-19T14:52:25.553+0800][103.680s][info][gc,marking  ] GC(292) Concurrent Mark From Roots 7.382ms
[2026-03-19T14:52:25.553+0800][103.680s][info][gc,marking  ] GC(292) Concurrent Preclean
[2026-03-19T14:52:25.554+0800][103.681s][info][gc,marking  ] GC(292) Concurrent Preclean 0.443ms
[2026-03-19T14:52:25.554+0800][103.681s][info][gc,start    ] GC(292) Pause Remark
[2026-03-19T14:52:25.559+0800][103.685s][info][gc          ] GC(292) Pause Remark 49M->39M(128M) 4.184ms
[2026-03-19T14:52:25.559+0800][103.685s][info][gc,cpu      ] GC(292) User=0.00s Sys=0.00s Real=0.01s
[2026-03-19T14:52:25.559+0800][103.686s][info][gc,marking  ] GC(292) Concurrent Mark 13.000ms
[2026-03-19T14:52:25.559+0800][103.686s][info][gc,marking  ] GC(292) Concurrent Rebuild Remembered Sets
[2026-03-19T14:52:25.564+0800][103.691s][info][gc,marking  ] GC(292) Concurrent Rebuild Remembered Sets 4.854ms
[2026-03-19T14:52:25.565+0800][103.691s][info][gc,start    ] GC(292) Pause Cleanup
[2026-03-19T14:52:25.565+0800][103.692s][info][gc          ] GC(292) Pause Cleanup 39M->39M(128M) 0.392ms
[2026-03-19T14:52:25.565+0800][103.692s][info][gc,cpu      ] GC(292) User=0.00s Sys=0.00s Real=0.00s
[2026-03-19T14:52:25.565+0800][103.692s][info][gc,marking  ] GC(292) Concurrent Cleanup for Next Mark
[2026-03-19T14:52:25.566+0800][103.693s][info][gc,marking  ] GC(292) Concurrent Cleanup for Next Mark 0.552ms
[2026-03-19T14:52:25.566+0800][103.693s][info][gc          ] GC(292) Concurrent Mark Cycle 20.903ms
[2026-03-19T14:52:25.854+0800][103.982s][info][gc,start    ] GC(293) Pause Young (Concurrent Start) (G1 Humongous Allocation)
[2026-03-19T14:52:25.855+0800][103.982s][info][gc,task     ] GC(293) Using 3 workers of 13 for evacuation
[2026-03-19T14:52:25.857+0800][103.984s][info][gc,phases   ] GC(293)   Pre Evacuate Collection Set: 0.1ms
[2026-03-19T14:52:25.857+0800][103.984s][info][gc,phases   ] GC(293)   Merge Heap Roots: 0.2ms
[2026-03-19T14:52:25.857+0800][103.984s][info][gc,phases   ] GC(293)   Evacuate Collection Set: 1.0ms
[2026-03-19T14:52:25.858+0800][103.984s][info][gc,phases   ] GC(293)   Post Evacuate Collection Set: 0.7ms
[2026-03-19T14:52:25.858+0800][103.984s][info][gc,phases   ] GC(293)   Other: 0.4ms
[2026-03-19T14:52:25.858+0800][103.984s][info][gc,heap     ] GC(293) Eden regions: 5->0(49)
[2026-03-19T14:52:25.858+0800][103.985s][info][gc,heap     ] GC(293) Survivor regions: 2->2(7)
[2026-03-19T14:52:25.858+0800][103.985s][info][gc,heap     ] GC(293) Old regions: 19->19
[2026-03-19T14:52:25.858+0800][103.985s][info][gc,heap     ] GC(293) Archive regions: 0->0
[2026-03-19T14:52:25.858+0800][103.985s][info][gc,heap     ] GC(293) Humongous regions: 19->19
[2026-03-19T14:52:25.858+0800][103.985s][info][gc,metaspace] GC(293) Metaspace: 24297K(24640K)->24297K(24640K) NonClass: 21529K(21696K)->21529K(21696K) Class: 2768K(2944K)->2768K(2944K)
[2026-03-19T14:52:25.858+0800][103.985s][info][gc          ] GC(293) Pause Young (Concurrent Start) (G1 Humongous Allocation) 43M->38M(128M) 3.339ms
[2026-03-19T14:52:25.858+0800][103.985s][info][gc,cpu      ] GC(293) User=0.00s Sys=0.00s Real=0.00s
[2026-03-19T14:52:25.858+0800][103.985s][info][gc          ] GC(294) Concurrent Mark Cycle
[2026-03-19T14:52:25.859+0800][103.985s][info][gc,marking  ] GC(294) Concurrent Clear Claimed Marks
[2026-03-19T14:52:25.859+0800][103.985s][info][gc,marking  ] GC(294) Concurrent Clear Claimed Marks 0.043ms
[2026-03-19T14:52:25.859+0800][103.985s][info][gc,marking  ] GC(294) Concurrent Scan Root Regions
[2026-03-19T14:52:25.859+0800][103.986s][info][gc,marking  ] GC(294) Concurrent Scan Root Regions 0.395ms
[2026-03-19T14:52:25.859+0800][103.986s][info][gc,marking  ] GC(294) Concurrent Mark
[2026-03-19T14:52:25.859+0800][103.986s][info][gc,marking  ] GC(294) Concurrent Mark From Roots
[2026-03-19T14:52:25.859+0800][103.986s][info][gc,task     ] GC(294) Using 3 workers of 3 for marking
[2026-03-19T14:52:25.871+0800][103.998s][info][gc,marking  ] GC(294) Concurrent Mark From Roots 11.805ms
[2026-03-19T14:52:25.872+0800][103.998s][info][gc,marking  ] GC(294) Concurrent Preclean
[2026-03-19T14:52:25.872+0800][103.998s][info][gc,marking  ] GC(294) Concurrent Preclean 0.233ms
[2026-03-19T14:52:25.872+0800][103.999s][info][gc,start    ] GC(294) Pause Remark
[2026-03-19T14:52:25.876+0800][104.003s][info][gc          ] GC(294) Pause Remark 49M->39M(128M) 3.947ms
[2026-03-19T14:52:25.876+0800][104.003s][info][gc,cpu      ] GC(294) User=0.05s Sys=0.00s Real=0.00s
[2026-03-19T14:52:25.876+0800][104.003s][info][gc,marking  ] GC(294) Concurrent Mark 16.930ms
[2026-03-19T14:52:25.876+0800][104.003s][info][gc,marking  ] GC(294) Concurrent Rebuild Remembered Sets
[2026-03-19T14:52:25.881+0800][104.008s][info][gc,marking  ] GC(294) Concurrent Rebuild Remembered Sets 5.522ms
[2026-03-19T14:52:25.882+0800][104.009s][info][gc,start    ] GC(294) Pause Cleanup
[2026-03-19T14:52:25.882+0800][104.009s][info][gc          ] GC(294) Pause Cleanup 39M->39M(128M) 0.298ms
[2026-03-19T14:52:25.882+0800][104.009s][info][gc,cpu      ] GC(294) User=0.00s Sys=0.00s Real=0.00s
[2026-03-19T14:52:25.882+0800][104.009s][info][gc,marking  ] GC(294) Concurrent Cleanup for Next Mark
[2026-03-19T14:52:25.884+0800][104.010s][info][gc,marking  ] GC(294) Concurrent Cleanup for Next Mark 0.487ms
[2026-03-19T14:52:25.884+0800][104.010s][info][gc          ] GC(294) Concurrent Mark Cycle 24.946ms
[2026-03-19T14:52:26.168+0800][104.295s][info][gc,start    ] GC(295) Pause Young (Concurrent Start) (G1 Humongous Allocation)
[2026-03-19T14:52:26.169+0800][104.296s][info][gc,task     ] GC(295) Using 3 workers of 13 for evacuation
[2026-03-19T14:52:26.172+0800][104.298s][info][gc,phases   ] GC(295)   Pre Evacuate Collection Set: 0.3ms
[2026-03-19T14:52:26.172+0800][104.299s][info][gc,phases   ] GC(295)   Merge Heap Roots: 0.4ms
[2026-03-19T14:52:26.172+0800][104.299s][info][gc,phases   ] GC(295)   Evacuate Collection Set: 0.8ms
[2026-03-19T14:52:26.173+0800][104.299s][info][gc,phases   ] GC(295)   Post Evacuate Collection Set: 1.1ms
[2026-03-19T14:52:26.173+0800][104.299s][info][gc,phases   ] GC(295)   Other: 0.4ms
[2026-03-19T14:52:26.173+0800][104.299s][info][gc,heap     ] GC(295) Eden regions: 5->0(49)
[2026-03-19T14:52:26.173+0800][104.299s][info][gc,heap     ] GC(295) Survivor regions: 2->2(7)
[2026-03-19T14:52:26.173+0800][104.299s][info][gc,heap     ] GC(295) Old regions: 19->19
[2026-03-19T14:52:26.173+0800][104.299s][info][gc,heap     ] GC(295) Archive regions: 0->0
[2026-03-19T14:52:26.173+0800][104.299s][info][gc,heap     ] GC(295) Humongous regions: 19->19
[2026-03-19T14:52:26.173+0800][104.299s][info][gc,metaspace] GC(295) Metaspace: 24297K(24640K)->24297K(24640K) NonClass: 21529K(21696K)->21529K(21696K) Class: 2768K(2944K)->2768K(2944K)
[2026-03-19T14:52:26.173+0800][104.299s][info][gc          ] GC(295) Pause Young (Concurrent Start) (G1 Humongous Allocation) 42M->38M(128M) 3.836ms
[2026-03-19T14:52:26.173+0800][104.299s][info][gc,cpu      ] GC(295) User=0.05s Sys=0.00s Real=0.01s
[2026-03-19T14:52:26.173+0800][104.300s][info][gc          ] GC(296) Concurrent Mark Cycle
[2026-03-19T14:52:26.173+0800][104.300s][info][gc,marking  ] GC(296) Concurrent Clear Claimed Marks
[2026-03-19T14:52:26.173+0800][104.300s][info][gc,marking  ] GC(296) Concurrent Clear Claimed Marks 0.105ms
[2026-03-19T14:52:26.173+0800][104.300s][info][gc,marking  ] GC(296) Concurrent Scan Root Regions
[2026-03-19T14:52:26.173+0800][104.300s][info][gc,marking  ] GC(296) Concurrent Scan Root Regions 0.358ms
[2026-03-19T14:52:26.173+0800][104.300s][info][gc,marking  ] GC(296) Concurrent Mark
[2026-03-19T14:52:26.173+0800][104.301s][info][gc,marking  ] GC(296) Concurrent Mark From Roots
[2026-03-19T14:52:26.173+0800][104.301s][info][gc,task     ] GC(296) Using 3 workers of 3 for marking
[2026-03-19T14:52:26.184+0800][104.311s][info][gc,marking  ] GC(296) Concurrent Mark From Roots 10.186ms
[2026-03-19T14:52:26.184+0800][104.311s][info][gc,marking  ] GC(296) Concurrent Preclean
[2026-03-19T14:52:26.185+0800][104.311s][info][gc,marking  ] GC(296) Concurrent Preclean 0.255ms
[2026-03-19T14:52:26.185+0800][104.312s][info][gc,start    ] GC(296) Pause Remark
[2026-03-19T14:52:26.191+0800][104.318s][info][gc          ] GC(296) Pause Remark 49M->39M(128M) 5.973ms
[2026-03-19T14:52:26.191+0800][104.318s][info][gc,cpu      ] GC(296) User=0.02s Sys=0.00s Real=0.01s
[2026-03-19T14:52:26.192+0800][104.318s][info][gc,marking  ] GC(296) Concurrent Mark 17.819ms
[2026-03-19T14:52:26.192+0800][104.318s][info][gc,marking  ] GC(296) Concurrent Rebuild Remembered Sets
[2026-03-19T14:52:26.195+0800][104.322s][info][gc,marking  ] GC(296) Concurrent Rebuild Remembered Sets 3.246ms
[2026-03-19T14:52:26.196+0800][104.323s][info][gc,start    ] GC(296) Pause Cleanup
[2026-03-19T14:52:26.197+0800][104.323s][info][gc          ] GC(296) Pause Cleanup 39M->39M(128M) 0.671ms
[2026-03-19T14:52:26.197+0800][104.323s][info][gc,cpu      ] GC(296) User=0.00s Sys=0.00s Real=0.00s
[2026-03-19T14:52:26.197+0800][104.324s][info][gc,marking  ] GC(296) Concurrent Cleanup for Next Mark
[2026-03-19T14:52:26.198+0800][104.324s][info][gc,marking  ] GC(296) Concurrent Cleanup for Next Mark 0.812ms
[2026-03-19T14:52:26.198+0800][104.325s][info][gc          ] GC(296) Concurrent Mark Cycle 25.046ms
[2026-03-19T14:52:26.494+0800][104.621s][info][gc,start    ] GC(297) Pause Young (Concurrent Start) (G1 Humongous Allocation)
[2026-03-19T14:52:26.494+0800][104.621s][info][gc,task     ] GC(297) Using 3 workers of 13 for evacuation
[2026-03-19T14:52:26.498+0800][104.624s][info][gc,phases   ] GC(297)   Pre Evacuate Collection Set: 0.4ms
[2026-03-19T14:52:26.498+0800][104.624s][info][gc,phases   ] GC(297)   Merge Heap Roots: 0.2ms
[2026-03-19T14:52:26.498+0800][104.624s][info][gc,phases   ] GC(297)   Evacuate Collection Set: 1.3ms
[2026-03-19T14:52:26.498+0800][104.624s][info][gc,phases   ] GC(297)   Post Evacuate Collection Set: 1.0ms
[2026-03-19T14:52:26.498+0800][104.624s][info][gc,phases   ] GC(297)   Other: 0.5ms
[2026-03-19T14:52:26.498+0800][104.624s][info][gc,heap     ] GC(297) Eden regions: 5->0(50)
[2026-03-19T14:52:26.498+0800][104.624s][info][gc,heap     ] GC(297) Survivor regions: 2->2(7)
[2026-03-19T14:52:26.498+0800][104.624s][info][gc,heap     ] GC(297) Old regions: 19->19
[2026-03-19T14:52:26.498+0800][104.624s][info][gc,heap     ] GC(297) Archive regions: 0->0
[2026-03-19T14:52:26.498+0800][104.624s][info][gc,heap     ] GC(297) Humongous regions: 19->19
[2026-03-19T14:52:26.498+0800][104.624s][info][gc,metaspace] GC(297) Metaspace: 24310K(24640K)->24310K(24640K) NonClass: 21541K(21696K)->21541K(21696K) Class: 2768K(2944K)->2768K(2944K)
[2026-03-19T14:52:26.498+0800][104.624s][info][gc          ] GC(297) Pause Young (Concurrent Start) (G1 Humongous Allocation) 43M->38M(128M) 3.860ms
[2026-03-19T14:52:26.498+0800][104.624s][info][gc,cpu      ] GC(297) User=0.00s Sys=0.00s Real=0.00s
[2026-03-19T14:52:26.498+0800][104.625s][info][gc          ] GC(298) Concurrent Mark Cycle
[2026-03-19T14:52:26.498+0800][104.625s][info][gc,marking  ] GC(298) Concurrent Clear Claimed Marks
[2026-03-19T14:52:26.498+0800][104.625s][info][gc,marking  ] GC(298) Concurrent Clear Claimed Marks 0.100ms
[2026-03-19T14:52:26.498+0800][104.625s][info][gc,marking  ] GC(298) Concurrent Scan Root Regions
[2026-03-19T14:52:26.499+0800][104.625s][info][gc,marking  ] GC(298) Concurrent Scan Root Regions 0.378ms
[2026-03-19T14:52:26.499+0800][104.625s][info][gc,marking  ] GC(298) Concurrent Mark
[2026-03-19T14:52:26.499+0800][104.625s][info][gc,marking  ] GC(298) Concurrent Mark From Roots
[2026-03-19T14:52:26.499+0800][104.625s][info][gc,task     ] GC(298) Using 3 workers of 3 for marking
[2026-03-19T14:52:26.510+0800][104.636s][info][gc,marking  ] GC(298) Concurrent Mark From Roots 10.445ms
[2026-03-19T14:52:26.510+0800][104.636s][info][gc,marking  ] GC(298) Concurrent Preclean
[2026-03-19T14:52:26.510+0800][104.636s][info][gc,marking  ] GC(298) Concurrent Preclean 0.267ms
[2026-03-19T14:52:26.510+0800][104.637s][info][gc,start    ] GC(298) Pause Remark
[2026-03-19T14:52:26.517+0800][104.643s][info][gc          ] GC(298) Pause Remark 49M->39M(128M) 6.805ms
[2026-03-19T14:52:26.517+0800][104.644s][info][gc,cpu      ] GC(298) User=0.05s Sys=0.00s Real=0.01s
[2026-03-19T14:52:26.517+0800][104.644s][info][gc,marking  ] GC(298) Concurrent Mark 18.603ms
[2026-03-19T14:52:26.517+0800][104.644s][info][gc,marking  ] GC(298) Concurrent Rebuild Remembered Sets
[2026-03-19T14:52:26.524+0800][104.650s][info][gc,marking  ] GC(298) Concurrent Rebuild Remembered Sets 6.170ms
[2026-03-19T14:52:26.524+0800][104.651s][info][gc,start    ] GC(298) Pause Cleanup
[2026-03-19T14:52:26.524+0800][104.651s][info][gc          ] GC(298) Pause Cleanup 39M->39M(128M) 0.392ms
[2026-03-19T14:52:26.525+0800][104.652s][info][gc,cpu      ] GC(298) User=0.00s Sys=0.00s Real=0.00s
[2026-03-19T14:52:26.525+0800][104.652s][info][gc,marking  ] GC(298) Concurrent Cleanup for Next Mark
[2026-03-19T14:52:26.525+0800][104.652s][info][gc,marking  ] GC(298) Concurrent Cleanup for Next Mark 0.407ms
[2026-03-19T14:52:26.525+0800][104.652s][info][gc          ] GC(298) Concurrent Mark Cycle 27.685ms
[2026-03-19T14:52:26.808+0800][104.935s][info][gc,start    ] GC(299) Pause Young (Concurrent Start) (G1 Humongous Allocation)
[2026-03-19T14:52:26.808+0800][104.935s][info][gc,task     ] GC(299) Using 3 workers of 13 for evacuation
[2026-03-19T14:52:26.811+0800][104.937s][info][gc,phases   ] GC(299)   Pre Evacuate Collection Set: 0.2ms
[2026-03-19T14:52:26.811+0800][104.938s][info][gc,phases   ] GC(299)   Merge Heap Roots: 0.2ms
[2026-03-19T14:52:26.811+0800][104.938s][info][gc,phases   ] GC(299)   Evacuate Collection Set: 0.9ms
[2026-03-19T14:52:26.811+0800][104.938s][info][gc,phases   ] GC(299)   Post Evacuate Collection Set: 0.8ms
[2026-03-19T14:52:26.811+0800][104.938s][info][gc,phases   ] GC(299)   Other: 0.4ms
[2026-03-19T14:52:26.811+0800][104.938s][info][gc,heap     ] GC(299) Eden regions: 5->0(50)
[2026-03-19T14:52:26.811+0800][104.938s][info][gc,heap     ] GC(299) Survivor regions: 2->2(7)
[2026-03-19T14:52:26.811+0800][104.938s][info][gc,heap     ] GC(299) Old regions: 19->19
[2026-03-19T14:52:26.812+0800][104.938s][info][gc,heap     ] GC(299) Archive regions: 0->0
[2026-03-19T14:52:26.812+0800][104.938s][info][gc,heap     ] GC(299) Humongous regions: 19->19
[2026-03-19T14:52:26.812+0800][104.938s][info][gc,metaspace] GC(299) Metaspace: 24312K(24640K)->24312K(24640K) NonClass: 21544K(21696K)->21544K(21696K) Class: 2768K(2944K)->2768K(2944K)
[2026-03-19T14:52:26.812+0800][104.938s][info][gc          ] GC(299) Pause Young (Concurrent Start) (G1 Humongous Allocation) 42M->38M(128M) 3.412ms
[2026-03-19T14:52:26.812+0800][104.938s][info][gc,cpu      ] GC(299) User=0.00s Sys=0.00s Real=0.00s
[2026-03-19T14:52:26.812+0800][104.939s][info][gc          ] GC(300) Concurrent Mark Cycle
[2026-03-19T14:52:26.812+0800][104.939s][info][gc,marking  ] GC(300) Concurrent Clear Claimed Marks
[2026-03-19T14:52:26.812+0800][104.939s][info][gc,marking  ] GC(300) Concurrent Clear Claimed Marks 0.083ms
[2026-03-19T14:52:26.812+0800][104.939s][info][gc,marking  ] GC(300) Concurrent Scan Root Regions
[2026-03-19T14:52:26.813+0800][104.939s][info][gc,marking  ] GC(300) Concurrent Scan Root Regions 0.501ms
[2026-03-19T14:52:26.813+0800][104.939s][info][gc,marking  ] GC(300) Concurrent Mark
[2026-03-19T14:52:26.813+0800][104.940s][info][gc,marking  ] GC(300) Concurrent Mark From Roots
[2026-03-19T14:52:26.813+0800][104.940s][info][gc,task     ] GC(300) Using 3 workers of 3 for marking
[2026-03-19T14:52:26.824+0800][104.951s][info][gc,marking  ] GC(300) Concurrent Mark From Roots 11.180ms
[2026-03-19T14:52:26.824+0800][104.951s][info][gc,marking  ] GC(300) Concurrent Preclean
[2026-03-19T14:52:26.824+0800][104.951s][info][gc,marking  ] GC(300) Concurrent Preclean 0.380ms
[2026-03-19T14:52:26.825+0800][104.952s][info][gc,start    ] GC(300) Pause Remark
[2026-03-19T14:52:26.832+0800][104.959s][info][gc          ] GC(300) Pause Remark 49M->39M(128M) 7.005ms
[2026-03-19T14:52:26.832+0800][104.959s][info][gc,cpu      ] GC(300) User=0.05s Sys=0.02s Real=0.01s
[2026-03-19T14:52:26.833+0800][104.959s][info][gc,marking  ] GC(300) Concurrent Mark 19.839ms
[2026-03-19T14:52:26.833+0800][104.960s][info][gc,marking  ] GC(300) Concurrent Rebuild Remembered Sets
[2026-03-19T14:52:26.839+0800][104.966s][info][gc,marking  ] GC(300) Concurrent Rebuild Remembered Sets 6.646ms
[2026-03-19T14:52:26.839+0800][104.967s][info][gc,start    ] GC(300) Pause Cleanup
[2026-03-19T14:52:26.840+0800][104.967s][info][gc          ] GC(300) Pause Cleanup 39M->39M(128M) 0.203ms
[2026-03-19T14:52:26.840+0800][104.967s][info][gc,cpu      ] GC(300) User=0.00s Sys=0.00s Real=0.00s
[2026-03-19T14:52:26.840+0800][104.967s][info][gc,marking  ] GC(300) Concurrent Cleanup for Next Mark
[2026-03-19T14:52:26.841+0800][104.968s][info][gc,marking  ] GC(300) Concurrent Cleanup for Next Mark 0.505ms
[2026-03-19T14:52:26.841+0800][104.968s][info][gc          ] GC(300) Concurrent Mark Cycle 29.344ms
[2026-03-19T14:52:27.132+0800][105.259s][info][gc,start    ] GC(301) Pause Young (Concurrent Start) (G1 Humongous Allocation)
[2026-03-19T14:52:27.132+0800][105.259s][info][gc,task     ] GC(301) Using 3 workers of 13 for evacuation
[2026-03-19T14:52:27.135+0800][105.262s][info][gc,phases   ] GC(301)   Pre Evacuate Collection Set: 0.2ms
[2026-03-19T14:52:27.135+0800][105.262s][info][gc,phases   ] GC(301)   Merge Heap Roots: 0.2ms
[2026-03-19T14:52:27.135+0800][105.262s][info][gc,phases   ] GC(301)   Evacuate Collection Set: 1.1ms
[2026-03-19T14:52:27.135+0800][105.262s][info][gc,phases   ] GC(301)   Post Evacuate Collection Set: 0.9ms
[2026-03-19T14:52:27.136+0800][105.262s][info][gc,phases   ] GC(301)   Other: 0.4ms
[2026-03-19T14:52:27.136+0800][105.262s][info][gc,heap     ] GC(301) Eden regions: 5->0(50)
[2026-03-19T14:52:27.136+0800][105.262s][info][gc,heap     ] GC(301) Survivor regions: 2->2(7)
[2026-03-19T14:52:27.136+0800][105.262s][info][gc,heap     ] GC(301) Old regions: 19->19
[2026-03-19T14:52:27.136+0800][105.262s][info][gc,heap     ] GC(301) Archive regions: 0->0
[2026-03-19T14:52:27.136+0800][105.262s][info][gc,heap     ] GC(301) Humongous regions: 19->19
[2026-03-19T14:52:27.136+0800][105.262s][info][gc,metaspace] GC(301) Metaspace: 24331K(24640K)->24331K(24640K) NonClass: 21559K(21696K)->21559K(21696K) Class: 2771K(2944K)->2771K(2944K)
[2026-03-19T14:52:27.136+0800][105.262s][info][gc          ] GC(301) Pause Young (Concurrent Start) (G1 Humongous Allocation) 43M->38M(128M) 3.707ms
[2026-03-19T14:52:27.136+0800][105.263s][info][gc,cpu      ] GC(301) User=0.00s Sys=0.00s Real=0.00s
[2026-03-19T14:52:27.136+0800][105.263s][info][gc          ] GC(302) Concurrent Mark Cycle
[2026-03-19T14:52:27.137+0800][105.263s][info][gc,marking  ] GC(302) Concurrent Clear Claimed Marks
[2026-03-19T14:52:27.137+0800][105.263s][info][gc,marking  ] GC(302) Concurrent Clear Claimed Marks 0.177ms
[2026-03-19T14:52:27.137+0800][105.263s][info][gc,marking  ] GC(302) Concurrent Scan Root Regions
[2026-03-19T14:52:27.137+0800][105.264s][info][gc,marking  ] GC(302) Concurrent Scan Root Regions 0.542ms
[2026-03-19T14:52:27.137+0800][105.264s][info][gc,marking  ] GC(302) Concurrent Mark
[2026-03-19T14:52:27.137+0800][105.264s][info][gc,marking  ] GC(302) Concurrent Mark From Roots
[2026-03-19T14:52:27.137+0800][105.264s][info][gc,task     ] GC(302) Using 3 workers of 3 for marking
[2026-03-19T14:52:27.149+0800][105.276s][info][gc,marking  ] GC(302) Concurrent Mark From Roots 11.616ms
[2026-03-19T14:52:27.150+0800][105.276s][info][gc,marking  ] GC(302) Concurrent Preclean
[2026-03-19T14:52:27.150+0800][105.277s][info][gc,marking  ] GC(302) Concurrent Preclean 0.503ms
[2026-03-19T14:52:27.151+0800][105.277s][info][gc,start    ] GC(302) Pause Remark
[2026-03-19T14:52:27.157+0800][105.283s][info][gc          ] GC(302) Pause Remark 49M->39M(128M) 6.128ms
[2026-03-19T14:52:27.157+0800][105.284s][info][gc,cpu      ] GC(302) User=0.02s Sys=0.00s Real=0.01s
[2026-03-19T14:52:27.157+0800][105.284s][info][gc,marking  ] GC(302) Concurrent Mark 19.585ms
[2026-03-19T14:52:27.157+0800][105.284s][info][gc,marking  ] GC(302) Concurrent Rebuild Remembered Sets
[2026-03-19T14:52:27.161+0800][105.287s][info][gc,marking  ] GC(302) Concurrent Rebuild Remembered Sets 3.524ms
[2026-03-19T14:52:27.161+0800][105.288s][info][gc,start    ] GC(302) Pause Cleanup
[2026-03-19T14:52:27.162+0800][105.288s][info][gc          ] GC(302) Pause Cleanup 39M->39M(128M) 0.398ms
[2026-03-19T14:52:27.162+0800][105.289s][info][gc,cpu      ] GC(302) User=0.00s Sys=0.00s Real=0.00s
[2026-03-19T14:52:27.162+0800][105.289s][info][gc,marking  ] GC(302) Concurrent Cleanup for Next Mark
[2026-03-19T14:52:27.163+0800][105.289s][info][gc,marking  ] GC(302) Concurrent Cleanup for Next Mark 0.602ms
[2026-03-19T14:52:27.163+0800][105.290s][info][gc          ] GC(302) Concurrent Mark Cycle 26.879ms
[2026-03-19T14:52:27.461+0800][105.587s][info][gc,start    ] GC(303) Pause Young (Concurrent Start) (G1 Humongous Allocation)
[2026-03-19T14:52:27.461+0800][105.587s][info][gc,task     ] GC(303) Using 3 workers of 13 for evacuation
[2026-03-19T14:52:27.463+0800][105.590s][info][gc,phases   ] GC(303)   Pre Evacuate Collection Set: 0.2ms
[2026-03-19T14:52:27.464+0800][105.590s][info][gc,phases   ] GC(303)   Merge Heap Roots: 0.1ms
[2026-03-19T14:52:27.464+0800][105.590s][info][gc,phases   ] GC(303)   Evacuate Collection Set: 0.9ms
[2026-03-19T14:52:27.464+0800][105.590s][info][gc,phases   ] GC(303)   Post Evacuate Collection Set: 0.8ms
[2026-03-19T14:52:27.464+0800][105.590s][info][gc,phases   ] GC(303)   Other: 0.6ms
[2026-03-19T14:52:27.464+0800][105.590s][info][gc,heap     ] GC(303) Eden regions: 5->0(50)
[2026-03-19T14:52:27.464+0800][105.590s][info][gc,heap     ] GC(303) Survivor regions: 2->2(7)
[2026-03-19T14:52:27.464+0800][105.590s][info][gc,heap     ] GC(303) Old regions: 19->19
[2026-03-19T14:52:27.464+0800][105.590s][info][gc,heap     ] GC(303) Archive regions: 0->0
[2026-03-19T14:52:27.464+0800][105.590s][info][gc,heap     ] GC(303) Humongous regions: 19->19
[2026-03-19T14:52:27.464+0800][105.590s][info][gc,metaspace] GC(303) Metaspace: 24331K(24640K)->24331K(24640K) NonClass: 21560K(21696K)->21560K(21696K) Class: 2771K(2944K)->2771K(2944K)
[2026-03-19T14:52:27.464+0800][105.591s][info][gc          ] GC(303) Pause Young (Concurrent Start) (G1 Humongous Allocation) 43M->38M(128M) 3.356ms
[2026-03-19T14:52:27.464+0800][105.591s][info][gc,cpu      ] GC(303) User=0.00s Sys=0.00s Real=0.00s
[2026-03-19T14:52:27.464+0800][105.591s][info][gc          ] GC(304) Concurrent Mark Cycle
[2026-03-19T14:52:27.465+0800][105.591s][info][gc,marking  ] GC(304) Concurrent Clear Claimed Marks
[2026-03-19T14:52:27.465+0800][105.591s][info][gc,marking  ] GC(304) Concurrent Clear Claimed Marks 0.099ms
[2026-03-19T14:52:27.465+0800][105.591s][info][gc,marking  ] GC(304) Concurrent Scan Root Regions
[2026-03-19T14:52:27.465+0800][105.592s][info][gc,marking  ] GC(304) Concurrent Scan Root Regions 0.487ms
[2026-03-19T14:52:27.466+0800][105.592s][info][gc,marking  ] GC(304) Concurrent Mark
[2026-03-19T14:52:27.466+0800][105.592s][info][gc,marking  ] GC(304) Concurrent Mark From Roots
[2026-03-19T14:52:27.466+0800][105.592s][info][gc,task     ] GC(304) Using 3 workers of 3 for marking
[2026-03-19T14:52:27.474+0800][105.601s][info][gc,marking  ] GC(304) Concurrent Mark From Roots 8.801ms
[2026-03-19T14:52:27.474+0800][105.601s][info][gc,marking  ] GC(304) Concurrent Preclean
[2026-03-19T14:52:27.475+0800][105.602s][info][gc,marking  ] GC(304) Concurrent Preclean 0.801ms
[2026-03-19T14:52:27.476+0800][105.602s][info][gc,start    ] GC(304) Pause Remark
[2026-03-19T14:52:27.481+0800][105.607s][info][gc          ] GC(304) Pause Remark 49M->39M(128M) 4.730ms
[2026-03-19T14:52:27.481+0800][105.607s][info][gc,cpu      ] GC(304) User=0.00s Sys=0.00s Real=0.00s
[2026-03-19T14:52:27.481+0800][105.607s][info][gc,marking  ] GC(304) Concurrent Mark 15.639ms
[2026-03-19T14:52:27.481+0800][105.608s][info][gc,marking  ] GC(304) Concurrent Rebuild Remembered Sets
[2026-03-19T14:52:27.484+0800][105.611s][info][gc,marking  ] GC(304) Concurrent Rebuild Remembered Sets 3.249ms
[2026-03-19T14:52:27.485+0800][105.611s][info][gc,start    ] GC(304) Pause Cleanup
[2026-03-19T14:52:27.485+0800][105.612s][info][gc          ] GC(304) Pause Cleanup 39M->39M(128M) 0.337ms
[2026-03-19T14:52:27.485+0800][105.612s][info][gc,cpu      ] GC(304) User=0.00s Sys=0.00s Real=0.00s
[2026-03-19T14:52:27.485+0800][105.612s][info][gc,marking  ] GC(304) Concurrent Cleanup for Next Mark
[2026-03-19T14:52:27.486+0800][105.612s][info][gc,marking  ] GC(304) Concurrent Cleanup for Next Mark 0.429ms
[2026-03-19T14:52:27.486+0800][105.612s][info][gc          ] GC(304) Concurrent Mark Cycle 21.601ms
[2026-03-19T14:52:27.772+0800][105.899s][info][gc,start    ] GC(305) Pause Young (Concurrent Start) (G1 Humongous Allocation)
[2026-03-19T14:52:27.773+0800][105.899s][info][gc,task     ] GC(305) Using 3 workers of 13 for evacuation
[2026-03-19T14:52:27.775+0800][105.901s][info][gc,phases   ] GC(305)   Pre Evacuate Collection Set: 0.2ms
[2026-03-19T14:52:27.775+0800][105.901s][info][gc,phases   ] GC(305)   Merge Heap Roots: 0.1ms
[2026-03-19T14:52:27.775+0800][105.901s][info][gc,phases   ] GC(305)   Evacuate Collection Set: 1.1ms
[2026-03-19T14:52:27.775+0800][105.901s][info][gc,phases   ] GC(305)   Post Evacuate Collection Set: 0.8ms
[2026-03-19T14:52:27.775+0800][105.901s][info][gc,phases   ] GC(305)   Other: 0.3ms
[2026-03-19T14:52:27.775+0800][105.902s][info][gc,heap     ] GC(305) Eden regions: 5->0(50)
[2026-03-19T14:52:27.775+0800][105.902s][info][gc,heap     ] GC(305) Survivor regions: 2->2(7)
[2026-03-19T14:52:27.775+0800][105.902s][info][gc,heap     ] GC(305) Old regions: 19->19
[2026-03-19T14:52:27.775+0800][105.902s][info][gc,heap     ] GC(305) Archive regions: 0->0
[2026-03-19T14:52:27.775+0800][105.902s][info][gc,heap     ] GC(305) Humongous regions: 19->19
[2026-03-19T14:52:27.775+0800][105.902s][info][gc,metaspace] GC(305) Metaspace: 24332K(24640K)->24332K(24640K) NonClass: 21561K(21696K)->21561K(21696K) Class: 2771K(2944K)->2771K(2944K)
[2026-03-19T14:52:27.776+0800][105.902s][info][gc          ] GC(305) Pause Young (Concurrent Start) (G1 Humongous Allocation) 43M->38M(128M) 3.137ms
[2026-03-19T14:52:27.776+0800][105.902s][info][gc,cpu      ] GC(305) User=0.00s Sys=0.00s Real=0.00s
[2026-03-19T14:52:27.776+0800][105.902s][info][gc          ] GC(306) Concurrent Mark Cycle
[2026-03-19T14:52:27.776+0800][105.902s][info][gc,marking  ] GC(306) Concurrent Clear Claimed Marks
[2026-03-19T14:52:27.776+0800][105.902s][info][gc,marking  ] GC(306) Concurrent Clear Claimed Marks 0.061ms
[2026-03-19T14:52:27.776+0800][105.902s][info][gc,marking  ] GC(306) Concurrent Scan Root Regions
[2026-03-19T14:52:27.776+0800][105.903s][info][gc,marking  ] GC(306) Concurrent Scan Root Regions 0.447ms
[2026-03-19T14:52:27.776+0800][105.903s][info][gc,marking  ] GC(306) Concurrent Mark
[2026-03-19T14:52:27.776+0800][105.903s][info][gc,marking  ] GC(306) Concurrent Mark From Roots
[2026-03-19T14:52:27.776+0800][105.903s][info][gc,task     ] GC(306) Using 3 workers of 3 for marking
[2026-03-19T14:52:27.784+0800][105.911s][info][gc,marking  ] GC(306) Concurrent Mark From Roots 7.795ms
[2026-03-19T14:52:27.784+0800][105.911s][info][gc,marking  ] GC(306) Concurrent Preclean
[2026-03-19T14:52:27.784+0800][105.911s][info][gc,marking  ] GC(306) Concurrent Preclean 0.209ms
[2026-03-19T14:52:27.784+0800][105.911s][info][gc,start    ] GC(306) Pause Remark
[2026-03-19T14:52:27.790+0800][105.916s][info][gc          ] GC(306) Pause Remark 49M->39M(128M) 5.106ms
[2026-03-19T14:52:27.790+0800][105.917s][info][gc,cpu      ] GC(306) User=0.00s Sys=0.00s Real=0.01s
[2026-03-19T14:52:27.790+0800][105.917s][info][gc,marking  ] GC(306) Concurrent Mark 13.999ms
[2026-03-19T14:52:27.790+0800][105.917s][info][gc,marking  ] GC(306) Concurrent Rebuild Remembered Sets
[2026-03-19T14:52:27.795+0800][105.921s][info][gc,marking  ] GC(306) Concurrent Rebuild Remembered Sets 4.289ms
[2026-03-19T14:52:27.795+0800][105.922s][info][gc,start    ] GC(306) Pause Cleanup
[2026-03-19T14:52:27.796+0800][105.922s][info][gc          ] GC(306) Pause Cleanup 39M->39M(128M) 0.279ms
[2026-03-19T14:52:27.796+0800][105.922s][info][gc,cpu      ] GC(306) User=0.02s Sys=0.00s Real=0.00s
[2026-03-19T14:52:27.796+0800][105.922s][info][gc,marking  ] GC(306) Concurrent Cleanup for Next Mark
[2026-03-19T14:52:27.796+0800][105.922s][info][gc,marking  ] GC(306) Concurrent Cleanup for Next Mark 0.356ms
[2026-03-19T14:52:27.796+0800][105.922s][info][gc          ] GC(306) Concurrent Mark Cycle 20.506ms
[2026-03-19T14:52:28.087+0800][106.214s][info][gc,start    ] GC(307) Pause Young (Concurrent Start) (G1 Humongous Allocation)
[2026-03-19T14:52:28.087+0800][106.214s][info][gc,task     ] GC(307) Using 3 workers of 13 for evacuation
[2026-03-19T14:52:28.089+0800][106.216s][info][gc,phases   ] GC(307)   Pre Evacuate Collection Set: 0.1ms
[2026-03-19T14:52:28.089+0800][106.216s][info][gc,phases   ] GC(307)   Merge Heap Roots: 0.1ms
[2026-03-19T14:52:28.089+0800][106.216s][info][gc,phases   ] GC(307)   Evacuate Collection Set: 0.9ms
[2026-03-19T14:52:28.089+0800][106.216s][info][gc,phases   ] GC(307)   Post Evacuate Collection Set: 0.3ms
[2026-03-19T14:52:28.089+0800][106.216s][info][gc,phases   ] GC(307)   Other: 0.4ms
[2026-03-19T14:52:28.089+0800][106.216s][info][gc,heap     ] GC(307) Eden regions: 5->0(49)
[2026-03-19T14:52:28.089+0800][106.216s][info][gc,heap     ] GC(307) Survivor regions: 2->2(7)
[2026-03-19T14:52:28.089+0800][106.216s][info][gc,heap     ] GC(307) Old regions: 19->19
[2026-03-19T14:52:28.089+0800][106.216s][info][gc,heap     ] GC(307) Archive regions: 0->0
[2026-03-19T14:52:28.090+0800][106.216s][info][gc,heap     ] GC(307) Humongous regions: 19->19
[2026-03-19T14:52:28.090+0800][106.216s][info][gc,metaspace] GC(307) Metaspace: 24338K(24640K)->24338K(24640K) NonClass: 21567K(21696K)->21567K(21696K) Class: 2771K(2944K)->2771K(2944K)
[2026-03-19T14:52:28.090+0800][106.217s][info][gc          ] GC(307) Pause Young (Concurrent Start) (G1 Humongous Allocation) 43M->38M(128M) 2.683ms
[2026-03-19T14:52:28.090+0800][106.217s][info][gc,cpu      ] GC(307) User=0.00s Sys=0.00s Real=0.00s
[2026-03-19T14:52:28.090+0800][106.217s][info][gc          ] GC(308) Concurrent Mark Cycle
[2026-03-19T14:52:28.090+0800][106.217s][info][gc,marking  ] GC(308) Concurrent Clear Claimed Marks
[2026-03-19T14:52:28.090+0800][106.217s][info][gc,marking  ] GC(308) Concurrent Clear Claimed Marks 0.084ms
[2026-03-19T14:52:28.090+0800][106.217s][info][gc,marking  ] GC(308) Concurrent Scan Root Regions
[2026-03-19T14:52:28.091+0800][106.217s][info][gc,marking  ] GC(308) Concurrent Scan Root Regions 0.381ms
[2026-03-19T14:52:28.091+0800][106.217s][info][gc,marking  ] GC(308) Concurrent Mark
[2026-03-19T14:52:28.091+0800][106.218s][info][gc,marking  ] GC(308) Concurrent Mark From Roots
[2026-03-19T14:52:28.091+0800][106.218s][info][gc,task     ] GC(308) Using 3 workers of 3 for marking
[2026-03-19T14:52:28.099+0800][106.225s][info][gc,marking  ] GC(308) Concurrent Mark From Roots 7.672ms
[2026-03-19T14:52:28.099+0800][106.225s][info][gc,marking  ] GC(308) Concurrent Preclean
[2026-03-19T14:52:28.099+0800][106.226s][info][gc,marking  ] GC(308) Concurrent Preclean 0.348ms
[2026-03-19T14:52:28.100+0800][106.226s][info][gc,start    ] GC(308) Pause Remark
[2026-03-19T14:52:28.104+0800][106.230s][info][gc          ] GC(308) Pause Remark 49M->39M(128M) 4.287ms
[2026-03-19T14:52:28.104+0800][106.231s][info][gc,cpu      ] GC(308) User=0.00s Sys=0.00s Real=0.00s
[2026-03-19T14:52:28.104+0800][106.231s][info][gc,marking  ] GC(308) Concurrent Mark 13.213ms
[2026-03-19T14:52:28.104+0800][106.231s][info][gc,marking  ] GC(308) Concurrent Rebuild Remembered Sets
[2026-03-19T14:52:28.108+0800][106.235s][info][gc,marking  ] GC(308) Concurrent Rebuild Remembered Sets 3.688ms
[2026-03-19T14:52:28.108+0800][106.235s][info][gc,start    ] GC(308) Pause Cleanup
[2026-03-19T14:52:28.108+0800][106.235s][info][gc          ] GC(308) Pause Cleanup 39M->39M(128M) 0.274ms
[2026-03-19T14:52:28.108+0800][106.235s][info][gc,cpu      ] GC(308) User=0.00s Sys=0.00s Real=0.00s
[2026-03-19T14:52:28.108+0800][106.235s][info][gc,marking  ] GC(308) Concurrent Cleanup for Next Mark
[2026-03-19T14:52:28.109+0800][106.236s][info][gc,marking  ] GC(308) Concurrent Cleanup for Next Mark 0.395ms
[2026-03-19T14:52:28.109+0800][106.236s][info][gc          ] GC(308) Concurrent Mark Cycle 19.109ms
[2026-03-19T14:52:28.411+0800][106.538s][info][gc,start    ] GC(309) Pause Young (Concurrent Start) (G1 Humongous Allocation)
[2026-03-19T14:52:28.411+0800][106.539s][info][gc,task     ] GC(309) Using 3 workers of 13 for evacuation
[2026-03-19T14:52:28.413+0800][106.541s][info][gc,phases   ] GC(309)   Pre Evacuate Collection Set: 0.2ms
[2026-03-19T14:52:28.414+0800][106.541s][info][gc,phases   ] GC(309)   Merge Heap Roots: 0.2ms
[2026-03-19T14:52:28.414+0800][106.541s][info][gc,phases   ] GC(309)   Evacuate Collection Set: 0.8ms
[2026-03-19T14:52:28.414+0800][106.541s][info][gc,phases   ] GC(309)   Post Evacuate Collection Set: 0.6ms
[2026-03-19T14:52:28.414+0800][106.541s][info][gc,phases   ] GC(309)   Other: 0.4ms
[2026-03-19T14:52:28.414+0800][106.541s][info][gc,heap     ] GC(309) Eden regions: 5->0(49)
[2026-03-19T14:52:28.414+0800][106.541s][info][gc,heap     ] GC(309) Survivor regions: 2->2(7)
[2026-03-19T14:52:28.414+0800][106.541s][info][gc,heap     ] GC(309) Old regions: 19->19
[2026-03-19T14:52:28.414+0800][106.541s][info][gc,heap     ] GC(309) Archive regions: 0->0
[2026-03-19T14:52:28.414+0800][106.541s][info][gc,heap     ] GC(309) Humongous regions: 19->19
[2026-03-19T14:52:28.414+0800][106.541s][info][gc,metaspace] GC(309) Metaspace: 24341K(24640K)->24341K(24640K) NonClass: 21570K(21696K)->21570K(21696K) Class: 2771K(2944K)->2771K(2944K)
[2026-03-19T14:52:28.414+0800][106.541s][info][gc          ] GC(309) Pause Young (Concurrent Start) (G1 Humongous Allocation) 43M->38M(128M) 2.980ms
[2026-03-19T14:52:28.414+0800][106.541s][info][gc,cpu      ] GC(309) User=0.00s Sys=0.00s Real=0.00s
[2026-03-19T14:52:28.415+0800][106.542s][info][gc          ] GC(310) Concurrent Mark Cycle
[2026-03-19T14:52:28.415+0800][106.542s][info][gc,marking  ] GC(310) Concurrent Clear Claimed Marks
[2026-03-19T14:52:28.415+0800][106.542s][info][gc,marking  ] GC(310) Concurrent Clear Claimed Marks 0.080ms
[2026-03-19T14:52:28.415+0800][106.542s][info][gc,marking  ] GC(310) Concurrent Scan Root Regions
[2026-03-19T14:52:28.415+0800][106.542s][info][gc,marking  ] GC(310) Concurrent Scan Root Regions 0.359ms
[2026-03-19T14:52:28.415+0800][106.542s][info][gc,marking  ] GC(310) Concurrent Mark
[2026-03-19T14:52:28.415+0800][106.542s][info][gc,marking  ] GC(310) Concurrent Mark From Roots
[2026-03-19T14:52:28.415+0800][106.543s][info][gc,task     ] GC(310) Using 3 workers of 3 for marking
[2026-03-19T14:52:28.424+0800][106.551s][info][gc,marking  ] GC(310) Concurrent Mark From Roots 8.120ms
[2026-03-19T14:52:28.425+0800][106.551s][info][gc,marking  ] GC(310) Concurrent Preclean
[2026-03-19T14:52:28.425+0800][106.551s][info][gc,marking  ] GC(310) Concurrent Preclean 0.311ms
[2026-03-19T14:52:28.425+0800][106.551s][info][gc,start    ] GC(310) Pause Remark
[2026-03-19T14:52:28.429+0800][106.556s][info][gc          ] GC(310) Pause Remark 49M->39M(128M) 4.298ms
[2026-03-19T14:52:28.429+0800][106.556s][info][gc,cpu      ] GC(310) User=0.00s Sys=0.00s Real=0.00s
[2026-03-19T14:52:28.429+0800][106.556s][info][gc,marking  ] GC(310) Concurrent Mark 13.668ms
[2026-03-19T14:52:28.429+0800][106.556s][info][gc,marking  ] GC(310) Concurrent Rebuild Remembered Sets
[2026-03-19T14:52:28.433+0800][106.560s][info][gc,marking  ] GC(310) Concurrent Rebuild Remembered Sets 3.734ms
[2026-03-19T14:52:28.434+0800][106.561s][info][gc,start    ] GC(310) Pause Cleanup
[2026-03-19T14:52:28.434+0800][106.561s][info][gc          ] GC(310) Pause Cleanup 39M->39M(128M) 0.470ms
[2026-03-19T14:52:28.434+0800][106.561s][info][gc,cpu      ] GC(310) User=0.00s Sys=0.00s Real=0.00s
[2026-03-19T14:52:28.434+0800][106.561s][info][gc,marking  ] GC(310) Concurrent Cleanup for Next Mark
[2026-03-19T14:52:28.435+0800][106.562s][info][gc,marking  ] GC(310) Concurrent Cleanup for Next Mark 0.428ms
[2026-03-19T14:52:28.435+0800][106.562s][info][gc          ] GC(310) Concurrent Mark Cycle 20.268ms
[2026-03-19T14:52:28.738+0800][106.865s][info][gc,start    ] GC(311) Pause Young (Concurrent Start) (G1 Humongous Allocation)
[2026-03-19T14:52:28.739+0800][106.865s][info][gc,task     ] GC(311) Using 3 workers of 13 for evacuation
[2026-03-19T14:52:28.741+0800][106.868s][info][gc,phases   ] GC(311)   Pre Evacuate Collection Set: 0.2ms
[2026-03-19T14:52:28.741+0800][106.868s][info][gc,phases   ] GC(311)   Merge Heap Roots: 0.2ms
[2026-03-19T14:52:28.741+0800][106.868s][info][gc,phases   ] GC(311)   Evacuate Collection Set: 1.1ms
[2026-03-19T14:52:28.741+0800][106.868s][info][gc,phases   ] GC(311)   Post Evacuate Collection Set: 0.9ms
[2026-03-19T14:52:28.741+0800][106.868s][info][gc,phases   ] GC(311)   Other: 0.4ms
[2026-03-19T14:52:28.741+0800][106.868s][info][gc,heap     ] GC(311) Eden regions: 5->0(49)
[2026-03-19T14:52:28.741+0800][106.868s][info][gc,heap     ] GC(311) Survivor regions: 2->2(7)
[2026-03-19T14:52:28.741+0800][106.868s][info][gc,heap     ] GC(311) Old regions: 19->19
[2026-03-19T14:52:28.741+0800][106.868s][info][gc,heap     ] GC(311) Archive regions: 0->0
[2026-03-19T14:52:28.742+0800][106.869s][info][gc,heap     ] GC(311) Humongous regions: 19->19
[2026-03-19T14:52:28.742+0800][106.869s][info][gc,metaspace] GC(311) Metaspace: 24345K(24640K)->24345K(24640K) NonClass: 21574K(21696K)->21574K(21696K) Class: 2771K(2944K)->2771K(2944K)
[2026-03-19T14:52:28.742+0800][106.869s][info][gc          ] GC(311) Pause Young (Concurrent Start) (G1 Humongous Allocation) 43M->38M(128M) 3.821ms
[2026-03-19T14:52:28.742+0800][106.869s][info][gc,cpu      ] GC(311) User=0.00s Sys=0.00s Real=0.00s
[2026-03-19T14:52:28.742+0800][106.869s][info][gc          ] GC(312) Concurrent Mark Cycle
[2026-03-19T14:52:28.742+0800][106.869s][info][gc,marking  ] GC(312) Concurrent Clear Claimed Marks
[2026-03-19T14:52:28.742+0800][106.869s][info][gc,marking  ] GC(312) Concurrent Clear Claimed Marks 0.109ms
[2026-03-19T14:52:28.742+0800][106.869s][info][gc,marking  ] GC(312) Concurrent Scan Root Regions
[2026-03-19T14:52:28.743+0800][106.870s][info][gc,marking  ] GC(312) Concurrent Scan Root Regions 0.473ms
[2026-03-19T14:52:28.743+0800][106.870s][info][gc,marking  ] GC(312) Concurrent Mark
[2026-03-19T14:52:28.743+0800][106.870s][info][gc,marking  ] GC(312) Concurrent Mark From Roots
[2026-03-19T14:52:28.743+0800][106.870s][info][gc,task     ] GC(312) Using 3 workers of 3 for marking
[2026-03-19T14:52:28.751+0800][106.877s][info][gc,marking  ] GC(312) Concurrent Mark From Roots 7.132ms
[2026-03-19T14:52:28.751+0800][106.878s][info][gc,marking  ] GC(312) Concurrent Preclean
[2026-03-19T14:52:28.751+0800][106.878s][info][gc,marking  ] GC(312) Concurrent Preclean 0.360ms
[2026-03-19T14:52:28.752+0800][106.878s][info][gc,start    ] GC(312) Pause Remark
[2026-03-19T14:52:28.757+0800][106.883s][info][gc          ] GC(312) Pause Remark 49M->39M(128M) 5.189ms
[2026-03-19T14:52:28.757+0800][106.884s][info][gc,cpu      ] GC(312) User=0.00s Sys=0.00s Real=0.00s
[2026-03-19T14:52:28.757+0800][106.884s][info][gc,marking  ] GC(312) Concurrent Mark 13.905ms
[2026-03-19T14:52:28.757+0800][106.884s][info][gc,marking  ] GC(312) Concurrent Rebuild Remembered Sets
[2026-03-19T14:52:28.761+0800][106.887s][info][gc,marking  ] GC(312) Concurrent Rebuild Remembered Sets 2.818ms
[2026-03-19T14:52:28.761+0800][106.888s][info][gc,start    ] GC(312) Pause Cleanup
[2026-03-19T14:52:28.762+0800][106.888s][info][gc          ] GC(312) Pause Cleanup 39M->39M(128M) 0.218ms
[2026-03-19T14:52:28.762+0800][106.888s][info][gc,cpu      ] GC(312) User=0.00s Sys=0.00s Real=0.00s
[2026-03-19T14:52:28.762+0800][106.888s][info][gc,marking  ] GC(312) Concurrent Cleanup for Next Mark
[2026-03-19T14:52:28.762+0800][106.889s][info][gc,marking  ] GC(312) Concurrent Cleanup for Next Mark 0.350ms
[2026-03-19T14:52:28.762+0800][106.889s][info][gc          ] GC(312) Concurrent Mark Cycle 19.672ms
[2026-03-19T14:52:29.064+0800][107.190s][info][gc,start    ] GC(313) Pause Young (Concurrent Start) (G1 Humongous Allocation)
[2026-03-19T14:52:29.064+0800][107.190s][info][gc,task     ] GC(313) Using 3 workers of 13 for evacuation
[2026-03-19T14:52:29.066+0800][107.193s][info][gc,phases   ] GC(313)   Pre Evacuate Collection Set: 0.3ms
[2026-03-19T14:52:29.066+0800][107.193s][info][gc,phases   ] GC(313)   Merge Heap Roots: 0.1ms
[2026-03-19T14:52:29.066+0800][107.193s][info][gc,phases   ] GC(313)   Evacuate Collection Set: 1.0ms
[2026-03-19T14:52:29.066+0800][107.193s][info][gc,phases   ] GC(313)   Post Evacuate Collection Set: 0.8ms
[2026-03-19T14:52:29.066+0800][107.193s][info][gc,phases   ] GC(313)   Other: 0.5ms
[2026-03-19T14:52:29.066+0800][107.193s][info][gc,heap     ] GC(313) Eden regions: 5->0(49)
[2026-03-19T14:52:29.066+0800][107.193s][info][gc,heap     ] GC(313) Survivor regions: 2->2(7)
[2026-03-19T14:52:29.067+0800][107.193s][info][gc,heap     ] GC(313) Old regions: 19->19
[2026-03-19T14:52:29.067+0800][107.193s][info][gc,heap     ] GC(313) Archive regions: 0->0
[2026-03-19T14:52:29.067+0800][107.193s][info][gc,heap     ] GC(313) Humongous regions: 19->19
[2026-03-19T14:52:29.067+0800][107.194s][info][gc,metaspace] GC(313) Metaspace: 24345K(24640K)->24345K(24640K) NonClass: 21574K(21696K)->21574K(21696K) Class: 2771K(2944K)->2771K(2944K)
[2026-03-19T14:52:29.067+0800][107.194s][info][gc          ] GC(313) Pause Young (Concurrent Start) (G1 Humongous Allocation) 42M->38M(128M) 3.470ms
[2026-03-19T14:52:29.067+0800][107.194s][info][gc,cpu      ] GC(313) User=0.00s Sys=0.00s Real=0.00s
[2026-03-19T14:52:29.067+0800][107.194s][info][gc          ] GC(314) Concurrent Mark Cycle
[2026-03-19T14:52:29.067+0800][107.194s][info][gc,marking  ] GC(314) Concurrent Clear Claimed Marks
[2026-03-19T14:52:29.067+0800][107.194s][info][gc,marking  ] GC(314) Concurrent Clear Claimed Marks 0.087ms
[2026-03-19T14:52:29.067+0800][107.194s][info][gc,marking  ] GC(314) Concurrent Scan Root Regions
[2026-03-19T14:52:29.068+0800][107.195s][info][gc,marking  ] GC(314) Concurrent Scan Root Regions 0.466ms
[2026-03-19T14:52:29.068+0800][107.195s][info][gc,marking  ] GC(314) Concurrent Mark
[2026-03-19T14:52:29.068+0800][107.195s][info][gc,marking  ] GC(314) Concurrent Mark From Roots
[2026-03-19T14:52:29.068+0800][107.195s][info][gc,task     ] GC(314) Using 3 workers of 3 for marking
[2026-03-19T14:52:29.076+0800][107.203s][info][gc,marking  ] GC(314) Concurrent Mark From Roots 8.118ms
[2026-03-19T14:52:29.076+0800][107.203s][info][gc,marking  ] GC(314) Concurrent Preclean
[2026-03-19T14:52:29.077+0800][107.204s][info][gc,marking  ] GC(314) Concurrent Preclean 0.342ms
[2026-03-19T14:52:29.077+0800][107.204s][info][gc,start    ] GC(314) Pause Remark
[2026-03-19T14:52:29.082+0800][107.209s][info][gc          ] GC(314) Pause Remark 49M->39M(128M) 5.164ms
[2026-03-19T14:52:29.082+0800][107.209s][info][gc,cpu      ] GC(314) User=0.00s Sys=0.00s Real=0.01s
[2026-03-19T14:52:29.082+0800][107.209s][info][gc,marking  ] GC(314) Concurrent Mark 14.478ms
[2026-03-19T14:52:29.083+0800][107.209s][info][gc,marking  ] GC(314) Concurrent Rebuild Remembered Sets
[2026-03-19T14:52:29.088+0800][107.214s][info][gc,marking  ] GC(314) Concurrent Rebuild Remembered Sets 5.046ms
[2026-03-19T14:52:29.089+0800][107.215s][info][gc,start    ] GC(314) Pause Cleanup
[2026-03-19T14:52:29.089+0800][107.215s][info][gc          ] GC(314) Pause Cleanup 39M->39M(128M) 0.468ms
[2026-03-19T14:52:29.089+0800][107.216s][info][gc,cpu      ] GC(314) User=0.00s Sys=0.00s Real=0.00s
[2026-03-19T14:52:29.090+0800][107.216s][info][gc,marking  ] GC(314) Concurrent Cleanup for Next Mark
[2026-03-19T14:52:29.090+0800][107.216s][info][gc,marking  ] GC(314) Concurrent Cleanup for Next Mark 0.475ms
[2026-03-19T14:52:29.090+0800][107.217s][info][gc          ] GC(314) Concurrent Mark Cycle 22.791ms
[2026-03-19T14:52:29.377+0800][107.503s][info][gc,start    ] GC(315) Pause Young (Concurrent Start) (G1 Humongous Allocation)
[2026-03-19T14:52:29.377+0800][107.503s][info][gc,task     ] GC(315) Using 3 workers of 13 for evacuation
[2026-03-19T14:52:29.379+0800][107.506s][info][gc,phases   ] GC(315)   Pre Evacuate Collection Set: 0.2ms
[2026-03-19T14:52:29.379+0800][107.506s][info][gc,phases   ] GC(315)   Merge Heap Roots: 0.2ms
[2026-03-19T14:52:29.379+0800][107.506s][info][gc,phases   ] GC(315)   Evacuate Collection Set: 0.9ms
[2026-03-19T14:52:29.379+0800][107.506s][info][gc,phases   ] GC(315)   Post Evacuate Collection Set: 0.8ms
[2026-03-19T14:52:29.379+0800][107.506s][info][gc,phases   ] GC(315)   Other: 0.5ms
[2026-03-19T14:52:29.379+0800][107.506s][info][gc,heap     ] GC(315) Eden regions: 5->0(49)
[2026-03-19T14:52:29.379+0800][107.506s][info][gc,heap     ] GC(315) Survivor regions: 2->2(7)
[2026-03-19T14:52:29.379+0800][107.506s][info][gc,heap     ] GC(315) Old regions: 19->19
[2026-03-19T14:52:29.379+0800][107.506s][info][gc,heap     ] GC(315) Archive regions: 0->0
[2026-03-19T14:52:29.379+0800][107.506s][info][gc,heap     ] GC(315) Humongous regions: 19->19
[2026-03-19T14:52:29.379+0800][107.506s][info][gc,metaspace] GC(315) Metaspace: 24376K(24640K)->24376K(24640K) NonClass: 21605K(21696K)->21605K(21696K) Class: 2771K(2944K)->2771K(2944K)
[2026-03-19T14:52:29.379+0800][107.507s][info][gc          ] GC(315) Pause Young (Concurrent Start) (G1 Humongous Allocation) 43M->38M(128M) 3.309ms
[2026-03-19T14:52:29.380+0800][107.507s][info][gc,cpu      ] GC(315) User=0.00s Sys=0.00s Real=0.00s
[2026-03-19T14:52:29.380+0800][107.507s][info][gc          ] GC(316) Concurrent Mark Cycle
[2026-03-19T14:52:29.380+0800][107.507s][info][gc,marking  ] GC(316) Concurrent Clear Claimed Marks
[2026-03-19T14:52:29.380+0800][107.507s][info][gc,marking  ] GC(316) Concurrent Clear Claimed Marks 0.092ms
[2026-03-19T14:52:29.380+0800][107.507s][info][gc,marking  ] GC(316) Concurrent Scan Root Regions
[2026-03-19T14:52:29.380+0800][107.508s][info][gc,marking  ] GC(316) Concurrent Scan Root Regions 0.526ms
[2026-03-19T14:52:29.381+0800][107.508s][info][gc,marking  ] GC(316) Concurrent Mark
[2026-03-19T14:52:29.381+0800][107.508s][info][gc,marking  ] GC(316) Concurrent Mark From Roots
[2026-03-19T14:52:29.381+0800][107.508s][info][gc,task     ] GC(316) Using 3 workers of 3 for marking
[2026-03-19T14:52:29.388+0800][107.515s][info][gc,marking  ] GC(316) Concurrent Mark From Roots 6.757ms
[2026-03-19T14:52:29.388+0800][107.515s][info][gc,marking  ] GC(316) Concurrent Preclean
[2026-03-19T14:52:29.388+0800][107.515s][info][gc,marking  ] GC(316) Concurrent Preclean 0.414ms
[2026-03-19T14:52:29.389+0800][107.516s][info][gc,start    ] GC(316) Pause Remark
[2026-03-19T14:52:29.394+0800][107.520s][info][gc          ] GC(316) Pause Remark 49M->39M(128M) 4.766ms
[2026-03-19T14:52:29.394+0800][107.521s][info][gc,cpu      ] GC(316) User=0.00s Sys=0.00s Real=0.01s
[2026-03-19T14:52:29.394+0800][107.521s][info][gc,marking  ] GC(316) Concurrent Mark 13.120ms
[2026-03-19T14:52:29.394+0800][107.521s][info][gc,marking  ] GC(316) Concurrent Rebuild Remembered Sets
[2026-03-19T14:52:29.399+0800][107.525s][info][gc,marking  ] GC(316) Concurrent Rebuild Remembered Sets 3.821ms
[2026-03-19T14:52:29.399+0800][107.525s][info][gc,start    ] GC(316) Pause Cleanup
[2026-03-19T14:52:29.399+0800][107.525s][info][gc          ] GC(316) Pause Cleanup 39M->39M(128M) 0.245ms
[2026-03-19T14:52:29.399+0800][107.526s][info][gc,cpu      ] GC(316) User=0.00s Sys=0.00s Real=0.00s
[2026-03-19T14:52:29.400+0800][107.526s][info][gc,marking  ] GC(316) Concurrent Cleanup for Next Mark
[2026-03-19T14:52:29.400+0800][107.526s][info][gc,marking  ] GC(316) Concurrent Cleanup for Next Mark 0.439ms
[2026-03-19T14:52:29.400+0800][107.526s][info][gc          ] GC(316) Concurrent Mark Cycle 19.616ms
[2026-03-19T14:52:30.370+0800][108.497s][info][gc,start    ] GC(317) Pause Young (Concurrent Start) (G1 Humongous Allocation)
[2026-03-19T14:52:30.370+0800][108.497s][info][gc,task     ] GC(317) Using 3 workers of 13 for evacuation
[2026-03-19T14:52:30.372+0800][108.499s][info][gc,phases   ] GC(317)   Pre Evacuate Collection Set: 0.2ms
[2026-03-19T14:52:30.372+0800][108.499s][info][gc,phases   ] GC(317)   Merge Heap Roots: 0.1ms
[2026-03-19T14:52:30.372+0800][108.499s][info][gc,phases   ] GC(317)   Evacuate Collection Set: 0.9ms
[2026-03-19T14:52:30.372+0800][108.499s][info][gc,phases   ] GC(317)   Post Evacuate Collection Set: 0.6ms
[2026-03-19T14:52:30.372+0800][108.499s][info][gc,phases   ] GC(317)   Other: 0.5ms
[2026-03-19T14:52:30.372+0800][108.500s][info][gc,heap     ] GC(317) Eden regions: 5->0(49)
[2026-03-19T14:52:30.373+0800][108.500s][info][gc,heap     ] GC(317) Survivor regions: 2->2(7)
[2026-03-19T14:52:30.373+0800][108.500s][info][gc,heap     ] GC(317) Old regions: 19->19
[2026-03-19T14:52:30.373+0800][108.500s][info][gc,heap     ] GC(317) Archive regions: 0->0
[2026-03-19T14:52:30.373+0800][108.500s][info][gc,heap     ] GC(317) Humongous regions: 19->19
[2026-03-19T14:52:30.373+0800][108.500s][info][gc,metaspace] GC(317) Metaspace: 24387K(24704K)->24387K(24704K) NonClass: 21615K(21760K)->21615K(21760K) Class: 2771K(2944K)->2771K(2944K)
[2026-03-19T14:52:30.373+0800][108.500s][info][gc          ] GC(317) Pause Young (Concurrent Start) (G1 Humongous Allocation) 43M->38M(128M) 2.992ms
[2026-03-19T14:52:30.373+0800][108.500s][info][gc,cpu      ] GC(317) User=0.00s Sys=0.00s Real=0.00s
[2026-03-19T14:52:30.373+0800][108.500s][info][gc          ] GC(318) Concurrent Undo Cycle
[2026-03-19T14:52:30.373+0800][108.500s][info][gc,marking  ] GC(318) Concurrent Cleanup for Next Mark
[2026-03-19T14:52:30.378+0800][108.504s][info][gc,marking  ] GC(318) Concurrent Cleanup for Next Mark 3.689ms
[2026-03-19T14:52:30.378+0800][108.504s][info][gc          ] GC(318) Concurrent Undo Cycle 4.272ms
[2026-03-19T14:52:30.401+0800][108.528s][info][gc,start    ] GC(319) Pause Young (Concurrent Start) (G1 Humongous Allocation)
[2026-03-19T14:52:30.401+0800][108.528s][info][gc,task     ] GC(319) Using 3 workers of 13 for evacuation
[2026-03-19T14:52:30.403+0800][108.530s][info][gc,phases   ] GC(319)   Pre Evacuate Collection Set: 0.2ms
[2026-03-19T14:52:30.403+0800][108.530s][info][gc,phases   ] GC(319)   Merge Heap Roots: 0.2ms
[2026-03-19T14:52:30.403+0800][108.530s][info][gc,phases   ] GC(319)   Evacuate Collection Set: 1.0ms
[2026-03-19T14:52:30.404+0800][108.530s][info][gc,phases   ] GC(319)   Post Evacuate Collection Set: 0.6ms
[2026-03-19T14:52:30.404+0800][108.530s][info][gc,phases   ] GC(319)   Other: 0.5ms
[2026-03-19T14:52:30.404+0800][108.530s][info][gc,heap     ] GC(319) Eden regions: 1->0(50)
[2026-03-19T14:52:30.404+0800][108.530s][info][gc,heap     ] GC(319) Survivor regions: 2->2(7)
[2026-03-19T14:52:30.404+0800][108.531s][info][gc,heap     ] GC(319) Old regions: 19->19
[2026-03-19T14:52:30.404+0800][108.531s][info][gc,heap     ] GC(319) Archive regions: 0->0
[2026-03-19T14:52:30.404+0800][108.531s][info][gc,heap     ] GC(319) Humongous regions: 20->20
[2026-03-19T14:52:30.404+0800][108.531s][info][gc,metaspace] GC(319) Metaspace: 24387K(24704K)->24387K(24704K) NonClass: 21615K(21760K)->21615K(21760K) Class: 2771K(2944K)->2771K(2944K)
[2026-03-19T14:52:30.404+0800][108.531s][info][gc          ] GC(319) Pause Young (Concurrent Start) (G1 Humongous Allocation) 40M->39M(128M) 3.168ms
[2026-03-19T14:52:30.404+0800][108.531s][info][gc,cpu      ] GC(319) User=0.00s Sys=0.00s Real=0.00s
[2026-03-19T14:52:30.404+0800][108.531s][info][gc          ] GC(320) Concurrent Mark Cycle
[2026-03-19T14:52:30.405+0800][108.531s][info][gc,marking  ] GC(320) Concurrent Clear Claimed Marks
[2026-03-19T14:52:30.405+0800][108.531s][info][gc,marking  ] GC(320) Concurrent Clear Claimed Marks 0.081ms
[2026-03-19T14:52:30.405+0800][108.531s][info][gc,marking  ] GC(320) Concurrent Scan Root Regions
[2026-03-19T14:52:30.405+0800][108.532s][info][gc,marking  ] GC(320) Concurrent Scan Root Regions 0.404ms
[2026-03-19T14:52:30.405+0800][108.532s][info][gc,marking  ] GC(320) Concurrent Mark
[2026-03-19T14:52:30.405+0800][108.532s][info][gc,marking  ] GC(320) Concurrent Mark From Roots
[2026-03-19T14:52:30.405+0800][108.532s][info][gc,task     ] GC(320) Using 3 workers of 3 for marking
[2026-03-19T14:52:30.420+0800][108.547s][info][gc,marking  ] GC(320) Concurrent Mark From Roots 14.474ms
[2026-03-19T14:52:30.420+0800][108.547s][info][gc,marking  ] GC(320) Concurrent Preclean
[2026-03-19T14:52:30.421+0800][108.547s][info][gc,marking  ] GC(320) Concurrent Preclean 0.636ms
[2026-03-19T14:52:30.421+0800][108.548s][info][gc,start    ] GC(320) Pause Remark
[2026-03-19T14:52:30.428+0800][108.554s][info][gc          ] GC(320) Pause Remark 48M->38M(128M) 6.453ms
[2026-03-19T14:52:30.428+0800][108.555s][info][gc,cpu      ] GC(320) User=0.00s Sys=0.00s Real=0.01s
[2026-03-19T14:52:30.429+0800][108.555s][info][gc,marking  ] GC(320) Concurrent Mark 22.941ms
[2026-03-19T14:52:30.429+0800][108.555s][info][gc,marking  ] GC(320) Concurrent Rebuild Remembered Sets
[2026-03-19T14:52:30.435+0800][108.561s][info][gc,marking  ] GC(320) Concurrent Rebuild Remembered Sets 6.342ms
[2026-03-19T14:52:30.436+0800][108.562s][info][gc,start    ] GC(320) Pause Cleanup
[2026-03-19T14:52:30.436+0800][108.562s][info][gc          ] GC(320) Pause Cleanup 39M->39M(128M) 0.405ms
[2026-03-19T14:52:30.436+0800][108.562s][info][gc,cpu      ] GC(320) User=0.00s Sys=0.00s Real=0.00s
[2026-03-19T14:52:30.436+0800][108.563s][info][gc,marking  ] GC(320) Concurrent Cleanup for Next Mark
[2026-03-19T14:52:30.437+0800][108.563s][info][gc,marking  ] GC(320) Concurrent Cleanup for Next Mark 0.445ms
[2026-03-19T14:52:30.437+0800][108.563s][info][gc          ] GC(320) Concurrent Mark Cycle 32.239ms
[2026-03-19T14:52:30.732+0800][108.858s][info][gc,start    ] GC(321) Pause Young (Concurrent Start) (G1 Humongous Allocation)
[2026-03-19T14:52:30.732+0800][108.858s][info][gc,task     ] GC(321) Using 3 workers of 13 for evacuation
[2026-03-19T14:52:30.735+0800][108.861s][info][gc,phases   ] GC(321)   Pre Evacuate Collection Set: 0.3ms
[2026-03-19T14:52:30.735+0800][108.861s][info][gc,phases   ] GC(321)   Merge Heap Roots: 0.2ms
[2026-03-19T14:52:30.735+0800][108.861s][info][gc,phases   ] GC(321)   Evacuate Collection Set: 1.4ms
[2026-03-19T14:52:30.735+0800][108.861s][info][gc,phases   ] GC(321)   Post Evacuate Collection Set: 1.1ms
[2026-03-19T14:52:30.735+0800][108.862s][info][gc,phases   ] GC(321)   Other: 0.4ms
[2026-03-19T14:52:30.735+0800][108.862s][info][gc,heap     ] GC(321) Eden regions: 5->0(54)
[2026-03-19T14:52:30.735+0800][108.862s][info][gc,heap     ] GC(321) Survivor regions: 2->2(7)
[2026-03-19T14:52:30.735+0800][108.862s][info][gc,heap     ] GC(321) Old regions: 19->19
[2026-03-19T14:52:30.735+0800][108.862s][info][gc,heap     ] GC(321) Archive regions: 0->0
[2026-03-19T14:52:30.736+0800][108.862s][info][gc,heap     ] GC(321) Humongous regions: 19->12
[2026-03-19T14:52:30.736+0800][108.862s][info][gc,metaspace] GC(321) Metaspace: 24429K(24704K)->24429K(24704K) NonClass: 21655K(21760K)->21655K(21760K) Class: 2773K(2944K)->2773K(2944K)
[2026-03-19T14:52:30.736+0800][108.862s][info][gc          ] GC(321) Pause Young (Concurrent Start) (G1 Humongous Allocation) 42M->31M(128M) 4.143ms
[2026-03-19T14:52:30.736+0800][108.862s][info][gc,cpu      ] GC(321) User=0.05s Sys=0.00s Real=0.00s
[2026-03-19T14:52:30.736+0800][108.862s][info][gc          ] GC(322) Concurrent Undo Cycle
[2026-03-19T14:52:30.736+0800][108.863s][info][gc,marking  ] GC(322) Concurrent Cleanup for Next Mark
[2026-03-19T14:52:30.737+0800][108.863s][info][gc,marking  ] GC(322) Concurrent Cleanup for Next Mark 0.572ms
[2026-03-19T14:52:30.737+0800][108.863s][info][gc          ] GC(322) Concurrent Undo Cycle 1.200ms
[2026-03-19T14:52:30.737+0800][108.864s][info][gc,start    ] GC(323) Pause Young (Concurrent Start) (G1 Humongous Allocation)
[2026-03-19T14:52:30.738+0800][108.864s][info][gc,task     ] GC(323) Using 3 workers of 13 for evacuation
[2026-03-19T14:52:30.740+0800][108.867s][info][gc,phases   ] GC(323)   Pre Evacuate Collection Set: 0.3ms
[2026-03-19T14:52:30.741+0800][108.868s][info][gc,phases   ] GC(323)   Merge Heap Roots: 0.2ms
[2026-03-19T14:52:30.741+0800][108.868s][info][gc,phases   ] GC(323)   Evacuate Collection Set: 1.3ms
[2026-03-19T14:52:30.741+0800][108.868s][info][gc,phases   ] GC(323)   Post Evacuate Collection Set: 1.0ms
[2026-03-19T14:52:30.741+0800][108.868s][info][gc,phases   ] GC(323)   Other: 0.4ms
[2026-03-19T14:52:30.741+0800][108.868s][info][gc,heap     ] GC(323) Eden regions: 1->0(57)
[2026-03-19T14:52:30.741+0800][108.868s][info][gc,heap     ] GC(323) Survivor regions: 2->2(7)
[2026-03-19T14:52:30.741+0800][108.868s][info][gc,heap     ] GC(323) Old regions: 19->19
[2026-03-19T14:52:30.741+0800][108.868s][info][gc,heap     ] GC(323) Archive regions: 0->0
[2026-03-19T14:52:30.741+0800][108.868s][info][gc,heap     ] GC(323) Humongous regions: 13->13
[2026-03-19T14:52:30.741+0800][108.868s][info][gc,metaspace] GC(323) Metaspace: 24429K(24704K)->24429K(24704K) NonClass: 21655K(21760K)->21655K(21760K) Class: 2773K(2944K)->2773K(2944K)
[2026-03-19T14:52:30.741+0800][108.868s][info][gc          ] GC(323) Pause Young (Concurrent Start) (G1 Humongous Allocation) 33M->32M(128M) 3.960ms
[2026-03-19T14:52:30.741+0800][108.868s][info][gc,cpu      ] GC(323) User=0.00s Sys=0.00s Real=0.00s
[2026-03-19T14:52:30.742+0800][108.869s][info][gc          ] GC(324) Concurrent Mark Cycle
[2026-03-19T14:52:30.742+0800][108.869s][info][gc,marking  ] GC(324) Concurrent Clear Claimed Marks
[2026-03-19T14:52:30.742+0800][108.869s][info][gc,marking  ] GC(324) Concurrent Clear Claimed Marks 0.087ms
[2026-03-19T14:52:30.742+0800][108.869s][info][gc,marking  ] GC(324) Concurrent Scan Root Regions
[2026-03-19T14:52:30.742+0800][108.869s][info][gc,marking  ] GC(324) Concurrent Scan Root Regions 0.425ms
[2026-03-19T14:52:30.742+0800][108.869s][info][gc,marking  ] GC(324) Concurrent Mark
[2026-03-19T14:52:30.743+0800][108.869s][info][gc,marking  ] GC(324) Concurrent Mark From Roots
[2026-03-19T14:52:30.743+0800][108.869s][info][gc,task     ] GC(324) Using 3 workers of 3 for marking
[2026-03-19T14:52:30.754+0800][108.880s][info][gc,marking  ] GC(324) Concurrent Mark From Roots 10.813ms
[2026-03-19T14:52:30.754+0800][108.881s][info][gc,marking  ] GC(324) Concurrent Preclean
[2026-03-19T14:52:30.755+0800][108.881s][info][gc,marking  ] GC(324) Concurrent Preclean 0.692ms
[2026-03-19T14:52:30.756+0800][108.882s][info][gc,start    ] GC(324) Pause Remark
[2026-03-19T14:52:30.762+0800][108.889s][info][gc          ] GC(324) Pause Remark 41M->38M(128M) 6.571ms
[2026-03-19T14:52:30.762+0800][108.889s][info][gc,cpu      ] GC(324) User=0.00s Sys=0.00s Real=0.01s
[2026-03-19T14:52:30.762+0800][108.889s][info][gc,marking  ] GC(324) Concurrent Mark 19.794ms
[2026-03-19T14:52:30.763+0800][108.889s][info][gc,marking  ] GC(324) Concurrent Rebuild Remembered Sets
[2026-03-19T14:52:30.767+0800][108.894s][info][gc,marking  ] GC(324) Concurrent Rebuild Remembered Sets 4.731ms
[2026-03-19T14:52:30.768+0800][108.895s][info][gc,start    ] GC(324) Pause Cleanup
[2026-03-19T14:52:30.768+0800][108.895s][info][gc          ] GC(324) Pause Cleanup 38M->38M(128M) 0.350ms
[2026-03-19T14:52:30.768+0800][108.895s][info][gc,cpu      ] GC(324) User=0.00s Sys=0.00s Real=0.00s
[2026-03-19T14:52:30.769+0800][108.895s][info][gc,marking  ] GC(324) Concurrent Cleanup for Next Mark
[2026-03-19T14:52:30.769+0800][108.896s][info][gc,marking  ] GC(324) Concurrent Cleanup for Next Mark 0.743ms
[2026-03-19T14:52:30.769+0800][108.896s][info][gc          ] GC(324) Concurrent Mark Cycle 27.763ms
[2026-03-19T14:52:31.058+0800][109.185s][info][gc,start    ] GC(325) Pause Young (Concurrent Start) (G1 Humongous Allocation)
[2026-03-19T14:52:31.058+0800][109.185s][info][gc,task     ] GC(325) Using 3 workers of 13 for evacuation
[2026-03-19T14:52:31.060+0800][109.187s][info][gc,phases   ] GC(325)   Pre Evacuate Collection Set: 0.2ms
[2026-03-19T14:52:31.060+0800][109.187s][info][gc,phases   ] GC(325)   Merge Heap Roots: 0.1ms
[2026-03-19T14:52:31.060+0800][109.187s][info][gc,phases   ] GC(325)   Evacuate Collection Set: 0.8ms
[2026-03-19T14:52:31.060+0800][109.187s][info][gc,phases   ] GC(325)   Post Evacuate Collection Set: 0.7ms
[2026-03-19T14:52:31.060+0800][109.187s][info][gc,phases   ] GC(325)   Other: 0.3ms
[2026-03-19T14:52:31.060+0800][109.187s][info][gc,heap     ] GC(325) Eden regions: 4->0(50)
[2026-03-19T14:52:31.060+0800][109.187s][info][gc,heap     ] GC(325) Survivor regions: 2->2(8)
[2026-03-19T14:52:31.060+0800][109.187s][info][gc,heap     ] GC(325) Old regions: 19->19
[2026-03-19T14:52:31.061+0800][109.188s][info][gc,heap     ] GC(325) Archive regions: 0->0
[2026-03-19T14:52:31.061+0800][109.188s][info][gc,heap     ] GC(325) Humongous regions: 19->9
[2026-03-19T14:52:31.061+0800][109.188s][info][gc,metaspace] GC(325) Metaspace: 24429K(24704K)->24429K(24704K) NonClass: 21655K(21760K)->21655K(21760K) Class: 2773K(2944K)->2773K(2944K)
[2026-03-19T14:52:31.061+0800][109.188s][info][gc          ] GC(325) Pause Young (Concurrent Start) (G1 Humongous Allocation) 42M->28M(128M) 2.861ms
[2026-03-19T14:52:31.061+0800][109.188s][info][gc,cpu      ] GC(325) User=0.00s Sys=0.00s Real=0.00s
[2026-03-19T14:52:31.061+0800][109.188s][info][gc          ] GC(326) Concurrent Mark Cycle
[2026-03-19T14:52:31.061+0800][109.188s][info][gc,marking  ] GC(326) Concurrent Clear Claimed Marks
[2026-03-19T14:52:31.061+0800][109.188s][info][gc,marking  ] GC(326) Concurrent Clear Claimed Marks 0.076ms
[2026-03-19T14:52:31.061+0800][109.188s][info][gc,marking  ] GC(326) Concurrent Scan Root Regions
[2026-03-19T14:52:31.062+0800][109.189s][info][gc,marking  ] GC(326) Concurrent Scan Root Regions 0.402ms
[2026-03-19T14:52:31.062+0800][109.189s][info][gc,marking  ] GC(326) Concurrent Mark
[2026-03-19T14:52:31.062+0800][109.189s][info][gc,marking  ] GC(326) Concurrent Mark From Roots
[2026-03-19T14:52:31.062+0800][109.189s][info][gc,task     ] GC(326) Using 3 workers of 3 for marking
[2026-03-19T14:52:31.070+0800][109.197s][info][gc,marking  ] GC(326) Concurrent Mark From Roots 7.632ms
[2026-03-19T14:52:31.070+0800][109.197s][info][gc,marking  ] GC(326) Concurrent Preclean
[2026-03-19T14:52:31.071+0800][109.197s][info][gc,marking  ] GC(326) Concurrent Preclean 0.335ms
[2026-03-19T14:52:31.071+0800][109.197s][info][gc,start    ] GC(326) Pause Remark
[2026-03-19T14:52:31.076+0800][109.203s][info][gc          ] GC(326) Pause Remark 39M->39M(128M) 5.199ms
[2026-03-19T14:52:31.076+0800][109.203s][info][gc,cpu      ] GC(326) User=0.00s Sys=0.00s Real=0.00s
[2026-03-19T14:52:31.077+0800][109.203s][info][gc,marking  ] GC(326) Concurrent Mark 14.353ms
[2026-03-19T14:52:31.077+0800][109.203s][info][gc,marking  ] GC(326) Concurrent Rebuild Remembered Sets
[2026-03-19T14:52:31.082+0800][109.209s][info][gc,marking  ] GC(326) Concurrent Rebuild Remembered Sets 5.978ms
[2026-03-19T14:52:31.083+0800][109.210s][info][gc,start    ] GC(326) Pause Cleanup
[2026-03-19T14:52:31.083+0800][109.210s][info][gc          ] GC(326) Pause Cleanup 39M->39M(128M) 0.470ms
[2026-03-19T14:52:31.084+0800][109.211s][info][gc,cpu      ] GC(326) User=0.00s Sys=0.00s Real=0.00s
[2026-03-19T14:52:31.084+0800][109.211s][info][gc,marking  ] GC(326) Concurrent Cleanup for Next Mark
[2026-03-19T14:52:31.084+0800][109.211s][info][gc,marking  ] GC(326) Concurrent Cleanup for Next Mark 0.437ms
[2026-03-19T14:52:31.084+0800][109.211s][info][gc          ] GC(326) Concurrent Mark Cycle 23.218ms
[2026-03-19T14:52:31.383+0800][109.510s][info][gc,start    ] GC(327) Pause Young (Concurrent Start) (G1 Humongous Allocation)
[2026-03-19T14:52:31.384+0800][109.510s][info][gc,task     ] GC(327) Using 3 workers of 13 for evacuation
[2026-03-19T14:52:31.386+0800][109.512s][info][gc,phases   ] GC(327)   Pre Evacuate Collection Set: 0.2ms
[2026-03-19T14:52:31.386+0800][109.513s][info][gc,phases   ] GC(327)   Merge Heap Roots: 0.1ms
[2026-03-19T14:52:31.386+0800][109.513s][info][gc,phases   ] GC(327)   Evacuate Collection Set: 1.0ms
[2026-03-19T14:52:31.387+0800][109.513s][info][gc,phases   ] GC(327)   Post Evacuate Collection Set: 0.8ms
[2026-03-19T14:52:31.387+0800][109.513s][info][gc,phases   ] GC(327)   Other: 0.5ms
[2026-03-19T14:52:31.387+0800][109.513s][info][gc,heap     ] GC(327) Eden regions: 5->0(51)
[2026-03-19T14:52:31.387+0800][109.513s][info][gc,heap     ] GC(327) Survivor regions: 2->2(7)
[2026-03-19T14:52:31.387+0800][109.513s][info][gc,heap     ] GC(327) Old regions: 19->19
[2026-03-19T14:52:31.387+0800][109.513s][info][gc,heap     ] GC(327) Archive regions: 0->0
[2026-03-19T14:52:31.387+0800][109.513s][info][gc,heap     ] GC(327) Humongous regions: 19->9
[2026-03-19T14:52:31.387+0800][109.513s][info][gc,metaspace] GC(327) Metaspace: 24433K(24704K)->24433K(24704K) NonClass: 21659K(21760K)->21659K(21760K) Class: 2773K(2944K)->2773K(2944K)
[2026-03-19T14:52:31.387+0800][109.513s][info][gc          ] GC(327) Pause Young (Concurrent Start) (G1 Humongous Allocation) 42M->28M(128M) 3.722ms
[2026-03-19T14:52:31.387+0800][109.514s][info][gc,cpu      ] GC(327) User=0.00s Sys=0.00s Real=0.00s
[2026-03-19T14:52:31.387+0800][109.514s][info][gc          ] GC(328) Concurrent Mark Cycle
[2026-03-19T14:52:31.387+0800][109.514s][info][gc,marking  ] GC(328) Concurrent Clear Claimed Marks
[2026-03-19T14:52:31.387+0800][109.514s][info][gc,marking  ] GC(328) Concurrent Clear Claimed Marks 0.080ms
[2026-03-19T14:52:31.387+0800][109.514s][info][gc,marking  ] GC(328) Concurrent Scan Root Regions
[2026-03-19T14:52:31.387+0800][109.514s][info][gc,marking  ] GC(328) Concurrent Scan Root Regions 0.303ms
[2026-03-19T14:52:31.388+0800][109.514s][info][gc,marking  ] GC(328) Concurrent Mark
[2026-03-19T14:52:31.388+0800][109.514s][info][gc,marking  ] GC(328) Concurrent Mark From Roots
[2026-03-19T14:52:31.388+0800][109.514s][info][gc,task     ] GC(328) Using 3 workers of 3 for marking
[2026-03-19T14:52:31.399+0800][109.525s][info][gc,marking  ] GC(328) Concurrent Mark From Roots 10.987ms
[2026-03-19T14:52:31.399+0800][109.526s][info][gc,marking  ] GC(328) Concurrent Preclean
[2026-03-19T14:52:31.399+0800][109.526s][info][gc,marking  ] GC(328) Concurrent Preclean 0.356ms
[2026-03-19T14:52:31.401+0800][109.527s][info][gc,start    ] GC(328) Pause Remark
[2026-03-19T14:52:31.404+0800][109.531s][info][gc          ] GC(328) Pause Remark 39M->39M(128M) 3.935ms
[2026-03-19T14:52:31.404+0800][109.531s][info][gc,cpu      ] GC(328) User=0.00s Sys=0.00s Real=0.00s
[2026-03-19T14:52:31.404+0800][109.531s][info][gc,marking  ] GC(328) Concurrent Mark 16.860ms
[2026-03-19T14:52:31.404+0800][109.531s][info][gc,marking  ] GC(328) Concurrent Rebuild Remembered Sets
[2026-03-19T14:52:31.410+0800][109.537s][info][gc,marking  ] GC(328) Concurrent Rebuild Remembered Sets 5.367ms
[2026-03-19T14:52:31.411+0800][109.537s][info][gc,start    ] GC(328) Pause Cleanup
[2026-03-19T14:52:31.411+0800][109.538s][info][gc          ] GC(328) Pause Cleanup 39M->39M(128M) 0.277ms
[2026-03-19T14:52:31.411+0800][109.538s][info][gc,cpu      ] GC(328) User=0.00s Sys=0.00s Real=0.00s
[2026-03-19T14:52:31.411+0800][109.538s][info][gc,marking  ] GC(328) Concurrent Cleanup for Next Mark
[2026-03-19T14:52:31.412+0800][109.539s][info][gc,marking  ] GC(328) Concurrent Cleanup for Next Mark 0.483ms
[2026-03-19T14:52:31.412+0800][109.539s][info][gc          ] GC(328) Concurrent Mark Cycle 25.023ms
[2026-03-19T14:52:31.709+0800][109.835s][info][gc,start    ] GC(329) Pause Young (Concurrent Start) (G1 Humongous Allocation)
[2026-03-19T14:52:31.709+0800][109.836s][info][gc,task     ] GC(329) Using 3 workers of 13 for evacuation
[2026-03-19T14:52:31.711+0800][109.837s][info][gc,phases   ] GC(329)   Pre Evacuate Collection Set: 0.2ms
[2026-03-19T14:52:31.711+0800][109.837s][info][gc,phases   ] GC(329)   Merge Heap Roots: 0.1ms
[2026-03-19T14:52:31.711+0800][109.838s][info][gc,phases   ] GC(329)   Evacuate Collection Set: 0.7ms
[2026-03-19T14:52:31.711+0800][109.838s][info][gc,phases   ] GC(329)   Post Evacuate Collection Set: 0.5ms
[2026-03-19T14:52:31.711+0800][109.838s][info][gc,phases   ] GC(329)   Other: 0.3ms
[2026-03-19T14:52:31.711+0800][109.838s][info][gc,heap     ] GC(329) Eden regions: 5->0(52)
[2026-03-19T14:52:31.711+0800][109.838s][info][gc,heap     ] GC(329) Survivor regions: 2->2(7)
[2026-03-19T14:52:31.711+0800][109.838s][info][gc,heap     ] GC(329) Old regions: 19->19
[2026-03-19T14:52:31.711+0800][109.838s][info][gc,heap     ] GC(329) Archive regions: 0->0
[2026-03-19T14:52:31.711+0800][109.838s][info][gc,heap     ] GC(329) Humongous regions: 19->9
[2026-03-19T14:52:31.711+0800][109.838s][info][gc,metaspace] GC(329) Metaspace: 24438K(24704K)->24438K(24704K) NonClass: 21664K(21760K)->21664K(21760K) Class: 2773K(2944K)->2773K(2944K)
[2026-03-19T14:52:31.711+0800][109.838s][info][gc          ] GC(329) Pause Young (Concurrent Start) (G1 Humongous Allocation) 43M->28M(128M) 2.363ms
[2026-03-19T14:52:31.711+0800][109.838s][info][gc,cpu      ] GC(329) User=0.00s Sys=0.00s Real=0.00s
[2026-03-19T14:52:31.712+0800][109.838s][info][gc          ] GC(330) Concurrent Mark Cycle
[2026-03-19T14:52:31.712+0800][109.838s][info][gc,marking  ] GC(330) Concurrent Clear Claimed Marks
[2026-03-19T14:52:31.712+0800][109.838s][info][gc,marking  ] GC(330) Concurrent Clear Claimed Marks 0.051ms
[2026-03-19T14:52:31.712+0800][109.838s][info][gc,marking  ] GC(330) Concurrent Scan Root Regions
[2026-03-19T14:52:31.712+0800][109.839s][info][gc,marking  ] GC(330) Concurrent Scan Root Regions 0.469ms
[2026-03-19T14:52:31.712+0800][109.839s][info][gc,marking  ] GC(330) Concurrent Mark
[2026-03-19T14:52:31.712+0800][109.839s][info][gc,marking  ] GC(330) Concurrent Mark From Roots
[2026-03-19T14:52:31.712+0800][109.839s][info][gc,task     ] GC(330) Using 3 workers of 3 for marking
[2026-03-19T14:52:31.720+0800][109.848s][info][gc,marking  ] GC(330) Concurrent Mark From Roots 8.586ms
[2026-03-19T14:52:31.721+0800][109.848s][info][gc,marking  ] GC(330) Concurrent Preclean
[2026-03-19T14:52:31.721+0800][109.848s][info][gc,marking  ] GC(330) Concurrent Preclean 0.342ms
[2026-03-19T14:52:31.721+0800][109.849s][info][gc,start    ] GC(330) Pause Remark
[2026-03-19T14:52:31.727+0800][109.854s][info][gc          ] GC(330) Pause Remark 39M->39M(128M) 4.885ms
[2026-03-19T14:52:31.727+0800][109.854s][info][gc,cpu      ] GC(330) User=0.00s Sys=0.00s Real=0.01s
[2026-03-19T14:52:31.727+0800][109.854s][info][gc,marking  ] GC(330) Concurrent Mark 15.257ms
[2026-03-19T14:52:31.727+0800][109.854s][info][gc,marking  ] GC(330) Concurrent Rebuild Remembered Sets
[2026-03-19T14:52:31.733+0800][109.860s][info][gc,marking  ] GC(330) Concurrent Rebuild Remembered Sets 5.322ms
[2026-03-19T14:52:31.733+0800][109.860s][info][gc,start    ] GC(330) Pause Cleanup
[2026-03-19T14:52:31.734+0800][109.861s][info][gc          ] GC(330) Pause Cleanup 39M->39M(128M) 0.531ms
[2026-03-19T14:52:31.734+0800][109.861s][info][gc,cpu      ] GC(330) User=0.00s Sys=0.00s Real=0.00s
[2026-03-19T14:52:31.734+0800][109.861s][info][gc,marking  ] GC(330) Concurrent Cleanup for Next Mark
[2026-03-19T14:52:31.735+0800][109.862s][info][gc,marking  ] GC(330) Concurrent Cleanup for Next Mark 0.547ms
[2026-03-19T14:52:31.735+0800][109.862s][info][gc          ] GC(330) Concurrent Mark Cycle 23.681ms
[2026-03-19T14:52:32.022+0800][110.149s][info][gc,start    ] GC(331) Pause Young (Concurrent Start) (G1 Humongous Allocation)
[2026-03-19T14:52:32.022+0800][110.149s][info][gc,task     ] GC(331) Using 3 workers of 13 for evacuation
[2026-03-19T14:52:32.024+0800][110.151s][info][gc,phases   ] GC(331)   Pre Evacuate Collection Set: 0.1ms
[2026-03-19T14:52:32.024+0800][110.151s][info][gc,phases   ] GC(331)   Merge Heap Roots: 0.2ms
[2026-03-19T14:52:32.025+0800][110.151s][info][gc,phases   ] GC(331)   Evacuate Collection Set: 1.0ms
[2026-03-19T14:52:32.025+0800][110.151s][info][gc,phases   ] GC(331)   Post Evacuate Collection Set: 1.0ms
[2026-03-19T14:52:32.025+0800][110.151s][info][gc,phases   ] GC(331)   Other: 0.3ms
[2026-03-19T14:52:32.025+0800][110.151s][info][gc,heap     ] GC(331) Eden regions: 5->0(52)
[2026-03-19T14:52:32.025+0800][110.151s][info][gc,heap     ] GC(331) Survivor regions: 2->2(7)
[2026-03-19T14:52:32.025+0800][110.151s][info][gc,heap     ] GC(331) Old regions: 19->19
[2026-03-19T14:52:32.025+0800][110.152s][info][gc,heap     ] GC(331) Archive regions: 0->0
[2026-03-19T14:52:32.025+0800][110.152s][info][gc,heap     ] GC(331) Humongous regions: 19->9
[2026-03-19T14:52:32.025+0800][110.152s][info][gc,metaspace] GC(331) Metaspace: 24438K(24704K)->24438K(24704K) NonClass: 21664K(21760K)->21664K(21760K) Class: 2773K(2944K)->2773K(2944K)
[2026-03-19T14:52:32.025+0800][110.152s][info][gc          ] GC(331) Pause Young (Concurrent Start) (G1 Humongous Allocation) 42M->28M(128M) 3.159ms
[2026-03-19T14:52:32.025+0800][110.152s][info][gc,cpu      ] GC(331) User=0.00s Sys=0.00s Real=0.00s
[2026-03-19T14:52:32.025+0800][110.152s][info][gc          ] GC(332) Concurrent Mark Cycle
[2026-03-19T14:52:32.025+0800][110.152s][info][gc,marking  ] GC(332) Concurrent Clear Claimed Marks
[2026-03-19T14:52:32.025+0800][110.152s][info][gc,marking  ] GC(332) Concurrent Clear Claimed Marks 0.078ms
[2026-03-19T14:52:32.025+0800][110.152s][info][gc,marking  ] GC(332) Concurrent Scan Root Regions
[2026-03-19T14:52:32.026+0800][110.153s][info][gc,marking  ] GC(332) Concurrent Scan Root Regions 0.434ms
[2026-03-19T14:52:32.026+0800][110.153s][info][gc,marking  ] GC(332) Concurrent Mark
[2026-03-19T14:52:32.026+0800][110.153s][info][gc,marking  ] GC(332) Concurrent Mark From Roots
[2026-03-19T14:52:32.026+0800][110.153s][info][gc,task     ] GC(332) Using 3 workers of 3 for marking
[2026-03-19T14:52:32.035+0800][110.161s][info][gc,marking  ] GC(332) Concurrent Mark From Roots 8.449ms
[2026-03-19T14:52:32.035+0800][110.161s][info][gc,marking  ] GC(332) Concurrent Preclean
[2026-03-19T14:52:32.035+0800][110.162s][info][gc,marking  ] GC(332) Concurrent Preclean 0.327ms
[2026-03-19T14:52:32.036+0800][110.163s][info][gc,start    ] GC(332) Pause Remark
[2026-03-19T14:52:32.042+0800][110.169s][info][gc          ] GC(332) Pause Remark 39M->39M(128M) 6.567ms
[2026-03-19T14:52:32.043+0800][110.169s][info][gc,cpu      ] GC(332) User=0.00s Sys=0.00s Real=0.01s
[2026-03-19T14:52:32.043+0800][110.170s][info][gc,marking  ] GC(332) Concurrent Mark 17.043ms
[2026-03-19T14:52:32.043+0800][110.170s][info][gc,marking  ] GC(332) Concurrent Rebuild Remembered Sets
[2026-03-19T14:52:32.049+0800][110.176s][info][gc,marking  ] GC(332) Concurrent Rebuild Remembered Sets 6.011ms
[2026-03-19T14:52:32.050+0800][110.177s][info][gc,start    ] GC(332) Pause Cleanup
[2026-03-19T14:52:32.051+0800][110.177s][info][gc          ] GC(332) Pause Cleanup 39M->39M(128M) 0.644ms
[2026-03-19T14:52:32.051+0800][110.177s][info][gc,cpu      ] GC(332) User=0.00s Sys=0.00s Real=0.00s
[2026-03-19T14:52:32.051+0800][110.178s][info][gc,marking  ] GC(332) Concurrent Cleanup for Next Mark
[2026-03-19T14:52:32.052+0800][110.178s][info][gc,marking  ] GC(332) Concurrent Cleanup for Next Mark 0.609ms
[2026-03-19T14:52:32.052+0800][110.178s][info][gc          ] GC(332) Concurrent Mark Cycle 26.615ms
[2026-03-19T14:52:32.336+0800][110.462s][info][gc,start    ] GC(333) Pause Young (Concurrent Start) (G1 Humongous Allocation)
[2026-03-19T14:52:32.336+0800][110.462s][info][gc,task     ] GC(333) Using 3 workers of 13 for evacuation
[2026-03-19T14:52:32.338+0800][110.465s][info][gc,phases   ] GC(333)   Pre Evacuate Collection Set: 0.5ms
[2026-03-19T14:52:32.338+0800][110.465s][info][gc,phases   ] GC(333)   Merge Heap Roots: 0.2ms
[2026-03-19T14:52:32.338+0800][110.465s][info][gc,phases   ] GC(333)   Evacuate Collection Set: 0.7ms
[2026-03-19T14:52:32.338+0800][110.465s][info][gc,phases   ] GC(333)   Post Evacuate Collection Set: 0.9ms
[2026-03-19T14:52:32.339+0800][110.465s][info][gc,phases   ] GC(333)   Other: 0.5ms
[2026-03-19T14:52:32.339+0800][110.465s][info][gc,heap     ] GC(333) Eden regions: 5->0(53)
[2026-03-19T14:52:32.339+0800][110.465s][info][gc,heap     ] GC(333) Survivor regions: 2->2(7)
[2026-03-19T14:52:32.339+0800][110.465s][info][gc,heap     ] GC(333) Old regions: 19->19
[2026-03-19T14:52:32.339+0800][110.465s][info][gc,heap     ] GC(333) Archive regions: 0->0
[2026-03-19T14:52:32.339+0800][110.466s][info][gc,heap     ] GC(333) Humongous regions: 19->9
[2026-03-19T14:52:32.339+0800][110.466s][info][gc,metaspace] GC(333) Metaspace: 24438K(24704K)->24438K(24704K) NonClass: 21664K(21760K)->21664K(21760K) Class: 2773K(2944K)->2773K(2944K)
[2026-03-19T14:52:32.339+0800][110.466s][info][gc          ] GC(333) Pause Young (Concurrent Start) (G1 Humongous Allocation) 42M->28M(128M) 3.431ms
[2026-03-19T14:52:32.339+0800][110.466s][info][gc,cpu      ] GC(333) User=0.00s Sys=0.00s Real=0.00s
[2026-03-19T14:52:32.339+0800][110.466s][info][gc          ] GC(334) Concurrent Mark Cycle
[2026-03-19T14:52:32.339+0800][110.466s][info][gc,marking  ] GC(334) Concurrent Clear Claimed Marks
[2026-03-19T14:52:32.339+0800][110.466s][info][gc,marking  ] GC(334) Concurrent Clear Claimed Marks 0.065ms
[2026-03-19T14:52:32.339+0800][110.466s][info][gc,marking  ] GC(334) Concurrent Scan Root Regions
[2026-03-19T14:52:32.340+0800][110.466s][info][gc,marking  ] GC(334) Concurrent Scan Root Regions 0.282ms
[2026-03-19T14:52:32.340+0800][110.467s][info][gc,marking  ] GC(334) Concurrent Mark
[2026-03-19T14:52:32.340+0800][110.467s][info][gc,marking  ] GC(334) Concurrent Mark From Roots
[2026-03-19T14:52:32.340+0800][110.467s][info][gc,task     ] GC(334) Using 3 workers of 3 for marking
[2026-03-19T14:52:32.347+0800][110.473s][info][gc,marking  ] GC(334) Concurrent Mark From Roots 6.887ms
[2026-03-19T14:52:32.347+0800][110.474s][info][gc,marking  ] GC(334) Concurrent Preclean
[2026-03-19T14:52:32.348+0800][110.474s][info][gc,marking  ] GC(334) Concurrent Preclean 0.221ms
[2026-03-19T14:52:32.348+0800][110.474s][info][gc,start    ] GC(334) Pause Remark
[2026-03-19T14:52:32.352+0800][110.479s][info][gc          ] GC(334) Pause Remark 39M->39M(128M) 4.909ms
[2026-03-19T14:52:32.352+0800][110.479s][info][gc,cpu      ] GC(334) User=0.00s Sys=0.00s Real=0.00s
[2026-03-19T14:52:32.353+0800][110.479s][info][gc,marking  ] GC(334) Concurrent Mark 12.928ms
[2026-03-19T14:52:32.353+0800][110.480s][info][gc,marking  ] GC(334) Concurrent Rebuild Remembered Sets
[2026-03-19T14:52:32.355+0800][110.483s][info][gc,marking  ] GC(334) Concurrent Rebuild Remembered Sets 3.171ms
[2026-03-19T14:52:32.357+0800][110.483s][info][gc,start    ] GC(334) Pause Cleanup
[2026-03-19T14:52:32.357+0800][110.484s][info][gc          ] GC(334) Pause Cleanup 39M->39M(128M) 0.413ms
[2026-03-19T14:52:32.357+0800][110.484s][info][gc,cpu      ] GC(334) User=0.00s Sys=0.00s Real=0.00s
[2026-03-19T14:52:32.357+0800][110.484s][info][gc,marking  ] GC(334) Concurrent Cleanup for Next Mark
[2026-03-19T14:52:32.358+0800][110.484s][info][gc,marking  ] GC(334) Concurrent Cleanup for Next Mark 0.340ms
[2026-03-19T14:52:32.358+0800][110.484s][info][gc          ] GC(334) Concurrent Mark Cycle 18.631ms
[2026-03-19T14:52:32.647+0800][110.774s][info][gc,start    ] GC(335) Pause Young (Concurrent Start) (G1 Humongous Allocation)
[2026-03-19T14:52:32.648+0800][110.774s][info][gc,task     ] GC(335) Using 3 workers of 13 for evacuation
[2026-03-19T14:52:32.650+0800][110.777s][info][gc,phases   ] GC(335)   Pre Evacuate Collection Set: 0.1ms
[2026-03-19T14:52:32.651+0800][110.777s][info][gc,phases   ] GC(335)   Merge Heap Roots: 0.2ms
[2026-03-19T14:52:32.651+0800][110.777s][info][gc,phases   ] GC(335)   Evacuate Collection Set: 1.1ms
[2026-03-19T14:52:32.651+0800][110.777s][info][gc,phases   ] GC(335)   Post Evacuate Collection Set: 1.0ms
[2026-03-19T14:52:32.651+0800][110.778s][info][gc,phases   ] GC(335)   Other: 0.6ms
[2026-03-19T14:52:32.651+0800][110.778s][info][gc,heap     ] GC(335) Eden regions: 5->0(54)
[2026-03-19T14:52:32.651+0800][110.778s][info][gc,heap     ] GC(335) Survivor regions: 2->2(7)
[2026-03-19T14:52:32.651+0800][110.778s][info][gc,heap     ] GC(335) Old regions: 19->19
[2026-03-19T14:52:32.651+0800][110.778s][info][gc,heap     ] GC(335) Archive regions: 0->0
[2026-03-19T14:52:32.651+0800][110.778s][info][gc,heap     ] GC(335) Humongous regions: 19->9
[2026-03-19T14:52:32.651+0800][110.778s][info][gc,metaspace] GC(335) Metaspace: 24438K(24704K)->24438K(24704K) NonClass: 21664K(21760K)->21664K(21760K) Class: 2773K(2944K)->2773K(2944K)
[2026-03-19T14:52:32.651+0800][110.778s][info][gc          ] GC(335) Pause Young (Concurrent Start) (G1 Humongous Allocation) 42M->28M(128M) 3.966ms
[2026-03-19T14:52:32.651+0800][110.778s][info][gc,cpu      ] GC(335) User=0.00s Sys=0.00s Real=0.00s
[2026-03-19T14:52:32.652+0800][110.778s][info][gc          ] GC(336) Concurrent Mark Cycle
[2026-03-19T14:52:32.652+0800][110.778s][info][gc,marking  ] GC(336) Concurrent Clear Claimed Marks
[2026-03-19T14:52:32.652+0800][110.779s][info][gc,marking  ] GC(336) Concurrent Clear Claimed Marks 0.061ms
[2026-03-19T14:52:32.652+0800][110.779s][info][gc,marking  ] GC(336) Concurrent Scan Root Regions
[2026-03-19T14:52:32.652+0800][110.779s][info][gc,marking  ] GC(336) Concurrent Scan Root Regions 0.265ms
[2026-03-19T14:52:32.652+0800][110.779s][info][gc,marking  ] GC(336) Concurrent Mark
[2026-03-19T14:52:32.652+0800][110.779s][info][gc,marking  ] GC(336) Concurrent Mark From Roots
[2026-03-19T14:52:32.652+0800][110.779s][info][gc,task     ] GC(336) Using 3 workers of 3 for marking
[2026-03-19T14:52:32.662+0800][110.789s][info][gc,marking  ] GC(336) Concurrent Mark From Roots 10.210ms
[2026-03-19T14:52:32.662+0800][110.789s][info][gc,marking  ] GC(336) Concurrent Preclean
[2026-03-19T14:52:32.663+0800][110.790s][info][gc,marking  ] GC(336) Concurrent Preclean 0.358ms
[2026-03-19T14:52:32.663+0800][110.790s][info][gc,start    ] GC(336) Pause Remark
[2026-03-19T14:52:32.668+0800][110.795s][info][gc          ] GC(336) Pause Remark 39M->39M(128M) 4.770ms
[2026-03-19T14:52:32.668+0800][110.795s][info][gc,cpu      ] GC(336) User=0.00s Sys=0.00s Real=0.00s
[2026-03-19T14:52:32.668+0800][110.795s][info][gc,marking  ] GC(336) Concurrent Mark 16.444ms
[2026-03-19T14:52:32.669+0800][110.796s][info][gc,marking  ] GC(336) Concurrent Rebuild Remembered Sets
[2026-03-19T14:52:32.673+0800][110.799s][info][gc,marking  ] GC(336) Concurrent Rebuild Remembered Sets 3.351ms
[2026-03-19T14:52:32.673+0800][110.799s][info][gc,start    ] GC(336) Pause Cleanup
[2026-03-19T14:52:32.674+0800][110.800s][info][gc          ] GC(336) Pause Cleanup 39M->39M(128M) 0.434ms
[2026-03-19T14:52:32.674+0800][110.800s][info][gc,cpu      ] GC(336) User=0.00s Sys=0.00s Real=0.00s
[2026-03-19T14:52:32.674+0800][110.800s][info][gc,marking  ] GC(336) Concurrent Cleanup for Next Mark
[2026-03-19T14:52:32.674+0800][110.801s][info][gc,marking  ] GC(336) Concurrent Cleanup for Next Mark 0.522ms
[2026-03-19T14:52:32.675+0800][110.801s][info][gc          ] GC(336) Concurrent Mark Cycle 22.501ms
[2026-03-19T14:52:32.974+0800][111.101s][info][gc,start    ] GC(337) Pause Young (Concurrent Start) (G1 Humongous Allocation)
[2026-03-19T14:52:32.974+0800][111.101s][info][gc,task     ] GC(337) Using 3 workers of 13 for evacuation
[2026-03-19T14:52:32.976+0800][111.103s][info][gc,phases   ] GC(337)   Pre Evacuate Collection Set: 0.3ms
[2026-03-19T14:52:32.977+0800][111.103s][info][gc,phases   ] GC(337)   Merge Heap Roots: 0.2ms
[2026-03-19T14:52:32.977+0800][111.103s][info][gc,phases   ] GC(337)   Evacuate Collection Set: 0.6ms
[2026-03-19T14:52:32.977+0800][111.103s][info][gc,phases   ] GC(337)   Post Evacuate Collection Set: 0.8ms
[2026-03-19T14:52:32.977+0800][111.103s][info][gc,phases   ] GC(337)   Other: 0.3ms
[2026-03-19T14:52:32.977+0800][111.103s][info][gc,heap     ] GC(337) Eden regions: 5->0(54)
[2026-03-19T14:52:32.977+0800][111.103s][info][gc,heap     ] GC(337) Survivor regions: 2->2(7)
[2026-03-19T14:52:32.977+0800][111.103s][info][gc,heap     ] GC(337) Old regions: 19->19
[2026-03-19T14:52:32.977+0800][111.103s][info][gc,heap     ] GC(337) Archive regions: 0->0
[2026-03-19T14:52:32.977+0800][111.103s][info][gc,heap     ] GC(337) Humongous regions: 19->9
[2026-03-19T14:52:32.977+0800][111.103s][info][gc,metaspace] GC(337) Metaspace: 24438K(24704K)->24438K(24704K) NonClass: 21664K(21760K)->21664K(21760K) Class: 2773K(2944K)->2773K(2944K)
[2026-03-19T14:52:32.977+0800][111.103s][info][gc          ] GC(337) Pause Young (Concurrent Start) (G1 Humongous Allocation) 42M->28M(128M) 2.806ms
[2026-03-19T14:52:32.977+0800][111.104s][info][gc,cpu      ] GC(337) User=0.00s Sys=0.00s Real=0.00s
[2026-03-19T14:52:32.977+0800][111.104s][info][gc          ] GC(338) Concurrent Mark Cycle
[2026-03-19T14:52:32.977+0800][111.104s][info][gc,marking  ] GC(338) Concurrent Clear Claimed Marks
[2026-03-19T14:52:32.977+0800][111.104s][info][gc,marking  ] GC(338) Concurrent Clear Claimed Marks 0.051ms
[2026-03-19T14:52:32.977+0800][111.104s][info][gc,marking  ] GC(338) Concurrent Scan Root Regions
[2026-03-19T14:52:32.977+0800][111.104s][info][gc,marking  ] GC(338) Concurrent Scan Root Regions 0.485ms
[2026-03-19T14:52:32.977+0800][111.104s][info][gc,marking  ] GC(338) Concurrent Mark
[2026-03-19T14:52:32.977+0800][111.104s][info][gc,marking  ] GC(338) Concurrent Mark From Roots
[2026-03-19T14:52:32.977+0800][111.105s][info][gc,task     ] GC(338) Using 3 workers of 3 for marking
[2026-03-19T14:52:32.990+0800][111.116s][info][gc,marking  ] GC(338) Concurrent Mark From Roots 11.828ms
[2026-03-19T14:52:32.990+0800][111.117s][info][gc,marking  ] GC(338) Concurrent Preclean
[2026-03-19T14:52:32.990+0800][111.117s][info][gc,marking  ] GC(338) Concurrent Preclean 0.258ms
[2026-03-19T14:52:32.991+0800][111.117s][info][gc,start    ] GC(338) Pause Remark
[2026-03-19T14:52:32.997+0800][111.124s][info][gc          ] GC(338) Pause Remark 39M->39M(128M) 6.320ms
[2026-03-19T14:52:32.997+0800][111.124s][info][gc,cpu      ] GC(338) User=0.00s Sys=0.00s Real=0.01s
[2026-03-19T14:52:32.998+0800][111.124s][info][gc,marking  ] GC(338) Concurrent Mark 19.488ms
[2026-03-19T14:52:32.998+0800][111.124s][info][gc,marking  ] GC(338) Concurrent Rebuild Remembered Sets
[2026-03-19T14:52:33.002+0800][111.128s][info][gc,marking  ] GC(338) Concurrent Rebuild Remembered Sets 3.919ms
[2026-03-19T14:52:33.002+0800][111.129s][info][gc,start    ] GC(338) Pause Cleanup
[2026-03-19T14:52:33.003+0800][111.129s][info][gc          ] GC(338) Pause Cleanup 39M->39M(128M) 0.394ms
[2026-03-19T14:52:33.003+0800][111.129s][info][gc,cpu      ] GC(338) User=0.00s Sys=0.00s Real=0.00s
[2026-03-19T14:52:33.003+0800][111.129s][info][gc,marking  ] GC(338) Concurrent Cleanup for Next Mark
[2026-03-19T14:52:33.003+0800][111.130s][info][gc,marking  ] GC(338) Concurrent Cleanup for Next Mark 0.537ms
[2026-03-19T14:52:33.004+0800][111.130s][info][gc          ] GC(338) Concurrent Mark Cycle 26.329ms
[2026-03-19T14:52:33.287+0800][111.413s][info][gc,start    ] GC(339) Pause Young (Concurrent Start) (G1 Humongous Allocation)
[2026-03-19T14:52:33.287+0800][111.413s][info][gc,task     ] GC(339) Using 3 workers of 13 for evacuation
[2026-03-19T14:52:33.288+0800][111.415s][info][gc,phases   ] GC(339)   Pre Evacuate Collection Set: 0.1ms
[2026-03-19T14:52:33.288+0800][111.415s][info][gc,phases   ] GC(339)   Merge Heap Roots: 0.1ms
[2026-03-19T14:52:33.288+0800][111.415s][info][gc,phases   ] GC(339)   Evacuate Collection Set: 0.7ms
[2026-03-19T14:52:33.288+0800][111.415s][info][gc,phases   ] GC(339)   Post Evacuate Collection Set: 0.4ms
[2026-03-19T14:52:33.288+0800][111.415s][info][gc,phases   ] GC(339)   Other: 0.3ms
[2026-03-19T14:52:33.288+0800][111.415s][info][gc,heap     ] GC(339) Eden regions: 5->0(55)
[2026-03-19T14:52:33.289+0800][111.415s][info][gc,heap     ] GC(339) Survivor regions: 2->2(7)
[2026-03-19T14:52:33.289+0800][111.415s][info][gc,heap     ] GC(339) Old regions: 19->19
[2026-03-19T14:52:33.289+0800][111.415s][info][gc,heap     ] GC(339) Archive regions: 0->0
[2026-03-19T14:52:33.289+0800][111.415s][info][gc,heap     ] GC(339) Humongous regions: 19->9
[2026-03-19T14:52:33.289+0800][111.415s][info][gc,metaspace] GC(339) Metaspace: 24438K(24704K)->24438K(24704K) NonClass: 21664K(21760K)->21664K(21760K) Class: 2773K(2944K)->2773K(2944K)
[2026-03-19T14:52:33.289+0800][111.415s][info][gc          ] GC(339) Pause Young (Concurrent Start) (G1 Humongous Allocation) 42M->28M(128M) 2.226ms
[2026-03-19T14:52:33.289+0800][111.416s][info][gc,cpu      ] GC(339) User=0.00s Sys=0.00s Real=0.00s
[2026-03-19T14:52:33.289+0800][111.416s][info][gc          ] GC(340) Concurrent Mark Cycle
[2026-03-19T14:52:33.289+0800][111.416s][info][gc,marking  ] GC(340) Concurrent Clear Claimed Marks
[2026-03-19T14:52:33.289+0800][111.416s][info][gc,marking  ] GC(340) Concurrent Clear Claimed Marks 0.081ms
[2026-03-19T14:52:33.289+0800][111.416s][info][gc,marking  ] GC(340) Concurrent Scan Root Regions
[2026-03-19T14:52:33.289+0800][111.416s][info][gc,marking  ] GC(340) Concurrent Scan Root Regions 0.236ms
[2026-03-19T14:52:33.290+0800][111.416s][info][gc,marking  ] GC(340) Concurrent Mark
[2026-03-19T14:52:33.290+0800][111.416s][info][gc,marking  ] GC(340) Concurrent Mark From Roots
[2026-03-19T14:52:33.290+0800][111.416s][info][gc,task     ] GC(340) Using 3 workers of 3 for marking
[2026-03-19T14:52:33.297+0800][111.423s][info][gc,marking  ] GC(340) Concurrent Mark From Roots 6.968ms
[2026-03-19T14:52:33.297+0800][111.424s][info][gc,marking  ] GC(340) Concurrent Preclean
[2026-03-19T14:52:33.297+0800][111.424s][info][gc,marking  ] GC(340) Concurrent Preclean 0.218ms
[2026-03-19T14:52:33.298+0800][111.424s][info][gc,start    ] GC(340) Pause Remark
[2026-03-19T14:52:33.302+0800][111.428s][info][gc          ] GC(340) Pause Remark 39M->39M(128M) 4.195ms
[2026-03-19T14:52:33.302+0800][111.428s][info][gc,cpu      ] GC(340) User=0.00s Sys=0.00s Real=0.00s
[2026-03-19T14:52:33.302+0800][111.429s][info][gc,marking  ] GC(340) Concurrent Mark 12.262ms
[2026-03-19T14:52:33.302+0800][111.429s][info][gc,marking  ] GC(340) Concurrent Rebuild Remembered Sets
[2026-03-19T14:52:33.306+0800][111.432s][info][gc,marking  ] GC(340) Concurrent Rebuild Remembered Sets 3.247ms
[2026-03-19T14:52:33.306+0800][111.432s][info][gc,start    ] GC(340) Pause Cleanup
[2026-03-19T14:52:33.306+0800][111.433s][info][gc          ] GC(340) Pause Cleanup 39M->39M(128M) 0.244ms
[2026-03-19T14:52:33.306+0800][111.433s][info][gc,cpu      ] GC(340) User=0.00s Sys=0.00s Real=0.00s
[2026-03-19T14:52:33.306+0800][111.433s][info][gc,marking  ] GC(340) Concurrent Cleanup for Next Mark
[2026-03-19T14:52:33.307+0800][111.433s][info][gc,marking  ] GC(340) Concurrent Cleanup for Next Mark 0.297ms
[2026-03-19T14:52:33.307+0800][111.433s][info][gc          ] GC(340) Concurrent Mark Cycle 17.389ms
[2026-03-19T14:52:33.598+0800][111.725s][info][gc,start    ] GC(341) Pause Young (Concurrent Start) (G1 Humongous Allocation)
[2026-03-19T14:52:33.598+0800][111.725s][info][gc,task     ] GC(341) Using 3 workers of 13 for evacuation
[2026-03-19T14:52:33.599+0800][111.726s][info][gc,phases   ] GC(341)   Pre Evacuate Collection Set: 0.1ms
[2026-03-19T14:52:33.599+0800][111.727s][info][gc,phases   ] GC(341)   Merge Heap Roots: 0.1ms
[2026-03-19T14:52:33.599+0800][111.727s][info][gc,phases   ] GC(341)   Evacuate Collection Set: 0.7ms
[2026-03-19T14:52:33.600+0800][111.727s][info][gc,phases   ] GC(341)   Post Evacuate Collection Set: 0.4ms
[2026-03-19T14:52:33.600+0800][111.727s][info][gc,phases   ] GC(341)   Other: 0.4ms
[2026-03-19T14:52:33.600+0800][111.727s][info][gc,heap     ] GC(341) Eden regions: 5->0(55)
[2026-03-19T14:52:33.600+0800][111.727s][info][gc,heap     ] GC(341) Survivor regions: 2->2(8)
[2026-03-19T14:52:33.600+0800][111.727s][info][gc,heap     ] GC(341) Old regions: 19->19
[2026-03-19T14:52:33.600+0800][111.727s][info][gc,heap     ] GC(341) Archive regions: 0->0
[2026-03-19T14:52:33.600+0800][111.727s][info][gc,heap     ] GC(341) Humongous regions: 19->9
[2026-03-19T14:52:33.600+0800][111.727s][info][gc,metaspace] GC(341) Metaspace: 24440K(24704K)->24440K(24704K) NonClass: 21666K(21760K)->21666K(21760K) Class: 2773K(2944K)->2773K(2944K)
[2026-03-19T14:52:33.600+0800][111.727s][info][gc          ] GC(341) Pause Young (Concurrent Start) (G1 Humongous Allocation) 42M->28M(128M) 2.162ms
[2026-03-19T14:52:33.600+0800][111.727s][info][gc,cpu      ] GC(341) User=0.00s Sys=0.00s Real=0.00s
[2026-03-19T14:52:33.601+0800][111.727s][info][gc          ] GC(342) Concurrent Mark Cycle
[2026-03-19T14:52:33.601+0800][111.727s][info][gc,marking  ] GC(342) Concurrent Clear Claimed Marks
[2026-03-19T14:52:33.601+0800][111.727s][info][gc,marking  ] GC(342) Concurrent Clear Claimed Marks 0.076ms
[2026-03-19T14:52:33.601+0800][111.727s][info][gc,marking  ] GC(342) Concurrent Scan Root Regions
[2026-03-19T14:52:33.601+0800][111.728s][info][gc,marking  ] GC(342) Concurrent Scan Root Regions 0.244ms
[2026-03-19T14:52:33.601+0800][111.728s][info][gc,marking  ] GC(342) Concurrent Mark
[2026-03-19T14:52:33.601+0800][111.728s][info][gc,marking  ] GC(342) Concurrent Mark From Roots
[2026-03-19T14:52:33.601+0800][111.728s][info][gc,task     ] GC(342) Using 3 workers of 3 for marking
[2026-03-19T14:52:33.609+0800][111.736s][info][gc,marking  ] GC(342) Concurrent Mark From Roots 7.760ms
[2026-03-19T14:52:33.610+0800][111.736s][info][gc,marking  ] GC(342) Concurrent Preclean
[2026-03-19T14:52:33.610+0800][111.736s][info][gc,marking  ] GC(342) Concurrent Preclean 0.341ms
[2026-03-19T14:52:33.610+0800][111.736s][info][gc,start    ] GC(342) Pause Remark
[2026-03-19T14:52:33.614+0800][111.740s][info][gc          ] GC(342) Pause Remark 39M->39M(128M) 4.142ms
[2026-03-19T14:52:33.614+0800][111.741s][info][gc,cpu      ] GC(342) User=0.00s Sys=0.00s Real=0.00s
[2026-03-19T14:52:33.614+0800][111.741s][info][gc,marking  ] GC(342) Concurrent Mark 13.115ms
[2026-03-19T14:52:33.614+0800][111.741s][info][gc,marking  ] GC(342) Concurrent Rebuild Remembered Sets
[2026-03-19T14:52:33.618+0800][111.745s][info][gc,marking  ] GC(342) Concurrent Rebuild Remembered Sets 3.704ms
[2026-03-19T14:52:33.618+0800][111.745s][info][gc,start    ] GC(342) Pause Cleanup
[2026-03-19T14:52:33.618+0800][111.745s][info][gc          ] GC(342) Pause Cleanup 39M->39M(128M) 0.280ms
[2026-03-19T14:52:33.619+0800][111.746s][info][gc,cpu      ] GC(342) User=0.00s Sys=0.00s Real=0.00s
[2026-03-19T14:52:33.619+0800][111.746s][info][gc,marking  ] GC(342) Concurrent Cleanup for Next Mark
[2026-03-19T14:52:33.619+0800][111.746s][info][gc,marking  ] GC(342) Concurrent Cleanup for Next Mark 0.444ms
[2026-03-19T14:52:33.619+0800][111.746s][info][gc          ] GC(342) Concurrent Mark Cycle 19.228ms
[2026-03-19T14:52:33.913+0800][112.040s][info][gc,start    ] GC(343) Pause Young (Concurrent Start) (G1 Humongous Allocation)
[2026-03-19T14:52:33.913+0800][112.040s][info][gc,task     ] GC(343) Using 3 workers of 13 for evacuation
[2026-03-19T14:52:33.915+0800][112.042s][info][gc,phases   ] GC(343)   Pre Evacuate Collection Set: 0.1ms
[2026-03-19T14:52:33.915+0800][112.042s][info][gc,phases   ] GC(343)   Merge Heap Roots: 0.2ms
[2026-03-19T14:52:33.915+0800][112.042s][info][gc,phases   ] GC(343)   Evacuate Collection Set: 1.0ms
[2026-03-19T14:52:33.915+0800][112.042s][info][gc,phases   ] GC(343)   Post Evacuate Collection Set: 0.8ms
[2026-03-19T14:52:33.915+0800][112.042s][info][gc,phases   ] GC(343)   Other: 0.3ms
[2026-03-19T14:52:33.915+0800][112.043s][info][gc,heap     ] GC(343) Eden regions: 5->0(55)
[2026-03-19T14:52:33.915+0800][112.043s][info][gc,heap     ] GC(343) Survivor regions: 2->2(8)
[2026-03-19T14:52:33.915+0800][112.043s][info][gc,heap     ] GC(343) Old regions: 19->19
[2026-03-19T14:52:33.915+0800][112.043s][info][gc,heap     ] GC(343) Archive regions: 0->0
[2026-03-19T14:52:33.915+0800][112.043s][info][gc,heap     ] GC(343) Humongous regions: 19->9
[2026-03-19T14:52:33.917+0800][112.043s][info][gc,metaspace] GC(343) Metaspace: 24440K(24704K)->24440K(24704K) NonClass: 21666K(21760K)->21666K(21760K) Class: 2773K(2944K)->2773K(2944K)
[2026-03-19T14:52:33.917+0800][112.043s][info][gc          ] GC(343) Pause Young (Concurrent Start) (G1 Humongous Allocation) 42M->28M(128M) 3.406ms
[2026-03-19T14:52:33.917+0800][112.043s][info][gc,cpu      ] GC(343) User=0.00s Sys=0.00s Real=0.00s
[2026-03-19T14:52:33.917+0800][112.043s][info][gc          ] GC(344) Concurrent Mark Cycle
[2026-03-19T14:52:33.917+0800][112.043s][info][gc,marking  ] GC(344) Concurrent Clear Claimed Marks
[2026-03-19T14:52:33.917+0800][112.044s][info][gc,marking  ] GC(344) Concurrent Clear Claimed Marks 0.136ms
[2026-03-19T14:52:33.917+0800][112.044s][info][gc,marking  ] GC(344) Concurrent Scan Root Regions
[2026-03-19T14:52:33.918+0800][112.044s][info][gc,marking  ] GC(344) Concurrent Scan Root Regions 0.571ms
[2026-03-19T14:52:33.918+0800][112.044s][info][gc,marking  ] GC(344) Concurrent Mark
[2026-03-19T14:52:33.918+0800][112.044s][info][gc,marking  ] GC(344) Concurrent Mark From Roots
[2026-03-19T14:52:33.918+0800][112.044s][info][gc,task     ] GC(344) Using 3 workers of 3 for marking
[2026-03-19T14:52:33.927+0800][112.054s][info][gc,marking  ] GC(344) Concurrent Mark From Roots 9.458ms
[2026-03-19T14:52:33.927+0800][112.054s][info][gc,marking  ] GC(344) Concurrent Preclean
[2026-03-19T14:52:33.928+0800][112.054s][info][gc,marking  ] GC(344) Concurrent Preclean 0.421ms
[2026-03-19T14:52:33.928+0800][112.055s][info][gc,start    ] GC(344) Pause Remark
[2026-03-19T14:52:33.932+0800][112.059s][info][gc          ] GC(344) Pause Remark 39M->39M(128M) 4.079ms
[2026-03-19T14:52:33.932+0800][112.059s][info][gc,cpu      ] GC(344) User=0.00s Sys=0.00s Real=0.00s
[2026-03-19T14:52:33.933+0800][112.059s][info][gc,marking  ] GC(344) Concurrent Mark 15.037ms
[2026-03-19T14:52:33.933+0800][112.060s][info][gc,marking  ] GC(344) Concurrent Rebuild Remembered Sets
[2026-03-19T14:52:33.939+0800][112.066s][info][gc,marking  ] GC(344) Concurrent Rebuild Remembered Sets 6.309ms
[2026-03-19T14:52:33.940+0800][112.066s][info][gc,start    ] GC(344) Pause Cleanup
[2026-03-19T14:52:33.941+0800][112.067s][info][gc          ] GC(344) Pause Cleanup 39M->39M(128M) 0.540ms
[2026-03-19T14:52:33.941+0800][112.067s][info][gc,cpu      ] GC(344) User=0.00s Sys=0.00s Real=0.00s
[2026-03-19T14:52:33.941+0800][112.067s][info][gc,marking  ] GC(344) Concurrent Cleanup for Next Mark
[2026-03-19T14:52:33.942+0800][112.068s][info][gc,marking  ] GC(344) Concurrent Cleanup for Next Mark 0.595ms
[2026-03-19T14:52:33.942+0800][112.068s][info][gc          ] GC(344) Concurrent Mark Cycle 24.852ms
[2026-03-19T14:52:34.299+0800][112.425s][info][gc,start    ] GC(345) Pause Young (Concurrent Start) (G1 Humongous Allocation)
[2026-03-19T14:52:34.299+0800][112.426s][info][gc,task     ] GC(345) Using 3 workers of 13 for evacuation
[2026-03-19T14:52:34.302+0800][112.428s][info][gc,phases   ] GC(345)   Pre Evacuate Collection Set: 0.3ms
[2026-03-19T14:52:34.302+0800][112.428s][info][gc,phases   ] GC(345)   Merge Heap Roots: 0.1ms
[2026-03-19T14:52:34.302+0800][112.428s][info][gc,phases   ] GC(345)   Evacuate Collection Set: 1.1ms
[2026-03-19T14:52:34.302+0800][112.428s][info][gc,phases   ] GC(345)   Post Evacuate Collection Set: 0.5ms
[2026-03-19T14:52:34.302+0800][112.428s][info][gc,phases   ] GC(345)   Other: 0.5ms
[2026-03-19T14:52:34.302+0800][112.428s][info][gc,heap     ] GC(345) Eden regions: 5->0(55)
[2026-03-19T14:52:34.302+0800][112.428s][info][gc,heap     ] GC(345) Survivor regions: 2->2(8)
[2026-03-19T14:52:34.302+0800][112.428s][info][gc,heap     ] GC(345) Old regions: 19->19
[2026-03-19T14:52:34.302+0800][112.428s][info][gc,heap     ] GC(345) Archive regions: 0->0
[2026-03-19T14:52:34.302+0800][112.428s][info][gc,heap     ] GC(345) Humongous regions: 19->9
[2026-03-19T14:52:34.302+0800][112.428s][info][gc,metaspace] GC(345) Metaspace: 24440K(24704K)->24440K(24704K) NonClass: 21666K(21760K)->21666K(21760K) Class: 2773K(2944K)->2773K(2944K)
[2026-03-19T14:52:34.302+0800][112.428s][info][gc          ] GC(345) Pause Young (Concurrent Start) (G1 Humongous Allocation) 42M->28M(128M) 3.117ms
[2026-03-19T14:52:34.302+0800][112.429s][info][gc,cpu      ] GC(345) User=0.00s Sys=0.00s Real=0.00s
[2026-03-19T14:52:34.302+0800][112.429s][info][gc          ] GC(346) Concurrent Mark Cycle
[2026-03-19T14:52:34.303+0800][112.429s][info][gc,marking  ] GC(346) Concurrent Clear Claimed Marks
[2026-03-19T14:52:34.303+0800][112.429s][info][gc,marking  ] GC(346) Concurrent Clear Claimed Marks 0.135ms
[2026-03-19T14:52:34.303+0800][112.429s][info][gc,marking  ] GC(346) Concurrent Scan Root Regions
[2026-03-19T14:52:34.303+0800][112.429s][info][gc,marking  ] GC(346) Concurrent Scan Root Regions 0.351ms
[2026-03-19T14:52:34.303+0800][112.430s][info][gc,marking  ] GC(346) Concurrent Mark
[2026-03-19T14:52:34.303+0800][112.430s][info][gc,marking  ] GC(346) Concurrent Mark From Roots
[2026-03-19T14:52:34.303+0800][112.430s][info][gc,task     ] GC(346) Using 3 workers of 3 for marking
[2026-03-19T14:52:34.318+0800][112.445s][info][gc,marking  ] GC(346) Concurrent Mark From Roots 15.133ms
[2026-03-19T14:52:34.319+0800][112.445s][info][gc,marking  ] GC(346) Concurrent Preclean
[2026-03-19T14:52:34.319+0800][112.445s][info][gc,marking  ] GC(346) Concurrent Preclean 0.476ms
[2026-03-19T14:52:34.320+0800][112.446s][info][gc,start    ] GC(346) Pause Remark
[2026-03-19T14:52:34.326+0800][112.452s][info][gc          ] GC(346) Pause Remark 37M->37M(128M) 6.147ms
[2026-03-19T14:52:34.326+0800][112.453s][info][gc,cpu      ] GC(346) User=0.00s Sys=0.00s Real=0.01s
[2026-03-19T14:52:34.327+0800][112.453s][info][gc,marking  ] GC(346) Concurrent Mark 23.834ms
[2026-03-19T14:52:34.327+0800][112.454s][info][gc,marking  ] GC(346) Concurrent Rebuild Remembered Sets
[2026-03-19T14:52:34.334+0800][112.461s][info][gc,marking  ] GC(346) Concurrent Rebuild Remembered Sets 7.633ms
[2026-03-19T14:52:34.335+0800][112.462s][info][gc,start    ] GC(346) Pause Cleanup
[2026-03-19T14:52:34.335+0800][112.462s][info][gc          ] GC(346) Pause Cleanup 39M->39M(128M) 0.519ms
[2026-03-19T14:52:34.335+0800][112.462s][info][gc,cpu      ] GC(346) User=0.00s Sys=0.00s Real=0.00s
[2026-03-19T14:52:34.335+0800][112.462s][info][gc,marking  ] GC(346) Concurrent Cleanup for Next Mark
[2026-03-19T14:52:34.335+0800][112.463s][info][gc,marking  ] GC(346) Concurrent Cleanup for Next Mark 0.399ms
[2026-03-19T14:52:34.335+0800][112.463s][info][gc          ] GC(346) Concurrent Mark Cycle 34.305ms
[2026-03-19T14:52:34.637+0800][112.764s][info][gc,start    ] GC(347) Pause Young (Concurrent Start) (G1 Humongous Allocation)
[2026-03-19T14:52:34.638+0800][112.764s][info][gc,task     ] GC(347) Using 3 workers of 13 for evacuation
[2026-03-19T14:52:34.639+0800][112.766s][info][gc,phases   ] GC(347)   Pre Evacuate Collection Set: 0.1ms
[2026-03-19T14:52:34.639+0800][112.767s][info][gc,phases   ] GC(347)   Merge Heap Roots: 0.1ms
[2026-03-19T14:52:34.641+0800][112.767s][info][gc,phases   ] GC(347)   Evacuate Collection Set: 1.1ms
[2026-03-19T14:52:34.641+0800][112.767s][info][gc,phases   ] GC(347)   Post Evacuate Collection Set: 0.4ms
[2026-03-19T14:52:34.641+0800][112.767s][info][gc,phases   ] GC(347)   Other: 0.6ms
[2026-03-19T14:52:34.641+0800][112.767s][info][gc,heap     ] GC(347) Eden regions: 5->0(56)
[2026-03-19T14:52:34.641+0800][112.767s][info][gc,heap     ] GC(347) Survivor regions: 2->2(8)
[2026-03-19T14:52:34.641+0800][112.767s][info][gc,heap     ] GC(347) Old regions: 19->19
[2026-03-19T14:52:34.641+0800][112.767s][info][gc,heap     ] GC(347) Archive regions: 0->0
[2026-03-19T14:52:34.641+0800][112.767s][info][gc,heap     ] GC(347) Humongous regions: 19->9
[2026-03-19T14:52:34.641+0800][112.767s][info][gc,metaspace] GC(347) Metaspace: 24440K(24704K)->24440K(24704K) NonClass: 21666K(21760K)->21666K(21760K) Class: 2773K(2944K)->2773K(2944K)
[2026-03-19T14:52:34.641+0800][112.767s][info][gc          ] GC(347) Pause Young (Concurrent Start) (G1 Humongous Allocation) 42M->28M(128M) 3.149ms
[2026-03-19T14:52:34.641+0800][112.767s][info][gc,cpu      ] GC(347) User=0.02s Sys=0.03s Real=0.00s
[2026-03-19T14:52:34.641+0800][112.767s][info][gc          ] GC(348) Concurrent Mark Cycle
[2026-03-19T14:52:34.641+0800][112.768s][info][gc,marking  ] GC(348) Concurrent Clear Claimed Marks
[2026-03-19T14:52:34.642+0800][112.768s][info][gc,marking  ] GC(348) Concurrent Clear Claimed Marks 0.100ms
[2026-03-19T14:52:34.642+0800][112.768s][info][gc,marking  ] GC(348) Concurrent Scan Root Regions
[2026-03-19T14:52:34.642+0800][112.768s][info][gc,marking  ] GC(348) Concurrent Scan Root Regions 0.326ms
[2026-03-19T14:52:34.642+0800][112.768s][info][gc,marking  ] GC(348) Concurrent Mark
[2026-03-19T14:52:34.642+0800][112.768s][info][gc,marking  ] GC(348) Concurrent Mark From Roots
[2026-03-19T14:52:34.642+0800][112.768s][info][gc,task     ] GC(348) Using 3 workers of 3 for marking
[2026-03-19T14:52:34.650+0800][112.776s][info][gc,marking  ] GC(348) Concurrent Mark From Roots 7.954ms
[2026-03-19T14:52:34.650+0800][112.776s][info][gc,marking  ] GC(348) Concurrent Preclean
[2026-03-19T14:52:34.650+0800][112.777s][info][gc,marking  ] GC(348) Concurrent Preclean 0.235ms
[2026-03-19T14:52:34.650+0800][112.777s][info][gc,start    ] GC(348) Pause Remark
[2026-03-19T14:52:34.655+0800][112.782s][info][gc          ] GC(348) Pause Remark 39M->39M(128M) 4.785ms
[2026-03-19T14:52:34.655+0800][112.782s][info][gc,cpu      ] GC(348) User=0.02s Sys=0.00s Real=0.00s
[2026-03-19T14:52:34.655+0800][112.782s][info][gc,marking  ] GC(348) Concurrent Mark 13.744ms
[2026-03-19T14:52:34.655+0800][112.782s][info][gc,marking  ] GC(348) Concurrent Rebuild Remembered Sets
[2026-03-19T14:52:34.660+0800][112.786s][info][gc,marking  ] GC(348) Concurrent Rebuild Remembered Sets 3.904ms
[2026-03-19T14:52:34.660+0800][112.786s][info][gc,start    ] GC(348) Pause Cleanup
[2026-03-19T14:52:34.660+0800][112.787s][info][gc          ] GC(348) Pause Cleanup 39M->39M(128M) 0.237ms
[2026-03-19T14:52:34.660+0800][112.787s][info][gc,cpu      ] GC(348) User=0.00s Sys=0.00s Real=0.00s
[2026-03-19T14:52:34.660+0800][112.787s][info][gc,marking  ] GC(348) Concurrent Cleanup for Next Mark
[2026-03-19T14:52:34.661+0800][112.787s][info][gc,marking  ] GC(348) Concurrent Cleanup for Next Mark 0.224ms
[2026-03-19T14:52:34.661+0800][112.787s][info][gc          ] GC(348) Concurrent Mark Cycle 19.591ms
[2026-03-19T14:52:34.952+0800][113.079s][info][gc,start    ] GC(349) Pause Young (Concurrent Start) (G1 Humongous Allocation)
[2026-03-19T14:52:34.952+0800][113.079s][info][gc,task     ] GC(349) Using 3 workers of 13 for evacuation
[2026-03-19T14:52:34.954+0800][113.081s][info][gc,phases   ] GC(349)   Pre Evacuate Collection Set: 0.1ms
[2026-03-19T14:52:34.954+0800][113.081s][info][gc,phases   ] GC(349)   Merge Heap Roots: 0.1ms
[2026-03-19T14:52:34.954+0800][113.081s][info][gc,phases   ] GC(349)   Evacuate Collection Set: 1.1ms
[2026-03-19T14:52:34.954+0800][113.081s][info][gc,phases   ] GC(349)   Post Evacuate Collection Set: 0.4ms
[2026-03-19T14:52:34.954+0800][113.081s][info][gc,phases   ] GC(349)   Other: 0.6ms
[2026-03-19T14:52:34.955+0800][113.081s][info][gc,heap     ] GC(349) Eden regions: 5->0(56)
[2026-03-19T14:52:34.955+0800][113.081s][info][gc,heap     ] GC(349) Survivor regions: 2->2(8)
[2026-03-19T14:52:34.955+0800][113.081s][info][gc,heap     ] GC(349) Old regions: 19->19
[2026-03-19T14:52:34.955+0800][113.081s][info][gc,heap     ] GC(349) Archive regions: 0->0
[2026-03-19T14:52:34.955+0800][113.082s][info][gc,heap     ] GC(349) Humongous regions: 19->9
[2026-03-19T14:52:34.955+0800][113.082s][info][gc,metaspace] GC(349) Metaspace: 24440K(24704K)->24440K(24704K) NonClass: 21666K(21760K)->21666K(21760K) Class: 2773K(2944K)->2773K(2944K)
[2026-03-19T14:52:34.955+0800][113.082s][info][gc          ] GC(349) Pause Young (Concurrent Start) (G1 Humongous Allocation) 42M->28M(128M) 3.637ms
[2026-03-19T14:52:34.955+0800][113.082s][info][gc,cpu      ] GC(349) User=0.00s Sys=0.00s Real=0.00s
[2026-03-19T14:52:34.955+0800][113.083s][info][gc          ] GC(350) Concurrent Mark Cycle
[2026-03-19T14:52:34.955+0800][113.083s][info][gc,marking  ] GC(350) Concurrent Clear Claimed Marks
[2026-03-19T14:52:34.957+0800][113.083s][info][gc,marking  ] GC(350) Concurrent Clear Claimed Marks 0.099ms
[2026-03-19T14:52:34.957+0800][113.083s][info][gc,marking  ] GC(350) Concurrent Scan Root Regions
[2026-03-19T14:52:34.957+0800][113.083s][info][gc,marking  ] GC(350) Concurrent Scan Root Regions 0.520ms
[2026-03-19T14:52:34.957+0800][113.083s][info][gc,marking  ] GC(350) Concurrent Mark
[2026-03-19T14:52:34.957+0800][113.084s][info][gc,marking  ] GC(350) Concurrent Mark From Roots
[2026-03-19T14:52:34.957+0800][113.084s][info][gc,task     ] GC(350) Using 3 workers of 3 for marking
[2026-03-19T14:52:34.967+0800][113.094s][info][gc,marking  ] GC(350) Concurrent Mark From Roots 10.473ms
[2026-03-19T14:52:34.967+0800][113.094s][info][gc,marking  ] GC(350) Concurrent Preclean
[2026-03-19T14:52:34.968+0800][113.095s][info][gc,marking  ] GC(350) Concurrent Preclean 0.785ms
[2026-03-19T14:52:34.969+0800][113.095s][info][gc,start    ] GC(350) Pause Remark
[2026-03-19T14:52:34.975+0800][113.102s][info][gc          ] GC(350) Pause Remark 39M->39M(128M) 7.103ms
[2026-03-19T14:52:34.975+0800][113.103s][info][gc,cpu      ] GC(350) User=0.00s Sys=0.00s Real=0.01s
[2026-03-19T14:52:34.977+0800][113.103s][info][gc,marking  ] GC(350) Concurrent Mark 19.415ms
[2026-03-19T14:52:34.977+0800][113.103s][info][gc,marking  ] GC(350) Concurrent Rebuild Remembered Sets
[2026-03-19T14:52:34.981+0800][113.108s][info][gc,marking  ] GC(350) Concurrent Rebuild Remembered Sets 4.588ms
[2026-03-19T14:52:34.981+0800][113.108s][info][gc,start    ] GC(350) Pause Cleanup
[2026-03-19T14:52:34.981+0800][113.108s][info][gc          ] GC(350) Pause Cleanup 39M->39M(128M) 0.270ms
[2026-03-19T14:52:34.982+0800][113.108s][info][gc,cpu      ] GC(350) User=0.00s Sys=0.00s Real=0.00s
[2026-03-19T14:52:34.982+0800][113.109s][info][gc,marking  ] GC(350) Concurrent Cleanup for Next Mark
[2026-03-19T14:52:34.982+0800][113.109s][info][gc,marking  ] GC(350) Concurrent Cleanup for Next Mark 0.389ms
[2026-03-19T14:52:34.982+0800][113.109s][info][gc          ] GC(350) Concurrent Mark Cycle 26.585ms
[2026-03-19T14:52:35.276+0800][113.403s][info][gc,start    ] GC(351) Pause Young (Concurrent Start) (G1 Humongous Allocation)
[2026-03-19T14:52:35.276+0800][113.403s][info][gc,task     ] GC(351) Using 3 workers of 13 for evacuation
[2026-03-19T14:52:35.278+0800][113.405s][info][gc,phases   ] GC(351)   Pre Evacuate Collection Set: 0.1ms
[2026-03-19T14:52:35.278+0800][113.405s][info][gc,phases   ] GC(351)   Merge Heap Roots: 0.1ms
[2026-03-19T14:52:35.278+0800][113.405s][info][gc,phases   ] GC(351)   Evacuate Collection Set: 0.9ms
[2026-03-19T14:52:35.278+0800][113.405s][info][gc,phases   ] GC(351)   Post Evacuate Collection Set: 0.4ms
[2026-03-19T14:52:35.278+0800][113.405s][info][gc,phases   ] GC(351)   Other: 0.5ms
[2026-03-19T14:52:35.278+0800][113.405s][info][gc,heap     ] GC(351) Eden regions: 5->0(56)
[2026-03-19T14:52:35.278+0800][113.405s][info][gc,heap     ] GC(351) Survivor regions: 2->2(8)
[2026-03-19T14:52:35.278+0800][113.405s][info][gc,heap     ] GC(351) Old regions: 19->19
[2026-03-19T14:52:35.278+0800][113.405s][info][gc,heap     ] GC(351) Archive regions: 0->0
[2026-03-19T14:52:35.278+0800][113.405s][info][gc,heap     ] GC(351) Humongous regions: 19->9
[2026-03-19T14:52:35.278+0800][113.405s][info][gc,metaspace] GC(351) Metaspace: 24440K(24704K)->24440K(24704K) NonClass: 21666K(21760K)->21666K(21760K) Class: 2773K(2944K)->2773K(2944K)
[2026-03-19T14:52:35.278+0800][113.405s][info][gc          ] GC(351) Pause Young (Concurrent Start) (G1 Humongous Allocation) 42M->28M(128M) 2.788ms
[2026-03-19T14:52:35.278+0800][113.406s][info][gc,cpu      ] GC(351) User=0.00s Sys=0.00s Real=0.00s
[2026-03-19T14:52:35.279+0800][113.406s][info][gc          ] GC(352) Concurrent Mark Cycle
[2026-03-19T14:52:35.279+0800][113.406s][info][gc,marking  ] GC(352) Concurrent Clear Claimed Marks
[2026-03-19T14:52:35.279+0800][113.406s][info][gc,marking  ] GC(352) Concurrent Clear Claimed Marks 0.103ms
[2026-03-19T14:52:35.279+0800][113.406s][info][gc,marking  ] GC(352) Concurrent Scan Root Regions
[2026-03-19T14:52:35.280+0800][113.406s][info][gc,marking  ] GC(352) Concurrent Scan Root Regions 0.273ms
[2026-03-19T14:52:35.280+0800][113.406s][info][gc,marking  ] GC(352) Concurrent Mark
[2026-03-19T14:52:35.280+0800][113.406s][info][gc,marking  ] GC(352) Concurrent Mark From Roots
[2026-03-19T14:52:35.280+0800][113.407s][info][gc,task     ] GC(352) Using 3 workers of 3 for marking
[2026-03-19T14:52:35.289+0800][113.416s][info][gc,marking  ] GC(352) Concurrent Mark From Roots 9.163ms
[2026-03-19T14:52:35.289+0800][113.416s][info][gc,marking  ] GC(352) Concurrent Preclean
[2026-03-19T14:52:35.290+0800][113.416s][info][gc,marking  ] GC(352) Concurrent Preclean 0.517ms
[2026-03-19T14:52:35.290+0800][113.417s][info][gc,start    ] GC(352) Pause Remark
[2026-03-19T14:52:35.295+0800][113.422s][info][gc          ] GC(352) Pause Remark 39M->39M(128M) 5.237ms
[2026-03-19T14:52:35.295+0800][113.422s][info][gc,cpu      ] GC(352) User=0.00s Sys=0.00s Real=0.01s
[2026-03-19T14:52:35.295+0800][113.422s][info][gc,marking  ] GC(352) Concurrent Mark 15.924ms
[2026-03-19T14:52:35.295+0800][113.422s][info][gc,marking  ] GC(352) Concurrent Rebuild Remembered Sets
[2026-03-19T14:52:35.301+0800][113.427s][info][gc,marking  ] GC(352) Concurrent Rebuild Remembered Sets 5.010ms
[2026-03-19T14:52:35.302+0800][113.428s][info][gc,start    ] GC(352) Pause Cleanup
[2026-03-19T14:52:35.302+0800][113.428s][info][gc          ] GC(352) Pause Cleanup 39M->39M(128M) 0.227ms
[2026-03-19T14:52:35.302+0800][113.428s][info][gc,cpu      ] GC(352) User=0.00s Sys=0.00s Real=0.00s
[2026-03-19T14:52:35.302+0800][113.428s][info][gc,marking  ] GC(352) Concurrent Cleanup for Next Mark
[2026-03-19T14:52:35.302+0800][113.429s][info][gc,marking  ] GC(352) Concurrent Cleanup for Next Mark 0.329ms
[2026-03-19T14:52:35.303+0800][113.429s][info][gc          ] GC(352) Concurrent Mark Cycle 23.122ms
[2026-03-19T14:52:35.588+0800][113.714s][info][gc,start    ] GC(353) Pause Young (Concurrent Start) (G1 Humongous Allocation)
[2026-03-19T14:52:35.588+0800][113.715s][info][gc,task     ] GC(353) Using 3 workers of 13 for evacuation
[2026-03-19T14:52:35.590+0800][113.716s][info][gc,phases   ] GC(353)   Pre Evacuate Collection Set: 0.1ms
[2026-03-19T14:52:35.590+0800][113.717s][info][gc,phases   ] GC(353)   Merge Heap Roots: 0.1ms
[2026-03-19T14:52:35.590+0800][113.717s][info][gc,phases   ] GC(353)   Evacuate Collection Set: 0.9ms
[2026-03-19T14:52:35.590+0800][113.717s][info][gc,phases   ] GC(353)   Post Evacuate Collection Set: 0.4ms
[2026-03-19T14:52:35.590+0800][113.717s][info][gc,phases   ] GC(353)   Other: 0.5ms
[2026-03-19T14:52:35.590+0800][113.717s][info][gc,heap     ] GC(353) Eden regions: 5->0(56)
[2026-03-19T14:52:35.590+0800][113.717s][info][gc,heap     ] GC(353) Survivor regions: 2->2(8)
[2026-03-19T14:52:35.590+0800][113.717s][info][gc,heap     ] GC(353) Old regions: 19->19
[2026-03-19T14:52:35.590+0800][113.717s][info][gc,heap     ] GC(353) Archive regions: 0->0
[2026-03-19T14:52:35.590+0800][113.717s][info][gc,heap     ] GC(353) Humongous regions: 19->9
[2026-03-19T14:52:35.590+0800][113.717s][info][gc,metaspace] GC(353) Metaspace: 24440K(24704K)->24440K(24704K) NonClass: 21666K(21760K)->21666K(21760K) Class: 2773K(2944K)->2773K(2944K)
[2026-03-19T14:52:35.590+0800][113.717s][info][gc          ] GC(353) Pause Young (Concurrent Start) (G1 Humongous Allocation) 42M->28M(128M) 2.324ms
[2026-03-19T14:52:35.590+0800][113.717s][info][gc,cpu      ] GC(353) User=0.00s Sys=0.00s Real=0.00s
[2026-03-19T14:52:35.590+0800][113.717s][info][gc          ] GC(354) Concurrent Mark Cycle
[2026-03-19T14:52:35.591+0800][113.717s][info][gc,marking  ] GC(354) Concurrent Clear Claimed Marks
[2026-03-19T14:52:35.591+0800][113.717s][info][gc,marking  ] GC(354) Concurrent Clear Claimed Marks 0.089ms
[2026-03-19T14:52:35.591+0800][113.717s][info][gc,marking  ] GC(354) Concurrent Scan Root Regions
[2026-03-19T14:52:35.591+0800][113.718s][info][gc,marking  ] GC(354) Concurrent Scan Root Regions 0.348ms
[2026-03-19T14:52:35.591+0800][113.718s][info][gc,marking  ] GC(354) Concurrent Mark
[2026-03-19T14:52:35.591+0800][113.718s][info][gc,marking  ] GC(354) Concurrent Mark From Roots
[2026-03-19T14:52:35.591+0800][113.718s][info][gc,task     ] GC(354) Using 3 workers of 3 for marking
[2026-03-19T14:52:35.598+0800][113.725s][info][gc,marking  ] GC(354) Concurrent Mark From Roots 7.132ms
[2026-03-19T14:52:35.598+0800][113.725s][info][gc,marking  ] GC(354) Concurrent Preclean
[2026-03-19T14:52:35.598+0800][113.725s][info][gc,marking  ] GC(354) Concurrent Preclean 0.344ms
[2026-03-19T14:52:35.599+0800][113.726s][info][gc,start    ] GC(354) Pause Remark
[2026-03-19T14:52:35.605+0800][113.731s][info][gc          ] GC(354) Pause Remark 39M->39M(128M) 5.139ms
[2026-03-19T14:52:35.605+0800][113.731s][info][gc,cpu      ] GC(354) User=0.00s Sys=0.00s Real=0.01s
[2026-03-19T14:52:35.605+0800][113.731s][info][gc,marking  ] GC(354) Concurrent Mark 13.445ms
[2026-03-19T14:52:35.605+0800][113.731s][info][gc,marking  ] GC(354) Concurrent Rebuild Remembered Sets
[2026-03-19T14:52:35.609+0800][113.736s][info][gc,marking  ] GC(354) Concurrent Rebuild Remembered Sets 4.752ms
[2026-03-19T14:52:35.610+0800][113.736s][info][gc,start    ] GC(354) Pause Cleanup
[2026-03-19T14:52:35.610+0800][113.737s][info][gc          ] GC(354) Pause Cleanup 39M->39M(128M) 0.268ms
[2026-03-19T14:52:35.610+0800][113.737s][info][gc,cpu      ] GC(354) User=0.00s Sys=0.00s Real=0.00s
[2026-03-19T14:52:35.610+0800][113.737s][info][gc,marking  ] GC(354) Concurrent Cleanup for Next Mark
[2026-03-19T14:52:35.611+0800][113.737s][info][gc,marking  ] GC(354) Concurrent Cleanup for Next Mark 0.511ms
[2026-03-19T14:52:35.611+0800][113.738s][info][gc          ] GC(354) Concurrent Mark Cycle 20.685ms
[2026-03-19T14:52:35.897+0800][114.024s][info][gc,start    ] GC(355) Pause Young (Concurrent Start) (G1 Humongous Allocation)
[2026-03-19T14:52:35.897+0800][114.024s][info][gc,task     ] GC(355) Using 3 workers of 13 for evacuation
[2026-03-19T14:52:35.899+0800][114.026s][info][gc,phases   ] GC(355)   Pre Evacuate Collection Set: 0.1ms
[2026-03-19T14:52:35.900+0800][114.026s][info][gc,phases   ] GC(355)   Merge Heap Roots: 0.1ms
[2026-03-19T14:52:35.900+0800][114.026s][info][gc,phases   ] GC(355)   Evacuate Collection Set: 0.9ms
[2026-03-19T14:52:35.900+0800][114.026s][info][gc,phases   ] GC(355)   Post Evacuate Collection Set: 0.3ms
[2026-03-19T14:52:35.900+0800][114.026s][info][gc,phases   ] GC(355)   Other: 0.5ms
[2026-03-19T14:52:35.900+0800][114.026s][info][gc,heap     ] GC(355) Eden regions: 5->0(56)
[2026-03-19T14:52:35.900+0800][114.026s][info][gc,heap     ] GC(355) Survivor regions: 2->2(8)
[2026-03-19T14:52:35.900+0800][114.026s][info][gc,heap     ] GC(355) Old regions: 19->19
[2026-03-19T14:52:35.900+0800][114.026s][info][gc,heap     ] GC(355) Archive regions: 0->0
[2026-03-19T14:52:35.900+0800][114.026s][info][gc,heap     ] GC(355) Humongous regions: 19->9
[2026-03-19T14:52:35.900+0800][114.026s][info][gc,metaspace] GC(355) Metaspace: 24440K(24704K)->24440K(24704K) NonClass: 21666K(21760K)->21666K(21760K) Class: 2773K(2944K)->2773K(2944K)
[2026-03-19T14:52:35.900+0800][114.026s][info][gc          ] GC(355) Pause Young (Concurrent Start) (G1 Humongous Allocation) 42M->28M(128M) 2.655ms
[2026-03-19T14:52:35.900+0800][114.026s][info][gc,cpu      ] GC(355) User=0.00s Sys=0.00s Real=0.00s
[2026-03-19T14:52:35.900+0800][114.027s][info][gc          ] GC(356) Concurrent Mark Cycle
[2026-03-19T14:52:35.901+0800][114.027s][info][gc,marking  ] GC(356) Concurrent Clear Claimed Marks
[2026-03-19T14:52:35.901+0800][114.027s][info][gc,marking  ] GC(356) Concurrent Clear Claimed Marks 0.091ms
[2026-03-19T14:52:35.901+0800][114.027s][info][gc,marking  ] GC(356) Concurrent Scan Root Regions
[2026-03-19T14:52:35.901+0800][114.027s][info][gc,marking  ] GC(356) Concurrent Scan Root Regions 0.369ms
[2026-03-19T14:52:35.901+0800][114.027s][info][gc,marking  ] GC(356) Concurrent Mark
[2026-03-19T14:52:35.901+0800][114.027s][info][gc,marking  ] GC(356) Concurrent Mark From Roots
[2026-03-19T14:52:35.901+0800][114.027s][info][gc,task     ] GC(356) Using 3 workers of 3 for marking
[2026-03-19T14:52:35.910+0800][114.037s][info][gc,marking  ] GC(356) Concurrent Mark From Roots 9.105ms
[2026-03-19T14:52:35.910+0800][114.037s][info][gc,marking  ] GC(356) Concurrent Preclean
[2026-03-19T14:52:35.910+0800][114.037s][info][gc,marking  ] GC(356) Concurrent Preclean 0.389ms
[2026-03-19T14:52:35.911+0800][114.037s][info][gc,start    ] GC(356) Pause Remark
[2026-03-19T14:52:35.915+0800][114.042s][info][gc          ] GC(356) Pause Remark 39M->39M(128M) 4.999ms
[2026-03-19T14:52:35.915+0800][114.043s][info][gc,cpu      ] GC(356) User=0.00s Sys=0.00s Real=0.00s
[2026-03-19T14:52:35.915+0800][114.043s][info][gc,marking  ] GC(356) Concurrent Mark 15.440ms
[2026-03-19T14:52:35.917+0800][114.043s][info][gc,marking  ] GC(356) Concurrent Rebuild Remembered Sets
[2026-03-19T14:52:35.921+0800][114.048s][info][gc,marking  ] GC(356) Concurrent Rebuild Remembered Sets 4.593ms
[2026-03-19T14:52:35.922+0800][114.048s][info][gc,start    ] GC(356) Pause Cleanup
[2026-03-19T14:52:35.922+0800][114.048s][info][gc          ] GC(356) Pause Cleanup 39M->39M(128M) 0.363ms
[2026-03-19T14:52:35.922+0800][114.049s][info][gc,cpu      ] GC(356) User=0.00s Sys=0.00s Real=0.00s
[2026-03-19T14:52:35.922+0800][114.049s][info][gc,marking  ] GC(356) Concurrent Cleanup for Next Mark
[2026-03-19T14:52:35.923+0800][114.049s][info][gc,marking  ] GC(356) Concurrent Cleanup for Next Mark 0.356ms
[2026-03-19T14:52:35.923+0800][114.049s][info][gc          ] GC(356) Concurrent Mark Cycle 22.640ms
[2026-03-19T14:52:36.222+0800][114.348s][info][gc,start    ] GC(357) Pause Young (Concurrent Start) (G1 Humongous Allocation)
[2026-03-19T14:52:36.222+0800][114.348s][info][gc,task     ] GC(357) Using 3 workers of 13 for evacuation
[2026-03-19T14:52:36.223+0800][114.349s][info][gc,phases   ] GC(357)   Pre Evacuate Collection Set: 0.1ms
[2026-03-19T14:52:36.223+0800][114.350s][info][gc,phases   ] GC(357)   Merge Heap Roots: 0.1ms
[2026-03-19T14:52:36.223+0800][114.350s][info][gc,phases   ] GC(357)   Evacuate Collection Set: 0.7ms
[2026-03-19T14:52:36.223+0800][114.350s][info][gc,phases   ] GC(357)   Post Evacuate Collection Set: 0.4ms
[2026-03-19T14:52:36.223+0800][114.350s][info][gc,phases   ] GC(357)   Other: 0.3ms
[2026-03-19T14:52:36.223+0800][114.350s][info][gc,heap     ] GC(357) Eden regions: 5->0(56)
[2026-03-19T14:52:36.223+0800][114.350s][info][gc,heap     ] GC(357) Survivor regions: 2->2(8)
[2026-03-19T14:52:36.223+0800][114.350s][info][gc,heap     ] GC(357) Old regions: 19->19
[2026-03-19T14:52:36.223+0800][114.350s][info][gc,heap     ] GC(357) Archive regions: 0->0
[2026-03-19T14:52:36.223+0800][114.350s][info][gc,heap     ] GC(357) Humongous regions: 19->9
[2026-03-19T14:52:36.223+0800][114.350s][info][gc,metaspace] GC(357) Metaspace: 24440K(24704K)->24440K(24704K) NonClass: 21666K(21760K)->21666K(21760K) Class: 2773K(2944K)->2773K(2944K)
[2026-03-19T14:52:36.223+0800][114.350s][info][gc          ] GC(357) Pause Young (Concurrent Start) (G1 Humongous Allocation) 42M->28M(128M) 1.743ms
[2026-03-19T14:52:36.223+0800][114.350s][info][gc,cpu      ] GC(357) User=0.00s Sys=0.00s Real=0.00s
[2026-03-19T14:52:36.223+0800][114.350s][info][gc          ] GC(358) Concurrent Mark Cycle
[2026-03-19T14:52:36.223+0800][114.350s][info][gc,marking  ] GC(358) Concurrent Clear Claimed Marks
[2026-03-19T14:52:36.223+0800][114.350s][info][gc,marking  ] GC(358) Concurrent Clear Claimed Marks 0.027ms
[2026-03-19T14:52:36.223+0800][114.350s][info][gc,marking  ] GC(358) Concurrent Scan Root Regions
[2026-03-19T14:52:36.223+0800][114.350s][info][gc,marking  ] GC(358) Concurrent Scan Root Regions 0.199ms
[2026-03-19T14:52:36.223+0800][114.350s][info][gc,marking  ] GC(358) Concurrent Mark
[2026-03-19T14:52:36.223+0800][114.350s][info][gc,marking  ] GC(358) Concurrent Mark From Roots
[2026-03-19T14:52:36.223+0800][114.350s][info][gc,task     ] GC(358) Using 3 workers of 3 for marking
[2026-03-19T14:52:36.228+0800][114.354s][info][gc,marking  ] GC(358) Concurrent Mark From Roots 4.277ms
[2026-03-19T14:52:36.228+0800][114.355s][info][gc,marking  ] GC(358) Concurrent Preclean
[2026-03-19T14:52:36.228+0800][114.355s][info][gc,marking  ] GC(358) Concurrent Preclean 0.153ms
[2026-03-19T14:52:36.229+0800][114.355s][info][gc,start    ] GC(358) Pause Remark
[2026-03-19T14:52:36.231+0800][114.358s][info][gc          ] GC(358) Pause Remark 39M->39M(128M) 2.726ms
[2026-03-19T14:52:36.232+0800][114.358s][info][gc,cpu      ] GC(358) User=0.00s Sys=0.00s Real=0.00s
[2026-03-19T14:52:36.232+0800][114.358s][info][gc,marking  ] GC(358) Concurrent Mark 7.643ms
[2026-03-19T14:52:36.232+0800][114.358s][info][gc,marking  ] GC(358) Concurrent Rebuild Remembered Sets
[2026-03-19T14:52:36.234+0800][114.360s][info][gc,marking  ] GC(358) Concurrent Rebuild Remembered Sets 2.038ms
[2026-03-19T14:52:36.234+0800][114.360s][info][gc,start    ] GC(358) Pause Cleanup
[2026-03-19T14:52:36.234+0800][114.360s][info][gc          ] GC(358) Pause Cleanup 39M->39M(128M) 0.079ms
[2026-03-19T14:52:36.234+0800][114.360s][info][gc,cpu      ] GC(358) User=0.00s Sys=0.00s Real=0.00s
[2026-03-19T14:52:36.234+0800][114.360s][info][gc,marking  ] GC(358) Concurrent Cleanup for Next Mark
[2026-03-19T14:52:36.234+0800][114.360s][info][gc,marking  ] GC(358) Concurrent Cleanup for Next Mark 0.187ms
[2026-03-19T14:52:36.234+0800][114.360s][info][gc          ] GC(358) Concurrent Mark Cycle 10.593ms
[2026-03-19T14:52:36.532+0800][114.658s][info][gc,start    ] GC(359) Pause Young (Concurrent Start) (G1 Humongous Allocation)
[2026-03-19T14:52:36.532+0800][114.658s][info][gc,task     ] GC(359) Using 3 workers of 13 for evacuation
[2026-03-19T14:52:36.533+0800][114.660s][info][gc,phases   ] GC(359)   Pre Evacuate Collection Set: 0.1ms
[2026-03-19T14:52:36.533+0800][114.660s][info][gc,phases   ] GC(359)   Merge Heap Roots: 0.1ms
[2026-03-19T14:52:36.533+0800][114.660s][info][gc,phases   ] GC(359)   Evacuate Collection Set: 0.8ms
[2026-03-19T14:52:36.533+0800][114.660s][info][gc,phases   ] GC(359)   Post Evacuate Collection Set: 0.3ms
[2026-03-19T14:52:36.533+0800][114.660s][info][gc,phases   ] GC(359)   Other: 0.3ms
[2026-03-19T14:52:36.533+0800][114.660s][info][gc,heap     ] GC(359) Eden regions: 5->0(56)
[2026-03-19T14:52:36.533+0800][114.660s][info][gc,heap     ] GC(359) Survivor regions: 2->2(8)
[2026-03-19T14:52:36.533+0800][114.660s][info][gc,heap     ] GC(359) Old regions: 19->19
[2026-03-19T14:52:36.533+0800][114.660s][info][gc,heap     ] GC(359) Archive regions: 0->0
[2026-03-19T14:52:36.534+0800][114.660s][info][gc,heap     ] GC(359) Humongous regions: 19->9
[2026-03-19T14:52:36.534+0800][114.660s][info][gc,metaspace] GC(359) Metaspace: 24440K(24704K)->24440K(24704K) NonClass: 21666K(21760K)->21666K(21760K) Class: 2773K(2944K)->2773K(2944K)
[2026-03-19T14:52:36.534+0800][114.660s][info][gc          ] GC(359) Pause Young (Concurrent Start) (G1 Humongous Allocation) 42M->28M(128M) 2.277ms
[2026-03-19T14:52:36.534+0800][114.661s][info][gc,cpu      ] GC(359) User=0.00s Sys=0.00s Real=0.00s
[2026-03-19T14:52:36.534+0800][114.661s][info][gc          ] GC(360) Concurrent Mark Cycle
[2026-03-19T14:52:36.534+0800][114.661s][info][gc,marking  ] GC(360) Concurrent Clear Claimed Marks
[2026-03-19T14:52:36.534+0800][114.661s][info][gc,marking  ] GC(360) Concurrent Clear Claimed Marks 0.072ms
[2026-03-19T14:52:36.534+0800][114.661s][info][gc,marking  ] GC(360) Concurrent Scan Root Regions
[2026-03-19T14:52:36.534+0800][114.661s][info][gc,marking  ] GC(360) Concurrent Scan Root Regions 0.233ms
[2026-03-19T14:52:36.534+0800][114.661s][info][gc,marking  ] GC(360) Concurrent Mark
[2026-03-19T14:52:36.534+0800][114.661s][info][gc,marking  ] GC(360) Concurrent Mark From Roots
[2026-03-19T14:52:36.534+0800][114.661s][info][gc,task     ] GC(360) Using 3 workers of 3 for marking
[2026-03-19T14:52:36.542+0800][114.668s][info][gc,marking  ] GC(360) Concurrent Mark From Roots 6.707ms
[2026-03-19T14:52:36.542+0800][114.668s][info][gc,marking  ] GC(360) Concurrent Preclean
[2026-03-19T14:52:36.542+0800][114.668s][info][gc,marking  ] GC(360) Concurrent Preclean 0.343ms
[2026-03-19T14:52:36.542+0800][114.669s][info][gc,start    ] GC(360) Pause Remark
[2026-03-19T14:52:36.547+0800][114.673s][info][gc          ] GC(360) Pause Remark 39M->39M(128M) 4.288ms
[2026-03-19T14:52:36.547+0800][114.673s][info][gc,cpu      ] GC(360) User=0.03s Sys=0.02s Real=0.00s
[2026-03-19T14:52:36.547+0800][114.673s][info][gc,marking  ] GC(360) Concurrent Mark 12.218ms
[2026-03-19T14:52:36.547+0800][114.674s][info][gc,marking  ] GC(360) Concurrent Rebuild Remembered Sets
[2026-03-19T14:52:36.550+0800][114.677s][info][gc,marking  ] GC(360) Concurrent Rebuild Remembered Sets 3.419ms
[2026-03-19T14:52:36.550+0800][114.677s][info][gc,start    ] GC(360) Pause Cleanup
[2026-03-19T14:52:36.551+0800][114.677s][info][gc          ] GC(360) Pause Cleanup 39M->39M(128M) 0.213ms
[2026-03-19T14:52:36.551+0800][114.678s][info][gc,cpu      ] GC(360) User=0.00s Sys=0.00s Real=0.00s
[2026-03-19T14:52:36.551+0800][114.678s][info][gc,marking  ] GC(360) Concurrent Cleanup for Next Mark
[2026-03-19T14:52:36.551+0800][114.678s][info][gc,marking  ] GC(360) Concurrent Cleanup for Next Mark 0.283ms
[2026-03-19T14:52:36.551+0800][114.678s][info][gc          ] GC(360) Concurrent Mark Cycle 17.416ms
[2026-03-19T14:52:36.843+0800][114.970s][info][gc,start    ] GC(361) Pause Young (Concurrent Start) (G1 Humongous Allocation)
[2026-03-19T14:52:36.843+0800][114.970s][info][gc,task     ] GC(361) Using 3 workers of 13 for evacuation
[2026-03-19T14:52:36.845+0800][114.971s][info][gc,phases   ] GC(361)   Pre Evacuate Collection Set: 0.2ms
[2026-03-19T14:52:36.845+0800][114.971s][info][gc,phases   ] GC(361)   Merge Heap Roots: 0.1ms
[2026-03-19T14:52:36.845+0800][114.971s][info][gc,phases   ] GC(361)   Evacuate Collection Set: 0.7ms
[2026-03-19T14:52:36.845+0800][114.971s][info][gc,phases   ] GC(361)   Post Evacuate Collection Set: 0.3ms
[2026-03-19T14:52:36.845+0800][114.972s][info][gc,phases   ] GC(361)   Other: 0.4ms
[2026-03-19T14:52:36.845+0800][114.972s][info][gc,heap     ] GC(361) Eden regions: 5->0(56)
[2026-03-19T14:52:36.845+0800][114.972s][info][gc,heap     ] GC(361) Survivor regions: 2->2(8)
[2026-03-19T14:52:36.845+0800][114.972s][info][gc,heap     ] GC(361) Old regions: 19->19
[2026-03-19T14:52:36.845+0800][114.972s][info][gc,heap     ] GC(361) Archive regions: 0->0
[2026-03-19T14:52:36.846+0800][114.972s][info][gc,heap     ] GC(361) Humongous regions: 19->9
[2026-03-19T14:52:36.846+0800][114.972s][info][gc,metaspace] GC(361) Metaspace: 24440K(24704K)->24440K(24704K) NonClass: 21666K(21760K)->21666K(21760K) Class: 2773K(2944K)->2773K(2944K)
[2026-03-19T14:52:36.846+0800][114.972s][info][gc          ] GC(361) Pause Young (Concurrent Start) (G1 Humongous Allocation) 42M->28M(128M) 2.069ms
[2026-03-19T14:52:36.846+0800][114.972s][info][gc,cpu      ] GC(361) User=0.00s Sys=0.00s Real=0.00s
[2026-03-19T14:52:36.846+0800][114.972s][info][gc          ] GC(362) Concurrent Mark Cycle
[2026-03-19T14:52:36.846+0800][114.972s][info][gc,marking  ] GC(362) Concurrent Clear Claimed Marks
[2026-03-19T14:52:36.846+0800][114.972s][info][gc,marking  ] GC(362) Concurrent Clear Claimed Marks 0.051ms
[2026-03-19T14:52:36.846+0800][114.972s][info][gc,marking  ] GC(362) Concurrent Scan Root Regions
[2026-03-19T14:52:36.846+0800][114.972s][info][gc,marking  ] GC(362) Concurrent Scan Root Regions 0.211ms
[2026-03-19T14:52:36.846+0800][114.972s][info][gc,marking  ] GC(362) Concurrent Mark
[2026-03-19T14:52:36.846+0800][114.973s][info][gc,marking  ] GC(362) Concurrent Mark From Roots
[2026-03-19T14:52:36.846+0800][114.973s][info][gc,task     ] GC(362) Using 3 workers of 3 for marking
[2026-03-19T14:52:36.854+0800][114.981s][info][gc,marking  ] GC(362) Concurrent Mark From Roots 8.427ms
[2026-03-19T14:52:36.855+0800][114.981s][info][gc,marking  ] GC(362) Concurrent Preclean
[2026-03-19T14:52:36.855+0800][114.982s][info][gc,marking  ] GC(362) Concurrent Preclean 0.419ms
[2026-03-19T14:52:36.855+0800][114.982s][info][gc,start    ] GC(362) Pause Remark
[2026-03-19T14:52:36.860+0800][114.986s][info][gc          ] GC(362) Pause Remark 39M->39M(128M) 4.506ms
[2026-03-19T14:52:36.860+0800][114.987s][info][gc,cpu      ] GC(362) User=0.05s Sys=0.00s Real=0.00s
[2026-03-19T14:52:36.861+0800][114.987s][info][gc,marking  ] GC(362) Concurrent Mark 14.360ms
[2026-03-19T14:52:36.861+0800][114.987s][info][gc,marking  ] GC(362) Concurrent Rebuild Remembered Sets
[2026-03-19T14:52:36.865+0800][114.991s][info][gc,marking  ] GC(362) Concurrent Rebuild Remembered Sets 3.780ms
[2026-03-19T14:52:36.865+0800][114.991s][info][gc,start    ] GC(362) Pause Cleanup
[2026-03-19T14:52:36.865+0800][114.991s][info][gc          ] GC(362) Pause Cleanup 39M->39M(128M) 0.242ms
[2026-03-19T14:52:36.865+0800][114.991s][info][gc,cpu      ] GC(362) User=0.00s Sys=0.00s Real=0.00s
[2026-03-19T14:52:36.865+0800][114.992s][info][gc,marking  ] GC(362) Concurrent Cleanup for Next Mark
[2026-03-19T14:52:36.866+0800][114.992s][info][gc,marking  ] GC(362) Concurrent Cleanup for Next Mark 0.346ms
[2026-03-19T14:52:36.866+0800][114.992s][info][gc          ] GC(362) Concurrent Mark Cycle 20.133ms
[2026-03-19T14:52:37.158+0800][115.285s][info][gc,start    ] GC(363) Pause Young (Concurrent Start) (G1 Humongous Allocation)
[2026-03-19T14:52:37.158+0800][115.285s][info][gc,task     ] GC(363) Using 3 workers of 13 for evacuation
[2026-03-19T14:52:37.160+0800][115.286s][info][gc,phases   ] GC(363)   Pre Evacuate Collection Set: 0.1ms
[2026-03-19T14:52:37.160+0800][115.287s][info][gc,phases   ] GC(363)   Merge Heap Roots: 0.1ms
[2026-03-19T14:52:37.160+0800][115.287s][info][gc,phases   ] GC(363)   Evacuate Collection Set: 0.7ms
[2026-03-19T14:52:37.160+0800][115.287s][info][gc,phases   ] GC(363)   Post Evacuate Collection Set: 0.3ms
[2026-03-19T14:52:37.160+0800][115.287s][info][gc,phases   ] GC(363)   Other: 0.4ms
[2026-03-19T14:52:37.160+0800][115.287s][info][gc,heap     ] GC(363) Eden regions: 5->0(56)
[2026-03-19T14:52:37.160+0800][115.287s][info][gc,heap     ] GC(363) Survivor regions: 2->2(8)
[2026-03-19T14:52:37.160+0800][115.287s][info][gc,heap     ] GC(363) Old regions: 19->19
[2026-03-19T14:52:37.160+0800][115.287s][info][gc,heap     ] GC(363) Archive regions: 0->0
[2026-03-19T14:52:37.160+0800][115.287s][info][gc,heap     ] GC(363) Humongous regions: 19->9
[2026-03-19T14:52:37.160+0800][115.287s][info][gc,metaspace] GC(363) Metaspace: 24440K(24704K)->24440K(24704K) NonClass: 21666K(21760K)->21666K(21760K) Class: 2773K(2944K)->2773K(2944K)
[2026-03-19T14:52:37.160+0800][115.287s][info][gc          ] GC(363) Pause Young (Concurrent Start) (G1 Humongous Allocation) 42M->28M(128M) 2.216ms
[2026-03-19T14:52:37.161+0800][115.287s][info][gc,cpu      ] GC(363) User=0.00s Sys=0.00s Real=0.00s
[2026-03-19T14:52:37.161+0800][115.287s][info][gc          ] GC(364) Concurrent Mark Cycle
[2026-03-19T14:52:37.161+0800][115.287s][info][gc,marking  ] GC(364) Concurrent Clear Claimed Marks
[2026-03-19T14:52:37.161+0800][115.287s][info][gc,marking  ] GC(364) Concurrent Clear Claimed Marks 0.084ms
[2026-03-19T14:52:37.161+0800][115.288s][info][gc,marking  ] GC(364) Concurrent Scan Root Regions
[2026-03-19T14:52:37.161+0800][115.288s][info][gc,marking  ] GC(364) Concurrent Scan Root Regions 0.221ms
[2026-03-19T14:52:37.161+0800][115.288s][info][gc,marking  ] GC(364) Concurrent Mark
[2026-03-19T14:52:37.161+0800][115.288s][info][gc,marking  ] GC(364) Concurrent Mark From Roots
[2026-03-19T14:52:37.161+0800][115.288s][info][gc,task     ] GC(364) Using 3 workers of 3 for marking
[2026-03-19T14:52:37.169+0800][115.295s][info][gc,marking  ] GC(364) Concurrent Mark From Roots 7.146ms
[2026-03-19T14:52:37.169+0800][115.295s][info][gc,marking  ] GC(364) Concurrent Preclean
[2026-03-19T14:52:37.169+0800][115.295s][info][gc,marking  ] GC(364) Concurrent Preclean 0.219ms
[2026-03-19T14:52:37.169+0800][115.296s][info][gc,start    ] GC(364) Pause Remark
[2026-03-19T14:52:37.174+0800][115.300s][info][gc          ] GC(364) Pause Remark 39M->39M(128M) 4.566ms
[2026-03-19T14:52:37.174+0800][115.300s][info][gc,cpu      ] GC(364) User=0.05s Sys=0.00s Real=0.01s
[2026-03-19T14:52:37.174+0800][115.300s][info][gc,marking  ] GC(364) Concurrent Mark 12.537ms
[2026-03-19T14:52:37.174+0800][115.301s][info][gc,marking  ] GC(364) Concurrent Rebuild Remembered Sets
[2026-03-19T14:52:37.178+0800][115.305s][info][gc,marking  ] GC(364) Concurrent Rebuild Remembered Sets 3.925ms
[2026-03-19T14:52:37.178+0800][115.305s][info][gc,start    ] GC(364) Pause Cleanup
[2026-03-19T14:52:37.178+0800][115.305s][info][gc          ] GC(364) Pause Cleanup 39M->39M(128M) 0.217ms
[2026-03-19T14:52:37.179+0800][115.305s][info][gc,cpu      ] GC(364) User=0.00s Sys=0.00s Real=0.00s
[2026-03-19T14:52:37.179+0800][115.305s][info][gc,marking  ] GC(364) Concurrent Cleanup for Next Mark
[2026-03-19T14:52:37.179+0800][115.305s][info][gc,marking  ] GC(364) Concurrent Cleanup for Next Mark 0.297ms
[2026-03-19T14:52:37.179+0800][115.306s][info][gc          ] GC(364) Concurrent Mark Cycle 18.299ms
[2026-03-19T14:52:37.469+0800][115.596s][info][gc,start    ] GC(365) Pause Young (Concurrent Start) (G1 Humongous Allocation)
[2026-03-19T14:52:37.469+0800][115.596s][info][gc,task     ] GC(365) Using 3 workers of 13 for evacuation
[2026-03-19T14:52:37.471+0800][115.598s][info][gc,phases   ] GC(365)   Pre Evacuate Collection Set: 0.1ms
[2026-03-19T14:52:37.471+0800][115.598s][info][gc,phases   ] GC(365)   Merge Heap Roots: 0.1ms
[2026-03-19T14:52:37.471+0800][115.598s][info][gc,phases   ] GC(365)   Evacuate Collection Set: 0.9ms
[2026-03-19T14:52:37.471+0800][115.598s][info][gc,phases   ] GC(365)   Post Evacuate Collection Set: 0.4ms
[2026-03-19T14:52:37.471+0800][115.598s][info][gc,phases   ] GC(365)   Other: 0.3ms
[2026-03-19T14:52:37.471+0800][115.598s][info][gc,heap     ] GC(365) Eden regions: 5->0(56)
[2026-03-19T14:52:37.471+0800][115.598s][info][gc,heap     ] GC(365) Survivor regions: 2->2(8)
[2026-03-19T14:52:37.471+0800][115.598s][info][gc,heap     ] GC(365) Old regions: 19->19
[2026-03-19T14:52:37.472+0800][115.598s][info][gc,heap     ] GC(365) Archive regions: 0->0
[2026-03-19T14:52:37.472+0800][115.598s][info][gc,heap     ] GC(365) Humongous regions: 19->9
[2026-03-19T14:52:37.472+0800][115.599s][info][gc,metaspace] GC(365) Metaspace: 24440K(24704K)->24440K(24704K) NonClass: 21666K(21760K)->21666K(21760K) Class: 2773K(2944K)->2773K(2944K)
[2026-03-19T14:52:37.472+0800][115.599s][info][gc          ] GC(365) Pause Young (Concurrent Start) (G1 Humongous Allocation) 42M->28M(128M) 2.684ms
[2026-03-19T14:52:37.472+0800][115.599s][info][gc,cpu      ] GC(365) User=0.00s Sys=0.00s Real=0.00s
[2026-03-19T14:52:37.472+0800][115.599s][info][gc          ] GC(366) Concurrent Mark Cycle
[2026-03-19T14:52:37.472+0800][115.599s][info][gc,marking  ] GC(366) Concurrent Clear Claimed Marks
[2026-03-19T14:52:37.472+0800][115.599s][info][gc,marking  ] GC(366) Concurrent Clear Claimed Marks 0.105ms
[2026-03-19T14:52:37.472+0800][115.599s][info][gc,marking  ] GC(366) Concurrent Scan Root Regions
[2026-03-19T14:52:37.472+0800][115.599s][info][gc,marking  ] GC(366) Concurrent Scan Root Regions 0.231ms
[2026-03-19T14:52:37.473+0800][115.599s][info][gc,marking  ] GC(366) Concurrent Mark
[2026-03-19T14:52:37.473+0800][115.600s][info][gc,marking  ] GC(366) Concurrent Mark From Roots
[2026-03-19T14:52:37.473+0800][115.600s][info][gc,task     ] GC(366) Using 3 workers of 3 for marking
[2026-03-19T14:52:37.481+0800][115.608s][info][gc,marking  ] GC(366) Concurrent Mark From Roots 7.980ms
[2026-03-19T14:52:37.481+0800][115.608s][info][gc,marking  ] GC(366) Concurrent Preclean
[2026-03-19T14:52:37.482+0800][115.608s][info][gc,marking  ] GC(366) Concurrent Preclean 0.333ms
[2026-03-19T14:52:37.482+0800][115.608s][info][gc,start    ] GC(366) Pause Remark
[2026-03-19T14:52:37.486+0800][115.613s][info][gc          ] GC(366) Pause Remark 39M->39M(128M) 4.369ms
[2026-03-19T14:52:37.486+0800][115.613s][info][gc,cpu      ] GC(366) User=0.05s Sys=0.00s Real=0.00s
[2026-03-19T14:52:37.486+0800][115.613s][info][gc,marking  ] GC(366) Concurrent Mark 13.490ms
[2026-03-19T14:52:37.487+0800][115.613s][info][gc,marking  ] GC(366) Concurrent Rebuild Remembered Sets
[2026-03-19T14:52:37.491+0800][115.618s][info][gc,marking  ] GC(366) Concurrent Rebuild Remembered Sets 4.539ms
[2026-03-19T14:52:37.491+0800][115.618s][info][gc,start    ] GC(366) Pause Cleanup
[2026-03-19T14:52:37.492+0800][115.618s][info][gc          ] GC(366) Pause Cleanup 39M->39M(128M) 0.264ms
[2026-03-19T14:52:37.492+0800][115.618s][info][gc,cpu      ] GC(366) User=0.00s Sys=0.00s Real=0.00s
[2026-03-19T14:52:37.492+0800][115.618s][info][gc,marking  ] GC(366) Concurrent Cleanup for Next Mark
[2026-03-19T14:52:37.492+0800][115.619s][info][gc,marking  ] GC(366) Concurrent Cleanup for Next Mark 0.377ms
[2026-03-19T14:52:37.492+0800][115.619s][info][gc          ] GC(366) Concurrent Mark Cycle 20.130ms
[2026-03-19T14:52:37.660+0800][115.787s][info][gc,heap,exit] Heap
[2026-03-19T14:52:37.661+0800][115.787s][info][gc,heap,exit]  garbage-first heap   total 131072K, used 66726K [0x00000000f8000000, 0x0000000100000000)
[2026-03-19T14:52:37.661+0800][115.787s][info][gc,heap,exit]   region size 1024K, 29 young (29696K), 2 survivors (2048K)
[2026-03-19T14:52:37.661+0800][115.787s][info][gc,heap,exit]  Metaspace       used 24565K, committed 24832K, reserved 1114112K
[2026-03-19T14:52:37.661+0800][115.787s][info][gc,heap,exit]   class space    used 2791K, committed 2944K, reserved 1048576K
