[2026-06-16T13:07:28.213+0800][0.011s][info][gc] Using G1
[2026-06-16T13:07:28.215+0800][0.012s][info][gc,init] Version: 17.0.11+7-LTS-207 (release)
[2026-06-16T13:07:28.215+0800][0.012s][info][gc,init] CPUs: 16 total, 16 available
[2026-06-16T13:07:28.215+0800][0.012s][info][gc,init] Memory: 32451M
[2026-06-16T13:07:28.215+0800][0.012s][info][gc,init] Large Page Support: Disabled
[2026-06-16T13:07:28.215+0800][0.012s][info][gc,init] NUMA Support: Disabled
[2026-06-16T13:07:28.215+0800][0.012s][info][gc,init] Compressed Oops: Enabled (32-bit)
[2026-06-16T13:07:28.215+0800][0.012s][info][gc,init] Heap Region Size: 1M
[2026-06-16T13:07:28.215+0800][0.012s][info][gc,init] Heap Min Capacity: 128M
[2026-06-16T13:07:28.215+0800][0.012s][info][gc,init] Heap Initial Capacity: 128M
[2026-06-16T13:07:28.217+0800][0.015s][info][gc,init] Heap Max Capacity: 128M
[2026-06-16T13:07:28.217+0800][0.015s][info][gc,init] Pre-touch: Disabled
[2026-06-16T13:07:28.217+0800][0.015s][info][gc,init] Parallel Workers: 13
[2026-06-16T13:07:28.217+0800][0.015s][info][gc,init] Concurrent Workers: 3
[2026-06-16T13:07:28.217+0800][0.015s][info][gc,init] Concurrent Refinement Workers: 13
[2026-06-16T13:07:28.217+0800][0.015s][info][gc,init] Periodic GC: Disabled
[2026-06-16T13:07:28.224+0800][0.022s][info][gc,metaspace] CDS archive(s) mapped at: [0x000002220f000000-0x000002220fbd0000-0x000002220fbd0000), size 12386304, SharedBaseAddress: 0x000002220f000000, ArchiveRelocationMode: 1.
[2026-06-16T13:07:28.224+0800][0.022s][info][gc,metaspace] Compressed class space mapped at: 0x0000022210000000-0x0000022250000000, reserved size: 1073741824
[2026-06-16T13:07:28.224+0800][0.022s][info][gc,metaspace] Narrow klass base: 0x000002220f000000, Narrow klass shift: 0, Narrow klass range: 0x100000000
[2026-06-16T13:07:29.043+0800][0.841s][info][gc,start    ] GC(0) Pause Young (Normal) (G1 Evacuation Pause)
[2026-06-16T13:07:29.044+0800][0.841s][info][gc,task     ] GC(0) Using 3 workers of 13 for evacuation
[2026-06-16T13:07:29.049+0800][0.846s][info][gc,phases   ] GC(0)   Pre Evacuate Collection Set: 0.1ms
[2026-06-16T13:07:29.049+0800][0.846s][info][gc,phases   ] GC(0)   Merge Heap Roots: 0.1ms
[2026-06-16T13:07:29.049+0800][0.846s][info][gc,phases   ] GC(0)   Evacuate Collection Set: 3.7ms
[2026-06-16T13:07:29.049+0800][0.846s][info][gc,phases   ] GC(0)   Post Evacuate Collection Set: 1.2ms
[2026-06-16T13:07:29.049+0800][0.846s][info][gc,phases   ] GC(0)   Other: 0.5ms
[2026-06-16T13:07:29.049+0800][0.846s][info][gc,heap     ] GC(0) Eden regions: 23->0(27)
[2026-06-16T13:07:29.049+0800][0.846s][info][gc,heap     ] GC(0) Survivor regions: 0->3(3)
[2026-06-16T13:07:29.049+0800][0.847s][info][gc,heap     ] GC(0) Old regions: 0->3
[2026-06-16T13:07:29.049+0800][0.847s][info][gc,heap     ] GC(0) Archive regions: 0->0
[2026-06-16T13:07:29.049+0800][0.847s][info][gc,heap     ] GC(0) Humongous regions: 20->0
[2026-06-16T13:07:29.049+0800][0.847s][info][gc,metaspace] GC(0) Metaspace: 5890K(6144K)->5890K(6144K) NonClass: 5234K(5376K)->5234K(5376K) Class: 655K(768K)->655K(768K)
[2026-06-16T13:07:29.049+0800][0.847s][info][gc          ] GC(0) Pause Young (Normal) (G1 Evacuation Pause) 43M->5M(128M) 5.805ms
[2026-06-16T13:07:29.049+0800][0.847s][info][gc,cpu      ] GC(0) User=0.02s Sys=0.05s Real=0.01s
[2026-06-16T13:07:30.606+0800][2.404s][info][gc,start    ] GC(1) Pause Young (Concurrent Start) (G1 Humongous Allocation)
[2026-06-16T13:07:30.606+0800][2.404s][info][gc,task     ] GC(1) Using 3 workers of 13 for evacuation
[2026-06-16T13:07:30.609+0800][2.407s][info][gc,phases   ] GC(1)   Pre Evacuate Collection Set: 0.2ms
[2026-06-16T13:07:30.609+0800][2.407s][info][gc,phases   ] GC(1)   Merge Heap Roots: 0.1ms
[2026-06-16T13:07:30.609+0800][2.407s][info][gc,phases   ] GC(1)   Evacuate Collection Set: 2.0ms
[2026-06-16T13:07:30.609+0800][2.407s][info][gc,phases   ] GC(1)   Post Evacuate Collection Set: 0.8ms
[2026-06-16T13:07:30.609+0800][2.407s][info][gc,phases   ] GC(1)   Other: 0.2ms
[2026-06-16T13:07:30.609+0800][2.407s][info][gc,heap     ] GC(1) Eden regions: 23->0(51)
[2026-06-16T13:07:30.609+0800][2.407s][info][gc,heap     ] GC(1) Survivor regions: 3->2(4)
[2026-06-16T13:07:30.609+0800][2.407s][info][gc,heap     ] GC(1) Old regions: 3->6
[2026-06-16T13:07:30.609+0800][2.407s][info][gc,heap     ] GC(1) Archive regions: 0->0
[2026-06-16T13:07:30.609+0800][2.407s][info][gc,heap     ] GC(1) Humongous regions: 54->2
[2026-06-16T13:07:30.609+0800][2.407s][info][gc,metaspace] GC(1) Metaspace: 5967K(6208K)->5967K(6208K) NonClass: 5304K(5440K)->5304K(5440K) Class: 663K(768K)->663K(768K)
[2026-06-16T13:07:30.609+0800][2.407s][info][gc          ] GC(1) Pause Young (Concurrent Start) (G1 Humongous Allocation) 82M->9M(128M) 3.486ms
[2026-06-16T13:07:30.609+0800][2.407s][info][gc,cpu      ] GC(1) User=0.00s Sys=0.00s Real=0.00s
[2026-06-16T13:07:30.610+0800][2.407s][info][gc          ] GC(2) Concurrent Undo Cycle
[2026-06-16T13:07:30.610+0800][2.407s][info][gc,marking  ] GC(2) Concurrent Cleanup for Next Mark
[2026-06-16T13:07:30.610+0800][2.408s][info][gc,marking  ] GC(2) Concurrent Cleanup for Next Mark 0.685ms
[2026-06-16T13:07:30.610+0800][2.408s][info][gc          ] GC(2) Concurrent Undo Cycle 0.767ms
[2026-06-16T13:07:32.167+0800][3.965s][info][gc,start    ] GC(3) Pause Young (Concurrent Start) (G1 Humongous Allocation)
[2026-06-16T13:07:32.167+0800][3.965s][info][gc,task     ] GC(3) Using 3 workers of 13 for evacuation
[2026-06-16T13:07:32.169+0800][3.967s][info][gc,phases   ] GC(3)   Pre Evacuate Collection Set: 0.3ms
[2026-06-16T13:07:32.169+0800][3.967s][info][gc,phases   ] GC(3)   Merge Heap Roots: 0.2ms
[2026-06-16T13:07:32.169+0800][3.967s][info][gc,phases   ] GC(3)   Evacuate Collection Set: 0.6ms
[2026-06-16T13:07:32.169+0800][3.967s][info][gc,phases   ] GC(3)   Post Evacuate Collection Set: 0.7ms
[2026-06-16T13:07:32.169+0800][3.967s][info][gc,phases   ] GC(3)   Other: 0.3ms
[2026-06-16T13:07:32.169+0800][3.967s][info][gc,heap     ] GC(3) Eden regions: 21->0(63)
[2026-06-16T13:07:32.169+0800][3.967s][info][gc,heap     ] GC(3) Survivor regions: 2->2(7)
[2026-06-16T13:07:32.169+0800][3.967s][info][gc,heap     ] GC(3) Old regions: 6->6
[2026-06-16T13:07:32.169+0800][3.967s][info][gc,heap     ] GC(3) Archive regions: 0->0
[2026-06-16T13:07:32.170+0800][3.967s][info][gc,heap     ] GC(3) Humongous regions: 52->2
[2026-06-16T13:07:32.170+0800][3.967s][info][gc,metaspace] GC(3) Metaspace: 5993K(6208K)->5993K(6208K) NonClass: 5329K(5440K)->5329K(5440K) Class: 663K(768K)->663K(768K)
[2026-06-16T13:07:32.170+0800][3.967s][info][gc          ] GC(3) Pause Young (Concurrent Start) (G1 Humongous Allocation) 80M->9M(128M) 2.474ms
[2026-06-16T13:07:32.170+0800][3.967s][info][gc,cpu      ] GC(3) User=0.00s Sys=0.00s Real=0.00s
[2026-06-16T13:07:32.170+0800][3.967s][info][gc          ] GC(4) Concurrent Undo Cycle
[2026-06-16T13:07:32.170+0800][3.967s][info][gc,marking  ] GC(4) Concurrent Cleanup for Next Mark
[2026-06-16T13:07:32.170+0800][3.968s][info][gc,marking  ] GC(4) Concurrent Cleanup for Next Mark 0.483ms
[2026-06-16T13:07:32.170+0800][3.968s][info][gc          ] GC(4) Concurrent Undo Cycle 0.639ms
[2026-06-16T13:07:33.722+0800][5.518s][info][gc,start    ] GC(5) Pause Young (Concurrent Start) (G1 Humongous Allocation)
[2026-06-16T13:07:33.722+0800][5.519s][info][gc,task     ] GC(5) Using 3 workers of 13 for evacuation
[2026-06-16T13:07:33.723+0800][5.520s][info][gc,phases   ] GC(5)   Pre Evacuate Collection Set: 0.2ms
[2026-06-16T13:07:33.724+0800][5.520s][info][gc,phases   ] GC(5)   Merge Heap Roots: 0.2ms
[2026-06-16T13:07:33.724+0800][5.520s][info][gc,phases   ] GC(5)   Evacuate Collection Set: 0.5ms
[2026-06-16T13:07:33.724+0800][5.520s][info][gc,phases   ] GC(5)   Post Evacuate Collection Set: 0.7ms
[2026-06-16T13:07:33.724+0800][5.520s][info][gc,phases   ] GC(5)   Other: 0.2ms
[2026-06-16T13:07:33.724+0800][5.520s][info][gc,heap     ] GC(5) Eden regions: 21->0(68)
[2026-06-16T13:07:33.724+0800][5.520s][info][gc,heap     ] GC(5) Survivor regions: 2->2(9)
[2026-06-16T13:07:33.724+0800][5.520s][info][gc,heap     ] GC(5) Old regions: 6->6
[2026-06-16T13:07:33.724+0800][5.520s][info][gc,heap     ] GC(5) Archive regions: 0->0
[2026-06-16T13:07:33.724+0800][5.520s][info][gc,heap     ] GC(5) Humongous regions: 52->2
[2026-06-16T13:07:33.724+0800][5.520s][info][gc,metaspace] GC(5) Metaspace: 6020K(6208K)->6020K(6208K) NonClass: 5356K(5440K)->5356K(5440K) Class: 664K(768K)->664K(768K)
[2026-06-16T13:07:33.724+0800][5.520s][info][gc          ] GC(5) Pause Young (Concurrent Start) (G1 Humongous Allocation) 80M->9M(128M) 2.023ms
[2026-06-16T13:07:33.724+0800][5.520s][info][gc,cpu      ] GC(5) User=0.00s Sys=0.00s Real=0.00s
[2026-06-16T13:07:33.724+0800][5.521s][info][gc          ] GC(6) Concurrent Undo Cycle
[2026-06-16T13:07:33.724+0800][5.521s][info][gc,marking  ] GC(6) Concurrent Cleanup for Next Mark
[2026-06-16T13:07:33.724+0800][5.521s][info][gc,marking  ] GC(6) Concurrent Cleanup for Next Mark 0.487ms
[2026-06-16T13:07:33.724+0800][5.521s][info][gc          ] GC(6) Concurrent Undo Cycle 0.571ms
[2026-06-16T13:07:35.337+0800][7.134s][info][gc,start    ] GC(7) Pause Young (Concurrent Start) (G1 Humongous Allocation)
[2026-06-16T13:07:35.337+0800][7.134s][info][gc,task     ] GC(7) Using 3 workers of 13 for evacuation
[2026-06-16T13:07:35.340+0800][7.137s][info][gc,phases   ] GC(7)   Pre Evacuate Collection Set: 0.3ms
[2026-06-16T13:07:35.340+0800][7.137s][info][gc,phases   ] GC(7)   Merge Heap Roots: 0.1ms
[2026-06-16T13:07:35.340+0800][7.137s][info][gc,phases   ] GC(7)   Evacuate Collection Set: 1.7ms
[2026-06-16T13:07:35.340+0800][7.137s][info][gc,phases   ] GC(7)   Post Evacuate Collection Set: 0.9ms
[2026-06-16T13:07:35.340+0800][7.137s][info][gc,phases   ] GC(7)   Other: 0.3ms
[2026-06-16T13:07:35.340+0800][7.137s][info][gc,heap     ] GC(7) Eden regions: 39->0(73)
[2026-06-16T13:07:35.340+0800][7.137s][info][gc,heap     ] GC(7) Survivor regions: 2->3(9)
[2026-06-16T13:07:35.340+0800][7.137s][info][gc,heap     ] GC(7) Old regions: 6->6
[2026-06-16T13:07:35.340+0800][7.137s][info][gc,heap     ] GC(7) Archive regions: 0->0
[2026-06-16T13:07:35.340+0800][7.137s][info][gc,heap     ] GC(7) Humongous regions: 52->16
[2026-06-16T13:07:35.340+0800][7.137s][info][gc,metaspace] GC(7) Metaspace: 8487K(8704K)->8487K(8704K) NonClass: 7581K(7680K)->7581K(7680K) Class: 905K(1024K)->905K(1024K)
[2026-06-16T13:07:35.340+0800][7.137s][info][gc          ] GC(7) Pause Young (Concurrent Start) (G1 Humongous Allocation) 97M->24M(128M) 3.275ms
[2026-06-16T13:07:35.340+0800][7.137s][info][gc,cpu      ] GC(7) User=0.00s Sys=0.00s Real=0.00s
[2026-06-16T13:07:35.340+0800][7.137s][info][gc          ] GC(8) Concurrent Undo Cycle
[2026-06-16T13:07:35.340+0800][7.137s][info][gc,marking  ] GC(8) Concurrent Cleanup for Next Mark
[2026-06-16T13:07:35.341+0800][7.138s][info][gc,marking  ] GC(8) Concurrent Cleanup for Next Mark 0.533ms
[2026-06-16T13:07:35.341+0800][7.138s][info][gc          ] GC(8) Concurrent Undo Cycle 0.626ms
[2026-06-16T13:07:36.566+0800][8.363s][info][gc,start    ] GC(9) Pause Young (Concurrent Start) (G1 Humongous Allocation)
[2026-06-16T13:07:36.566+0800][8.363s][info][gc,task     ] GC(9) Using 3 workers of 13 for evacuation
[2026-06-16T13:07:36.569+0800][8.366s][info][gc,phases   ] GC(9)   Pre Evacuate Collection Set: 0.2ms
[2026-06-16T13:07:36.569+0800][8.366s][info][gc,phases   ] GC(9)   Merge Heap Roots: 0.2ms
[2026-06-16T13:07:36.569+0800][8.366s][info][gc,phases   ] GC(9)   Evacuate Collection Set: 1.6ms
[2026-06-16T13:07:36.569+0800][8.366s][info][gc,phases   ] GC(9)   Post Evacuate Collection Set: 0.9ms
[2026-06-16T13:07:36.569+0800][8.366s][info][gc,phases   ] GC(9)   Other: 0.3ms
[2026-06-16T13:07:36.569+0800][8.366s][info][gc,heap     ] GC(9) Eden regions: 17->0(43)
[2026-06-16T13:07:36.569+0800][8.366s][info][gc,heap     ] GC(9) Survivor regions: 3->4(10)
[2026-06-16T13:07:36.569+0800][8.366s][info][gc,heap     ] GC(9) Old regions: 6->6
[2026-06-16T13:07:36.569+0800][8.366s][info][gc,heap     ] GC(9) Archive regions: 0->0
[2026-06-16T13:07:36.569+0800][8.366s][info][gc,heap     ] GC(9) Humongous regions: 52->52
[2026-06-16T13:07:36.569+0800][8.366s][info][gc,metaspace] GC(9) Metaspace: 8489K(8704K)->8489K(8704K) NonClass: 7584K(7680K)->7584K(7680K) Class: 905K(1024K)->905K(1024K)
[2026-06-16T13:07:36.569+0800][8.366s][info][gc          ] GC(9) Pause Young (Concurrent Start) (G1 Humongous Allocation) 77M->61M(128M) 3.565ms
[2026-06-16T13:07:36.569+0800][8.366s][info][gc,cpu      ] GC(9) User=0.00s Sys=0.00s Real=0.00s
[2026-06-16T13:07:36.569+0800][8.366s][info][gc          ] GC(10) Concurrent Mark Cycle
[2026-06-16T13:07:36.569+0800][8.366s][info][gc,marking  ] GC(10) Concurrent Clear Claimed Marks
[2026-06-16T13:07:36.569+0800][8.366s][info][gc,marking  ] GC(10) Concurrent Clear Claimed Marks 0.032ms
[2026-06-16T13:07:36.569+0800][8.366s][info][gc,marking  ] GC(10) Concurrent Scan Root Regions
[2026-06-16T13:07:36.571+0800][8.368s][info][gc,marking  ] GC(10) Concurrent Scan Root Regions 1.427ms
[2026-06-16T13:07:36.571+0800][8.368s][info][gc,marking  ] GC(10) Concurrent Mark
[2026-06-16T13:07:36.571+0800][8.368s][info][gc,marking  ] GC(10) Concurrent Mark From Roots
[2026-06-16T13:07:36.571+0800][8.368s][info][gc,task     ] GC(10) Using 3 workers of 3 for marking
[2026-06-16T13:07:36.573+0800][8.370s][info][gc,marking  ] GC(10) Concurrent Mark From Roots 1.881ms
[2026-06-16T13:07:36.573+0800][8.370s][info][gc,marking  ] GC(10) Concurrent Preclean
[2026-06-16T13:07:36.573+0800][8.370s][info][gc,marking  ] GC(10) Concurrent Preclean 0.092ms
[2026-06-16T13:07:36.573+0800][8.370s][info][gc,start    ] GC(10) Pause Remark
[2026-06-16T13:07:36.576+0800][8.373s][info][gc          ] GC(10) Pause Remark 72M->20M(128M) 2.613ms
[2026-06-16T13:07:36.576+0800][8.373s][info][gc,cpu      ] GC(10) User=0.00s Sys=0.00s Real=0.00s
[2026-06-16T13:07:36.576+0800][8.373s][info][gc,marking  ] GC(10) Concurrent Mark 5.032ms
[2026-06-16T13:07:36.576+0800][8.373s][info][gc,marking  ] GC(10) Concurrent Rebuild Remembered Sets
[2026-06-16T13:07:36.577+0800][8.374s][info][gc,marking  ] GC(10) Concurrent Rebuild Remembered Sets 0.889ms
[2026-06-16T13:07:36.577+0800][8.374s][info][gc,start    ] GC(10) Pause Cleanup
[2026-06-16T13:07:36.578+0800][8.375s][info][gc          ] GC(10) Pause Cleanup 20M->20M(128M) 0.342ms
[2026-06-16T13:07:36.578+0800][8.375s][info][gc,cpu      ] GC(10) User=0.00s Sys=0.00s Real=0.00s
[2026-06-16T13:07:36.578+0800][8.375s][info][gc,marking  ] GC(10) Concurrent Cleanup for Next Mark
[2026-06-16T13:07:36.578+0800][8.375s][info][gc,marking  ] GC(10) Concurrent Cleanup for Next Mark 0.463ms
[2026-06-16T13:07:36.578+0800][8.375s][info][gc          ] GC(10) Concurrent Mark Cycle 8.901ms
[2026-06-16T13:07:38.104+0800][9.902s][info][gc,start    ] GC(11) Pause Young (Concurrent Start) (G1 Humongous Allocation)
[2026-06-16T13:07:38.104+0800][9.902s][info][gc,task     ] GC(11) Using 3 workers of 13 for evacuation
[2026-06-16T13:07:38.106+0800][9.904s][info][gc,phases   ] GC(11)   Pre Evacuate Collection Set: 0.1ms
[2026-06-16T13:07:38.106+0800][9.904s][info][gc,phases   ] GC(11)   Merge Heap Roots: 0.0ms
[2026-06-16T13:07:38.106+0800][9.904s][info][gc,phases   ] GC(11)   Evacuate Collection Set: 1.1ms
[2026-06-16T13:07:38.106+0800][9.904s][info][gc,phases   ] GC(11)   Post Evacuate Collection Set: 0.6ms
[2026-06-16T13:07:38.106+0800][9.904s][info][gc,phases   ] GC(11)   Other: 0.2ms
[2026-06-16T13:07:38.106+0800][9.904s][info][gc,heap     ] GC(11) Eden regions: 21->0(47)
[2026-06-16T13:07:38.106+0800][9.904s][info][gc,heap     ] GC(11) Survivor regions: 4->3(6)
[2026-06-16T13:07:38.106+0800][9.904s][info][gc,heap     ] GC(11) Old regions: 6->6
[2026-06-16T13:07:38.106+0800][9.904s][info][gc,heap     ] GC(11) Archive regions: 0->0
[2026-06-16T13:07:38.106+0800][9.904s][info][gc,heap     ] GC(11) Humongous regions: 51->51
[2026-06-16T13:07:38.106+0800][9.904s][info][gc,metaspace] GC(11) Metaspace: 8490K(8704K)->8490K(8704K) NonClass: 7584K(7680K)->7584K(7680K) Class: 905K(1024K)->905K(1024K)
[2026-06-16T13:07:38.106+0800][9.904s][info][gc          ] GC(11) Pause Young (Concurrent Start) (G1 Humongous Allocation) 81M->59M(128M) 2.045ms
[2026-06-16T13:07:38.106+0800][9.904s][info][gc,cpu      ] GC(11) User=0.00s Sys=0.00s Real=0.00s
[2026-06-16T13:07:38.106+0800][9.904s][info][gc          ] GC(12) Concurrent Undo Cycle
[2026-06-16T13:07:38.106+0800][9.904s][info][gc,marking  ] GC(12) Concurrent Cleanup for Next Mark
[2026-06-16T13:07:38.107+0800][9.904s][info][gc,marking  ] GC(12) Concurrent Cleanup for Next Mark 0.258ms
[2026-06-16T13:07:38.107+0800][9.904s][info][gc          ] GC(12) Concurrent Undo Cycle 0.451ms
[2026-06-16T13:07:38.108+0800][9.905s][info][gc,start    ] GC(13) Pause Young (Concurrent Start) (G1 Humongous Allocation)
[2026-06-16T13:07:38.108+0800][9.905s][info][gc,task     ] GC(13) Using 3 workers of 13 for evacuation
[2026-06-16T13:07:38.110+0800][9.907s][info][gc,phases   ] GC(13)   Pre Evacuate Collection Set: 0.1ms
[2026-06-16T13:07:38.110+0800][9.907s][info][gc,phases   ] GC(13)   Merge Heap Roots: 0.1ms
[2026-06-16T13:07:38.110+0800][9.907s][info][gc,phases   ] GC(13)   Evacuate Collection Set: 1.4ms
[2026-06-16T13:07:38.110+0800][9.907s][info][gc,phases   ] GC(13)   Post Evacuate Collection Set: 0.5ms
[2026-06-16T13:07:38.110+0800][9.907s][info][gc,phases   ] GC(13)   Other: 0.1ms
[2026-06-16T13:07:38.110+0800][9.907s][info][gc,heap     ] GC(13) Eden regions: 1->0(46)
[2026-06-16T13:07:38.110+0800][9.907s][info][gc,heap     ] GC(13) Survivor regions: 3->3(7)
[2026-06-16T13:07:38.110+0800][9.907s][info][gc,heap     ] GC(13) Old regions: 6->6
[2026-06-16T13:07:38.110+0800][9.907s][info][gc,heap     ] GC(13) Archive regions: 0->0
[2026-06-16T13:07:38.110+0800][9.907s][info][gc,heap     ] GC(13) Humongous regions: 53->53
[2026-06-16T13:07:38.110+0800][9.907s][info][gc,metaspace] GC(13) Metaspace: 8490K(8704K)->8490K(8704K) NonClass: 7584K(7680K)->7584K(7680K) Class: 905K(1024K)->905K(1024K)
[2026-06-16T13:07:38.110+0800][9.908s][info][gc          ] GC(13) Pause Young (Concurrent Start) (G1 Humongous Allocation) 62M->61M(128M) 2.365ms
[2026-06-16T13:07:38.110+0800][9.908s][info][gc,cpu      ] GC(13) User=0.05s Sys=0.00s Real=0.00s
[2026-06-16T13:07:38.110+0800][9.908s][info][gc          ] GC(14) Concurrent Mark Cycle
[2026-06-16T13:07:38.110+0800][9.908s][info][gc,marking  ] GC(14) Concurrent Clear Claimed Marks
[2026-06-16T13:07:38.110+0800][9.908s][info][gc,marking  ] GC(14) Concurrent Clear Claimed Marks 0.017ms
[2026-06-16T13:07:38.110+0800][9.908s][info][gc,marking  ] GC(14) Concurrent Scan Root Regions
[2026-06-16T13:07:38.111+0800][9.908s][info][gc,marking  ] GC(14) Concurrent Scan Root Regions 0.585ms
[2026-06-16T13:07:38.111+0800][9.908s][info][gc,marking  ] GC(14) Concurrent Mark
[2026-06-16T13:07:38.111+0800][9.908s][info][gc,marking  ] GC(14) Concurrent Mark From Roots
[2026-06-16T13:07:38.111+0800][9.908s][info][gc,task     ] GC(14) Using 3 workers of 3 for marking
[2026-06-16T13:07:38.112+0800][9.910s][info][gc,marking  ] GC(14) Concurrent Mark From Roots 1.534ms
[2026-06-16T13:07:38.112+0800][9.910s][info][gc,marking  ] GC(14) Concurrent Preclean
[2026-06-16T13:07:38.112+0800][9.910s][info][gc,marking  ] GC(14) Concurrent Preclean 0.050ms
[2026-06-16T13:07:38.113+0800][9.910s][info][gc,start    ] GC(14) Pause Remark
[2026-06-16T13:07:38.114+0800][9.912s][info][gc          ] GC(14) Pause Remark 69M->18M(128M) 1.591ms
[2026-06-16T13:07:38.114+0800][9.912s][info][gc,cpu      ] GC(14) User=0.00s Sys=0.00s Real=0.00s
[2026-06-16T13:07:38.114+0800][9.912s][info][gc,marking  ] GC(14) Concurrent Mark 3.637ms
[2026-06-16T13:07:38.114+0800][9.912s][info][gc,marking  ] GC(14) Concurrent Rebuild Remembered Sets
[2026-06-16T13:07:38.115+0800][9.913s][info][gc,marking  ] GC(14) Concurrent Rebuild Remembered Sets 0.835ms
[2026-06-16T13:07:38.115+0800][9.913s][info][gc,start    ] GC(14) Pause Cleanup
[2026-06-16T13:07:38.116+0800][9.913s][info][gc          ] GC(14) Pause Cleanup 18M->18M(128M) 0.123ms
[2026-06-16T13:07:38.116+0800][9.913s][info][gc,cpu      ] GC(14) User=0.00s Sys=0.00s Real=0.00s
[2026-06-16T13:07:38.116+0800][9.913s][info][gc,marking  ] GC(14) Concurrent Cleanup for Next Mark
[2026-06-16T13:07:38.116+0800][9.913s][info][gc,marking  ] GC(14) Concurrent Cleanup for Next Mark 0.208ms
[2026-06-16T13:07:38.116+0800][9.913s][info][gc          ] GC(14) Concurrent Mark Cycle 5.815ms
[2026-06-16T13:07:39.636+0800][11.433s][info][gc,start    ] GC(15) Pause Young (Concurrent Start) (G1 Humongous Allocation)
[2026-06-16T13:07:39.636+0800][11.433s][info][gc,task     ] GC(15) Using 3 workers of 13 for evacuation
[2026-06-16T13:07:39.640+0800][11.436s][info][gc,phases   ] GC(15)   Pre Evacuate Collection Set: 0.2ms
[2026-06-16T13:07:39.640+0800][11.436s][info][gc,phases   ] GC(15)   Merge Heap Roots: 0.3ms
[2026-06-16T13:07:39.640+0800][11.437s][info][gc,phases   ] GC(15)   Evacuate Collection Set: 1.8ms
[2026-06-16T13:07:39.640+0800][11.437s][info][gc,phases   ] GC(15)   Post Evacuate Collection Set: 1.0ms
[2026-06-16T13:07:39.640+0800][11.437s][info][gc,phases   ] GC(15)   Other: 0.3ms
[2026-06-16T13:07:39.640+0800][11.437s][info][gc,heap     ] GC(15) Eden regions: 20->0(50)
[2026-06-16T13:07:39.640+0800][11.437s][info][gc,heap     ] GC(15) Survivor regions: 3->3(7)
[2026-06-16T13:07:39.640+0800][11.437s][info][gc,heap     ] GC(15) Old regions: 6->6
[2026-06-16T13:07:39.640+0800][11.437s][info][gc,heap     ] GC(15) Archive regions: 0->0
[2026-06-16T13:07:39.640+0800][11.437s][info][gc,heap     ] GC(15) Humongous regions: 50->50
[2026-06-16T13:07:39.640+0800][11.437s][info][gc,metaspace] GC(15) Metaspace: 8490K(8704K)->8490K(8704K) NonClass: 7584K(7680K)->7584K(7680K) Class: 905K(1024K)->905K(1024K)
[2026-06-16T13:07:39.640+0800][11.437s][info][gc          ] GC(15) Pause Young (Concurrent Start) (G1 Humongous Allocation) 78M->58M(128M) 3.747ms
[2026-06-16T13:07:39.640+0800][11.437s][info][gc,cpu      ] GC(15) User=0.00s Sys=0.00s Real=0.00s
[2026-06-16T13:07:39.640+0800][11.437s][info][gc          ] GC(16) Concurrent Undo Cycle
[2026-06-16T13:07:39.640+0800][11.437s][info][gc,marking  ] GC(16) Concurrent Cleanup for Next Mark
[2026-06-16T13:07:39.640+0800][11.437s][info][gc,marking  ] GC(16) Concurrent Cleanup for Next Mark 0.234ms
[2026-06-16T13:07:39.640+0800][11.437s][info][gc          ] GC(16) Concurrent Undo Cycle 0.358ms
[2026-06-16T13:07:39.641+0800][11.438s][info][gc,start    ] GC(17) Pause Young (Concurrent Start) (G1 Humongous Allocation)
[2026-06-16T13:07:39.641+0800][11.438s][info][gc,task     ] GC(17) Using 3 workers of 13 for evacuation
[2026-06-16T13:07:39.644+0800][11.440s][info][gc,phases   ] GC(17)   Pre Evacuate Collection Set: 0.3ms
[2026-06-16T13:07:39.644+0800][11.440s][info][gc,phases   ] GC(17)   Merge Heap Roots: 0.0ms
[2026-06-16T13:07:39.644+0800][11.440s][info][gc,phases   ] GC(17)   Evacuate Collection Set: 1.1ms
[2026-06-16T13:07:39.644+0800][11.440s][info][gc,phases   ] GC(17)   Post Evacuate Collection Set: 0.9ms
[2026-06-16T13:07:39.644+0800][11.440s][info][gc,phases   ] GC(17)   Other: 0.3ms
[2026-06-16T13:07:39.644+0800][11.440s][info][gc,heap     ] GC(17) Eden regions: 1->0(49)
[2026-06-16T13:07:39.644+0800][11.440s][info][gc,heap     ] GC(17) Survivor regions: 3->3(7)
[2026-06-16T13:07:39.644+0800][11.440s][info][gc,heap     ] GC(17) Old regions: 6->6
[2026-06-16T13:07:39.644+0800][11.440s][info][gc,heap     ] GC(17) Archive regions: 0->0
[2026-06-16T13:07:39.644+0800][11.440s][info][gc,heap     ] GC(17) Humongous regions: 52->52
[2026-06-16T13:07:39.644+0800][11.440s][info][gc,metaspace] GC(17) Metaspace: 8490K(8704K)->8490K(8704K) NonClass: 7584K(7680K)->7584K(7680K) Class: 905K(1024K)->905K(1024K)
[2026-06-16T13:07:39.644+0800][11.440s][info][gc          ] GC(17) Pause Young (Concurrent Start) (G1 Humongous Allocation) 61M->60M(128M) 2.689ms
[2026-06-16T13:07:39.644+0800][11.440s][info][gc,cpu      ] GC(17) User=0.00s Sys=0.00s Real=0.00s
[2026-06-16T13:07:39.644+0800][11.441s][info][gc          ] GC(18) Concurrent Mark Cycle
[2026-06-16T13:07:39.644+0800][11.441s][info][gc,marking  ] GC(18) Concurrent Clear Claimed Marks
[2026-06-16T13:07:39.644+0800][11.441s][info][gc,marking  ] GC(18) Concurrent Clear Claimed Marks 0.012ms
[2026-06-16T13:07:39.644+0800][11.441s][info][gc,marking  ] GC(18) Concurrent Scan Root Regions
[2026-06-16T13:07:39.644+0800][11.441s][info][gc,marking  ] GC(18) Concurrent Scan Root Regions 0.545ms
[2026-06-16T13:07:39.644+0800][11.441s][info][gc,marking  ] GC(18) Concurrent Mark
[2026-06-16T13:07:39.644+0800][11.441s][info][gc,marking  ] GC(18) Concurrent Mark From Roots
[2026-06-16T13:07:39.644+0800][11.441s][info][gc,task     ] GC(18) Using 3 workers of 3 for marking
[2026-06-16T13:07:39.646+0800][11.443s][info][gc,marking  ] GC(18) Concurrent Mark From Roots 1.580ms
[2026-06-16T13:07:39.646+0800][11.443s][info][gc,marking  ] GC(18) Concurrent Preclean
[2026-06-16T13:07:39.646+0800][11.443s][info][gc,marking  ] GC(18) Concurrent Preclean 0.056ms
[2026-06-16T13:07:39.646+0800][11.443s][info][gc,start    ] GC(18) Pause Remark
[2026-06-16T13:07:39.648+0800][11.445s][info][gc          ] GC(18) Pause Remark 68M->18M(128M) 1.898ms
[2026-06-16T13:07:39.648+0800][11.445s][info][gc,cpu      ] GC(18) User=0.00s Sys=0.00s Real=0.00s
[2026-06-16T13:07:39.648+0800][11.445s][info][gc,marking  ] GC(18) Concurrent Mark 4.059ms
[2026-06-16T13:07:39.648+0800][11.445s][info][gc,marking  ] GC(18) Concurrent Rebuild Remembered Sets
[2026-06-16T13:07:39.649+0800][11.446s][info][gc,marking  ] GC(18) Concurrent Rebuild Remembered Sets 0.883ms
[2026-06-16T13:07:39.650+0800][11.446s][info][gc,start    ] GC(18) Pause Cleanup
[2026-06-16T13:07:39.650+0800][11.446s][info][gc          ] GC(18) Pause Cleanup 18M->18M(128M) 0.097ms
[2026-06-16T13:07:39.650+0800][11.447s][info][gc,cpu      ] GC(18) User=0.00s Sys=0.00s Real=0.00s
[2026-06-16T13:07:39.650+0800][11.447s][info][gc,marking  ] GC(18) Concurrent Cleanup for Next Mark
[2026-06-16T13:07:39.650+0800][11.447s][info][gc,marking  ] GC(18) Concurrent Cleanup for Next Mark 0.185ms
[2026-06-16T13:07:39.650+0800][11.447s][info][gc          ] GC(18) Concurrent Mark Cycle 6.245ms
[2026-06-16T13:07:41.166+0800][12.963s][info][gc,start    ] GC(19) Pause Young (Concurrent Start) (G1 Humongous Allocation)
[2026-06-16T13:07:41.166+0800][12.963s][info][gc,task     ] GC(19) Using 3 workers of 13 for evacuation
[2026-06-16T13:07:41.169+0800][12.966s][info][gc,phases   ] GC(19)   Pre Evacuate Collection Set: 0.2ms
[2026-06-16T13:07:41.169+0800][12.966s][info][gc,phases   ] GC(19)   Merge Heap Roots: 0.2ms
[2026-06-16T13:07:41.169+0800][12.966s][info][gc,phases   ] GC(19)   Evacuate Collection Set: 1.4ms
[2026-06-16T13:07:41.169+0800][12.966s][info][gc,phases   ] GC(19)   Post Evacuate Collection Set: 0.9ms
[2026-06-16T13:07:41.169+0800][12.966s][info][gc,phases   ] GC(19)   Other: 0.2ms
[2026-06-16T13:07:41.169+0800][12.966s][info][gc,heap     ] GC(19) Eden regions: 20->0(51)
[2026-06-16T13:07:41.169+0800][12.966s][info][gc,heap     ] GC(19) Survivor regions: 3->3(7)
[2026-06-16T13:07:41.169+0800][12.966s][info][gc,heap     ] GC(19) Old regions: 6->6
[2026-06-16T13:07:41.169+0800][12.966s][info][gc,heap     ] GC(19) Archive regions: 0->0
[2026-06-16T13:07:41.169+0800][12.966s][info][gc,heap     ] GC(19) Humongous regions: 50->50
[2026-06-16T13:07:41.169+0800][12.966s][info][gc,metaspace] GC(19) Metaspace: 8490K(8704K)->8490K(8704K) NonClass: 7585K(7680K)->7585K(7680K) Class: 905K(1024K)->905K(1024K)
[2026-06-16T13:07:41.169+0800][12.966s][info][gc          ] GC(19) Pause Young (Concurrent Start) (G1 Humongous Allocation) 78M->58M(128M) 3.188ms
[2026-06-16T13:07:41.169+0800][12.966s][info][gc,cpu      ] GC(19) User=0.00s Sys=0.00s Real=0.00s
[2026-06-16T13:07:41.169+0800][12.966s][info][gc          ] GC(20) Concurrent Undo Cycle
[2026-06-16T13:07:41.169+0800][12.967s][info][gc,marking  ] GC(20) Concurrent Cleanup for Next Mark
[2026-06-16T13:07:41.169+0800][12.967s][info][gc,marking  ] GC(20) Concurrent Cleanup for Next Mark 0.190ms
[2026-06-16T13:07:41.169+0800][12.967s][info][gc          ] GC(20) Concurrent Undo Cycle 0.274ms
[2026-06-16T13:07:41.170+0800][12.967s][info][gc,start    ] GC(21) Pause Young (Concurrent Start) (G1 Humongous Allocation)
[2026-06-16T13:07:41.170+0800][12.967s][info][gc,task     ] GC(21) Using 3 workers of 13 for evacuation
[2026-06-16T13:07:41.172+0800][12.969s][info][gc,phases   ] GC(21)   Pre Evacuate Collection Set: 0.2ms
[2026-06-16T13:07:41.172+0800][12.969s][info][gc,phases   ] GC(21)   Merge Heap Roots: 0.1ms
[2026-06-16T13:07:41.172+0800][12.969s][info][gc,phases   ] GC(21)   Evacuate Collection Set: 1.0ms
[2026-06-16T13:07:41.172+0800][12.969s][info][gc,phases   ] GC(21)   Post Evacuate Collection Set: 0.6ms
[2026-06-16T13:07:41.172+0800][12.969s][info][gc,phases   ] GC(21)   Other: 0.1ms
[2026-06-16T13:07:41.172+0800][12.969s][info][gc,heap     ] GC(21) Eden regions: 1->0(50)
[2026-06-16T13:07:41.172+0800][12.969s][info][gc,heap     ] GC(21) Survivor regions: 3->3(7)
[2026-06-16T13:07:41.172+0800][12.969s][info][gc,heap     ] GC(21) Old regions: 6->6
[2026-06-16T13:07:41.172+0800][12.969s][info][gc,heap     ] GC(21) Archive regions: 0->0
[2026-06-16T13:07:41.172+0800][12.970s][info][gc,heap     ] GC(21) Humongous regions: 52->52
[2026-06-16T13:07:41.173+0800][12.970s][info][gc,metaspace] GC(21) Metaspace: 8490K(8704K)->8490K(8704K) NonClass: 7585K(7680K)->7585K(7680K) Class: 905K(1024K)->905K(1024K)
[2026-06-16T13:07:41.173+0800][12.970s][info][gc          ] GC(21) Pause Young (Concurrent Start) (G1 Humongous Allocation) 61M->60M(128M) 2.314ms
[2026-06-16T13:07:41.173+0800][12.970s][info][gc,cpu      ] GC(21) User=0.02s Sys=0.00s Real=0.00s
[2026-06-16T13:07:41.173+0800][12.970s][info][gc          ] GC(22) Concurrent Mark Cycle
[2026-06-16T13:07:41.173+0800][12.970s][info][gc,marking  ] GC(22) Concurrent Clear Claimed Marks
[2026-06-16T13:07:41.173+0800][12.970s][info][gc,marking  ] GC(22) Concurrent Clear Claimed Marks 0.014ms
[2026-06-16T13:07:41.173+0800][12.970s][info][gc,marking  ] GC(22) Concurrent Scan Root Regions
[2026-06-16T13:07:41.173+0800][12.970s][info][gc,marking  ] GC(22) Concurrent Scan Root Regions 0.540ms
[2026-06-16T13:07:41.173+0800][12.970s][info][gc,marking  ] GC(22) Concurrent Mark
[2026-06-16T13:07:41.173+0800][12.970s][info][gc,marking  ] GC(22) Concurrent Mark From Roots
[2026-06-16T13:07:41.173+0800][12.970s][info][gc,task     ] GC(22) Using 3 workers of 3 for marking
[2026-06-16T13:07:41.175+0800][12.972s][info][gc,marking  ] GC(22) Concurrent Mark From Roots 1.405ms
[2026-06-16T13:07:41.175+0800][12.972s][info][gc,marking  ] GC(22) Concurrent Preclean
[2026-06-16T13:07:41.175+0800][12.972s][info][gc,marking  ] GC(22) Concurrent Preclean 0.051ms
[2026-06-16T13:07:41.175+0800][12.972s][info][gc,start    ] GC(22) Pause Remark
[2026-06-16T13:07:41.177+0800][12.974s][info][gc          ] GC(22) Pause Remark 68M->18M(128M) 1.682ms
[2026-06-16T13:07:41.177+0800][12.974s][info][gc,cpu      ] GC(22) User=0.00s Sys=0.00s Real=0.00s
[2026-06-16T13:07:41.177+0800][12.974s][info][gc,marking  ] GC(22) Concurrent Mark 3.445ms
[2026-06-16T13:07:41.177+0800][12.974s][info][gc,marking  ] GC(22) Concurrent Rebuild Remembered Sets
[2026-06-16T13:07:41.178+0800][12.975s][info][gc,marking  ] GC(22) Concurrent Rebuild Remembered Sets 0.802ms
[2026-06-16T13:07:41.178+0800][12.975s][info][gc,start    ] GC(22) Pause Cleanup
[2026-06-16T13:07:41.178+0800][12.975s][info][gc          ] GC(22) Pause Cleanup 18M->18M(128M) 0.142ms
[2026-06-16T13:07:41.178+0800][12.975s][info][gc,cpu      ] GC(22) User=0.00s Sys=0.00s Real=0.00s
[2026-06-16T13:07:41.178+0800][12.975s][info][gc,marking  ] GC(22) Concurrent Cleanup for Next Mark
[2026-06-16T13:07:41.178+0800][12.975s][info][gc,marking  ] GC(22) Concurrent Cleanup for Next Mark 0.160ms
[2026-06-16T13:07:41.178+0800][12.975s][info][gc          ] GC(22) Concurrent Mark Cycle 5.477ms
[2026-06-16T13:07:42.701+0800][14.498s][info][gc,start    ] GC(23) Pause Young (Concurrent Start) (G1 Humongous Allocation)
[2026-06-16T13:07:42.701+0800][14.498s][info][gc,task     ] GC(23) Using 3 workers of 13 for evacuation
[2026-06-16T13:07:42.703+0800][14.501s][info][gc,phases   ] GC(23)   Pre Evacuate Collection Set: 0.1ms
[2026-06-16T13:07:42.704+0800][14.501s][info][gc,phases   ] GC(23)   Merge Heap Roots: 0.2ms
[2026-06-16T13:07:42.704+0800][14.501s][info][gc,phases   ] GC(23)   Evacuate Collection Set: 1.0ms
[2026-06-16T13:07:42.704+0800][14.501s][info][gc,phases   ] GC(23)   Post Evacuate Collection Set: 0.8ms
[2026-06-16T13:07:42.704+0800][14.501s][info][gc,phases   ] GC(23)   Other: 0.3ms
[2026-06-16T13:07:42.704+0800][14.501s][info][gc,heap     ] GC(23) Eden regions: 21->0(52)
[2026-06-16T13:07:42.704+0800][14.501s][info][gc,heap     ] GC(23) Survivor regions: 3->3(7)
[2026-06-16T13:07:42.704+0800][14.501s][info][gc,heap     ] GC(23) Old regions: 6->6
[2026-06-16T13:07:42.704+0800][14.501s][info][gc,heap     ] GC(23) Archive regions: 0->0
[2026-06-16T13:07:42.704+0800][14.501s][info][gc,heap     ] GC(23) Humongous regions: 50->50
[2026-06-16T13:07:42.704+0800][14.501s][info][gc,metaspace] GC(23) Metaspace: 8519K(8832K)->8519K(8832K) NonClass: 7610K(7744K)->7610K(7744K) Class: 908K(1088K)->908K(1088K)
[2026-06-16T13:07:42.704+0800][14.501s][info][gc          ] GC(23) Pause Young (Concurrent Start) (G1 Humongous Allocation) 79M->58M(128M) 2.614ms
[2026-06-16T13:07:42.704+0800][14.501s][info][gc,cpu      ] GC(23) User=0.00s Sys=0.02s Real=0.00s
[2026-06-16T13:07:42.704+0800][14.501s][info][gc          ] GC(24) Concurrent Undo Cycle
[2026-06-16T13:07:42.704+0800][14.501s][info][gc,marking  ] GC(24) Concurrent Cleanup for Next Mark
[2026-06-16T13:07:42.704+0800][14.501s][info][gc,marking  ] GC(24) Concurrent Cleanup for Next Mark 0.167ms
[2026-06-16T13:07:42.704+0800][14.501s][info][gc          ] GC(24) Concurrent Undo Cycle 0.219ms
[2026-06-16T13:07:42.704+0800][14.502s][info][gc,start    ] GC(25) Pause Young (Concurrent Start) (G1 Humongous Allocation)
[2026-06-16T13:07:42.704+0800][14.502s][info][gc,task     ] GC(25) Using 3 workers of 13 for evacuation
[2026-06-16T13:07:42.707+0800][14.504s][info][gc,phases   ] GC(25)   Pre Evacuate Collection Set: 0.2ms
[2026-06-16T13:07:42.707+0800][14.504s][info][gc,phases   ] GC(25)   Merge Heap Roots: 0.1ms
[2026-06-16T13:07:42.707+0800][14.504s][info][gc,phases   ] GC(25)   Evacuate Collection Set: 1.1ms
[2026-06-16T13:07:42.707+0800][14.504s][info][gc,phases   ] GC(25)   Post Evacuate Collection Set: 0.9ms
[2026-06-16T13:07:42.707+0800][14.504s][info][gc,phases   ] GC(25)   Other: 0.1ms
[2026-06-16T13:07:42.707+0800][14.504s][info][gc,heap     ] GC(25) Eden regions: 1->0(51)
[2026-06-16T13:07:42.707+0800][14.504s][info][gc,heap     ] GC(25) Survivor regions: 3->3(7)
[2026-06-16T13:07:42.707+0800][14.504s][info][gc,heap     ] GC(25) Old regions: 6->6
[2026-06-16T13:07:42.707+0800][14.504s][info][gc,heap     ] GC(25) Archive regions: 0->0
[2026-06-16T13:07:42.707+0800][14.504s][info][gc,heap     ] GC(25) Humongous regions: 52->52
[2026-06-16T13:07:42.707+0800][14.504s][info][gc,metaspace] GC(25) Metaspace: 8519K(8832K)->8519K(8832K) NonClass: 7610K(7744K)->7610K(7744K) Class: 908K(1088K)->908K(1088K)
[2026-06-16T13:07:42.707+0800][14.504s][info][gc          ] GC(25) Pause Young (Concurrent Start) (G1 Humongous Allocation) 61M->60M(128M) 2.666ms
[2026-06-16T13:07:42.707+0800][14.504s][info][gc,cpu      ] GC(25) User=0.00s Sys=0.00s Real=0.00s
[2026-06-16T13:07:42.707+0800][14.504s][info][gc          ] GC(26) Concurrent Mark Cycle
[2026-06-16T13:07:42.707+0800][14.504s][info][gc,marking  ] GC(26) Concurrent Clear Claimed Marks
[2026-06-16T13:07:42.707+0800][14.504s][info][gc,marking  ] GC(26) Concurrent Clear Claimed Marks 0.011ms
[2026-06-16T13:07:42.707+0800][14.504s][info][gc,marking  ] GC(26) Concurrent Scan Root Regions
[2026-06-16T13:07:42.708+0800][14.505s][info][gc,marking  ] GC(26) Concurrent Scan Root Regions 0.390ms
[2026-06-16T13:07:42.708+0800][14.505s][info][gc,marking  ] GC(26) Concurrent Mark
[2026-06-16T13:07:42.708+0800][14.505s][info][gc,marking  ] GC(26) Concurrent Mark From Roots
[2026-06-16T13:07:42.708+0800][14.505s][info][gc,task     ] GC(26) Using 3 workers of 3 for marking
[2026-06-16T13:07:42.710+0800][14.506s][info][gc,marking  ] GC(26) Concurrent Mark From Roots 1.416ms
[2026-06-16T13:07:42.710+0800][14.506s][info][gc,marking  ] GC(26) Concurrent Preclean
[2026-06-16T13:07:42.710+0800][14.507s][info][gc,marking  ] GC(26) Concurrent Preclean 0.146ms
[2026-06-16T13:07:42.710+0800][14.507s][info][gc,start    ] GC(26) Pause Remark
[2026-06-16T13:07:42.712+0800][14.508s][info][gc          ] GC(26) Pause Remark 68M->18M(128M) 1.523ms
[2026-06-16T13:07:42.712+0800][14.508s][info][gc,cpu      ] GC(26) User=0.00s Sys=0.00s Real=0.00s
[2026-06-16T13:07:42.712+0800][14.508s][info][gc,marking  ] GC(26) Concurrent Mark 3.529ms
[2026-06-16T13:07:42.712+0800][14.508s][info][gc,marking  ] GC(26) Concurrent Rebuild Remembered Sets
[2026-06-16T13:07:42.713+0800][14.509s][info][gc,marking  ] GC(26) Concurrent Rebuild Remembered Sets 0.843ms
[2026-06-16T13:07:42.713+0800][14.509s][info][gc,start    ] GC(26) Pause Cleanup
[2026-06-16T13:07:42.713+0800][14.510s][info][gc          ] GC(26) Pause Cleanup 18M->18M(128M) 0.233ms
[2026-06-16T13:07:42.713+0800][14.510s][info][gc,cpu      ] GC(26) User=0.00s Sys=0.00s Real=0.00s
[2026-06-16T13:07:42.713+0800][14.510s][info][gc,marking  ] GC(26) Concurrent Cleanup for Next Mark
[2026-06-16T13:07:42.713+0800][14.510s][info][gc,marking  ] GC(26) Concurrent Cleanup for Next Mark 0.165ms
[2026-06-16T13:07:42.713+0800][14.510s][info][gc          ] GC(26) Concurrent Mark Cycle 5.469ms
[2026-06-16T13:07:44.054+0800][15.851s][info][gc,heap,exit] Heap
[2026-06-16T13:07:44.054+0800][15.851s][info][gc,heap,exit]  garbage-first heap   total 131072K, used 62180K [0x00000000f8000000, 0x0000000100000000)
[2026-06-16T13:07:44.054+0800][15.851s][info][gc,heap,exit]   region size 1024K, 17 young (17408K), 3 survivors (3072K)
[2026-06-16T13:07:44.054+0800][15.851s][info][gc,heap,exit]  Metaspace       used 8620K, committed 8896K, reserved 1114112K
[2026-06-16T13:07:44.054+0800][15.851s][info][gc,heap,exit]   class space    used 924K, committed 1088K, reserved 1048576K
