[2026-03-19T11:31:23.559+0800][0.049s][info][gc] Using G1
[2026-03-19T11:31:23.563+0800][0.052s][info][gc,init] Version: 17.0.11+7-LTS-207 (release)
[2026-03-19T11:31:23.563+0800][0.053s][info][gc,init] CPUs: 16 total, 16 available
[2026-03-19T11:31:23.563+0800][0.053s][info][gc,init] Memory: 32451M
[2026-03-19T11:31:23.563+0800][0.053s][info][gc,init] Large Page Support: Disabled
[2026-03-19T11:31:23.563+0800][0.053s][info][gc,init] NUMA Support: Disabled
[2026-03-19T11:31:23.563+0800][0.053s][info][gc,init] Compressed Oops: Enabled (32-bit)
[2026-03-19T11:31:23.563+0800][0.053s][info][gc,init] Heap Region Size: 1M
[2026-03-19T11:31:23.563+0800][0.053s][info][gc,init] Heap Min Capacity: 128M
[2026-03-19T11:31:23.563+0800][0.053s][info][gc,init] Heap Initial Capacity: 128M
[2026-03-19T11:31:23.570+0800][0.060s][info][gc,init] Heap Max Capacity: 128M
[2026-03-19T11:31:23.570+0800][0.060s][info][gc,init] Pre-touch: Disabled
[2026-03-19T11:31:23.570+0800][0.060s][info][gc,init] Parallel Workers: 13
[2026-03-19T11:31:23.570+0800][0.060s][info][gc,init] Concurrent Workers: 3
[2026-03-19T11:31:23.570+0800][0.060s][info][gc,init] Concurrent Refinement Workers: 13
[2026-03-19T11:31:23.570+0800][0.060s][info][gc,init] Periodic GC: Disabled
[2026-03-19T11:31:23.582+0800][0.071s][info][gc,metaspace] CDS archive(s) mapped at: [0x000001a380000000-0x000001a380bd0000-0x000001a380bd0000), size 12386304, SharedBaseAddress: 0x000001a380000000, ArchiveRelocationMode: 1.
[2026-03-19T11:31:23.582+0800][0.072s][info][gc,metaspace] Compressed class space mapped at: 0x000001a381000000-0x000001a3c1000000, reserved size: 1073741824
[2026-03-19T11:31:23.582+0800][0.072s][info][gc,metaspace] Narrow klass base: 0x000001a380000000, Narrow klass shift: 0, Narrow klass range: 0x100000000
[2026-03-19T11:31:24.485+0800][0.975s][info][gc,start    ] GC(0) Pause Young (Normal) (G1 Evacuation Pause)
[2026-03-19T11:31:24.486+0800][0.976s][info][gc,task     ] GC(0) Using 3 workers of 13 for evacuation
[2026-03-19T11:31:24.494+0800][0.983s][info][gc,phases   ] GC(0)   Pre Evacuate Collection Set: 0.1ms
[2026-03-19T11:31:24.494+0800][0.983s][info][gc,phases   ] GC(0)   Merge Heap Roots: 0.1ms
[2026-03-19T11:31:24.494+0800][0.984s][info][gc,phases   ] GC(0)   Evacuate Collection Set: 4.8ms
[2026-03-19T11:31:24.494+0800][0.984s][info][gc,phases   ] GC(0)   Post Evacuate Collection Set: 1.8ms
[2026-03-19T11:31:24.494+0800][0.984s][info][gc,phases   ] GC(0)   Other: 1.7ms
[2026-03-19T11:31:24.494+0800][0.984s][info][gc,heap     ] GC(0) Eden regions: 23->0(28)
[2026-03-19T11:31:24.494+0800][0.984s][info][gc,heap     ] GC(0) Survivor regions: 0->3(3)
[2026-03-19T11:31:24.494+0800][0.984s][info][gc,heap     ] GC(0) Old regions: 0->3
[2026-03-19T11:31:24.494+0800][0.984s][info][gc,heap     ] GC(0) Archive regions: 0->0
[2026-03-19T11:31:24.494+0800][0.984s][info][gc,heap     ] GC(0) Humongous regions: 20->0
[2026-03-19T11:31:24.494+0800][0.984s][info][gc,metaspace] GC(0) Metaspace: 5895K(6144K)->5895K(6144K) NonClass: 5239K(5376K)->5239K(5376K) Class: 655K(768K)->655K(768K)
[2026-03-19T11:31:24.494+0800][0.984s][info][gc          ] GC(0) Pause Young (Normal) (G1 Evacuation Pause) 43M->5M(128M) 9.000ms
[2026-03-19T11:31:24.494+0800][0.984s][info][gc,cpu      ] GC(0) User=0.00s Sys=0.00s Real=0.01s
[2026-03-19T11:31:26.060+0800][2.550s][info][gc,start    ] GC(1) Pause Young (Concurrent Start) (G1 Humongous Allocation)
[2026-03-19T11:31:26.060+0800][2.550s][info][gc,task     ] GC(1) Using 3 workers of 13 for evacuation
[2026-03-19T11:31:26.065+0800][2.555s][info][gc,phases   ] GC(1)   Pre Evacuate Collection Set: 0.3ms
[2026-03-19T11:31:26.065+0800][2.555s][info][gc,phases   ] GC(1)   Merge Heap Roots: 0.3ms
[2026-03-19T11:31:26.065+0800][2.555s][info][gc,phases   ] GC(1)   Evacuate Collection Set: 3.2ms
[2026-03-19T11:31:26.065+0800][2.555s][info][gc,phases   ] GC(1)   Post Evacuate Collection Set: 0.9ms
[2026-03-19T11:31:26.065+0800][2.555s][info][gc,phases   ] GC(1)   Other: 0.4ms
[2026-03-19T11:31:26.065+0800][2.555s][info][gc,heap     ] GC(1) Eden regions: 23->0(52)
[2026-03-19T11:31:26.066+0800][2.555s][info][gc,heap     ] GC(1) Survivor regions: 3->2(4)
[2026-03-19T11:31:26.066+0800][2.555s][info][gc,heap     ] GC(1) Old regions: 3->6
[2026-03-19T11:31:26.066+0800][2.555s][info][gc,heap     ] GC(1) Archive regions: 0->0
[2026-03-19T11:31:26.066+0800][2.555s][info][gc,heap     ] GC(1) Humongous regions: 54->2
[2026-03-19T11:31:26.066+0800][2.555s][info][gc,metaspace] GC(1) Metaspace: 5958K(6144K)->5958K(6144K) NonClass: 5295K(5376K)->5295K(5376K) Class: 662K(768K)->662K(768K)
[2026-03-19T11:31:26.066+0800][2.555s][info][gc          ] GC(1) Pause Young (Concurrent Start) (G1 Humongous Allocation) 82M->8M(128M) 5.357ms
[2026-03-19T11:31:26.066+0800][2.555s][info][gc,cpu      ] GC(1) User=0.00s Sys=0.00s Real=0.01s
[2026-03-19T11:31:26.066+0800][2.555s][info][gc          ] GC(2) Concurrent Undo Cycle
[2026-03-19T11:31:26.066+0800][2.556s][info][gc,marking  ] GC(2) Concurrent Cleanup for Next Mark
[2026-03-19T11:31:26.067+0800][2.557s][info][gc,marking  ] GC(2) Concurrent Cleanup for Next Mark 0.984ms
[2026-03-19T11:31:26.067+0800][2.557s][info][gc          ] GC(2) Concurrent Undo Cycle 1.119ms
[2026-03-19T11:31:27.642+0800][4.133s][info][gc,start    ] GC(3) Pause Young (Concurrent Start) (G1 Humongous Allocation)
[2026-03-19T11:31:27.643+0800][4.133s][info][gc,task     ] GC(3) Using 3 workers of 13 for evacuation
[2026-03-19T11:31:27.645+0800][4.135s][info][gc,phases   ] GC(3)   Pre Evacuate Collection Set: 0.2ms
[2026-03-19T11:31:27.645+0800][4.135s][info][gc,phases   ] GC(3)   Merge Heap Roots: 0.2ms
[2026-03-19T11:31:27.645+0800][4.136s][info][gc,phases   ] GC(3)   Evacuate Collection Set: 0.9ms
[2026-03-19T11:31:27.645+0800][4.136s][info][gc,phases   ] GC(3)   Post Evacuate Collection Set: 0.9ms
[2026-03-19T11:31:27.645+0800][4.136s][info][gc,phases   ] GC(3)   Other: 0.5ms
[2026-03-19T11:31:27.646+0800][4.136s][info][gc,heap     ] GC(3) Eden regions: 21->0(63)
[2026-03-19T11:31:27.646+0800][4.136s][info][gc,heap     ] GC(3) Survivor regions: 2->2(7)
[2026-03-19T11:31:27.646+0800][4.136s][info][gc,heap     ] GC(3) Old regions: 6->6
[2026-03-19T11:31:27.646+0800][4.136s][info][gc,heap     ] GC(3) Archive regions: 0->0
[2026-03-19T11:31:27.646+0800][4.136s][info][gc,heap     ] GC(3) Humongous regions: 52->2
[2026-03-19T11:31:27.646+0800][4.136s][info][gc,metaspace] GC(3) Metaspace: 5990K(6208K)->5990K(6208K) NonClass: 5327K(5440K)->5327K(5440K) Class: 663K(768K)->663K(768K)
[2026-03-19T11:31:27.646+0800][4.136s][info][gc          ] GC(3) Pause Young (Concurrent Start) (G1 Humongous Allocation) 79M->8M(128M) 3.339ms
[2026-03-19T11:31:27.646+0800][4.136s][info][gc,cpu      ] GC(3) User=0.00s Sys=0.00s Real=0.00s
[2026-03-19T11:31:27.646+0800][4.136s][info][gc          ] GC(4) Concurrent Undo Cycle
[2026-03-19T11:31:27.646+0800][4.136s][info][gc,marking  ] GC(4) Concurrent Cleanup for Next Mark
[2026-03-19T11:31:27.646+0800][4.137s][info][gc,marking  ] GC(4) Concurrent Cleanup for Next Mark 0.519ms
[2026-03-19T11:31:27.647+0800][4.137s][info][gc          ] GC(4) Concurrent Undo Cycle 0.732ms
[2026-03-19T11:31:29.216+0800][5.706s][info][gc,start    ] GC(5) Pause Young (Concurrent Start) (G1 Humongous Allocation)
[2026-03-19T11:31:29.216+0800][5.706s][info][gc,task     ] GC(5) Using 3 workers of 13 for evacuation
[2026-03-19T11:31:29.218+0800][5.707s][info][gc,phases   ] GC(5)   Pre Evacuate Collection Set: 0.1ms
[2026-03-19T11:31:29.218+0800][5.708s][info][gc,phases   ] GC(5)   Merge Heap Roots: 0.1ms
[2026-03-19T11:31:29.218+0800][5.708s][info][gc,phases   ] GC(5)   Evacuate Collection Set: 0.6ms
[2026-03-19T11:31:29.218+0800][5.708s][info][gc,phases   ] GC(5)   Post Evacuate Collection Set: 0.7ms
[2026-03-19T11:31:29.218+0800][5.708s][info][gc,phases   ] GC(5)   Other: 0.4ms
[2026-03-19T11:31:29.218+0800][5.708s][info][gc,heap     ] GC(5) Eden regions: 21->0(68)
[2026-03-19T11:31:29.218+0800][5.708s][info][gc,heap     ] GC(5) Survivor regions: 2->2(9)
[2026-03-19T11:31:29.218+0800][5.708s][info][gc,heap     ] GC(5) Old regions: 6->6
[2026-03-19T11:31:29.218+0800][5.708s][info][gc,heap     ] GC(5) Archive regions: 0->0
[2026-03-19T11:31:29.218+0800][5.708s][info][gc,heap     ] GC(5) Humongous regions: 52->2
[2026-03-19T11:31:29.218+0800][5.708s][info][gc,metaspace] GC(5) Metaspace: 6007K(6208K)->6007K(6208K) NonClass: 5343K(5440K)->5343K(5440K) Class: 664K(768K)->664K(768K)
[2026-03-19T11:31:29.218+0800][5.708s][info][gc          ] GC(5) Pause Young (Concurrent Start) (G1 Humongous Allocation) 79M->8M(128M) 2.600ms
[2026-03-19T11:31:29.218+0800][5.708s][info][gc,cpu      ] GC(5) User=0.00s Sys=0.00s Real=0.00s
[2026-03-19T11:31:29.218+0800][5.708s][info][gc          ] GC(6) Concurrent Undo Cycle
[2026-03-19T11:31:29.219+0800][5.708s][info][gc,marking  ] GC(6) Concurrent Cleanup for Next Mark
[2026-03-19T11:31:29.220+0800][5.709s][info][gc,marking  ] GC(6) Concurrent Cleanup for Next Mark 0.603ms
[2026-03-19T11:31:29.220+0800][5.709s][info][gc          ] GC(6) Concurrent Undo Cycle 0.941ms
[2026-03-19T11:31:30.851+0800][7.341s][info][gc,start    ] GC(7) Pause Young (Concurrent Start) (G1 Humongous Allocation)
[2026-03-19T11:31:30.851+0800][7.341s][info][gc,task     ] GC(7) Using 3 workers of 13 for evacuation
[2026-03-19T11:31:30.853+0800][7.343s][info][gc,phases   ] GC(7)   Pre Evacuate Collection Set: 0.2ms
[2026-03-19T11:31:30.853+0800][7.343s][info][gc,phases   ] GC(7)   Merge Heap Roots: 0.2ms
[2026-03-19T11:31:30.853+0800][7.343s][info][gc,phases   ] GC(7)   Evacuate Collection Set: 0.5ms
[2026-03-19T11:31:30.853+0800][7.343s][info][gc,phases   ] GC(7)   Post Evacuate Collection Set: 0.6ms
[2026-03-19T11:31:30.853+0800][7.343s][info][gc,phases   ] GC(7)   Other: 0.3ms
[2026-03-19T11:31:30.853+0800][7.343s][info][gc,heap     ] GC(7) Eden regions: 21->0(73)
[2026-03-19T11:31:30.853+0800][7.343s][info][gc,heap     ] GC(7) Survivor regions: 2->2(9)
[2026-03-19T11:31:30.853+0800][7.343s][info][gc,heap     ] GC(7) Old regions: 6->6
[2026-03-19T11:31:30.853+0800][7.343s][info][gc,heap     ] GC(7) Archive regions: 0->0
[2026-03-19T11:31:30.853+0800][7.343s][info][gc,heap     ] GC(7) Humongous regions: 52->2
[2026-03-19T11:31:30.853+0800][7.343s][info][gc,metaspace] GC(7) Metaspace: 6025K(6208K)->6025K(6208K) NonClass: 5360K(5440K)->5360K(5440K) Class: 664K(768K)->664K(768K)
[2026-03-19T11:31:30.853+0800][7.343s][info][gc          ] GC(7) Pause Young (Concurrent Start) (G1 Humongous Allocation) 79M->8M(128M) 2.368ms
[2026-03-19T11:31:30.854+0800][7.343s][info][gc,cpu      ] GC(7) User=0.00s Sys=0.00s Real=0.00s
[2026-03-19T11:31:30.854+0800][7.344s][info][gc          ] GC(8) Concurrent Undo Cycle
[2026-03-19T11:31:30.854+0800][7.344s][info][gc,marking  ] GC(8) Concurrent Cleanup for Next Mark
[2026-03-19T11:31:30.854+0800][7.344s][info][gc,marking  ] GC(8) Concurrent Cleanup for Next Mark 0.487ms
[2026-03-19T11:31:30.854+0800][7.344s][info][gc          ] GC(8) Concurrent Undo Cycle 0.732ms
[2026-03-19T11:31:32.421+0800][8.910s][info][gc,start    ] GC(9) Pause Young (Concurrent Start) (G1 Humongous Allocation)
[2026-03-19T11:31:32.421+0800][8.910s][info][gc,task     ] GC(9) Using 3 workers of 13 for evacuation
[2026-03-19T11:31:32.423+0800][8.912s][info][gc,phases   ] GC(9)   Pre Evacuate Collection Set: 0.3ms
[2026-03-19T11:31:32.423+0800][8.912s][info][gc,phases   ] GC(9)   Merge Heap Roots: 0.2ms
[2026-03-19T11:31:32.423+0800][8.912s][info][gc,phases   ] GC(9)   Evacuate Collection Set: 0.5ms
[2026-03-19T11:31:32.423+0800][8.912s][info][gc,phases   ] GC(9)   Post Evacuate Collection Set: 0.9ms
[2026-03-19T11:31:32.423+0800][8.912s][info][gc,phases   ] GC(9)   Other: 0.3ms
[2026-03-19T11:31:32.423+0800][8.912s][info][gc,heap     ] GC(9) Eden regions: 21->0(74)
[2026-03-19T11:31:32.423+0800][8.913s][info][gc,heap     ] GC(9) Survivor regions: 2->2(10)
[2026-03-19T11:31:32.423+0800][8.913s][info][gc,heap     ] GC(9) Old regions: 6->6
[2026-03-19T11:31:32.423+0800][8.913s][info][gc,heap     ] GC(9) Archive regions: 0->0
[2026-03-19T11:31:32.423+0800][8.913s][info][gc,heap     ] GC(9) Humongous regions: 52->2
[2026-03-19T11:31:32.423+0800][8.913s][info][gc,metaspace] GC(9) Metaspace: 6030K(6208K)->6030K(6208K) NonClass: 5366K(5440K)->5366K(5440K) Class: 664K(768K)->664K(768K)
[2026-03-19T11:31:32.423+0800][8.913s][info][gc          ] GC(9) Pause Young (Concurrent Start) (G1 Humongous Allocation) 79M->8M(128M) 2.675ms
[2026-03-19T11:31:32.423+0800][8.913s][info][gc,cpu      ] GC(9) User=0.00s Sys=0.00s Real=0.00s
[2026-03-19T11:31:32.423+0800][8.913s][info][gc          ] GC(10) Concurrent Undo Cycle
[2026-03-19T11:31:32.423+0800][8.913s][info][gc,marking  ] GC(10) Concurrent Cleanup for Next Mark
[2026-03-19T11:31:32.424+0800][8.914s][info][gc,marking  ] GC(10) Concurrent Cleanup for Next Mark 0.511ms
[2026-03-19T11:31:32.424+0800][8.914s][info][gc          ] GC(10) Concurrent Undo Cycle 0.705ms
[2026-03-19T11:31:33.991+0800][10.481s][info][gc,start    ] GC(11) Pause Young (Concurrent Start) (G1 Humongous Allocation)
[2026-03-19T11:31:33.991+0800][10.481s][info][gc,task     ] GC(11) Using 3 workers of 13 for evacuation
[2026-03-19T11:31:33.994+0800][10.484s][info][gc,phases   ] GC(11)   Pre Evacuate Collection Set: 0.1ms
[2026-03-19T11:31:33.995+0800][10.484s][info][gc,phases   ] GC(11)   Merge Heap Roots: 0.2ms
[2026-03-19T11:31:33.995+0800][10.485s][info][gc,phases   ] GC(11)   Evacuate Collection Set: 0.8ms
[2026-03-19T11:31:33.995+0800][10.485s][info][gc,phases   ] GC(11)   Post Evacuate Collection Set: 1.0ms
[2026-03-19T11:31:33.995+0800][10.485s][info][gc,phases   ] GC(11)   Other: 0.6ms
[2026-03-19T11:31:33.995+0800][10.485s][info][gc,heap     ] GC(11) Eden regions: 22->0(74)
[2026-03-19T11:31:33.995+0800][10.485s][info][gc,heap     ] GC(11) Survivor regions: 2->2(10)
[2026-03-19T11:31:33.995+0800][10.485s][info][gc,heap     ] GC(11) Old regions: 6->6
[2026-03-19T11:31:33.995+0800][10.485s][info][gc,heap     ] GC(11) Archive regions: 0->0
[2026-03-19T11:31:33.995+0800][10.485s][info][gc,heap     ] GC(11) Humongous regions: 52->2
[2026-03-19T11:31:33.995+0800][10.485s][info][gc,metaspace] GC(11) Metaspace: 6063K(6336K)->6063K(6336K) NonClass: 5395K(5568K)->5395K(5568K) Class: 667K(768K)->667K(768K)
[2026-03-19T11:31:33.996+0800][10.485s][info][gc          ] GC(11) Pause Young (Concurrent Start) (G1 Humongous Allocation) 80M->8M(128M) 4.389ms
[2026-03-19T11:31:33.996+0800][10.486s][info][gc,cpu      ] GC(11) User=0.00s Sys=0.00s Real=0.01s
[2026-03-19T11:31:33.996+0800][10.486s][info][gc          ] GC(12) Concurrent Undo Cycle
[2026-03-19T11:31:33.996+0800][10.486s][info][gc,marking  ] GC(12) Concurrent Cleanup for Next Mark
[2026-03-19T11:31:33.998+0800][10.488s][info][gc,marking  ] GC(12) Concurrent Cleanup for Next Mark 1.687ms
[2026-03-19T11:31:33.998+0800][10.488s][info][gc          ] GC(12) Concurrent Undo Cycle 2.162ms
[2026-03-19T11:31:35.586+0800][12.076s][info][gc,start    ] GC(13) Pause Young (Concurrent Start) (G1 Humongous Allocation)
[2026-03-19T11:31:35.586+0800][12.076s][info][gc,task     ] GC(13) Using 3 workers of 13 for evacuation
[2026-03-19T11:31:35.598+0800][12.088s][info][gc,phases   ] GC(13)   Pre Evacuate Collection Set: 0.3ms
[2026-03-19T11:31:35.598+0800][12.088s][info][gc,phases   ] GC(13)   Merge Heap Roots: 0.2ms
[2026-03-19T11:31:35.598+0800][12.088s][info][gc,phases   ] GC(13)   Evacuate Collection Set: 7.7ms
[2026-03-19T11:31:35.598+0800][12.088s][info][gc,phases   ] GC(13)   Post Evacuate Collection Set: 3.7ms
[2026-03-19T11:31:35.598+0800][12.088s][info][gc,phases   ] GC(13)   Other: 0.5ms
[2026-03-19T11:31:35.599+0800][12.088s][info][gc,heap     ] GC(13) Eden regions: 38->0(71)
[2026-03-19T11:31:35.599+0800][12.089s][info][gc,heap     ] GC(13) Survivor regions: 2->5(10)
[2026-03-19T11:31:35.599+0800][12.089s][info][gc,heap     ] GC(13) Old regions: 6->6
[2026-03-19T11:31:35.599+0800][12.089s][info][gc,heap     ] GC(13) Archive regions: 0->0
[2026-03-19T11:31:35.599+0800][12.089s][info][gc,heap     ] GC(13) Humongous regions: 50->2
[2026-03-19T11:31:35.599+0800][12.089s][info][gc,metaspace] GC(13) Metaspace: 13689K(14016K)->13689K(14016K) NonClass: 12121K(12288K)->12121K(12288K) Class: 1567K(1728K)->1567K(1728K)
[2026-03-19T11:31:35.599+0800][12.089s][info][gc          ] GC(13) Pause Young (Concurrent Start) (G1 Humongous Allocation) 94M->11M(128M) 13.387ms
[2026-03-19T11:31:35.599+0800][12.089s][info][gc,cpu      ] GC(13) User=0.02s Sys=0.03s Real=0.01s
[2026-03-19T11:31:35.599+0800][12.089s][info][gc          ] GC(14) Concurrent Undo Cycle
[2026-03-19T11:31:35.599+0800][12.090s][info][gc,marking  ] GC(14) Concurrent Cleanup for Next Mark
[2026-03-19T11:31:35.600+0800][12.090s][info][gc,marking  ] GC(14) Concurrent Cleanup for Next Mark 0.761ms
[2026-03-19T11:31:35.600+0800][12.090s][info][gc          ] GC(14) Concurrent Undo Cycle 1.144ms
[2026-03-19T11:31:37.172+0800][13.661s][info][gc,start    ] GC(15) Pause Young (Concurrent Start) (G1 Humongous Allocation)
[2026-03-19T11:31:37.172+0800][13.662s][info][gc,task     ] GC(15) Using 3 workers of 13 for evacuation
[2026-03-19T11:31:37.180+0800][13.669s][info][gc,phases   ] GC(15)   Pre Evacuate Collection Set: 0.2ms
[2026-03-19T11:31:37.180+0800][13.669s][info][gc,phases   ] GC(15)   Merge Heap Roots: 0.2ms
[2026-03-19T11:31:37.180+0800][13.669s][info][gc,phases   ] GC(15)   Evacuate Collection Set: 5.8ms
[2026-03-19T11:31:37.180+0800][13.670s][info][gc,phases   ] GC(15)   Post Evacuate Collection Set: 1.1ms
[2026-03-19T11:31:37.180+0800][13.670s][info][gc,phases   ] GC(15)   Other: 0.5ms
[2026-03-19T11:31:37.180+0800][13.670s][info][gc,heap     ] GC(15) Eden regions: 25->0(70)
[2026-03-19T11:31:37.180+0800][13.670s][info][gc,heap     ] GC(15) Survivor regions: 5->6(10)
[2026-03-19T11:31:37.180+0800][13.670s][info][gc,heap     ] GC(15) Old regions: 6->6
[2026-03-19T11:31:37.180+0800][13.670s][info][gc,heap     ] GC(15) Archive regions: 0->0
[2026-03-19T11:31:37.181+0800][13.670s][info][gc,heap     ] GC(15) Humongous regions: 51->1
[2026-03-19T11:31:37.181+0800][13.670s][info][gc,metaspace] GC(15) Metaspace: 15964K(16256K)->15964K(16256K) NonClass: 14118K(14272K)->14118K(14272K) Class: 1846K(1984K)->1846K(1984K)
[2026-03-19T11:31:37.181+0800][13.670s][info][gc          ] GC(15) Pause Young (Concurrent Start) (G1 Humongous Allocation) 85M->11M(128M) 8.880ms
[2026-03-19T11:31:37.181+0800][13.670s][info][gc,cpu      ] GC(15) User=0.00s Sys=0.00s Real=0.01s
[2026-03-19T11:31:37.181+0800][13.671s][info][gc          ] GC(16) Concurrent Undo Cycle
[2026-03-19T11:31:37.181+0800][13.671s][info][gc,marking  ] GC(16) Concurrent Cleanup for Next Mark
[2026-03-19T11:31:37.182+0800][13.671s][info][gc,marking  ] GC(16) Concurrent Cleanup for Next Mark 0.719ms
[2026-03-19T11:31:37.182+0800][13.672s][info][gc          ] GC(16) Concurrent Undo Cycle 1.163ms
[2026-03-19T11:31:38.740+0800][15.231s][info][gc,start    ] GC(17) Pause Young (Concurrent Start) (G1 Humongous Allocation)
[2026-03-19T11:31:38.741+0800][15.231s][info][gc,task     ] GC(17) Using 3 workers of 13 for evacuation
[2026-03-19T11:31:38.749+0800][15.239s][info][gc,phases   ] GC(17)   Pre Evacuate Collection Set: 0.2ms
[2026-03-19T11:31:38.750+0800][15.239s][info][gc,phases   ] GC(17)   Merge Heap Roots: 0.2ms
[2026-03-19T11:31:38.750+0800][15.240s][info][gc,phases   ] GC(17)   Evacuate Collection Set: 6.8ms
[2026-03-19T11:31:38.750+0800][15.240s][info][gc,phases   ] GC(17)   Post Evacuate Collection Set: 1.0ms
[2026-03-19T11:31:38.750+0800][15.240s][info][gc,phases   ] GC(17)   Other: 0.5ms
[2026-03-19T11:31:38.750+0800][15.240s][info][gc,heap     ] GC(17) Eden regions: 26->0(73)
[2026-03-19T11:31:38.750+0800][15.240s][info][gc,heap     ] GC(17) Survivor regions: 6->3(10)
[2026-03-19T11:31:38.750+0800][15.240s][info][gc,heap     ] GC(17) Old regions: 6->9
[2026-03-19T11:31:38.750+0800][15.240s][info][gc,heap     ] GC(17) Archive regions: 0->0
[2026-03-19T11:31:38.750+0800][15.240s][info][gc,heap     ] GC(17) Humongous regions: 51->1
[2026-03-19T11:31:38.750+0800][15.240s][info][gc,metaspace] GC(17) Metaspace: 17377K(17600K)->17377K(17600K) NonClass: 15374K(15488K)->15374K(15488K) Class: 2002K(2112K)->2002K(2112K)
[2026-03-19T11:31:38.751+0800][15.240s][info][gc          ] GC(17) Pause Young (Concurrent Start) (G1 Humongous Allocation) 87M->12M(128M) 9.723ms
[2026-03-19T11:31:38.751+0800][15.240s][info][gc,cpu      ] GC(17) User=0.03s Sys=0.03s Real=0.01s
[2026-03-19T11:31:38.751+0800][15.241s][info][gc          ] GC(18) Concurrent Undo Cycle
[2026-03-19T11:31:38.751+0800][15.241s][info][gc,marking  ] GC(18) Concurrent Cleanup for Next Mark
[2026-03-19T11:31:38.752+0800][15.241s][info][gc,marking  ] GC(18) Concurrent Cleanup for Next Mark 0.599ms
[2026-03-19T11:31:38.752+0800][15.242s][info][gc          ] GC(18) Concurrent Undo Cycle 0.976ms
[2026-03-19T11:31:40.013+0800][16.502s][info][gc,start    ] GC(19) Pause Young (Concurrent Start) (G1 Humongous Allocation)
[2026-03-19T11:31:40.013+0800][16.502s][info][gc,task     ] GC(19) Using 3 workers of 13 for evacuation
[2026-03-19T11:31:40.017+0800][16.506s][info][gc,phases   ] GC(19)   Pre Evacuate Collection Set: 0.1ms
[2026-03-19T11:31:40.017+0800][16.507s][info][gc,phases   ] GC(19)   Merge Heap Roots: 0.1ms
[2026-03-19T11:31:40.017+0800][16.507s][info][gc,phases   ] GC(19)   Evacuate Collection Set: 2.9ms
[2026-03-19T11:31:40.017+0800][16.507s][info][gc,phases   ] GC(19)   Post Evacuate Collection Set: 0.6ms
[2026-03-19T11:31:40.017+0800][16.507s][info][gc,phases   ] GC(19)   Other: 0.6ms
[2026-03-19T11:31:40.017+0800][16.507s][info][gc,heap     ] GC(19) Eden regions: 23->0(72)
[2026-03-19T11:31:40.018+0800][16.507s][info][gc,heap     ] GC(19) Survivor regions: 3->4(10)
[2026-03-19T11:31:40.018+0800][16.507s][info][gc,heap     ] GC(19) Old regions: 9->9
[2026-03-19T11:31:40.018+0800][16.507s][info][gc,heap     ] GC(19) Archive regions: 0->0
[2026-03-19T11:31:40.018+0800][16.507s][info][gc,heap     ] GC(19) Humongous regions: 49->5
[2026-03-19T11:31:40.018+0800][16.507s][info][gc,metaspace] GC(19) Metaspace: 19074K(19328K)->19074K(19328K) NonClass: 16870K(16960K)->16870K(16960K) Class: 2204K(2368K)->2204K(2368K)
[2026-03-19T11:31:40.018+0800][16.507s][info][gc          ] GC(19) Pause Young (Concurrent Start) (G1 Humongous Allocation) 83M->17M(128M) 5.067ms
[2026-03-19T11:31:40.018+0800][16.507s][info][gc,cpu      ] GC(19) User=0.00s Sys=0.00s Real=0.00s
[2026-03-19T11:31:40.018+0800][16.507s][info][gc          ] GC(20) Concurrent Undo Cycle
[2026-03-19T11:31:40.018+0800][16.507s][info][gc,marking  ] GC(20) Concurrent Cleanup for Next Mark
[2026-03-19T11:31:40.018+0800][16.508s][info][gc,marking  ] GC(20) Concurrent Cleanup for Next Mark 0.541ms
[2026-03-19T11:31:40.018+0800][16.508s][info][gc          ] GC(20) Concurrent Undo Cycle 0.781ms
[2026-03-19T11:31:41.163+0800][17.653s][info][gc,start    ] GC(21) Pause Young (Concurrent Start) (Metadata GC Threshold)
[2026-03-19T11:31:41.163+0800][17.653s][info][gc,task     ] GC(21) Using 3 workers of 13 for evacuation
[2026-03-19T11:31:41.169+0800][17.659s][info][gc,phases   ] GC(21)   Pre Evacuate Collection Set: 0.1ms
[2026-03-19T11:31:41.169+0800][17.659s][info][gc,phases   ] GC(21)   Merge Heap Roots: 0.1ms
[2026-03-19T11:31:41.169+0800][17.659s][info][gc,phases   ] GC(21)   Evacuate Collection Set: 4.6ms
[2026-03-19T11:31:41.169+0800][17.659s][info][gc,phases   ] GC(21)   Post Evacuate Collection Set: 0.6ms
[2026-03-19T11:31:41.169+0800][17.659s][info][gc,phases   ] GC(21)   Other: 0.4ms
[2026-03-19T11:31:41.169+0800][17.659s][info][gc,heap     ] GC(21) Eden regions: 27->0(67)
[2026-03-19T11:31:41.169+0800][17.659s][info][gc,heap     ] GC(21) Survivor regions: 4->9(10)
[2026-03-19T11:31:41.169+0800][17.659s][info][gc,heap     ] GC(21) Old regions: 9->9
[2026-03-19T11:31:41.170+0800][17.659s][info][gc,heap     ] GC(21) Archive regions: 0->0
[2026-03-19T11:31:41.170+0800][17.660s][info][gc,heap     ] GC(21) Humongous regions: 45->9
[2026-03-19T11:31:41.170+0800][17.660s][info][gc,metaspace] GC(21) Metaspace: 21273K(21504K)->21273K(21504K) NonClass: 18785K(18880K)->18785K(18880K) Class: 2487K(2624K)->2487K(2624K)
[2026-03-19T11:31:41.170+0800][17.660s][info][gc          ] GC(21) Pause Young (Concurrent Start) (Metadata GC Threshold) 83M->26M(128M) 7.331ms
[2026-03-19T11:31:41.171+0800][17.661s][info][gc,cpu      ] GC(21) User=0.03s Sys=0.02s Real=0.01s
[2026-03-19T11:31:41.171+0800][17.661s][info][gc          ] GC(22) Concurrent Mark Cycle
[2026-03-19T11:31:41.171+0800][17.661s][info][gc,marking  ] GC(22) Concurrent Clear Claimed Marks
[2026-03-19T11:31:41.172+0800][17.661s][info][gc,marking  ] GC(22) Concurrent Clear Claimed Marks 0.103ms
[2026-03-19T11:31:41.172+0800][17.661s][info][gc,marking  ] GC(22) Concurrent Scan Root Regions
[2026-03-19T11:31:41.174+0800][17.663s][info][gc,marking  ] GC(22) Concurrent Scan Root Regions 2.058ms
[2026-03-19T11:31:41.174+0800][17.663s][info][gc,marking  ] GC(22) Concurrent Mark
[2026-03-19T11:31:41.174+0800][17.664s][info][gc,marking  ] GC(22) Concurrent Mark From Roots
[2026-03-19T11:31:41.174+0800][17.664s][info][gc,task     ] GC(22) Using 3 workers of 3 for marking
[2026-03-19T11:31:41.179+0800][17.669s][info][gc,marking  ] GC(22) Concurrent Mark From Roots 5.184ms
[2026-03-19T11:31:41.179+0800][17.669s][info][gc,marking  ] GC(22) Concurrent Preclean
[2026-03-19T11:31:41.179+0800][17.669s][info][gc,marking  ] GC(22) Concurrent Preclean 0.213ms
[2026-03-19T11:31:41.179+0800][17.669s][info][gc,start    ] GC(22) Pause Remark
[2026-03-19T11:31:41.185+0800][17.675s][info][gc          ] GC(22) Pause Remark 26M->26M(128M) 5.684ms
[2026-03-19T11:31:41.186+0800][17.676s][info][gc,cpu      ] GC(22) User=0.05s Sys=0.00s Real=0.01s
[2026-03-19T11:31:41.186+0800][17.677s][info][gc,marking  ] GC(22) Concurrent Mark 13.148ms
[2026-03-19T11:31:41.186+0800][17.677s][info][gc,marking  ] GC(22) Concurrent Rebuild Remembered Sets
[2026-03-19T11:31:41.194+0800][17.684s][info][gc,marking  ] GC(22) Concurrent Rebuild Remembered Sets 6.976ms
[2026-03-19T11:31:41.195+0800][17.685s][info][gc,start    ] GC(22) Pause Cleanup
[2026-03-19T11:31:41.195+0800][17.686s][info][gc          ] GC(22) Pause Cleanup 26M->26M(128M) 0.420ms
[2026-03-19T11:31:41.196+0800][17.686s][info][gc,cpu      ] GC(22) User=0.00s Sys=0.00s Real=0.00s
[2026-03-19T11:31:41.196+0800][17.687s][info][gc,marking  ] GC(22) Concurrent Cleanup for Next Mark
[2026-03-19T11:31:41.199+0800][17.688s][info][gc,marking  ] GC(22) Concurrent Cleanup for Next Mark 1.776ms
[2026-03-19T11:31:41.199+0800][17.688s][info][gc          ] GC(22) Concurrent Mark Cycle 27.509ms
[2026-03-19T11:31:42.593+0800][19.083s][info][gc,start    ] GC(23) Pause Young (Concurrent Start) (G1 Humongous Allocation)
[2026-03-19T11:31:42.593+0800][19.083s][info][gc,task     ] GC(23) Using 3 workers of 13 for evacuation
[2026-03-19T11:31:42.597+0800][19.088s][info][gc,phases   ] GC(23)   Pre Evacuate Collection Set: 0.2ms
[2026-03-19T11:31:42.599+0800][19.088s][info][gc,phases   ] GC(23)   Merge Heap Roots: 0.1ms
[2026-03-19T11:31:42.599+0800][19.088s][info][gc,phases   ] GC(23)   Evacuate Collection Set: 4.0ms
[2026-03-19T11:31:42.599+0800][19.088s][info][gc,phases   ] GC(23)   Post Evacuate Collection Set: 0.7ms
[2026-03-19T11:31:42.599+0800][19.088s][info][gc,phases   ] GC(23)   Other: 0.3ms
[2026-03-19T11:31:42.599+0800][19.088s][info][gc,heap     ] GC(23) Eden regions: 25->0(70)
[2026-03-19T11:31:42.599+0800][19.088s][info][gc,heap     ] GC(23) Survivor regions: 9->2(10)
[2026-03-19T11:31:42.599+0800][19.088s][info][gc,heap     ] GC(23) Old regions: 9->17
[2026-03-19T11:31:42.599+0800][19.088s][info][gc,heap     ] GC(23) Archive regions: 0->0
[2026-03-19T11:31:42.599+0800][19.088s][info][gc,heap     ] GC(23) Humongous regions: 49->9
[2026-03-19T11:31:42.599+0800][19.088s][info][gc,metaspace] GC(23) Metaspace: 22040K(22400K)->22040K(22400K) NonClass: 19466K(19648K)->19466K(19648K) Class: 2574K(2752K)->2574K(2752K)
[2026-03-19T11:31:42.599+0800][19.088s][info][gc          ] GC(23) Pause Young (Concurrent Start) (G1 Humongous Allocation) 90M->27M(128M) 5.739ms
[2026-03-19T11:31:42.599+0800][19.088s][info][gc,cpu      ] GC(23) User=0.00s Sys=0.00s Real=0.01s
[2026-03-19T11:31:42.599+0800][19.089s][info][gc          ] GC(24) Concurrent Undo Cycle
[2026-03-19T11:31:42.599+0800][19.089s][info][gc,marking  ] GC(24) Concurrent Cleanup for Next Mark
[2026-03-19T11:31:42.599+0800][19.089s][info][gc,marking  ] GC(24) Concurrent Cleanup for Next Mark 0.397ms
[2026-03-19T11:31:42.600+0800][19.089s][info][gc          ] GC(24) Concurrent Undo Cycle 0.675ms
[2026-03-19T11:31:43.547+0800][20.037s][info][gc,start    ] GC(25) Pause Young (Concurrent Start) (G1 Humongous Allocation)
[2026-03-19T11:31:43.547+0800][20.037s][info][gc,task     ] GC(25) Using 3 workers of 13 for evacuation
[2026-03-19T11:31:43.549+0800][20.039s][info][gc,phases   ] GC(25)   Pre Evacuate Collection Set: 0.1ms
[2026-03-19T11:31:43.549+0800][20.039s][info][gc,phases   ] GC(25)   Merge Heap Roots: 0.1ms
[2026-03-19T11:31:43.549+0800][20.039s][info][gc,phases   ] GC(25)   Evacuate Collection Set: 0.9ms
[2026-03-19T11:31:43.549+0800][20.039s][info][gc,phases   ] GC(25)   Post Evacuate Collection Set: 0.8ms
[2026-03-19T11:31:43.550+0800][20.039s][info][gc,phases   ] GC(25)   Other: 0.4ms
[2026-03-19T11:31:43.550+0800][20.039s][info][gc,heap     ] GC(25) Eden regions: 13->0(72)
[2026-03-19T11:31:43.550+0800][20.039s][info][gc,heap     ] GC(25) Survivor regions: 2->2(9)
[2026-03-19T11:31:43.550+0800][20.039s][info][gc,heap     ] GC(25) Old regions: 17->17
[2026-03-19T11:31:43.550+0800][20.039s][info][gc,heap     ] GC(25) Archive regions: 0->0
[2026-03-19T11:31:43.550+0800][20.039s][info][gc,heap     ] GC(25) Humongous regions: 40->10
[2026-03-19T11:31:43.550+0800][20.040s][info][gc,metaspace] GC(25) Metaspace: 22042K(22400K)->22042K(22400K) NonClass: 19468K(19648K)->19468K(19648K) Class: 2574K(2752K)->2574K(2752K)
[2026-03-19T11:31:43.550+0800][20.040s][info][gc          ] GC(25) Pause Young (Concurrent Start) (G1 Humongous Allocation) 71M->28M(128M) 3.015ms
[2026-03-19T11:31:43.550+0800][20.040s][info][gc,cpu      ] GC(25) User=0.00s Sys=0.00s Real=0.00s
[2026-03-19T11:31:43.550+0800][20.040s][info][gc          ] GC(26) Concurrent Undo Cycle
[2026-03-19T11:31:43.550+0800][20.040s][info][gc,marking  ] GC(26) Concurrent Cleanup for Next Mark
[2026-03-19T11:31:43.551+0800][20.040s][info][gc,marking  ] GC(26) Concurrent Cleanup for Next Mark 0.476ms
[2026-03-19T11:31:43.551+0800][20.041s][info][gc          ] GC(26) Concurrent Undo Cycle 0.829ms
[2026-03-19T11:31:44.485+0800][20.975s][info][gc,start    ] GC(27) Pause Young (Concurrent Start) (G1 Humongous Allocation)
[2026-03-19T11:31:44.485+0800][20.975s][info][gc,task     ] GC(27) Using 3 workers of 13 for evacuation
[2026-03-19T11:31:44.488+0800][20.978s][info][gc,phases   ] GC(27)   Pre Evacuate Collection Set: 0.2ms
[2026-03-19T11:31:44.488+0800][20.978s][info][gc,phases   ] GC(27)   Merge Heap Roots: 0.2ms
[2026-03-19T11:31:44.488+0800][20.978s][info][gc,phases   ] GC(27)   Evacuate Collection Set: 1.0ms
[2026-03-19T11:31:44.488+0800][20.978s][info][gc,phases   ] GC(27)   Post Evacuate Collection Set: 1.4ms
[2026-03-19T11:31:44.488+0800][20.978s][info][gc,phases   ] GC(27)   Other: 0.5ms
[2026-03-19T11:31:44.489+0800][20.978s][info][gc,heap     ] GC(27) Eden regions: 13->0(74)
[2026-03-19T11:31:44.489+0800][20.978s][info][gc,heap     ] GC(27) Survivor regions: 2->2(10)
[2026-03-19T11:31:44.489+0800][20.978s][info][gc,heap     ] GC(27) Old regions: 17->17
[2026-03-19T11:31:44.489+0800][20.978s][info][gc,heap     ] GC(27) Archive regions: 0->0
[2026-03-19T11:31:44.489+0800][20.979s][info][gc,heap     ] GC(27) Humongous regions: 40->10
[2026-03-19T11:31:44.489+0800][20.979s][info][gc,metaspace] GC(27) Metaspace: 22044K(22400K)->22044K(22400K) NonClass: 19470K(19648K)->19470K(19648K) Class: 2574K(2752K)->2574K(2752K)
[2026-03-19T11:31:44.489+0800][20.979s][info][gc          ] GC(27) Pause Young (Concurrent Start) (G1 Humongous Allocation) 70M->28M(128M) 4.178ms
[2026-03-19T11:31:44.489+0800][20.979s][info][gc,cpu      ] GC(27) User=0.00s Sys=0.00s Real=0.00s
[2026-03-19T11:31:44.489+0800][20.979s][info][gc          ] GC(28) Concurrent Undo Cycle
[2026-03-19T11:31:44.489+0800][20.979s][info][gc,marking  ] GC(28) Concurrent Cleanup for Next Mark
[2026-03-19T11:31:44.490+0800][20.980s][info][gc,marking  ] GC(28) Concurrent Cleanup for Next Mark 0.764ms
[2026-03-19T11:31:44.490+0800][20.980s][info][gc          ] GC(28) Concurrent Undo Cycle 1.163ms
[2026-03-19T11:31:45.432+0800][21.922s][info][gc,start    ] GC(29) Pause Young (Concurrent Start) (G1 Humongous Allocation)
[2026-03-19T11:31:45.432+0800][21.922s][info][gc,task     ] GC(29) Using 3 workers of 13 for evacuation
[2026-03-19T11:31:45.434+0800][21.925s][info][gc,phases   ] GC(29)   Pre Evacuate Collection Set: 0.1ms
[2026-03-19T11:31:45.435+0800][21.925s][info][gc,phases   ] GC(29)   Merge Heap Roots: 0.2ms
[2026-03-19T11:31:45.435+0800][21.925s][info][gc,phases   ] GC(29)   Evacuate Collection Set: 0.9ms
[2026-03-19T11:31:45.435+0800][21.925s][info][gc,phases   ] GC(29)   Post Evacuate Collection Set: 0.8ms
[2026-03-19T11:31:45.435+0800][21.925s][info][gc,phases   ] GC(29)   Other: 0.4ms
[2026-03-19T11:31:45.435+0800][21.925s][info][gc,heap     ] GC(29) Eden regions: 13->0(74)
[2026-03-19T11:31:45.435+0800][21.925s][info][gc,heap     ] GC(29) Survivor regions: 2->2(10)
[2026-03-19T11:31:45.435+0800][21.925s][info][gc,heap     ] GC(29) Old regions: 17->17
[2026-03-19T11:31:45.435+0800][21.925s][info][gc,heap     ] GC(29) Archive regions: 0->0
[2026-03-19T11:31:45.435+0800][21.925s][info][gc,heap     ] GC(29) Humongous regions: 40->10
[2026-03-19T11:31:45.435+0800][21.925s][info][gc,metaspace] GC(29) Metaspace: 22045K(22400K)->22045K(22400K) NonClass: 19470K(19648K)->19470K(19648K) Class: 2574K(2752K)->2574K(2752K)
[2026-03-19T11:31:45.435+0800][21.925s][info][gc          ] GC(29) Pause Young (Concurrent Start) (G1 Humongous Allocation) 71M->28M(128M) 3.170ms
[2026-03-19T11:31:45.435+0800][21.925s][info][gc,cpu      ] GC(29) User=0.03s Sys=0.02s Real=0.00s
[2026-03-19T11:31:45.435+0800][21.926s][info][gc          ] GC(30) Concurrent Undo Cycle
[2026-03-19T11:31:45.436+0800][21.926s][info][gc,marking  ] GC(30) Concurrent Cleanup for Next Mark
[2026-03-19T11:31:45.436+0800][21.926s][info][gc,marking  ] GC(30) Concurrent Cleanup for Next Mark 0.451ms
[2026-03-19T11:31:45.436+0800][21.926s][info][gc          ] GC(30) Concurrent Undo Cycle 0.749ms
[2026-03-19T11:31:46.371+0800][22.861s][info][gc,start    ] GC(31) Pause Young (Concurrent Start) (G1 Humongous Allocation)
[2026-03-19T11:31:46.372+0800][22.862s][info][gc,task     ] GC(31) Using 3 workers of 13 for evacuation
[2026-03-19T11:31:46.375+0800][22.865s][info][gc,phases   ] GC(31)   Pre Evacuate Collection Set: 0.2ms
[2026-03-19T11:31:46.375+0800][22.865s][info][gc,phases   ] GC(31)   Merge Heap Roots: 0.2ms
[2026-03-19T11:31:46.375+0800][22.865s][info][gc,phases   ] GC(31)   Evacuate Collection Set: 1.2ms
[2026-03-19T11:31:46.375+0800][22.866s][info][gc,phases   ] GC(31)   Post Evacuate Collection Set: 1.9ms
[2026-03-19T11:31:46.375+0800][22.866s][info][gc,phases   ] GC(31)   Other: 0.5ms
[2026-03-19T11:31:46.376+0800][22.866s][info][gc,heap     ] GC(31) Eden regions: 14->0(74)
[2026-03-19T11:31:46.376+0800][22.866s][info][gc,heap     ] GC(31) Survivor regions: 2->2(10)
[2026-03-19T11:31:46.376+0800][22.866s][info][gc,heap     ] GC(31) Old regions: 17->17
[2026-03-19T11:31:46.376+0800][22.866s][info][gc,heap     ] GC(31) Archive regions: 0->0
[2026-03-19T11:31:46.376+0800][22.866s][info][gc,heap     ] GC(31) Humongous regions: 40->10
[2026-03-19T11:31:46.376+0800][22.866s][info][gc,metaspace] GC(31) Metaspace: 22046K(22400K)->22046K(22400K) NonClass: 19471K(19648K)->19471K(19648K) Class: 2574K(2752K)->2574K(2752K)
[2026-03-19T11:31:46.376+0800][22.866s][info][gc          ] GC(31) Pause Young (Concurrent Start) (G1 Humongous Allocation) 71M->28M(128M) 4.985ms
[2026-03-19T11:31:46.376+0800][22.866s][info][gc,cpu      ] GC(31) User=0.00s Sys=0.00s Real=0.00s
[2026-03-19T11:31:46.376+0800][22.867s][info][gc          ] GC(32) Concurrent Undo Cycle
[2026-03-19T11:31:46.377+0800][22.867s][info][gc,marking  ] GC(32) Concurrent Cleanup for Next Mark
[2026-03-19T11:31:46.377+0800][22.867s][info][gc,marking  ] GC(32) Concurrent Cleanup for Next Mark 0.605ms
[2026-03-19T11:31:46.377+0800][22.868s][info][gc          ] GC(32) Concurrent Undo Cycle 1.002ms
[2026-03-19T11:31:47.337+0800][23.828s][info][gc,start    ] GC(33) Pause Young (Concurrent Start) (G1 Humongous Allocation)
[2026-03-19T11:31:47.339+0800][23.828s][info][gc,task     ] GC(33) Using 3 workers of 13 for evacuation
[2026-03-19T11:31:47.341+0800][23.831s][info][gc,phases   ] GC(33)   Pre Evacuate Collection Set: 0.2ms
[2026-03-19T11:31:47.341+0800][23.831s][info][gc,phases   ] GC(33)   Merge Heap Roots: 0.2ms
[2026-03-19T11:31:47.341+0800][23.831s][info][gc,phases   ] GC(33)   Evacuate Collection Set: 1.0ms
[2026-03-19T11:31:47.341+0800][23.831s][info][gc,phases   ] GC(33)   Post Evacuate Collection Set: 0.9ms
[2026-03-19T11:31:47.341+0800][23.831s][info][gc,phases   ] GC(33)   Other: 0.5ms
[2026-03-19T11:31:47.342+0800][23.831s][info][gc,heap     ] GC(33) Eden regions: 13->0(74)
[2026-03-19T11:31:47.342+0800][23.831s][info][gc,heap     ] GC(33) Survivor regions: 2->2(10)
[2026-03-19T11:31:47.342+0800][23.832s][info][gc,heap     ] GC(33) Old regions: 17->17
[2026-03-19T11:31:47.342+0800][23.832s][info][gc,heap     ] GC(33) Archive regions: 0->0
[2026-03-19T11:31:47.342+0800][23.832s][info][gc,heap     ] GC(33) Humongous regions: 40->10
[2026-03-19T11:31:47.342+0800][23.832s][info][gc,metaspace] GC(33) Metaspace: 22050K(22400K)->22050K(22400K) NonClass: 19475K(19648K)->19475K(19648K) Class: 2574K(2752K)->2574K(2752K)
[2026-03-19T11:31:47.342+0800][23.832s][info][gc          ] GC(33) Pause Young (Concurrent Start) (G1 Humongous Allocation) 71M->28M(128M) 3.557ms
[2026-03-19T11:31:47.342+0800][23.832s][info][gc,cpu      ] GC(33) User=0.03s Sys=0.02s Real=0.01s
[2026-03-19T11:31:47.342+0800][23.832s][info][gc          ] GC(34) Concurrent Undo Cycle
[2026-03-19T11:31:47.342+0800][23.832s][info][gc,marking  ] GC(34) Concurrent Cleanup for Next Mark
[2026-03-19T11:31:47.343+0800][23.833s][info][gc,marking  ] GC(34) Concurrent Cleanup for Next Mark 0.514ms
[2026-03-19T11:31:47.343+0800][23.833s][info][gc          ] GC(34) Concurrent Undo Cycle 0.851ms
[2026-03-19T11:31:48.291+0800][24.781s][info][gc,start    ] GC(35) Pause Young (Concurrent Start) (G1 Humongous Allocation)
[2026-03-19T11:31:48.291+0800][24.781s][info][gc,task     ] GC(35) Using 3 workers of 13 for evacuation
[2026-03-19T11:31:48.294+0800][24.784s][info][gc,phases   ] GC(35)   Pre Evacuate Collection Set: 0.2ms
[2026-03-19T11:31:48.294+0800][24.784s][info][gc,phases   ] GC(35)   Merge Heap Roots: 0.1ms
[2026-03-19T11:31:48.294+0800][24.784s][info][gc,phases   ] GC(35)   Evacuate Collection Set: 1.2ms
[2026-03-19T11:31:48.294+0800][24.784s][info][gc,phases   ] GC(35)   Post Evacuate Collection Set: 1.0ms
[2026-03-19T11:31:48.294+0800][24.784s][info][gc,phases   ] GC(35)   Other: 0.5ms
[2026-03-19T11:31:48.294+0800][24.784s][info][gc,heap     ] GC(35) Eden regions: 14->0(74)
[2026-03-19T11:31:48.294+0800][24.784s][info][gc,heap     ] GC(35) Survivor regions: 2->2(10)
[2026-03-19T11:31:48.294+0800][24.784s][info][gc,heap     ] GC(35) Old regions: 17->17
[2026-03-19T11:31:48.295+0800][24.784s][info][gc,heap     ] GC(35) Archive regions: 0->0
[2026-03-19T11:31:48.295+0800][24.785s][info][gc,heap     ] GC(35) Humongous regions: 40->10
[2026-03-19T11:31:48.295+0800][24.785s][info][gc,metaspace] GC(35) Metaspace: 22235K(22528K)->22235K(22528K) NonClass: 19643K(19776K)->19643K(19776K) Class: 2591K(2752K)->2591K(2752K)
[2026-03-19T11:31:48.295+0800][24.785s][info][gc          ] GC(35) Pause Young (Concurrent Start) (G1 Humongous Allocation) 71M->28M(128M) 4.164ms
[2026-03-19T11:31:48.295+0800][24.785s][info][gc,cpu      ] GC(35) User=0.02s Sys=0.03s Real=0.00s
[2026-03-19T11:31:48.295+0800][24.785s][info][gc          ] GC(36) Concurrent Undo Cycle
[2026-03-19T11:31:48.295+0800][24.785s][info][gc,marking  ] GC(36) Concurrent Cleanup for Next Mark
[2026-03-19T11:31:48.296+0800][24.786s][info][gc,marking  ] GC(36) Concurrent Cleanup for Next Mark 0.568ms
[2026-03-19T11:31:48.296+0800][24.786s][info][gc          ] GC(36) Concurrent Undo Cycle 0.954ms
[2026-03-19T11:31:49.243+0800][25.733s][info][gc,start    ] GC(37) Pause Young (Concurrent Start) (G1 Humongous Allocation)
[2026-03-19T11:31:49.244+0800][25.734s][info][gc,task     ] GC(37) Using 3 workers of 13 for evacuation
[2026-03-19T11:31:49.246+0800][25.736s][info][gc,phases   ] GC(37)   Pre Evacuate Collection Set: 0.2ms
[2026-03-19T11:31:49.246+0800][25.736s][info][gc,phases   ] GC(37)   Merge Heap Roots: 0.1ms
[2026-03-19T11:31:49.246+0800][25.736s][info][gc,phases   ] GC(37)   Evacuate Collection Set: 1.1ms
[2026-03-19T11:31:49.246+0800][25.737s][info][gc,phases   ] GC(37)   Post Evacuate Collection Set: 0.9ms
[2026-03-19T11:31:49.246+0800][25.737s][info][gc,phases   ] GC(37)   Other: 0.5ms
[2026-03-19T11:31:49.247+0800][25.737s][info][gc,heap     ] GC(37) Eden regions: 13->0(74)
[2026-03-19T11:31:49.247+0800][25.737s][info][gc,heap     ] GC(37) Survivor regions: 2->2(10)
[2026-03-19T11:31:49.247+0800][25.737s][info][gc,heap     ] GC(37) Old regions: 17->17
[2026-03-19T11:31:49.247+0800][25.737s][info][gc,heap     ] GC(37) Archive regions: 0->0
[2026-03-19T11:31:49.247+0800][25.737s][info][gc,heap     ] GC(37) Humongous regions: 40->10
[2026-03-19T11:31:49.247+0800][25.737s][info][gc,metaspace] GC(37) Metaspace: 22245K(22528K)->22245K(22528K) NonClass: 19653K(19776K)->19653K(19776K) Class: 2591K(2752K)->2591K(2752K)
[2026-03-19T11:31:49.247+0800][25.737s][info][gc          ] GC(37) Pause Young (Concurrent Start) (G1 Humongous Allocation) 71M->28M(128M) 3.675ms
[2026-03-19T11:31:49.247+0800][25.737s][info][gc,cpu      ] GC(37) User=0.02s Sys=0.00s Real=0.00s
[2026-03-19T11:31:49.247+0800][25.737s][info][gc          ] GC(38) Concurrent Undo Cycle
[2026-03-19T11:31:49.247+0800][25.738s][info][gc,marking  ] GC(38) Concurrent Cleanup for Next Mark
[2026-03-19T11:31:49.247+0800][25.738s][info][gc,marking  ] GC(38) Concurrent Cleanup for Next Mark 0.500ms
[2026-03-19T11:31:49.247+0800][25.738s][info][gc          ] GC(38) Concurrent Undo Cycle 0.845ms
[2026-03-19T11:31:50.193+0800][26.683s][info][gc,start    ] GC(39) Pause Young (Concurrent Start) (G1 Humongous Allocation)
[2026-03-19T11:31:50.193+0800][26.683s][info][gc,task     ] GC(39) Using 3 workers of 13 for evacuation
[2026-03-19T11:31:50.195+0800][26.685s][info][gc,phases   ] GC(39)   Pre Evacuate Collection Set: 0.2ms
[2026-03-19T11:31:50.195+0800][26.685s][info][gc,phases   ] GC(39)   Merge Heap Roots: 0.2ms
[2026-03-19T11:31:50.195+0800][26.685s][info][gc,phases   ] GC(39)   Evacuate Collection Set: 0.8ms
[2026-03-19T11:31:50.196+0800][26.685s][info][gc,phases   ] GC(39)   Post Evacuate Collection Set: 0.6ms
[2026-03-19T11:31:50.196+0800][26.685s][info][gc,phases   ] GC(39)   Other: 0.3ms
[2026-03-19T11:31:50.196+0800][26.685s][info][gc,heap     ] GC(39) Eden regions: 13->0(74)
[2026-03-19T11:31:50.196+0800][26.685s][info][gc,heap     ] GC(39) Survivor regions: 2->2(10)
[2026-03-19T11:31:50.196+0800][26.686s][info][gc,heap     ] GC(39) Old regions: 17->17
[2026-03-19T11:31:50.196+0800][26.686s][info][gc,heap     ] GC(39) Archive regions: 0->0
[2026-03-19T11:31:50.196+0800][26.686s][info][gc,heap     ] GC(39) Humongous regions: 40->10
[2026-03-19T11:31:50.196+0800][26.686s][info][gc,metaspace] GC(39) Metaspace: 22255K(22592K)->22255K(22592K) NonClass: 19663K(19840K)->19663K(19840K) Class: 2591K(2752K)->2591K(2752K)
[2026-03-19T11:31:50.196+0800][26.686s][info][gc          ] GC(39) Pause Young (Concurrent Start) (G1 Humongous Allocation) 71M->28M(128M) 2.664ms
[2026-03-19T11:31:50.196+0800][26.686s][info][gc,cpu      ] GC(39) User=0.00s Sys=0.00s Real=0.00s
[2026-03-19T11:31:50.196+0800][26.686s][info][gc          ] GC(40) Concurrent Undo Cycle
[2026-03-19T11:31:50.196+0800][26.686s][info][gc,marking  ] GC(40) Concurrent Cleanup for Next Mark
[2026-03-19T11:31:50.197+0800][26.687s][info][gc,marking  ] GC(40) Concurrent Cleanup for Next Mark 0.461ms
[2026-03-19T11:31:50.197+0800][26.687s][info][gc          ] GC(40) Concurrent Undo Cycle 0.801ms
[2026-03-19T11:31:51.142+0800][27.632s][info][gc,start    ] GC(41) Pause Young (Concurrent Start) (G1 Humongous Allocation)
[2026-03-19T11:31:51.143+0800][27.633s][info][gc,task     ] GC(41) Using 3 workers of 13 for evacuation
[2026-03-19T11:31:51.145+0800][27.635s][info][gc,phases   ] GC(41)   Pre Evacuate Collection Set: 0.3ms
[2026-03-19T11:31:51.146+0800][27.635s][info][gc,phases   ] GC(41)   Merge Heap Roots: 0.2ms
[2026-03-19T11:31:51.146+0800][27.636s][info][gc,phases   ] GC(41)   Evacuate Collection Set: 0.9ms
[2026-03-19T11:31:51.146+0800][27.636s][info][gc,phases   ] GC(41)   Post Evacuate Collection Set: 1.2ms
[2026-03-19T11:31:51.146+0800][27.636s][info][gc,phases   ] GC(41)   Other: 0.4ms
[2026-03-19T11:31:51.146+0800][27.636s][info][gc,heap     ] GC(41) Eden regions: 13->0(74)
[2026-03-19T11:31:51.146+0800][27.636s][info][gc,heap     ] GC(41) Survivor regions: 2->2(10)
[2026-03-19T11:31:51.146+0800][27.636s][info][gc,heap     ] GC(41) Old regions: 17->17
[2026-03-19T11:31:51.146+0800][27.636s][info][gc,heap     ] GC(41) Archive regions: 0->0
[2026-03-19T11:31:51.146+0800][27.636s][info][gc,heap     ] GC(41) Humongous regions: 40->10
[2026-03-19T11:31:51.146+0800][27.636s][info][gc,metaspace] GC(41) Metaspace: 22260K(22592K)->22260K(22592K) NonClass: 19668K(19840K)->19668K(19840K) Class: 2591K(2752K)->2591K(2752K)
[2026-03-19T11:31:51.146+0800][27.636s][info][gc          ] GC(41) Pause Young (Concurrent Start) (G1 Humongous Allocation) 71M->28M(128M) 3.589ms
[2026-03-19T11:31:51.146+0800][27.636s][info][gc,cpu      ] GC(41) User=0.00s Sys=0.00s Real=0.00s
[2026-03-19T11:31:51.146+0800][27.636s][info][gc          ] GC(42) Concurrent Undo Cycle
[2026-03-19T11:31:51.146+0800][27.636s][info][gc,marking  ] GC(42) Concurrent Cleanup for Next Mark
[2026-03-19T11:31:51.147+0800][27.637s][info][gc,marking  ] GC(42) Concurrent Cleanup for Next Mark 0.491ms
[2026-03-19T11:31:51.147+0800][27.637s][info][gc          ] GC(42) Concurrent Undo Cycle 0.751ms
[2026-03-19T11:31:52.077+0800][28.566s][info][gc,start    ] GC(43) Pause Young (Concurrent Start) (G1 Humongous Allocation)
[2026-03-19T11:31:52.077+0800][28.566s][info][gc,task     ] GC(43) Using 3 workers of 13 for evacuation
[2026-03-19T11:31:52.079+0800][28.569s][info][gc,phases   ] GC(43)   Pre Evacuate Collection Set: 0.1ms
[2026-03-19T11:31:52.080+0800][28.569s][info][gc,phases   ] GC(43)   Merge Heap Roots: 0.1ms
[2026-03-19T11:31:52.080+0800][28.569s][info][gc,phases   ] GC(43)   Evacuate Collection Set: 0.9ms
[2026-03-19T11:31:52.080+0800][28.569s][info][gc,phases   ] GC(43)   Post Evacuate Collection Set: 1.1ms
[2026-03-19T11:31:52.080+0800][28.569s][info][gc,phases   ] GC(43)   Other: 0.3ms
[2026-03-19T11:31:52.080+0800][28.569s][info][gc,heap     ] GC(43) Eden regions: 13->0(74)
[2026-03-19T11:31:52.080+0800][28.569s][info][gc,heap     ] GC(43) Survivor regions: 2->2(10)
[2026-03-19T11:31:52.080+0800][28.569s][info][gc,heap     ] GC(43) Old regions: 17->17
[2026-03-19T11:31:52.080+0800][28.569s][info][gc,heap     ] GC(43) Archive regions: 0->0
[2026-03-19T11:31:52.080+0800][28.569s][info][gc,heap     ] GC(43) Humongous regions: 40->10
[2026-03-19T11:31:52.080+0800][28.569s][info][gc,metaspace] GC(43) Metaspace: 22269K(22592K)->22269K(22592K) NonClass: 19678K(19840K)->19678K(19840K) Class: 2591K(2752K)->2591K(2752K)
[2026-03-19T11:31:52.080+0800][28.570s][info][gc          ] GC(43) Pause Young (Concurrent Start) (G1 Humongous Allocation) 71M->28M(128M) 3.179ms
[2026-03-19T11:31:52.080+0800][28.570s][info][gc,cpu      ] GC(43) User=0.00s Sys=0.00s Real=0.00s
[2026-03-19T11:31:52.080+0800][28.570s][info][gc          ] GC(44) Concurrent Undo Cycle
[2026-03-19T11:31:52.080+0800][28.570s][info][gc,marking  ] GC(44) Concurrent Cleanup for Next Mark
[2026-03-19T11:31:52.081+0800][28.570s][info][gc,marking  ] GC(44) Concurrent Cleanup for Next Mark 0.475ms
[2026-03-19T11:31:52.081+0800][28.570s][info][gc          ] GC(44) Concurrent Undo Cycle 0.721ms
[2026-03-19T11:31:53.020+0800][29.510s][info][gc,start    ] GC(45) Pause Young (Concurrent Start) (G1 Humongous Allocation)
[2026-03-19T11:31:53.020+0800][29.511s][info][gc,task     ] GC(45) Using 3 workers of 13 for evacuation
[2026-03-19T11:31:53.023+0800][29.513s][info][gc,phases   ] GC(45)   Pre Evacuate Collection Set: 0.3ms
[2026-03-19T11:31:53.023+0800][29.514s][info][gc,phases   ] GC(45)   Merge Heap Roots: 0.2ms
[2026-03-19T11:31:53.023+0800][29.514s][info][gc,phases   ] GC(45)   Evacuate Collection Set: 1.1ms
[2026-03-19T11:31:53.023+0800][29.514s][info][gc,phases   ] GC(45)   Post Evacuate Collection Set: 1.0ms
[2026-03-19T11:31:53.025+0800][29.514s][info][gc,phases   ] GC(45)   Other: 0.5ms
[2026-03-19T11:31:53.025+0800][29.514s][info][gc,heap     ] GC(45) Eden regions: 13->0(74)
[2026-03-19T11:31:53.025+0800][29.514s][info][gc,heap     ] GC(45) Survivor regions: 2->2(10)
[2026-03-19T11:31:53.025+0800][29.514s][info][gc,heap     ] GC(45) Old regions: 17->17
[2026-03-19T11:31:53.025+0800][29.514s][info][gc,heap     ] GC(45) Archive regions: 0->0
[2026-03-19T11:31:53.025+0800][29.514s][info][gc,heap     ] GC(45) Humongous regions: 40->10
[2026-03-19T11:31:53.025+0800][29.514s][info][gc,metaspace] GC(45) Metaspace: 22272K(22592K)->22272K(22592K) NonClass: 19680K(19840K)->19680K(19840K) Class: 2591K(2752K)->2591K(2752K)
[2026-03-19T11:31:53.025+0800][29.514s][info][gc          ] GC(45) Pause Young (Concurrent Start) (G1 Humongous Allocation) 70M->28M(128M) 4.027ms
[2026-03-19T11:31:53.025+0800][29.514s][info][gc,cpu      ] GC(45) User=0.00s Sys=0.00s Real=0.01s
[2026-03-19T11:31:53.025+0800][29.515s][info][gc          ] GC(46) Concurrent Undo Cycle
[2026-03-19T11:31:53.026+0800][29.515s][info][gc,marking  ] GC(46) Concurrent Cleanup for Next Mark
[2026-03-19T11:31:53.026+0800][29.516s][info][gc,marking  ] GC(46) Concurrent Cleanup for Next Mark 0.631ms
[2026-03-19T11:31:53.026+0800][29.516s][info][gc          ] GC(46) Concurrent Undo Cycle 1.183ms
[2026-03-19T11:31:53.967+0800][30.457s][info][gc,start    ] GC(47) Pause Young (Concurrent Start) (G1 Humongous Allocation)
[2026-03-19T11:31:53.967+0800][30.457s][info][gc,task     ] GC(47) Using 3 workers of 13 for evacuation
[2026-03-19T11:31:53.969+0800][30.459s][info][gc,phases   ] GC(47)   Pre Evacuate Collection Set: 0.2ms
[2026-03-19T11:31:53.970+0800][30.459s][info][gc,phases   ] GC(47)   Merge Heap Roots: 0.2ms
[2026-03-19T11:31:53.970+0800][30.459s][info][gc,phases   ] GC(47)   Evacuate Collection Set: 0.7ms
[2026-03-19T11:31:53.970+0800][30.459s][info][gc,phases   ] GC(47)   Post Evacuate Collection Set: 0.7ms
[2026-03-19T11:31:53.970+0800][30.459s][info][gc,phases   ] GC(47)   Other: 0.3ms
[2026-03-19T11:31:53.970+0800][30.459s][info][gc,heap     ] GC(47) Eden regions: 13->0(74)
[2026-03-19T11:31:53.970+0800][30.459s][info][gc,heap     ] GC(47) Survivor regions: 2->2(10)
[2026-03-19T11:31:53.970+0800][30.459s][info][gc,heap     ] GC(47) Old regions: 17->17
[2026-03-19T11:31:53.970+0800][30.459s][info][gc,heap     ] GC(47) Archive regions: 0->0
[2026-03-19T11:31:53.970+0800][30.459s][info][gc,heap     ] GC(47) Humongous regions: 40->10
[2026-03-19T11:31:53.970+0800][30.459s][info][gc,metaspace] GC(47) Metaspace: 22290K(22592K)->22290K(22592K) NonClass: 19698K(19840K)->19698K(19840K) Class: 2591K(2752K)->2591K(2752K)
[2026-03-19T11:31:53.970+0800][30.459s][info][gc          ] GC(47) Pause Young (Concurrent Start) (G1 Humongous Allocation) 70M->28M(128M) 2.622ms
[2026-03-19T11:31:53.970+0800][30.459s][info][gc,cpu      ] GC(47) User=0.00s Sys=0.00s Real=0.00s
[2026-03-19T11:31:53.970+0800][30.460s][info][gc          ] GC(48) Concurrent Undo Cycle
[2026-03-19T11:31:53.970+0800][30.460s][info][gc,marking  ] GC(48) Concurrent Cleanup for Next Mark
[2026-03-19T11:31:53.971+0800][30.460s][info][gc,marking  ] GC(48) Concurrent Cleanup for Next Mark 0.349ms
[2026-03-19T11:31:53.971+0800][30.460s][info][gc          ] GC(48) Concurrent Undo Cycle 0.595ms
[2026-03-19T11:31:54.905+0800][31.395s][info][gc,start    ] GC(49) Pause Young (Concurrent Start) (G1 Humongous Allocation)
[2026-03-19T11:31:54.905+0800][31.395s][info][gc,task     ] GC(49) Using 3 workers of 13 for evacuation
[2026-03-19T11:31:54.908+0800][31.398s][info][gc,phases   ] GC(49)   Pre Evacuate Collection Set: 0.2ms
[2026-03-19T11:31:54.908+0800][31.398s][info][gc,phases   ] GC(49)   Merge Heap Roots: 0.2ms
[2026-03-19T11:31:54.908+0800][31.398s][info][gc,phases   ] GC(49)   Evacuate Collection Set: 1.2ms
[2026-03-19T11:31:54.908+0800][31.398s][info][gc,phases   ] GC(49)   Post Evacuate Collection Set: 0.9ms
[2026-03-19T11:31:54.908+0800][31.398s][info][gc,phases   ] GC(49)   Other: 0.5ms
[2026-03-19T11:31:54.908+0800][31.398s][info][gc,heap     ] GC(49) Eden regions: 13->0(74)
[2026-03-19T11:31:54.908+0800][31.398s][info][gc,heap     ] GC(49) Survivor regions: 2->2(10)
[2026-03-19T11:31:54.908+0800][31.398s][info][gc,heap     ] GC(49) Old regions: 17->17
[2026-03-19T11:31:54.908+0800][31.398s][info][gc,heap     ] GC(49) Archive regions: 0->0
[2026-03-19T11:31:54.908+0800][31.398s][info][gc,heap     ] GC(49) Humongous regions: 40->10
[2026-03-19T11:31:54.908+0800][31.398s][info][gc,metaspace] GC(49) Metaspace: 22291K(22592K)->22291K(22592K) NonClass: 19699K(19840K)->19699K(19840K) Class: 2591K(2752K)->2591K(2752K)
[2026-03-19T11:31:54.909+0800][31.398s][info][gc          ] GC(49) Pause Young (Concurrent Start) (G1 Humongous Allocation) 70M->28M(128M) 3.616ms
[2026-03-19T11:31:54.909+0800][31.399s][info][gc,cpu      ] GC(49) User=0.00s Sys=0.00s Real=0.00s
[2026-03-19T11:31:54.909+0800][31.399s][info][gc          ] GC(50) Concurrent Undo Cycle
[2026-03-19T11:31:54.909+0800][31.399s][info][gc,marking  ] GC(50) Concurrent Cleanup for Next Mark
[2026-03-19T11:31:54.910+0800][31.399s][info][gc,marking  ] GC(50) Concurrent Cleanup for Next Mark 0.387ms
[2026-03-19T11:31:54.910+0800][31.399s][info][gc          ] GC(50) Concurrent Undo Cycle 0.588ms
[2026-03-19T11:31:55.856+0800][32.347s][info][gc,start    ] GC(51) Pause Young (Concurrent Start) (G1 Humongous Allocation)
[2026-03-19T11:31:55.856+0800][32.347s][info][gc,task     ] GC(51) Using 3 workers of 13 for evacuation
[2026-03-19T11:31:55.859+0800][32.349s][info][gc,phases   ] GC(51)   Pre Evacuate Collection Set: 0.2ms
[2026-03-19T11:31:55.859+0800][32.349s][info][gc,phases   ] GC(51)   Merge Heap Roots: 0.2ms
[2026-03-19T11:31:55.859+0800][32.349s][info][gc,phases   ] GC(51)   Evacuate Collection Set: 0.8ms
[2026-03-19T11:31:55.859+0800][32.349s][info][gc,phases   ] GC(51)   Post Evacuate Collection Set: 0.7ms
[2026-03-19T11:31:55.859+0800][32.349s][info][gc,phases   ] GC(51)   Other: 0.4ms
[2026-03-19T11:31:55.859+0800][32.349s][info][gc,heap     ] GC(51) Eden regions: 13->0(74)
[2026-03-19T11:31:55.859+0800][32.349s][info][gc,heap     ] GC(51) Survivor regions: 2->2(10)
[2026-03-19T11:31:55.859+0800][32.349s][info][gc,heap     ] GC(51) Old regions: 17->17
[2026-03-19T11:31:55.859+0800][32.349s][info][gc,heap     ] GC(51) Archive regions: 0->0
[2026-03-19T11:31:55.859+0800][32.349s][info][gc,heap     ] GC(51) Humongous regions: 40->10
[2026-03-19T11:31:55.859+0800][32.349s][info][gc,metaspace] GC(51) Metaspace: 22291K(22592K)->22291K(22592K) NonClass: 19699K(19840K)->19699K(19840K) Class: 2591K(2752K)->2591K(2752K)
[2026-03-19T11:31:55.860+0800][32.349s][info][gc          ] GC(51) Pause Young (Concurrent Start) (G1 Humongous Allocation) 70M->28M(128M) 2.730ms
[2026-03-19T11:31:55.860+0800][32.349s][info][gc,cpu      ] GC(51) User=0.00s Sys=0.00s Real=0.00s
[2026-03-19T11:31:55.860+0800][32.349s][info][gc          ] GC(52) Concurrent Undo Cycle
[2026-03-19T11:31:55.860+0800][32.350s][info][gc,marking  ] GC(52) Concurrent Cleanup for Next Mark
[2026-03-19T11:31:55.860+0800][32.350s][info][gc,marking  ] GC(52) Concurrent Cleanup for Next Mark 0.415ms
[2026-03-19T11:31:55.860+0800][32.350s][info][gc          ] GC(52) Concurrent Undo Cycle 0.653ms
[2026-03-19T11:31:56.805+0800][33.295s][info][gc,start    ] GC(53) Pause Young (Concurrent Start) (G1 Humongous Allocation)
[2026-03-19T11:31:56.806+0800][33.295s][info][gc,task     ] GC(53) Using 3 workers of 13 for evacuation
[2026-03-19T11:31:56.808+0800][33.298s][info][gc,phases   ] GC(53)   Pre Evacuate Collection Set: 0.2ms
[2026-03-19T11:31:56.809+0800][33.298s][info][gc,phases   ] GC(53)   Merge Heap Roots: 0.2ms
[2026-03-19T11:31:56.809+0800][33.298s][info][gc,phases   ] GC(53)   Evacuate Collection Set: 1.3ms
[2026-03-19T11:31:56.809+0800][33.298s][info][gc,phases   ] GC(53)   Post Evacuate Collection Set: 0.9ms
[2026-03-19T11:31:56.809+0800][33.299s][info][gc,phases   ] GC(53)   Other: 0.5ms
[2026-03-19T11:31:56.809+0800][33.299s][info][gc,heap     ] GC(53) Eden regions: 13->0(74)
[2026-03-19T11:31:56.809+0800][33.299s][info][gc,heap     ] GC(53) Survivor regions: 2->2(10)
[2026-03-19T11:31:56.809+0800][33.299s][info][gc,heap     ] GC(53) Old regions: 17->17
[2026-03-19T11:31:56.809+0800][33.299s][info][gc,heap     ] GC(53) Archive regions: 0->0
[2026-03-19T11:31:56.809+0800][33.299s][info][gc,heap     ] GC(53) Humongous regions: 40->10
[2026-03-19T11:31:56.809+0800][33.299s][info][gc,metaspace] GC(53) Metaspace: 22295K(22592K)->22295K(22592K) NonClass: 19703K(19840K)->19703K(19840K) Class: 2591K(2752K)->2591K(2752K)
[2026-03-19T11:31:56.809+0800][33.299s][info][gc          ] GC(53) Pause Young (Concurrent Start) (G1 Humongous Allocation) 70M->28M(128M) 4.130ms
[2026-03-19T11:31:56.809+0800][33.299s][info][gc,cpu      ] GC(53) User=0.00s Sys=0.00s Real=0.00s
[2026-03-19T11:31:56.809+0800][33.299s][info][gc          ] GC(54) Concurrent Undo Cycle
[2026-03-19T11:31:56.809+0800][33.300s][info][gc,marking  ] GC(54) Concurrent Cleanup for Next Mark
[2026-03-19T11:31:56.810+0800][33.300s][info][gc,marking  ] GC(54) Concurrent Cleanup for Next Mark 0.635ms
[2026-03-19T11:31:56.810+0800][33.300s][info][gc          ] GC(54) Concurrent Undo Cycle 1.051ms
[2026-03-19T11:31:57.754+0800][34.244s][info][gc,start    ] GC(55) Pause Young (Concurrent Start) (G1 Humongous Allocation)
[2026-03-19T11:31:57.754+0800][34.244s][info][gc,task     ] GC(55) Using 3 workers of 13 for evacuation
[2026-03-19T11:31:57.756+0800][34.246s][info][gc,phases   ] GC(55)   Pre Evacuate Collection Set: 0.3ms
[2026-03-19T11:31:57.757+0800][34.246s][info][gc,phases   ] GC(55)   Merge Heap Roots: 0.1ms
[2026-03-19T11:31:57.757+0800][34.246s][info][gc,phases   ] GC(55)   Evacuate Collection Set: 0.7ms
[2026-03-19T11:31:57.757+0800][34.246s][info][gc,phases   ] GC(55)   Post Evacuate Collection Set: 0.9ms
[2026-03-19T11:31:57.757+0800][34.246s][info][gc,phases   ] GC(55)   Other: 0.4ms
[2026-03-19T11:31:57.757+0800][34.246s][info][gc,heap     ] GC(55) Eden regions: 15->0(74)
[2026-03-19T11:31:57.757+0800][34.247s][info][gc,heap     ] GC(55) Survivor regions: 2->2(10)
[2026-03-19T11:31:57.757+0800][34.247s][info][gc,heap     ] GC(55) Old regions: 17->17
[2026-03-19T11:31:57.757+0800][34.247s][info][gc,heap     ] GC(55) Archive regions: 0->0
[2026-03-19T11:31:57.757+0800][34.247s][info][gc,heap     ] GC(55) Humongous regions: 40->10
[2026-03-19T11:31:57.757+0800][34.247s][info][gc,metaspace] GC(55) Metaspace: 22535K(22848K)->22535K(22848K) NonClass: 19927K(20096K)->19927K(20096K) Class: 2608K(2752K)->2608K(2752K)
[2026-03-19T11:31:57.757+0800][34.247s][info][gc          ] GC(55) Pause Young (Concurrent Start) (G1 Humongous Allocation) 73M->28M(128M) 3.002ms
[2026-03-19T11:31:57.757+0800][34.247s][info][gc,cpu      ] GC(55) User=0.00s Sys=0.00s Real=0.00s
[2026-03-19T11:31:57.757+0800][34.247s][info][gc          ] GC(56) Concurrent Undo Cycle
[2026-03-19T11:31:57.757+0800][34.247s][info][gc,marking  ] GC(56) Concurrent Cleanup for Next Mark
[2026-03-19T11:31:57.758+0800][34.248s][info][gc,marking  ] GC(56) Concurrent Cleanup for Next Mark 0.955ms
[2026-03-19T11:31:57.759+0800][34.248s][info][gc          ] GC(56) Concurrent Undo Cycle 1.389ms
[2026-03-19T11:31:58.690+0800][35.179s][info][gc,start    ] GC(57) Pause Young (Concurrent Start) (G1 Humongous Allocation)
[2026-03-19T11:31:58.690+0800][35.179s][info][gc,task     ] GC(57) Using 3 workers of 13 for evacuation
[2026-03-19T11:31:58.693+0800][35.182s][info][gc,phases   ] GC(57)   Pre Evacuate Collection Set: 0.2ms
[2026-03-19T11:31:58.693+0800][35.182s][info][gc,phases   ] GC(57)   Merge Heap Roots: 0.2ms
[2026-03-19T11:31:58.693+0800][35.182s][info][gc,phases   ] GC(57)   Evacuate Collection Set: 1.1ms
[2026-03-19T11:31:58.693+0800][35.183s][info][gc,phases   ] GC(57)   Post Evacuate Collection Set: 1.0ms
[2026-03-19T11:31:58.693+0800][35.183s][info][gc,phases   ] GC(57)   Other: 0.7ms
[2026-03-19T11:31:58.693+0800][35.183s][info][gc,heap     ] GC(57) Eden regions: 13->0(74)
[2026-03-19T11:31:58.693+0800][35.183s][info][gc,heap     ] GC(57) Survivor regions: 2->2(10)
[2026-03-19T11:31:58.694+0800][35.183s][info][gc,heap     ] GC(57) Old regions: 17->17
[2026-03-19T11:31:58.694+0800][35.183s][info][gc,heap     ] GC(57) Archive regions: 0->0
[2026-03-19T11:31:58.694+0800][35.183s][info][gc,heap     ] GC(57) Humongous regions: 40->10
[2026-03-19T11:31:58.694+0800][35.183s][info][gc,metaspace] GC(57) Metaspace: 22535K(22848K)->22535K(22848K) NonClass: 19927K(20096K)->19927K(20096K) Class: 2608K(2752K)->2608K(2752K)
[2026-03-19T11:31:58.694+0800][35.183s][info][gc          ] GC(57) Pause Young (Concurrent Start) (G1 Humongous Allocation) 70M->28M(128M) 4.210ms
[2026-03-19T11:31:58.694+0800][35.183s][info][gc,cpu      ] GC(57) User=0.00s Sys=0.00s Real=0.00s
[2026-03-19T11:31:58.694+0800][35.183s][info][gc          ] GC(58) Concurrent Undo Cycle
[2026-03-19T11:31:58.694+0800][35.184s][info][gc,marking  ] GC(58) Concurrent Cleanup for Next Mark
[2026-03-19T11:31:58.695+0800][35.184s][info][gc,marking  ] GC(58) Concurrent Cleanup for Next Mark 0.537ms
[2026-03-19T11:31:58.695+0800][35.184s][info][gc          ] GC(58) Concurrent Undo Cycle 0.934ms
[2026-03-19T11:31:59.640+0800][36.130s][info][gc,start    ] GC(59) Pause Young (Concurrent Start) (G1 Humongous Allocation)
[2026-03-19T11:31:59.640+0800][36.130s][info][gc,task     ] GC(59) Using 3 workers of 13 for evacuation
[2026-03-19T11:31:59.643+0800][36.132s][info][gc,phases   ] GC(59)   Pre Evacuate Collection Set: 0.2ms
[2026-03-19T11:31:59.643+0800][36.133s][info][gc,phases   ] GC(59)   Merge Heap Roots: 0.2ms
[2026-03-19T11:31:59.643+0800][36.133s][info][gc,phases   ] GC(59)   Evacuate Collection Set: 0.8ms
[2026-03-19T11:31:59.643+0800][36.133s][info][gc,phases   ] GC(59)   Post Evacuate Collection Set: 0.8ms
[2026-03-19T11:31:59.643+0800][36.133s][info][gc,phases   ] GC(59)   Other: 0.5ms
[2026-03-19T11:31:59.643+0800][36.133s][info][gc,heap     ] GC(59) Eden regions: 13->0(74)
[2026-03-19T11:31:59.643+0800][36.133s][info][gc,heap     ] GC(59) Survivor regions: 2->2(10)
[2026-03-19T11:31:59.643+0800][36.133s][info][gc,heap     ] GC(59) Old regions: 17->17
[2026-03-19T11:31:59.643+0800][36.133s][info][gc,heap     ] GC(59) Archive regions: 0->0
[2026-03-19T11:31:59.643+0800][36.133s][info][gc,heap     ] GC(59) Humongous regions: 40->10
[2026-03-19T11:31:59.643+0800][36.133s][info][gc,metaspace] GC(59) Metaspace: 22537K(22848K)->22537K(22848K) NonClass: 19929K(20096K)->19929K(20096K) Class: 2608K(2752K)->2608K(2752K)
[2026-03-19T11:31:59.643+0800][36.133s][info][gc          ] GC(59) Pause Young (Concurrent Start) (G1 Humongous Allocation) 70M->28M(128M) 3.324ms
[2026-03-19T11:31:59.643+0800][36.133s][info][gc,cpu      ] GC(59) User=0.00s Sys=0.00s Real=0.00s
[2026-03-19T11:31:59.643+0800][36.133s][info][gc          ] GC(60) Concurrent Undo Cycle
[2026-03-19T11:31:59.644+0800][36.134s][info][gc,marking  ] GC(60) Concurrent Cleanup for Next Mark
[2026-03-19T11:31:59.644+0800][36.134s][info][gc,marking  ] GC(60) Concurrent Cleanup for Next Mark 0.457ms
[2026-03-19T11:31:59.644+0800][36.134s][info][gc          ] GC(60) Concurrent Undo Cycle 0.800ms
[2026-03-19T11:32:00.579+0800][37.069s][info][gc,start    ] GC(61) Pause Young (Concurrent Start) (G1 Humongous Allocation)
[2026-03-19T11:32:00.579+0800][37.069s][info][gc,task     ] GC(61) Using 3 workers of 13 for evacuation
[2026-03-19T11:32:00.581+0800][37.071s][info][gc,phases   ] GC(61)   Pre Evacuate Collection Set: 0.2ms
[2026-03-19T11:32:00.581+0800][37.071s][info][gc,phases   ] GC(61)   Merge Heap Roots: 0.2ms
[2026-03-19T11:32:00.581+0800][37.071s][info][gc,phases   ] GC(61)   Evacuate Collection Set: 0.7ms
[2026-03-19T11:32:00.581+0800][37.071s][info][gc,phases   ] GC(61)   Post Evacuate Collection Set: 0.6ms
[2026-03-19T11:32:00.581+0800][37.071s][info][gc,phases   ] GC(61)   Other: 0.4ms
[2026-03-19T11:32:00.581+0800][37.071s][info][gc,heap     ] GC(61) Eden regions: 13->0(74)
[2026-03-19T11:32:00.581+0800][37.071s][info][gc,heap     ] GC(61) Survivor regions: 2->2(10)
[2026-03-19T11:32:00.581+0800][37.071s][info][gc,heap     ] GC(61) Old regions: 17->17
[2026-03-19T11:32:00.581+0800][37.071s][info][gc,heap     ] GC(61) Archive regions: 0->0
[2026-03-19T11:32:00.582+0800][37.071s][info][gc,heap     ] GC(61) Humongous regions: 40->10
[2026-03-19T11:32:00.582+0800][37.071s][info][gc,metaspace] GC(61) Metaspace: 22537K(22848K)->22537K(22848K) NonClass: 19929K(20096K)->19929K(20096K) Class: 2608K(2752K)->2608K(2752K)
[2026-03-19T11:32:00.582+0800][37.071s][info][gc          ] GC(61) Pause Young (Concurrent Start) (G1 Humongous Allocation) 70M->28M(128M) 2.811ms
[2026-03-19T11:32:00.582+0800][37.071s][info][gc,cpu      ] GC(61) User=0.00s Sys=0.00s Real=0.00s
[2026-03-19T11:32:00.582+0800][37.072s][info][gc          ] GC(62) Concurrent Undo Cycle
[2026-03-19T11:32:00.582+0800][37.072s][info][gc,marking  ] GC(62) Concurrent Cleanup for Next Mark
[2026-03-19T11:32:00.582+0800][37.072s][info][gc,marking  ] GC(62) Concurrent Cleanup for Next Mark 0.377ms
[2026-03-19T11:32:00.583+0800][37.072s][info][gc          ] GC(62) Concurrent Undo Cycle 0.683ms
[2026-03-19T11:32:01.525+0800][38.014s][info][gc,start    ] GC(63) Pause Young (Concurrent Start) (G1 Humongous Allocation)
[2026-03-19T11:32:01.525+0800][38.014s][info][gc,task     ] GC(63) Using 3 workers of 13 for evacuation
[2026-03-19T11:32:01.528+0800][38.017s][info][gc,phases   ] GC(63)   Pre Evacuate Collection Set: 0.1ms
[2026-03-19T11:32:01.528+0800][38.018s][info][gc,phases   ] GC(63)   Merge Heap Roots: 0.6ms
[2026-03-19T11:32:01.528+0800][38.018s][info][gc,phases   ] GC(63)   Evacuate Collection Set: 1.0ms
[2026-03-19T11:32:01.528+0800][38.018s][info][gc,phases   ] GC(63)   Post Evacuate Collection Set: 1.2ms
[2026-03-19T11:32:01.528+0800][38.018s][info][gc,phases   ] GC(63)   Other: 0.5ms
[2026-03-19T11:32:01.528+0800][38.018s][info][gc,heap     ] GC(63) Eden regions: 13->0(74)
[2026-03-19T11:32:01.528+0800][38.018s][info][gc,heap     ] GC(63) Survivor regions: 2->2(10)
[2026-03-19T11:32:01.528+0800][38.018s][info][gc,heap     ] GC(63) Old regions: 17->17
[2026-03-19T11:32:01.528+0800][38.018s][info][gc,heap     ] GC(63) Archive regions: 0->0
[2026-03-19T11:32:01.528+0800][38.018s][info][gc,heap     ] GC(63) Humongous regions: 40->10
[2026-03-19T11:32:01.528+0800][38.018s][info][gc,metaspace] GC(63) Metaspace: 22539K(22848K)->22539K(22848K) NonClass: 19931K(20096K)->19931K(20096K) Class: 2608K(2752K)->2608K(2752K)
[2026-03-19T11:32:01.528+0800][38.018s][info][gc          ] GC(63) Pause Young (Concurrent Start) (G1 Humongous Allocation) 70M->28M(128M) 4.247ms
[2026-03-19T11:32:01.529+0800][38.018s][info][gc,cpu      ] GC(63) User=0.00s Sys=0.00s Real=0.00s
[2026-03-19T11:32:01.529+0800][38.019s][info][gc          ] GC(64) Concurrent Undo Cycle
[2026-03-19T11:32:01.529+0800][38.019s][info][gc,marking  ] GC(64) Concurrent Cleanup for Next Mark
[2026-03-19T11:32:01.529+0800][38.019s][info][gc,marking  ] GC(64) Concurrent Cleanup for Next Mark 0.577ms
[2026-03-19T11:32:01.529+0800][38.020s][info][gc          ] GC(64) Concurrent Undo Cycle 0.935ms
[2026-03-19T11:32:02.475+0800][38.965s][info][gc,start    ] GC(65) Pause Young (Concurrent Start) (G1 Humongous Allocation)
[2026-03-19T11:32:02.475+0800][38.965s][info][gc,task     ] GC(65) Using 3 workers of 13 for evacuation
[2026-03-19T11:32:02.478+0800][38.967s][info][gc,phases   ] GC(65)   Pre Evacuate Collection Set: 0.3ms
[2026-03-19T11:32:02.478+0800][38.967s][info][gc,phases   ] GC(65)   Merge Heap Roots: 0.2ms
[2026-03-19T11:32:02.478+0800][38.967s][info][gc,phases   ] GC(65)   Evacuate Collection Set: 0.6ms
[2026-03-19T11:32:02.478+0800][38.968s][info][gc,phases   ] GC(65)   Post Evacuate Collection Set: 1.1ms
[2026-03-19T11:32:02.478+0800][38.968s][info][gc,phases   ] GC(65)   Other: 0.4ms
[2026-03-19T11:32:02.478+0800][38.968s][info][gc,heap     ] GC(65) Eden regions: 13->0(74)
[2026-03-19T11:32:02.478+0800][38.968s][info][gc,heap     ] GC(65) Survivor regions: 2->2(10)
[2026-03-19T11:32:02.478+0800][38.968s][info][gc,heap     ] GC(65) Old regions: 17->17
[2026-03-19T11:32:02.478+0800][38.968s][info][gc,heap     ] GC(65) Archive regions: 0->0
[2026-03-19T11:32:02.478+0800][38.968s][info][gc,heap     ] GC(65) Humongous regions: 40->10
[2026-03-19T11:32:02.478+0800][38.968s][info][gc,metaspace] GC(65) Metaspace: 22545K(22848K)->22545K(22848K) NonClass: 19937K(20096K)->19937K(20096K) Class: 2608K(2752K)->2608K(2752K)
[2026-03-19T11:32:02.478+0800][38.968s][info][gc          ] GC(65) Pause Young (Concurrent Start) (G1 Humongous Allocation) 70M->28M(128M) 3.307ms
[2026-03-19T11:32:02.479+0800][38.968s][info][gc,cpu      ] GC(65) User=0.00s Sys=0.00s Real=0.00s
[2026-03-19T11:32:02.479+0800][38.968s][info][gc          ] GC(66) Concurrent Undo Cycle
[2026-03-19T11:32:02.479+0800][38.968s][info][gc,marking  ] GC(66) Concurrent Cleanup for Next Mark
[2026-03-19T11:32:02.479+0800][38.969s][info][gc,marking  ] GC(66) Concurrent Cleanup for Next Mark 0.404ms
[2026-03-19T11:32:02.479+0800][38.969s][info][gc          ] GC(66) Concurrent Undo Cycle 0.692ms
[2026-03-19T11:32:03.409+0800][39.899s][info][gc,start    ] GC(67) Pause Young (Concurrent Start) (G1 Humongous Allocation)
[2026-03-19T11:32:03.409+0800][39.899s][info][gc,task     ] GC(67) Using 3 workers of 13 for evacuation
[2026-03-19T11:32:03.411+0800][39.901s][info][gc,phases   ] GC(67)   Pre Evacuate Collection Set: 0.2ms
[2026-03-19T11:32:03.411+0800][39.901s][info][gc,phases   ] GC(67)   Merge Heap Roots: 0.2ms
[2026-03-19T11:32:03.411+0800][39.901s][info][gc,phases   ] GC(67)   Evacuate Collection Set: 0.7ms
[2026-03-19T11:32:03.411+0800][39.901s][info][gc,phases   ] GC(67)   Post Evacuate Collection Set: 0.8ms
[2026-03-19T11:32:03.411+0800][39.901s][info][gc,phases   ] GC(67)   Other: 0.4ms
[2026-03-19T11:32:03.411+0800][39.901s][info][gc,heap     ] GC(67) Eden regions: 14->0(74)
[2026-03-19T11:32:03.411+0800][39.901s][info][gc,heap     ] GC(67) Survivor regions: 2->2(10)
[2026-03-19T11:32:03.411+0800][39.902s][info][gc,heap     ] GC(67) Old regions: 17->17
[2026-03-19T11:32:03.411+0800][39.902s][info][gc,heap     ] GC(67) Archive regions: 0->0
[2026-03-19T11:32:03.412+0800][39.902s][info][gc,heap     ] GC(67) Humongous regions: 40->10
[2026-03-19T11:32:03.412+0800][39.902s][info][gc,metaspace] GC(67) Metaspace: 22560K(22848K)->22560K(22848K) NonClass: 19951K(20096K)->19951K(20096K) Class: 2609K(2752K)->2609K(2752K)
[2026-03-19T11:32:03.412+0800][39.902s][info][gc          ] GC(67) Pause Young (Concurrent Start) (G1 Humongous Allocation) 72M->28M(128M) 3.107ms
[2026-03-19T11:32:03.412+0800][39.902s][info][gc,cpu      ] GC(67) User=0.00s Sys=0.00s Real=0.00s
[2026-03-19T11:32:03.412+0800][39.902s][info][gc          ] GC(68) Concurrent Undo Cycle
[2026-03-19T11:32:03.412+0800][39.902s][info][gc,marking  ] GC(68) Concurrent Cleanup for Next Mark
[2026-03-19T11:32:03.412+0800][39.903s][info][gc,marking  ] GC(68) Concurrent Cleanup for Next Mark 0.501ms
[2026-03-19T11:32:03.413+0800][39.903s][info][gc          ] GC(68) Concurrent Undo Cycle 0.820ms
[2026-03-19T11:32:04.341+0800][40.831s][info][gc,start    ] GC(69) Pause Young (Concurrent Start) (G1 Humongous Allocation)
[2026-03-19T11:32:04.342+0800][40.831s][info][gc,task     ] GC(69) Using 3 workers of 13 for evacuation
[2026-03-19T11:32:04.344+0800][40.833s][info][gc,phases   ] GC(69)   Pre Evacuate Collection Set: 0.2ms
[2026-03-19T11:32:04.344+0800][40.833s][info][gc,phases   ] GC(69)   Merge Heap Roots: 0.2ms
[2026-03-19T11:32:04.344+0800][40.833s][info][gc,phases   ] GC(69)   Evacuate Collection Set: 0.6ms
[2026-03-19T11:32:04.344+0800][40.833s][info][gc,phases   ] GC(69)   Post Evacuate Collection Set: 0.9ms
[2026-03-19T11:32:04.344+0800][40.833s][info][gc,phases   ] GC(69)   Other: 0.4ms
[2026-03-19T11:32:04.344+0800][40.833s][info][gc,heap     ] GC(69) Eden regions: 13->0(74)
[2026-03-19T11:32:04.344+0800][40.833s][info][gc,heap     ] GC(69) Survivor regions: 2->2(10)
[2026-03-19T11:32:04.344+0800][40.833s][info][gc,heap     ] GC(69) Old regions: 17->17
[2026-03-19T11:32:04.344+0800][40.834s][info][gc,heap     ] GC(69) Archive regions: 0->0
[2026-03-19T11:32:04.344+0800][40.834s][info][gc,heap     ] GC(69) Humongous regions: 40->10
[2026-03-19T11:32:04.344+0800][40.834s][info][gc,metaspace] GC(69) Metaspace: 22561K(22848K)->22561K(22848K) NonClass: 19952K(20096K)->19952K(20096K) Class: 2609K(2752K)->2609K(2752K)
[2026-03-19T11:32:04.344+0800][40.834s][info][gc          ] GC(69) Pause Young (Concurrent Start) (G1 Humongous Allocation) 70M->28M(128M) 2.982ms
[2026-03-19T11:32:04.344+0800][40.834s][info][gc,cpu      ] GC(69) User=0.00s Sys=0.00s Real=0.00s
[2026-03-19T11:32:04.345+0800][40.834s][info][gc          ] GC(70) Concurrent Undo Cycle
[2026-03-19T11:32:04.345+0800][40.834s][info][gc,marking  ] GC(70) Concurrent Cleanup for Next Mark
[2026-03-19T11:32:04.345+0800][40.834s][info][gc,marking  ] GC(70) Concurrent Cleanup for Next Mark 0.388ms
[2026-03-19T11:32:04.345+0800][40.835s][info][gc          ] GC(70) Concurrent Undo Cycle 0.660ms
[2026-03-19T11:32:05.277+0800][41.767s][info][gc,start    ] GC(71) Pause Young (Concurrent Start) (G1 Humongous Allocation)
[2026-03-19T11:32:05.277+0800][41.767s][info][gc,task     ] GC(71) Using 3 workers of 13 for evacuation
[2026-03-19T11:32:05.279+0800][41.769s][info][gc,phases   ] GC(71)   Pre Evacuate Collection Set: 0.2ms
[2026-03-19T11:32:05.279+0800][41.769s][info][gc,phases   ] GC(71)   Merge Heap Roots: 0.1ms
[2026-03-19T11:32:05.279+0800][41.769s][info][gc,phases   ] GC(71)   Evacuate Collection Set: 0.5ms
[2026-03-19T11:32:05.279+0800][41.769s][info][gc,phases   ] GC(71)   Post Evacuate Collection Set: 0.9ms
[2026-03-19T11:32:05.279+0800][41.769s][info][gc,phases   ] GC(71)   Other: 0.4ms
[2026-03-19T11:32:05.279+0800][41.769s][info][gc,heap     ] GC(71) Eden regions: 13->0(74)
[2026-03-19T11:32:05.279+0800][41.769s][info][gc,heap     ] GC(71) Survivor regions: 2->2(10)
[2026-03-19T11:32:05.279+0800][41.769s][info][gc,heap     ] GC(71) Old regions: 17->17
[2026-03-19T11:32:05.279+0800][41.769s][info][gc,heap     ] GC(71) Archive regions: 0->0
[2026-03-19T11:32:05.279+0800][41.769s][info][gc,heap     ] GC(71) Humongous regions: 40->10
[2026-03-19T11:32:05.279+0800][41.769s][info][gc,metaspace] GC(71) Metaspace: 22561K(22848K)->22561K(22848K) NonClass: 19952K(20096K)->19952K(20096K) Class: 2609K(2752K)->2609K(2752K)
[2026-03-19T11:32:05.279+0800][41.769s][info][gc          ] GC(71) Pause Young (Concurrent Start) (G1 Humongous Allocation) 70M->28M(128M) 2.780ms
[2026-03-19T11:32:05.279+0800][41.769s][info][gc,cpu      ] GC(71) User=0.02s Sys=0.00s Real=0.00s
[2026-03-19T11:32:05.280+0800][41.770s][info][gc          ] GC(72) Concurrent Undo Cycle
[2026-03-19T11:32:05.280+0800][41.770s][info][gc,marking  ] GC(72) Concurrent Cleanup for Next Mark
[2026-03-19T11:32:05.280+0800][41.770s][info][gc,marking  ] GC(72) Concurrent Cleanup for Next Mark 0.486ms
[2026-03-19T11:32:05.280+0800][41.770s][info][gc          ] GC(72) Concurrent Undo Cycle 0.730ms
[2026-03-19T11:32:06.213+0800][42.703s][info][gc,start    ] GC(73) Pause Young (Concurrent Start) (G1 Humongous Allocation)
[2026-03-19T11:32:06.213+0800][42.703s][info][gc,task     ] GC(73) Using 3 workers of 13 for evacuation
[2026-03-19T11:32:06.216+0800][42.706s][info][gc,phases   ] GC(73)   Pre Evacuate Collection Set: 0.3ms
[2026-03-19T11:32:06.216+0800][42.706s][info][gc,phases   ] GC(73)   Merge Heap Roots: 0.2ms
[2026-03-19T11:32:06.216+0800][42.706s][info][gc,phases   ] GC(73)   Evacuate Collection Set: 0.9ms
[2026-03-19T11:32:06.216+0800][42.706s][info][gc,phases   ] GC(73)   Post Evacuate Collection Set: 0.9ms
[2026-03-19T11:32:06.216+0800][42.706s][info][gc,phases   ] GC(73)   Other: 0.5ms
[2026-03-19T11:32:06.217+0800][42.706s][info][gc,heap     ] GC(73) Eden regions: 13->0(74)
[2026-03-19T11:32:06.217+0800][42.706s][info][gc,heap     ] GC(73) Survivor regions: 2->2(10)
[2026-03-19T11:32:06.217+0800][42.706s][info][gc,heap     ] GC(73) Old regions: 17->17
[2026-03-19T11:32:06.217+0800][42.706s][info][gc,heap     ] GC(73) Archive regions: 0->0
[2026-03-19T11:32:06.217+0800][42.706s][info][gc,heap     ] GC(73) Humongous regions: 40->10
[2026-03-19T11:32:06.217+0800][42.706s][info][gc,metaspace] GC(73) Metaspace: 22561K(22848K)->22561K(22848K) NonClass: 19952K(20096K)->19952K(20096K) Class: 2609K(2752K)->2609K(2752K)
[2026-03-19T11:32:06.217+0800][42.707s][info][gc          ] GC(73) Pause Young (Concurrent Start) (G1 Humongous Allocation) 71M->28M(128M) 3.745ms
[2026-03-19T11:32:06.217+0800][42.707s][info][gc,cpu      ] GC(73) User=0.02s Sys=0.03s Real=0.00s
[2026-03-19T11:32:06.217+0800][42.707s][info][gc          ] GC(74) Concurrent Undo Cycle
[2026-03-19T11:32:06.218+0800][42.707s][info][gc,marking  ] GC(74) Concurrent Cleanup for Next Mark
[2026-03-19T11:32:06.218+0800][42.708s][info][gc,marking  ] GC(74) Concurrent Cleanup for Next Mark 0.540ms
[2026-03-19T11:32:06.219+0800][42.708s][info][gc          ] GC(74) Concurrent Undo Cycle 1.345ms
[2026-03-19T11:32:07.163+0800][43.652s][info][gc,start    ] GC(75) Pause Young (Concurrent Start) (G1 Humongous Allocation)
[2026-03-19T11:32:07.163+0800][43.653s][info][gc,task     ] GC(75) Using 3 workers of 13 for evacuation
[2026-03-19T11:32:07.165+0800][43.654s][info][gc,phases   ] GC(75)   Pre Evacuate Collection Set: 0.3ms
[2026-03-19T11:32:07.165+0800][43.654s][info][gc,phases   ] GC(75)   Merge Heap Roots: 0.2ms
[2026-03-19T11:32:07.165+0800][43.654s][info][gc,phases   ] GC(75)   Evacuate Collection Set: 0.6ms
[2026-03-19T11:32:07.165+0800][43.655s][info][gc,phases   ] GC(75)   Post Evacuate Collection Set: 0.6ms
[2026-03-19T11:32:07.165+0800][43.655s][info][gc,phases   ] GC(75)   Other: 0.3ms
[2026-03-19T11:32:07.165+0800][43.655s][info][gc,heap     ] GC(75) Eden regions: 13->0(74)
[2026-03-19T11:32:07.165+0800][43.655s][info][gc,heap     ] GC(75) Survivor regions: 2->2(10)
[2026-03-19T11:32:07.165+0800][43.655s][info][gc,heap     ] GC(75) Old regions: 17->17
[2026-03-19T11:32:07.165+0800][43.655s][info][gc,heap     ] GC(75) Archive regions: 0->0
[2026-03-19T11:32:07.165+0800][43.655s][info][gc,heap     ] GC(75) Humongous regions: 40->10
[2026-03-19T11:32:07.166+0800][43.655s][info][gc,metaspace] GC(75) Metaspace: 22570K(22848K)->22570K(22848K) NonClass: 19961K(20096K)->19961K(20096K) Class: 2609K(2752K)->2609K(2752K)
[2026-03-19T11:32:07.166+0800][43.655s][info][gc          ] GC(75) Pause Young (Concurrent Start) (G1 Humongous Allocation) 70M->28M(128M) 2.603ms
[2026-03-19T11:32:07.166+0800][43.655s][info][gc,cpu      ] GC(75) User=0.00s Sys=0.00s Real=0.00s
[2026-03-19T11:32:07.166+0800][43.655s][info][gc          ] GC(76) Concurrent Undo Cycle
[2026-03-19T11:32:07.166+0800][43.655s][info][gc,marking  ] GC(76) Concurrent Cleanup for Next Mark
[2026-03-19T11:32:07.166+0800][43.656s][info][gc,marking  ] GC(76) Concurrent Cleanup for Next Mark 0.390ms
[2026-03-19T11:32:07.166+0800][43.656s][info][gc          ] GC(76) Concurrent Undo Cycle 0.656ms
[2026-03-19T11:32:08.102+0800][44.592s][info][gc,start    ] GC(77) Pause Young (Concurrent Start) (G1 Humongous Allocation)
[2026-03-19T11:32:08.102+0800][44.592s][info][gc,task     ] GC(77) Using 3 workers of 13 for evacuation
[2026-03-19T11:32:08.105+0800][44.595s][info][gc,phases   ] GC(77)   Pre Evacuate Collection Set: 0.3ms
[2026-03-19T11:32:08.106+0800][44.596s][info][gc,phases   ] GC(77)   Merge Heap Roots: 0.2ms
[2026-03-19T11:32:08.106+0800][44.596s][info][gc,phases   ] GC(77)   Evacuate Collection Set: 1.0ms
[2026-03-19T11:32:08.106+0800][44.596s][info][gc,phases   ] GC(77)   Post Evacuate Collection Set: 1.4ms
[2026-03-19T11:32:08.106+0800][44.596s][info][gc,phases   ] GC(77)   Other: 0.6ms
[2026-03-19T11:32:08.106+0800][44.596s][info][gc,heap     ] GC(77) Eden regions: 15->0(74)
[2026-03-19T11:32:08.106+0800][44.596s][info][gc,heap     ] GC(77) Survivor regions: 2->2(10)
[2026-03-19T11:32:08.106+0800][44.596s][info][gc,heap     ] GC(77) Old regions: 17->17
[2026-03-19T11:32:08.107+0800][44.596s][info][gc,heap     ] GC(77) Archive regions: 0->0
[2026-03-19T11:32:08.107+0800][44.596s][info][gc,heap     ] GC(77) Humongous regions: 40->10
[2026-03-19T11:32:08.107+0800][44.597s][info][gc,metaspace] GC(77) Metaspace: 22585K(22848K)->22585K(22848K) NonClass: 19976K(20096K)->19976K(20096K) Class: 2609K(2752K)->2609K(2752K)
[2026-03-19T11:32:08.107+0800][44.597s][info][gc          ] GC(77) Pause Young (Concurrent Start) (G1 Humongous Allocation) 72M->28M(128M) 4.960ms
[2026-03-19T11:32:08.107+0800][44.597s][info][gc,cpu      ] GC(77) User=0.00s Sys=0.00s Real=0.01s
[2026-03-19T11:32:08.107+0800][44.597s][info][gc          ] GC(78) Concurrent Undo Cycle
[2026-03-19T11:32:08.107+0800][44.597s][info][gc,marking  ] GC(78) Concurrent Cleanup for Next Mark
[2026-03-19T11:32:08.108+0800][44.598s][info][gc,marking  ] GC(78) Concurrent Cleanup for Next Mark 0.549ms
[2026-03-19T11:32:08.108+0800][44.598s][info][gc          ] GC(78) Concurrent Undo Cycle 0.959ms
[2026-03-19T11:32:09.051+0800][45.541s][info][gc,start    ] GC(79) Pause Young (Concurrent Start) (G1 Humongous Allocation)
[2026-03-19T11:32:09.051+0800][45.541s][info][gc,task     ] GC(79) Using 3 workers of 13 for evacuation
[2026-03-19T11:32:09.053+0800][45.543s][info][gc,phases   ] GC(79)   Pre Evacuate Collection Set: 0.2ms
[2026-03-19T11:32:09.053+0800][45.544s][info][gc,phases   ] GC(79)   Merge Heap Roots: 0.2ms
[2026-03-19T11:32:09.053+0800][45.544s][info][gc,phases   ] GC(79)   Evacuate Collection Set: 0.9ms
[2026-03-19T11:32:09.053+0800][45.544s][info][gc,phases   ] GC(79)   Post Evacuate Collection Set: 0.9ms
[2026-03-19T11:32:09.055+0800][45.544s][info][gc,phases   ] GC(79)   Other: 0.5ms
[2026-03-19T11:32:09.055+0800][45.544s][info][gc,heap     ] GC(79) Eden regions: 13->0(74)
[2026-03-19T11:32:09.055+0800][45.544s][info][gc,heap     ] GC(79) Survivor regions: 2->2(10)
[2026-03-19T11:32:09.055+0800][45.544s][info][gc,heap     ] GC(79) Old regions: 17->17
[2026-03-19T11:32:09.055+0800][45.544s][info][gc,heap     ] GC(79) Archive regions: 0->0
[2026-03-19T11:32:09.055+0800][45.544s][info][gc,heap     ] GC(79) Humongous regions: 40->10
[2026-03-19T11:32:09.055+0800][45.544s][info][gc,metaspace] GC(79) Metaspace: 22587K(22912K)->22587K(22912K) NonClass: 19978K(20160K)->19978K(20160K) Class: 2609K(2752K)->2609K(2752K)
[2026-03-19T11:32:09.055+0800][45.544s][info][gc          ] GC(79) Pause Young (Concurrent Start) (G1 Humongous Allocation) 70M->28M(128M) 3.494ms
[2026-03-19T11:32:09.055+0800][45.544s][info][gc,cpu      ] GC(79) User=0.00s Sys=0.00s Real=0.00s
[2026-03-19T11:32:09.055+0800][45.545s][info][gc          ] GC(80) Concurrent Undo Cycle
[2026-03-19T11:32:09.055+0800][45.545s][info][gc,marking  ] GC(80) Concurrent Cleanup for Next Mark
[2026-03-19T11:32:09.056+0800][45.545s][info][gc,marking  ] GC(80) Concurrent Cleanup for Next Mark 0.461ms
[2026-03-19T11:32:09.056+0800][45.545s][info][gc          ] GC(80) Concurrent Undo Cycle 0.819ms
[2026-03-19T11:32:09.999+0800][46.489s][info][gc,start    ] GC(81) Pause Young (Concurrent Start) (G1 Humongous Allocation)
[2026-03-19T11:32:09.999+0800][46.489s][info][gc,task     ] GC(81) Using 3 workers of 13 for evacuation
[2026-03-19T11:32:10.001+0800][46.491s][info][gc,phases   ] GC(81)   Pre Evacuate Collection Set: 0.3ms
[2026-03-19T11:32:10.001+0800][46.491s][info][gc,phases   ] GC(81)   Merge Heap Roots: 0.3ms
[2026-03-19T11:32:10.001+0800][46.491s][info][gc,phases   ] GC(81)   Evacuate Collection Set: 0.7ms
[2026-03-19T11:32:10.001+0800][46.491s][info][gc,phases   ] GC(81)   Post Evacuate Collection Set: 0.7ms
[2026-03-19T11:32:10.001+0800][46.491s][info][gc,phases   ] GC(81)   Other: 0.3ms
[2026-03-19T11:32:10.001+0800][46.491s][info][gc,heap     ] GC(81) Eden regions: 13->0(74)
[2026-03-19T11:32:10.001+0800][46.491s][info][gc,heap     ] GC(81) Survivor regions: 2->2(10)
[2026-03-19T11:32:10.001+0800][46.491s][info][gc,heap     ] GC(81) Old regions: 17->17
[2026-03-19T11:32:10.001+0800][46.492s][info][gc,heap     ] GC(81) Archive regions: 0->0
[2026-03-19T11:32:10.001+0800][46.492s][info][gc,heap     ] GC(81) Humongous regions: 40->10
[2026-03-19T11:32:10.001+0800][46.492s][info][gc,metaspace] GC(81) Metaspace: 22587K(22912K)->22587K(22912K) NonClass: 19978K(20160K)->19978K(20160K) Class: 2609K(2752K)->2609K(2752K)
[2026-03-19T11:32:10.002+0800][46.492s][info][gc          ] GC(81) Pause Young (Concurrent Start) (G1 Humongous Allocation) 70M->28M(128M) 3.141ms
[2026-03-19T11:32:10.002+0800][46.492s][info][gc,cpu      ] GC(81) User=0.00s Sys=0.00s Real=0.00s
[2026-03-19T11:32:10.002+0800][46.492s][info][gc          ] GC(82) Concurrent Undo Cycle
[2026-03-19T11:32:10.002+0800][46.492s][info][gc,marking  ] GC(82) Concurrent Cleanup for Next Mark
[2026-03-19T11:32:10.002+0800][46.493s][info][gc,marking  ] GC(82) Concurrent Cleanup for Next Mark 0.479ms
[2026-03-19T11:32:10.003+0800][46.493s][info][gc          ] GC(82) Concurrent Undo Cycle 0.800ms
[2026-03-19T11:32:10.938+0800][47.427s][info][gc,start    ] GC(83) Pause Young (Concurrent Start) (G1 Humongous Allocation)
[2026-03-19T11:32:10.938+0800][47.428s][info][gc,task     ] GC(83) Using 3 workers of 13 for evacuation
[2026-03-19T11:32:10.940+0800][47.429s][info][gc,phases   ] GC(83)   Pre Evacuate Collection Set: 0.2ms
[2026-03-19T11:32:10.940+0800][47.430s][info][gc,phases   ] GC(83)   Merge Heap Roots: 0.2ms
[2026-03-19T11:32:10.940+0800][47.430s][info][gc,phases   ] GC(83)   Evacuate Collection Set: 0.6ms
[2026-03-19T11:32:10.940+0800][47.430s][info][gc,phases   ] GC(83)   Post Evacuate Collection Set: 0.7ms
[2026-03-19T11:32:10.940+0800][47.430s][info][gc,phases   ] GC(83)   Other: 0.3ms
[2026-03-19T11:32:10.940+0800][47.430s][info][gc,heap     ] GC(83) Eden regions: 13->0(74)
[2026-03-19T11:32:10.940+0800][47.430s][info][gc,heap     ] GC(83) Survivor regions: 2->2(10)
[2026-03-19T11:32:10.940+0800][47.430s][info][gc,heap     ] GC(83) Old regions: 17->17
[2026-03-19T11:32:10.940+0800][47.430s][info][gc,heap     ] GC(83) Archive regions: 0->0
[2026-03-19T11:32:10.940+0800][47.430s][info][gc,heap     ] GC(83) Humongous regions: 40->10
[2026-03-19T11:32:10.940+0800][47.430s][info][gc,metaspace] GC(83) Metaspace: 22587K(22912K)->22587K(22912K) NonClass: 19978K(20160K)->19978K(20160K) Class: 2609K(2752K)->2609K(2752K)
[2026-03-19T11:32:10.940+0800][47.430s][info][gc          ] GC(83) Pause Young (Concurrent Start) (G1 Humongous Allocation) 70M->28M(128M) 2.487ms
[2026-03-19T11:32:10.940+0800][47.430s][info][gc,cpu      ] GC(83) User=0.00s Sys=0.00s Real=0.00s
[2026-03-19T11:32:10.940+0800][47.430s][info][gc          ] GC(84) Concurrent Undo Cycle
[2026-03-19T11:32:10.940+0800][47.430s][info][gc,marking  ] GC(84) Concurrent Cleanup for Next Mark
[2026-03-19T11:32:10.941+0800][47.431s][info][gc,marking  ] GC(84) Concurrent Cleanup for Next Mark 0.423ms
[2026-03-19T11:32:10.941+0800][47.431s][info][gc          ] GC(84) Concurrent Undo Cycle 0.711ms
[2026-03-19T11:32:11.881+0800][48.371s][info][gc,start    ] GC(85) Pause Young (Concurrent Start) (G1 Humongous Allocation)
[2026-03-19T11:32:11.881+0800][48.371s][info][gc,task     ] GC(85) Using 3 workers of 13 for evacuation
[2026-03-19T11:32:11.884+0800][48.373s][info][gc,phases   ] GC(85)   Pre Evacuate Collection Set: 0.2ms
[2026-03-19T11:32:11.884+0800][48.373s][info][gc,phases   ] GC(85)   Merge Heap Roots: 0.2ms
[2026-03-19T11:32:11.884+0800][48.373s][info][gc,phases   ] GC(85)   Evacuate Collection Set: 0.8ms
[2026-03-19T11:32:11.884+0800][48.373s][info][gc,phases   ] GC(85)   Post Evacuate Collection Set: 0.9ms
[2026-03-19T11:32:11.884+0800][48.374s][info][gc,phases   ] GC(85)   Other: 0.5ms
[2026-03-19T11:32:11.884+0800][48.374s][info][gc,heap     ] GC(85) Eden regions: 13->0(74)
[2026-03-19T11:32:11.884+0800][48.374s][info][gc,heap     ] GC(85) Survivor regions: 2->2(10)
[2026-03-19T11:32:11.884+0800][48.374s][info][gc,heap     ] GC(85) Old regions: 17->18
[2026-03-19T11:32:11.884+0800][48.374s][info][gc,heap     ] GC(85) Archive regions: 0->0
[2026-03-19T11:32:11.884+0800][48.374s][info][gc,heap     ] GC(85) Humongous regions: 40->10
[2026-03-19T11:32:11.884+0800][48.374s][info][gc,metaspace] GC(85) Metaspace: 22589K(22912K)->22589K(22912K) NonClass: 19980K(20160K)->19980K(20160K) Class: 2609K(2752K)->2609K(2752K)
[2026-03-19T11:32:11.884+0800][48.374s][info][gc          ] GC(85) Pause Young (Concurrent Start) (G1 Humongous Allocation) 70M->28M(128M) 3.465ms
[2026-03-19T11:32:11.885+0800][48.374s][info][gc,cpu      ] GC(85) User=0.00s Sys=0.00s Real=0.00s
[2026-03-19T11:32:11.885+0800][48.374s][info][gc          ] GC(86) Concurrent Undo Cycle
[2026-03-19T11:32:11.885+0800][48.374s][info][gc,marking  ] GC(86) Concurrent Cleanup for Next Mark
[2026-03-19T11:32:11.885+0800][48.375s][info][gc,marking  ] GC(86) Concurrent Cleanup for Next Mark 0.484ms
[2026-03-19T11:32:11.886+0800][48.375s][info][gc          ] GC(86) Concurrent Undo Cycle 0.857ms
[2026-03-19T11:32:12.817+0800][49.307s][info][gc,start    ] GC(87) Pause Young (Concurrent Start) (G1 Humongous Allocation)
[2026-03-19T11:32:12.817+0800][49.307s][info][gc,task     ] GC(87) Using 3 workers of 13 for evacuation
[2026-03-19T11:32:12.818+0800][49.308s][info][gc,phases   ] GC(87)   Pre Evacuate Collection Set: 0.1ms
[2026-03-19T11:32:12.818+0800][49.308s][info][gc,phases   ] GC(87)   Merge Heap Roots: 0.1ms
[2026-03-19T11:32:12.818+0800][49.308s][info][gc,phases   ] GC(87)   Evacuate Collection Set: 0.5ms
[2026-03-19T11:32:12.818+0800][49.308s][info][gc,phases   ] GC(87)   Post Evacuate Collection Set: 0.3ms
[2026-03-19T11:32:12.818+0800][49.308s][info][gc,phases   ] GC(87)   Other: 0.3ms
[2026-03-19T11:32:12.818+0800][49.308s][info][gc,heap     ] GC(87) Eden regions: 14->0(74)
[2026-03-19T11:32:12.819+0800][49.308s][info][gc,heap     ] GC(87) Survivor regions: 2->2(10)
[2026-03-19T11:32:12.819+0800][49.308s][info][gc,heap     ] GC(87) Old regions: 18->18
[2026-03-19T11:32:12.819+0800][49.308s][info][gc,heap     ] GC(87) Archive regions: 0->0
[2026-03-19T11:32:12.819+0800][49.309s][info][gc,heap     ] GC(87) Humongous regions: 39->9
[2026-03-19T11:32:12.819+0800][49.309s][info][gc,metaspace] GC(87) Metaspace: 22611K(22912K)->22611K(22912K) NonClass: 20002K(20160K)->20002K(20160K) Class: 2609K(2752K)->2609K(2752K)
[2026-03-19T11:32:12.819+0800][49.309s][info][gc          ] GC(87) Pause Young (Concurrent Start) (G1 Humongous Allocation) 70M->27M(128M) 1.754ms
[2026-03-19T11:32:12.819+0800][49.309s][info][gc,cpu      ] GC(87) User=0.00s Sys=0.00s Real=0.00s
[2026-03-19T11:32:12.819+0800][49.309s][info][gc          ] GC(88) Concurrent Undo Cycle
[2026-03-19T11:32:12.819+0800][49.309s][info][gc,marking  ] GC(88) Concurrent Cleanup for Next Mark
[2026-03-19T11:32:12.820+0800][49.309s][info][gc,marking  ] GC(88) Concurrent Cleanup for Next Mark 0.444ms
[2026-03-19T11:32:12.820+0800][49.309s][info][gc          ] GC(88) Concurrent Undo Cycle 0.651ms
[2026-03-19T11:32:13.753+0800][50.242s][info][gc,start    ] GC(89) Pause Young (Concurrent Start) (G1 Humongous Allocation)
[2026-03-19T11:32:13.753+0800][50.242s][info][gc,task     ] GC(89) Using 3 workers of 13 for evacuation
[2026-03-19T11:32:13.755+0800][50.245s][info][gc,phases   ] GC(89)   Pre Evacuate Collection Set: 0.2ms
[2026-03-19T11:32:13.756+0800][50.245s][info][gc,phases   ] GC(89)   Merge Heap Roots: 0.2ms
[2026-03-19T11:32:13.756+0800][50.245s][info][gc,phases   ] GC(89)   Evacuate Collection Set: 0.9ms
[2026-03-19T11:32:13.756+0800][50.245s][info][gc,phases   ] GC(89)   Post Evacuate Collection Set: 0.9ms
[2026-03-19T11:32:13.756+0800][50.245s][info][gc,phases   ] GC(89)   Other: 0.6ms
[2026-03-19T11:32:13.756+0800][50.246s][info][gc,heap     ] GC(89) Eden regions: 13->0(74)
[2026-03-19T11:32:13.756+0800][50.246s][info][gc,heap     ] GC(89) Survivor regions: 2->2(10)
[2026-03-19T11:32:13.756+0800][50.246s][info][gc,heap     ] GC(89) Old regions: 18->18
[2026-03-19T11:32:13.756+0800][50.246s][info][gc,heap     ] GC(89) Archive regions: 0->0
[2026-03-19T11:32:13.756+0800][50.246s][info][gc,heap     ] GC(89) Humongous regions: 39->9
[2026-03-19T11:32:13.756+0800][50.246s][info][gc,metaspace] GC(89) Metaspace: 22611K(22912K)->22611K(22912K) NonClass: 20002K(20160K)->20002K(20160K) Class: 2609K(2752K)->2609K(2752K)
[2026-03-19T11:32:13.757+0800][50.246s][info][gc          ] GC(89) Pause Young (Concurrent Start) (G1 Humongous Allocation) 70M->27M(128M) 3.964ms
[2026-03-19T11:32:13.757+0800][50.246s][info][gc,cpu      ] GC(89) User=0.00s Sys=0.00s Real=0.00s
[2026-03-19T11:32:13.757+0800][50.246s][info][gc          ] GC(90) Concurrent Undo Cycle
[2026-03-19T11:32:13.757+0800][50.246s][info][gc,marking  ] GC(90) Concurrent Cleanup for Next Mark
[2026-03-19T11:32:13.757+0800][50.247s][info][gc,marking  ] GC(90) Concurrent Cleanup for Next Mark 0.465ms
[2026-03-19T11:32:13.758+0800][50.247s][info][gc          ] GC(90) Concurrent Undo Cycle 0.836ms
[2026-03-19T11:32:14.703+0800][51.193s][info][gc,start    ] GC(91) Pause Young (Concurrent Start) (G1 Humongous Allocation)
[2026-03-19T11:32:14.703+0800][51.193s][info][gc,task     ] GC(91) Using 3 workers of 13 for evacuation
[2026-03-19T11:32:14.706+0800][51.195s][info][gc,phases   ] GC(91)   Pre Evacuate Collection Set: 0.2ms
[2026-03-19T11:32:14.706+0800][51.195s][info][gc,phases   ] GC(91)   Merge Heap Roots: 0.2ms
[2026-03-19T11:32:14.706+0800][51.196s][info][gc,phases   ] GC(91)   Evacuate Collection Set: 0.9ms
[2026-03-19T11:32:14.706+0800][51.196s][info][gc,phases   ] GC(91)   Post Evacuate Collection Set: 0.9ms
[2026-03-19T11:32:14.706+0800][51.196s][info][gc,phases   ] GC(91)   Other: 0.5ms
[2026-03-19T11:32:14.706+0800][51.196s][info][gc,heap     ] GC(91) Eden regions: 13->0(74)
[2026-03-19T11:32:14.706+0800][51.196s][info][gc,heap     ] GC(91) Survivor regions: 2->2(10)
[2026-03-19T11:32:14.706+0800][51.196s][info][gc,heap     ] GC(91) Old regions: 18->18
[2026-03-19T11:32:14.706+0800][51.196s][info][gc,heap     ] GC(91) Archive regions: 0->0
[2026-03-19T11:32:14.706+0800][51.196s][info][gc,heap     ] GC(91) Humongous regions: 39->9
[2026-03-19T11:32:14.706+0800][51.196s][info][gc,metaspace] GC(91) Metaspace: 22612K(22912K)->22612K(22912K) NonClass: 20003K(20160K)->20003K(20160K) Class: 2609K(2752K)->2609K(2752K)
[2026-03-19T11:32:14.706+0800][51.196s][info][gc          ] GC(91) Pause Young (Concurrent Start) (G1 Humongous Allocation) 69M->27M(128M) 3.562ms
[2026-03-19T11:32:14.707+0800][51.196s][info][gc,cpu      ] GC(91) User=0.00s Sys=0.00s Real=0.00s
[2026-03-19T11:32:14.707+0800][51.196s][info][gc          ] GC(92) Concurrent Undo Cycle
[2026-03-19T11:32:14.707+0800][51.197s][info][gc,marking  ] GC(92) Concurrent Cleanup for Next Mark
[2026-03-19T11:32:14.707+0800][51.197s][info][gc,marking  ] GC(92) Concurrent Cleanup for Next Mark 0.457ms
[2026-03-19T11:32:14.707+0800][51.197s][info][gc          ] GC(92) Concurrent Undo Cycle 0.798ms
[2026-03-19T11:32:15.650+0800][52.140s][info][gc,start    ] GC(93) Pause Young (Concurrent Start) (G1 Humongous Allocation)
[2026-03-19T11:32:15.650+0800][52.140s][info][gc,task     ] GC(93) Using 3 workers of 13 for evacuation
[2026-03-19T11:32:15.652+0800][52.142s][info][gc,phases   ] GC(93)   Pre Evacuate Collection Set: 0.1ms
[2026-03-19T11:32:15.652+0800][52.142s][info][gc,phases   ] GC(93)   Merge Heap Roots: 0.2ms
[2026-03-19T11:32:15.652+0800][52.142s][info][gc,phases   ] GC(93)   Evacuate Collection Set: 0.8ms
[2026-03-19T11:32:15.653+0800][52.142s][info][gc,phases   ] GC(93)   Post Evacuate Collection Set: 0.7ms
[2026-03-19T11:32:15.653+0800][52.142s][info][gc,phases   ] GC(93)   Other: 0.4ms
[2026-03-19T11:32:15.653+0800][52.142s][info][gc,heap     ] GC(93) Eden regions: 13->0(74)
[2026-03-19T11:32:15.653+0800][52.142s][info][gc,heap     ] GC(93) Survivor regions: 2->2(10)
[2026-03-19T11:32:15.653+0800][52.143s][info][gc,heap     ] GC(93) Old regions: 18->18
[2026-03-19T11:32:15.653+0800][52.143s][info][gc,heap     ] GC(93) Archive regions: 0->0
[2026-03-19T11:32:15.653+0800][52.143s][info][gc,heap     ] GC(93) Humongous regions: 39->9
[2026-03-19T11:32:15.653+0800][52.143s][info][gc,metaspace] GC(93) Metaspace: 22613K(22912K)->22613K(22912K) NonClass: 20004K(20160K)->20004K(20160K) Class: 2609K(2752K)->2609K(2752K)
[2026-03-19T11:32:15.653+0800][52.143s][info][gc          ] GC(93) Pause Young (Concurrent Start) (G1 Humongous Allocation) 69M->27M(128M) 3.140ms
[2026-03-19T11:32:15.653+0800][52.143s][info][gc,cpu      ] GC(93) User=0.00s Sys=0.00s Real=0.00s
[2026-03-19T11:32:15.653+0800][52.143s][info][gc          ] GC(94) Concurrent Undo Cycle
[2026-03-19T11:32:15.653+0800][52.143s][info][gc,marking  ] GC(94) Concurrent Cleanup for Next Mark
[2026-03-19T11:32:15.654+0800][52.144s][info][gc,marking  ] GC(94) Concurrent Cleanup for Next Mark 0.460ms
[2026-03-19T11:32:15.654+0800][52.144s][info][gc          ] GC(94) Concurrent Undo Cycle 0.775ms
[2026-03-19T11:32:16.587+0800][53.077s][info][gc,start    ] GC(95) Pause Young (Concurrent Start) (G1 Humongous Allocation)
[2026-03-19T11:32:16.588+0800][53.077s][info][gc,task     ] GC(95) Using 3 workers of 13 for evacuation
[2026-03-19T11:32:16.590+0800][53.079s][info][gc,phases   ] GC(95)   Pre Evacuate Collection Set: 0.2ms
[2026-03-19T11:32:16.590+0800][53.079s][info][gc,phases   ] GC(95)   Merge Heap Roots: 0.1ms
[2026-03-19T11:32:16.590+0800][53.080s][info][gc,phases   ] GC(95)   Evacuate Collection Set: 0.9ms
[2026-03-19T11:32:16.590+0800][53.080s][info][gc,phases   ] GC(95)   Post Evacuate Collection Set: 0.8ms
[2026-03-19T11:32:16.590+0800][53.080s][info][gc,phases   ] GC(95)   Other: 0.5ms
[2026-03-19T11:32:16.590+0800][53.080s][info][gc,heap     ] GC(95) Eden regions: 13->0(74)
[2026-03-19T11:32:16.590+0800][53.080s][info][gc,heap     ] GC(95) Survivor regions: 2->2(10)
[2026-03-19T11:32:16.591+0800][53.080s][info][gc,heap     ] GC(95) Old regions: 18->18
[2026-03-19T11:32:16.591+0800][53.080s][info][gc,heap     ] GC(95) Archive regions: 0->0
[2026-03-19T11:32:16.591+0800][53.080s][info][gc,heap     ] GC(95) Humongous regions: 39->9
[2026-03-19T11:32:16.591+0800][53.080s][info][gc,metaspace] GC(95) Metaspace: 22613K(22912K)->22613K(22912K) NonClass: 20004K(20160K)->20004K(20160K) Class: 2609K(2752K)->2609K(2752K)
[2026-03-19T11:32:16.591+0800][53.080s][info][gc          ] GC(95) Pause Young (Concurrent Start) (G1 Humongous Allocation) 70M->27M(128M) 3.346ms
[2026-03-19T11:32:16.591+0800][53.080s][info][gc,cpu      ] GC(95) User=0.00s Sys=0.00s Real=0.00s
[2026-03-19T11:32:16.591+0800][53.080s][info][gc          ] GC(96) Concurrent Undo Cycle
[2026-03-19T11:32:16.591+0800][53.081s][info][gc,marking  ] GC(96) Concurrent Cleanup for Next Mark
[2026-03-19T11:32:16.592+0800][53.081s][info][gc,marking  ] GC(96) Concurrent Cleanup for Next Mark 0.444ms
[2026-03-19T11:32:16.592+0800][53.081s][info][gc          ] GC(96) Concurrent Undo Cycle 0.761ms
[2026-03-19T11:32:17.529+0800][54.019s][info][gc,start    ] GC(97) Pause Young (Concurrent Start) (G1 Humongous Allocation)
[2026-03-19T11:32:17.529+0800][54.019s][info][gc,task     ] GC(97) Using 3 workers of 13 for evacuation
[2026-03-19T11:32:17.531+0800][54.021s][info][gc,phases   ] GC(97)   Pre Evacuate Collection Set: 0.1ms
[2026-03-19T11:32:17.531+0800][54.021s][info][gc,phases   ] GC(97)   Merge Heap Roots: 0.2ms
[2026-03-19T11:32:17.531+0800][54.021s][info][gc,phases   ] GC(97)   Evacuate Collection Set: 0.8ms
[2026-03-19T11:32:17.531+0800][54.021s][info][gc,phases   ] GC(97)   Post Evacuate Collection Set: 0.7ms
[2026-03-19T11:32:17.531+0800][54.021s][info][gc,phases   ] GC(97)   Other: 0.4ms
[2026-03-19T11:32:17.531+0800][54.021s][info][gc,heap     ] GC(97) Eden regions: 13->0(74)
[2026-03-19T11:32:17.531+0800][54.021s][info][gc,heap     ] GC(97) Survivor regions: 2->2(10)
[2026-03-19T11:32:17.531+0800][54.021s][info][gc,heap     ] GC(97) Old regions: 18->18
[2026-03-19T11:32:17.531+0800][54.021s][info][gc,heap     ] GC(97) Archive regions: 0->0
[2026-03-19T11:32:17.532+0800][54.021s][info][gc,heap     ] GC(97) Humongous regions: 39->9
[2026-03-19T11:32:17.532+0800][54.022s][info][gc,metaspace] GC(97) Metaspace: 22613K(22912K)->22613K(22912K) NonClass: 20004K(20160K)->20004K(20160K) Class: 2609K(2752K)->2609K(2752K)
[2026-03-19T11:32:17.532+0800][54.022s][info][gc          ] GC(97) Pause Young (Concurrent Start) (G1 Humongous Allocation) 70M->27M(128M) 2.990ms
[2026-03-19T11:32:17.532+0800][54.022s][info][gc,cpu      ] GC(97) User=0.00s Sys=0.00s Real=0.00s
[2026-03-19T11:32:17.532+0800][54.022s][info][gc          ] GC(98) Concurrent Undo Cycle
[2026-03-19T11:32:17.532+0800][54.022s][info][gc,marking  ] GC(98) Concurrent Cleanup for Next Mark
[2026-03-19T11:32:17.532+0800][54.022s][info][gc,marking  ] GC(98) Concurrent Cleanup for Next Mark 0.428ms
[2026-03-19T11:32:17.533+0800][54.023s][info][gc          ] GC(98) Concurrent Undo Cycle 0.729ms
[2026-03-19T11:32:18.469+0800][54.959s][info][gc,start    ] GC(99) Pause Young (Concurrent Start) (G1 Humongous Allocation)
[2026-03-19T11:32:18.470+0800][54.960s][info][gc,task     ] GC(99) Using 3 workers of 13 for evacuation
[2026-03-19T11:32:18.472+0800][54.962s][info][gc,phases   ] GC(99)   Pre Evacuate Collection Set: 0.3ms
[2026-03-19T11:32:18.473+0800][54.962s][info][gc,phases   ] GC(99)   Merge Heap Roots: 0.3ms
[2026-03-19T11:32:18.473+0800][54.962s][info][gc,phases   ] GC(99)   Evacuate Collection Set: 0.9ms
[2026-03-19T11:32:18.473+0800][54.963s][info][gc,phases   ] GC(99)   Post Evacuate Collection Set: 0.9ms
[2026-03-19T11:32:18.473+0800][54.963s][info][gc,phases   ] GC(99)   Other: 0.6ms
[2026-03-19T11:32:18.473+0800][54.963s][info][gc,heap     ] GC(99) Eden regions: 14->0(74)
[2026-03-19T11:32:18.473+0800][54.963s][info][gc,heap     ] GC(99) Survivor regions: 2->2(10)
[2026-03-19T11:32:18.473+0800][54.963s][info][gc,heap     ] GC(99) Old regions: 18->18
[2026-03-19T11:32:18.473+0800][54.963s][info][gc,heap     ] GC(99) Archive regions: 0->0
[2026-03-19T11:32:18.473+0800][54.963s][info][gc,heap     ] GC(99) Humongous regions: 39->9
[2026-03-19T11:32:18.473+0800][54.963s][info][gc,metaspace] GC(99) Metaspace: 22626K(22912K)->22626K(22912K) NonClass: 20017K(20160K)->20017K(20160K) Class: 2609K(2752K)->2609K(2752K)
[2026-03-19T11:32:18.473+0800][54.963s][info][gc          ] GC(99) Pause Young (Concurrent Start) (G1 Humongous Allocation) 70M->27M(128M) 3.976ms
[2026-03-19T11:32:18.473+0800][54.963s][info][gc,cpu      ] GC(99) User=0.00s Sys=0.00s Real=0.00s
[2026-03-19T11:32:18.474+0800][54.964s][info][gc          ] GC(100) Concurrent Undo Cycle
[2026-03-19T11:32:18.474+0800][54.964s][info][gc,marking  ] GC(100) Concurrent Cleanup for Next Mark
[2026-03-19T11:32:18.475+0800][54.964s][info][gc,marking  ] GC(100) Concurrent Cleanup for Next Mark 0.582ms
[2026-03-19T11:32:18.475+0800][54.965s][info][gc          ] GC(100) Concurrent Undo Cycle 1.173ms
[2026-03-19T11:32:19.405+0800][55.895s][info][gc,start    ] GC(101) Pause Young (Concurrent Start) (G1 Humongous Allocation)
[2026-03-19T11:32:19.406+0800][55.895s][info][gc,task     ] GC(101) Using 3 workers of 13 for evacuation
[2026-03-19T11:32:19.407+0800][55.897s][info][gc,phases   ] GC(101)   Pre Evacuate Collection Set: 0.2ms
[2026-03-19T11:32:19.408+0800][55.897s][info][gc,phases   ] GC(101)   Merge Heap Roots: 0.1ms
[2026-03-19T11:32:19.408+0800][55.898s][info][gc,phases   ] GC(101)   Evacuate Collection Set: 0.8ms
[2026-03-19T11:32:19.408+0800][55.898s][info][gc,phases   ] GC(101)   Post Evacuate Collection Set: 0.6ms
[2026-03-19T11:32:19.408+0800][55.898s][info][gc,phases   ] GC(101)   Other: 0.4ms
[2026-03-19T11:32:19.408+0800][55.898s][info][gc,heap     ] GC(101) Eden regions: 13->0(74)
[2026-03-19T11:32:19.408+0800][55.898s][info][gc,heap     ] GC(101) Survivor regions: 2->2(10)
[2026-03-19T11:32:19.408+0800][55.898s][info][gc,heap     ] GC(101) Old regions: 18->18
[2026-03-19T11:32:19.408+0800][55.898s][info][gc,heap     ] GC(101) Archive regions: 0->0
[2026-03-19T11:32:19.408+0800][55.898s][info][gc,heap     ] GC(101) Humongous regions: 39->9
[2026-03-19T11:32:19.408+0800][55.898s][info][gc,metaspace] GC(101) Metaspace: 22626K(22912K)->22626K(22912K) NonClass: 20017K(20160K)->20017K(20160K) Class: 2609K(2752K)->2609K(2752K)
[2026-03-19T11:32:19.408+0800][55.898s][info][gc          ] GC(101) Pause Young (Concurrent Start) (G1 Humongous Allocation) 70M->27M(128M) 2.741ms
[2026-03-19T11:32:19.408+0800][55.898s][info][gc,cpu      ] GC(101) User=0.00s Sys=0.00s Real=0.00s
[2026-03-19T11:32:19.408+0800][55.898s][info][gc          ] GC(102) Concurrent Undo Cycle
[2026-03-19T11:32:19.409+0800][55.898s][info][gc,marking  ] GC(102) Concurrent Cleanup for Next Mark
[2026-03-19T11:32:19.409+0800][55.899s][info][gc,marking  ] GC(102) Concurrent Cleanup for Next Mark 0.403ms
[2026-03-19T11:32:19.409+0800][55.899s][info][gc          ] GC(102) Concurrent Undo Cycle 0.716ms
[2026-03-19T11:32:20.346+0800][56.836s][info][gc,start    ] GC(103) Pause Young (Concurrent Start) (G1 Humongous Allocation)
[2026-03-19T11:32:20.346+0800][56.836s][info][gc,task     ] GC(103) Using 3 workers of 13 for evacuation
[2026-03-19T11:32:20.349+0800][56.838s][info][gc,phases   ] GC(103)   Pre Evacuate Collection Set: 0.2ms
[2026-03-19T11:32:20.349+0800][56.839s][info][gc,phases   ] GC(103)   Merge Heap Roots: 0.2ms
[2026-03-19T11:32:20.349+0800][56.839s][info][gc,phases   ] GC(103)   Evacuate Collection Set: 0.9ms
[2026-03-19T11:32:20.349+0800][56.839s][info][gc,phases   ] GC(103)   Post Evacuate Collection Set: 0.9ms
[2026-03-19T11:32:20.349+0800][56.839s][info][gc,phases   ] GC(103)   Other: 0.6ms
[2026-03-19T11:32:20.349+0800][56.839s][info][gc,heap     ] GC(103) Eden regions: 13->0(74)
[2026-03-19T11:32:20.349+0800][56.839s][info][gc,heap     ] GC(103) Survivor regions: 2->2(10)
[2026-03-19T11:32:20.349+0800][56.839s][info][gc,heap     ] GC(103) Old regions: 18->18
[2026-03-19T11:32:20.350+0800][56.839s][info][gc,heap     ] GC(103) Archive regions: 0->0
[2026-03-19T11:32:20.350+0800][56.839s][info][gc,heap     ] GC(103) Humongous regions: 39->9
[2026-03-19T11:32:20.350+0800][56.839s][info][gc,metaspace] GC(103) Metaspace: 22626K(22912K)->22626K(22912K) NonClass: 20017K(20160K)->20017K(20160K) Class: 2609K(2752K)->2609K(2752K)
[2026-03-19T11:32:20.350+0800][56.839s][info][gc          ] GC(103) Pause Young (Concurrent Start) (G1 Humongous Allocation) 70M->27M(128M) 3.586ms
[2026-03-19T11:32:20.350+0800][56.839s][info][gc,cpu      ] GC(103) User=0.00s Sys=0.00s Real=0.00s
[2026-03-19T11:32:20.350+0800][56.840s][info][gc          ] GC(104) Concurrent Undo Cycle
[2026-03-19T11:32:20.350+0800][56.840s][info][gc,marking  ] GC(104) Concurrent Cleanup for Next Mark
[2026-03-19T11:32:20.351+0800][56.840s][info][gc,marking  ] GC(104) Concurrent Cleanup for Next Mark 0.528ms
[2026-03-19T11:32:20.351+0800][56.840s][info][gc          ] GC(104) Concurrent Undo Cycle 0.869ms
[2026-03-19T11:32:21.294+0800][57.784s][info][gc,start    ] GC(105) Pause Young (Concurrent Start) (G1 Humongous Allocation)
[2026-03-19T11:32:21.295+0800][57.785s][info][gc,task     ] GC(105) Using 3 workers of 13 for evacuation
[2026-03-19T11:32:21.297+0800][57.787s][info][gc,phases   ] GC(105)   Pre Evacuate Collection Set: 0.2ms
[2026-03-19T11:32:21.298+0800][57.787s][info][gc,phases   ] GC(105)   Merge Heap Roots: 0.2ms
[2026-03-19T11:32:21.298+0800][57.787s][info][gc,phases   ] GC(105)   Evacuate Collection Set: 0.9ms
[2026-03-19T11:32:21.298+0800][57.787s][info][gc,phases   ] GC(105)   Post Evacuate Collection Set: 0.9ms
[2026-03-19T11:32:21.298+0800][57.787s][info][gc,phases   ] GC(105)   Other: 0.5ms
[2026-03-19T11:32:21.298+0800][57.788s][info][gc,heap     ] GC(105) Eden regions: 13->0(74)
[2026-03-19T11:32:21.298+0800][57.788s][info][gc,heap     ] GC(105) Survivor regions: 2->2(10)
[2026-03-19T11:32:21.298+0800][57.788s][info][gc,heap     ] GC(105) Old regions: 18->18
[2026-03-19T11:32:21.298+0800][57.788s][info][gc,heap     ] GC(105) Archive regions: 0->0
[2026-03-19T11:32:21.298+0800][57.788s][info][gc,heap     ] GC(105) Humongous regions: 39->9
[2026-03-19T11:32:21.298+0800][57.788s][info][gc,metaspace] GC(105) Metaspace: 22626K(22912K)->22626K(22912K) NonClass: 20017K(20160K)->20017K(20160K) Class: 2609K(2752K)->2609K(2752K)
[2026-03-19T11:32:21.298+0800][57.788s][info][gc          ] GC(105) Pause Young (Concurrent Start) (G1 Humongous Allocation) 70M->27M(128M) 3.553ms
[2026-03-19T11:32:21.298+0800][57.788s][info][gc,cpu      ] GC(105) User=0.00s Sys=0.00s Real=0.00s
[2026-03-19T11:32:21.299+0800][57.788s][info][gc          ] GC(106) Concurrent Undo Cycle
[2026-03-19T11:32:21.299+0800][57.788s][info][gc,marking  ] GC(106) Concurrent Cleanup for Next Mark
[2026-03-19T11:32:21.299+0800][57.789s][info][gc,marking  ] GC(106) Concurrent Cleanup for Next Mark 0.441ms
[2026-03-19T11:32:21.299+0800][57.789s][info][gc          ] GC(106) Concurrent Undo Cycle 0.767ms
[2026-03-19T11:32:22.244+0800][58.734s][info][gc,start    ] GC(107) Pause Young (Concurrent Start) (G1 Humongous Allocation)
[2026-03-19T11:32:22.245+0800][58.734s][info][gc,task     ] GC(107) Using 3 workers of 13 for evacuation
[2026-03-19T11:32:22.246+0800][58.736s][info][gc,phases   ] GC(107)   Pre Evacuate Collection Set: 0.3ms
[2026-03-19T11:32:22.247+0800][58.736s][info][gc,phases   ] GC(107)   Merge Heap Roots: 0.1ms
[2026-03-19T11:32:22.247+0800][58.736s][info][gc,phases   ] GC(107)   Evacuate Collection Set: 0.7ms
[2026-03-19T11:32:22.247+0800][58.736s][info][gc,phases   ] GC(107)   Post Evacuate Collection Set: 0.7ms
[2026-03-19T11:32:22.247+0800][58.736s][info][gc,phases   ] GC(107)   Other: 0.3ms
[2026-03-19T11:32:22.247+0800][58.736s][info][gc,heap     ] GC(107) Eden regions: 13->0(74)
[2026-03-19T11:32:22.247+0800][58.736s][info][gc,heap     ] GC(107) Survivor regions: 2->2(10)
[2026-03-19T11:32:22.247+0800][58.736s][info][gc,heap     ] GC(107) Old regions: 18->18
[2026-03-19T11:32:22.247+0800][58.737s][info][gc,heap     ] GC(107) Archive regions: 0->0
[2026-03-19T11:32:22.247+0800][58.737s][info][gc,heap     ] GC(107) Humongous regions: 39->9
[2026-03-19T11:32:22.247+0800][58.737s][info][gc,metaspace] GC(107) Metaspace: 22626K(22912K)->22626K(22912K) NonClass: 20017K(20160K)->20017K(20160K) Class: 2609K(2752K)->2609K(2752K)
[2026-03-19T11:32:22.247+0800][58.737s][info][gc          ] GC(107) Pause Young (Concurrent Start) (G1 Humongous Allocation) 69M->27M(128M) 2.665ms
[2026-03-19T11:32:22.247+0800][58.737s][info][gc,cpu      ] GC(107) User=0.02s Sys=0.00s Real=0.00s
[2026-03-19T11:32:22.247+0800][58.737s][info][gc          ] GC(108) Concurrent Undo Cycle
[2026-03-19T11:32:22.247+0800][58.737s][info][gc,marking  ] GC(108) Concurrent Cleanup for Next Mark
[2026-03-19T11:32:22.248+0800][58.737s][info][gc,marking  ] GC(108) Concurrent Cleanup for Next Mark 0.329ms
[2026-03-19T11:32:22.248+0800][58.737s][info][gc          ] GC(108) Concurrent Undo Cycle 0.568ms
[2026-03-19T11:32:23.178+0800][59.668s][info][gc,start    ] GC(109) Pause Young (Concurrent Start) (G1 Humongous Allocation)
[2026-03-19T11:32:23.179+0800][59.668s][info][gc,task     ] GC(109) Using 3 workers of 13 for evacuation
[2026-03-19T11:32:23.180+0800][59.670s][info][gc,phases   ] GC(109)   Pre Evacuate Collection Set: 0.2ms
[2026-03-19T11:32:23.180+0800][59.671s][info][gc,phases   ] GC(109)   Merge Heap Roots: 0.2ms
[2026-03-19T11:32:23.180+0800][59.671s][info][gc,phases   ] GC(109)   Evacuate Collection Set: 0.9ms
[2026-03-19T11:32:23.182+0800][59.671s][info][gc,phases   ] GC(109)   Post Evacuate Collection Set: 0.8ms
[2026-03-19T11:32:23.182+0800][59.671s][info][gc,phases   ] GC(109)   Other: 0.5ms
[2026-03-19T11:32:23.182+0800][59.671s][info][gc,heap     ] GC(109) Eden regions: 14->0(74)
[2026-03-19T11:32:23.182+0800][59.671s][info][gc,heap     ] GC(109) Survivor regions: 2->2(10)
[2026-03-19T11:32:23.182+0800][59.671s][info][gc,heap     ] GC(109) Old regions: 18->18
[2026-03-19T11:32:23.182+0800][59.671s][info][gc,heap     ] GC(109) Archive regions: 0->0
[2026-03-19T11:32:23.182+0800][59.671s][info][gc,heap     ] GC(109) Humongous regions: 39->9
[2026-03-19T11:32:23.182+0800][59.671s][info][gc,metaspace] GC(109) Metaspace: 22646K(22912K)->22646K(22912K) NonClass: 20037K(20160K)->20037K(20160K) Class: 2609K(2752K)->2609K(2752K)
[2026-03-19T11:32:23.182+0800][59.671s][info][gc          ] GC(109) Pause Young (Concurrent Start) (G1 Humongous Allocation) 71M->27M(128M) 3.353ms
[2026-03-19T11:32:23.182+0800][59.671s][info][gc,cpu      ] GC(109) User=0.00s Sys=0.00s Real=0.00s
[2026-03-19T11:32:23.182+0800][59.672s][info][gc          ] GC(110) Concurrent Undo Cycle
[2026-03-19T11:32:23.182+0800][59.672s][info][gc,marking  ] GC(110) Concurrent Cleanup for Next Mark
[2026-03-19T11:32:23.183+0800][59.672s][info][gc,marking  ] GC(110) Concurrent Cleanup for Next Mark 0.462ms
[2026-03-19T11:32:23.183+0800][59.672s][info][gc          ] GC(110) Concurrent Undo Cycle 0.792ms
[2026-03-19T11:32:24.115+0800][60.604s][info][gc,start    ] GC(111) Pause Young (Concurrent Start) (G1 Humongous Allocation)
[2026-03-19T11:32:24.115+0800][60.605s][info][gc,task     ] GC(111) Using 3 workers of 13 for evacuation
[2026-03-19T11:32:24.117+0800][60.607s][info][gc,phases   ] GC(111)   Pre Evacuate Collection Set: 0.2ms
[2026-03-19T11:32:24.117+0800][60.607s][info][gc,phases   ] GC(111)   Merge Heap Roots: 0.2ms
[2026-03-19T11:32:24.117+0800][60.607s][info][gc,phases   ] GC(111)   Evacuate Collection Set: 1.0ms
[2026-03-19T11:32:24.117+0800][60.607s][info][gc,phases   ] GC(111)   Post Evacuate Collection Set: 0.7ms
[2026-03-19T11:32:24.117+0800][60.607s][info][gc,phases   ] GC(111)   Other: 0.3ms
[2026-03-19T11:32:24.118+0800][60.607s][info][gc,heap     ] GC(111) Eden regions: 13->0(74)
[2026-03-19T11:32:24.118+0800][60.607s][info][gc,heap     ] GC(111) Survivor regions: 2->2(10)
[2026-03-19T11:32:24.118+0800][60.607s][info][gc,heap     ] GC(111) Old regions: 18->18
[2026-03-19T11:32:24.118+0800][60.607s][info][gc,heap     ] GC(111) Archive regions: 0->0
[2026-03-19T11:32:24.118+0800][60.607s][info][gc,heap     ] GC(111) Humongous regions: 39->9
[2026-03-19T11:32:24.118+0800][60.607s][info][gc,metaspace] GC(111) Metaspace: 22651K(22912K)->22651K(22912K) NonClass: 20042K(20160K)->20042K(20160K) Class: 2609K(2752K)->2609K(2752K)
[2026-03-19T11:32:24.118+0800][60.607s][info][gc          ] GC(111) Pause Young (Concurrent Start) (G1 Humongous Allocation) 70M->27M(128M) 2.960ms
[2026-03-19T11:32:24.118+0800][60.608s][info][gc,cpu      ] GC(111) User=0.00s Sys=0.00s Real=0.00s
[2026-03-19T11:32:24.118+0800][60.608s][info][gc          ] GC(112) Concurrent Undo Cycle
[2026-03-19T11:32:24.118+0800][60.608s][info][gc,marking  ] GC(112) Concurrent Cleanup for Next Mark
[2026-03-19T11:32:24.119+0800][60.608s][info][gc,marking  ] GC(112) Concurrent Cleanup for Next Mark 0.450ms
[2026-03-19T11:32:24.119+0800][60.608s][info][gc          ] GC(112) Concurrent Undo Cycle 0.803ms
[2026-03-19T11:32:25.068+0800][61.558s][info][gc,start    ] GC(113) Pause Young (Concurrent Start) (G1 Humongous Allocation)
[2026-03-19T11:32:25.068+0800][61.558s][info][gc,task     ] GC(113) Using 3 workers of 13 for evacuation
[2026-03-19T11:32:25.070+0800][61.560s][info][gc,phases   ] GC(113)   Pre Evacuate Collection Set: 0.3ms
[2026-03-19T11:32:25.071+0800][61.561s][info][gc,phases   ] GC(113)   Merge Heap Roots: 0.2ms
[2026-03-19T11:32:25.071+0800][61.561s][info][gc,phases   ] GC(113)   Evacuate Collection Set: 0.8ms
[2026-03-19T11:32:25.071+0800][61.561s][info][gc,phases   ] GC(113)   Post Evacuate Collection Set: 0.7ms
[2026-03-19T11:32:25.071+0800][61.561s][info][gc,phases   ] GC(113)   Other: 0.4ms
[2026-03-19T11:32:25.071+0800][61.561s][info][gc,heap     ] GC(113) Eden regions: 13->0(74)
[2026-03-19T11:32:25.071+0800][61.561s][info][gc,heap     ] GC(113) Survivor regions: 2->2(10)
[2026-03-19T11:32:25.071+0800][61.561s][info][gc,heap     ] GC(113) Old regions: 18->18
[2026-03-19T11:32:25.071+0800][61.561s][info][gc,heap     ] GC(113) Archive regions: 0->0
[2026-03-19T11:32:25.071+0800][61.561s][info][gc,heap     ] GC(113) Humongous regions: 39->9
[2026-03-19T11:32:25.071+0800][61.561s][info][gc,metaspace] GC(113) Metaspace: 22651K(22912K)->22651K(22912K) NonClass: 20042K(20160K)->20042K(20160K) Class: 2609K(2752K)->2609K(2752K)
[2026-03-19T11:32:25.071+0800][61.561s][info][gc          ] GC(113) Pause Young (Concurrent Start) (G1 Humongous Allocation) 70M->27M(128M) 3.332ms
[2026-03-19T11:32:25.071+0800][61.561s][info][gc,cpu      ] GC(113) User=0.00s Sys=0.00s Real=0.00s
[2026-03-19T11:32:25.072+0800][61.562s][info][gc          ] GC(114) Concurrent Undo Cycle
[2026-03-19T11:32:25.072+0800][61.562s][info][gc,marking  ] GC(114) Concurrent Cleanup for Next Mark
[2026-03-19T11:32:25.072+0800][61.562s][info][gc,marking  ] GC(114) Concurrent Cleanup for Next Mark 0.434ms
[2026-03-19T11:32:25.072+0800][61.562s][info][gc          ] GC(114) Concurrent Undo Cycle 0.754ms
[2026-03-19T11:32:26.004+0800][62.494s][info][gc,start    ] GC(115) Pause Young (Concurrent Start) (G1 Humongous Allocation)
[2026-03-19T11:32:26.004+0800][62.494s][info][gc,task     ] GC(115) Using 3 workers of 13 for evacuation
[2026-03-19T11:32:26.006+0800][62.496s][info][gc,phases   ] GC(115)   Pre Evacuate Collection Set: 0.3ms
[2026-03-19T11:32:26.006+0800][62.496s][info][gc,phases   ] GC(115)   Merge Heap Roots: 0.2ms
[2026-03-19T11:32:26.006+0800][62.496s][info][gc,phases   ] GC(115)   Evacuate Collection Set: 0.7ms
[2026-03-19T11:32:26.006+0800][62.496s][info][gc,phases   ] GC(115)   Post Evacuate Collection Set: 0.8ms
[2026-03-19T11:32:26.007+0800][62.496s][info][gc,phases   ] GC(115)   Other: 0.3ms
[2026-03-19T11:32:26.007+0800][62.496s][info][gc,heap     ] GC(115) Eden regions: 13->0(74)
[2026-03-19T11:32:26.007+0800][62.496s][info][gc,heap     ] GC(115) Survivor regions: 2->2(10)
[2026-03-19T11:32:26.007+0800][62.497s][info][gc,heap     ] GC(115) Old regions: 18->18
[2026-03-19T11:32:26.007+0800][62.497s][info][gc,heap     ] GC(115) Archive regions: 0->0
[2026-03-19T11:32:26.007+0800][62.497s][info][gc,heap     ] GC(115) Humongous regions: 39->9
[2026-03-19T11:32:26.007+0800][62.497s][info][gc,metaspace] GC(115) Metaspace: 22651K(22912K)->22651K(22912K) NonClass: 20042K(20160K)->20042K(20160K) Class: 2609K(2752K)->2609K(2752K)
[2026-03-19T11:32:26.007+0800][62.497s][info][gc          ] GC(115) Pause Young (Concurrent Start) (G1 Humongous Allocation) 70M->27M(128M) 2.758ms
[2026-03-19T11:32:26.007+0800][62.497s][info][gc,cpu      ] GC(115) User=0.00s Sys=0.00s Real=0.00s
[2026-03-19T11:32:26.007+0800][62.497s][info][gc          ] GC(116) Concurrent Undo Cycle
[2026-03-19T11:32:26.007+0800][62.497s][info][gc,marking  ] GC(116) Concurrent Cleanup for Next Mark
[2026-03-19T11:32:26.008+0800][62.498s][info][gc,marking  ] GC(116) Concurrent Cleanup for Next Mark 0.494ms
[2026-03-19T11:32:26.008+0800][62.498s][info][gc          ] GC(116) Concurrent Undo Cycle 0.762ms
[2026-03-19T11:32:26.945+0800][63.435s][info][gc,start    ] GC(117) Pause Young (Concurrent Start) (G1 Humongous Allocation)
[2026-03-19T11:32:26.945+0800][63.435s][info][gc,task     ] GC(117) Using 3 workers of 13 for evacuation
[2026-03-19T11:32:26.947+0800][63.438s][info][gc,phases   ] GC(117)   Pre Evacuate Collection Set: 0.3ms
[2026-03-19T11:32:26.947+0800][63.438s][info][gc,phases   ] GC(117)   Merge Heap Roots: 0.2ms
[2026-03-19T11:32:26.947+0800][63.438s][info][gc,phases   ] GC(117)   Evacuate Collection Set: 0.9ms
[2026-03-19T11:32:26.947+0800][63.438s][info][gc,phases   ] GC(117)   Post Evacuate Collection Set: 0.9ms
[2026-03-19T11:32:26.947+0800][63.438s][info][gc,phases   ] GC(117)   Other: 0.6ms
[2026-03-19T11:32:26.947+0800][63.438s][info][gc,heap     ] GC(117) Eden regions: 13->0(74)
[2026-03-19T11:32:26.949+0800][63.438s][info][gc,heap     ] GC(117) Survivor regions: 2->2(10)
[2026-03-19T11:32:26.949+0800][63.438s][info][gc,heap     ] GC(117) Old regions: 18->18
[2026-03-19T11:32:26.949+0800][63.438s][info][gc,heap     ] GC(117) Archive regions: 0->0
[2026-03-19T11:32:26.949+0800][63.438s][info][gc,heap     ] GC(117) Humongous regions: 39->9
[2026-03-19T11:32:26.949+0800][63.439s][info][gc,metaspace] GC(117) Metaspace: 22651K(22912K)->22651K(22912K) NonClass: 20042K(20160K)->20042K(20160K) Class: 2609K(2752K)->2609K(2752K)
[2026-03-19T11:32:26.949+0800][63.439s][info][gc          ] GC(117) Pause Young (Concurrent Start) (G1 Humongous Allocation) 70M->27M(128M) 3.738ms
[2026-03-19T11:32:26.949+0800][63.439s][info][gc,cpu      ] GC(117) User=0.00s Sys=0.00s Real=0.00s
[2026-03-19T11:32:26.949+0800][63.439s][info][gc          ] GC(118) Concurrent Undo Cycle
[2026-03-19T11:32:26.949+0800][63.439s][info][gc,marking  ] GC(118) Concurrent Cleanup for Next Mark
[2026-03-19T11:32:26.950+0800][63.440s][info][gc,marking  ] GC(118) Concurrent Cleanup for Next Mark 0.438ms
[2026-03-19T11:32:26.950+0800][63.440s][info][gc          ] GC(118) Concurrent Undo Cycle 0.848ms
[2026-03-19T11:32:27.882+0800][64.371s][info][gc,start    ] GC(119) Pause Young (Concurrent Start) (G1 Humongous Allocation)
[2026-03-19T11:32:27.882+0800][64.372s][info][gc,task     ] GC(119) Using 3 workers of 13 for evacuation
[2026-03-19T11:32:27.884+0800][64.374s][info][gc,phases   ] GC(119)   Pre Evacuate Collection Set: 0.2ms
[2026-03-19T11:32:27.884+0800][64.374s][info][gc,phases   ] GC(119)   Merge Heap Roots: 0.2ms
[2026-03-19T11:32:27.884+0800][64.374s][info][gc,phases   ] GC(119)   Evacuate Collection Set: 0.7ms
[2026-03-19T11:32:27.885+0800][64.374s][info][gc,phases   ] GC(119)   Post Evacuate Collection Set: 0.9ms
[2026-03-19T11:32:27.885+0800][64.374s][info][gc,phases   ] GC(119)   Other: 0.4ms
[2026-03-19T11:32:27.885+0800][64.374s][info][gc,heap     ] GC(119) Eden regions: 14->0(74)
[2026-03-19T11:32:27.885+0800][64.374s][info][gc,heap     ] GC(119) Survivor regions: 2->2(10)
[2026-03-19T11:32:27.885+0800][64.374s][info][gc,heap     ] GC(119) Old regions: 18->18
[2026-03-19T11:32:27.885+0800][64.374s][info][gc,heap     ] GC(119) Archive regions: 0->0
[2026-03-19T11:32:27.885+0800][64.375s][info][gc,heap     ] GC(119) Humongous regions: 39->9
[2026-03-19T11:32:27.885+0800][64.375s][info][gc,metaspace] GC(119) Metaspace: 22659K(22912K)->22659K(22912K) NonClass: 20050K(20160K)->20050K(20160K) Class: 2609K(2752K)->2609K(2752K)
[2026-03-19T11:32:27.885+0800][64.375s][info][gc          ] GC(119) Pause Young (Concurrent Start) (G1 Humongous Allocation) 71M->27M(128M) 3.424ms
[2026-03-19T11:32:27.885+0800][64.375s][info][gc,cpu      ] GC(119) User=0.00s Sys=0.00s Real=0.00s
[2026-03-19T11:32:27.885+0800][64.375s][info][gc          ] GC(120) Concurrent Undo Cycle
[2026-03-19T11:32:27.886+0800][64.375s][info][gc,marking  ] GC(120) Concurrent Cleanup for Next Mark
[2026-03-19T11:32:27.886+0800][64.376s][info][gc,marking  ] GC(120) Concurrent Cleanup for Next Mark 0.540ms
[2026-03-19T11:32:27.886+0800][64.376s][info][gc          ] GC(120) Concurrent Undo Cycle 0.987ms
[2026-03-19T11:32:28.835+0800][65.325s][info][gc,start    ] GC(121) Pause Young (Concurrent Start) (G1 Humongous Allocation)
[2026-03-19T11:32:28.836+0800][65.325s][info][gc,task     ] GC(121) Using 3 workers of 13 for evacuation
[2026-03-19T11:32:28.838+0800][65.327s][info][gc,phases   ] GC(121)   Pre Evacuate Collection Set: 0.2ms
[2026-03-19T11:32:28.838+0800][65.327s][info][gc,phases   ] GC(121)   Merge Heap Roots: 0.2ms
[2026-03-19T11:32:28.838+0800][65.327s][info][gc,phases   ] GC(121)   Evacuate Collection Set: 0.7ms
[2026-03-19T11:32:28.838+0800][65.327s][info][gc,phases   ] GC(121)   Post Evacuate Collection Set: 0.7ms
[2026-03-19T11:32:28.838+0800][65.327s][info][gc,phases   ] GC(121)   Other: 0.5ms
[2026-03-19T11:32:28.838+0800][65.327s][info][gc,heap     ] GC(121) Eden regions: 13->0(74)
[2026-03-19T11:32:28.838+0800][65.327s][info][gc,heap     ] GC(121) Survivor regions: 2->2(10)
[2026-03-19T11:32:28.838+0800][65.327s][info][gc,heap     ] GC(121) Old regions: 18->18
[2026-03-19T11:32:28.838+0800][65.328s][info][gc,heap     ] GC(121) Archive regions: 0->0
[2026-03-19T11:32:28.838+0800][65.328s][info][gc,heap     ] GC(121) Humongous regions: 39->9
[2026-03-19T11:32:28.838+0800][65.328s][info][gc,metaspace] GC(121) Metaspace: 22664K(22912K)->22664K(22912K) NonClass: 20055K(20160K)->20055K(20160K) Class: 2609K(2752K)->2609K(2752K)
[2026-03-19T11:32:28.838+0800][65.328s][info][gc          ] GC(121) Pause Young (Concurrent Start) (G1 Humongous Allocation) 70M->27M(128M) 3.221ms
[2026-03-19T11:32:28.838+0800][65.328s][info][gc,cpu      ] GC(121) User=0.00s Sys=0.00s Real=0.00s
[2026-03-19T11:32:28.838+0800][65.328s][info][gc          ] GC(122) Concurrent Undo Cycle
[2026-03-19T11:32:28.838+0800][65.328s][info][gc,marking  ] GC(122) Concurrent Cleanup for Next Mark
[2026-03-19T11:32:28.839+0800][65.329s][info][gc,marking  ] GC(122) Concurrent Cleanup for Next Mark 0.481ms
[2026-03-19T11:32:28.839+0800][65.329s][info][gc          ] GC(122) Concurrent Undo Cycle 0.709ms
[2026-03-19T11:32:29.786+0800][66.276s][info][gc,start    ] GC(123) Pause Young (Concurrent Start) (G1 Humongous Allocation)
[2026-03-19T11:32:29.787+0800][66.276s][info][gc,task     ] GC(123) Using 3 workers of 13 for evacuation
[2026-03-19T11:32:29.789+0800][66.279s][info][gc,phases   ] GC(123)   Pre Evacuate Collection Set: 0.2ms
[2026-03-19T11:32:29.789+0800][66.279s][info][gc,phases   ] GC(123)   Merge Heap Roots: 0.1ms
[2026-03-19T11:32:29.790+0800][66.279s][info][gc,phases   ] GC(123)   Evacuate Collection Set: 0.9ms
[2026-03-19T11:32:29.790+0800][66.279s][info][gc,phases   ] GC(123)   Post Evacuate Collection Set: 0.8ms
[2026-03-19T11:32:29.790+0800][66.279s][info][gc,phases   ] GC(123)   Other: 0.6ms
[2026-03-19T11:32:29.790+0800][66.279s][info][gc,heap     ] GC(123) Eden regions: 13->0(74)
[2026-03-19T11:32:29.790+0800][66.279s][info][gc,heap     ] GC(123) Survivor regions: 2->2(10)
[2026-03-19T11:32:29.790+0800][66.279s][info][gc,heap     ] GC(123) Old regions: 18->18
[2026-03-19T11:32:29.790+0800][66.279s][info][gc,heap     ] GC(123) Archive regions: 0->0
[2026-03-19T11:32:29.790+0800][66.279s][info][gc,heap     ] GC(123) Humongous regions: 39->9
[2026-03-19T11:32:29.790+0800][66.279s][info][gc,metaspace] GC(123) Metaspace: 22664K(22912K)->22664K(22912K) NonClass: 20055K(20160K)->20055K(20160K) Class: 2609K(2752K)->2609K(2752K)
[2026-03-19T11:32:29.790+0800][66.279s][info][gc          ] GC(123) Pause Young (Concurrent Start) (G1 Humongous Allocation) 69M->27M(128M) 3.450ms
[2026-03-19T11:32:29.790+0800][66.280s][info][gc,cpu      ] GC(123) User=0.00s Sys=0.00s Real=0.00s
[2026-03-19T11:32:29.790+0800][66.280s][info][gc          ] GC(124) Concurrent Undo Cycle
[2026-03-19T11:32:29.791+0800][66.280s][info][gc,marking  ] GC(124) Concurrent Cleanup for Next Mark
[2026-03-19T11:32:29.791+0800][66.280s][info][gc,marking  ] GC(124) Concurrent Cleanup for Next Mark 0.481ms
[2026-03-19T11:32:29.791+0800][66.281s][info][gc          ] GC(124) Concurrent Undo Cycle 0.836ms
[2026-03-19T11:32:30.735+0800][67.225s][info][gc,start    ] GC(125) Pause Young (Concurrent Start) (G1 Humongous Allocation)
[2026-03-19T11:32:30.736+0800][67.225s][info][gc,task     ] GC(125) Using 3 workers of 13 for evacuation
[2026-03-19T11:32:30.738+0800][67.228s][info][gc,phases   ] GC(125)   Pre Evacuate Collection Set: 0.3ms
[2026-03-19T11:32:30.738+0800][67.228s][info][gc,phases   ] GC(125)   Merge Heap Roots: 0.3ms
[2026-03-19T11:32:30.738+0800][67.228s][info][gc,phases   ] GC(125)   Evacuate Collection Set: 1.0ms
[2026-03-19T11:32:30.738+0800][67.228s][info][gc,phases   ] GC(125)   Post Evacuate Collection Set: 0.7ms
[2026-03-19T11:32:30.738+0800][67.228s][info][gc,phases   ] GC(125)   Other: 0.4ms
[2026-03-19T11:32:30.739+0800][67.228s][info][gc,heap     ] GC(125) Eden regions: 13->0(74)
[2026-03-19T11:32:30.739+0800][67.228s][info][gc,heap     ] GC(125) Survivor regions: 2->2(10)
[2026-03-19T11:32:30.739+0800][67.228s][info][gc,heap     ] GC(125) Old regions: 18->18
[2026-03-19T11:32:30.739+0800][67.228s][info][gc,heap     ] GC(125) Archive regions: 0->0
[2026-03-19T11:32:30.739+0800][67.228s][info][gc,heap     ] GC(125) Humongous regions: 39->9
[2026-03-19T11:32:30.739+0800][67.228s][info][gc,metaspace] GC(125) Metaspace: 22665K(22976K)->22665K(22976K) NonClass: 20056K(20224K)->20056K(20224K) Class: 2609K(2752K)->2609K(2752K)
[2026-03-19T11:32:30.739+0800][67.228s][info][gc          ] GC(125) Pause Young (Concurrent Start) (G1 Humongous Allocation) 69M->27M(128M) 3.614ms
[2026-03-19T11:32:30.739+0800][67.228s][info][gc,cpu      ] GC(125) User=0.00s Sys=0.00s Real=0.00s
[2026-03-19T11:32:30.739+0800][67.229s][info][gc          ] GC(126) Concurrent Undo Cycle
[2026-03-19T11:32:30.739+0800][67.229s][info][gc,marking  ] GC(126) Concurrent Cleanup for Next Mark
[2026-03-19T11:32:30.739+0800][67.229s][info][gc,marking  ] GC(126) Concurrent Cleanup for Next Mark 0.460ms
[2026-03-19T11:32:30.739+0800][67.229s][info][gc          ] GC(126) Concurrent Undo Cycle 0.819ms
[2026-03-19T11:32:31.690+0800][68.179s][info][gc,start    ] GC(127) Pause Young (Concurrent Start) (G1 Humongous Allocation)
[2026-03-19T11:32:31.690+0800][68.180s][info][gc,task     ] GC(127) Using 3 workers of 13 for evacuation
[2026-03-19T11:32:31.692+0800][68.182s][info][gc,phases   ] GC(127)   Pre Evacuate Collection Set: 0.3ms
[2026-03-19T11:32:31.692+0800][68.182s][info][gc,phases   ] GC(127)   Merge Heap Roots: 0.1ms
[2026-03-19T11:32:31.692+0800][68.182s][info][gc,phases   ] GC(127)   Evacuate Collection Set: 0.9ms
[2026-03-19T11:32:31.693+0800][68.182s][info][gc,phases   ] GC(127)   Post Evacuate Collection Set: 0.9ms
[2026-03-19T11:32:31.693+0800][68.183s][info][gc,phases   ] GC(127)   Other: 0.5ms
[2026-03-19T11:32:31.693+0800][68.183s][info][gc,heap     ] GC(127) Eden regions: 13->0(74)
[2026-03-19T11:32:31.693+0800][68.183s][info][gc,heap     ] GC(127) Survivor regions: 2->2(10)
[2026-03-19T11:32:31.693+0800][68.183s][info][gc,heap     ] GC(127) Old regions: 18->18
[2026-03-19T11:32:31.693+0800][68.183s][info][gc,heap     ] GC(127) Archive regions: 0->0
[2026-03-19T11:32:31.693+0800][68.183s][info][gc,heap     ] GC(127) Humongous regions: 39->9
[2026-03-19T11:32:31.693+0800][68.183s][info][gc,metaspace] GC(127) Metaspace: 22665K(22976K)->22665K(22976K) NonClass: 20056K(20224K)->20056K(20224K) Class: 2609K(2752K)->2609K(2752K)
[2026-03-19T11:32:31.693+0800][68.183s][info][gc          ] GC(127) Pause Young (Concurrent Start) (G1 Humongous Allocation) 70M->27M(128M) 3.627ms
[2026-03-19T11:32:31.693+0800][68.183s][info][gc,cpu      ] GC(127) User=0.00s Sys=0.00s Real=0.00s
[2026-03-19T11:32:31.693+0800][68.183s][info][gc          ] GC(128) Concurrent Undo Cycle
[2026-03-19T11:32:31.694+0800][68.183s][info][gc,marking  ] GC(128) Concurrent Cleanup for Next Mark
[2026-03-19T11:32:31.694+0800][68.184s][info][gc,marking  ] GC(128) Concurrent Cleanup for Next Mark 0.498ms
[2026-03-19T11:32:31.694+0800][68.184s][info][gc          ] GC(128) Concurrent Undo Cycle 0.866ms
[2026-03-19T11:32:32.636+0800][69.126s][info][gc,start    ] GC(129) Pause Young (Concurrent Start) (G1 Humongous Allocation)
[2026-03-19T11:32:32.636+0800][69.126s][info][gc,task     ] GC(129) Using 3 workers of 13 for evacuation
[2026-03-19T11:32:32.638+0800][69.128s][info][gc,phases   ] GC(129)   Pre Evacuate Collection Set: 0.3ms
[2026-03-19T11:32:32.639+0800][69.128s][info][gc,phases   ] GC(129)   Merge Heap Roots: 0.2ms
[2026-03-19T11:32:32.639+0800][69.128s][info][gc,phases   ] GC(129)   Evacuate Collection Set: 0.7ms
[2026-03-19T11:32:32.639+0800][69.128s][info][gc,phases   ] GC(129)   Post Evacuate Collection Set: 0.9ms
[2026-03-19T11:32:32.639+0800][69.128s][info][gc,phases   ] GC(129)   Other: 0.4ms
[2026-03-19T11:32:32.639+0800][69.128s][info][gc,heap     ] GC(129) Eden regions: 14->0(74)
[2026-03-19T11:32:32.639+0800][69.128s][info][gc,heap     ] GC(129) Survivor regions: 2->2(10)
[2026-03-19T11:32:32.639+0800][69.128s][info][gc,heap     ] GC(129) Old regions: 18->18
[2026-03-19T11:32:32.639+0800][69.128s][info][gc,heap     ] GC(129) Archive regions: 0->0
[2026-03-19T11:32:32.639+0800][69.128s][info][gc,heap     ] GC(129) Humongous regions: 39->9
[2026-03-19T11:32:32.639+0800][69.128s][info][gc,metaspace] GC(129) Metaspace: 22670K(22976K)->22670K(22976K) NonClass: 20061K(20224K)->20061K(20224K) Class: 2609K(2752K)->2609K(2752K)
[2026-03-19T11:32:32.639+0800][69.129s][info][gc          ] GC(129) Pause Young (Concurrent Start) (G1 Humongous Allocation) 71M->27M(128M) 2.892ms
[2026-03-19T11:32:32.639+0800][69.129s][info][gc,cpu      ] GC(129) User=0.00s Sys=0.00s Real=0.00s
[2026-03-19T11:32:32.639+0800][69.129s][info][gc          ] GC(130) Concurrent Undo Cycle
[2026-03-19T11:32:32.639+0800][69.129s][info][gc,marking  ] GC(130) Concurrent Cleanup for Next Mark
[2026-03-19T11:32:32.639+0800][69.129s][info][gc,marking  ] GC(130) Concurrent Cleanup for Next Mark 0.370ms
[2026-03-19T11:32:32.639+0800][69.129s][info][gc          ] GC(130) Concurrent Undo Cycle 0.547ms
[2026-03-19T11:32:33.575+0800][70.065s][info][gc,start    ] GC(131) Pause Young (Concurrent Start) (G1 Humongous Allocation)
[2026-03-19T11:32:33.575+0800][70.065s][info][gc,task     ] GC(131) Using 3 workers of 13 for evacuation
[2026-03-19T11:32:33.577+0800][70.068s][info][gc,phases   ] GC(131)   Pre Evacuate Collection Set: 0.3ms
[2026-03-19T11:32:33.577+0800][70.068s][info][gc,phases   ] GC(131)   Merge Heap Roots: 0.2ms
[2026-03-19T11:32:33.577+0800][70.068s][info][gc,phases   ] GC(131)   Evacuate Collection Set: 0.9ms
[2026-03-19T11:32:33.579+0800][70.068s][info][gc,phases   ] GC(131)   Post Evacuate Collection Set: 0.8ms
[2026-03-19T11:32:33.579+0800][70.068s][info][gc,phases   ] GC(131)   Other: 0.6ms
[2026-03-19T11:32:33.579+0800][70.068s][info][gc,heap     ] GC(131) Eden regions: 13->0(74)
[2026-03-19T11:32:33.579+0800][70.068s][info][gc,heap     ] GC(131) Survivor regions: 2->2(10)
[2026-03-19T11:32:33.579+0800][70.068s][info][gc,heap     ] GC(131) Old regions: 18->18
[2026-03-19T11:32:33.579+0800][70.068s][info][gc,heap     ] GC(131) Archive regions: 0->0
[2026-03-19T11:32:33.579+0800][70.069s][info][gc,heap     ] GC(131) Humongous regions: 39->9
[2026-03-19T11:32:33.579+0800][70.069s][info][gc,metaspace] GC(131) Metaspace: 22670K(22976K)->22670K(22976K) NonClass: 20061K(20224K)->20061K(20224K) Class: 2609K(2752K)->2609K(2752K)
[2026-03-19T11:32:33.579+0800][70.069s][info][gc          ] GC(131) Pause Young (Concurrent Start) (G1 Humongous Allocation) 69M->27M(128M) 3.745ms
[2026-03-19T11:32:33.579+0800][70.069s][info][gc,cpu      ] GC(131) User=0.00s Sys=0.00s Real=0.00s
[2026-03-19T11:32:33.579+0800][70.069s][info][gc          ] GC(132) Concurrent Undo Cycle
[2026-03-19T11:32:33.580+0800][70.069s][info][gc,marking  ] GC(132) Concurrent Cleanup for Next Mark
[2026-03-19T11:32:33.580+0800][70.070s][info][gc,marking  ] GC(132) Concurrent Cleanup for Next Mark 0.539ms
[2026-03-19T11:32:33.580+0800][70.070s][info][gc          ] GC(132) Concurrent Undo Cycle 1.003ms
[2026-03-19T11:32:34.523+0800][71.013s][info][gc,start    ] GC(133) Pause Young (Concurrent Start) (G1 Humongous Allocation)
[2026-03-19T11:32:34.523+0800][71.013s][info][gc,task     ] GC(133) Using 3 workers of 13 for evacuation
[2026-03-19T11:32:34.525+0800][71.015s][info][gc,phases   ] GC(133)   Pre Evacuate Collection Set: 0.2ms
[2026-03-19T11:32:34.526+0800][71.015s][info][gc,phases   ] GC(133)   Merge Heap Roots: 0.2ms
[2026-03-19T11:32:34.526+0800][71.016s][info][gc,phases   ] GC(133)   Evacuate Collection Set: 0.5ms
[2026-03-19T11:32:34.526+0800][71.016s][info][gc,phases   ] GC(133)   Post Evacuate Collection Set: 1.1ms
[2026-03-19T11:32:34.526+0800][71.016s][info][gc,phases   ] GC(133)   Other: 0.4ms
[2026-03-19T11:32:34.526+0800][71.016s][info][gc,heap     ] GC(133) Eden regions: 13->0(74)
[2026-03-19T11:32:34.526+0800][71.016s][info][gc,heap     ] GC(133) Survivor regions: 2->2(10)
[2026-03-19T11:32:34.526+0800][71.016s][info][gc,heap     ] GC(133) Old regions: 18->18
[2026-03-19T11:32:34.526+0800][71.016s][info][gc,heap     ] GC(133) Archive regions: 0->0
[2026-03-19T11:32:34.526+0800][71.016s][info][gc,heap     ] GC(133) Humongous regions: 39->9
[2026-03-19T11:32:34.526+0800][71.016s][info][gc,metaspace] GC(133) Metaspace: 22670K(22976K)->22670K(22976K) NonClass: 20061K(20224K)->20061K(20224K) Class: 2609K(2752K)->2609K(2752K)
[2026-03-19T11:32:34.526+0800][71.016s][info][gc          ] GC(133) Pause Young (Concurrent Start) (G1 Humongous Allocation) 70M->27M(128M) 2.766ms
[2026-03-19T11:32:34.526+0800][71.016s][info][gc,cpu      ] GC(133) User=0.00s Sys=0.00s Real=0.00s
[2026-03-19T11:32:34.526+0800][71.016s][info][gc          ] GC(134) Concurrent Undo Cycle
[2026-03-19T11:32:34.526+0800][71.016s][info][gc,marking  ] GC(134) Concurrent Cleanup for Next Mark
[2026-03-19T11:32:34.527+0800][71.017s][info][gc,marking  ] GC(134) Concurrent Cleanup for Next Mark 0.411ms
[2026-03-19T11:32:34.527+0800][71.017s][info][gc          ] GC(134) Concurrent Undo Cycle 0.662ms
[2026-03-19T11:32:35.457+0800][71.947s][info][gc,start    ] GC(135) Pause Young (Concurrent Start) (G1 Humongous Allocation)
[2026-03-19T11:32:35.457+0800][71.948s][info][gc,task     ] GC(135) Using 3 workers of 13 for evacuation
[2026-03-19T11:32:35.460+0800][71.950s][info][gc,phases   ] GC(135)   Pre Evacuate Collection Set: 0.2ms
[2026-03-19T11:32:35.461+0800][71.950s][info][gc,phases   ] GC(135)   Merge Heap Roots: 0.2ms
[2026-03-19T11:32:35.461+0800][71.950s][info][gc,phases   ] GC(135)   Evacuate Collection Set: 0.9ms
[2026-03-19T11:32:35.461+0800][71.950s][info][gc,phases   ] GC(135)   Post Evacuate Collection Set: 0.9ms
[2026-03-19T11:32:35.461+0800][71.950s][info][gc,phases   ] GC(135)   Other: 0.5ms
[2026-03-19T11:32:35.461+0800][71.950s][info][gc,heap     ] GC(135) Eden regions: 13->0(74)
[2026-03-19T11:32:35.461+0800][71.950s][info][gc,heap     ] GC(135) Survivor regions: 2->2(10)
[2026-03-19T11:32:35.461+0800][71.951s][info][gc,heap     ] GC(135) Old regions: 18->18
[2026-03-19T11:32:35.461+0800][71.951s][info][gc,heap     ] GC(135) Archive regions: 0->0
[2026-03-19T11:32:35.461+0800][71.951s][info][gc,heap     ] GC(135) Humongous regions: 39->9
[2026-03-19T11:32:35.461+0800][71.951s][info][gc,metaspace] GC(135) Metaspace: 22670K(22976K)->22670K(22976K) NonClass: 20061K(20224K)->20061K(20224K) Class: 2609K(2752K)->2609K(2752K)
[2026-03-19T11:32:35.461+0800][71.951s][info][gc          ] GC(135) Pause Young (Concurrent Start) (G1 Humongous Allocation) 70M->27M(128M) 3.571ms
[2026-03-19T11:32:35.461+0800][71.951s][info][gc,cpu      ] GC(135) User=0.00s Sys=0.00s Real=0.00s
[2026-03-19T11:32:35.461+0800][71.951s][info][gc          ] GC(136) Concurrent Undo Cycle
[2026-03-19T11:32:35.462+0800][71.951s][info][gc,marking  ] GC(136) Concurrent Cleanup for Next Mark
[2026-03-19T11:32:35.462+0800][71.952s][info][gc,marking  ] GC(136) Concurrent Cleanup for Next Mark 0.470ms
[2026-03-19T11:32:35.462+0800][71.952s][info][gc          ] GC(136) Concurrent Undo Cycle 0.809ms
[2026-03-19T11:32:36.398+0800][72.887s][info][gc,start    ] GC(137) Pause Young (Concurrent Start) (G1 Humongous Allocation)
[2026-03-19T11:32:36.398+0800][72.888s][info][gc,task     ] GC(137) Using 3 workers of 13 for evacuation
[2026-03-19T11:32:36.400+0800][72.890s][info][gc,phases   ] GC(137)   Pre Evacuate Collection Set: 0.3ms
[2026-03-19T11:32:36.400+0800][72.890s][info][gc,phases   ] GC(137)   Merge Heap Roots: 0.2ms
[2026-03-19T11:32:36.400+0800][72.890s][info][gc,phases   ] GC(137)   Evacuate Collection Set: 0.9ms
[2026-03-19T11:32:36.400+0800][72.891s][info][gc,phases   ] GC(137)   Post Evacuate Collection Set: 0.9ms
[2026-03-19T11:32:36.401+0800][72.891s][info][gc,phases   ] GC(137)   Other: 0.6ms
[2026-03-19T11:32:36.401+0800][72.891s][info][gc,heap     ] GC(137) Eden regions: 13->0(74)
[2026-03-19T11:32:36.401+0800][72.891s][info][gc,heap     ] GC(137) Survivor regions: 2->2(10)
[2026-03-19T11:32:36.401+0800][72.891s][info][gc,heap     ] GC(137) Old regions: 18->18
[2026-03-19T11:32:36.401+0800][72.891s][info][gc,heap     ] GC(137) Archive regions: 0->0
[2026-03-19T11:32:36.401+0800][72.891s][info][gc,heap     ] GC(137) Humongous regions: 39->9
[2026-03-19T11:32:36.401+0800][72.891s][info][gc,metaspace] GC(137) Metaspace: 22670K(22976K)->22670K(22976K) NonClass: 20061K(20224K)->20061K(20224K) Class: 2609K(2752K)->2609K(2752K)
[2026-03-19T11:32:36.401+0800][72.891s][info][gc          ] GC(137) Pause Young (Concurrent Start) (G1 Humongous Allocation) 70M->27M(128M) 3.771ms
[2026-03-19T11:32:36.401+0800][72.891s][info][gc,cpu      ] GC(137) User=0.00s Sys=0.00s Real=0.00s
[2026-03-19T11:32:36.401+0800][72.891s][info][gc          ] GC(138) Concurrent Undo Cycle
[2026-03-19T11:32:36.401+0800][72.892s][info][gc,marking  ] GC(138) Concurrent Cleanup for Next Mark
[2026-03-19T11:32:36.402+0800][72.892s][info][gc,marking  ] GC(138) Concurrent Cleanup for Next Mark 0.506ms
[2026-03-19T11:32:36.402+0800][72.892s][info][gc          ] GC(138) Concurrent Undo Cycle 0.882ms
[2026-03-19T11:32:37.348+0800][73.837s][info][gc,start    ] GC(139) Pause Young (Concurrent Start) (G1 Humongous Allocation)
[2026-03-19T11:32:37.348+0800][73.838s][info][gc,task     ] GC(139) Using 3 workers of 13 for evacuation
[2026-03-19T11:32:37.350+0800][73.840s][info][gc,phases   ] GC(139)   Pre Evacuate Collection Set: 0.2ms
[2026-03-19T11:32:37.350+0800][73.840s][info][gc,phases   ] GC(139)   Merge Heap Roots: 0.2ms
[2026-03-19T11:32:37.350+0800][73.840s][info][gc,phases   ] GC(139)   Evacuate Collection Set: 0.8ms
[2026-03-19T11:32:37.350+0800][73.840s][info][gc,phases   ] GC(139)   Post Evacuate Collection Set: 0.8ms
[2026-03-19T11:32:37.350+0800][73.840s][info][gc,phases   ] GC(139)   Other: 0.4ms
[2026-03-19T11:32:37.350+0800][73.840s][info][gc,heap     ] GC(139) Eden regions: 13->0(74)
[2026-03-19T11:32:37.350+0800][73.840s][info][gc,heap     ] GC(139) Survivor regions: 2->2(10)
[2026-03-19T11:32:37.350+0800][73.840s][info][gc,heap     ] GC(139) Old regions: 18->18
[2026-03-19T11:32:37.350+0800][73.841s][info][gc,heap     ] GC(139) Archive regions: 0->0
[2026-03-19T11:32:37.350+0800][73.841s][info][gc,heap     ] GC(139) Humongous regions: 39->9
[2026-03-19T11:32:37.350+0800][73.841s][info][gc,metaspace] GC(139) Metaspace: 22671K(22976K)->22671K(22976K) NonClass: 20062K(20224K)->20062K(20224K) Class: 2609K(2752K)->2609K(2752K)
[2026-03-19T11:32:37.350+0800][73.841s][info][gc          ] GC(139) Pause Young (Concurrent Start) (G1 Humongous Allocation) 69M->27M(128M) 3.290ms
[2026-03-19T11:32:37.352+0800][73.841s][info][gc,cpu      ] GC(139) User=0.00s Sys=0.00s Real=0.00s
[2026-03-19T11:32:37.352+0800][73.841s][info][gc          ] GC(140) Concurrent Undo Cycle
[2026-03-19T11:32:37.352+0800][73.841s][info][gc,marking  ] GC(140) Concurrent Cleanup for Next Mark
[2026-03-19T11:32:37.352+0800][73.842s][info][gc,marking  ] GC(140) Concurrent Cleanup for Next Mark 0.492ms
[2026-03-19T11:32:37.353+0800][73.842s][info][gc          ] GC(140) Concurrent Undo Cycle 0.880ms
[2026-03-19T11:32:38.290+0800][74.779s][info][gc,start    ] GC(141) Pause Young (Concurrent Start) (G1 Humongous Allocation)
[2026-03-19T11:32:38.290+0800][74.779s][info][gc,task     ] GC(141) Using 3 workers of 13 for evacuation
[2026-03-19T11:32:38.292+0800][74.782s][info][gc,phases   ] GC(141)   Pre Evacuate Collection Set: 0.2ms
[2026-03-19T11:32:38.292+0800][74.782s][info][gc,phases   ] GC(141)   Merge Heap Roots: 0.3ms
[2026-03-19T11:32:38.292+0800][74.782s][info][gc,phases   ] GC(141)   Evacuate Collection Set: 0.9ms
[2026-03-19T11:32:38.292+0800][74.782s][info][gc,phases   ] GC(141)   Post Evacuate Collection Set: 0.8ms
[2026-03-19T11:32:38.292+0800][74.782s][info][gc,phases   ] GC(141)   Other: 0.5ms
[2026-03-19T11:32:38.292+0800][74.782s][info][gc,heap     ] GC(141) Eden regions: 14->0(74)
[2026-03-19T11:32:38.292+0800][74.782s][info][gc,heap     ] GC(141) Survivor regions: 2->2(10)
[2026-03-19T11:32:38.293+0800][74.782s][info][gc,heap     ] GC(141) Old regions: 18->18
[2026-03-19T11:32:38.293+0800][74.782s][info][gc,heap     ] GC(141) Archive regions: 0->0
[2026-03-19T11:32:38.293+0800][74.782s][info][gc,heap     ] GC(141) Humongous regions: 39->9
[2026-03-19T11:32:38.293+0800][74.782s][info][gc,metaspace] GC(141) Metaspace: 22692K(22976K)->22692K(22976K) NonClass: 20083K(20224K)->20083K(20224K) Class: 2609K(2752K)->2609K(2752K)
[2026-03-19T11:32:38.293+0800][74.782s][info][gc          ] GC(141) Pause Young (Concurrent Start) (G1 Humongous Allocation) 71M->27M(128M) 3.322ms
[2026-03-19T11:32:38.293+0800][74.782s][info][gc,cpu      ] GC(141) User=0.00s Sys=0.00s Real=0.00s
[2026-03-19T11:32:38.293+0800][74.783s][info][gc          ] GC(142) Concurrent Undo Cycle
[2026-03-19T11:32:38.293+0800][74.783s][info][gc,marking  ] GC(142) Concurrent Cleanup for Next Mark
[2026-03-19T11:32:38.294+0800][74.783s][info][gc,marking  ] GC(142) Concurrent Cleanup for Next Mark 0.416ms
[2026-03-19T11:32:38.294+0800][74.783s][info][gc          ] GC(142) Concurrent Undo Cycle 0.712ms
[2026-03-19T11:32:39.227+0800][75.717s][info][gc,start    ] GC(143) Pause Young (Concurrent Start) (G1 Humongous Allocation)
[2026-03-19T11:32:39.228+0800][75.717s][info][gc,task     ] GC(143) Using 3 workers of 13 for evacuation
[2026-03-19T11:32:39.230+0800][75.719s][info][gc,phases   ] GC(143)   Pre Evacuate Collection Set: 0.2ms
[2026-03-19T11:32:39.230+0800][75.720s][info][gc,phases   ] GC(143)   Merge Heap Roots: 0.2ms
[2026-03-19T11:32:39.230+0800][75.720s][info][gc,phases   ] GC(143)   Evacuate Collection Set: 0.9ms
[2026-03-19T11:32:39.230+0800][75.720s][info][gc,phases   ] GC(143)   Post Evacuate Collection Set: 0.9ms
[2026-03-19T11:32:39.230+0800][75.720s][info][gc,phases   ] GC(143)   Other: 0.5ms
[2026-03-19T11:32:39.230+0800][75.720s][info][gc,heap     ] GC(143) Eden regions: 13->0(74)
[2026-03-19T11:32:39.230+0800][75.720s][info][gc,heap     ] GC(143) Survivor regions: 2->2(10)
[2026-03-19T11:32:39.230+0800][75.720s][info][gc,heap     ] GC(143) Old regions: 18->18
[2026-03-19T11:32:39.230+0800][75.720s][info][gc,heap     ] GC(143) Archive regions: 0->0
[2026-03-19T11:32:39.230+0800][75.720s][info][gc,heap     ] GC(143) Humongous regions: 39->9
[2026-03-19T11:32:39.231+0800][75.720s][info][gc,metaspace] GC(143) Metaspace: 22692K(22976K)->22692K(22976K) NonClass: 20083K(20224K)->20083K(20224K) Class: 2609K(2752K)->2609K(2752K)
[2026-03-19T11:32:39.231+0800][75.720s][info][gc          ] GC(143) Pause Young (Concurrent Start) (G1 Humongous Allocation) 70M->27M(128M) 3.521ms
[2026-03-19T11:32:39.231+0800][75.720s][info][gc,cpu      ] GC(143) User=0.00s Sys=0.02s Real=0.00s
[2026-03-19T11:32:39.231+0800][75.721s][info][gc          ] GC(144) Concurrent Undo Cycle
[2026-03-19T11:32:39.231+0800][75.721s][info][gc,marking  ] GC(144) Concurrent Cleanup for Next Mark
[2026-03-19T11:32:39.231+0800][75.721s][info][gc,marking  ] GC(144) Concurrent Cleanup for Next Mark 0.414ms
[2026-03-19T11:32:39.232+0800][75.721s][info][gc          ] GC(144) Concurrent Undo Cycle 0.732ms
[2026-03-19T11:32:40.176+0800][76.666s][info][gc,start    ] GC(145) Pause Young (Concurrent Start) (G1 Humongous Allocation)
[2026-03-19T11:32:40.180+0800][76.670s][info][gc,task     ] GC(145) Using 3 workers of 13 for evacuation
[2026-03-19T11:32:40.183+0800][76.673s][info][gc,phases   ] GC(145)   Pre Evacuate Collection Set: 0.2ms
[2026-03-19T11:32:40.183+0800][76.673s][info][gc,phases   ] GC(145)   Merge Heap Roots: 0.2ms
[2026-03-19T11:32:40.183+0800][76.673s][info][gc,phases   ] GC(145)   Evacuate Collection Set: 0.7ms
[2026-03-19T11:32:40.183+0800][76.673s][info][gc,phases   ] GC(145)   Post Evacuate Collection Set: 0.7ms
[2026-03-19T11:32:40.183+0800][76.673s][info][gc,phases   ] GC(145)   Other: 5.0ms
[2026-03-19T11:32:40.183+0800][76.673s][info][gc,heap     ] GC(145) Eden regions: 13->0(74)
[2026-03-19T11:32:40.183+0800][76.673s][info][gc,heap     ] GC(145) Survivor regions: 2->2(10)
[2026-03-19T11:32:40.183+0800][76.673s][info][gc,heap     ] GC(145) Old regions: 18->18
[2026-03-19T11:32:40.183+0800][76.673s][info][gc,heap     ] GC(145) Archive regions: 0->0
[2026-03-19T11:32:40.183+0800][76.673s][info][gc,heap     ] GC(145) Humongous regions: 39->9
[2026-03-19T11:32:40.183+0800][76.673s][info][gc,metaspace] GC(145) Metaspace: 22692K(22976K)->22692K(22976K) NonClass: 20083K(20224K)->20083K(20224K) Class: 2609K(2752K)->2609K(2752K)
[2026-03-19T11:32:40.183+0800][76.673s][info][gc          ] GC(145) Pause Young (Concurrent Start) (G1 Humongous Allocation) 70M->27M(128M) 7.240ms
[2026-03-19T11:32:40.183+0800][76.673s][info][gc,cpu      ] GC(145) User=0.00s Sys=0.00s Real=0.01s
[2026-03-19T11:32:40.184+0800][76.673s][info][gc          ] GC(146) Concurrent Undo Cycle
[2026-03-19T11:32:40.184+0800][76.673s][info][gc,marking  ] GC(146) Concurrent Cleanup for Next Mark
[2026-03-19T11:32:40.184+0800][76.674s][info][gc,marking  ] GC(146) Concurrent Cleanup for Next Mark 0.314ms
[2026-03-19T11:32:40.184+0800][76.674s][info][gc          ] GC(146) Concurrent Undo Cycle 0.473ms
[2026-03-19T11:32:41.128+0800][77.617s][info][gc,start    ] GC(147) Pause Young (Concurrent Start) (G1 Humongous Allocation)
[2026-03-19T11:32:41.128+0800][77.617s][info][gc,task     ] GC(147) Using 3 workers of 13 for evacuation
[2026-03-19T11:32:41.130+0800][77.620s][info][gc,phases   ] GC(147)   Pre Evacuate Collection Set: 0.2ms
[2026-03-19T11:32:41.130+0800][77.620s][info][gc,phases   ] GC(147)   Merge Heap Roots: 0.2ms
[2026-03-19T11:32:41.130+0800][77.620s][info][gc,phases   ] GC(147)   Evacuate Collection Set: 1.1ms
[2026-03-19T11:32:41.130+0800][77.620s][info][gc,phases   ] GC(147)   Post Evacuate Collection Set: 0.9ms
[2026-03-19T11:32:41.130+0800][77.620s][info][gc,phases   ] GC(147)   Other: 0.4ms
[2026-03-19T11:32:41.130+0800][77.620s][info][gc,heap     ] GC(147) Eden regions: 13->0(74)
[2026-03-19T11:32:41.130+0800][77.621s][info][gc,heap     ] GC(147) Survivor regions: 2->2(10)
[2026-03-19T11:32:41.131+0800][77.621s][info][gc,heap     ] GC(147) Old regions: 18->18
[2026-03-19T11:32:41.131+0800][77.621s][info][gc,heap     ] GC(147) Archive regions: 0->0
[2026-03-19T11:32:41.131+0800][77.621s][info][gc,heap     ] GC(147) Humongous regions: 39->9
[2026-03-19T11:32:41.131+0800][77.621s][info][gc,metaspace] GC(147) Metaspace: 22692K(22976K)->22692K(22976K) NonClass: 20083K(20224K)->20083K(20224K) Class: 2609K(2752K)->2609K(2752K)
[2026-03-19T11:32:41.131+0800][77.621s][info][gc          ] GC(147) Pause Young (Concurrent Start) (G1 Humongous Allocation) 70M->27M(128M) 3.742ms
[2026-03-19T11:32:41.131+0800][77.621s][info][gc,cpu      ] GC(147) User=0.00s Sys=0.00s Real=0.00s
[2026-03-19T11:32:41.131+0800][77.621s][info][gc          ] GC(148) Concurrent Undo Cycle
[2026-03-19T11:32:41.131+0800][77.621s][info][gc,marking  ] GC(148) Concurrent Cleanup for Next Mark
[2026-03-19T11:32:41.132+0800][77.622s][info][gc,marking  ] GC(148) Concurrent Cleanup for Next Mark 0.342ms
[2026-03-19T11:32:41.132+0800][77.622s][info][gc          ] GC(148) Concurrent Undo Cycle 0.558ms
[2026-03-19T11:32:42.079+0800][78.569s][info][gc,start    ] GC(149) Pause Young (Concurrent Start) (G1 Humongous Allocation)
[2026-03-19T11:32:42.079+0800][78.569s][info][gc,task     ] GC(149) Using 3 workers of 13 for evacuation
[2026-03-19T11:32:42.082+0800][78.572s][info][gc,phases   ] GC(149)   Pre Evacuate Collection Set: 0.2ms
[2026-03-19T11:32:42.082+0800][78.572s][info][gc,phases   ] GC(149)   Merge Heap Roots: 0.3ms
[2026-03-19T11:32:42.082+0800][78.572s][info][gc,phases   ] GC(149)   Evacuate Collection Set: 0.8ms
[2026-03-19T11:32:42.082+0800][78.572s][info][gc,phases   ] GC(149)   Post Evacuate Collection Set: 0.8ms
[2026-03-19T11:32:42.082+0800][78.572s][info][gc,phases   ] GC(149)   Other: 0.5ms
[2026-03-19T11:32:42.082+0800][78.572s][info][gc,heap     ] GC(149) Eden regions: 13->0(74)
[2026-03-19T11:32:42.082+0800][78.572s][info][gc,heap     ] GC(149) Survivor regions: 2->2(10)
[2026-03-19T11:32:42.082+0800][78.572s][info][gc,heap     ] GC(149) Old regions: 18->18
[2026-03-19T11:32:42.082+0800][78.572s][info][gc,heap     ] GC(149) Archive regions: 0->0
[2026-03-19T11:32:42.082+0800][78.572s][info][gc,heap     ] GC(149) Humongous regions: 39->9
[2026-03-19T11:32:42.082+0800][78.572s][info][gc,metaspace] GC(149) Metaspace: 22693K(22976K)->22693K(22976K) NonClass: 20084K(20224K)->20084K(20224K) Class: 2609K(2752K)->2609K(2752K)
[2026-03-19T11:32:42.082+0800][78.572s][info][gc          ] GC(149) Pause Young (Concurrent Start) (G1 Humongous Allocation) 70M->27M(128M) 3.513ms
[2026-03-19T11:32:42.082+0800][78.573s][info][gc,cpu      ] GC(149) User=0.00s Sys=0.00s Real=0.00s
[2026-03-19T11:32:42.082+0800][78.573s][info][gc          ] GC(150) Concurrent Undo Cycle
[2026-03-19T11:32:42.082+0800][78.573s][info][gc,marking  ] GC(150) Concurrent Cleanup for Next Mark
[2026-03-19T11:32:42.084+0800][78.573s][info][gc,marking  ] GC(150) Concurrent Cleanup for Next Mark 0.471ms
[2026-03-19T11:32:42.084+0800][78.574s][info][gc          ] GC(150) Concurrent Undo Cycle 0.858ms
[2026-03-19T11:32:43.013+0800][79.503s][info][gc,start    ] GC(151) Pause Young (Concurrent Start) (G1 Humongous Allocation)
[2026-03-19T11:32:43.013+0800][79.503s][info][gc,task     ] GC(151) Using 3 workers of 13 for evacuation
[2026-03-19T11:32:43.015+0800][79.505s][info][gc,phases   ] GC(151)   Pre Evacuate Collection Set: 0.3ms
[2026-03-19T11:32:43.015+0800][79.505s][info][gc,phases   ] GC(151)   Merge Heap Roots: 0.1ms
[2026-03-19T11:32:43.015+0800][79.505s][info][gc,phases   ] GC(151)   Evacuate Collection Set: 0.6ms
[2026-03-19T11:32:43.015+0800][79.505s][info][gc,phases   ] GC(151)   Post Evacuate Collection Set: 0.7ms
[2026-03-19T11:32:43.015+0800][79.505s][info][gc,phases   ] GC(151)   Other: 0.3ms
[2026-03-19T11:32:43.015+0800][79.505s][info][gc,heap     ] GC(151) Eden regions: 13->0(74)
[2026-03-19T11:32:43.015+0800][79.505s][info][gc,heap     ] GC(151) Survivor regions: 2->2(10)
[2026-03-19T11:32:43.015+0800][79.505s][info][gc,heap     ] GC(151) Old regions: 18->18
[2026-03-19T11:32:43.015+0800][79.505s][info][gc,heap     ] GC(151) Archive regions: 0->0
[2026-03-19T11:32:43.015+0800][79.505s][info][gc,heap     ] GC(151) Humongous regions: 39->9
[2026-03-19T11:32:43.015+0800][79.505s][info][gc,metaspace] GC(151) Metaspace: 22714K(22976K)->22714K(22976K) NonClass: 20104K(20224K)->20104K(20224K) Class: 2610K(2752K)->2610K(2752K)
[2026-03-19T11:32:43.015+0800][79.505s][info][gc          ] GC(151) Pause Young (Concurrent Start) (G1 Humongous Allocation) 70M->27M(128M) 2.449ms
[2026-03-19T11:32:43.015+0800][79.505s][info][gc,cpu      ] GC(151) User=0.00s Sys=0.00s Real=0.00s
[2026-03-19T11:32:43.016+0800][79.505s][info][gc          ] GC(152) Concurrent Undo Cycle
[2026-03-19T11:32:43.016+0800][79.505s][info][gc,marking  ] GC(152) Concurrent Cleanup for Next Mark
[2026-03-19T11:32:43.016+0800][79.506s][info][gc,marking  ] GC(152) Concurrent Cleanup for Next Mark 0.497ms
[2026-03-19T11:32:43.016+0800][79.506s][info][gc          ] GC(152) Concurrent Undo Cycle 0.712ms
[2026-03-19T11:32:43.952+0800][80.442s][info][gc,start    ] GC(153) Pause Young (Concurrent Start) (G1 Humongous Allocation)
[2026-03-19T11:32:43.952+0800][80.442s][info][gc,task     ] GC(153) Using 3 workers of 13 for evacuation
[2026-03-19T11:32:43.954+0800][80.444s][info][gc,phases   ] GC(153)   Pre Evacuate Collection Set: 0.1ms
[2026-03-19T11:32:43.954+0800][80.444s][info][gc,phases   ] GC(153)   Merge Heap Roots: 0.2ms
[2026-03-19T11:32:43.954+0800][80.444s][info][gc,phases   ] GC(153)   Evacuate Collection Set: 0.8ms
[2026-03-19T11:32:43.954+0800][80.444s][info][gc,phases   ] GC(153)   Post Evacuate Collection Set: 0.8ms
[2026-03-19T11:32:43.954+0800][80.444s][info][gc,phases   ] GC(153)   Other: 0.5ms
[2026-03-19T11:32:43.955+0800][80.444s][info][gc,heap     ] GC(153) Eden regions: 13->0(74)
[2026-03-19T11:32:43.955+0800][80.444s][info][gc,heap     ] GC(153) Survivor regions: 2->2(10)
[2026-03-19T11:32:43.955+0800][80.445s][info][gc,heap     ] GC(153) Old regions: 18->18
[2026-03-19T11:32:43.955+0800][80.445s][info][gc,heap     ] GC(153) Archive regions: 0->0
[2026-03-19T11:32:43.955+0800][80.445s][info][gc,heap     ] GC(153) Humongous regions: 39->9
[2026-03-19T11:32:43.955+0800][80.445s][info][gc,metaspace] GC(153) Metaspace: 22716K(22976K)->22716K(22976K) NonClass: 20106K(20224K)->20106K(20224K) Class: 2610K(2752K)->2610K(2752K)
[2026-03-19T11:32:43.955+0800][80.445s][info][gc          ] GC(153) Pause Young (Concurrent Start) (G1 Humongous Allocation) 70M->27M(128M) 3.224ms
[2026-03-19T11:32:43.955+0800][80.445s][info][gc,cpu      ] GC(153) User=0.00s Sys=0.00s Real=0.00s
[2026-03-19T11:32:43.955+0800][80.445s][info][gc          ] GC(154) Concurrent Undo Cycle
[2026-03-19T11:32:43.955+0800][80.445s][info][gc,marking  ] GC(154) Concurrent Cleanup for Next Mark
[2026-03-19T11:32:43.956+0800][80.446s][info][gc,marking  ] GC(154) Concurrent Cleanup for Next Mark 0.491ms
[2026-03-19T11:32:43.956+0800][80.446s][info][gc          ] GC(154) Concurrent Undo Cycle 0.899ms
[2026-03-19T11:32:44.901+0800][81.390s][info][gc,start    ] GC(155) Pause Young (Concurrent Start) (G1 Humongous Allocation)
[2026-03-19T11:32:44.901+0800][81.390s][info][gc,task     ] GC(155) Using 3 workers of 13 for evacuation
[2026-03-19T11:32:44.903+0800][81.392s][info][gc,phases   ] GC(155)   Pre Evacuate Collection Set: 0.1ms
[2026-03-19T11:32:44.903+0800][81.392s][info][gc,phases   ] GC(155)   Merge Heap Roots: 0.0ms
[2026-03-19T11:32:44.903+0800][81.392s][info][gc,phases   ] GC(155)   Evacuate Collection Set: 0.7ms
[2026-03-19T11:32:44.903+0800][81.392s][info][gc,phases   ] GC(155)   Post Evacuate Collection Set: 0.8ms
[2026-03-19T11:32:44.903+0800][81.392s][info][gc,phases   ] GC(155)   Other: 0.4ms
[2026-03-19T11:32:44.903+0800][81.392s][info][gc,heap     ] GC(155) Eden regions: 13->0(74)
[2026-03-19T11:32:44.903+0800][81.392s][info][gc,heap     ] GC(155) Survivor regions: 2->2(10)
[2026-03-19T11:32:44.903+0800][81.392s][info][gc,heap     ] GC(155) Old regions: 18->18
[2026-03-19T11:32:44.903+0800][81.392s][info][gc,heap     ] GC(155) Archive regions: 0->0
[2026-03-19T11:32:44.903+0800][81.392s][info][gc,heap     ] GC(155) Humongous regions: 39->9
[2026-03-19T11:32:44.903+0800][81.392s][info][gc,metaspace] GC(155) Metaspace: 22722K(22976K)->22722K(22976K) NonClass: 20112K(20224K)->20112K(20224K) Class: 2610K(2752K)->2610K(2752K)
[2026-03-19T11:32:44.903+0800][81.392s][info][gc          ] GC(155) Pause Young (Concurrent Start) (G1 Humongous Allocation) 70M->27M(128M) 2.368ms
[2026-03-19T11:32:44.903+0800][81.392s][info][gc,cpu      ] GC(155) User=0.00s Sys=0.02s Real=0.00s
[2026-03-19T11:32:44.903+0800][81.393s][info][gc          ] GC(156) Concurrent Undo Cycle
[2026-03-19T11:32:44.903+0800][81.393s][info][gc,marking  ] GC(156) Concurrent Cleanup for Next Mark
[2026-03-19T11:32:44.904+0800][81.393s][info][gc,marking  ] GC(156) Concurrent Cleanup for Next Mark 0.258ms
[2026-03-19T11:32:44.904+0800][81.393s][info][gc          ] GC(156) Concurrent Undo Cycle 0.424ms
[2026-03-19T11:32:45.839+0800][82.329s][info][gc,start    ] GC(157) Pause Young (Concurrent Start) (G1 Humongous Allocation)
[2026-03-19T11:32:45.839+0800][82.329s][info][gc,task     ] GC(157) Using 3 workers of 13 for evacuation
[2026-03-19T11:32:45.840+0800][82.330s][info][gc,phases   ] GC(157)   Pre Evacuate Collection Set: 0.1ms
[2026-03-19T11:32:45.840+0800][82.330s][info][gc,phases   ] GC(157)   Merge Heap Roots: 0.1ms
[2026-03-19T11:32:45.840+0800][82.330s][info][gc,phases   ] GC(157)   Evacuate Collection Set: 0.5ms
[2026-03-19T11:32:45.840+0800][82.330s][info][gc,phases   ] GC(157)   Post Evacuate Collection Set: 0.3ms
[2026-03-19T11:32:45.840+0800][82.330s][info][gc,phases   ] GC(157)   Other: 0.2ms
[2026-03-19T11:32:45.840+0800][82.331s][info][gc,heap     ] GC(157) Eden regions: 13->0(74)
[2026-03-19T11:32:45.840+0800][82.331s][info][gc,heap     ] GC(157) Survivor regions: 2->2(10)
[2026-03-19T11:32:45.840+0800][82.331s][info][gc,heap     ] GC(157) Old regions: 18->18
[2026-03-19T11:32:45.840+0800][82.331s][info][gc,heap     ] GC(157) Archive regions: 0->0
[2026-03-19T11:32:45.841+0800][82.331s][info][gc,heap     ] GC(157) Humongous regions: 39->9
[2026-03-19T11:32:45.841+0800][82.331s][info][gc,metaspace] GC(157) Metaspace: 22726K(22976K)->22726K(22976K) NonClass: 20116K(20224K)->20116K(20224K) Class: 2610K(2752K)->2610K(2752K)
[2026-03-19T11:32:45.841+0800][82.331s][info][gc          ] GC(157) Pause Young (Concurrent Start) (G1 Humongous Allocation) 70M->27M(128M) 1.551ms
[2026-03-19T11:32:45.841+0800][82.331s][info][gc,cpu      ] GC(157) User=0.02s Sys=0.00s Real=0.00s
[2026-03-19T11:32:45.841+0800][82.331s][info][gc          ] GC(158) Concurrent Undo Cycle
[2026-03-19T11:32:45.841+0800][82.331s][info][gc,marking  ] GC(158) Concurrent Cleanup for Next Mark
[2026-03-19T11:32:45.841+0800][82.331s][info][gc,marking  ] GC(158) Concurrent Cleanup for Next Mark 0.206ms
[2026-03-19T11:32:45.841+0800][82.331s][info][gc          ] GC(158) Concurrent Undo Cycle 0.335ms
[2026-03-19T11:32:46.782+0800][83.272s][info][gc,start    ] GC(159) Pause Young (Concurrent Start) (G1 Humongous Allocation)
[2026-03-19T11:32:46.782+0800][83.272s][info][gc,task     ] GC(159) Using 3 workers of 13 for evacuation
[2026-03-19T11:32:46.784+0800][83.274s][info][gc,phases   ] GC(159)   Pre Evacuate Collection Set: 0.1ms
[2026-03-19T11:32:46.784+0800][83.274s][info][gc,phases   ] GC(159)   Merge Heap Roots: 0.1ms
[2026-03-19T11:32:46.784+0800][83.274s][info][gc,phases   ] GC(159)   Evacuate Collection Set: 1.2ms
[2026-03-19T11:32:46.784+0800][83.274s][info][gc,phases   ] GC(159)   Post Evacuate Collection Set: 0.3ms
[2026-03-19T11:32:46.784+0800][83.274s][info][gc,phases   ] GC(159)   Other: 0.8ms
[2026-03-19T11:32:46.784+0800][83.274s][info][gc,heap     ] GC(159) Eden regions: 13->0(74)
[2026-03-19T11:32:46.784+0800][83.274s][info][gc,heap     ] GC(159) Survivor regions: 2->2(10)
[2026-03-19T11:32:46.784+0800][83.274s][info][gc,heap     ] GC(159) Old regions: 18->18
[2026-03-19T11:32:46.784+0800][83.274s][info][gc,heap     ] GC(159) Archive regions: 0->0
[2026-03-19T11:32:46.784+0800][83.274s][info][gc,heap     ] GC(159) Humongous regions: 39->9
[2026-03-19T11:32:46.784+0800][83.274s][info][gc,metaspace] GC(159) Metaspace: 22730K(22976K)->22730K(22976K) NonClass: 20120K(20224K)->20120K(20224K) Class: 2610K(2752K)->2610K(2752K)
[2026-03-19T11:32:46.784+0800][83.274s][info][gc          ] GC(159) Pause Young (Concurrent Start) (G1 Humongous Allocation) 69M->27M(128M) 2.612ms
[2026-03-19T11:32:46.784+0800][83.274s][info][gc,cpu      ] GC(159) User=0.00s Sys=0.00s Real=0.00s
[2026-03-19T11:32:46.784+0800][83.274s][info][gc          ] GC(160) Concurrent Undo Cycle
[2026-03-19T11:32:46.785+0800][83.274s][info][gc,marking  ] GC(160) Concurrent Cleanup for Next Mark
[2026-03-19T11:32:46.785+0800][83.275s][info][gc,marking  ] GC(160) Concurrent Cleanup for Next Mark 0.495ms
[2026-03-19T11:32:46.785+0800][83.275s][info][gc          ] GC(160) Concurrent Undo Cycle 0.820ms
[2026-03-19T11:32:47.731+0800][84.221s][info][gc,start    ] GC(161) Pause Young (Concurrent Start) (G1 Humongous Allocation)
[2026-03-19T11:32:47.731+0800][84.221s][info][gc,task     ] GC(161) Using 3 workers of 13 for evacuation
[2026-03-19T11:32:47.734+0800][84.224s][info][gc,phases   ] GC(161)   Pre Evacuate Collection Set: 0.2ms
[2026-03-19T11:32:47.734+0800][84.224s][info][gc,phases   ] GC(161)   Merge Heap Roots: 0.1ms
[2026-03-19T11:32:47.734+0800][84.224s][info][gc,phases   ] GC(161)   Evacuate Collection Set: 1.0ms
[2026-03-19T11:32:47.734+0800][84.224s][info][gc,phases   ] GC(161)   Post Evacuate Collection Set: 0.7ms
[2026-03-19T11:32:47.734+0800][84.224s][info][gc,phases   ] GC(161)   Other: 0.5ms
[2026-03-19T11:32:47.734+0800][84.224s][info][gc,heap     ] GC(161) Eden regions: 13->0(74)
[2026-03-19T11:32:47.734+0800][84.224s][info][gc,heap     ] GC(161) Survivor regions: 2->2(10)
[2026-03-19T11:32:47.734+0800][84.224s][info][gc,heap     ] GC(161) Old regions: 18->18
[2026-03-19T11:32:47.734+0800][84.224s][info][gc,heap     ] GC(161) Archive regions: 0->0
[2026-03-19T11:32:47.734+0800][84.224s][info][gc,heap     ] GC(161) Humongous regions: 39->9
[2026-03-19T11:32:47.734+0800][84.224s][info][gc,metaspace] GC(161) Metaspace: 22734K(22976K)->22734K(22976K) NonClass: 20124K(20224K)->20124K(20224K) Class: 2610K(2752K)->2610K(2752K)
[2026-03-19T11:32:47.734+0800][84.224s][info][gc          ] GC(161) Pause Young (Concurrent Start) (G1 Humongous Allocation) 70M->27M(128M) 3.259ms
[2026-03-19T11:32:47.734+0800][84.224s][info][gc,cpu      ] GC(161) User=0.00s Sys=0.00s Real=0.00s
[2026-03-19T11:32:47.735+0800][84.225s][info][gc          ] GC(162) Concurrent Undo Cycle
[2026-03-19T11:32:47.735+0800][84.225s][info][gc,marking  ] GC(162) Concurrent Cleanup for Next Mark
[2026-03-19T11:32:47.735+0800][84.225s][info][gc,marking  ] GC(162) Concurrent Cleanup for Next Mark 0.262ms
[2026-03-19T11:32:47.735+0800][84.225s][info][gc          ] GC(162) Concurrent Undo Cycle 0.543ms
[2026-03-19T11:32:48.682+0800][85.172s][info][gc,start    ] GC(163) Pause Young (Concurrent Start) (G1 Humongous Allocation)
[2026-03-19T11:32:48.682+0800][85.172s][info][gc,task     ] GC(163) Using 3 workers of 13 for evacuation
[2026-03-19T11:32:48.684+0800][85.174s][info][gc,phases   ] GC(163)   Pre Evacuate Collection Set: 0.2ms
[2026-03-19T11:32:48.684+0800][85.174s][info][gc,phases   ] GC(163)   Merge Heap Roots: 0.1ms
[2026-03-19T11:32:48.684+0800][85.174s][info][gc,phases   ] GC(163)   Evacuate Collection Set: 0.5ms
[2026-03-19T11:32:48.684+0800][85.174s][info][gc,phases   ] GC(163)   Post Evacuate Collection Set: 0.5ms
[2026-03-19T11:32:48.684+0800][85.174s][info][gc,phases   ] GC(163)   Other: 0.2ms
[2026-03-19T11:32:48.684+0800][85.174s][info][gc,heap     ] GC(163) Eden regions: 13->0(74)
[2026-03-19T11:32:48.684+0800][85.174s][info][gc,heap     ] GC(163) Survivor regions: 2->2(10)
[2026-03-19T11:32:48.684+0800][85.174s][info][gc,heap     ] GC(163) Old regions: 18->18
[2026-03-19T11:32:48.684+0800][85.174s][info][gc,heap     ] GC(163) Archive regions: 0->0
[2026-03-19T11:32:48.684+0800][85.174s][info][gc,heap     ] GC(163) Humongous regions: 39->9
[2026-03-19T11:32:48.684+0800][85.174s][info][gc,metaspace] GC(163) Metaspace: 22738K(22976K)->22738K(22976K) NonClass: 20128K(20224K)->20128K(20224K) Class: 2610K(2752K)->2610K(2752K)
[2026-03-19T11:32:48.684+0800][85.174s][info][gc          ] GC(163) Pause Young (Concurrent Start) (G1 Humongous Allocation) 70M->27M(128M) 1.835ms
[2026-03-19T11:32:48.684+0800][85.174s][info][gc,cpu      ] GC(163) User=0.00s Sys=0.00s Real=0.00s
[2026-03-19T11:32:48.684+0800][85.174s][info][gc          ] GC(164) Concurrent Undo Cycle
[2026-03-19T11:32:48.684+0800][85.174s][info][gc,marking  ] GC(164) Concurrent Cleanup for Next Mark
[2026-03-19T11:32:48.684+0800][85.174s][info][gc,marking  ] GC(164) Concurrent Cleanup for Next Mark 0.191ms
[2026-03-19T11:32:48.684+0800][85.174s][info][gc          ] GC(164) Concurrent Undo Cycle 0.326ms
[2026-03-19T11:32:49.621+0800][86.110s][info][gc,start    ] GC(165) Pause Young (Concurrent Start) (G1 Humongous Allocation)
[2026-03-19T11:32:49.621+0800][86.110s][info][gc,task     ] GC(165) Using 3 workers of 13 for evacuation
[2026-03-19T11:32:49.623+0800][86.112s][info][gc,phases   ] GC(165)   Pre Evacuate Collection Set: 0.2ms
[2026-03-19T11:32:49.623+0800][86.112s][info][gc,phases   ] GC(165)   Merge Heap Roots: 0.1ms
[2026-03-19T11:32:49.623+0800][86.112s][info][gc,phases   ] GC(165)   Evacuate Collection Set: 0.8ms
[2026-03-19T11:32:49.623+0800][86.112s][info][gc,phases   ] GC(165)   Post Evacuate Collection Set: 0.8ms
[2026-03-19T11:32:49.623+0800][86.113s][info][gc,phases   ] GC(165)   Other: 0.3ms
[2026-03-19T11:32:49.623+0800][86.113s][info][gc,heap     ] GC(165) Eden regions: 13->0(74)
[2026-03-19T11:32:49.623+0800][86.113s][info][gc,heap     ] GC(165) Survivor regions: 2->2(10)
[2026-03-19T11:32:49.623+0800][86.113s][info][gc,heap     ] GC(165) Old regions: 18->18
[2026-03-19T11:32:49.623+0800][86.113s][info][gc,heap     ] GC(165) Archive regions: 0->0
[2026-03-19T11:32:49.623+0800][86.113s][info][gc,heap     ] GC(165) Humongous regions: 39->9
[2026-03-19T11:32:49.623+0800][86.113s][info][gc,metaspace] GC(165) Metaspace: 22750K(23040K)->22750K(23040K) NonClass: 20140K(20288K)->20140K(20288K) Class: 2610K(2752K)->2610K(2752K)
[2026-03-19T11:32:49.624+0800][86.113s][info][gc          ] GC(165) Pause Young (Concurrent Start) (G1 Humongous Allocation) 70M->27M(128M) 2.835ms
[2026-03-19T11:32:49.624+0800][86.113s][info][gc,cpu      ] GC(165) User=0.00s Sys=0.03s Real=0.00s
[2026-03-19T11:32:49.624+0800][86.113s][info][gc          ] GC(166) Concurrent Undo Cycle
[2026-03-19T11:32:49.624+0800][86.113s][info][gc,marking  ] GC(166) Concurrent Cleanup for Next Mark
[2026-03-19T11:32:49.624+0800][86.113s][info][gc,marking  ] GC(166) Concurrent Cleanup for Next Mark 0.161ms
[2026-03-19T11:32:49.624+0800][86.113s][info][gc          ] GC(166) Concurrent Undo Cycle 0.319ms
[2026-03-19T11:32:50.553+0800][87.043s][info][gc,start    ] GC(167) Pause Young (Concurrent Start) (G1 Humongous Allocation)
[2026-03-19T11:32:50.554+0800][87.043s][info][gc,task     ] GC(167) Using 3 workers of 13 for evacuation
[2026-03-19T11:32:50.556+0800][87.046s][info][gc,phases   ] GC(167)   Pre Evacuate Collection Set: 0.3ms
[2026-03-19T11:32:50.556+0800][87.046s][info][gc,phases   ] GC(167)   Merge Heap Roots: 0.2ms
[2026-03-19T11:32:50.556+0800][87.046s][info][gc,phases   ] GC(167)   Evacuate Collection Set: 0.9ms
[2026-03-19T11:32:50.556+0800][87.046s][info][gc,phases   ] GC(167)   Post Evacuate Collection Set: 1.0ms
[2026-03-19T11:32:50.556+0800][87.046s][info][gc,phases   ] GC(167)   Other: 0.4ms
[2026-03-19T11:32:50.556+0800][87.046s][info][gc,heap     ] GC(167) Eden regions: 13->0(74)
[2026-03-19T11:32:50.557+0800][87.046s][info][gc,heap     ] GC(167) Survivor regions: 2->2(10)
[2026-03-19T11:32:50.557+0800][87.046s][info][gc,heap     ] GC(167) Old regions: 18->18
[2026-03-19T11:32:50.557+0800][87.046s][info][gc,heap     ] GC(167) Archive regions: 0->0
[2026-03-19T11:32:50.557+0800][87.046s][info][gc,heap     ] GC(167) Humongous regions: 39->9
[2026-03-19T11:32:50.557+0800][87.046s][info][gc,metaspace] GC(167) Metaspace: 22751K(23040K)->22751K(23040K) NonClass: 20141K(20288K)->20141K(20288K) Class: 2610K(2752K)->2610K(2752K)
[2026-03-19T11:32:50.557+0800][87.046s][info][gc          ] GC(167) Pause Young (Concurrent Start) (G1 Humongous Allocation) 70M->27M(128M) 3.383ms
[2026-03-19T11:32:50.557+0800][87.046s][info][gc,cpu      ] GC(167) User=0.00s Sys=0.00s Real=0.00s
[2026-03-19T11:32:50.557+0800][87.047s][info][gc          ] GC(168) Concurrent Undo Cycle
[2026-03-19T11:32:50.557+0800][87.047s][info][gc,marking  ] GC(168) Concurrent Cleanup for Next Mark
[2026-03-19T11:32:50.558+0800][87.047s][info][gc,marking  ] GC(168) Concurrent Cleanup for Next Mark 0.354ms
[2026-03-19T11:32:50.558+0800][87.047s][info][gc          ] GC(168) Concurrent Undo Cycle 0.664ms
[2026-03-19T11:32:51.489+0800][87.979s][info][gc,start    ] GC(169) Pause Young (Concurrent Start) (G1 Humongous Allocation)
[2026-03-19T11:32:51.490+0800][87.980s][info][gc,task     ] GC(169) Using 3 workers of 13 for evacuation
[2026-03-19T11:32:51.492+0800][87.982s][info][gc,phases   ] GC(169)   Pre Evacuate Collection Set: 0.2ms
[2026-03-19T11:32:51.492+0800][87.982s][info][gc,phases   ] GC(169)   Merge Heap Roots: 0.2ms
[2026-03-19T11:32:51.492+0800][87.982s][info][gc,phases   ] GC(169)   Evacuate Collection Set: 0.6ms
[2026-03-19T11:32:51.492+0800][87.982s][info][gc,phases   ] GC(169)   Post Evacuate Collection Set: 0.9ms
[2026-03-19T11:32:51.492+0800][87.982s][info][gc,phases   ] GC(169)   Other: 0.3ms
[2026-03-19T11:32:51.492+0800][87.982s][info][gc,heap     ] GC(169) Eden regions: 13->0(74)
[2026-03-19T11:32:51.492+0800][87.982s][info][gc,heap     ] GC(169) Survivor regions: 2->2(10)
[2026-03-19T11:32:51.492+0800][87.982s][info][gc,heap     ] GC(169) Old regions: 18->18
[2026-03-19T11:32:51.492+0800][87.982s][info][gc,heap     ] GC(169) Archive regions: 0->0
[2026-03-19T11:32:51.492+0800][87.982s][info][gc,heap     ] GC(169) Humongous regions: 39->9
[2026-03-19T11:32:51.492+0800][87.982s][info][gc,metaspace] GC(169) Metaspace: 22770K(23040K)->22770K(23040K) NonClass: 20160K(20288K)->20160K(20288K) Class: 2610K(2752K)->2610K(2752K)
[2026-03-19T11:32:51.492+0800][87.982s][info][gc          ] GC(169) Pause Young (Concurrent Start) (G1 Humongous Allocation) 70M->27M(128M) 2.369ms
[2026-03-19T11:32:51.492+0800][87.982s][info][gc,cpu      ] GC(169) User=0.00s Sys=0.00s Real=0.00s
[2026-03-19T11:32:51.492+0800][87.982s][info][gc          ] GC(170) Concurrent Undo Cycle
[2026-03-19T11:32:51.492+0800][87.982s][info][gc,marking  ] GC(170) Concurrent Cleanup for Next Mark
[2026-03-19T11:32:51.492+0800][87.982s][info][gc,marking  ] GC(170) Concurrent Cleanup for Next Mark 0.221ms
[2026-03-19T11:32:51.492+0800][87.982s][info][gc          ] GC(170) Concurrent Undo Cycle 0.366ms
[2026-03-19T11:32:52.412+0800][88.902s][info][gc,start    ] GC(171) Pause Young (Concurrent Start) (G1 Humongous Allocation)
[2026-03-19T11:32:52.413+0800][88.902s][info][gc,task     ] GC(171) Using 3 workers of 13 for evacuation
[2026-03-19T11:32:52.414+0800][88.903s][info][gc,phases   ] GC(171)   Pre Evacuate Collection Set: 0.1ms
[2026-03-19T11:32:52.414+0800][88.904s][info][gc,phases   ] GC(171)   Merge Heap Roots: 0.1ms
[2026-03-19T11:32:52.414+0800][88.904s][info][gc,phases   ] GC(171)   Evacuate Collection Set: 0.7ms
[2026-03-19T11:32:52.415+0800][88.904s][info][gc,phases   ] GC(171)   Post Evacuate Collection Set: 0.4ms
[2026-03-19T11:32:52.415+0800][88.904s][info][gc,phases   ] GC(171)   Other: 0.4ms
[2026-03-19T11:32:52.415+0800][88.904s][info][gc,heap     ] GC(171) Eden regions: 13->0(74)
[2026-03-19T11:32:52.415+0800][88.904s][info][gc,heap     ] GC(171) Survivor regions: 2->2(10)
[2026-03-19T11:32:52.415+0800][88.904s][info][gc,heap     ] GC(171) Old regions: 18->18
[2026-03-19T11:32:52.415+0800][88.904s][info][gc,heap     ] GC(171) Archive regions: 0->0
[2026-03-19T11:32:52.415+0800][88.904s][info][gc,heap     ] GC(171) Humongous regions: 39->9
[2026-03-19T11:32:52.415+0800][88.904s][info][gc,metaspace] GC(171) Metaspace: 22778K(23040K)->22778K(23040K) NonClass: 20168K(20288K)->20168K(20288K) Class: 2610K(2752K)->2610K(2752K)
[2026-03-19T11:32:52.415+0800][88.904s][info][gc          ] GC(171) Pause Young (Concurrent Start) (G1 Humongous Allocation) 70M->27M(128M) 2.624ms
[2026-03-19T11:32:52.415+0800][88.904s][info][gc,cpu      ] GC(171) User=0.00s Sys=0.00s Real=0.00s
[2026-03-19T11:32:52.415+0800][88.905s][info][gc          ] GC(172) Concurrent Undo Cycle
[2026-03-19T11:32:52.415+0800][88.905s][info][gc,marking  ] GC(172) Concurrent Cleanup for Next Mark
[2026-03-19T11:32:52.415+0800][88.905s][info][gc,marking  ] GC(172) Concurrent Cleanup for Next Mark 0.248ms
[2026-03-19T11:32:52.416+0800][88.905s][info][gc          ] GC(172) Concurrent Undo Cycle 0.490ms
[2026-03-19T11:32:53.332+0800][89.822s][info][gc,start    ] GC(173) Pause Young (Concurrent Start) (G1 Humongous Allocation)
[2026-03-19T11:32:53.333+0800][89.822s][info][gc,task     ] GC(173) Using 3 workers of 13 for evacuation
[2026-03-19T11:32:53.336+0800][89.825s][info][gc,phases   ] GC(173)   Pre Evacuate Collection Set: 0.2ms
[2026-03-19T11:32:53.336+0800][89.826s][info][gc,phases   ] GC(173)   Merge Heap Roots: 0.2ms
[2026-03-19T11:32:53.336+0800][89.826s][info][gc,phases   ] GC(173)   Evacuate Collection Set: 1.2ms
[2026-03-19T11:32:53.336+0800][89.826s][info][gc,phases   ] GC(173)   Post Evacuate Collection Set: 0.9ms
[2026-03-19T11:32:53.336+0800][89.826s][info][gc,phases   ] GC(173)   Other: 1.2ms
[2026-03-19T11:32:53.336+0800][89.826s][info][gc,heap     ] GC(173) Eden regions: 13->0(74)
[2026-03-19T11:32:53.336+0800][89.826s][info][gc,heap     ] GC(173) Survivor regions: 2->2(10)
[2026-03-19T11:32:53.336+0800][89.826s][info][gc,heap     ] GC(173) Old regions: 18->18
[2026-03-19T11:32:53.336+0800][89.826s][info][gc,heap     ] GC(173) Archive regions: 0->0
[2026-03-19T11:32:53.336+0800][89.826s][info][gc,heap     ] GC(173) Humongous regions: 39->9
[2026-03-19T11:32:53.337+0800][89.826s][info][gc,metaspace] GC(173) Metaspace: 22796K(23040K)->22796K(23040K) NonClass: 20186K(20288K)->20186K(20288K) Class: 2610K(2752K)->2610K(2752K)
[2026-03-19T11:32:53.337+0800][89.826s][info][gc          ] GC(173) Pause Young (Concurrent Start) (G1 Humongous Allocation) 70M->27M(128M) 4.338ms
[2026-03-19T11:32:53.337+0800][89.826s][info][gc,cpu      ] GC(173) User=0.00s Sys=0.00s Real=0.00s
[2026-03-19T11:32:53.337+0800][89.826s][info][gc          ] GC(174) Concurrent Undo Cycle
[2026-03-19T11:32:53.337+0800][89.826s][info][gc,marking  ] GC(174) Concurrent Cleanup for Next Mark
[2026-03-19T11:32:53.337+0800][89.826s][info][gc,marking  ] GC(174) Concurrent Cleanup for Next Mark 0.323ms
[2026-03-19T11:32:53.337+0800][89.827s][info][gc          ] GC(174) Concurrent Undo Cycle 0.487ms
[2026-03-19T11:32:54.270+0800][90.759s][info][gc,start    ] GC(175) Pause Young (Concurrent Start) (G1 Humongous Allocation)
[2026-03-19T11:32:54.270+0800][90.760s][info][gc,task     ] GC(175) Using 3 workers of 13 for evacuation
[2026-03-19T11:32:54.273+0800][90.762s][info][gc,phases   ] GC(175)   Pre Evacuate Collection Set: 0.3ms
[2026-03-19T11:32:54.273+0800][90.762s][info][gc,phases   ] GC(175)   Merge Heap Roots: 0.2ms
[2026-03-19T11:32:54.273+0800][90.762s][info][gc,phases   ] GC(175)   Evacuate Collection Set: 0.9ms
[2026-03-19T11:32:54.273+0800][90.762s][info][gc,phases   ] GC(175)   Post Evacuate Collection Set: 0.9ms
[2026-03-19T11:32:54.273+0800][90.763s][info][gc,phases   ] GC(175)   Other: 0.5ms
[2026-03-19T11:32:54.273+0800][90.763s][info][gc,heap     ] GC(175) Eden regions: 13->0(74)
[2026-03-19T11:32:54.273+0800][90.763s][info][gc,heap     ] GC(175) Survivor regions: 2->2(10)
[2026-03-19T11:32:54.273+0800][90.763s][info][gc,heap     ] GC(175) Old regions: 18->18
[2026-03-19T11:32:54.273+0800][90.763s][info][gc,heap     ] GC(175) Archive regions: 0->0
[2026-03-19T11:32:54.273+0800][90.763s][info][gc,heap     ] GC(175) Humongous regions: 39->9
[2026-03-19T11:32:54.274+0800][90.763s][info][gc,metaspace] GC(175) Metaspace: 22803K(23040K)->22803K(23040K) NonClass: 20193K(20288K)->20193K(20288K) Class: 2610K(2752K)->2610K(2752K)
[2026-03-19T11:32:54.274+0800][90.763s][info][gc          ] GC(175) Pause Young (Concurrent Start) (G1 Humongous Allocation) 69M->27M(128M) 3.648ms
[2026-03-19T11:32:54.274+0800][90.763s][info][gc,cpu      ] GC(175) User=0.00s Sys=0.00s Real=0.00s
[2026-03-19T11:32:54.274+0800][90.763s][info][gc          ] GC(176) Concurrent Undo Cycle
[2026-03-19T11:32:54.274+0800][90.763s][info][gc,marking  ] GC(176) Concurrent Cleanup for Next Mark
[2026-03-19T11:32:54.274+0800][90.764s][info][gc,marking  ] GC(176) Concurrent Cleanup for Next Mark 0.441ms
[2026-03-19T11:32:54.275+0800][90.764s][info][gc          ] GC(176) Concurrent Undo Cycle 0.904ms
[2026-03-19T11:32:55.205+0800][91.695s][info][gc,start    ] GC(177) Pause Young (Concurrent Start) (G1 Humongous Allocation)
[2026-03-19T11:32:55.205+0800][91.695s][info][gc,task     ] GC(177) Using 3 workers of 13 for evacuation
[2026-03-19T11:32:55.207+0800][91.697s][info][gc,phases   ] GC(177)   Pre Evacuate Collection Set: 0.1ms
[2026-03-19T11:32:55.207+0800][91.697s][info][gc,phases   ] GC(177)   Merge Heap Roots: 0.1ms
[2026-03-19T11:32:55.207+0800][91.697s][info][gc,phases   ] GC(177)   Evacuate Collection Set: 0.7ms
[2026-03-19T11:32:55.207+0800][91.697s][info][gc,phases   ] GC(177)   Post Evacuate Collection Set: 0.9ms
[2026-03-19T11:32:55.207+0800][91.697s][info][gc,phases   ] GC(177)   Other: 0.4ms
[2026-03-19T11:32:55.207+0800][91.697s][info][gc,heap     ] GC(177) Eden regions: 13->0(74)
[2026-03-19T11:32:55.207+0800][91.698s][info][gc,heap     ] GC(177) Survivor regions: 2->2(10)
[2026-03-19T11:32:55.207+0800][91.698s][info][gc,heap     ] GC(177) Old regions: 18->18
[2026-03-19T11:32:55.207+0800][91.698s][info][gc,heap     ] GC(177) Archive regions: 0->0
[2026-03-19T11:32:55.207+0800][91.698s][info][gc,heap     ] GC(177) Humongous regions: 39->9
[2026-03-19T11:32:55.207+0800][91.698s][info][gc,metaspace] GC(177) Metaspace: 22814K(23104K)->22814K(23104K) NonClass: 20204K(20352K)->20204K(20352K) Class: 2610K(2752K)->2610K(2752K)
[2026-03-19T11:32:55.207+0800][91.698s][info][gc          ] GC(177) Pause Young (Concurrent Start) (G1 Humongous Allocation) 69M->27M(128M) 2.929ms
[2026-03-19T11:32:55.207+0800][91.698s][info][gc,cpu      ] GC(177) User=0.00s Sys=0.00s Real=0.00s
[2026-03-19T11:32:55.209+0800][91.698s][info][gc          ] GC(178) Concurrent Undo Cycle
[2026-03-19T11:32:55.209+0800][91.698s][info][gc,marking  ] GC(178) Concurrent Cleanup for Next Mark
[2026-03-19T11:32:55.209+0800][91.699s][info][gc,marking  ] GC(178) Concurrent Cleanup for Next Mark 0.483ms
[2026-03-19T11:32:55.210+0800][91.699s][info][gc          ] GC(178) Concurrent Undo Cycle 0.933ms
[2026-03-19T11:32:56.143+0800][92.633s][info][gc,start    ] GC(179) Pause Young (Concurrent Start) (G1 Humongous Allocation)
[2026-03-19T11:32:56.144+0800][92.633s][info][gc,task     ] GC(179) Using 3 workers of 13 for evacuation
[2026-03-19T11:32:56.145+0800][92.635s][info][gc,phases   ] GC(179)   Pre Evacuate Collection Set: 0.2ms
[2026-03-19T11:32:56.145+0800][92.635s][info][gc,phases   ] GC(179)   Merge Heap Roots: 0.1ms
[2026-03-19T11:32:56.146+0800][92.635s][info][gc,phases   ] GC(179)   Evacuate Collection Set: 0.5ms
[2026-03-19T11:32:56.146+0800][92.635s][info][gc,phases   ] GC(179)   Post Evacuate Collection Set: 0.8ms
[2026-03-19T11:32:56.146+0800][92.635s][info][gc,phases   ] GC(179)   Other: 0.7ms
[2026-03-19T11:32:56.146+0800][92.635s][info][gc,heap     ] GC(179) Eden regions: 13->0(74)
[2026-03-19T11:32:56.146+0800][92.635s][info][gc,heap     ] GC(179) Survivor regions: 2->2(10)
[2026-03-19T11:32:56.146+0800][92.635s][info][gc,heap     ] GC(179) Old regions: 18->18
[2026-03-19T11:32:56.146+0800][92.635s][info][gc,heap     ] GC(179) Archive regions: 0->0
[2026-03-19T11:32:56.146+0800][92.635s][info][gc,heap     ] GC(179) Humongous regions: 39->9
[2026-03-19T11:32:56.146+0800][92.635s][info][gc,metaspace] GC(179) Metaspace: 22814K(23104K)->22814K(23104K) NonClass: 20204K(20352K)->20204K(20352K) Class: 2610K(2752K)->2610K(2752K)
[2026-03-19T11:32:56.146+0800][92.635s][info][gc          ] GC(179) Pause Young (Concurrent Start) (G1 Humongous Allocation) 70M->27M(128M) 2.676ms
[2026-03-19T11:32:56.146+0800][92.635s][info][gc,cpu      ] GC(179) User=0.00s Sys=0.00s Real=0.00s
[2026-03-19T11:32:56.146+0800][92.635s][info][gc          ] GC(180) Concurrent Undo Cycle
[2026-03-19T11:32:56.146+0800][92.636s][info][gc,marking  ] GC(180) Concurrent Cleanup for Next Mark
[2026-03-19T11:32:56.147+0800][92.636s][info][gc,marking  ] GC(180) Concurrent Cleanup for Next Mark 0.413ms
[2026-03-19T11:32:56.147+0800][92.636s][info][gc          ] GC(180) Concurrent Undo Cycle 0.757ms
[2026-03-19T11:32:57.077+0800][93.567s][info][gc,start    ] GC(181) Pause Young (Concurrent Start) (G1 Humongous Allocation)
[2026-03-19T11:32:57.077+0800][93.567s][info][gc,task     ] GC(181) Using 3 workers of 13 for evacuation
[2026-03-19T11:32:57.080+0800][93.569s][info][gc,phases   ] GC(181)   Pre Evacuate Collection Set: 0.2ms
[2026-03-19T11:32:57.080+0800][93.570s][info][gc,phases   ] GC(181)   Merge Heap Roots: 0.2ms
[2026-03-19T11:32:57.080+0800][93.570s][info][gc,phases   ] GC(181)   Evacuate Collection Set: 0.7ms
[2026-03-19T11:32:57.080+0800][93.570s][info][gc,phases   ] GC(181)   Post Evacuate Collection Set: 0.9ms
[2026-03-19T11:32:57.080+0800][93.570s][info][gc,phases   ] GC(181)   Other: 0.3ms
[2026-03-19T11:32:57.080+0800][93.570s][info][gc,heap     ] GC(181) Eden regions: 13->0(74)
[2026-03-19T11:32:57.080+0800][93.570s][info][gc,heap     ] GC(181) Survivor regions: 2->2(10)
[2026-03-19T11:32:57.080+0800][93.570s][info][gc,heap     ] GC(181) Old regions: 18->18
[2026-03-19T11:32:57.080+0800][93.570s][info][gc,heap     ] GC(181) Archive regions: 0->0
[2026-03-19T11:32:57.080+0800][93.570s][info][gc,heap     ] GC(181) Humongous regions: 39->9
[2026-03-19T11:32:57.080+0800][93.570s][info][gc,metaspace] GC(181) Metaspace: 22824K(23104K)->22824K(23104K) NonClass: 20214K(20352K)->20214K(20352K) Class: 2610K(2752K)->2610K(2752K)
[2026-03-19T11:32:57.081+0800][93.570s][info][gc          ] GC(181) Pause Young (Concurrent Start) (G1 Humongous Allocation) 70M->27M(128M) 3.131ms
[2026-03-19T11:32:57.081+0800][93.570s][info][gc,cpu      ] GC(181) User=0.00s Sys=0.00s Real=0.00s
[2026-03-19T11:32:57.081+0800][93.570s][info][gc          ] GC(182) Concurrent Undo Cycle
[2026-03-19T11:32:57.081+0800][93.571s][info][gc,marking  ] GC(182) Concurrent Cleanup for Next Mark
[2026-03-19T11:32:57.081+0800][93.571s][info][gc,marking  ] GC(182) Concurrent Cleanup for Next Mark 0.604ms
[2026-03-19T11:32:57.082+0800][93.571s][info][gc          ] GC(182) Concurrent Undo Cycle 1.006ms
[2026-03-19T11:32:58.015+0800][94.505s][info][gc,start    ] GC(183) Pause Young (Concurrent Start) (G1 Humongous Allocation)
[2026-03-19T11:32:58.016+0800][94.505s][info][gc,task     ] GC(183) Using 3 workers of 13 for evacuation
[2026-03-19T11:32:58.018+0800][94.508s][info][gc,phases   ] GC(183)   Pre Evacuate Collection Set: 0.3ms
[2026-03-19T11:32:58.018+0800][94.508s][info][gc,phases   ] GC(183)   Merge Heap Roots: 0.2ms
[2026-03-19T11:32:58.018+0800][94.508s][info][gc,phases   ] GC(183)   Evacuate Collection Set: 1.0ms
[2026-03-19T11:32:58.018+0800][94.508s][info][gc,phases   ] GC(183)   Post Evacuate Collection Set: 0.9ms
[2026-03-19T11:32:58.019+0800][94.508s][info][gc,phases   ] GC(183)   Other: 0.6ms
[2026-03-19T11:32:58.019+0800][94.508s][info][gc,heap     ] GC(183) Eden regions: 12->0(74)
[2026-03-19T11:32:58.019+0800][94.508s][info][gc,heap     ] GC(183) Survivor regions: 2->2(10)
[2026-03-19T11:32:58.019+0800][94.508s][info][gc,heap     ] GC(183) Old regions: 18->18
[2026-03-19T11:32:58.019+0800][94.508s][info][gc,heap     ] GC(183) Archive regions: 0->0
[2026-03-19T11:32:58.019+0800][94.509s][info][gc,heap     ] GC(183) Humongous regions: 39->9
[2026-03-19T11:32:58.019+0800][94.509s][info][gc,metaspace] GC(183) Metaspace: 22824K(23104K)->22824K(23104K) NonClass: 20214K(20352K)->20214K(20352K) Class: 2610K(2752K)->2610K(2752K)
[2026-03-19T11:32:58.019+0800][94.509s][info][gc          ] GC(183) Pause Young (Concurrent Start) (G1 Humongous Allocation) 69M->27M(128M) 3.845ms
[2026-03-19T11:32:58.019+0800][94.509s][info][gc,cpu      ] GC(183) User=0.00s Sys=0.00s Real=0.00s
[2026-03-19T11:32:58.019+0800][94.509s][info][gc          ] GC(184) Concurrent Undo Cycle
[2026-03-19T11:32:58.019+0800][94.509s][info][gc,marking  ] GC(184) Concurrent Cleanup for Next Mark
[2026-03-19T11:32:58.020+0800][94.510s][info][gc,marking  ] GC(184) Concurrent Cleanup for Next Mark 0.634ms
[2026-03-19T11:32:58.020+0800][94.510s][info][gc          ] GC(184) Concurrent Undo Cycle 1.106ms
[2026-03-19T11:32:58.957+0800][95.446s][info][gc,start    ] GC(185) Pause Young (Concurrent Start) (G1 Humongous Allocation)
[2026-03-19T11:32:58.957+0800][95.446s][info][gc,task     ] GC(185) Using 3 workers of 13 for evacuation
[2026-03-19T11:32:58.959+0800][95.449s][info][gc,phases   ] GC(185)   Pre Evacuate Collection Set: 0.1ms
[2026-03-19T11:32:58.959+0800][95.449s][info][gc,phases   ] GC(185)   Merge Heap Roots: 0.4ms
[2026-03-19T11:32:58.959+0800][95.449s][info][gc,phases   ] GC(185)   Evacuate Collection Set: 0.7ms
[2026-03-19T11:32:58.959+0800][95.449s][info][gc,phases   ] GC(185)   Post Evacuate Collection Set: 1.0ms
[2026-03-19T11:32:58.959+0800][95.449s][info][gc,phases   ] GC(185)   Other: 0.3ms
[2026-03-19T11:32:58.959+0800][95.449s][info][gc,heap     ] GC(185) Eden regions: 13->0(74)
[2026-03-19T11:32:58.959+0800][95.449s][info][gc,heap     ] GC(185) Survivor regions: 2->2(10)
[2026-03-19T11:32:58.959+0800][95.449s][info][gc,heap     ] GC(185) Old regions: 18->18
[2026-03-19T11:32:58.959+0800][95.449s][info][gc,heap     ] GC(185) Archive regions: 0->0
[2026-03-19T11:32:58.959+0800][95.449s][info][gc,heap     ] GC(185) Humongous regions: 39->9
[2026-03-19T11:32:58.959+0800][95.449s][info][gc,metaspace] GC(185) Metaspace: 22824K(23104K)->22824K(23104K) NonClass: 20214K(20352K)->20214K(20352K) Class: 2610K(2752K)->2610K(2752K)
[2026-03-19T11:32:58.959+0800][95.449s][info][gc          ] GC(185) Pause Young (Concurrent Start) (G1 Humongous Allocation) 70M->27M(128M) 3.068ms
[2026-03-19T11:32:58.959+0800][95.449s][info][gc,cpu      ] GC(185) User=0.00s Sys=0.00s Real=0.00s
[2026-03-19T11:32:58.959+0800][95.449s][info][gc          ] GC(186) Concurrent Undo Cycle
[2026-03-19T11:32:58.959+0800][95.449s][info][gc,marking  ] GC(186) Concurrent Cleanup for Next Mark
[2026-03-19T11:32:58.960+0800][95.450s][info][gc,marking  ] GC(186) Concurrent Cleanup for Next Mark 0.447ms
[2026-03-19T11:32:58.960+0800][95.450s][info][gc          ] GC(186) Concurrent Undo Cycle 0.686ms
[2026-03-19T11:32:59.894+0800][96.383s][info][gc,start    ] GC(187) Pause Young (Concurrent Start) (G1 Humongous Allocation)
[2026-03-19T11:32:59.894+0800][96.384s][info][gc,task     ] GC(187) Using 3 workers of 13 for evacuation
[2026-03-19T11:32:59.895+0800][96.385s][info][gc,phases   ] GC(187)   Pre Evacuate Collection Set: 0.2ms
[2026-03-19T11:32:59.895+0800][96.385s][info][gc,phases   ] GC(187)   Merge Heap Roots: 0.1ms
[2026-03-19T11:32:59.895+0800][96.385s][info][gc,phases   ] GC(187)   Evacuate Collection Set: 0.7ms
[2026-03-19T11:32:59.895+0800][96.385s][info][gc,phases   ] GC(187)   Post Evacuate Collection Set: 0.5ms
[2026-03-19T11:32:59.896+0800][96.385s][info][gc,phases   ] GC(187)   Other: 0.2ms
[2026-03-19T11:32:59.896+0800][96.385s][info][gc,heap     ] GC(187) Eden regions: 13->0(74)
[2026-03-19T11:32:59.896+0800][96.385s][info][gc,heap     ] GC(187) Survivor regions: 2->2(10)
[2026-03-19T11:32:59.896+0800][96.385s][info][gc,heap     ] GC(187) Old regions: 18->18
[2026-03-19T11:32:59.896+0800][96.385s][info][gc,heap     ] GC(187) Archive regions: 0->0
[2026-03-19T11:32:59.896+0800][96.386s][info][gc,heap     ] GC(187) Humongous regions: 39->9
[2026-03-19T11:32:59.896+0800][96.386s][info][gc,metaspace] GC(187) Metaspace: 22824K(23104K)->22824K(23104K) NonClass: 20214K(20352K)->20214K(20352K) Class: 2610K(2752K)->2610K(2752K)
[2026-03-19T11:32:59.896+0800][96.386s][info][gc          ] GC(187) Pause Young (Concurrent Start) (G1 Humongous Allocation) 69M->27M(128M) 2.113ms
[2026-03-19T11:32:59.896+0800][96.386s][info][gc,cpu      ] GC(187) User=0.00s Sys=0.00s Real=0.00s
[2026-03-19T11:32:59.896+0800][96.386s][info][gc          ] GC(188) Concurrent Undo Cycle
[2026-03-19T11:32:59.896+0800][96.386s][info][gc,marking  ] GC(188) Concurrent Cleanup for Next Mark
[2026-03-19T11:32:59.896+0800][96.386s][info][gc,marking  ] GC(188) Concurrent Cleanup for Next Mark 0.281ms
[2026-03-19T11:32:59.896+0800][96.386s][info][gc          ] GC(188) Concurrent Undo Cycle 0.430ms
[2026-03-19T11:33:00.823+0800][97.312s][info][gc,start    ] GC(189) Pause Young (Concurrent Start) (G1 Humongous Allocation)
[2026-03-19T11:33:00.823+0800][97.312s][info][gc,task     ] GC(189) Using 3 workers of 13 for evacuation
[2026-03-19T11:33:00.825+0800][97.315s][info][gc,phases   ] GC(189)   Pre Evacuate Collection Set: 0.3ms
[2026-03-19T11:33:00.825+0800][97.315s][info][gc,phases   ] GC(189)   Merge Heap Roots: 0.1ms
[2026-03-19T11:33:00.825+0800][97.315s][info][gc,phases   ] GC(189)   Evacuate Collection Set: 0.6ms
[2026-03-19T11:33:00.825+0800][97.315s][info][gc,phases   ] GC(189)   Post Evacuate Collection Set: 0.8ms
[2026-03-19T11:33:00.825+0800][97.315s][info][gc,phases   ] GC(189)   Other: 0.5ms
[2026-03-19T11:33:00.825+0800][97.315s][info][gc,heap     ] GC(189) Eden regions: 13->0(74)
[2026-03-19T11:33:00.825+0800][97.315s][info][gc,heap     ] GC(189) Survivor regions: 2->2(10)
[2026-03-19T11:33:00.826+0800][97.315s][info][gc,heap     ] GC(189) Old regions: 18->18
[2026-03-19T11:33:00.826+0800][97.315s][info][gc,heap     ] GC(189) Archive regions: 0->0
[2026-03-19T11:33:00.826+0800][97.315s][info][gc,heap     ] GC(189) Humongous regions: 39->9
[2026-03-19T11:33:00.826+0800][97.315s][info][gc,metaspace] GC(189) Metaspace: 22825K(23104K)->22825K(23104K) NonClass: 20215K(20352K)->20215K(20352K) Class: 2610K(2752K)->2610K(2752K)
[2026-03-19T11:33:00.826+0800][97.315s][info][gc          ] GC(189) Pause Young (Concurrent Start) (G1 Humongous Allocation) 69M->27M(128M) 2.752ms
[2026-03-19T11:33:00.826+0800][97.315s][info][gc,cpu      ] GC(189) User=0.03s Sys=0.00s Real=0.00s
[2026-03-19T11:33:00.826+0800][97.315s][info][gc          ] GC(190) Concurrent Undo Cycle
[2026-03-19T11:33:00.826+0800][97.315s][info][gc,marking  ] GC(190) Concurrent Cleanup for Next Mark
[2026-03-19T11:33:00.826+0800][97.316s][info][gc,marking  ] GC(190) Concurrent Cleanup for Next Mark 0.294ms
[2026-03-19T11:33:00.826+0800][97.316s][info][gc          ] GC(190) Concurrent Undo Cycle 0.455ms
[2026-03-19T11:33:01.745+0800][98.235s][info][gc,start    ] GC(191) Pause Young (Concurrent Start) (G1 Humongous Allocation)
[2026-03-19T11:33:01.745+0800][98.235s][info][gc,task     ] GC(191) Using 3 workers of 13 for evacuation
[2026-03-19T11:33:01.747+0800][98.237s][info][gc,phases   ] GC(191)   Pre Evacuate Collection Set: 0.1ms
[2026-03-19T11:33:01.747+0800][98.237s][info][gc,phases   ] GC(191)   Merge Heap Roots: 0.0ms
[2026-03-19T11:33:01.747+0800][98.237s][info][gc,phases   ] GC(191)   Evacuate Collection Set: 1.1ms
[2026-03-19T11:33:01.747+0800][98.237s][info][gc,phases   ] GC(191)   Post Evacuate Collection Set: 0.4ms
[2026-03-19T11:33:01.747+0800][98.237s][info][gc,phases   ] GC(191)   Other: 0.5ms
[2026-03-19T11:33:01.747+0800][98.237s][info][gc,heap     ] GC(191) Eden regions: 13->0(74)
[2026-03-19T11:33:01.748+0800][98.237s][info][gc,heap     ] GC(191) Survivor regions: 2->2(10)
[2026-03-19T11:33:01.748+0800][98.237s][info][gc,heap     ] GC(191) Old regions: 18->18
[2026-03-19T11:33:01.748+0800][98.237s][info][gc,heap     ] GC(191) Archive regions: 0->0
[2026-03-19T11:33:01.748+0800][98.237s][info][gc,heap     ] GC(191) Humongous regions: 39->9
[2026-03-19T11:33:01.748+0800][98.237s][info][gc,metaspace] GC(191) Metaspace: 22828K(23104K)->22828K(23104K) NonClass: 20217K(20352K)->20217K(20352K) Class: 2610K(2752K)->2610K(2752K)
[2026-03-19T11:33:01.748+0800][98.237s][info][gc          ] GC(191) Pause Young (Concurrent Start) (G1 Humongous Allocation) 70M->27M(128M) 2.768ms
[2026-03-19T11:33:01.748+0800][98.238s][info][gc,cpu      ] GC(191) User=0.03s Sys=0.02s Real=0.00s
[2026-03-19T11:33:01.748+0800][98.238s][info][gc          ] GC(192) Concurrent Undo Cycle
[2026-03-19T11:33:01.748+0800][98.238s][info][gc,marking  ] GC(192) Concurrent Cleanup for Next Mark
[2026-03-19T11:33:01.748+0800][98.238s][info][gc,marking  ] GC(192) Concurrent Cleanup for Next Mark 0.267ms
[2026-03-19T11:33:01.749+0800][98.238s][info][gc          ] GC(192) Concurrent Undo Cycle 0.606ms
[2026-03-19T11:33:02.689+0800][99.179s][info][gc,start    ] GC(193) Pause Young (Concurrent Start) (G1 Humongous Allocation)
[2026-03-19T11:33:02.689+0800][99.179s][info][gc,task     ] GC(193) Using 3 workers of 13 for evacuation
[2026-03-19T11:33:02.691+0800][99.181s][info][gc,phases   ] GC(193)   Pre Evacuate Collection Set: 0.2ms
[2026-03-19T11:33:02.691+0800][99.181s][info][gc,phases   ] GC(193)   Merge Heap Roots: 0.1ms
[2026-03-19T11:33:02.691+0800][99.181s][info][gc,phases   ] GC(193)   Evacuate Collection Set: 0.6ms
[2026-03-19T11:33:02.691+0800][99.181s][info][gc,phases   ] GC(193)   Post Evacuate Collection Set: 0.7ms
[2026-03-19T11:33:02.692+0800][99.181s][info][gc,phases   ] GC(193)   Other: 0.5ms
[2026-03-19T11:33:02.692+0800][99.181s][info][gc,heap     ] GC(193) Eden regions: 13->0(74)
[2026-03-19T11:33:02.692+0800][99.181s][info][gc,heap     ] GC(193) Survivor regions: 2->2(10)
[2026-03-19T11:33:02.692+0800][99.181s][info][gc,heap     ] GC(193) Old regions: 18->18
[2026-03-19T11:33:02.692+0800][99.181s][info][gc,heap     ] GC(193) Archive regions: 0->0
[2026-03-19T11:33:02.692+0800][99.181s][info][gc,heap     ] GC(193) Humongous regions: 39->9
[2026-03-19T11:33:02.692+0800][99.181s][info][gc,metaspace] GC(193) Metaspace: 22829K(23104K)->22829K(23104K) NonClass: 20219K(20352K)->20219K(20352K) Class: 2610K(2752K)->2610K(2752K)
[2026-03-19T11:33:02.692+0800][99.181s][info][gc          ] GC(193) Pause Young (Concurrent Start) (G1 Humongous Allocation) 70M->27M(128M) 2.504ms
[2026-03-19T11:33:02.692+0800][99.181s][info][gc,cpu      ] GC(193) User=0.00s Sys=0.00s Real=0.00s
[2026-03-19T11:33:02.692+0800][99.181s][info][gc          ] GC(194) Concurrent Undo Cycle
[2026-03-19T11:33:02.692+0800][99.181s][info][gc,marking  ] GC(194) Concurrent Cleanup for Next Mark
[2026-03-19T11:33:02.692+0800][99.182s][info][gc,marking  ] GC(194) Concurrent Cleanup for Next Mark 0.276ms
[2026-03-19T11:33:02.692+0800][99.182s][info][gc          ] GC(194) Concurrent Undo Cycle 0.444ms
[2026-03-19T11:33:03.623+0800][100.112s][info][gc,start    ] GC(195) Pause Young (Concurrent Start) (G1 Humongous Allocation)
[2026-03-19T11:33:03.623+0800][100.112s][info][gc,task     ] GC(195) Using 3 workers of 13 for evacuation
[2026-03-19T11:33:03.624+0800][100.114s][info][gc,phases   ] GC(195)   Pre Evacuate Collection Set: 0.2ms
[2026-03-19T11:33:03.624+0800][100.114s][info][gc,phases   ] GC(195)   Merge Heap Roots: 0.1ms
[2026-03-19T11:33:03.624+0800][100.114s][info][gc,phases   ] GC(195)   Evacuate Collection Set: 0.5ms
[2026-03-19T11:33:03.624+0800][100.114s][info][gc,phases   ] GC(195)   Post Evacuate Collection Set: 0.6ms
[2026-03-19T11:33:03.624+0800][100.114s][info][gc,phases   ] GC(195)   Other: 0.3ms
[2026-03-19T11:33:03.624+0800][100.114s][info][gc,heap     ] GC(195) Eden regions: 13->0(74)
[2026-03-19T11:33:03.624+0800][100.114s][info][gc,heap     ] GC(195) Survivor regions: 2->2(10)
[2026-03-19T11:33:03.624+0800][100.114s][info][gc,heap     ] GC(195) Old regions: 18->18
[2026-03-19T11:33:03.624+0800][100.114s][info][gc,heap     ] GC(195) Archive regions: 0->0
[2026-03-19T11:33:03.624+0800][100.114s][info][gc,heap     ] GC(195) Humongous regions: 39->9
[2026-03-19T11:33:03.625+0800][100.114s][info][gc,metaspace] GC(195) Metaspace: 22829K(23104K)->22829K(23104K) NonClass: 20219K(20352K)->20219K(20352K) Class: 2610K(2752K)->2610K(2752K)
[2026-03-19T11:33:03.625+0800][100.114s][info][gc          ] GC(195) Pause Young (Concurrent Start) (G1 Humongous Allocation) 70M->27M(128M) 1.933ms
[2026-03-19T11:33:03.625+0800][100.114s][info][gc,cpu      ] GC(195) User=0.00s Sys=0.00s Real=0.00s
[2026-03-19T11:33:03.625+0800][100.114s][info][gc          ] GC(196) Concurrent Undo Cycle
[2026-03-19T11:33:03.625+0800][100.114s][info][gc,marking  ] GC(196) Concurrent Cleanup for Next Mark
[2026-03-19T11:33:03.625+0800][100.114s][info][gc,marking  ] GC(196) Concurrent Cleanup for Next Mark 0.235ms
[2026-03-19T11:33:03.625+0800][100.114s][info][gc          ] GC(196) Concurrent Undo Cycle 0.353ms
[2026-03-19T11:33:04.559+0800][101.048s][info][gc,start    ] GC(197) Pause Young (Concurrent Start) (G1 Humongous Allocation)
[2026-03-19T11:33:04.559+0800][101.048s][info][gc,task     ] GC(197) Using 3 workers of 13 for evacuation
[2026-03-19T11:33:04.560+0800][101.050s][info][gc,phases   ] GC(197)   Pre Evacuate Collection Set: 0.1ms
[2026-03-19T11:33:04.560+0800][101.050s][info][gc,phases   ] GC(197)   Merge Heap Roots: 0.1ms
[2026-03-19T11:33:04.561+0800][101.050s][info][gc,phases   ] GC(197)   Evacuate Collection Set: 0.7ms
[2026-03-19T11:33:04.561+0800][101.050s][info][gc,phases   ] GC(197)   Post Evacuate Collection Set: 0.5ms
[2026-03-19T11:33:04.561+0800][101.050s][info][gc,phases   ] GC(197)   Other: 0.3ms
[2026-03-19T11:33:04.561+0800][101.050s][info][gc,heap     ] GC(197) Eden regions: 13->0(74)
[2026-03-19T11:33:04.561+0800][101.050s][info][gc,heap     ] GC(197) Survivor regions: 2->2(10)
[2026-03-19T11:33:04.561+0800][101.050s][info][gc,heap     ] GC(197) Old regions: 18->18
[2026-03-19T11:33:04.561+0800][101.050s][info][gc,heap     ] GC(197) Archive regions: 0->0
[2026-03-19T11:33:04.561+0800][101.050s][info][gc,heap     ] GC(197) Humongous regions: 39->9
[2026-03-19T11:33:04.561+0800][101.051s][info][gc,metaspace] GC(197) Metaspace: 22829K(23104K)->22829K(23104K) NonClass: 20219K(20352K)->20219K(20352K) Class: 2610K(2752K)->2610K(2752K)
[2026-03-19T11:33:04.561+0800][101.051s][info][gc          ] GC(197) Pause Young (Concurrent Start) (G1 Humongous Allocation) 70M->27M(128M) 2.400ms
[2026-03-19T11:33:04.561+0800][101.051s][info][gc,cpu      ] GC(197) User=0.00s Sys=0.00s Real=0.00s
[2026-03-19T11:33:04.561+0800][101.051s][info][gc          ] GC(198) Concurrent Undo Cycle
[2026-03-19T11:33:04.561+0800][101.051s][info][gc,marking  ] GC(198) Concurrent Cleanup for Next Mark
[2026-03-19T11:33:04.562+0800][101.051s][info][gc,marking  ] GC(198) Concurrent Cleanup for Next Mark 0.289ms
[2026-03-19T11:33:04.562+0800][101.051s][info][gc          ] GC(198) Concurrent Undo Cycle 0.510ms
[2026-03-19T11:33:05.493+0800][101.983s][info][gc,start    ] GC(199) Pause Young (Concurrent Start) (G1 Humongous Allocation)
[2026-03-19T11:33:05.494+0800][101.984s][info][gc,task     ] GC(199) Using 3 workers of 13 for evacuation
[2026-03-19T11:33:05.496+0800][101.986s][info][gc,phases   ] GC(199)   Pre Evacuate Collection Set: 0.3ms
[2026-03-19T11:33:05.496+0800][101.986s][info][gc,phases   ] GC(199)   Merge Heap Roots: 0.2ms
[2026-03-19T11:33:05.496+0800][101.986s][info][gc,phases   ] GC(199)   Evacuate Collection Set: 0.6ms
[2026-03-19T11:33:05.496+0800][101.986s][info][gc,phases   ] GC(199)   Post Evacuate Collection Set: 0.9ms
[2026-03-19T11:33:05.496+0800][101.986s][info][gc,phases   ] GC(199)   Other: 0.6ms
[2026-03-19T11:33:05.496+0800][101.986s][info][gc,heap     ] GC(199) Eden regions: 13->0(74)
[2026-03-19T11:33:05.496+0800][101.986s][info][gc,heap     ] GC(199) Survivor regions: 2->2(10)
[2026-03-19T11:33:05.496+0800][101.986s][info][gc,heap     ] GC(199) Old regions: 18->18
[2026-03-19T11:33:05.496+0800][101.986s][info][gc,heap     ] GC(199) Archive regions: 0->0
[2026-03-19T11:33:05.496+0800][101.986s][info][gc,heap     ] GC(199) Humongous regions: 39->9
[2026-03-19T11:33:05.497+0800][101.986s][info][gc,metaspace] GC(199) Metaspace: 22829K(23104K)->22829K(23104K) NonClass: 20219K(20352K)->20219K(20352K) Class: 2610K(2752K)->2610K(2752K)
[2026-03-19T11:33:05.497+0800][101.987s][info][gc          ] GC(199) Pause Young (Concurrent Start) (G1 Humongous Allocation) 70M->27M(128M) 3.093ms
[2026-03-19T11:33:05.497+0800][101.987s][info][gc,cpu      ] GC(199) User=0.00s Sys=0.00s Real=0.00s
[2026-03-19T11:33:05.497+0800][101.987s][info][gc          ] GC(200) Concurrent Undo Cycle
[2026-03-19T11:33:05.497+0800][101.987s][info][gc,marking  ] GC(200) Concurrent Cleanup for Next Mark
[2026-03-19T11:33:05.497+0800][101.987s][info][gc,marking  ] GC(200) Concurrent Cleanup for Next Mark 0.293ms
[2026-03-19T11:33:05.497+0800][101.987s][info][gc          ] GC(200) Concurrent Undo Cycle 0.499ms
[2026-03-19T11:33:06.418+0800][102.908s][info][gc,start    ] GC(201) Pause Young (Concurrent Start) (G1 Humongous Allocation)
[2026-03-19T11:33:06.418+0800][102.908s][info][gc,task     ] GC(201) Using 3 workers of 13 for evacuation
[2026-03-19T11:33:06.420+0800][102.910s][info][gc,phases   ] GC(201)   Pre Evacuate Collection Set: 0.3ms
[2026-03-19T11:33:06.420+0800][102.911s][info][gc,phases   ] GC(201)   Merge Heap Roots: 0.2ms
[2026-03-19T11:33:06.420+0800][102.911s][info][gc,phases   ] GC(201)   Evacuate Collection Set: 0.7ms
[2026-03-19T11:33:06.420+0800][102.911s][info][gc,phases   ] GC(201)   Post Evacuate Collection Set: 0.7ms
[2026-03-19T11:33:06.421+0800][102.911s][info][gc,phases   ] GC(201)   Other: 0.3ms
[2026-03-19T11:33:06.421+0800][102.911s][info][gc,heap     ] GC(201) Eden regions: 13->0(74)
[2026-03-19T11:33:06.421+0800][102.911s][info][gc,heap     ] GC(201) Survivor regions: 2->2(10)
[2026-03-19T11:33:06.421+0800][102.911s][info][gc,heap     ] GC(201) Old regions: 18->18
[2026-03-19T11:33:06.421+0800][102.911s][info][gc,heap     ] GC(201) Archive regions: 0->0
[2026-03-19T11:33:06.421+0800][102.911s][info][gc,heap     ] GC(201) Humongous regions: 39->9
[2026-03-19T11:33:06.421+0800][102.911s][info][gc,metaspace] GC(201) Metaspace: 22829K(23104K)->22829K(23104K) NonClass: 20219K(20352K)->20219K(20352K) Class: 2610K(2752K)->2610K(2752K)
[2026-03-19T11:33:06.421+0800][102.911s][info][gc          ] GC(201) Pause Young (Concurrent Start) (G1 Humongous Allocation) 70M->27M(128M) 2.678ms
[2026-03-19T11:33:06.421+0800][102.911s][info][gc,cpu      ] GC(201) User=0.00s Sys=0.00s Real=0.00s
[2026-03-19T11:33:06.421+0800][102.911s][info][gc          ] GC(202) Concurrent Undo Cycle
[2026-03-19T11:33:06.421+0800][102.911s][info][gc,marking  ] GC(202) Concurrent Cleanup for Next Mark
[2026-03-19T11:33:06.421+0800][102.911s][info][gc,marking  ] GC(202) Concurrent Cleanup for Next Mark 0.275ms
[2026-03-19T11:33:06.421+0800][102.912s][info][gc          ] GC(202) Concurrent Undo Cycle 0.479ms
[2026-03-19T11:33:07.356+0800][103.846s][info][gc,start    ] GC(203) Pause Young (Concurrent Start) (G1 Humongous Allocation)
[2026-03-19T11:33:07.356+0800][103.846s][info][gc,task     ] GC(203) Using 3 workers of 13 for evacuation
[2026-03-19T11:33:07.359+0800][103.849s][info][gc,phases   ] GC(203)   Pre Evacuate Collection Set: 0.3ms
[2026-03-19T11:33:07.359+0800][103.849s][info][gc,phases   ] GC(203)   Merge Heap Roots: 0.2ms
[2026-03-19T11:33:07.359+0800][103.849s][info][gc,phases   ] GC(203)   Evacuate Collection Set: 0.9ms
[2026-03-19T11:33:07.359+0800][103.849s][info][gc,phases   ] GC(203)   Post Evacuate Collection Set: 0.8ms
[2026-03-19T11:33:07.359+0800][103.849s][info][gc,phases   ] GC(203)   Other: 0.6ms
[2026-03-19T11:33:07.359+0800][103.849s][info][gc,heap     ] GC(203) Eden regions: 13->0(74)
[2026-03-19T11:33:07.359+0800][103.849s][info][gc,heap     ] GC(203) Survivor regions: 2->2(10)
[2026-03-19T11:33:07.359+0800][103.849s][info][gc,heap     ] GC(203) Old regions: 18->18
[2026-03-19T11:33:07.360+0800][103.849s][info][gc,heap     ] GC(203) Archive regions: 0->0
[2026-03-19T11:33:07.360+0800][103.849s][info][gc,heap     ] GC(203) Humongous regions: 39->9
[2026-03-19T11:33:07.360+0800][103.849s][info][gc,metaspace] GC(203) Metaspace: 22829K(23104K)->22829K(23104K) NonClass: 20219K(20352K)->20219K(20352K) Class: 2610K(2752K)->2610K(2752K)
[2026-03-19T11:33:07.360+0800][103.850s][info][gc          ] GC(203) Pause Young (Concurrent Start) (G1 Humongous Allocation) 69M->27M(128M) 3.785ms
[2026-03-19T11:33:07.360+0800][103.850s][info][gc,cpu      ] GC(203) User=0.00s Sys=0.00s Real=0.00s
[2026-03-19T11:33:07.360+0800][103.850s][info][gc          ] GC(204) Concurrent Undo Cycle
[2026-03-19T11:33:07.360+0800][103.850s][info][gc,marking  ] GC(204) Concurrent Cleanup for Next Mark
[2026-03-19T11:33:07.361+0800][103.850s][info][gc,marking  ] GC(204) Concurrent Cleanup for Next Mark 0.524ms
[2026-03-19T11:33:07.361+0800][103.851s][info][gc          ] GC(204) Concurrent Undo Cycle 0.895ms
[2026-03-19T11:33:08.292+0800][104.782s][info][gc,start    ] GC(205) Pause Young (Concurrent Start) (G1 Humongous Allocation)
[2026-03-19T11:33:08.293+0800][104.783s][info][gc,task     ] GC(205) Using 3 workers of 13 for evacuation
[2026-03-19T11:33:08.295+0800][104.785s][info][gc,phases   ] GC(205)   Pre Evacuate Collection Set: 0.3ms
[2026-03-19T11:33:08.295+0800][104.785s][info][gc,phases   ] GC(205)   Merge Heap Roots: 0.2ms
[2026-03-19T11:33:08.296+0800][104.785s][info][gc,phases   ] GC(205)   Evacuate Collection Set: 0.9ms
[2026-03-19T11:33:08.296+0800][104.786s][info][gc,phases   ] GC(205)   Post Evacuate Collection Set: 0.8ms
[2026-03-19T11:33:08.296+0800][104.786s][info][gc,phases   ] GC(205)   Other: 0.7ms
[2026-03-19T11:33:08.296+0800][104.786s][info][gc,heap     ] GC(205) Eden regions: 13->0(74)
[2026-03-19T11:33:08.296+0800][104.786s][info][gc,heap     ] GC(205) Survivor regions: 2->2(10)
[2026-03-19T11:33:08.296+0800][104.786s][info][gc,heap     ] GC(205) Old regions: 18->18
[2026-03-19T11:33:08.296+0800][104.786s][info][gc,heap     ] GC(205) Archive regions: 0->0
[2026-03-19T11:33:08.296+0800][104.786s][info][gc,heap     ] GC(205) Humongous regions: 39->9
[2026-03-19T11:33:08.296+0800][104.786s][info][gc,metaspace] GC(205) Metaspace: 22829K(23104K)->22829K(23104K) NonClass: 20219K(20352K)->20219K(20352K) Class: 2610K(2752K)->2610K(2752K)
[2026-03-19T11:33:08.296+0800][104.786s][info][gc          ] GC(205) Pause Young (Concurrent Start) (G1 Humongous Allocation) 69M->27M(128M) 3.737ms
[2026-03-19T11:33:08.296+0800][104.786s][info][gc,cpu      ] GC(205) User=0.02s Sys=0.00s Real=0.00s
[2026-03-19T11:33:08.296+0800][104.786s][info][gc          ] GC(206) Concurrent Undo Cycle
[2026-03-19T11:33:08.297+0800][104.787s][info][gc,marking  ] GC(206) Concurrent Cleanup for Next Mark
[2026-03-19T11:33:08.297+0800][104.787s][info][gc,marking  ] GC(206) Concurrent Cleanup for Next Mark 0.465ms
[2026-03-19T11:33:08.297+0800][104.787s][info][gc          ] GC(206) Concurrent Undo Cycle 0.898ms
[2026-03-19T11:33:09.244+0800][105.735s][info][gc,start    ] GC(207) Pause Young (Concurrent Start) (G1 Humongous Allocation)
[2026-03-19T11:33:09.245+0800][105.735s][info][gc,task     ] GC(207) Using 3 workers of 13 for evacuation
[2026-03-19T11:33:09.247+0800][105.737s][info][gc,phases   ] GC(207)   Pre Evacuate Collection Set: 0.3ms
[2026-03-19T11:33:09.247+0800][105.737s][info][gc,phases   ] GC(207)   Merge Heap Roots: 0.2ms
[2026-03-19T11:33:09.247+0800][105.738s][info][gc,phases   ] GC(207)   Evacuate Collection Set: 0.9ms
[2026-03-19T11:33:09.247+0800][105.738s][info][gc,phases   ] GC(207)   Post Evacuate Collection Set: 0.9ms
[2026-03-19T11:33:09.247+0800][105.738s][info][gc,phases   ] GC(207)   Other: 0.6ms
[2026-03-19T11:33:09.247+0800][105.738s][info][gc,heap     ] GC(207) Eden regions: 13->0(74)
[2026-03-19T11:33:09.247+0800][105.738s][info][gc,heap     ] GC(207) Survivor regions: 2->2(10)
[2026-03-19T11:33:09.247+0800][105.738s][info][gc,heap     ] GC(207) Old regions: 18->18
[2026-03-19T11:33:09.247+0800][105.738s][info][gc,heap     ] GC(207) Archive regions: 0->0
[2026-03-19T11:33:09.247+0800][105.738s][info][gc,heap     ] GC(207) Humongous regions: 39->9
[2026-03-19T11:33:09.247+0800][105.738s][info][gc,metaspace] GC(207) Metaspace: 22829K(23104K)->22829K(23104K) NonClass: 20219K(20352K)->20219K(20352K) Class: 2610K(2752K)->2610K(2752K)
[2026-03-19T11:33:09.247+0800][105.738s][info][gc          ] GC(207) Pause Young (Concurrent Start) (G1 Humongous Allocation) 69M->27M(128M) 3.356ms
[2026-03-19T11:33:09.247+0800][105.738s][info][gc,cpu      ] GC(207) User=0.00s Sys=0.00s Real=0.00s
[2026-03-19T11:33:09.249+0800][105.738s][info][gc          ] GC(208) Concurrent Undo Cycle
[2026-03-19T11:33:09.249+0800][105.738s][info][gc,marking  ] GC(208) Concurrent Cleanup for Next Mark
[2026-03-19T11:33:09.249+0800][105.738s][info][gc,marking  ] GC(208) Concurrent Cleanup for Next Mark 0.298ms
[2026-03-19T11:33:09.249+0800][105.739s][info][gc          ] GC(208) Concurrent Undo Cycle 0.469ms
[2026-03-19T11:33:10.179+0800][106.668s][info][gc,start    ] GC(209) Pause Young (Concurrent Start) (G1 Humongous Allocation)
[2026-03-19T11:33:10.179+0800][106.669s][info][gc,task     ] GC(209) Using 3 workers of 13 for evacuation
[2026-03-19T11:33:10.181+0800][106.671s][info][gc,phases   ] GC(209)   Pre Evacuate Collection Set: 0.2ms
[2026-03-19T11:33:10.181+0800][106.671s][info][gc,phases   ] GC(209)   Merge Heap Roots: 0.1ms
[2026-03-19T11:33:10.181+0800][106.671s][info][gc,phases   ] GC(209)   Evacuate Collection Set: 0.7ms
[2026-03-19T11:33:10.182+0800][106.671s][info][gc,phases   ] GC(209)   Post Evacuate Collection Set: 0.8ms
[2026-03-19T11:33:10.182+0800][106.671s][info][gc,phases   ] GC(209)   Other: 0.4ms
[2026-03-19T11:33:10.182+0800][106.671s][info][gc,heap     ] GC(209) Eden regions: 13->0(74)
[2026-03-19T11:33:10.182+0800][106.671s][info][gc,heap     ] GC(209) Survivor regions: 2->2(10)
[2026-03-19T11:33:10.182+0800][106.671s][info][gc,heap     ] GC(209) Old regions: 18->18
[2026-03-19T11:33:10.182+0800][106.671s][info][gc,heap     ] GC(209) Archive regions: 0->0
[2026-03-19T11:33:10.182+0800][106.671s][info][gc,heap     ] GC(209) Humongous regions: 39->9
[2026-03-19T11:33:10.182+0800][106.671s][info][gc,metaspace] GC(209) Metaspace: 22829K(23104K)->22829K(23104K) NonClass: 20219K(20352K)->20219K(20352K) Class: 2610K(2752K)->2610K(2752K)
[2026-03-19T11:33:10.182+0800][106.671s][info][gc          ] GC(209) Pause Young (Concurrent Start) (G1 Humongous Allocation) 70M->27M(128M) 2.799ms
[2026-03-19T11:33:10.182+0800][106.671s][info][gc,cpu      ] GC(209) User=0.00s Sys=0.00s Real=0.00s
[2026-03-19T11:33:10.182+0800][106.671s][info][gc          ] GC(210) Concurrent Undo Cycle
[2026-03-19T11:33:10.182+0800][106.671s][info][gc,marking  ] GC(210) Concurrent Cleanup for Next Mark
[2026-03-19T11:33:10.182+0800][106.672s][info][gc,marking  ] GC(210) Concurrent Cleanup for Next Mark 0.341ms
[2026-03-19T11:33:10.182+0800][106.672s][info][gc          ] GC(210) Concurrent Undo Cycle 0.573ms
[2026-03-19T11:33:11.112+0800][107.602s][info][gc,start    ] GC(211) Pause Young (Concurrent Start) (G1 Humongous Allocation)
[2026-03-19T11:33:11.113+0800][107.603s][info][gc,task     ] GC(211) Using 3 workers of 13 for evacuation
[2026-03-19T11:33:11.114+0800][107.604s][info][gc,phases   ] GC(211)   Pre Evacuate Collection Set: 0.2ms
[2026-03-19T11:33:11.114+0800][107.604s][info][gc,phases   ] GC(211)   Merge Heap Roots: 0.1ms
[2026-03-19T11:33:11.114+0800][107.604s][info][gc,phases   ] GC(211)   Evacuate Collection Set: 0.6ms
[2026-03-19T11:33:11.114+0800][107.604s][info][gc,phases   ] GC(211)   Post Evacuate Collection Set: 0.8ms
[2026-03-19T11:33:11.115+0800][107.605s][info][gc,phases   ] GC(211)   Other: 0.2ms
[2026-03-19T11:33:11.115+0800][107.605s][info][gc,heap     ] GC(211) Eden regions: 13->0(74)
[2026-03-19T11:33:11.115+0800][107.605s][info][gc,heap     ] GC(211) Survivor regions: 2->2(10)
[2026-03-19T11:33:11.115+0800][107.605s][info][gc,heap     ] GC(211) Old regions: 18->18
[2026-03-19T11:33:11.115+0800][107.605s][info][gc,heap     ] GC(211) Archive regions: 0->0
[2026-03-19T11:33:11.115+0800][107.605s][info][gc,heap     ] GC(211) Humongous regions: 39->9
[2026-03-19T11:33:11.115+0800][107.605s][info][gc,metaspace] GC(211) Metaspace: 22835K(23104K)->22835K(23104K) NonClass: 20225K(20352K)->20225K(20352K) Class: 2610K(2752K)->2610K(2752K)
[2026-03-19T11:33:11.115+0800][107.605s][info][gc          ] GC(211) Pause Young (Concurrent Start) (G1 Humongous Allocation) 70M->27M(128M) 2.267ms
[2026-03-19T11:33:11.115+0800][107.605s][info][gc,cpu      ] GC(211) User=0.00s Sys=0.00s Real=0.00s
[2026-03-19T11:33:11.115+0800][107.605s][info][gc          ] GC(212) Concurrent Undo Cycle
[2026-03-19T11:33:11.115+0800][107.605s][info][gc,marking  ] GC(212) Concurrent Cleanup for Next Mark
[2026-03-19T11:33:11.115+0800][107.605s][info][gc,marking  ] GC(212) Concurrent Cleanup for Next Mark 0.306ms
[2026-03-19T11:33:11.115+0800][107.605s][info][gc          ] GC(212) Concurrent Undo Cycle 0.455ms
[2026-03-19T11:33:12.051+0800][108.541s][info][gc,start    ] GC(213) Pause Young (Concurrent Start) (G1 Humongous Allocation)
[2026-03-19T11:33:12.051+0800][108.541s][info][gc,task     ] GC(213) Using 3 workers of 13 for evacuation
[2026-03-19T11:33:12.053+0800][108.543s][info][gc,phases   ] GC(213)   Pre Evacuate Collection Set: 0.1ms
[2026-03-19T11:33:12.053+0800][108.543s][info][gc,phases   ] GC(213)   Merge Heap Roots: 0.2ms
[2026-03-19T11:33:12.053+0800][108.543s][info][gc,phases   ] GC(213)   Evacuate Collection Set: 0.6ms
[2026-03-19T11:33:12.053+0800][108.543s][info][gc,phases   ] GC(213)   Post Evacuate Collection Set: 0.8ms
[2026-03-19T11:33:12.053+0800][108.543s][info][gc,phases   ] GC(213)   Other: 0.3ms
[2026-03-19T11:33:12.053+0800][108.543s][info][gc,heap     ] GC(213) Eden regions: 13->0(74)
[2026-03-19T11:33:12.053+0800][108.543s][info][gc,heap     ] GC(213) Survivor regions: 2->2(10)
[2026-03-19T11:33:12.053+0800][108.543s][info][gc,heap     ] GC(213) Old regions: 18->18
[2026-03-19T11:33:12.053+0800][108.543s][info][gc,heap     ] GC(213) Archive regions: 0->0
[2026-03-19T11:33:12.053+0800][108.543s][info][gc,heap     ] GC(213) Humongous regions: 39->9
[2026-03-19T11:33:12.053+0800][108.543s][info][gc,metaspace] GC(213) Metaspace: 22835K(23104K)->22835K(23104K) NonClass: 20225K(20352K)->20225K(20352K) Class: 2610K(2752K)->2610K(2752K)
[2026-03-19T11:33:12.053+0800][108.543s][info][gc          ] GC(213) Pause Young (Concurrent Start) (G1 Humongous Allocation) 70M->27M(128M) 2.465ms
[2026-03-19T11:33:12.053+0800][108.543s][info][gc,cpu      ] GC(213) User=0.00s Sys=0.00s Real=0.00s
[2026-03-19T11:33:12.054+0800][108.544s][info][gc          ] GC(214) Concurrent Undo Cycle
[2026-03-19T11:33:12.054+0800][108.544s][info][gc,marking  ] GC(214) Concurrent Cleanup for Next Mark
[2026-03-19T11:33:12.054+0800][108.544s][info][gc,marking  ] GC(214) Concurrent Cleanup for Next Mark 0.346ms
[2026-03-19T11:33:12.054+0800][108.544s][info][gc          ] GC(214) Concurrent Undo Cycle 0.596ms
[2026-03-19T11:33:12.979+0800][109.468s][info][gc,start    ] GC(215) Pause Young (Concurrent Start) (G1 Humongous Allocation)
[2026-03-19T11:33:12.979+0800][109.469s][info][gc,task     ] GC(215) Using 3 workers of 13 for evacuation
[2026-03-19T11:33:12.981+0800][109.470s][info][gc,phases   ] GC(215)   Pre Evacuate Collection Set: 0.1ms
[2026-03-19T11:33:12.981+0800][109.470s][info][gc,phases   ] GC(215)   Merge Heap Roots: 0.1ms
[2026-03-19T11:33:12.981+0800][109.470s][info][gc,phases   ] GC(215)   Evacuate Collection Set: 0.5ms
[2026-03-19T11:33:12.981+0800][109.470s][info][gc,phases   ] GC(215)   Post Evacuate Collection Set: 0.8ms
[2026-03-19T11:33:12.981+0800][109.470s][info][gc,phases   ] GC(215)   Other: 0.3ms
[2026-03-19T11:33:12.981+0800][109.470s][info][gc,heap     ] GC(215) Eden regions: 13->0(74)
[2026-03-19T11:33:12.981+0800][109.470s][info][gc,heap     ] GC(215) Survivor regions: 2->2(10)
[2026-03-19T11:33:12.981+0800][109.470s][info][gc,heap     ] GC(215) Old regions: 18->18
[2026-03-19T11:33:12.981+0800][109.470s][info][gc,heap     ] GC(215) Archive regions: 0->0
[2026-03-19T11:33:12.981+0800][109.471s][info][gc,heap     ] GC(215) Humongous regions: 39->9
[2026-03-19T11:33:12.981+0800][109.471s][info][gc,metaspace] GC(215) Metaspace: 22835K(23104K)->22835K(23104K) NonClass: 20225K(20352K)->20225K(20352K) Class: 2610K(2752K)->2610K(2752K)
[2026-03-19T11:33:12.981+0800][109.471s][info][gc          ] GC(215) Pause Young (Concurrent Start) (G1 Humongous Allocation) 70M->27M(128M) 2.211ms
[2026-03-19T11:33:12.981+0800][109.471s][info][gc,cpu      ] GC(215) User=0.00s Sys=0.00s Real=0.00s
[2026-03-19T11:33:12.981+0800][109.471s][info][gc          ] GC(216) Concurrent Undo Cycle
[2026-03-19T11:33:12.981+0800][109.471s][info][gc,marking  ] GC(216) Concurrent Cleanup for Next Mark
[2026-03-19T11:33:12.981+0800][109.471s][info][gc,marking  ] GC(216) Concurrent Cleanup for Next Mark 0.280ms
[2026-03-19T11:33:12.981+0800][109.471s][info][gc          ] GC(216) Concurrent Undo Cycle 0.430ms
[2026-03-19T11:33:13.919+0800][110.409s][info][gc,start    ] GC(217) Pause Young (Concurrent Start) (G1 Humongous Allocation)
[2026-03-19T11:33:13.919+0800][110.409s][info][gc,task     ] GC(217) Using 3 workers of 13 for evacuation
[2026-03-19T11:33:13.921+0800][110.411s][info][gc,phases   ] GC(217)   Pre Evacuate Collection Set: 0.1ms
[2026-03-19T11:33:13.921+0800][110.411s][info][gc,phases   ] GC(217)   Merge Heap Roots: 0.1ms
[2026-03-19T11:33:13.921+0800][110.411s][info][gc,phases   ] GC(217)   Evacuate Collection Set: 0.9ms
[2026-03-19T11:33:13.921+0800][110.411s][info][gc,phases   ] GC(217)   Post Evacuate Collection Set: 0.5ms
[2026-03-19T11:33:13.921+0800][110.411s][info][gc,phases   ] GC(217)   Other: 0.4ms
[2026-03-19T11:33:13.921+0800][110.411s][info][gc,heap     ] GC(217) Eden regions: 13->0(74)
[2026-03-19T11:33:13.921+0800][110.411s][info][gc,heap     ] GC(217) Survivor regions: 2->2(10)
[2026-03-19T11:33:13.921+0800][110.411s][info][gc,heap     ] GC(217) Old regions: 18->18
[2026-03-19T11:33:13.921+0800][110.411s][info][gc,heap     ] GC(217) Archive regions: 0->0
[2026-03-19T11:33:13.922+0800][110.411s][info][gc,heap     ] GC(217) Humongous regions: 39->9
[2026-03-19T11:33:13.922+0800][110.411s][info][gc,metaspace] GC(217) Metaspace: 22835K(23104K)->22835K(23104K) NonClass: 20225K(20352K)->20225K(20352K) Class: 2610K(2752K)->2610K(2752K)
[2026-03-19T11:33:13.922+0800][110.412s][info][gc          ] GC(217) Pause Young (Concurrent Start) (G1 Humongous Allocation) 70M->27M(128M) 2.291ms
[2026-03-19T11:33:13.922+0800][110.412s][info][gc,cpu      ] GC(217) User=0.00s Sys=0.00s Real=0.00s
[2026-03-19T11:33:13.922+0800][110.412s][info][gc          ] GC(218) Concurrent Undo Cycle
[2026-03-19T11:33:13.922+0800][110.412s][info][gc,marking  ] GC(218) Concurrent Cleanup for Next Mark
[2026-03-19T11:33:13.922+0800][110.412s][info][gc,marking  ] GC(218) Concurrent Cleanup for Next Mark 0.154ms
[2026-03-19T11:33:13.922+0800][110.412s][info][gc          ] GC(218) Concurrent Undo Cycle 0.344ms
[2026-03-19T11:33:14.857+0800][111.346s][info][gc,start    ] GC(219) Pause Young (Concurrent Start) (G1 Humongous Allocation)
[2026-03-19T11:33:14.857+0800][111.347s][info][gc,task     ] GC(219) Using 3 workers of 13 for evacuation
[2026-03-19T11:33:14.859+0800][111.348s][info][gc,phases   ] GC(219)   Pre Evacuate Collection Set: 0.1ms
[2026-03-19T11:33:14.859+0800][111.349s][info][gc,phases   ] GC(219)   Merge Heap Roots: 0.1ms
[2026-03-19T11:33:14.859+0800][111.349s][info][gc,phases   ] GC(219)   Evacuate Collection Set: 0.5ms
[2026-03-19T11:33:14.859+0800][111.349s][info][gc,phases   ] GC(219)   Post Evacuate Collection Set: 1.0ms
[2026-03-19T11:33:14.859+0800][111.349s][info][gc,phases   ] GC(219)   Other: 0.3ms
[2026-03-19T11:33:14.859+0800][111.349s][info][gc,heap     ] GC(219) Eden regions: 13->0(74)
[2026-03-19T11:33:14.859+0800][111.349s][info][gc,heap     ] GC(219) Survivor regions: 2->2(10)
[2026-03-19T11:33:14.859+0800][111.349s][info][gc,heap     ] GC(219) Old regions: 18->18
[2026-03-19T11:33:14.859+0800][111.349s][info][gc,heap     ] GC(219) Archive regions: 0->0
[2026-03-19T11:33:14.859+0800][111.349s][info][gc,heap     ] GC(219) Humongous regions: 39->9
[2026-03-19T11:33:14.859+0800][111.349s][info][gc,metaspace] GC(219) Metaspace: 22835K(23104K)->22835K(23104K) NonClass: 20225K(20352K)->20225K(20352K) Class: 2610K(2752K)->2610K(2752K)
[2026-03-19T11:33:14.859+0800][111.349s][info][gc          ] GC(219) Pause Young (Concurrent Start) (G1 Humongous Allocation) 70M->27M(128M) 2.496ms
[2026-03-19T11:33:14.859+0800][111.349s][info][gc,cpu      ] GC(219) User=0.00s Sys=0.00s Real=0.00s
[2026-03-19T11:33:14.859+0800][111.349s][info][gc          ] GC(220) Concurrent Undo Cycle
[2026-03-19T11:33:14.860+0800][111.349s][info][gc,marking  ] GC(220) Concurrent Cleanup for Next Mark
[2026-03-19T11:33:14.860+0800][111.350s][info][gc,marking  ] GC(220) Concurrent Cleanup for Next Mark 0.591ms
[2026-03-19T11:33:14.861+0800][111.350s][info][gc          ] GC(220) Concurrent Undo Cycle 1.150ms
[2026-03-19T11:33:15.790+0800][112.280s][info][gc,start    ] GC(221) Pause Young (Concurrent Start) (G1 Humongous Allocation)
[2026-03-19T11:33:15.790+0800][112.280s][info][gc,task     ] GC(221) Using 3 workers of 13 for evacuation
[2026-03-19T11:33:15.792+0800][112.282s][info][gc,phases   ] GC(221)   Pre Evacuate Collection Set: 0.2ms
[2026-03-19T11:33:15.792+0800][112.282s][info][gc,phases   ] GC(221)   Merge Heap Roots: 0.2ms
[2026-03-19T11:33:15.792+0800][112.282s][info][gc,phases   ] GC(221)   Evacuate Collection Set: 0.6ms
[2026-03-19T11:33:15.792+0800][112.282s][info][gc,phases   ] GC(221)   Post Evacuate Collection Set: 0.7ms
[2026-03-19T11:33:15.792+0800][112.282s][info][gc,phases   ] GC(221)   Other: 0.4ms
[2026-03-19T11:33:15.792+0800][112.282s][info][gc,heap     ] GC(221) Eden regions: 13->0(74)
[2026-03-19T11:33:15.792+0800][112.282s][info][gc,heap     ] GC(221) Survivor regions: 2->2(10)
[2026-03-19T11:33:15.792+0800][112.282s][info][gc,heap     ] GC(221) Old regions: 18->18
[2026-03-19T11:33:15.792+0800][112.282s][info][gc,heap     ] GC(221) Archive regions: 0->0
[2026-03-19T11:33:15.792+0800][112.282s][info][gc,heap     ] GC(221) Humongous regions: 39->9
[2026-03-19T11:33:15.792+0800][112.282s][info][gc,metaspace] GC(221) Metaspace: 22835K(23104K)->22835K(23104K) NonClass: 20225K(20352K)->20225K(20352K) Class: 2610K(2752K)->2610K(2752K)
[2026-03-19T11:33:15.792+0800][112.282s][info][gc          ] GC(221) Pause Young (Concurrent Start) (G1 Humongous Allocation) 69M->27M(128M) 2.488ms
[2026-03-19T11:33:15.792+0800][112.282s][info][gc,cpu      ] GC(221) User=0.00s Sys=0.00s Real=0.00s
[2026-03-19T11:33:15.792+0800][112.282s][info][gc          ] GC(222) Concurrent Undo Cycle
[2026-03-19T11:33:15.793+0800][112.282s][info][gc,marking  ] GC(222) Concurrent Cleanup for Next Mark
[2026-03-19T11:33:15.794+0800][112.283s][info][gc,marking  ] GC(222) Concurrent Cleanup for Next Mark 0.967ms
[2026-03-19T11:33:15.794+0800][112.284s][info][gc          ] GC(222) Concurrent Undo Cycle 1.371ms
[2026-03-19T11:33:16.725+0800][113.214s][info][gc,start    ] GC(223) Pause Young (Concurrent Start) (G1 Humongous Allocation)
[2026-03-19T11:33:16.725+0800][113.214s][info][gc,task     ] GC(223) Using 3 workers of 13 for evacuation
[2026-03-19T11:33:16.727+0800][113.216s][info][gc,phases   ] GC(223)   Pre Evacuate Collection Set: 0.1ms
[2026-03-19T11:33:16.727+0800][113.216s][info][gc,phases   ] GC(223)   Merge Heap Roots: 0.1ms
[2026-03-19T11:33:16.727+0800][113.216s][info][gc,phases   ] GC(223)   Evacuate Collection Set: 0.7ms
[2026-03-19T11:33:16.727+0800][113.216s][info][gc,phases   ] GC(223)   Post Evacuate Collection Set: 0.8ms
[2026-03-19T11:33:16.727+0800][113.216s][info][gc,phases   ] GC(223)   Other: 0.3ms
[2026-03-19T11:33:16.727+0800][113.216s][info][gc,heap     ] GC(223) Eden regions: 13->0(74)
[2026-03-19T11:33:16.727+0800][113.216s][info][gc,heap     ] GC(223) Survivor regions: 2->2(10)
[2026-03-19T11:33:16.727+0800][113.216s][info][gc,heap     ] GC(223) Old regions: 18->18
[2026-03-19T11:33:16.727+0800][113.216s][info][gc,heap     ] GC(223) Archive regions: 0->0
[2026-03-19T11:33:16.727+0800][113.216s][info][gc,heap     ] GC(223) Humongous regions: 39->9
[2026-03-19T11:33:16.727+0800][113.216s][info][gc,metaspace] GC(223) Metaspace: 22835K(23104K)->22835K(23104K) NonClass: 20225K(20352K)->20225K(20352K) Class: 2610K(2752K)->2610K(2752K)
[2026-03-19T11:33:16.727+0800][113.216s][info][gc          ] GC(223) Pause Young (Concurrent Start) (G1 Humongous Allocation) 69M->27M(128M) 2.556ms
[2026-03-19T11:33:16.727+0800][113.217s][info][gc,cpu      ] GC(223) User=0.00s Sys=0.00s Real=0.00s
[2026-03-19T11:33:16.727+0800][113.217s][info][gc          ] GC(224) Concurrent Undo Cycle
[2026-03-19T11:33:16.728+0800][113.217s][info][gc,marking  ] GC(224) Concurrent Cleanup for Next Mark
[2026-03-19T11:33:16.728+0800][113.218s][info][gc,marking  ] GC(224) Concurrent Cleanup for Next Mark 0.896ms
[2026-03-19T11:33:16.728+0800][113.218s][info][gc          ] GC(224) Concurrent Undo Cycle 1.282ms
[2026-03-19T11:33:17.661+0800][114.151s][info][gc,start    ] GC(225) Pause Young (Concurrent Start) (G1 Humongous Allocation)
[2026-03-19T11:33:17.662+0800][114.152s][info][gc,task     ] GC(225) Using 3 workers of 13 for evacuation
[2026-03-19T11:33:17.665+0800][114.155s][info][gc,phases   ] GC(225)   Pre Evacuate Collection Set: 0.5ms
[2026-03-19T11:33:17.666+0800][114.156s][info][gc,phases   ] GC(225)   Merge Heap Roots: 0.2ms
[2026-03-19T11:33:17.666+0800][114.156s][info][gc,phases   ] GC(225)   Evacuate Collection Set: 1.3ms
[2026-03-19T11:33:17.666+0800][114.156s][info][gc,phases   ] GC(225)   Post Evacuate Collection Set: 0.9ms
[2026-03-19T11:33:17.666+0800][114.156s][info][gc,phases   ] GC(225)   Other: 1.1ms
[2026-03-19T11:33:17.666+0800][114.156s][info][gc,heap     ] GC(225) Eden regions: 13->0(74)
[2026-03-19T11:33:17.666+0800][114.156s][info][gc,heap     ] GC(225) Survivor regions: 2->2(10)
[2026-03-19T11:33:17.666+0800][114.156s][info][gc,heap     ] GC(225) Old regions: 18->18
[2026-03-19T11:33:17.666+0800][114.156s][info][gc,heap     ] GC(225) Archive regions: 0->0
[2026-03-19T11:33:17.666+0800][114.156s][info][gc,heap     ] GC(225) Humongous regions: 39->9
[2026-03-19T11:33:17.666+0800][114.156s][info][gc,metaspace] GC(225) Metaspace: 22835K(23104K)->22835K(23104K) NonClass: 20225K(20352K)->20225K(20352K) Class: 2610K(2752K)->2610K(2752K)
[2026-03-19T11:33:17.666+0800][114.156s][info][gc          ] GC(225) Pause Young (Concurrent Start) (G1 Humongous Allocation) 69M->27M(128M) 4.764ms
[2026-03-19T11:33:17.666+0800][114.156s][info][gc,cpu      ] GC(225) User=0.00s Sys=0.00s Real=0.00s
[2026-03-19T11:33:17.666+0800][114.156s][info][gc          ] GC(226) Concurrent Undo Cycle
[2026-03-19T11:33:17.666+0800][114.156s][info][gc,marking  ] GC(226) Concurrent Cleanup for Next Mark
[2026-03-19T11:33:17.667+0800][114.157s][info][gc,marking  ] GC(226) Concurrent Cleanup for Next Mark 0.510ms
[2026-03-19T11:33:17.667+0800][114.157s][info][gc          ] GC(226) Concurrent Undo Cycle 0.738ms
[2026-03-19T11:33:18.599+0800][115.089s][info][gc,start    ] GC(227) Pause Young (Concurrent Start) (G1 Humongous Allocation)
[2026-03-19T11:33:18.600+0800][115.089s][info][gc,task     ] GC(227) Using 3 workers of 13 for evacuation
[2026-03-19T11:33:18.602+0800][115.091s][info][gc,phases   ] GC(227)   Pre Evacuate Collection Set: 0.2ms
[2026-03-19T11:33:18.602+0800][115.091s][info][gc,phases   ] GC(227)   Merge Heap Roots: 0.2ms
[2026-03-19T11:33:18.602+0800][115.091s][info][gc,phases   ] GC(227)   Evacuate Collection Set: 0.8ms
[2026-03-19T11:33:18.602+0800][115.091s][info][gc,phases   ] GC(227)   Post Evacuate Collection Set: 0.8ms
[2026-03-19T11:33:18.602+0800][115.091s][info][gc,phases   ] GC(227)   Other: 0.5ms
[2026-03-19T11:33:18.602+0800][115.091s][info][gc,heap     ] GC(227) Eden regions: 13->0(74)
[2026-03-19T11:33:18.602+0800][115.091s][info][gc,heap     ] GC(227) Survivor regions: 2->2(10)
[2026-03-19T11:33:18.602+0800][115.091s][info][gc,heap     ] GC(227) Old regions: 18->18
[2026-03-19T11:33:18.602+0800][115.092s][info][gc,heap     ] GC(227) Archive regions: 0->0
[2026-03-19T11:33:18.602+0800][115.092s][info][gc,heap     ] GC(227) Humongous regions: 39->9
[2026-03-19T11:33:18.602+0800][115.092s][info][gc,metaspace] GC(227) Metaspace: 22835K(23104K)->22835K(23104K) NonClass: 20225K(20352K)->20225K(20352K) Class: 2610K(2752K)->2610K(2752K)
[2026-03-19T11:33:18.602+0800][115.092s][info][gc          ] GC(227) Pause Young (Concurrent Start) (G1 Humongous Allocation) 70M->27M(128M) 2.785ms
[2026-03-19T11:33:18.602+0800][115.092s][info][gc,cpu      ] GC(227) User=0.00s Sys=0.00s Real=0.00s
[2026-03-19T11:33:18.602+0800][115.092s][info][gc          ] GC(228) Concurrent Undo Cycle
[2026-03-19T11:33:18.602+0800][115.092s][info][gc,marking  ] GC(228) Concurrent Cleanup for Next Mark
[2026-03-19T11:33:18.603+0800][115.092s][info][gc,marking  ] GC(228) Concurrent Cleanup for Next Mark 0.354ms
[2026-03-19T11:33:18.603+0800][115.092s][info][gc          ] GC(228) Concurrent Undo Cycle 0.629ms
[2026-03-19T11:33:19.545+0800][116.035s][info][gc,start    ] GC(229) Pause Young (Concurrent Start) (G1 Humongous Allocation)
[2026-03-19T11:33:19.546+0800][116.035s][info][gc,task     ] GC(229) Using 3 workers of 13 for evacuation
[2026-03-19T11:33:19.549+0800][116.039s][info][gc,phases   ] GC(229)   Pre Evacuate Collection Set: 0.3ms
[2026-03-19T11:33:19.549+0800][116.039s][info][gc,phases   ] GC(229)   Merge Heap Roots: 0.2ms
[2026-03-19T11:33:19.549+0800][116.039s][info][gc,phases   ] GC(229)   Evacuate Collection Set: 1.4ms
[2026-03-19T11:33:19.549+0800][116.039s][info][gc,phases   ] GC(229)   Post Evacuate Collection Set: 0.9ms
[2026-03-19T11:33:19.549+0800][116.039s][info][gc,phases   ] GC(229)   Other: 1.1ms
[2026-03-19T11:33:19.549+0800][116.039s][info][gc,heap     ] GC(229) Eden regions: 13->0(74)
[2026-03-19T11:33:19.549+0800][116.039s][info][gc,heap     ] GC(229) Survivor regions: 2->2(10)
[2026-03-19T11:33:19.549+0800][116.039s][info][gc,heap     ] GC(229) Old regions: 18->18
[2026-03-19T11:33:19.549+0800][116.039s][info][gc,heap     ] GC(229) Archive regions: 0->0
[2026-03-19T11:33:19.549+0800][116.039s][info][gc,heap     ] GC(229) Humongous regions: 39->9
[2026-03-19T11:33:19.549+0800][116.039s][info][gc,metaspace] GC(229) Metaspace: 22835K(23104K)->22835K(23104K) NonClass: 20225K(20352K)->20225K(20352K) Class: 2610K(2752K)->2610K(2752K)
[2026-03-19T11:33:19.549+0800][116.039s][info][gc          ] GC(229) Pause Young (Concurrent Start) (G1 Humongous Allocation) 70M->27M(128M) 4.566ms
[2026-03-19T11:33:19.549+0800][116.039s][info][gc,cpu      ] GC(229) User=0.00s Sys=0.00s Real=0.00s
[2026-03-19T11:33:19.550+0800][116.040s][info][gc          ] GC(230) Concurrent Undo Cycle
[2026-03-19T11:33:19.550+0800][116.040s][info][gc,marking  ] GC(230) Concurrent Cleanup for Next Mark
[2026-03-19T11:33:19.550+0800][116.040s][info][gc,marking  ] GC(230) Concurrent Cleanup for Next Mark 0.401ms
[2026-03-19T11:33:19.550+0800][116.040s][info][gc          ] GC(230) Concurrent Undo Cycle 0.621ms
[2026-03-19T11:33:20.485+0800][116.975s][info][gc,start    ] GC(231) Pause Young (Concurrent Start) (G1 Humongous Allocation)
[2026-03-19T11:33:20.485+0800][116.975s][info][gc,task     ] GC(231) Using 3 workers of 13 for evacuation
[2026-03-19T11:33:20.486+0800][116.976s][info][gc,phases   ] GC(231)   Pre Evacuate Collection Set: 0.1ms
[2026-03-19T11:33:20.486+0800][116.976s][info][gc,phases   ] GC(231)   Merge Heap Roots: 0.1ms
[2026-03-19T11:33:20.486+0800][116.976s][info][gc,phases   ] GC(231)   Evacuate Collection Set: 0.7ms
[2026-03-19T11:33:20.486+0800][116.977s][info][gc,phases   ] GC(231)   Post Evacuate Collection Set: 0.5ms
[2026-03-19T11:33:20.487+0800][116.977s][info][gc,phases   ] GC(231)   Other: 0.3ms
[2026-03-19T11:33:20.487+0800][116.977s][info][gc,heap     ] GC(231) Eden regions: 13->0(74)
[2026-03-19T11:33:20.487+0800][116.977s][info][gc,heap     ] GC(231) Survivor regions: 2->2(10)
[2026-03-19T11:33:20.487+0800][116.977s][info][gc,heap     ] GC(231) Old regions: 18->18
[2026-03-19T11:33:20.487+0800][116.977s][info][gc,heap     ] GC(231) Archive regions: 0->0
[2026-03-19T11:33:20.487+0800][116.977s][info][gc,heap     ] GC(231) Humongous regions: 39->9
[2026-03-19T11:33:20.487+0800][116.977s][info][gc,metaspace] GC(231) Metaspace: 22835K(23104K)->22835K(23104K) NonClass: 20225K(20352K)->20225K(20352K) Class: 2610K(2752K)->2610K(2752K)
[2026-03-19T11:33:20.487+0800][116.977s][info][gc          ] GC(231) Pause Young (Concurrent Start) (G1 Humongous Allocation) 70M->27M(128M) 2.236ms
[2026-03-19T11:33:20.487+0800][116.977s][info][gc,cpu      ] GC(231) User=0.00s Sys=0.00s Real=0.00s
[2026-03-19T11:33:20.487+0800][116.977s][info][gc          ] GC(232) Concurrent Undo Cycle
[2026-03-19T11:33:20.487+0800][116.977s][info][gc,marking  ] GC(232) Concurrent Cleanup for Next Mark
[2026-03-19T11:33:20.487+0800][116.978s][info][gc,marking  ] GC(232) Concurrent Cleanup for Next Mark 0.352ms
[2026-03-19T11:33:20.487+0800][116.978s][info][gc          ] GC(232) Concurrent Undo Cycle 0.602ms
[2026-03-19T11:33:21.421+0800][117.910s][info][gc,start    ] GC(233) Pause Young (Concurrent Start) (G1 Humongous Allocation)
[2026-03-19T11:33:21.421+0800][117.911s][info][gc,task     ] GC(233) Using 3 workers of 13 for evacuation
[2026-03-19T11:33:21.423+0800][117.912s][info][gc,phases   ] GC(233)   Pre Evacuate Collection Set: 0.2ms
[2026-03-19T11:33:21.423+0800][117.913s][info][gc,phases   ] GC(233)   Merge Heap Roots: 0.2ms
[2026-03-19T11:33:21.423+0800][117.913s][info][gc,phases   ] GC(233)   Evacuate Collection Set: 0.6ms
[2026-03-19T11:33:21.423+0800][117.913s][info][gc,phases   ] GC(233)   Post Evacuate Collection Set: 0.7ms
[2026-03-19T11:33:21.423+0800][117.913s][info][gc,phases   ] GC(233)   Other: 0.3ms
[2026-03-19T11:33:21.423+0800][117.913s][info][gc,heap     ] GC(233) Eden regions: 13->0(74)
[2026-03-19T11:33:21.423+0800][117.913s][info][gc,heap     ] GC(233) Survivor regions: 2->2(10)
[2026-03-19T11:33:21.423+0800][117.913s][info][gc,heap     ] GC(233) Old regions: 18->18
[2026-03-19T11:33:21.423+0800][117.913s][info][gc,heap     ] GC(233) Archive regions: 0->0
[2026-03-19T11:33:21.423+0800][117.913s][info][gc,heap     ] GC(233) Humongous regions: 39->9
[2026-03-19T11:33:21.423+0800][117.913s][info][gc,metaspace] GC(233) Metaspace: 22835K(23104K)->22835K(23104K) NonClass: 20225K(20352K)->20225K(20352K) Class: 2610K(2752K)->2610K(2752K)
[2026-03-19T11:33:21.423+0800][117.913s][info][gc          ] GC(233) Pause Young (Concurrent Start) (G1 Humongous Allocation) 70M->27M(128M) 2.472ms
[2026-03-19T11:33:21.423+0800][117.913s][info][gc,cpu      ] GC(233) User=0.00s Sys=0.00s Real=0.00s
[2026-03-19T11:33:21.423+0800][117.913s][info][gc          ] GC(234) Concurrent Undo Cycle
[2026-03-19T11:33:21.423+0800][117.913s][info][gc,marking  ] GC(234) Concurrent Cleanup for Next Mark
[2026-03-19T11:33:21.423+0800][117.913s][info][gc,marking  ] GC(234) Concurrent Cleanup for Next Mark 0.245ms
[2026-03-19T11:33:21.424+0800][117.913s][info][gc          ] GC(234) Concurrent Undo Cycle 0.381ms
[2026-03-19T11:33:22.359+0800][118.849s][info][gc,start    ] GC(235) Pause Young (Concurrent Start) (G1 Humongous Allocation)
[2026-03-19T11:33:22.360+0800][118.850s][info][gc,task     ] GC(235) Using 3 workers of 13 for evacuation
[2026-03-19T11:33:22.362+0800][118.852s][info][gc,phases   ] GC(235)   Pre Evacuate Collection Set: 0.2ms
[2026-03-19T11:33:22.363+0800][118.853s][info][gc,phases   ] GC(235)   Merge Heap Roots: 0.2ms
[2026-03-19T11:33:22.363+0800][118.853s][info][gc,phases   ] GC(235)   Evacuate Collection Set: 1.0ms
[2026-03-19T11:33:22.363+0800][118.853s][info][gc,phases   ] GC(235)   Post Evacuate Collection Set: 1.0ms
[2026-03-19T11:33:22.363+0800][118.853s][info][gc,phases   ] GC(235)   Other: 0.9ms
[2026-03-19T11:33:22.363+0800][118.853s][info][gc,heap     ] GC(235) Eden regions: 13->0(74)
[2026-03-19T11:33:22.363+0800][118.853s][info][gc,heap     ] GC(235) Survivor regions: 2->2(10)
[2026-03-19T11:33:22.363+0800][118.853s][info][gc,heap     ] GC(235) Old regions: 18->18
[2026-03-19T11:33:22.363+0800][118.853s][info][gc,heap     ] GC(235) Archive regions: 0->0
[2026-03-19T11:33:22.363+0800][118.853s][info][gc,heap     ] GC(235) Humongous regions: 39->9
[2026-03-19T11:33:22.363+0800][118.853s][info][gc,metaspace] GC(235) Metaspace: 22835K(23104K)->22835K(23104K) NonClass: 20225K(20352K)->20225K(20352K) Class: 2610K(2752K)->2610K(2752K)
[2026-03-19T11:33:22.363+0800][118.853s][info][gc          ] GC(235) Pause Young (Concurrent Start) (G1 Humongous Allocation) 70M->27M(128M) 3.730ms
[2026-03-19T11:33:22.363+0800][118.853s][info][gc,cpu      ] GC(235) User=0.00s Sys=0.00s Real=0.00s
[2026-03-19T11:33:22.363+0800][118.853s][info][gc          ] GC(236) Concurrent Undo Cycle
[2026-03-19T11:33:22.363+0800][118.853s][info][gc,marking  ] GC(236) Concurrent Cleanup for Next Mark
[2026-03-19T11:33:22.364+0800][118.854s][info][gc,marking  ] GC(236) Concurrent Cleanup for Next Mark 0.876ms
[2026-03-19T11:33:22.364+0800][118.854s][info][gc          ] GC(236) Concurrent Undo Cycle 1.184ms
[2026-03-19T11:33:23.307+0800][119.796s][info][gc,start    ] GC(237) Pause Young (Concurrent Start) (G1 Humongous Allocation)
[2026-03-19T11:33:23.307+0800][119.796s][info][gc,task     ] GC(237) Using 3 workers of 13 for evacuation
[2026-03-19T11:33:23.310+0800][119.799s][info][gc,phases   ] GC(237)   Pre Evacuate Collection Set: 0.1ms
[2026-03-19T11:33:23.310+0800][119.799s][info][gc,phases   ] GC(237)   Merge Heap Roots: 0.1ms
[2026-03-19T11:33:23.310+0800][119.799s][info][gc,phases   ] GC(237)   Evacuate Collection Set: 1.1ms
[2026-03-19T11:33:23.310+0800][119.799s][info][gc,phases   ] GC(237)   Post Evacuate Collection Set: 0.8ms
[2026-03-19T11:33:23.310+0800][119.799s][info][gc,phases   ] GC(237)   Other: 0.5ms
[2026-03-19T11:33:23.310+0800][119.800s][info][gc,heap     ] GC(237) Eden regions: 13->0(74)
[2026-03-19T11:33:23.310+0800][119.800s][info][gc,heap     ] GC(237) Survivor regions: 2->2(10)
[2026-03-19T11:33:23.310+0800][119.800s][info][gc,heap     ] GC(237) Old regions: 18->18
[2026-03-19T11:33:23.310+0800][119.800s][info][gc,heap     ] GC(237) Archive regions: 0->0
[2026-03-19T11:33:23.310+0800][119.800s][info][gc,heap     ] GC(237) Humongous regions: 39->9
[2026-03-19T11:33:23.310+0800][119.800s][info][gc,metaspace] GC(237) Metaspace: 22835K(23104K)->22835K(23104K) NonClass: 20225K(20352K)->20225K(20352K) Class: 2610K(2752K)->2610K(2752K)
[2026-03-19T11:33:23.311+0800][119.800s][info][gc          ] GC(237) Pause Young (Concurrent Start) (G1 Humongous Allocation) 69M->27M(128M) 3.505ms
[2026-03-19T11:33:23.311+0800][119.800s][info][gc,cpu      ] GC(237) User=0.00s Sys=0.02s Real=0.00s
[2026-03-19T11:33:23.311+0800][119.800s][info][gc          ] GC(238) Concurrent Undo Cycle
[2026-03-19T11:33:23.311+0800][119.800s][info][gc,marking  ] GC(238) Concurrent Cleanup for Next Mark
[2026-03-19T11:33:23.311+0800][119.800s][info][gc,marking  ] GC(238) Concurrent Cleanup for Next Mark 0.385ms
[2026-03-19T11:33:23.311+0800][119.801s][info][gc          ] GC(238) Concurrent Undo Cycle 0.674ms
[2026-03-19T11:33:24.246+0800][120.735s][info][gc,start    ] GC(239) Pause Young (Concurrent Start) (G1 Humongous Allocation)
[2026-03-19T11:33:24.246+0800][120.736s][info][gc,task     ] GC(239) Using 3 workers of 13 for evacuation
[2026-03-19T11:33:24.250+0800][120.739s][info][gc,phases   ] GC(239)   Pre Evacuate Collection Set: 0.2ms
[2026-03-19T11:33:24.250+0800][120.739s][info][gc,phases   ] GC(239)   Merge Heap Roots: 0.2ms
[2026-03-19T11:33:24.250+0800][120.740s][info][gc,phases   ] GC(239)   Evacuate Collection Set: 1.4ms
[2026-03-19T11:33:24.250+0800][120.740s][info][gc,phases   ] GC(239)   Post Evacuate Collection Set: 1.1ms
[2026-03-19T11:33:24.250+0800][120.740s][info][gc,phases   ] GC(239)   Other: 0.9ms
[2026-03-19T11:33:24.250+0800][120.740s][info][gc,heap     ] GC(239) Eden regions: 13->0(74)
[2026-03-19T11:33:24.250+0800][120.740s][info][gc,heap     ] GC(239) Survivor regions: 2->2(10)
[2026-03-19T11:33:24.250+0800][120.740s][info][gc,heap     ] GC(239) Old regions: 18->18
[2026-03-19T11:33:24.250+0800][120.740s][info][gc,heap     ] GC(239) Archive regions: 0->0
[2026-03-19T11:33:24.250+0800][120.740s][info][gc,heap     ] GC(239) Humongous regions: 39->9
[2026-03-19T11:33:24.250+0800][120.740s][info][gc,metaspace] GC(239) Metaspace: 22835K(23104K)->22835K(23104K) NonClass: 20225K(20352K)->20225K(20352K) Class: 2610K(2752K)->2610K(2752K)
[2026-03-19T11:33:24.250+0800][120.740s][info][gc          ] GC(239) Pause Young (Concurrent Start) (G1 Humongous Allocation) 69M->27M(128M) 4.511ms
[2026-03-19T11:33:24.250+0800][120.740s][info][gc,cpu      ] GC(239) User=0.02s Sys=0.00s Real=0.00s
[2026-03-19T11:33:24.251+0800][120.740s][info][gc          ] GC(240) Concurrent Undo Cycle
[2026-03-19T11:33:24.251+0800][120.740s][info][gc,marking  ] GC(240) Concurrent Cleanup for Next Mark
[2026-03-19T11:33:24.251+0800][120.741s][info][gc,marking  ] GC(240) Concurrent Cleanup for Next Mark 0.504ms
[2026-03-19T11:33:24.251+0800][120.741s][info][gc          ] GC(240) Concurrent Undo Cycle 0.746ms
[2026-03-19T11:33:25.172+0800][121.662s][info][gc,start    ] GC(241) Pause Young (Concurrent Start) (G1 Humongous Allocation)
[2026-03-19T11:33:25.172+0800][121.662s][info][gc,task     ] GC(241) Using 3 workers of 13 for evacuation
[2026-03-19T11:33:25.175+0800][121.665s][info][gc,phases   ] GC(241)   Pre Evacuate Collection Set: 0.1ms
[2026-03-19T11:33:25.175+0800][121.665s][info][gc,phases   ] GC(241)   Merge Heap Roots: 0.3ms
[2026-03-19T11:33:25.176+0800][121.665s][info][gc,phases   ] GC(241)   Evacuate Collection Set: 0.9ms
[2026-03-19T11:33:25.176+0800][121.665s][info][gc,phases   ] GC(241)   Post Evacuate Collection Set: 0.9ms
[2026-03-19T11:33:25.176+0800][121.665s][info][gc,phases   ] GC(241)   Other: 0.5ms
[2026-03-19T11:33:25.176+0800][121.665s][info][gc,heap     ] GC(241) Eden regions: 13->0(74)
[2026-03-19T11:33:25.176+0800][121.666s][info][gc,heap     ] GC(241) Survivor regions: 2->2(10)
[2026-03-19T11:33:25.176+0800][121.666s][info][gc,heap     ] GC(241) Old regions: 18->18
[2026-03-19T11:33:25.176+0800][121.666s][info][gc,heap     ] GC(241) Archive regions: 0->0
[2026-03-19T11:33:25.176+0800][121.666s][info][gc,heap     ] GC(241) Humongous regions: 39->9
[2026-03-19T11:33:25.176+0800][121.666s][info][gc,metaspace] GC(241) Metaspace: 22835K(23104K)->22835K(23104K) NonClass: 20225K(20352K)->20225K(20352K) Class: 2610K(2752K)->2610K(2752K)
[2026-03-19T11:33:25.176+0800][121.666s][info][gc          ] GC(241) Pause Young (Concurrent Start) (G1 Humongous Allocation) 70M->27M(128M) 4.098ms
[2026-03-19T11:33:25.176+0800][121.666s][info][gc,cpu      ] GC(241) User=0.00s Sys=0.00s Real=0.00s
[2026-03-19T11:33:25.177+0800][121.666s][info][gc          ] GC(242) Concurrent Undo Cycle
[2026-03-19T11:33:25.177+0800][121.666s][info][gc,marking  ] GC(242) Concurrent Cleanup for Next Mark
[2026-03-19T11:33:25.177+0800][121.667s][info][gc,marking  ] GC(242) Concurrent Cleanup for Next Mark 0.589ms
[2026-03-19T11:33:25.177+0800][121.667s][info][gc          ] GC(242) Concurrent Undo Cycle 0.980ms
[2026-03-19T11:33:26.117+0800][122.607s][info][gc,start    ] GC(243) Pause Young (Concurrent Start) (G1 Humongous Allocation)
[2026-03-19T11:33:26.117+0800][122.607s][info][gc,task     ] GC(243) Using 3 workers of 13 for evacuation
[2026-03-19T11:33:26.117+0800][122.608s][info][gc,phases   ] GC(243)   Pre Evacuate Collection Set: 0.1ms
[2026-03-19T11:33:26.117+0800][122.608s][info][gc,phases   ] GC(243)   Merge Heap Roots: 0.0ms
[2026-03-19T11:33:26.119+0800][122.608s][info][gc,phases   ] GC(243)   Evacuate Collection Set: 0.5ms
[2026-03-19T11:33:26.119+0800][122.608s][info][gc,phases   ] GC(243)   Post Evacuate Collection Set: 0.3ms
[2026-03-19T11:33:26.119+0800][122.608s][info][gc,phases   ] GC(243)   Other: 0.3ms
[2026-03-19T11:33:26.119+0800][122.608s][info][gc,heap     ] GC(243) Eden regions: 13->0(74)
[2026-03-19T11:33:26.119+0800][122.608s][info][gc,heap     ] GC(243) Survivor regions: 2->2(10)
[2026-03-19T11:33:26.119+0800][122.608s][info][gc,heap     ] GC(243) Old regions: 18->18
[2026-03-19T11:33:26.119+0800][122.608s][info][gc,heap     ] GC(243) Archive regions: 0->0
[2026-03-19T11:33:26.119+0800][122.608s][info][gc,heap     ] GC(243) Humongous regions: 39->9
[2026-03-19T11:33:26.119+0800][122.608s][info][gc,metaspace] GC(243) Metaspace: 22843K(23104K)->22843K(23104K) NonClass: 20233K(20352K)->20233K(20352K) Class: 2610K(2752K)->2610K(2752K)
[2026-03-19T11:33:26.119+0800][122.608s][info][gc          ] GC(243) Pause Young (Concurrent Start) (G1 Humongous Allocation) 70M->27M(128M) 1.744ms
[2026-03-19T11:33:26.119+0800][122.608s][info][gc,cpu      ] GC(243) User=0.00s Sys=0.00s Real=0.00s
[2026-03-19T11:33:26.119+0800][122.608s][info][gc          ] GC(244) Concurrent Undo Cycle
[2026-03-19T11:33:26.119+0800][122.609s][info][gc,marking  ] GC(244) Concurrent Cleanup for Next Mark
[2026-03-19T11:33:26.119+0800][122.609s][info][gc,marking  ] GC(244) Concurrent Cleanup for Next Mark 0.282ms
[2026-03-19T11:33:26.119+0800][122.609s][info][gc          ] GC(244) Concurrent Undo Cycle 0.476ms
[2026-03-19T11:33:27.050+0800][123.539s][info][gc,start    ] GC(245) Pause Young (Concurrent Start) (G1 Humongous Allocation)
[2026-03-19T11:33:27.050+0800][123.540s][info][gc,task     ] GC(245) Using 3 workers of 13 for evacuation
[2026-03-19T11:33:27.052+0800][123.541s][info][gc,phases   ] GC(245)   Pre Evacuate Collection Set: 0.1ms
[2026-03-19T11:33:27.052+0800][123.541s][info][gc,phases   ] GC(245)   Merge Heap Roots: 0.1ms
[2026-03-19T11:33:27.052+0800][123.541s][info][gc,phases   ] GC(245)   Evacuate Collection Set: 0.5ms
[2026-03-19T11:33:27.052+0800][123.541s][info][gc,phases   ] GC(245)   Post Evacuate Collection Set: 0.6ms
[2026-03-19T11:33:27.052+0800][123.541s][info][gc,phases   ] GC(245)   Other: 0.3ms
[2026-03-19T11:33:27.052+0800][123.541s][info][gc,heap     ] GC(245) Eden regions: 13->0(74)
[2026-03-19T11:33:27.052+0800][123.541s][info][gc,heap     ] GC(245) Survivor regions: 2->2(10)
[2026-03-19T11:33:27.052+0800][123.541s][info][gc,heap     ] GC(245) Old regions: 18->18
[2026-03-19T11:33:27.052+0800][123.541s][info][gc,heap     ] GC(245) Archive regions: 0->0
[2026-03-19T11:33:27.052+0800][123.541s][info][gc,heap     ] GC(245) Humongous regions: 39->9
[2026-03-19T11:33:27.052+0800][123.541s][info][gc,metaspace] GC(245) Metaspace: 22843K(23104K)->22843K(23104K) NonClass: 20233K(20352K)->20233K(20352K) Class: 2610K(2752K)->2610K(2752K)
[2026-03-19T11:33:27.052+0800][123.541s][info][gc          ] GC(245) Pause Young (Concurrent Start) (G1 Humongous Allocation) 70M->27M(128M) 1.909ms
[2026-03-19T11:33:27.052+0800][123.541s][info][gc,cpu      ] GC(245) User=0.00s Sys=0.00s Real=0.00s
[2026-03-19T11:33:27.052+0800][123.541s][info][gc          ] GC(246) Concurrent Undo Cycle
[2026-03-19T11:33:27.052+0800][123.542s][info][gc,marking  ] GC(246) Concurrent Cleanup for Next Mark
[2026-03-19T11:33:27.052+0800][123.542s][info][gc,marking  ] GC(246) Concurrent Cleanup for Next Mark 0.268ms
[2026-03-19T11:33:27.053+0800][123.542s][info][gc          ] GC(246) Concurrent Undo Cycle 0.444ms
[2026-03-19T11:33:27.983+0800][124.472s][info][gc,start    ] GC(247) Pause Young (Concurrent Start) (G1 Humongous Allocation)
[2026-03-19T11:33:27.983+0800][124.472s][info][gc,task     ] GC(247) Using 3 workers of 13 for evacuation
[2026-03-19T11:33:27.985+0800][124.474s][info][gc,phases   ] GC(247)   Pre Evacuate Collection Set: 0.4ms
[2026-03-19T11:33:27.985+0800][124.474s][info][gc,phases   ] GC(247)   Merge Heap Roots: 0.2ms
[2026-03-19T11:33:27.985+0800][124.474s][info][gc,phases   ] GC(247)   Evacuate Collection Set: 0.6ms
[2026-03-19T11:33:27.985+0800][124.475s][info][gc,phases   ] GC(247)   Post Evacuate Collection Set: 0.8ms
[2026-03-19T11:33:27.985+0800][124.475s][info][gc,phases   ] GC(247)   Other: 0.4ms
[2026-03-19T11:33:27.985+0800][124.475s][info][gc,heap     ] GC(247) Eden regions: 13->0(74)
[2026-03-19T11:33:27.985+0800][124.475s][info][gc,heap     ] GC(247) Survivor regions: 2->2(10)
[2026-03-19T11:33:27.985+0800][124.475s][info][gc,heap     ] GC(247) Old regions: 18->18
[2026-03-19T11:33:27.985+0800][124.475s][info][gc,heap     ] GC(247) Archive regions: 0->0
[2026-03-19T11:33:27.985+0800][124.475s][info][gc,heap     ] GC(247) Humongous regions: 39->9
[2026-03-19T11:33:27.985+0800][124.475s][info][gc,metaspace] GC(247) Metaspace: 22843K(23104K)->22843K(23104K) NonClass: 20233K(20352K)->20233K(20352K) Class: 2610K(2752K)->2610K(2752K)
[2026-03-19T11:33:27.985+0800][124.475s][info][gc          ] GC(247) Pause Young (Concurrent Start) (G1 Humongous Allocation) 70M->27M(128M) 2.555ms
[2026-03-19T11:33:27.986+0800][124.475s][info][gc,cpu      ] GC(247) User=0.00s Sys=0.00s Real=0.00s
[2026-03-19T11:33:27.986+0800][124.475s][info][gc          ] GC(248) Concurrent Undo Cycle
[2026-03-19T11:33:27.986+0800][124.475s][info][gc,marking  ] GC(248) Concurrent Cleanup for Next Mark
[2026-03-19T11:33:27.986+0800][124.475s][info][gc,marking  ] GC(248) Concurrent Cleanup for Next Mark 0.386ms
[2026-03-19T11:33:27.986+0800][124.475s][info][gc          ] GC(248) Concurrent Undo Cycle 0.546ms
[2026-03-19T11:33:28.917+0800][125.408s][info][gc,start    ] GC(249) Pause Young (Concurrent Start) (G1 Humongous Allocation)
[2026-03-19T11:33:28.917+0800][125.408s][info][gc,task     ] GC(249) Using 3 workers of 13 for evacuation
[2026-03-19T11:33:28.920+0800][125.410s][info][gc,phases   ] GC(249)   Pre Evacuate Collection Set: 0.1ms
[2026-03-19T11:33:28.920+0800][125.410s][info][gc,phases   ] GC(249)   Merge Heap Roots: 0.1ms
[2026-03-19T11:33:28.920+0800][125.410s][info][gc,phases   ] GC(249)   Evacuate Collection Set: 1.6ms
[2026-03-19T11:33:28.920+0800][125.410s][info][gc,phases   ] GC(249)   Post Evacuate Collection Set: 0.6ms
[2026-03-19T11:33:28.920+0800][125.410s][info][gc,phases   ] GC(249)   Other: 0.2ms
[2026-03-19T11:33:28.920+0800][125.411s][info][gc,heap     ] GC(249) Eden regions: 13->0(74)
[2026-03-19T11:33:28.920+0800][125.411s][info][gc,heap     ] GC(249) Survivor regions: 2->2(10)
[2026-03-19T11:33:28.920+0800][125.411s][info][gc,heap     ] GC(249) Old regions: 18->18
[2026-03-19T11:33:28.920+0800][125.411s][info][gc,heap     ] GC(249) Archive regions: 0->0
[2026-03-19T11:33:28.920+0800][125.411s][info][gc,heap     ] GC(249) Humongous regions: 39->9
[2026-03-19T11:33:28.921+0800][125.411s][info][gc,metaspace] GC(249) Metaspace: 22843K(23104K)->22843K(23104K) NonClass: 20233K(20352K)->20233K(20352K) Class: 2610K(2752K)->2610K(2752K)
[2026-03-19T11:33:28.921+0800][125.411s][info][gc          ] GC(249) Pause Young (Concurrent Start) (G1 Humongous Allocation) 70M->27M(128M) 3.233ms
[2026-03-19T11:33:28.921+0800][125.411s][info][gc,cpu      ] GC(249) User=0.00s Sys=0.00s Real=0.00s
[2026-03-19T11:33:28.921+0800][125.411s][info][gc          ] GC(250) Concurrent Undo Cycle
[2026-03-19T11:33:28.921+0800][125.411s][info][gc,marking  ] GC(250) Concurrent Cleanup for Next Mark
[2026-03-19T11:33:28.921+0800][125.411s][info][gc,marking  ] GC(250) Concurrent Cleanup for Next Mark 0.275ms
[2026-03-19T11:33:28.921+0800][125.411s][info][gc          ] GC(250) Concurrent Undo Cycle 0.485ms
[2026-03-19T11:33:29.864+0800][126.353s][info][gc,start    ] GC(251) Pause Young (Concurrent Start) (G1 Humongous Allocation)
[2026-03-19T11:33:29.864+0800][126.354s][info][gc,task     ] GC(251) Using 3 workers of 13 for evacuation
[2026-03-19T11:33:29.866+0800][126.356s][info][gc,phases   ] GC(251)   Pre Evacuate Collection Set: 0.2ms
[2026-03-19T11:33:29.866+0800][126.356s][info][gc,phases   ] GC(251)   Merge Heap Roots: 0.1ms
[2026-03-19T11:33:29.866+0800][126.356s][info][gc,phases   ] GC(251)   Evacuate Collection Set: 0.6ms
[2026-03-19T11:33:29.866+0800][126.356s][info][gc,phases   ] GC(251)   Post Evacuate Collection Set: 1.0ms
[2026-03-19T11:33:29.866+0800][126.356s][info][gc,phases   ] GC(251)   Other: 0.5ms
[2026-03-19T11:33:29.866+0800][126.356s][info][gc,heap     ] GC(251) Eden regions: 13->0(74)
[2026-03-19T11:33:29.866+0800][126.356s][info][gc,heap     ] GC(251) Survivor regions: 2->2(10)
[2026-03-19T11:33:29.866+0800][126.356s][info][gc,heap     ] GC(251) Old regions: 18->18
[2026-03-19T11:33:29.866+0800][126.356s][info][gc,heap     ] GC(251) Archive regions: 0->0
[2026-03-19T11:33:29.866+0800][126.356s][info][gc,heap     ] GC(251) Humongous regions: 39->9
[2026-03-19T11:33:29.866+0800][126.356s][info][gc,metaspace] GC(251) Metaspace: 22843K(23104K)->22843K(23104K) NonClass: 20233K(20352K)->20233K(20352K) Class: 2610K(2752K)->2610K(2752K)
[2026-03-19T11:33:29.866+0800][126.356s][info][gc          ] GC(251) Pause Young (Concurrent Start) (G1 Humongous Allocation) 70M->27M(128M) 2.634ms
[2026-03-19T11:33:29.867+0800][126.356s][info][gc,cpu      ] GC(251) User=0.00s Sys=0.00s Real=0.00s
[2026-03-19T11:33:29.867+0800][126.356s][info][gc          ] GC(252) Concurrent Undo Cycle
[2026-03-19T11:33:29.867+0800][126.356s][info][gc,marking  ] GC(252) Concurrent Cleanup for Next Mark
[2026-03-19T11:33:29.867+0800][126.357s][info][gc,marking  ] GC(252) Concurrent Cleanup for Next Mark 0.270ms
[2026-03-19T11:33:29.867+0800][126.357s][info][gc          ] GC(252) Concurrent Undo Cycle 0.423ms
[2026-03-19T11:33:30.800+0800][127.290s][info][gc,start    ] GC(253) Pause Young (Concurrent Start) (G1 Humongous Allocation)
[2026-03-19T11:33:30.800+0800][127.290s][info][gc,task     ] GC(253) Using 3 workers of 13 for evacuation
[2026-03-19T11:33:30.802+0800][127.292s][info][gc,phases   ] GC(253)   Pre Evacuate Collection Set: 0.2ms
[2026-03-19T11:33:30.802+0800][127.292s][info][gc,phases   ] GC(253)   Merge Heap Roots: 0.1ms
[2026-03-19T11:33:30.802+0800][127.292s][info][gc,phases   ] GC(253)   Evacuate Collection Set: 0.6ms
[2026-03-19T11:33:30.802+0800][127.292s][info][gc,phases   ] GC(253)   Post Evacuate Collection Set: 0.8ms
[2026-03-19T11:33:30.802+0800][127.292s][info][gc,phases   ] GC(253)   Other: 0.4ms
[2026-03-19T11:33:30.802+0800][127.292s][info][gc,heap     ] GC(253) Eden regions: 13->0(74)
[2026-03-19T11:33:30.802+0800][127.292s][info][gc,heap     ] GC(253) Survivor regions: 2->2(10)
[2026-03-19T11:33:30.802+0800][127.292s][info][gc,heap     ] GC(253) Old regions: 18->18
[2026-03-19T11:33:30.802+0800][127.292s][info][gc,heap     ] GC(253) Archive regions: 0->0
[2026-03-19T11:33:30.802+0800][127.292s][info][gc,heap     ] GC(253) Humongous regions: 39->9
[2026-03-19T11:33:30.802+0800][127.292s][info][gc,metaspace] GC(253) Metaspace: 22843K(23104K)->22843K(23104K) NonClass: 20233K(20352K)->20233K(20352K) Class: 2610K(2752K)->2610K(2752K)
[2026-03-19T11:33:30.802+0800][127.292s][info][gc          ] GC(253) Pause Young (Concurrent Start) (G1 Humongous Allocation) 69M->27M(128M) 2.442ms
[2026-03-19T11:33:30.802+0800][127.292s][info][gc,cpu      ] GC(253) User=0.00s Sys=0.00s Real=0.00s
[2026-03-19T11:33:30.802+0800][127.292s][info][gc          ] GC(254) Concurrent Undo Cycle
[2026-03-19T11:33:30.802+0800][127.292s][info][gc,marking  ] GC(254) Concurrent Cleanup for Next Mark
[2026-03-19T11:33:30.803+0800][127.293s][info][gc,marking  ] GC(254) Concurrent Cleanup for Next Mark 0.338ms
[2026-03-19T11:33:30.803+0800][127.293s][info][gc          ] GC(254) Concurrent Undo Cycle 0.515ms
[2026-03-19T11:33:31.736+0800][128.226s][info][gc,start    ] GC(255) Pause Young (Concurrent Start) (G1 Humongous Allocation)
[2026-03-19T11:33:31.736+0800][128.226s][info][gc,task     ] GC(255) Using 3 workers of 13 for evacuation
[2026-03-19T11:33:31.738+0800][128.228s][info][gc,phases   ] GC(255)   Pre Evacuate Collection Set: 0.1ms
[2026-03-19T11:33:31.738+0800][128.228s][info][gc,phases   ] GC(255)   Merge Heap Roots: 0.3ms
[2026-03-19T11:33:31.738+0800][128.228s][info][gc,phases   ] GC(255)   Evacuate Collection Set: 0.6ms
[2026-03-19T11:33:31.738+0800][128.228s][info][gc,phases   ] GC(255)   Post Evacuate Collection Set: 0.7ms
[2026-03-19T11:33:31.738+0800][128.228s][info][gc,phases   ] GC(255)   Other: 0.3ms
[2026-03-19T11:33:31.738+0800][128.228s][info][gc,heap     ] GC(255) Eden regions: 13->0(74)
[2026-03-19T11:33:31.738+0800][128.228s][info][gc,heap     ] GC(255) Survivor regions: 2->2(10)
[2026-03-19T11:33:31.738+0800][128.228s][info][gc,heap     ] GC(255) Old regions: 18->18
[2026-03-19T11:33:31.738+0800][128.228s][info][gc,heap     ] GC(255) Archive regions: 0->0
[2026-03-19T11:33:31.738+0800][128.228s][info][gc,heap     ] GC(255) Humongous regions: 39->9
[2026-03-19T11:33:31.738+0800][128.228s][info][gc,metaspace] GC(255) Metaspace: 22843K(23104K)->22843K(23104K) NonClass: 20233K(20352K)->20233K(20352K) Class: 2610K(2752K)->2610K(2752K)
[2026-03-19T11:33:31.738+0800][128.228s][info][gc          ] GC(255) Pause Young (Concurrent Start) (G1 Humongous Allocation) 69M->27M(128M) 2.301ms
[2026-03-19T11:33:31.739+0800][128.228s][info][gc,cpu      ] GC(255) User=0.00s Sys=0.00s Real=0.00s
[2026-03-19T11:33:31.739+0800][128.228s][info][gc          ] GC(256) Concurrent Undo Cycle
[2026-03-19T11:33:31.739+0800][128.228s][info][gc,marking  ] GC(256) Concurrent Cleanup for Next Mark
[2026-03-19T11:33:31.739+0800][128.229s][info][gc,marking  ] GC(256) Concurrent Cleanup for Next Mark 0.364ms
[2026-03-19T11:33:31.739+0800][128.229s][info][gc          ] GC(256) Concurrent Undo Cycle 0.516ms
[2026-03-19T11:33:32.670+0800][129.160s][info][gc,start    ] GC(257) Pause Young (Concurrent Start) (G1 Humongous Allocation)
[2026-03-19T11:33:32.670+0800][129.160s][info][gc,task     ] GC(257) Using 3 workers of 13 for evacuation
[2026-03-19T11:33:32.672+0800][129.162s][info][gc,phases   ] GC(257)   Pre Evacuate Collection Set: 0.4ms
[2026-03-19T11:33:32.672+0800][129.162s][info][gc,phases   ] GC(257)   Merge Heap Roots: 0.2ms
[2026-03-19T11:33:32.672+0800][129.162s][info][gc,phases   ] GC(257)   Evacuate Collection Set: 0.6ms
[2026-03-19T11:33:32.672+0800][129.162s][info][gc,phases   ] GC(257)   Post Evacuate Collection Set: 0.7ms
[2026-03-19T11:33:32.672+0800][129.162s][info][gc,phases   ] GC(257)   Other: 0.3ms
[2026-03-19T11:33:32.672+0800][129.162s][info][gc,heap     ] GC(257) Eden regions: 13->0(74)
[2026-03-19T11:33:32.672+0800][129.162s][info][gc,heap     ] GC(257) Survivor regions: 2->2(10)
[2026-03-19T11:33:32.672+0800][129.162s][info][gc,heap     ] GC(257) Old regions: 18->18
[2026-03-19T11:33:32.672+0800][129.162s][info][gc,heap     ] GC(257) Archive regions: 0->0
[2026-03-19T11:33:32.672+0800][129.162s][info][gc,heap     ] GC(257) Humongous regions: 39->9
[2026-03-19T11:33:32.672+0800][129.162s][info][gc,metaspace] GC(257) Metaspace: 22843K(23104K)->22843K(23104K) NonClass: 20233K(20352K)->20233K(20352K) Class: 2610K(2752K)->2610K(2752K)
[2026-03-19T11:33:32.673+0800][129.162s][info][gc          ] GC(257) Pause Young (Concurrent Start) (G1 Humongous Allocation) 70M->27M(128M) 2.586ms
[2026-03-19T11:33:32.673+0800][129.162s][info][gc,cpu      ] GC(257) User=0.00s Sys=0.00s Real=0.00s
[2026-03-19T11:33:32.673+0800][129.163s][info][gc          ] GC(258) Concurrent Undo Cycle
[2026-03-19T11:33:32.673+0800][129.163s][info][gc,marking  ] GC(258) Concurrent Cleanup for Next Mark
[2026-03-19T11:33:32.673+0800][129.163s][info][gc,marking  ] GC(258) Concurrent Cleanup for Next Mark 0.354ms
[2026-03-19T11:33:32.673+0800][129.163s][info][gc          ] GC(258) Concurrent Undo Cycle 0.577ms
[2026-03-19T11:33:33.623+0800][130.113s][info][gc,start    ] GC(259) Pause Young (Concurrent Start) (G1 Humongous Allocation)
[2026-03-19T11:33:33.623+0800][130.113s][info][gc,task     ] GC(259) Using 3 workers of 13 for evacuation
[2026-03-19T11:33:33.626+0800][130.116s][info][gc,phases   ] GC(259)   Pre Evacuate Collection Set: 0.5ms
[2026-03-19T11:33:33.627+0800][130.116s][info][gc,phases   ] GC(259)   Merge Heap Roots: 0.3ms
[2026-03-19T11:33:33.627+0800][130.117s][info][gc,phases   ] GC(259)   Evacuate Collection Set: 1.2ms
[2026-03-19T11:33:33.627+0800][130.117s][info][gc,phases   ] GC(259)   Post Evacuate Collection Set: 0.8ms
[2026-03-19T11:33:33.627+0800][130.117s][info][gc,phases   ] GC(259)   Other: 0.9ms
[2026-03-19T11:33:33.627+0800][130.117s][info][gc,heap     ] GC(259) Eden regions: 13->0(74)
[2026-03-19T11:33:33.627+0800][130.117s][info][gc,heap     ] GC(259) Survivor regions: 2->2(10)
[2026-03-19T11:33:33.627+0800][130.117s][info][gc,heap     ] GC(259) Old regions: 18->18
[2026-03-19T11:33:33.627+0800][130.117s][info][gc,heap     ] GC(259) Archive regions: 0->0
[2026-03-19T11:33:33.627+0800][130.117s][info][gc,heap     ] GC(259) Humongous regions: 39->9
[2026-03-19T11:33:33.627+0800][130.117s][info][gc,metaspace] GC(259) Metaspace: 22846K(23104K)->22846K(23104K) NonClass: 20236K(20352K)->20236K(20352K) Class: 2610K(2752K)->2610K(2752K)
[2026-03-19T11:33:33.627+0800][130.117s][info][gc          ] GC(259) Pause Young (Concurrent Start) (G1 Humongous Allocation) 70M->27M(128M) 4.366ms
[2026-03-19T11:33:33.627+0800][130.117s][info][gc,cpu      ] GC(259) User=0.00s Sys=0.00s Real=0.00s
[2026-03-19T11:33:33.627+0800][130.117s][info][gc          ] GC(260) Concurrent Undo Cycle
[2026-03-19T11:33:33.627+0800][130.117s][info][gc,marking  ] GC(260) Concurrent Cleanup for Next Mark
[2026-03-19T11:33:33.629+0800][130.118s][info][gc,marking  ] GC(260) Concurrent Cleanup for Next Mark 0.694ms
[2026-03-19T11:33:33.629+0800][130.118s][info][gc          ] GC(260) Concurrent Undo Cycle 1.149ms
[2026-03-19T11:33:34.555+0800][131.045s][info][gc,start    ] GC(261) Pause Young (Concurrent Start) (G1 Humongous Allocation)
[2026-03-19T11:33:34.555+0800][131.045s][info][gc,task     ] GC(261) Using 3 workers of 13 for evacuation
[2026-03-19T11:33:34.560+0800][131.050s][info][gc,phases   ] GC(261)   Pre Evacuate Collection Set: 0.4ms
[2026-03-19T11:33:34.560+0800][131.050s][info][gc,phases   ] GC(261)   Merge Heap Roots: 0.3ms
[2026-03-19T11:33:34.560+0800][131.050s][info][gc,phases   ] GC(261)   Evacuate Collection Set: 2.4ms
[2026-03-19T11:33:34.561+0800][131.050s][info][gc,phases   ] GC(261)   Post Evacuate Collection Set: 1.1ms
[2026-03-19T11:33:34.561+0800][131.050s][info][gc,phases   ] GC(261)   Other: 0.3ms
[2026-03-19T11:33:34.561+0800][131.050s][info][gc,heap     ] GC(261) Eden regions: 13->0(74)
[2026-03-19T11:33:34.561+0800][131.051s][info][gc,heap     ] GC(261) Survivor regions: 2->2(10)
[2026-03-19T11:33:34.561+0800][131.051s][info][gc,heap     ] GC(261) Old regions: 18->18
[2026-03-19T11:33:34.561+0800][131.051s][info][gc,heap     ] GC(261) Archive regions: 0->0
[2026-03-19T11:33:34.561+0800][131.051s][info][gc,heap     ] GC(261) Humongous regions: 39->9
[2026-03-19T11:33:34.561+0800][131.051s][info][gc,metaspace] GC(261) Metaspace: 22846K(23104K)->22846K(23104K) NonClass: 20236K(20352K)->20236K(20352K) Class: 2610K(2752K)->2610K(2752K)
[2026-03-19T11:33:34.561+0800][131.051s][info][gc          ] GC(261) Pause Young (Concurrent Start) (G1 Humongous Allocation) 70M->27M(128M) 5.705ms
[2026-03-19T11:33:34.561+0800][131.051s][info][gc,cpu      ] GC(261) User=0.02s Sys=0.03s Real=0.01s
[2026-03-19T11:33:34.562+0800][131.051s][info][gc          ] GC(262) Concurrent Undo Cycle
[2026-03-19T11:33:34.562+0800][131.051s][info][gc,marking  ] GC(262) Concurrent Cleanup for Next Mark
[2026-03-19T11:33:34.563+0800][131.052s][info][gc,marking  ] GC(262) Concurrent Cleanup for Next Mark 0.951ms
[2026-03-19T11:33:34.563+0800][131.053s][info][gc          ] GC(262) Concurrent Undo Cycle 1.387ms
[2026-03-19T11:33:35.494+0800][131.984s][info][gc,start    ] GC(263) Pause Young (Concurrent Start) (G1 Humongous Allocation)
[2026-03-19T11:33:35.495+0800][131.984s][info][gc,task     ] GC(263) Using 3 workers of 13 for evacuation
[2026-03-19T11:33:35.498+0800][131.988s][info][gc,phases   ] GC(263)   Pre Evacuate Collection Set: 0.3ms
[2026-03-19T11:33:35.498+0800][131.988s][info][gc,phases   ] GC(263)   Merge Heap Roots: 0.2ms
[2026-03-19T11:33:35.498+0800][131.988s][info][gc,phases   ] GC(263)   Evacuate Collection Set: 2.1ms
[2026-03-19T11:33:35.498+0800][131.988s][info][gc,phases   ] GC(263)   Post Evacuate Collection Set: 0.7ms
[2026-03-19T11:33:35.498+0800][131.988s][info][gc,phases   ] GC(263)   Other: 1.1ms
[2026-03-19T11:33:35.498+0800][131.988s][info][gc,heap     ] GC(263) Eden regions: 13->0(74)
[2026-03-19T11:33:35.498+0800][131.988s][info][gc,heap     ] GC(263) Survivor regions: 2->2(10)
[2026-03-19T11:33:35.498+0800][131.988s][info][gc,heap     ] GC(263) Old regions: 18->18
[2026-03-19T11:33:35.498+0800][131.988s][info][gc,heap     ] GC(263) Archive regions: 0->0
[2026-03-19T11:33:35.498+0800][131.988s][info][gc,heap     ] GC(263) Humongous regions: 39->9
[2026-03-19T11:33:35.498+0800][131.988s][info][gc,metaspace] GC(263) Metaspace: 22848K(23104K)->22848K(23104K) NonClass: 20238K(20352K)->20238K(20352K) Class: 2610K(2752K)->2610K(2752K)
[2026-03-19T11:33:35.499+0800][131.988s][info][gc          ] GC(263) Pause Young (Concurrent Start) (G1 Humongous Allocation) 70M->27M(128M) 4.718ms
[2026-03-19T11:33:35.499+0800][131.988s][info][gc,cpu      ] GC(263) User=0.02s Sys=0.03s Real=0.01s
[2026-03-19T11:33:35.499+0800][131.988s][info][gc          ] GC(264) Concurrent Undo Cycle
[2026-03-19T11:33:35.499+0800][131.989s][info][gc,marking  ] GC(264) Concurrent Cleanup for Next Mark
[2026-03-19T11:33:35.499+0800][131.989s][info][gc,marking  ] GC(264) Concurrent Cleanup for Next Mark 0.406ms
[2026-03-19T11:33:35.499+0800][131.989s][info][gc          ] GC(264) Concurrent Undo Cycle 0.642ms
[2026-03-19T11:33:36.429+0800][132.918s][info][gc,start    ] GC(265) Pause Young (Concurrent Start) (G1 Humongous Allocation)
[2026-03-19T11:33:36.429+0800][132.919s][info][gc,task     ] GC(265) Using 3 workers of 13 for evacuation
[2026-03-19T11:33:36.432+0800][132.922s][info][gc,phases   ] GC(265)   Pre Evacuate Collection Set: 0.5ms
[2026-03-19T11:33:36.433+0800][132.922s][info][gc,phases   ] GC(265)   Merge Heap Roots: 0.4ms
[2026-03-19T11:33:36.433+0800][132.922s][info][gc,phases   ] GC(265)   Evacuate Collection Set: 1.1ms
[2026-03-19T11:33:36.433+0800][132.922s][info][gc,phases   ] GC(265)   Post Evacuate Collection Set: 0.9ms
[2026-03-19T11:33:36.433+0800][132.922s][info][gc,phases   ] GC(265)   Other: 1.0ms
[2026-03-19T11:33:36.433+0800][132.922s][info][gc,heap     ] GC(265) Eden regions: 13->0(74)
[2026-03-19T11:33:36.433+0800][132.922s][info][gc,heap     ] GC(265) Survivor regions: 2->2(10)
[2026-03-19T11:33:36.433+0800][132.922s][info][gc,heap     ] GC(265) Old regions: 18->18
[2026-03-19T11:33:36.433+0800][132.923s][info][gc,heap     ] GC(265) Archive regions: 0->0
[2026-03-19T11:33:36.433+0800][132.923s][info][gc,heap     ] GC(265) Humongous regions: 39->9
[2026-03-19T11:33:36.433+0800][132.923s][info][gc,metaspace] GC(265) Metaspace: 22851K(23104K)->22851K(23104K) NonClass: 20241K(20352K)->20241K(20352K) Class: 2610K(2752K)->2610K(2752K)
[2026-03-19T11:33:36.433+0800][132.923s][info][gc          ] GC(265) Pause Young (Concurrent Start) (G1 Humongous Allocation) 70M->27M(128M) 4.359ms
[2026-03-19T11:33:36.433+0800][132.923s][info][gc,cpu      ] GC(265) User=0.00s Sys=0.00s Real=0.00s
[2026-03-19T11:33:36.433+0800][132.923s][info][gc          ] GC(266) Concurrent Undo Cycle
[2026-03-19T11:33:36.433+0800][132.923s][info][gc,marking  ] GC(266) Concurrent Cleanup for Next Mark
[2026-03-19T11:33:36.434+0800][132.923s][info][gc,marking  ] GC(266) Concurrent Cleanup for Next Mark 0.349ms
[2026-03-19T11:33:36.434+0800][132.923s][info][gc          ] GC(266) Concurrent Undo Cycle 0.576ms
[2026-03-19T11:33:37.376+0800][133.865s][info][gc,start    ] GC(267) Pause Young (Concurrent Start) (G1 Humongous Allocation)
[2026-03-19T11:33:37.376+0800][133.865s][info][gc,task     ] GC(267) Using 3 workers of 13 for evacuation
[2026-03-19T11:33:37.379+0800][133.868s][info][gc,phases   ] GC(267)   Pre Evacuate Collection Set: 0.2ms
[2026-03-19T11:33:37.379+0800][133.868s][info][gc,phases   ] GC(267)   Merge Heap Roots: 0.3ms
[2026-03-19T11:33:37.379+0800][133.868s][info][gc,phases   ] GC(267)   Evacuate Collection Set: 0.9ms
[2026-03-19T11:33:37.379+0800][133.868s][info][gc,phases   ] GC(267)   Post Evacuate Collection Set: 0.9ms
[2026-03-19T11:33:37.379+0800][133.868s][info][gc,phases   ] GC(267)   Other: 0.6ms
[2026-03-19T11:33:37.379+0800][133.868s][info][gc,heap     ] GC(267) Eden regions: 13->0(74)
[2026-03-19T11:33:37.379+0800][133.868s][info][gc,heap     ] GC(267) Survivor regions: 2->2(10)
[2026-03-19T11:33:37.379+0800][133.869s][info][gc,heap     ] GC(267) Old regions: 18->18
[2026-03-19T11:33:37.379+0800][133.869s][info][gc,heap     ] GC(267) Archive regions: 0->0
[2026-03-19T11:33:37.379+0800][133.869s][info][gc,heap     ] GC(267) Humongous regions: 39->9
[2026-03-19T11:33:37.379+0800][133.869s][info][gc,metaspace] GC(267) Metaspace: 22852K(23104K)->22852K(23104K) NonClass: 20242K(20352K)->20242K(20352K) Class: 2610K(2752K)->2610K(2752K)
[2026-03-19T11:33:37.379+0800][133.869s][info][gc          ] GC(267) Pause Young (Concurrent Start) (G1 Humongous Allocation) 70M->27M(128M) 3.399ms
[2026-03-19T11:33:37.379+0800][133.869s][info][gc,cpu      ] GC(267) User=0.00s Sys=0.00s Real=0.00s
[2026-03-19T11:33:37.379+0800][133.869s][info][gc          ] GC(268) Concurrent Undo Cycle
[2026-03-19T11:33:37.379+0800][133.869s][info][gc,marking  ] GC(268) Concurrent Cleanup for Next Mark
[2026-03-19T11:33:37.379+0800][133.869s][info][gc,marking  ] GC(268) Concurrent Cleanup for Next Mark 0.306ms
[2026-03-19T11:33:37.379+0800][133.869s][info][gc          ] GC(268) Concurrent Undo Cycle 0.462ms
[2026-03-19T11:33:38.306+0800][134.796s][info][gc,start    ] GC(269) Pause Young (Concurrent Start) (G1 Humongous Allocation)
[2026-03-19T11:33:38.306+0800][134.796s][info][gc,task     ] GC(269) Using 3 workers of 13 for evacuation
[2026-03-19T11:33:38.307+0800][134.798s][info][gc,phases   ] GC(269)   Pre Evacuate Collection Set: 0.1ms
[2026-03-19T11:33:38.307+0800][134.798s][info][gc,phases   ] GC(269)   Merge Heap Roots: 0.1ms
[2026-03-19T11:33:38.309+0800][134.798s][info][gc,phases   ] GC(269)   Evacuate Collection Set: 0.7ms
[2026-03-19T11:33:38.309+0800][134.798s][info][gc,phases   ] GC(269)   Post Evacuate Collection Set: 0.5ms
[2026-03-19T11:33:38.309+0800][134.798s][info][gc,phases   ] GC(269)   Other: 0.3ms
[2026-03-19T11:33:38.309+0800][134.798s][info][gc,heap     ] GC(269) Eden regions: 13->0(74)
[2026-03-19T11:33:38.309+0800][134.798s][info][gc,heap     ] GC(269) Survivor regions: 2->2(10)
[2026-03-19T11:33:38.309+0800][134.798s][info][gc,heap     ] GC(269) Old regions: 18->18
[2026-03-19T11:33:38.309+0800][134.798s][info][gc,heap     ] GC(269) Archive regions: 0->0
[2026-03-19T11:33:38.309+0800][134.798s][info][gc,heap     ] GC(269) Humongous regions: 39->9
[2026-03-19T11:33:38.309+0800][134.798s][info][gc,metaspace] GC(269) Metaspace: 22853K(23104K)->22853K(23104K) NonClass: 20243K(20352K)->20243K(20352K) Class: 2610K(2752K)->2610K(2752K)
[2026-03-19T11:33:38.309+0800][134.798s][info][gc          ] GC(269) Pause Young (Concurrent Start) (G1 Humongous Allocation) 70M->27M(128M) 2.320ms
[2026-03-19T11:33:38.309+0800][134.799s][info][gc,cpu      ] GC(269) User=0.00s Sys=0.00s Real=0.00s
[2026-03-19T11:33:38.309+0800][134.799s][info][gc          ] GC(270) Concurrent Undo Cycle
[2026-03-19T11:33:38.309+0800][134.799s][info][gc,marking  ] GC(270) Concurrent Cleanup for Next Mark
[2026-03-19T11:33:38.310+0800][134.799s][info][gc,marking  ] GC(270) Concurrent Cleanup for Next Mark 0.331ms
[2026-03-19T11:33:38.310+0800][134.799s][info][gc          ] GC(270) Concurrent Undo Cycle 0.558ms
[2026-03-19T11:33:39.230+0800][135.720s][info][gc,start    ] GC(271) Pause Young (Concurrent Start) (G1 Humongous Allocation)
[2026-03-19T11:33:39.231+0800][135.720s][info][gc,task     ] GC(271) Using 3 workers of 13 for evacuation
[2026-03-19T11:33:39.233+0800][135.723s][info][gc,phases   ] GC(271)   Pre Evacuate Collection Set: 0.2ms
[2026-03-19T11:33:39.234+0800][135.723s][info][gc,phases   ] GC(271)   Merge Heap Roots: 0.2ms
[2026-03-19T11:33:39.234+0800][135.723s][info][gc,phases   ] GC(271)   Evacuate Collection Set: 0.9ms
[2026-03-19T11:33:39.234+0800][135.723s][info][gc,phases   ] GC(271)   Post Evacuate Collection Set: 0.9ms
[2026-03-19T11:33:39.234+0800][135.723s][info][gc,phases   ] GC(271)   Other: 0.9ms
[2026-03-19T11:33:39.234+0800][135.723s][info][gc,heap     ] GC(271) Eden regions: 13->0(74)
[2026-03-19T11:33:39.234+0800][135.723s][info][gc,heap     ] GC(271) Survivor regions: 2->2(10)
[2026-03-19T11:33:39.234+0800][135.723s][info][gc,heap     ] GC(271) Old regions: 18->18
[2026-03-19T11:33:39.234+0800][135.724s][info][gc,heap     ] GC(271) Archive regions: 0->0
[2026-03-19T11:33:39.234+0800][135.724s][info][gc,heap     ] GC(271) Humongous regions: 39->9
[2026-03-19T11:33:39.234+0800][135.724s][info][gc,metaspace] GC(271) Metaspace: 22864K(23104K)->22864K(23104K) NonClass: 20254K(20352K)->20254K(20352K) Class: 2610K(2752K)->2610K(2752K)
[2026-03-19T11:33:39.234+0800][135.724s][info][gc          ] GC(271) Pause Young (Concurrent Start) (G1 Humongous Allocation) 70M->27M(128M) 3.756ms
[2026-03-19T11:33:39.234+0800][135.724s][info][gc,cpu      ] GC(271) User=0.00s Sys=0.02s Real=0.00s
[2026-03-19T11:33:39.234+0800][135.724s][info][gc          ] GC(272) Concurrent Undo Cycle
[2026-03-19T11:33:39.234+0800][135.724s][info][gc,marking  ] GC(272) Concurrent Cleanup for Next Mark
[2026-03-19T11:33:39.235+0800][135.724s][info][gc,marking  ] GC(272) Concurrent Cleanup for Next Mark 0.339ms
[2026-03-19T11:33:39.235+0800][135.724s][info][gc          ] GC(272) Concurrent Undo Cycle 0.615ms
[2026-03-19T11:33:40.162+0800][136.651s][info][gc,start    ] GC(273) Pause Young (Concurrent Start) (G1 Humongous Allocation)
[2026-03-19T11:33:40.162+0800][136.652s][info][gc,task     ] GC(273) Using 3 workers of 13 for evacuation
[2026-03-19T11:33:40.164+0800][136.654s][info][gc,phases   ] GC(273)   Pre Evacuate Collection Set: 0.1ms
[2026-03-19T11:33:40.164+0800][136.654s][info][gc,phases   ] GC(273)   Merge Heap Roots: 0.1ms
[2026-03-19T11:33:40.164+0800][136.654s][info][gc,phases   ] GC(273)   Evacuate Collection Set: 0.8ms
[2026-03-19T11:33:40.164+0800][136.654s][info][gc,phases   ] GC(273)   Post Evacuate Collection Set: 0.7ms
[2026-03-19T11:33:40.164+0800][136.654s][info][gc,phases   ] GC(273)   Other: 0.3ms
[2026-03-19T11:33:40.164+0800][136.654s][info][gc,heap     ] GC(273) Eden regions: 13->0(74)
[2026-03-19T11:33:40.164+0800][136.654s][info][gc,heap     ] GC(273) Survivor regions: 2->2(10)
[2026-03-19T11:33:40.164+0800][136.654s][info][gc,heap     ] GC(273) Old regions: 18->18
[2026-03-19T11:33:40.164+0800][136.654s][info][gc,heap     ] GC(273) Archive regions: 0->0
[2026-03-19T11:33:40.164+0800][136.654s][info][gc,heap     ] GC(273) Humongous regions: 39->9
[2026-03-19T11:33:40.164+0800][136.654s][info][gc,metaspace] GC(273) Metaspace: 22864K(23104K)->22864K(23104K) NonClass: 20254K(20352K)->20254K(20352K) Class: 2610K(2752K)->2610K(2752K)
[2026-03-19T11:33:40.164+0800][136.654s][info][gc          ] GC(273) Pause Young (Concurrent Start) (G1 Humongous Allocation) 70M->27M(128M) 2.733ms
[2026-03-19T11:33:40.164+0800][136.654s][info][gc,cpu      ] GC(273) User=0.00s Sys=0.00s Real=0.00s
[2026-03-19T11:33:40.164+0800][136.654s][info][gc          ] GC(274) Concurrent Undo Cycle
[2026-03-19T11:33:40.165+0800][136.655s][info][gc,marking  ] GC(274) Concurrent Cleanup for Next Mark
[2026-03-19T11:33:40.165+0800][136.655s][info][gc,marking  ] GC(274) Concurrent Cleanup for Next Mark 0.364ms
[2026-03-19T11:33:40.165+0800][136.655s][info][gc          ] GC(274) Concurrent Undo Cycle 0.850ms
[2026-03-19T11:33:41.095+0800][137.585s][info][gc,start    ] GC(275) Pause Young (Concurrent Start) (G1 Humongous Allocation)
[2026-03-19T11:33:41.095+0800][137.585s][info][gc,task     ] GC(275) Using 3 workers of 13 for evacuation
[2026-03-19T11:33:41.097+0800][137.587s][info][gc,phases   ] GC(275)   Pre Evacuate Collection Set: 0.1ms
[2026-03-19T11:33:41.097+0800][137.587s][info][gc,phases   ] GC(275)   Merge Heap Roots: 0.2ms
[2026-03-19T11:33:41.097+0800][137.587s][info][gc,phases   ] GC(275)   Evacuate Collection Set: 0.7ms
[2026-03-19T11:33:41.097+0800][137.587s][info][gc,phases   ] GC(275)   Post Evacuate Collection Set: 0.6ms
[2026-03-19T11:33:41.097+0800][137.587s][info][gc,phases   ] GC(275)   Other: 0.4ms
[2026-03-19T11:33:41.097+0800][137.587s][info][gc,heap     ] GC(275) Eden regions: 13->0(74)
[2026-03-19T11:33:41.097+0800][137.587s][info][gc,heap     ] GC(275) Survivor regions: 2->2(10)
[2026-03-19T11:33:41.097+0800][137.587s][info][gc,heap     ] GC(275) Old regions: 18->18
[2026-03-19T11:33:41.097+0800][137.587s][info][gc,heap     ] GC(275) Archive regions: 0->0
[2026-03-19T11:33:41.097+0800][137.587s][info][gc,heap     ] GC(275) Humongous regions: 39->9
[2026-03-19T11:33:41.097+0800][137.587s][info][gc,metaspace] GC(275) Metaspace: 22879K(23168K)->22879K(23168K) NonClass: 20268K(20416K)->20268K(20416K) Class: 2610K(2752K)->2610K(2752K)
[2026-03-19T11:33:41.097+0800][137.587s][info][gc          ] GC(275) Pause Young (Concurrent Start) (G1 Humongous Allocation) 70M->27M(128M) 2.481ms
[2026-03-19T11:33:41.097+0800][137.588s][info][gc,cpu      ] GC(275) User=0.00s Sys=0.00s Real=0.00s
[2026-03-19T11:33:41.097+0800][137.588s][info][gc          ] GC(276) Concurrent Undo Cycle
[2026-03-19T11:33:41.097+0800][137.588s][info][gc,marking  ] GC(276) Concurrent Cleanup for Next Mark
[2026-03-19T11:33:41.099+0800][137.588s][info][gc,marking  ] GC(276) Concurrent Cleanup for Next Mark 0.407ms
[2026-03-19T11:33:41.099+0800][137.588s][info][gc          ] GC(276) Concurrent Undo Cycle 0.611ms
[2026-03-19T11:33:42.026+0800][138.515s][info][gc,start    ] GC(277) Pause Young (Concurrent Start) (G1 Humongous Allocation)
[2026-03-19T11:33:42.026+0800][138.515s][info][gc,task     ] GC(277) Using 3 workers of 13 for evacuation
[2026-03-19T11:33:42.028+0800][138.518s][info][gc,phases   ] GC(277)   Pre Evacuate Collection Set: 0.3ms
[2026-03-19T11:33:42.028+0800][138.518s][info][gc,phases   ] GC(277)   Merge Heap Roots: 0.3ms
[2026-03-19T11:33:42.028+0800][138.518s][info][gc,phases   ] GC(277)   Evacuate Collection Set: 0.7ms
[2026-03-19T11:33:42.028+0800][138.518s][info][gc,phases   ] GC(277)   Post Evacuate Collection Set: 0.8ms
[2026-03-19T11:33:42.028+0800][138.518s][info][gc,phases   ] GC(277)   Other: 0.4ms
[2026-03-19T11:33:42.028+0800][138.518s][info][gc,heap     ] GC(277) Eden regions: 13->0(74)
[2026-03-19T11:33:42.028+0800][138.518s][info][gc,heap     ] GC(277) Survivor regions: 2->2(10)
[2026-03-19T11:33:42.029+0800][138.518s][info][gc,heap     ] GC(277) Old regions: 18->18
[2026-03-19T11:33:42.029+0800][138.518s][info][gc,heap     ] GC(277) Archive regions: 0->0
[2026-03-19T11:33:42.029+0800][138.518s][info][gc,heap     ] GC(277) Humongous regions: 39->9
[2026-03-19T11:33:42.029+0800][138.518s][info][gc,metaspace] GC(277) Metaspace: 22879K(23168K)->22879K(23168K) NonClass: 20268K(20416K)->20268K(20416K) Class: 2610K(2752K)->2610K(2752K)
[2026-03-19T11:33:42.029+0800][138.518s][info][gc          ] GC(277) Pause Young (Concurrent Start) (G1 Humongous Allocation) 70M->27M(128M) 2.998ms
[2026-03-19T11:33:42.029+0800][138.518s][info][gc,cpu      ] GC(277) User=0.02s Sys=0.03s Real=0.00s
[2026-03-19T11:33:42.029+0800][138.518s][info][gc          ] GC(278) Concurrent Undo Cycle
[2026-03-19T11:33:42.029+0800][138.518s][info][gc,marking  ] GC(278) Concurrent Cleanup for Next Mark
[2026-03-19T11:33:42.030+0800][138.519s][info][gc,marking  ] GC(278) Concurrent Cleanup for Next Mark 0.289ms
[2026-03-19T11:33:42.030+0800][138.519s][info][gc          ] GC(278) Concurrent Undo Cycle 0.493ms
[2026-03-19T11:33:42.950+0800][139.440s][info][gc,start    ] GC(279) Pause Young (Concurrent Start) (G1 Humongous Allocation)
[2026-03-19T11:33:42.950+0800][139.440s][info][gc,task     ] GC(279) Using 3 workers of 13 for evacuation
[2026-03-19T11:33:42.953+0800][139.443s][info][gc,phases   ] GC(279)   Pre Evacuate Collection Set: 0.2ms
[2026-03-19T11:33:42.953+0800][139.443s][info][gc,phases   ] GC(279)   Merge Heap Roots: 0.3ms
[2026-03-19T11:33:42.953+0800][139.443s][info][gc,phases   ] GC(279)   Evacuate Collection Set: 0.7ms
[2026-03-19T11:33:42.953+0800][139.443s][info][gc,phases   ] GC(279)   Post Evacuate Collection Set: 1.1ms
[2026-03-19T11:33:42.953+0800][139.443s][info][gc,phases   ] GC(279)   Other: 0.7ms
[2026-03-19T11:33:42.953+0800][139.443s][info][gc,heap     ] GC(279) Eden regions: 13->0(74)
[2026-03-19T11:33:42.953+0800][139.443s][info][gc,heap     ] GC(279) Survivor regions: 2->2(10)
[2026-03-19T11:33:42.953+0800][139.443s][info][gc,heap     ] GC(279) Old regions: 18->18
[2026-03-19T11:33:42.953+0800][139.443s][info][gc,heap     ] GC(279) Archive regions: 0->0
[2026-03-19T11:33:42.953+0800][139.443s][info][gc,heap     ] GC(279) Humongous regions: 39->9
[2026-03-19T11:33:42.953+0800][139.443s][info][gc,metaspace] GC(279) Metaspace: 22884K(23168K)->22884K(23168K) NonClass: 20274K(20416K)->20274K(20416K) Class: 2610K(2752K)->2610K(2752K)
[2026-03-19T11:33:42.954+0800][139.443s][info][gc          ] GC(279) Pause Young (Concurrent Start) (G1 Humongous Allocation) 70M->27M(128M) 3.266ms
[2026-03-19T11:33:42.954+0800][139.443s][info][gc,cpu      ] GC(279) User=0.00s Sys=0.00s Real=0.00s
[2026-03-19T11:33:42.954+0800][139.443s][info][gc          ] GC(280) Concurrent Undo Cycle
[2026-03-19T11:33:42.954+0800][139.443s][info][gc,marking  ] GC(280) Concurrent Cleanup for Next Mark
[2026-03-19T11:33:42.954+0800][139.444s][info][gc,marking  ] GC(280) Concurrent Cleanup for Next Mark 0.334ms
[2026-03-19T11:33:42.954+0800][139.444s][info][gc          ] GC(280) Concurrent Undo Cycle 0.539ms
[2026-03-19T11:33:43.872+0800][140.362s][info][gc,start    ] GC(281) Pause Young (Concurrent Start) (G1 Humongous Allocation)
[2026-03-19T11:33:43.873+0800][140.362s][info][gc,task     ] GC(281) Using 3 workers of 13 for evacuation
[2026-03-19T11:33:43.874+0800][140.364s][info][gc,phases   ] GC(281)   Pre Evacuate Collection Set: 0.2ms
[2026-03-19T11:33:43.874+0800][140.364s][info][gc,phases   ] GC(281)   Merge Heap Roots: 0.2ms
[2026-03-19T11:33:43.874+0800][140.364s][info][gc,phases   ] GC(281)   Evacuate Collection Set: 0.5ms
[2026-03-19T11:33:43.875+0800][140.364s][info][gc,phases   ] GC(281)   Post Evacuate Collection Set: 0.7ms
[2026-03-19T11:33:43.875+0800][140.364s][info][gc,phases   ] GC(281)   Other: 0.6ms
[2026-03-19T11:33:43.875+0800][140.364s][info][gc,heap     ] GC(281) Eden regions: 13->0(74)
[2026-03-19T11:33:43.875+0800][140.364s][info][gc,heap     ] GC(281) Survivor regions: 2->2(10)
[2026-03-19T11:33:43.875+0800][140.364s][info][gc,heap     ] GC(281) Old regions: 18->18
[2026-03-19T11:33:43.875+0800][140.364s][info][gc,heap     ] GC(281) Archive regions: 0->0
[2026-03-19T11:33:43.875+0800][140.364s][info][gc,heap     ] GC(281) Humongous regions: 39->9
[2026-03-19T11:33:43.875+0800][140.364s][info][gc,metaspace] GC(281) Metaspace: 22884K(23168K)->22884K(23168K) NonClass: 20274K(20416K)->20274K(20416K) Class: 2610K(2752K)->2610K(2752K)
[2026-03-19T11:33:43.875+0800][140.364s][info][gc          ] GC(281) Pause Young (Concurrent Start) (G1 Humongous Allocation) 70M->27M(128M) 2.579ms
[2026-03-19T11:33:43.875+0800][140.364s][info][gc,cpu      ] GC(281) User=0.00s Sys=0.00s Real=0.00s
[2026-03-19T11:33:43.875+0800][140.364s][info][gc          ] GC(282) Concurrent Undo Cycle
[2026-03-19T11:33:43.875+0800][140.364s][info][gc,marking  ] GC(282) Concurrent Cleanup for Next Mark
[2026-03-19T11:33:43.875+0800][140.365s][info][gc,marking  ] GC(282) Concurrent Cleanup for Next Mark 0.261ms
[2026-03-19T11:33:43.875+0800][140.365s][info][gc          ] GC(282) Concurrent Undo Cycle 0.434ms
[2026-03-19T11:33:44.806+0800][141.296s][info][gc,start    ] GC(283) Pause Young (Concurrent Start) (G1 Humongous Allocation)
[2026-03-19T11:33:44.806+0800][141.296s][info][gc,task     ] GC(283) Using 3 workers of 13 for evacuation
[2026-03-19T11:33:44.808+0800][141.298s][info][gc,phases   ] GC(283)   Pre Evacuate Collection Set: 0.1ms
[2026-03-19T11:33:44.808+0800][141.298s][info][gc,phases   ] GC(283)   Merge Heap Roots: 0.1ms
[2026-03-19T11:33:44.808+0800][141.298s][info][gc,phases   ] GC(283)   Evacuate Collection Set: 0.6ms
[2026-03-19T11:33:44.808+0800][141.298s][info][gc,phases   ] GC(283)   Post Evacuate Collection Set: 0.7ms
[2026-03-19T11:33:44.808+0800][141.298s][info][gc,phases   ] GC(283)   Other: 0.5ms
[2026-03-19T11:33:44.808+0800][141.298s][info][gc,heap     ] GC(283) Eden regions: 13->0(74)
[2026-03-19T11:33:44.809+0800][141.298s][info][gc,heap     ] GC(283) Survivor regions: 2->2(10)
[2026-03-19T11:33:44.809+0800][141.298s][info][gc,heap     ] GC(283) Old regions: 18->18
[2026-03-19T11:33:44.809+0800][141.298s][info][gc,heap     ] GC(283) Archive regions: 0->0
[2026-03-19T11:33:44.809+0800][141.298s][info][gc,heap     ] GC(283) Humongous regions: 39->9
[2026-03-19T11:33:44.809+0800][141.298s][info][gc,metaspace] GC(283) Metaspace: 22884K(23168K)->22884K(23168K) NonClass: 20274K(20416K)->20274K(20416K) Class: 2610K(2752K)->2610K(2752K)
[2026-03-19T11:33:44.809+0800][141.298s][info][gc          ] GC(283) Pause Young (Concurrent Start) (G1 Humongous Allocation) 70M->27M(128M) 2.752ms
[2026-03-19T11:33:44.809+0800][141.298s][info][gc,cpu      ] GC(283) User=0.02s Sys=0.00s Real=0.00s
[2026-03-19T11:33:44.809+0800][141.299s][info][gc          ] GC(284) Concurrent Undo Cycle
[2026-03-19T11:33:44.809+0800][141.299s][info][gc,marking  ] GC(284) Concurrent Cleanup for Next Mark
[2026-03-19T11:33:44.810+0800][141.299s][info][gc,marking  ] GC(284) Concurrent Cleanup for Next Mark 0.352ms
[2026-03-19T11:33:44.810+0800][141.299s][info][gc          ] GC(284) Concurrent Undo Cycle 0.579ms
[2026-03-19T11:33:45.741+0800][142.230s][info][gc,start    ] GC(285) Pause Young (Concurrent Start) (G1 Humongous Allocation)
[2026-03-19T11:33:45.741+0800][142.231s][info][gc,task     ] GC(285) Using 3 workers of 13 for evacuation
[2026-03-19T11:33:45.743+0800][142.233s][info][gc,phases   ] GC(285)   Pre Evacuate Collection Set: 0.2ms
[2026-03-19T11:33:45.743+0800][142.233s][info][gc,phases   ] GC(285)   Merge Heap Roots: 0.1ms
[2026-03-19T11:33:45.743+0800][142.233s][info][gc,phases   ] GC(285)   Evacuate Collection Set: 0.6ms
[2026-03-19T11:33:45.743+0800][142.233s][info][gc,phases   ] GC(285)   Post Evacuate Collection Set: 0.8ms
[2026-03-19T11:33:45.743+0800][142.233s][info][gc,phases   ] GC(285)   Other: 0.5ms
[2026-03-19T11:33:45.743+0800][142.233s][info][gc,heap     ] GC(285) Eden regions: 12->0(74)
[2026-03-19T11:33:45.743+0800][142.233s][info][gc,heap     ] GC(285) Survivor regions: 2->2(10)
[2026-03-19T11:33:45.743+0800][142.233s][info][gc,heap     ] GC(285) Old regions: 18->18
[2026-03-19T11:33:45.743+0800][142.233s][info][gc,heap     ] GC(285) Archive regions: 0->0
[2026-03-19T11:33:45.743+0800][142.233s][info][gc,heap     ] GC(285) Humongous regions: 39->9
[2026-03-19T11:33:45.743+0800][142.233s][info][gc,metaspace] GC(285) Metaspace: 22884K(23168K)->22884K(23168K) NonClass: 20274K(20416K)->20274K(20416K) Class: 2610K(2752K)->2610K(2752K)
[2026-03-19T11:33:45.743+0800][142.233s][info][gc          ] GC(285) Pause Young (Concurrent Start) (G1 Humongous Allocation) 69M->27M(128M) 2.826ms
[2026-03-19T11:33:45.743+0800][142.233s][info][gc,cpu      ] GC(285) User=0.00s Sys=0.00s Real=0.00s
[2026-03-19T11:33:45.743+0800][142.233s][info][gc          ] GC(286) Concurrent Undo Cycle
[2026-03-19T11:33:45.744+0800][142.234s][info][gc,marking  ] GC(286) Concurrent Cleanup for Next Mark
[2026-03-19T11:33:45.744+0800][142.234s][info][gc,marking  ] GC(286) Concurrent Cleanup for Next Mark 0.349ms
[2026-03-19T11:33:45.744+0800][142.234s][info][gc          ] GC(286) Concurrent Undo Cycle 0.665ms
[2026-03-19T11:33:46.673+0800][143.162s][info][gc,start    ] GC(287) Pause Young (Concurrent Start) (G1 Humongous Allocation)
[2026-03-19T11:33:46.673+0800][143.163s][info][gc,task     ] GC(287) Using 3 workers of 13 for evacuation
[2026-03-19T11:33:46.675+0800][143.164s][info][gc,phases   ] GC(287)   Pre Evacuate Collection Set: 0.3ms
[2026-03-19T11:33:46.675+0800][143.165s][info][gc,phases   ] GC(287)   Merge Heap Roots: 0.1ms
[2026-03-19T11:33:46.675+0800][143.165s][info][gc,phases   ] GC(287)   Evacuate Collection Set: 0.6ms
[2026-03-19T11:33:46.675+0800][143.165s][info][gc,phases   ] GC(287)   Post Evacuate Collection Set: 0.6ms
[2026-03-19T11:33:46.675+0800][143.165s][info][gc,phases   ] GC(287)   Other: 0.6ms
[2026-03-19T11:33:46.675+0800][143.165s][info][gc,heap     ] GC(287) Eden regions: 12->0(74)
[2026-03-19T11:33:46.675+0800][143.165s][info][gc,heap     ] GC(287) Survivor regions: 2->2(10)
[2026-03-19T11:33:46.675+0800][143.165s][info][gc,heap     ] GC(287) Old regions: 18->18
[2026-03-19T11:33:46.675+0800][143.165s][info][gc,heap     ] GC(287) Archive regions: 0->0
[2026-03-19T11:33:46.675+0800][143.165s][info][gc,heap     ] GC(287) Humongous regions: 39->9
[2026-03-19T11:33:46.675+0800][143.165s][info][gc,metaspace] GC(287) Metaspace: 22887K(23168K)->22887K(23168K) NonClass: 20277K(20416K)->20277K(20416K) Class: 2610K(2752K)->2610K(2752K)
[2026-03-19T11:33:46.675+0800][143.165s][info][gc          ] GC(287) Pause Young (Concurrent Start) (G1 Humongous Allocation) 69M->27M(128M) 2.560ms
[2026-03-19T11:33:46.675+0800][143.165s][info][gc,cpu      ] GC(287) User=0.00s Sys=0.00s Real=0.00s
[2026-03-19T11:33:46.675+0800][143.165s][info][gc          ] GC(288) Concurrent Undo Cycle
[2026-03-19T11:33:46.676+0800][143.165s][info][gc,marking  ] GC(288) Concurrent Cleanup for Next Mark
[2026-03-19T11:33:46.676+0800][143.165s][info][gc,marking  ] GC(288) Concurrent Cleanup for Next Mark 0.285ms
[2026-03-19T11:33:46.676+0800][143.165s][info][gc          ] GC(288) Concurrent Undo Cycle 0.443ms
[2026-03-19T11:33:47.597+0800][144.087s][info][gc,start    ] GC(289) Pause Young (Concurrent Start) (G1 Humongous Allocation)
[2026-03-19T11:33:47.597+0800][144.087s][info][gc,task     ] GC(289) Using 3 workers of 13 for evacuation
[2026-03-19T11:33:47.599+0800][144.089s][info][gc,phases   ] GC(289)   Pre Evacuate Collection Set: 0.3ms
[2026-03-19T11:33:47.599+0800][144.089s][info][gc,phases   ] GC(289)   Merge Heap Roots: 0.2ms
[2026-03-19T11:33:47.599+0800][144.089s][info][gc,phases   ] GC(289)   Evacuate Collection Set: 0.6ms
[2026-03-19T11:33:47.599+0800][144.089s][info][gc,phases   ] GC(289)   Post Evacuate Collection Set: 0.8ms
[2026-03-19T11:33:47.599+0800][144.089s][info][gc,phases   ] GC(289)   Other: 0.3ms
[2026-03-19T11:33:47.599+0800][144.089s][info][gc,heap     ] GC(289) Eden regions: 12->0(74)
[2026-03-19T11:33:47.599+0800][144.089s][info][gc,heap     ] GC(289) Survivor regions: 2->2(10)
[2026-03-19T11:33:47.599+0800][144.089s][info][gc,heap     ] GC(289) Old regions: 18->18
[2026-03-19T11:33:47.599+0800][144.089s][info][gc,heap     ] GC(289) Archive regions: 0->0
[2026-03-19T11:33:47.599+0800][144.089s][info][gc,heap     ] GC(289) Humongous regions: 39->9
[2026-03-19T11:33:47.599+0800][144.089s][info][gc,metaspace] GC(289) Metaspace: 22887K(23168K)->22887K(23168K) NonClass: 20277K(20416K)->20277K(20416K) Class: 2610K(2752K)->2610K(2752K)
[2026-03-19T11:33:47.599+0800][144.089s][info][gc          ] GC(289) Pause Young (Concurrent Start) (G1 Humongous Allocation) 69M->27M(128M) 2.601ms
[2026-03-19T11:33:47.599+0800][144.089s][info][gc,cpu      ] GC(289) User=0.00s Sys=0.00s Real=0.00s
[2026-03-19T11:33:47.599+0800][144.089s][info][gc          ] GC(290) Concurrent Undo Cycle
[2026-03-19T11:33:47.599+0800][144.089s][info][gc,marking  ] GC(290) Concurrent Cleanup for Next Mark
[2026-03-19T11:33:47.600+0800][144.090s][info][gc,marking  ] GC(290) Concurrent Cleanup for Next Mark 0.426ms
[2026-03-19T11:33:47.600+0800][144.090s][info][gc          ] GC(290) Concurrent Undo Cycle 0.726ms
[2026-03-19T11:33:48.531+0800][145.020s][info][gc,start    ] GC(291) Pause Young (Concurrent Start) (G1 Humongous Allocation)
[2026-03-19T11:33:48.531+0800][145.021s][info][gc,task     ] GC(291) Using 3 workers of 13 for evacuation
[2026-03-19T11:33:48.534+0800][145.023s][info][gc,phases   ] GC(291)   Pre Evacuate Collection Set: 0.3ms
[2026-03-19T11:33:48.534+0800][145.023s][info][gc,phases   ] GC(291)   Merge Heap Roots: 0.2ms
[2026-03-19T11:33:48.534+0800][145.023s][info][gc,phases   ] GC(291)   Evacuate Collection Set: 0.8ms
[2026-03-19T11:33:48.534+0800][145.023s][info][gc,phases   ] GC(291)   Post Evacuate Collection Set: 0.9ms
[2026-03-19T11:33:48.534+0800][145.023s][info][gc,phases   ] GC(291)   Other: 0.4ms
[2026-03-19T11:33:48.534+0800][145.023s][info][gc,heap     ] GC(291) Eden regions: 13->0(74)
[2026-03-19T11:33:48.534+0800][145.023s][info][gc,heap     ] GC(291) Survivor regions: 2->2(10)
[2026-03-19T11:33:48.534+0800][145.024s][info][gc,heap     ] GC(291) Old regions: 18->18
[2026-03-19T11:33:48.534+0800][145.024s][info][gc,heap     ] GC(291) Archive regions: 0->0
[2026-03-19T11:33:48.534+0800][145.024s][info][gc,heap     ] GC(291) Humongous regions: 39->9
[2026-03-19T11:33:48.534+0800][145.024s][info][gc,metaspace] GC(291) Metaspace: 22887K(23168K)->22887K(23168K) NonClass: 20277K(20416K)->20277K(20416K) Class: 2610K(2752K)->2610K(2752K)
[2026-03-19T11:33:48.535+0800][145.024s][info][gc          ] GC(291) Pause Young (Concurrent Start) (G1 Humongous Allocation) 70M->27M(128M) 3.366ms
[2026-03-19T11:33:48.535+0800][145.024s][info][gc,cpu      ] GC(291) User=0.00s Sys=0.00s Real=0.00s
[2026-03-19T11:33:48.535+0800][145.024s][info][gc          ] GC(292) Concurrent Undo Cycle
[2026-03-19T11:33:48.535+0800][145.024s][info][gc,marking  ] GC(292) Concurrent Cleanup for Next Mark
[2026-03-19T11:33:48.535+0800][145.025s][info][gc,marking  ] GC(292) Concurrent Cleanup for Next Mark 0.438ms
[2026-03-19T11:33:48.536+0800][145.025s][info][gc          ] GC(292) Concurrent Undo Cycle 0.777ms
[2026-03-19T11:33:49.463+0800][145.953s][info][gc,start    ] GC(293) Pause Young (Concurrent Start) (G1 Humongous Allocation)
[2026-03-19T11:33:49.463+0800][145.953s][info][gc,task     ] GC(293) Using 3 workers of 13 for evacuation
[2026-03-19T11:33:49.465+0800][145.955s][info][gc,phases   ] GC(293)   Pre Evacuate Collection Set: 0.1ms
[2026-03-19T11:33:49.465+0800][145.955s][info][gc,phases   ] GC(293)   Merge Heap Roots: 0.1ms
[2026-03-19T11:33:49.465+0800][145.955s][info][gc,phases   ] GC(293)   Evacuate Collection Set: 0.7ms
[2026-03-19T11:33:49.465+0800][145.955s][info][gc,phases   ] GC(293)   Post Evacuate Collection Set: 0.8ms
[2026-03-19T11:33:49.465+0800][145.955s][info][gc,phases   ] GC(293)   Other: 0.4ms
[2026-03-19T11:33:49.465+0800][145.955s][info][gc,heap     ] GC(293) Eden regions: 13->0(74)
[2026-03-19T11:33:49.465+0800][145.955s][info][gc,heap     ] GC(293) Survivor regions: 2->2(10)
[2026-03-19T11:33:49.465+0800][145.955s][info][gc,heap     ] GC(293) Old regions: 18->18
[2026-03-19T11:33:49.465+0800][145.955s][info][gc,heap     ] GC(293) Archive regions: 0->0
[2026-03-19T11:33:49.465+0800][145.956s][info][gc,heap     ] GC(293) Humongous regions: 39->9
[2026-03-19T11:33:49.466+0800][145.956s][info][gc,metaspace] GC(293) Metaspace: 22887K(23168K)->22887K(23168K) NonClass: 20277K(20416K)->20277K(20416K) Class: 2610K(2752K)->2610K(2752K)
[2026-03-19T11:33:49.466+0800][145.956s][info][gc          ] GC(293) Pause Young (Concurrent Start) (G1 Humongous Allocation) 70M->27M(128M) 3.047ms
[2026-03-19T11:33:49.466+0800][145.956s][info][gc,cpu      ] GC(293) User=0.00s Sys=0.00s Real=0.00s
[2026-03-19T11:33:49.466+0800][145.956s][info][gc          ] GC(294) Concurrent Undo Cycle
[2026-03-19T11:33:49.467+0800][145.957s][info][gc,marking  ] GC(294) Concurrent Cleanup for Next Mark
[2026-03-19T11:33:49.467+0800][145.957s][info][gc,marking  ] GC(294) Concurrent Cleanup for Next Mark 0.564ms
[2026-03-19T11:33:49.467+0800][145.957s][info][gc          ] GC(294) Concurrent Undo Cycle 1.020ms
[2026-03-19T11:33:50.400+0800][146.889s][info][gc,start    ] GC(295) Pause Young (Concurrent Start) (G1 Humongous Allocation)
[2026-03-19T11:33:50.400+0800][146.889s][info][gc,task     ] GC(295) Using 3 workers of 13 for evacuation
[2026-03-19T11:33:50.402+0800][146.891s][info][gc,phases   ] GC(295)   Pre Evacuate Collection Set: 0.3ms
[2026-03-19T11:33:50.402+0800][146.891s][info][gc,phases   ] GC(295)   Merge Heap Roots: 0.1ms
[2026-03-19T11:33:50.402+0800][146.891s][info][gc,phases   ] GC(295)   Evacuate Collection Set: 0.7ms
[2026-03-19T11:33:50.402+0800][146.891s][info][gc,phases   ] GC(295)   Post Evacuate Collection Set: 1.1ms
[2026-03-19T11:33:50.402+0800][146.891s][info][gc,phases   ] GC(295)   Other: 0.3ms
[2026-03-19T11:33:50.402+0800][146.892s][info][gc,heap     ] GC(295) Eden regions: 12->0(74)
[2026-03-19T11:33:50.402+0800][146.892s][info][gc,heap     ] GC(295) Survivor regions: 2->2(10)
[2026-03-19T11:33:50.402+0800][146.892s][info][gc,heap     ] GC(295) Old regions: 18->18
[2026-03-19T11:33:50.402+0800][146.892s][info][gc,heap     ] GC(295) Archive regions: 0->0
[2026-03-19T11:33:50.402+0800][146.892s][info][gc,heap     ] GC(295) Humongous regions: 39->9
[2026-03-19T11:33:50.402+0800][146.892s][info][gc,metaspace] GC(295) Metaspace: 22887K(23168K)->22887K(23168K) NonClass: 20277K(20416K)->20277K(20416K) Class: 2610K(2752K)->2610K(2752K)
[2026-03-19T11:33:50.402+0800][146.892s][info][gc          ] GC(295) Pause Young (Concurrent Start) (G1 Humongous Allocation) 69M->27M(128M) 2.836ms
[2026-03-19T11:33:50.402+0800][146.892s][info][gc,cpu      ] GC(295) User=0.00s Sys=0.00s Real=0.00s
[2026-03-19T11:33:50.402+0800][146.892s][info][gc          ] GC(296) Concurrent Undo Cycle
[2026-03-19T11:33:50.402+0800][146.892s][info][gc,marking  ] GC(296) Concurrent Cleanup for Next Mark
[2026-03-19T11:33:50.403+0800][146.892s][info][gc,marking  ] GC(296) Concurrent Cleanup for Next Mark 0.312ms
[2026-03-19T11:33:50.403+0800][146.892s][info][gc          ] GC(296) Concurrent Undo Cycle 0.492ms
[2026-03-19T11:33:51.334+0800][147.824s][info][gc,start    ] GC(297) Pause Young (Concurrent Start) (G1 Humongous Allocation)
[2026-03-19T11:33:51.335+0800][147.824s][info][gc,task     ] GC(297) Using 3 workers of 13 for evacuation
[2026-03-19T11:33:51.337+0800][147.827s][info][gc,phases   ] GC(297)   Pre Evacuate Collection Set: 0.3ms
[2026-03-19T11:33:51.337+0800][147.827s][info][gc,phases   ] GC(297)   Merge Heap Roots: 0.2ms
[2026-03-19T11:33:51.337+0800][147.827s][info][gc,phases   ] GC(297)   Evacuate Collection Set: 0.9ms
[2026-03-19T11:33:51.337+0800][147.827s][info][gc,phases   ] GC(297)   Post Evacuate Collection Set: 0.8ms
[2026-03-19T11:33:51.337+0800][147.827s][info][gc,phases   ] GC(297)   Other: 0.7ms
[2026-03-19T11:33:51.337+0800][147.828s][info][gc,heap     ] GC(297) Eden regions: 13->0(74)
[2026-03-19T11:33:51.337+0800][147.828s][info][gc,heap     ] GC(297) Survivor regions: 2->2(10)
[2026-03-19T11:33:51.337+0800][147.828s][info][gc,heap     ] GC(297) Old regions: 18->18
[2026-03-19T11:33:51.337+0800][147.828s][info][gc,heap     ] GC(297) Archive regions: 0->0
[2026-03-19T11:33:51.337+0800][147.828s][info][gc,heap     ] GC(297) Humongous regions: 39->9
[2026-03-19T11:33:51.337+0800][147.828s][info][gc,metaspace] GC(297) Metaspace: 22891K(23168K)->22891K(23168K) NonClass: 20281K(20416K)->20281K(20416K) Class: 2610K(2752K)->2610K(2752K)
[2026-03-19T11:33:51.337+0800][147.828s][info][gc          ] GC(297) Pause Young (Concurrent Start) (G1 Humongous Allocation) 70M->27M(128M) 3.799ms
[2026-03-19T11:33:51.337+0800][147.828s][info][gc,cpu      ] GC(297) User=0.00s Sys=0.00s Real=0.00s
[2026-03-19T11:33:51.339+0800][147.828s][info][gc          ] GC(298) Concurrent Undo Cycle
[2026-03-19T11:33:51.339+0800][147.828s][info][gc,marking  ] GC(298) Concurrent Cleanup for Next Mark
[2026-03-19T11:33:51.339+0800][147.829s][info][gc,marking  ] GC(298) Concurrent Cleanup for Next Mark 0.486ms
[2026-03-19T11:33:51.339+0800][147.829s][info][gc          ] GC(298) Concurrent Undo Cycle 0.856ms
[2026-03-19T11:33:52.271+0800][148.760s][info][gc,start    ] GC(299) Pause Young (Concurrent Start) (G1 Humongous Allocation)
[2026-03-19T11:33:52.271+0800][148.760s][info][gc,task     ] GC(299) Using 3 workers of 13 for evacuation
[2026-03-19T11:33:52.273+0800][148.763s][info][gc,phases   ] GC(299)   Pre Evacuate Collection Set: 0.5ms
[2026-03-19T11:33:52.273+0800][148.763s][info][gc,phases   ] GC(299)   Merge Heap Roots: 0.2ms
[2026-03-19T11:33:52.273+0800][148.763s][info][gc,phases   ] GC(299)   Evacuate Collection Set: 0.8ms
[2026-03-19T11:33:52.273+0800][148.763s][info][gc,phases   ] GC(299)   Post Evacuate Collection Set: 0.6ms
[2026-03-19T11:33:52.273+0800][148.763s][info][gc,phases   ] GC(299)   Other: 0.4ms
[2026-03-19T11:33:52.273+0800][148.763s][info][gc,heap     ] GC(299) Eden regions: 13->0(74)
[2026-03-19T11:33:52.273+0800][148.763s][info][gc,heap     ] GC(299) Survivor regions: 2->2(10)
[2026-03-19T11:33:52.273+0800][148.763s][info][gc,heap     ] GC(299) Old regions: 18->18
[2026-03-19T11:33:52.273+0800][148.763s][info][gc,heap     ] GC(299) Archive regions: 0->0
[2026-03-19T11:33:52.273+0800][148.763s][info][gc,heap     ] GC(299) Humongous regions: 39->9
[2026-03-19T11:33:52.273+0800][148.763s][info][gc,metaspace] GC(299) Metaspace: 22891K(23168K)->22891K(23168K) NonClass: 20281K(20416K)->20281K(20416K) Class: 2610K(2752K)->2610K(2752K)
[2026-03-19T11:33:52.273+0800][148.763s][info][gc          ] GC(299) Pause Young (Concurrent Start) (G1 Humongous Allocation) 70M->27M(128M) 2.713ms
[2026-03-19T11:33:52.273+0800][148.763s][info][gc,cpu      ] GC(299) User=0.00s Sys=0.00s Real=0.00s
[2026-03-19T11:33:52.273+0800][148.763s][info][gc          ] GC(300) Concurrent Undo Cycle
[2026-03-19T11:33:52.273+0800][148.763s][info][gc,marking  ] GC(300) Concurrent Cleanup for Next Mark
[2026-03-19T11:33:52.274+0800][148.764s][info][gc,marking  ] GC(300) Concurrent Cleanup for Next Mark 0.446ms
[2026-03-19T11:33:52.274+0800][148.764s][info][gc          ] GC(300) Concurrent Undo Cycle 0.627ms
[2026-03-19T11:33:53.205+0800][149.695s][info][gc,start    ] GC(301) Pause Young (Concurrent Start) (G1 Humongous Allocation)
[2026-03-19T11:33:53.206+0800][149.695s][info][gc,task     ] GC(301) Using 3 workers of 13 for evacuation
[2026-03-19T11:33:53.207+0800][149.697s][info][gc,phases   ] GC(301)   Pre Evacuate Collection Set: 0.1ms
[2026-03-19T11:33:53.207+0800][149.697s][info][gc,phases   ] GC(301)   Merge Heap Roots: 0.1ms
[2026-03-19T11:33:53.207+0800][149.697s][info][gc,phases   ] GC(301)   Evacuate Collection Set: 0.8ms
[2026-03-19T11:33:53.207+0800][149.697s][info][gc,phases   ] GC(301)   Post Evacuate Collection Set: 0.5ms
[2026-03-19T11:33:53.207+0800][149.697s][info][gc,phases   ] GC(301)   Other: 0.4ms
[2026-03-19T11:33:53.207+0800][149.697s][info][gc,heap     ] GC(301) Eden regions: 13->0(74)
[2026-03-19T11:33:53.207+0800][149.697s][info][gc,heap     ] GC(301) Survivor regions: 2->2(10)
[2026-03-19T11:33:53.207+0800][149.698s][info][gc,heap     ] GC(301) Old regions: 18->18
[2026-03-19T11:33:53.207+0800][149.698s][info][gc,heap     ] GC(301) Archive regions: 0->0
[2026-03-19T11:33:53.207+0800][149.698s][info][gc,heap     ] GC(301) Humongous regions: 39->9
[2026-03-19T11:33:53.207+0800][149.698s][info][gc,metaspace] GC(301) Metaspace: 22891K(23168K)->22891K(23168K) NonClass: 20281K(20416K)->20281K(20416K) Class: 2610K(2752K)->2610K(2752K)
[2026-03-19T11:33:53.207+0800][149.698s][info][gc          ] GC(301) Pause Young (Concurrent Start) (G1 Humongous Allocation) 70M->27M(128M) 2.441ms
[2026-03-19T11:33:53.207+0800][149.698s][info][gc,cpu      ] GC(301) User=0.00s Sys=0.00s Real=0.00s
[2026-03-19T11:33:53.207+0800][149.698s][info][gc          ] GC(302) Concurrent Undo Cycle
[2026-03-19T11:33:53.209+0800][149.698s][info][gc,marking  ] GC(302) Concurrent Cleanup for Next Mark
[2026-03-19T11:33:53.209+0800][149.698s][info][gc,marking  ] GC(302) Concurrent Cleanup for Next Mark 0.330ms
[2026-03-19T11:33:53.209+0800][149.698s][info][gc          ] GC(302) Concurrent Undo Cycle 0.546ms
[2026-03-19T11:33:54.141+0800][150.630s][info][gc,start    ] GC(303) Pause Young (Concurrent Start) (G1 Humongous Allocation)
[2026-03-19T11:33:54.141+0800][150.631s][info][gc,task     ] GC(303) Using 3 workers of 13 for evacuation
[2026-03-19T11:33:54.143+0800][150.633s][info][gc,phases   ] GC(303)   Pre Evacuate Collection Set: 0.2ms
[2026-03-19T11:33:54.143+0800][150.633s][info][gc,phases   ] GC(303)   Merge Heap Roots: 0.1ms
[2026-03-19T11:33:54.143+0800][150.633s][info][gc,phases   ] GC(303)   Evacuate Collection Set: 0.9ms
[2026-03-19T11:33:54.143+0800][150.633s][info][gc,phases   ] GC(303)   Post Evacuate Collection Set: 0.5ms
[2026-03-19T11:33:54.144+0800][150.633s][info][gc,phases   ] GC(303)   Other: 0.9ms
[2026-03-19T11:33:54.144+0800][150.633s][info][gc,heap     ] GC(303) Eden regions: 12->0(74)
[2026-03-19T11:33:54.144+0800][150.633s][info][gc,heap     ] GC(303) Survivor regions: 2->2(10)
[2026-03-19T11:33:54.144+0800][150.633s][info][gc,heap     ] GC(303) Old regions: 18->18
[2026-03-19T11:33:54.144+0800][150.633s][info][gc,heap     ] GC(303) Archive regions: 0->0
[2026-03-19T11:33:54.144+0800][150.633s][info][gc,heap     ] GC(303) Humongous regions: 39->9
[2026-03-19T11:33:54.144+0800][150.633s][info][gc,metaspace] GC(303) Metaspace: 22891K(23168K)->22891K(23168K) NonClass: 20281K(20416K)->20281K(20416K) Class: 2610K(2752K)->2610K(2752K)
[2026-03-19T11:33:54.144+0800][150.633s][info][gc          ] GC(303) Pause Young (Concurrent Start) (G1 Humongous Allocation) 69M->27M(128M) 2.954ms
[2026-03-19T11:33:54.144+0800][150.633s][info][gc,cpu      ] GC(303) User=0.00s Sys=0.00s Real=0.00s
[2026-03-19T11:33:54.144+0800][150.633s][info][gc          ] GC(304) Concurrent Undo Cycle
[2026-03-19T11:33:54.144+0800][150.633s][info][gc,marking  ] GC(304) Concurrent Cleanup for Next Mark
[2026-03-19T11:33:54.144+0800][150.634s][info][gc,marking  ] GC(304) Concurrent Cleanup for Next Mark 0.255ms
[2026-03-19T11:33:54.144+0800][150.634s][info][gc          ] GC(304) Concurrent Undo Cycle 0.444ms
[2026-03-19T11:33:55.071+0800][151.561s][info][gc,start    ] GC(305) Pause Young (Concurrent Start) (G1 Humongous Allocation)
[2026-03-19T11:33:55.072+0800][151.561s][info][gc,task     ] GC(305) Using 3 workers of 13 for evacuation
[2026-03-19T11:33:55.074+0800][151.564s][info][gc,phases   ] GC(305)   Pre Evacuate Collection Set: 0.3ms
[2026-03-19T11:33:55.075+0800][151.564s][info][gc,phases   ] GC(305)   Merge Heap Roots: 0.2ms
[2026-03-19T11:33:55.075+0800][151.564s][info][gc,phases   ] GC(305)   Evacuate Collection Set: 1.0ms
[2026-03-19T11:33:55.075+0800][151.564s][info][gc,phases   ] GC(305)   Post Evacuate Collection Set: 1.2ms
[2026-03-19T11:33:55.075+0800][151.564s][info][gc,phases   ] GC(305)   Other: 0.5ms
[2026-03-19T11:33:55.075+0800][151.564s][info][gc,heap     ] GC(305) Eden regions: 12->0(74)
[2026-03-19T11:33:55.075+0800][151.564s][info][gc,heap     ] GC(305) Survivor regions: 2->2(10)
[2026-03-19T11:33:55.075+0800][151.564s][info][gc,heap     ] GC(305) Old regions: 18->18
[2026-03-19T11:33:55.075+0800][151.564s][info][gc,heap     ] GC(305) Archive regions: 0->0
[2026-03-19T11:33:55.075+0800][151.564s][info][gc,heap     ] GC(305) Humongous regions: 39->9
[2026-03-19T11:33:55.075+0800][151.564s][info][gc,metaspace] GC(305) Metaspace: 22891K(23168K)->22891K(23168K) NonClass: 20281K(20416K)->20281K(20416K) Class: 2610K(2752K)->2610K(2752K)
[2026-03-19T11:33:55.075+0800][151.565s][info][gc          ] GC(305) Pause Young (Concurrent Start) (G1 Humongous Allocation) 69M->27M(128M) 3.416ms
[2026-03-19T11:33:55.075+0800][151.565s][info][gc,cpu      ] GC(305) User=0.02s Sys=0.00s Real=0.00s
[2026-03-19T11:33:55.075+0800][151.565s][info][gc          ] GC(306) Concurrent Undo Cycle
[2026-03-19T11:33:55.075+0800][151.565s][info][gc,marking  ] GC(306) Concurrent Cleanup for Next Mark
[2026-03-19T11:33:55.075+0800][151.565s][info][gc,marking  ] GC(306) Concurrent Cleanup for Next Mark 0.181ms
[2026-03-19T11:33:55.075+0800][151.565s][info][gc          ] GC(306) Concurrent Undo Cycle 0.400ms
[2026-03-19T11:33:56.004+0800][152.494s][info][gc,start    ] GC(307) Pause Young (Concurrent Start) (G1 Humongous Allocation)
[2026-03-19T11:33:56.004+0800][152.494s][info][gc,task     ] GC(307) Using 3 workers of 13 for evacuation
[2026-03-19T11:33:56.006+0800][152.496s][info][gc,phases   ] GC(307)   Pre Evacuate Collection Set: 0.1ms
[2026-03-19T11:33:56.006+0800][152.497s][info][gc,phases   ] GC(307)   Merge Heap Roots: 0.1ms
[2026-03-19T11:33:56.007+0800][152.497s][info][gc,phases   ] GC(307)   Evacuate Collection Set: 0.8ms
[2026-03-19T11:33:56.007+0800][152.497s][info][gc,phases   ] GC(307)   Post Evacuate Collection Set: 0.6ms
[2026-03-19T11:33:56.007+0800][152.497s][info][gc,phases   ] GC(307)   Other: 0.5ms
[2026-03-19T11:33:56.007+0800][152.497s][info][gc,heap     ] GC(307) Eden regions: 13->0(74)
[2026-03-19T11:33:56.007+0800][152.497s][info][gc,heap     ] GC(307) Survivor regions: 2->2(10)
[2026-03-19T11:33:56.007+0800][152.497s][info][gc,heap     ] GC(307) Old regions: 18->18
[2026-03-19T11:33:56.007+0800][152.497s][info][gc,heap     ] GC(307) Archive regions: 0->0
[2026-03-19T11:33:56.007+0800][152.497s][info][gc,heap     ] GC(307) Humongous regions: 39->9
[2026-03-19T11:33:56.007+0800][152.497s][info][gc,metaspace] GC(307) Metaspace: 22891K(23168K)->22891K(23168K) NonClass: 20281K(20416K)->20281K(20416K) Class: 2610K(2752K)->2610K(2752K)
[2026-03-19T11:33:56.007+0800][152.497s][info][gc          ] GC(307) Pause Young (Concurrent Start) (G1 Humongous Allocation) 69M->27M(128M) 2.652ms
[2026-03-19T11:33:56.007+0800][152.497s][info][gc,cpu      ] GC(307) User=0.00s Sys=0.00s Real=0.00s
[2026-03-19T11:33:56.007+0800][152.497s][info][gc          ] GC(308) Concurrent Undo Cycle
[2026-03-19T11:33:56.007+0800][152.497s][info][gc,marking  ] GC(308) Concurrent Cleanup for Next Mark
[2026-03-19T11:33:56.007+0800][152.497s][info][gc,marking  ] GC(308) Concurrent Cleanup for Next Mark 0.220ms
[2026-03-19T11:33:56.007+0800][152.497s][info][gc          ] GC(308) Concurrent Undo Cycle 0.452ms
[2026-03-19T11:33:56.944+0800][153.434s][info][gc,start    ] GC(309) Pause Young (Concurrent Start) (G1 Humongous Allocation)
[2026-03-19T11:33:56.944+0800][153.434s][info][gc,task     ] GC(309) Using 3 workers of 13 for evacuation
[2026-03-19T11:33:56.946+0800][153.436s][info][gc,phases   ] GC(309)   Pre Evacuate Collection Set: 0.4ms
[2026-03-19T11:33:56.946+0800][153.436s][info][gc,phases   ] GC(309)   Merge Heap Roots: 0.1ms
[2026-03-19T11:33:56.946+0800][153.436s][info][gc,phases   ] GC(309)   Evacuate Collection Set: 0.6ms
[2026-03-19T11:33:56.946+0800][153.436s][info][gc,phases   ] GC(309)   Post Evacuate Collection Set: 0.8ms
[2026-03-19T11:33:56.946+0800][153.436s][info][gc,phases   ] GC(309)   Other: 0.4ms
[2026-03-19T11:33:56.946+0800][153.436s][info][gc,heap     ] GC(309) Eden regions: 13->0(74)
[2026-03-19T11:33:56.946+0800][153.436s][info][gc,heap     ] GC(309) Survivor regions: 2->2(10)
[2026-03-19T11:33:56.946+0800][153.436s][info][gc,heap     ] GC(309) Old regions: 18->18
[2026-03-19T11:33:56.946+0800][153.436s][info][gc,heap     ] GC(309) Archive regions: 0->0
[2026-03-19T11:33:56.946+0800][153.436s][info][gc,heap     ] GC(309) Humongous regions: 39->9
[2026-03-19T11:33:56.946+0800][153.436s][info][gc,metaspace] GC(309) Metaspace: 22891K(23168K)->22891K(23168K) NonClass: 20281K(20416K)->20281K(20416K) Class: 2610K(2752K)->2610K(2752K)
[2026-03-19T11:33:56.946+0800][153.436s][info][gc          ] GC(309) Pause Young (Concurrent Start) (G1 Humongous Allocation) 70M->27M(128M) 2.676ms
[2026-03-19T11:33:56.946+0800][153.436s][info][gc,cpu      ] GC(309) User=0.00s Sys=0.00s Real=0.00s
[2026-03-19T11:33:56.946+0800][153.437s][info][gc          ] GC(310) Concurrent Undo Cycle
[2026-03-19T11:33:56.947+0800][153.437s][info][gc,marking  ] GC(310) Concurrent Cleanup for Next Mark
[2026-03-19T11:33:56.947+0800][153.437s][info][gc,marking  ] GC(310) Concurrent Cleanup for Next Mark 0.379ms
[2026-03-19T11:33:56.947+0800][153.437s][info][gc          ] GC(310) Concurrent Undo Cycle 0.653ms
[2026-03-19T11:33:57.878+0800][154.368s][info][gc,start    ] GC(311) Pause Young (Concurrent Start) (G1 Humongous Allocation)
[2026-03-19T11:33:57.879+0800][154.369s][info][gc,task     ] GC(311) Using 3 workers of 13 for evacuation
[2026-03-19T11:33:57.881+0800][154.371s][info][gc,phases   ] GC(311)   Pre Evacuate Collection Set: 0.3ms
[2026-03-19T11:33:57.881+0800][154.371s][info][gc,phases   ] GC(311)   Merge Heap Roots: 0.2ms
[2026-03-19T11:33:57.881+0800][154.371s][info][gc,phases   ] GC(311)   Evacuate Collection Set: 0.8ms
[2026-03-19T11:33:57.881+0800][154.371s][info][gc,phases   ] GC(311)   Post Evacuate Collection Set: 0.8ms
[2026-03-19T11:33:57.881+0800][154.371s][info][gc,phases   ] GC(311)   Other: 0.7ms
[2026-03-19T11:33:57.881+0800][154.371s][info][gc,heap     ] GC(311) Eden regions: 13->0(74)
[2026-03-19T11:33:57.881+0800][154.371s][info][gc,heap     ] GC(311) Survivor regions: 2->2(10)
[2026-03-19T11:33:57.881+0800][154.371s][info][gc,heap     ] GC(311) Old regions: 18->18
[2026-03-19T11:33:57.881+0800][154.371s][info][gc,heap     ] GC(311) Archive regions: 0->0
[2026-03-19T11:33:57.881+0800][154.371s][info][gc,heap     ] GC(311) Humongous regions: 39->9
[2026-03-19T11:33:57.882+0800][154.371s][info][gc,metaspace] GC(311) Metaspace: 22891K(23168K)->22891K(23168K) NonClass: 20281K(20416K)->20281K(20416K) Class: 2610K(2752K)->2610K(2752K)
[2026-03-19T11:33:57.882+0800][154.371s][info][gc          ] GC(311) Pause Young (Concurrent Start) (G1 Humongous Allocation) 70M->27M(128M) 3.134ms
[2026-03-19T11:33:57.882+0800][154.372s][info][gc,cpu      ] GC(311) User=0.00s Sys=0.00s Real=0.00s
[2026-03-19T11:33:57.882+0800][154.372s][info][gc          ] GC(312) Concurrent Undo Cycle
[2026-03-19T11:33:57.882+0800][154.372s][info][gc,marking  ] GC(312) Concurrent Cleanup for Next Mark
[2026-03-19T11:33:57.882+0800][154.372s][info][gc,marking  ] GC(312) Concurrent Cleanup for Next Mark 0.364ms
[2026-03-19T11:33:57.882+0800][154.372s][info][gc          ] GC(312) Concurrent Undo Cycle 0.532ms
[2026-03-19T11:33:58.818+0800][155.307s][info][gc,start    ] GC(313) Pause Young (Concurrent Start) (G1 Humongous Allocation)
[2026-03-19T11:33:58.818+0800][155.308s][info][gc,task     ] GC(313) Using 3 workers of 13 for evacuation
[2026-03-19T11:33:58.820+0800][155.310s][info][gc,phases   ] GC(313)   Pre Evacuate Collection Set: 0.3ms
[2026-03-19T11:33:58.820+0800][155.310s][info][gc,phases   ] GC(313)   Merge Heap Roots: 0.2ms
[2026-03-19T11:33:58.820+0800][155.310s][info][gc,phases   ] GC(313)   Evacuate Collection Set: 0.8ms
[2026-03-19T11:33:58.820+0800][155.310s][info][gc,phases   ] GC(313)   Post Evacuate Collection Set: 0.9ms
[2026-03-19T11:33:58.820+0800][155.310s][info][gc,phases   ] GC(313)   Other: 0.6ms
[2026-03-19T11:33:58.820+0800][155.310s][info][gc,heap     ] GC(313) Eden regions: 13->0(74)
[2026-03-19T11:33:58.821+0800][155.311s][info][gc,heap     ] GC(313) Survivor regions: 2->2(10)
[2026-03-19T11:33:58.821+0800][155.311s][info][gc,heap     ] GC(313) Old regions: 18->18
[2026-03-19T11:33:58.821+0800][155.311s][info][gc,heap     ] GC(313) Archive regions: 0->0
[2026-03-19T11:33:58.821+0800][155.311s][info][gc,heap     ] GC(313) Humongous regions: 39->9
[2026-03-19T11:33:58.821+0800][155.311s][info][gc,metaspace] GC(313) Metaspace: 22891K(23168K)->22891K(23168K) NonClass: 20281K(20416K)->20281K(20416K) Class: 2610K(2752K)->2610K(2752K)
[2026-03-19T11:33:58.821+0800][155.311s][info][gc          ] GC(313) Pause Young (Concurrent Start) (G1 Humongous Allocation) 70M->27M(128M) 3.766ms
[2026-03-19T11:33:58.821+0800][155.311s][info][gc,cpu      ] GC(313) User=0.00s Sys=0.00s Real=0.00s
[2026-03-19T11:33:58.821+0800][155.311s][info][gc          ] GC(314) Concurrent Undo Cycle
[2026-03-19T11:33:58.821+0800][155.311s][info][gc,marking  ] GC(314) Concurrent Cleanup for Next Mark
[2026-03-19T11:33:58.822+0800][155.312s][info][gc,marking  ] GC(314) Concurrent Cleanup for Next Mark 0.277ms
[2026-03-19T11:33:58.822+0800][155.312s][info][gc          ] GC(314) Concurrent Undo Cycle 0.524ms
[2026-03-19T11:33:59.752+0800][156.242s][info][gc,start    ] GC(315) Pause Young (Concurrent Start) (G1 Humongous Allocation)
[2026-03-19T11:33:59.752+0800][156.242s][info][gc,task     ] GC(315) Using 3 workers of 13 for evacuation
[2026-03-19T11:33:59.754+0800][156.244s][info][gc,phases   ] GC(315)   Pre Evacuate Collection Set: 0.3ms
[2026-03-19T11:33:59.754+0800][156.244s][info][gc,phases   ] GC(315)   Merge Heap Roots: 0.1ms
[2026-03-19T11:33:59.754+0800][156.244s][info][gc,phases   ] GC(315)   Evacuate Collection Set: 0.6ms
[2026-03-19T11:33:59.754+0800][156.244s][info][gc,phases   ] GC(315)   Post Evacuate Collection Set: 0.9ms
[2026-03-19T11:33:59.754+0800][156.244s][info][gc,phases   ] GC(315)   Other: 0.4ms
[2026-03-19T11:33:59.754+0800][156.244s][info][gc,heap     ] GC(315) Eden regions: 13->0(74)
[2026-03-19T11:33:59.754+0800][156.244s][info][gc,heap     ] GC(315) Survivor regions: 2->2(10)
[2026-03-19T11:33:59.754+0800][156.244s][info][gc,heap     ] GC(315) Old regions: 18->18
[2026-03-19T11:33:59.754+0800][156.244s][info][gc,heap     ] GC(315) Archive regions: 0->0
[2026-03-19T11:33:59.754+0800][156.244s][info][gc,heap     ] GC(315) Humongous regions: 39->9
[2026-03-19T11:33:59.754+0800][156.244s][info][gc,metaspace] GC(315) Metaspace: 22891K(23168K)->22891K(23168K) NonClass: 20281K(20416K)->20281K(20416K) Class: 2610K(2752K)->2610K(2752K)
[2026-03-19T11:33:59.754+0800][156.244s][info][gc          ] GC(315) Pause Young (Concurrent Start) (G1 Humongous Allocation) 70M->27M(128M) 2.592ms
[2026-03-19T11:33:59.754+0800][156.244s][info][gc,cpu      ] GC(315) User=0.00s Sys=0.00s Real=0.00s
[2026-03-19T11:33:59.755+0800][156.244s][info][gc          ] GC(316) Concurrent Undo Cycle
[2026-03-19T11:33:59.755+0800][156.244s][info][gc,marking  ] GC(316) Concurrent Cleanup for Next Mark
[2026-03-19T11:33:59.755+0800][156.245s][info][gc,marking  ] GC(316) Concurrent Cleanup for Next Mark 0.375ms
[2026-03-19T11:33:59.755+0800][156.245s][info][gc          ] GC(316) Concurrent Undo Cycle 0.533ms
[2026-03-19T11:34:00.687+0800][157.177s][info][gc,start    ] GC(317) Pause Young (Concurrent Start) (G1 Humongous Allocation)
[2026-03-19T11:34:00.687+0800][157.178s][info][gc,task     ] GC(317) Using 3 workers of 13 for evacuation
[2026-03-19T11:34:00.691+0800][157.180s][info][gc,phases   ] GC(317)   Pre Evacuate Collection Set: 0.2ms
[2026-03-19T11:34:00.691+0800][157.180s][info][gc,phases   ] GC(317)   Merge Heap Roots: 0.2ms
[2026-03-19T11:34:00.691+0800][157.180s][info][gc,phases   ] GC(317)   Evacuate Collection Set: 0.8ms
[2026-03-19T11:34:00.691+0800][157.180s][info][gc,phases   ] GC(317)   Post Evacuate Collection Set: 0.7ms
[2026-03-19T11:34:00.691+0800][157.180s][info][gc,phases   ] GC(317)   Other: 0.7ms
[2026-03-19T11:34:00.691+0800][157.180s][info][gc,heap     ] GC(317) Eden regions: 13->0(74)
[2026-03-19T11:34:00.691+0800][157.180s][info][gc,heap     ] GC(317) Survivor regions: 2->2(10)
[2026-03-19T11:34:00.691+0800][157.180s][info][gc,heap     ] GC(317) Old regions: 18->18
[2026-03-19T11:34:00.691+0800][157.180s][info][gc,heap     ] GC(317) Archive regions: 0->0
[2026-03-19T11:34:00.691+0800][157.181s][info][gc,heap     ] GC(317) Humongous regions: 39->9
[2026-03-19T11:34:00.691+0800][157.181s][info][gc,metaspace] GC(317) Metaspace: 22891K(23168K)->22891K(23168K) NonClass: 20281K(20416K)->20281K(20416K) Class: 2610K(2752K)->2610K(2752K)
[2026-03-19T11:34:00.691+0800][157.181s][info][gc          ] GC(317) Pause Young (Concurrent Start) (G1 Humongous Allocation) 70M->27M(128M) 3.259ms
[2026-03-19T11:34:00.691+0800][157.181s][info][gc,cpu      ] GC(317) User=0.00s Sys=0.00s Real=0.00s
[2026-03-19T11:34:00.692+0800][157.181s][info][gc          ] GC(318) Concurrent Undo Cycle
[2026-03-19T11:34:00.692+0800][157.181s][info][gc,marking  ] GC(318) Concurrent Cleanup for Next Mark
[2026-03-19T11:34:00.692+0800][157.182s][info][gc,marking  ] GC(318) Concurrent Cleanup for Next Mark 0.421ms
[2026-03-19T11:34:00.692+0800][157.182s][info][gc          ] GC(318) Concurrent Undo Cycle 0.725ms
[2026-03-19T11:34:01.623+0800][158.113s][info][gc,start    ] GC(319) Pause Young (Concurrent Start) (G1 Humongous Allocation)
[2026-03-19T11:34:01.623+0800][158.113s][info][gc,task     ] GC(319) Using 3 workers of 13 for evacuation
[2026-03-19T11:34:01.625+0800][158.115s][info][gc,phases   ] GC(319)   Pre Evacuate Collection Set: 0.3ms
[2026-03-19T11:34:01.625+0800][158.115s][info][gc,phases   ] GC(319)   Merge Heap Roots: 0.1ms
[2026-03-19T11:34:01.626+0800][158.115s][info][gc,phases   ] GC(319)   Evacuate Collection Set: 0.8ms
[2026-03-19T11:34:01.626+0800][158.115s][info][gc,phases   ] GC(319)   Post Evacuate Collection Set: 0.8ms
[2026-03-19T11:34:01.626+0800][158.115s][info][gc,phases   ] GC(319)   Other: 0.5ms
[2026-03-19T11:34:01.626+0800][158.115s][info][gc,heap     ] GC(319) Eden regions: 13->0(74)
[2026-03-19T11:34:01.626+0800][158.116s][info][gc,heap     ] GC(319) Survivor regions: 2->2(10)
[2026-03-19T11:34:01.626+0800][158.116s][info][gc,heap     ] GC(319) Old regions: 18->18
[2026-03-19T11:34:01.626+0800][158.116s][info][gc,heap     ] GC(319) Archive regions: 0->0
[2026-03-19T11:34:01.626+0800][158.116s][info][gc,heap     ] GC(319) Humongous regions: 39->9
[2026-03-19T11:34:01.626+0800][158.116s][info][gc,metaspace] GC(319) Metaspace: 22892K(23168K)->22892K(23168K) NonClass: 20282K(20416K)->20282K(20416K) Class: 2610K(2752K)->2610K(2752K)
[2026-03-19T11:34:01.626+0800][158.116s][info][gc          ] GC(319) Pause Young (Concurrent Start) (G1 Humongous Allocation) 70M->27M(128M) 3.150ms
[2026-03-19T11:34:01.626+0800][158.116s][info][gc,cpu      ] GC(319) User=0.00s Sys=0.00s Real=0.00s
[2026-03-19T11:34:01.626+0800][158.116s][info][gc          ] GC(320) Concurrent Undo Cycle
[2026-03-19T11:34:01.626+0800][158.116s][info][gc,marking  ] GC(320) Concurrent Cleanup for Next Mark
[2026-03-19T11:34:01.627+0800][158.116s][info][gc,marking  ] GC(320) Concurrent Cleanup for Next Mark 0.391ms
[2026-03-19T11:34:01.627+0800][158.116s][info][gc          ] GC(320) Concurrent Undo Cycle 0.597ms
[2026-03-19T11:34:02.553+0800][159.043s][info][gc,start    ] GC(321) Pause Young (Concurrent Start) (G1 Humongous Allocation)
[2026-03-19T11:34:02.554+0800][159.043s][info][gc,task     ] GC(321) Using 3 workers of 13 for evacuation
[2026-03-19T11:34:02.556+0800][159.045s][info][gc,phases   ] GC(321)   Pre Evacuate Collection Set: 0.3ms
[2026-03-19T11:34:02.556+0800][159.045s][info][gc,phases   ] GC(321)   Merge Heap Roots: 0.2ms
[2026-03-19T11:34:02.556+0800][159.045s][info][gc,phases   ] GC(321)   Evacuate Collection Set: 0.8ms
[2026-03-19T11:34:02.556+0800][159.045s][info][gc,phases   ] GC(321)   Post Evacuate Collection Set: 0.6ms
[2026-03-19T11:34:02.556+0800][159.045s][info][gc,phases   ] GC(321)   Other: 0.7ms
[2026-03-19T11:34:02.556+0800][159.046s][info][gc,heap     ] GC(321) Eden regions: 12->0(74)
[2026-03-19T11:34:02.556+0800][159.046s][info][gc,heap     ] GC(321) Survivor regions: 2->2(10)
[2026-03-19T11:34:02.556+0800][159.046s][info][gc,heap     ] GC(321) Old regions: 18->18
[2026-03-19T11:34:02.556+0800][159.046s][info][gc,heap     ] GC(321) Archive regions: 0->0
[2026-03-19T11:34:02.556+0800][159.046s][info][gc,heap     ] GC(321) Humongous regions: 39->9
[2026-03-19T11:34:02.556+0800][159.046s][info][gc,metaspace] GC(321) Metaspace: 22892K(23168K)->22892K(23168K) NonClass: 20282K(20416K)->20282K(20416K) Class: 2610K(2752K)->2610K(2752K)
[2026-03-19T11:34:02.556+0800][159.046s][info][gc          ] GC(321) Pause Young (Concurrent Start) (G1 Humongous Allocation) 69M->27M(128M) 2.985ms
[2026-03-19T11:34:02.556+0800][159.046s][info][gc,cpu      ] GC(321) User=0.00s Sys=0.00s Real=0.00s
[2026-03-19T11:34:02.557+0800][159.046s][info][gc          ] GC(322) Concurrent Undo Cycle
[2026-03-19T11:34:02.557+0800][159.046s][info][gc,marking  ] GC(322) Concurrent Cleanup for Next Mark
[2026-03-19T11:34:02.557+0800][159.046s][info][gc,marking  ] GC(322) Concurrent Cleanup for Next Mark 0.339ms
[2026-03-19T11:34:02.557+0800][159.046s][info][gc          ] GC(322) Concurrent Undo Cycle 0.572ms
[2026-03-19T11:34:03.490+0800][159.979s][info][gc,start    ] GC(323) Pause Young (Concurrent Start) (G1 Humongous Allocation)
[2026-03-19T11:34:03.490+0800][159.980s][info][gc,task     ] GC(323) Using 3 workers of 13 for evacuation
[2026-03-19T11:34:03.493+0800][159.982s][info][gc,phases   ] GC(323)   Pre Evacuate Collection Set: 0.1ms
[2026-03-19T11:34:03.493+0800][159.982s][info][gc,phases   ] GC(323)   Merge Heap Roots: 0.1ms
[2026-03-19T11:34:03.493+0800][159.982s][info][gc,phases   ] GC(323)   Evacuate Collection Set: 1.0ms
[2026-03-19T11:34:03.493+0800][159.982s][info][gc,phases   ] GC(323)   Post Evacuate Collection Set: 0.7ms
[2026-03-19T11:34:03.493+0800][159.982s][info][gc,phases   ] GC(323)   Other: 0.6ms
[2026-03-19T11:34:03.493+0800][159.982s][info][gc,heap     ] GC(323) Eden regions: 12->0(74)
[2026-03-19T11:34:03.493+0800][159.982s][info][gc,heap     ] GC(323) Survivor regions: 2->2(10)
[2026-03-19T11:34:03.493+0800][159.982s][info][gc,heap     ] GC(323) Old regions: 18->18
[2026-03-19T11:34:03.493+0800][159.982s][info][gc,heap     ] GC(323) Archive regions: 0->0
[2026-03-19T11:34:03.493+0800][159.982s][info][gc,heap     ] GC(323) Humongous regions: 39->9
[2026-03-19T11:34:03.493+0800][159.982s][info][gc,metaspace] GC(323) Metaspace: 22892K(23168K)->22892K(23168K) NonClass: 20282K(20416K)->20282K(20416K) Class: 2610K(2752K)->2610K(2752K)
[2026-03-19T11:34:03.493+0800][159.983s][info][gc          ] GC(323) Pause Young (Concurrent Start) (G1 Humongous Allocation) 69M->27M(128M) 3.149ms
[2026-03-19T11:34:03.493+0800][159.983s][info][gc,cpu      ] GC(323) User=0.00s Sys=0.00s Real=0.00s
[2026-03-19T11:34:03.493+0800][159.983s][info][gc          ] GC(324) Concurrent Undo Cycle
[2026-03-19T11:34:03.493+0800][159.983s][info][gc,marking  ] GC(324) Concurrent Cleanup for Next Mark
[2026-03-19T11:34:03.494+0800][159.983s][info][gc,marking  ] GC(324) Concurrent Cleanup for Next Mark 0.397ms
[2026-03-19T11:34:03.494+0800][159.983s][info][gc          ] GC(324) Concurrent Undo Cycle 0.668ms
[2026-03-19T11:34:04.427+0800][160.917s][info][gc,start    ] GC(325) Pause Young (Concurrent Start) (G1 Humongous Allocation)
[2026-03-19T11:34:04.427+0800][160.917s][info][gc,task     ] GC(325) Using 3 workers of 13 for evacuation
[2026-03-19T11:34:04.430+0800][160.919s][info][gc,phases   ] GC(325)   Pre Evacuate Collection Set: 0.1ms
[2026-03-19T11:34:04.430+0800][160.920s][info][gc,phases   ] GC(325)   Merge Heap Roots: 0.1ms
[2026-03-19T11:34:04.430+0800][160.920s][info][gc,phases   ] GC(325)   Evacuate Collection Set: 0.8ms
[2026-03-19T11:34:04.430+0800][160.920s][info][gc,phases   ] GC(325)   Post Evacuate Collection Set: 0.9ms
[2026-03-19T11:34:04.430+0800][160.920s][info][gc,phases   ] GC(325)   Other: 0.3ms
[2026-03-19T11:34:04.431+0800][160.920s][info][gc,heap     ] GC(325) Eden regions: 13->0(74)
[2026-03-19T11:34:04.431+0800][160.920s][info][gc,heap     ] GC(325) Survivor regions: 2->2(10)
[2026-03-19T11:34:04.431+0800][160.920s][info][gc,heap     ] GC(325) Old regions: 18->18
[2026-03-19T11:34:04.431+0800][160.920s][info][gc,heap     ] GC(325) Archive regions: 0->0
[2026-03-19T11:34:04.431+0800][160.920s][info][gc,heap     ] GC(325) Humongous regions: 39->9
[2026-03-19T11:34:04.431+0800][160.920s][info][gc,metaspace] GC(325) Metaspace: 22892K(23168K)->22892K(23168K) NonClass: 20282K(20416K)->20282K(20416K) Class: 2610K(2752K)->2610K(2752K)
[2026-03-19T11:34:04.431+0800][160.920s][info][gc          ] GC(325) Pause Young (Concurrent Start) (G1 Humongous Allocation) 69M->27M(128M) 2.951ms
[2026-03-19T11:34:04.431+0800][160.920s][info][gc,cpu      ] GC(325) User=0.00s Sys=0.00s Real=0.00s
[2026-03-19T11:34:04.431+0800][160.920s][info][gc          ] GC(326) Concurrent Undo Cycle
[2026-03-19T11:34:04.431+0800][160.920s][info][gc,marking  ] GC(326) Concurrent Cleanup for Next Mark
[2026-03-19T11:34:04.432+0800][160.921s][info][gc,marking  ] GC(326) Concurrent Cleanup for Next Mark 0.800ms
[2026-03-19T11:34:04.432+0800][160.922s][info][gc          ] GC(326) Concurrent Undo Cycle 1.172ms
[2026-03-19T11:34:05.361+0800][161.851s][info][gc,start    ] GC(327) Pause Young (Concurrent Start) (G1 Humongous Allocation)
[2026-03-19T11:34:05.361+0800][161.851s][info][gc,task     ] GC(327) Using 3 workers of 13 for evacuation
[2026-03-19T11:34:05.362+0800][161.852s][info][gc,phases   ] GC(327)   Pre Evacuate Collection Set: 0.2ms
[2026-03-19T11:34:05.363+0800][161.852s][info][gc,phases   ] GC(327)   Merge Heap Roots: 0.1ms
[2026-03-19T11:34:05.363+0800][161.852s][info][gc,phases   ] GC(327)   Evacuate Collection Set: 0.6ms
[2026-03-19T11:34:05.363+0800][161.852s][info][gc,phases   ] GC(327)   Post Evacuate Collection Set: 0.5ms
[2026-03-19T11:34:05.363+0800][161.852s][info][gc,phases   ] GC(327)   Other: 0.3ms
[2026-03-19T11:34:05.363+0800][161.853s][info][gc,heap     ] GC(327) Eden regions: 13->0(74)
[2026-03-19T11:34:05.363+0800][161.853s][info][gc,heap     ] GC(327) Survivor regions: 2->2(10)
[2026-03-19T11:34:05.363+0800][161.853s][info][gc,heap     ] GC(327) Old regions: 18->18
[2026-03-19T11:34:05.363+0800][161.853s][info][gc,heap     ] GC(327) Archive regions: 0->0
[2026-03-19T11:34:05.363+0800][161.853s][info][gc,heap     ] GC(327) Humongous regions: 39->9
[2026-03-19T11:34:05.363+0800][161.853s][info][gc,metaspace] GC(327) Metaspace: 22892K(23168K)->22892K(23168K) NonClass: 20282K(20416K)->20282K(20416K) Class: 2610K(2752K)->2610K(2752K)
[2026-03-19T11:34:05.363+0800][161.853s][info][gc          ] GC(327) Pause Young (Concurrent Start) (G1 Humongous Allocation) 70M->27M(128M) 2.296ms
[2026-03-19T11:34:05.363+0800][161.853s][info][gc,cpu      ] GC(327) User=0.00s Sys=0.00s Real=0.00s
[2026-03-19T11:34:05.363+0800][161.853s][info][gc          ] GC(328) Concurrent Undo Cycle
[2026-03-19T11:34:05.363+0800][161.853s][info][gc,marking  ] GC(328) Concurrent Cleanup for Next Mark
[2026-03-19T11:34:05.364+0800][161.853s][info][gc,marking  ] GC(328) Concurrent Cleanup for Next Mark 0.324ms
[2026-03-19T11:34:05.364+0800][161.854s][info][gc          ] GC(328) Concurrent Undo Cycle 0.559ms
[2026-03-19T11:34:06.296+0800][162.785s][info][gc,start    ] GC(329) Pause Young (Concurrent Start) (G1 Humongous Allocation)
[2026-03-19T11:34:06.296+0800][162.785s][info][gc,task     ] GC(329) Using 3 workers of 13 for evacuation
[2026-03-19T11:34:06.297+0800][162.787s][info][gc,phases   ] GC(329)   Pre Evacuate Collection Set: 0.1ms
[2026-03-19T11:34:06.297+0800][162.787s][info][gc,phases   ] GC(329)   Merge Heap Roots: 0.1ms
[2026-03-19T11:34:06.297+0800][162.787s][info][gc,phases   ] GC(329)   Evacuate Collection Set: 0.6ms
[2026-03-19T11:34:06.298+0800][162.787s][info][gc,phases   ] GC(329)   Post Evacuate Collection Set: 0.6ms
[2026-03-19T11:34:06.298+0800][162.787s][info][gc,phases   ] GC(329)   Other: 0.3ms
[2026-03-19T11:34:06.298+0800][162.787s][info][gc,heap     ] GC(329) Eden regions: 13->0(74)
[2026-03-19T11:34:06.298+0800][162.787s][info][gc,heap     ] GC(329) Survivor regions: 2->2(10)
[2026-03-19T11:34:06.298+0800][162.787s][info][gc,heap     ] GC(329) Old regions: 18->18
[2026-03-19T11:34:06.298+0800][162.787s][info][gc,heap     ] GC(329) Archive regions: 0->0
[2026-03-19T11:34:06.298+0800][162.787s][info][gc,heap     ] GC(329) Humongous regions: 39->9
[2026-03-19T11:34:06.298+0800][162.787s][info][gc,metaspace] GC(329) Metaspace: 22892K(23168K)->22892K(23168K) NonClass: 20282K(20416K)->20282K(20416K) Class: 2610K(2752K)->2610K(2752K)
[2026-03-19T11:34:06.298+0800][162.787s][info][gc          ] GC(329) Pause Young (Concurrent Start) (G1 Humongous Allocation) 70M->27M(128M) 2.317ms
[2026-03-19T11:34:06.298+0800][162.787s][info][gc,cpu      ] GC(329) User=0.00s Sys=0.00s Real=0.00s
[2026-03-19T11:34:06.298+0800][162.787s][info][gc          ] GC(330) Concurrent Undo Cycle
[2026-03-19T11:34:06.298+0800][162.788s][info][gc,marking  ] GC(330) Concurrent Cleanup for Next Mark
[2026-03-19T11:34:06.298+0800][162.788s][info][gc,marking  ] GC(330) Concurrent Cleanup for Next Mark 0.367ms
[2026-03-19T11:34:06.298+0800][162.788s][info][gc          ] GC(330) Concurrent Undo Cycle 0.612ms
[2026-03-19T11:34:07.231+0800][163.721s][info][gc,start    ] GC(331) Pause Young (Concurrent Start) (G1 Humongous Allocation)
[2026-03-19T11:34:07.231+0800][163.721s][info][gc,task     ] GC(331) Using 3 workers of 13 for evacuation
[2026-03-19T11:34:07.233+0800][163.723s][info][gc,phases   ] GC(331)   Pre Evacuate Collection Set: 0.1ms
[2026-03-19T11:34:07.233+0800][163.723s][info][gc,phases   ] GC(331)   Merge Heap Roots: 0.2ms
[2026-03-19T11:34:07.233+0800][163.723s][info][gc,phases   ] GC(331)   Evacuate Collection Set: 0.6ms
[2026-03-19T11:34:07.233+0800][163.723s][info][gc,phases   ] GC(331)   Post Evacuate Collection Set: 0.8ms
[2026-03-19T11:34:07.233+0800][163.723s][info][gc,phases   ] GC(331)   Other: 0.3ms
[2026-03-19T11:34:07.233+0800][163.724s][info][gc,heap     ] GC(331) Eden regions: 12->0(74)
[2026-03-19T11:34:07.233+0800][163.724s][info][gc,heap     ] GC(331) Survivor regions: 2->2(10)
[2026-03-19T11:34:07.233+0800][163.724s][info][gc,heap     ] GC(331) Old regions: 18->18
[2026-03-19T11:34:07.233+0800][163.724s][info][gc,heap     ] GC(331) Archive regions: 0->0
[2026-03-19T11:34:07.233+0800][163.724s][info][gc,heap     ] GC(331) Humongous regions: 39->9
[2026-03-19T11:34:07.235+0800][163.724s][info][gc,metaspace] GC(331) Metaspace: 22892K(23168K)->22892K(23168K) NonClass: 20282K(20416K)->20282K(20416K) Class: 2610K(2752K)->2610K(2752K)
[2026-03-19T11:34:07.235+0800][163.724s][info][gc          ] GC(331) Pause Young (Concurrent Start) (G1 Humongous Allocation) 69M->27M(128M) 2.590ms
[2026-03-19T11:34:07.235+0800][163.724s][info][gc,cpu      ] GC(331) User=0.00s Sys=0.00s Real=0.00s
[2026-03-19T11:34:07.235+0800][163.724s][info][gc          ] GC(332) Concurrent Undo Cycle
[2026-03-19T11:34:07.235+0800][163.724s][info][gc,marking  ] GC(332) Concurrent Cleanup for Next Mark
[2026-03-19T11:34:07.235+0800][163.724s][info][gc,marking  ] GC(332) Concurrent Cleanup for Next Mark 0.375ms
[2026-03-19T11:34:07.235+0800][163.725s][info][gc          ] GC(332) Concurrent Undo Cycle 0.620ms
[2026-03-19T11:34:08.161+0800][164.650s][info][gc,start    ] GC(333) Pause Young (Concurrent Start) (G1 Humongous Allocation)
[2026-03-19T11:34:08.161+0800][164.650s][info][gc,task     ] GC(333) Using 3 workers of 13 for evacuation
[2026-03-19T11:34:08.163+0800][164.652s][info][gc,phases   ] GC(333)   Pre Evacuate Collection Set: 0.2ms
[2026-03-19T11:34:08.163+0800][164.652s][info][gc,phases   ] GC(333)   Merge Heap Roots: 0.2ms
[2026-03-19T11:34:08.163+0800][164.652s][info][gc,phases   ] GC(333)   Evacuate Collection Set: 0.7ms
[2026-03-19T11:34:08.163+0800][164.652s][info][gc,phases   ] GC(333)   Post Evacuate Collection Set: 0.6ms
[2026-03-19T11:34:08.163+0800][164.652s][info][gc,phases   ] GC(333)   Other: 0.5ms
[2026-03-19T11:34:08.163+0800][164.652s][info][gc,heap     ] GC(333) Eden regions: 13->0(74)
[2026-03-19T11:34:08.163+0800][164.652s][info][gc,heap     ] GC(333) Survivor regions: 2->2(10)
[2026-03-19T11:34:08.163+0800][164.652s][info][gc,heap     ] GC(333) Old regions: 18->18
[2026-03-19T11:34:08.163+0800][164.652s][info][gc,heap     ] GC(333) Archive regions: 0->0
[2026-03-19T11:34:08.163+0800][164.652s][info][gc,heap     ] GC(333) Humongous regions: 39->9
[2026-03-19T11:34:08.163+0800][164.652s][info][gc,metaspace] GC(333) Metaspace: 22892K(23168K)->22892K(23168K) NonClass: 20282K(20416K)->20282K(20416K) Class: 2610K(2752K)->2610K(2752K)
[2026-03-19T11:34:08.163+0800][164.653s][info][gc          ] GC(333) Pause Young (Concurrent Start) (G1 Humongous Allocation) 70M->27M(128M) 2.550ms
[2026-03-19T11:34:08.163+0800][164.653s][info][gc,cpu      ] GC(333) User=0.00s Sys=0.00s Real=0.00s
[2026-03-19T11:34:08.163+0800][164.653s][info][gc          ] GC(334) Concurrent Undo Cycle
[2026-03-19T11:34:08.163+0800][164.653s][info][gc,marking  ] GC(334) Concurrent Cleanup for Next Mark
[2026-03-19T11:34:08.164+0800][164.653s][info][gc,marking  ] GC(334) Concurrent Cleanup for Next Mark 0.285ms
[2026-03-19T11:34:08.164+0800][164.653s][info][gc          ] GC(334) Concurrent Undo Cycle 0.456ms
[2026-03-19T11:34:09.091+0800][165.580s][info][gc,start    ] GC(335) Pause Young (Concurrent Start) (G1 Humongous Allocation)
[2026-03-19T11:34:09.091+0800][165.580s][info][gc,task     ] GC(335) Using 3 workers of 13 for evacuation
[2026-03-19T11:34:09.093+0800][165.582s][info][gc,phases   ] GC(335)   Pre Evacuate Collection Set: 0.2ms
[2026-03-19T11:34:09.093+0800][165.582s][info][gc,phases   ] GC(335)   Merge Heap Roots: 0.2ms
[2026-03-19T11:34:09.093+0800][165.582s][info][gc,phases   ] GC(335)   Evacuate Collection Set: 0.7ms
[2026-03-19T11:34:09.093+0800][165.582s][info][gc,phases   ] GC(335)   Post Evacuate Collection Set: 0.7ms
[2026-03-19T11:34:09.093+0800][165.583s][info][gc,phases   ] GC(335)   Other: 0.3ms
[2026-03-19T11:34:09.093+0800][165.583s][info][gc,heap     ] GC(335) Eden regions: 13->0(74)
[2026-03-19T11:34:09.093+0800][165.583s][info][gc,heap     ] GC(335) Survivor regions: 2->2(10)
[2026-03-19T11:34:09.093+0800][165.583s][info][gc,heap     ] GC(335) Old regions: 18->18
[2026-03-19T11:34:09.093+0800][165.583s][info][gc,heap     ] GC(335) Archive regions: 0->0
[2026-03-19T11:34:09.093+0800][165.583s][info][gc,heap     ] GC(335) Humongous regions: 39->9
[2026-03-19T11:34:09.093+0800][165.583s][info][gc,metaspace] GC(335) Metaspace: 22892K(23168K)->22892K(23168K) NonClass: 20282K(20416K)->20282K(20416K) Class: 2610K(2752K)->2610K(2752K)
[2026-03-19T11:34:09.093+0800][165.583s][info][gc          ] GC(335) Pause Young (Concurrent Start) (G1 Humongous Allocation) 70M->27M(128M) 2.481ms
[2026-03-19T11:34:09.093+0800][165.583s][info][gc,cpu      ] GC(335) User=0.00s Sys=0.00s Real=0.00s
[2026-03-19T11:34:09.094+0800][165.583s][info][gc          ] GC(336) Concurrent Undo Cycle
[2026-03-19T11:34:09.094+0800][165.583s][info][gc,marking  ] GC(336) Concurrent Cleanup for Next Mark
[2026-03-19T11:34:09.094+0800][165.583s][info][gc,marking  ] GC(336) Concurrent Cleanup for Next Mark 0.284ms
[2026-03-19T11:34:09.094+0800][165.583s][info][gc          ] GC(336) Concurrent Undo Cycle 0.438ms
[2026-03-19T11:34:10.022+0800][166.511s][info][gc,start    ] GC(337) Pause Young (Concurrent Start) (G1 Humongous Allocation)
[2026-03-19T11:34:10.022+0800][166.511s][info][gc,task     ] GC(337) Using 3 workers of 13 for evacuation
[2026-03-19T11:34:10.024+0800][166.514s][info][gc,phases   ] GC(337)   Pre Evacuate Collection Set: 0.2ms
[2026-03-19T11:34:10.024+0800][166.514s][info][gc,phases   ] GC(337)   Merge Heap Roots: 0.1ms
[2026-03-19T11:34:10.025+0800][166.514s][info][gc,phases   ] GC(337)   Evacuate Collection Set: 0.8ms
[2026-03-19T11:34:10.025+0800][166.514s][info][gc,phases   ] GC(337)   Post Evacuate Collection Set: 0.8ms
[2026-03-19T11:34:10.025+0800][166.514s][info][gc,phases   ] GC(337)   Other: 0.5ms
[2026-03-19T11:34:10.025+0800][166.514s][info][gc,heap     ] GC(337) Eden regions: 12->0(74)
[2026-03-19T11:34:10.025+0800][166.514s][info][gc,heap     ] GC(337) Survivor regions: 2->2(10)
[2026-03-19T11:34:10.025+0800][166.514s][info][gc,heap     ] GC(337) Old regions: 18->18
[2026-03-19T11:34:10.025+0800][166.514s][info][gc,heap     ] GC(337) Archive regions: 0->0
[2026-03-19T11:34:10.025+0800][166.514s][info][gc,heap     ] GC(337) Humongous regions: 39->9
[2026-03-19T11:34:10.025+0800][166.514s][info][gc,metaspace] GC(337) Metaspace: 22892K(23168K)->22892K(23168K) NonClass: 20282K(20416K)->20282K(20416K) Class: 2610K(2752K)->2610K(2752K)
[2026-03-19T11:34:10.025+0800][166.514s][info][gc          ] GC(337) Pause Young (Concurrent Start) (G1 Humongous Allocation) 69M->27M(128M) 2.930ms
[2026-03-19T11:34:10.025+0800][166.514s][info][gc,cpu      ] GC(337) User=0.00s Sys=0.00s Real=0.00s
[2026-03-19T11:34:10.025+0800][166.514s][info][gc          ] GC(338) Concurrent Undo Cycle
[2026-03-19T11:34:10.025+0800][166.514s][info][gc,marking  ] GC(338) Concurrent Cleanup for Next Mark
[2026-03-19T11:34:10.026+0800][166.515s][info][gc,marking  ] GC(338) Concurrent Cleanup for Next Mark 0.356ms
[2026-03-19T11:34:10.026+0800][166.515s][info][gc          ] GC(338) Concurrent Undo Cycle 0.576ms
[2026-03-19T11:34:10.955+0800][167.446s][info][gc,start    ] GC(339) Pause Young (Concurrent Start) (G1 Humongous Allocation)
[2026-03-19T11:34:10.955+0800][167.446s][info][gc,task     ] GC(339) Using 3 workers of 13 for evacuation
[2026-03-19T11:34:10.957+0800][167.448s][info][gc,phases   ] GC(339)   Pre Evacuate Collection Set: 0.3ms
[2026-03-19T11:34:10.957+0800][167.448s][info][gc,phases   ] GC(339)   Merge Heap Roots: 0.3ms
[2026-03-19T11:34:10.957+0800][167.448s][info][gc,phases   ] GC(339)   Evacuate Collection Set: 0.6ms
[2026-03-19T11:34:10.957+0800][167.448s][info][gc,phases   ] GC(339)   Post Evacuate Collection Set: 0.6ms
[2026-03-19T11:34:10.957+0800][167.448s][info][gc,phases   ] GC(339)   Other: 0.4ms
[2026-03-19T11:34:10.957+0800][167.448s][info][gc,heap     ] GC(339) Eden regions: 13->0(74)
[2026-03-19T11:34:10.957+0800][167.448s][info][gc,heap     ] GC(339) Survivor regions: 2->2(10)
[2026-03-19T11:34:10.957+0800][167.448s][info][gc,heap     ] GC(339) Old regions: 18->18
[2026-03-19T11:34:10.957+0800][167.448s][info][gc,heap     ] GC(339) Archive regions: 0->0
[2026-03-19T11:34:10.957+0800][167.448s][info][gc,heap     ] GC(339) Humongous regions: 39->9
[2026-03-19T11:34:10.957+0800][167.448s][info][gc,metaspace] GC(339) Metaspace: 22893K(23168K)->22893K(23168K) NonClass: 20283K(20416K)->20283K(20416K) Class: 2610K(2752K)->2610K(2752K)
[2026-03-19T11:34:10.957+0800][167.448s][info][gc          ] GC(339) Pause Young (Concurrent Start) (G1 Humongous Allocation) 70M->27M(128M) 2.582ms
[2026-03-19T11:34:10.959+0800][167.448s][info][gc,cpu      ] GC(339) User=0.00s Sys=0.00s Real=0.00s
[2026-03-19T11:34:10.959+0800][167.448s][info][gc          ] GC(340) Concurrent Undo Cycle
[2026-03-19T11:34:10.959+0800][167.448s][info][gc,marking  ] GC(340) Concurrent Cleanup for Next Mark
[2026-03-19T11:34:10.959+0800][167.449s][info][gc,marking  ] GC(340) Concurrent Cleanup for Next Mark 0.367ms
[2026-03-19T11:34:10.959+0800][167.449s][info][gc          ] GC(340) Concurrent Undo Cycle 0.533ms
[2026-03-19T11:34:11.888+0800][168.378s][info][gc,start    ] GC(341) Pause Young (Concurrent Start) (G1 Humongous Allocation)
[2026-03-19T11:34:11.888+0800][168.378s][info][gc,task     ] GC(341) Using 3 workers of 13 for evacuation
[2026-03-19T11:34:11.891+0800][168.380s][info][gc,phases   ] GC(341)   Pre Evacuate Collection Set: 0.2ms
[2026-03-19T11:34:11.891+0800][168.381s][info][gc,phases   ] GC(341)   Merge Heap Roots: 0.1ms
[2026-03-19T11:34:11.891+0800][168.381s][info][gc,phases   ] GC(341)   Evacuate Collection Set: 0.8ms
[2026-03-19T11:34:11.891+0800][168.381s][info][gc,phases   ] GC(341)   Post Evacuate Collection Set: 1.3ms
[2026-03-19T11:34:11.891+0800][168.381s][info][gc,phases   ] GC(341)   Other: 0.3ms
[2026-03-19T11:34:11.891+0800][168.381s][info][gc,heap     ] GC(341) Eden regions: 12->0(74)
[2026-03-19T11:34:11.891+0800][168.381s][info][gc,heap     ] GC(341) Survivor regions: 2->2(10)
[2026-03-19T11:34:11.891+0800][168.381s][info][gc,heap     ] GC(341) Old regions: 18->18
[2026-03-19T11:34:11.891+0800][168.381s][info][gc,heap     ] GC(341) Archive regions: 0->0
[2026-03-19T11:34:11.891+0800][168.381s][info][gc,heap     ] GC(341) Humongous regions: 39->9
[2026-03-19T11:34:11.891+0800][168.381s][info][gc,metaspace] GC(341) Metaspace: 22893K(23168K)->22893K(23168K) NonClass: 20283K(20416K)->20283K(20416K) Class: 2610K(2752K)->2610K(2752K)
[2026-03-19T11:34:11.891+0800][168.381s][info][gc          ] GC(341) Pause Young (Concurrent Start) (G1 Humongous Allocation) 69M->27M(128M) 3.560ms
[2026-03-19T11:34:11.891+0800][168.381s][info][gc,cpu      ] GC(341) User=0.00s Sys=0.00s Real=0.00s
[2026-03-19T11:34:11.891+0800][168.381s][info][gc          ] GC(342) Concurrent Undo Cycle
[2026-03-19T11:34:11.892+0800][168.382s][info][gc,marking  ] GC(342) Concurrent Cleanup for Next Mark
[2026-03-19T11:34:11.893+0800][168.383s][info][gc,marking  ] GC(342) Concurrent Cleanup for Next Mark 0.932ms
[2026-03-19T11:34:11.893+0800][168.383s][info][gc          ] GC(342) Concurrent Undo Cycle 1.472ms
[2026-03-19T11:34:12.824+0800][169.313s][info][gc,start    ] GC(343) Pause Young (Concurrent Start) (G1 Humongous Allocation)
[2026-03-19T11:34:12.824+0800][169.314s][info][gc,task     ] GC(343) Using 3 workers of 13 for evacuation
[2026-03-19T11:34:12.826+0800][169.316s][info][gc,phases   ] GC(343)   Pre Evacuate Collection Set: 0.2ms
[2026-03-19T11:34:12.826+0800][169.316s][info][gc,phases   ] GC(343)   Merge Heap Roots: 0.2ms
[2026-03-19T11:34:12.826+0800][169.316s][info][gc,phases   ] GC(343)   Evacuate Collection Set: 0.7ms
[2026-03-19T11:34:12.826+0800][169.316s][info][gc,phases   ] GC(343)   Post Evacuate Collection Set: 0.7ms
[2026-03-19T11:34:12.827+0800][169.317s][info][gc,phases   ] GC(343)   Other: 0.5ms
[2026-03-19T11:34:12.827+0800][169.317s][info][gc,heap     ] GC(343) Eden regions: 13->0(74)
[2026-03-19T11:34:12.827+0800][169.317s][info][gc,heap     ] GC(343) Survivor regions: 2->2(10)
[2026-03-19T11:34:12.827+0800][169.317s][info][gc,heap     ] GC(343) Old regions: 18->18
[2026-03-19T11:34:12.827+0800][169.317s][info][gc,heap     ] GC(343) Archive regions: 0->0
[2026-03-19T11:34:12.827+0800][169.317s][info][gc,heap     ] GC(343) Humongous regions: 39->9
[2026-03-19T11:34:12.827+0800][169.317s][info][gc,metaspace] GC(343) Metaspace: 22893K(23168K)->22893K(23168K) NonClass: 20283K(20416K)->20283K(20416K) Class: 2610K(2752K)->2610K(2752K)
[2026-03-19T11:34:12.827+0800][169.317s][info][gc          ] GC(343) Pause Young (Concurrent Start) (G1 Humongous Allocation) 70M->27M(128M) 3.323ms
[2026-03-19T11:34:12.827+0800][169.317s][info][gc,cpu      ] GC(343) User=0.00s Sys=0.02s Real=0.00s
[2026-03-19T11:34:12.827+0800][169.317s][info][gc          ] GC(344) Concurrent Undo Cycle
[2026-03-19T11:34:12.827+0800][169.317s][info][gc,marking  ] GC(344) Concurrent Cleanup for Next Mark
[2026-03-19T11:34:12.828+0800][169.317s][info][gc,marking  ] GC(344) Concurrent Cleanup for Next Mark 0.359ms
[2026-03-19T11:34:12.828+0800][169.318s][info][gc          ] GC(344) Concurrent Undo Cycle 0.661ms
[2026-03-19T11:34:13.758+0800][170.247s][info][gc,start    ] GC(345) Pause Young (Concurrent Start) (G1 Humongous Allocation)
[2026-03-19T11:34:13.758+0800][170.247s][info][gc,task     ] GC(345) Using 3 workers of 13 for evacuation
[2026-03-19T11:34:13.760+0800][170.250s][info][gc,phases   ] GC(345)   Pre Evacuate Collection Set: 0.1ms
[2026-03-19T11:34:13.761+0800][170.250s][info][gc,phases   ] GC(345)   Merge Heap Roots: 0.4ms
[2026-03-19T11:34:13.761+0800][170.250s][info][gc,phases   ] GC(345)   Evacuate Collection Set: 0.6ms
[2026-03-19T11:34:13.761+0800][170.250s][info][gc,phases   ] GC(345)   Post Evacuate Collection Set: 1.1ms
[2026-03-19T11:34:13.761+0800][170.250s][info][gc,phases   ] GC(345)   Other: 0.4ms
[2026-03-19T11:34:13.761+0800][170.250s][info][gc,heap     ] GC(345) Eden regions: 13->0(74)
[2026-03-19T11:34:13.761+0800][170.250s][info][gc,heap     ] GC(345) Survivor regions: 2->2(10)
[2026-03-19T11:34:13.761+0800][170.250s][info][gc,heap     ] GC(345) Old regions: 18->18
[2026-03-19T11:34:13.761+0800][170.250s][info][gc,heap     ] GC(345) Archive regions: 0->0
[2026-03-19T11:34:13.761+0800][170.250s][info][gc,heap     ] GC(345) Humongous regions: 39->9
[2026-03-19T11:34:13.761+0800][170.250s][info][gc,metaspace] GC(345) Metaspace: 22895K(23168K)->22895K(23168K) NonClass: 20285K(20416K)->20285K(20416K) Class: 2610K(2752K)->2610K(2752K)
[2026-03-19T11:34:13.761+0800][170.250s][info][gc          ] GC(345) Pause Young (Concurrent Start) (G1 Humongous Allocation) 70M->27M(128M) 2.979ms
[2026-03-19T11:34:13.761+0800][170.250s][info][gc,cpu      ] GC(345) User=0.00s Sys=0.00s Real=0.00s
[2026-03-19T11:34:13.761+0800][170.250s][info][gc          ] GC(346) Concurrent Undo Cycle
[2026-03-19T11:34:13.761+0800][170.250s][info][gc,marking  ] GC(346) Concurrent Cleanup for Next Mark
[2026-03-19T11:34:13.761+0800][170.251s][info][gc,marking  ] GC(346) Concurrent Cleanup for Next Mark 0.329ms
[2026-03-19T11:34:13.761+0800][170.251s][info][gc          ] GC(346) Concurrent Undo Cycle 0.489ms
[2026-03-19T11:34:14.692+0800][171.182s][info][gc,start    ] GC(347) Pause Young (Concurrent Start) (G1 Humongous Allocation)
[2026-03-19T11:34:14.692+0800][171.182s][info][gc,task     ] GC(347) Using 3 workers of 13 for evacuation
[2026-03-19T11:34:14.694+0800][171.184s][info][gc,phases   ] GC(347)   Pre Evacuate Collection Set: 0.3ms
[2026-03-19T11:34:14.694+0800][171.184s][info][gc,phases   ] GC(347)   Merge Heap Roots: 0.2ms
[2026-03-19T11:34:14.694+0800][171.184s][info][gc,phases   ] GC(347)   Evacuate Collection Set: 0.6ms
[2026-03-19T11:34:14.694+0800][171.184s][info][gc,phases   ] GC(347)   Post Evacuate Collection Set: 0.5ms
[2026-03-19T11:34:14.694+0800][171.184s][info][gc,phases   ] GC(347)   Other: 0.3ms
[2026-03-19T11:34:14.694+0800][171.184s][info][gc,heap     ] GC(347) Eden regions: 13->0(74)
[2026-03-19T11:34:14.694+0800][171.184s][info][gc,heap     ] GC(347) Survivor regions: 2->2(10)
[2026-03-19T11:34:14.694+0800][171.184s][info][gc,heap     ] GC(347) Old regions: 18->18
[2026-03-19T11:34:14.694+0800][171.184s][info][gc,heap     ] GC(347) Archive regions: 0->0
[2026-03-19T11:34:14.694+0800][171.184s][info][gc,heap     ] GC(347) Humongous regions: 39->9
[2026-03-19T11:34:14.694+0800][171.184s][info][gc,metaspace] GC(347) Metaspace: 22895K(23168K)->22895K(23168K) NonClass: 20285K(20416K)->20285K(20416K) Class: 2610K(2752K)->2610K(2752K)
[2026-03-19T11:34:14.694+0800][171.184s][info][gc          ] GC(347) Pause Young (Concurrent Start) (G1 Humongous Allocation) 70M->27M(128M) 2.276ms
[2026-03-19T11:34:14.695+0800][171.184s][info][gc,cpu      ] GC(347) User=0.00s Sys=0.00s Real=0.00s
[2026-03-19T11:34:14.695+0800][171.184s][info][gc          ] GC(348) Concurrent Undo Cycle
[2026-03-19T11:34:14.695+0800][171.184s][info][gc,marking  ] GC(348) Concurrent Cleanup for Next Mark
[2026-03-19T11:34:14.695+0800][171.185s][info][gc,marking  ] GC(348) Concurrent Cleanup for Next Mark 0.318ms
[2026-03-19T11:34:14.695+0800][171.185s][info][gc          ] GC(348) Concurrent Undo Cycle 0.456ms
[2026-03-19T11:34:15.627+0800][172.117s][info][gc,start    ] GC(349) Pause Young (Concurrent Start) (G1 Humongous Allocation)
[2026-03-19T11:34:15.627+0800][172.117s][info][gc,task     ] GC(349) Using 3 workers of 13 for evacuation
[2026-03-19T11:34:15.629+0800][172.119s][info][gc,phases   ] GC(349)   Pre Evacuate Collection Set: 0.1ms
[2026-03-19T11:34:15.629+0800][172.119s][info][gc,phases   ] GC(349)   Merge Heap Roots: 0.1ms
[2026-03-19T11:34:15.629+0800][172.119s][info][gc,phases   ] GC(349)   Evacuate Collection Set: 0.6ms
[2026-03-19T11:34:15.629+0800][172.119s][info][gc,phases   ] GC(349)   Post Evacuate Collection Set: 0.7ms
[2026-03-19T11:34:15.629+0800][172.119s][info][gc,phases   ] GC(349)   Other: 0.3ms
[2026-03-19T11:34:15.629+0800][172.119s][info][gc,heap     ] GC(349) Eden regions: 13->0(74)
[2026-03-19T11:34:15.629+0800][172.119s][info][gc,heap     ] GC(349) Survivor regions: 2->2(10)
[2026-03-19T11:34:15.629+0800][172.119s][info][gc,heap     ] GC(349) Old regions: 18->18
[2026-03-19T11:34:15.629+0800][172.119s][info][gc,heap     ] GC(349) Archive regions: 0->0
[2026-03-19T11:34:15.629+0800][172.119s][info][gc,heap     ] GC(349) Humongous regions: 39->9
[2026-03-19T11:34:15.629+0800][172.119s][info][gc,metaspace] GC(349) Metaspace: 22895K(23168K)->22895K(23168K) NonClass: 20285K(20416K)->20285K(20416K) Class: 2610K(2752K)->2610K(2752K)
[2026-03-19T11:34:15.629+0800][172.119s][info][gc          ] GC(349) Pause Young (Concurrent Start) (G1 Humongous Allocation) 70M->27M(128M) 2.139ms
[2026-03-19T11:34:15.629+0800][172.119s][info][gc,cpu      ] GC(349) User=0.00s Sys=0.00s Real=0.00s
[2026-03-19T11:34:15.629+0800][172.119s][info][gc          ] GC(350) Concurrent Undo Cycle
[2026-03-19T11:34:15.630+0800][172.119s][info][gc,marking  ] GC(350) Concurrent Cleanup for Next Mark
[2026-03-19T11:34:15.630+0800][172.120s][info][gc,marking  ] GC(350) Concurrent Cleanup for Next Mark 0.322ms
[2026-03-19T11:34:15.630+0800][172.120s][info][gc          ] GC(350) Concurrent Undo Cycle 0.561ms
[2026-03-19T11:34:16.564+0800][173.053s][info][gc,start    ] GC(351) Pause Young (Concurrent Start) (G1 Humongous Allocation)
[2026-03-19T11:34:16.564+0800][173.053s][info][gc,task     ] GC(351) Using 3 workers of 13 for evacuation
[2026-03-19T11:34:16.567+0800][173.056s][info][gc,phases   ] GC(351)   Pre Evacuate Collection Set: 0.3ms
[2026-03-19T11:34:16.567+0800][173.056s][info][gc,phases   ] GC(351)   Merge Heap Roots: 0.2ms
[2026-03-19T11:34:16.567+0800][173.057s][info][gc,phases   ] GC(351)   Evacuate Collection Set: 0.9ms
[2026-03-19T11:34:16.567+0800][173.057s][info][gc,phases   ] GC(351)   Post Evacuate Collection Set: 1.1ms
[2026-03-19T11:34:16.567+0800][173.057s][info][gc,phases   ] GC(351)   Other: 0.6ms
[2026-03-19T11:34:16.567+0800][173.057s][info][gc,heap     ] GC(351) Eden regions: 13->0(74)
[2026-03-19T11:34:16.568+0800][173.057s][info][gc,heap     ] GC(351) Survivor regions: 2->2(10)
[2026-03-19T11:34:16.568+0800][173.057s][info][gc,heap     ] GC(351) Old regions: 18->18
[2026-03-19T11:34:16.568+0800][173.057s][info][gc,heap     ] GC(351) Archive regions: 0->0
[2026-03-19T11:34:16.568+0800][173.057s][info][gc,heap     ] GC(351) Humongous regions: 39->9
[2026-03-19T11:34:16.568+0800][173.057s][info][gc,metaspace] GC(351) Metaspace: 22895K(23168K)->22895K(23168K) NonClass: 20285K(20416K)->20285K(20416K) Class: 2610K(2752K)->2610K(2752K)
[2026-03-19T11:34:16.568+0800][173.057s][info][gc          ] GC(351) Pause Young (Concurrent Start) (G1 Humongous Allocation) 70M->27M(128M) 4.091ms
[2026-03-19T11:34:16.568+0800][173.057s][info][gc,cpu      ] GC(351) User=0.00s Sys=0.00s Real=0.00s
[2026-03-19T11:34:16.568+0800][173.057s][info][gc          ] GC(352) Concurrent Undo Cycle
[2026-03-19T11:34:16.568+0800][173.058s][info][gc,marking  ] GC(352) Concurrent Cleanup for Next Mark
[2026-03-19T11:34:16.569+0800][173.058s][info][gc,marking  ] GC(352) Concurrent Cleanup for Next Mark 0.362ms
[2026-03-19T11:34:16.569+0800][173.058s][info][gc          ] GC(352) Concurrent Undo Cycle 0.724ms
[2026-03-19T11:34:17.500+0800][173.989s][info][gc,start    ] GC(353) Pause Young (Concurrent Start) (G1 Humongous Allocation)
[2026-03-19T11:34:17.500+0800][173.990s][info][gc,task     ] GC(353) Using 3 workers of 13 for evacuation
[2026-03-19T11:34:17.502+0800][173.991s][info][gc,phases   ] GC(353)   Pre Evacuate Collection Set: 0.1ms
[2026-03-19T11:34:17.502+0800][173.991s][info][gc,phases   ] GC(353)   Merge Heap Roots: 0.1ms
[2026-03-19T11:34:17.502+0800][173.991s][info][gc,phases   ] GC(353)   Evacuate Collection Set: 0.8ms
[2026-03-19T11:34:17.502+0800][173.991s][info][gc,phases   ] GC(353)   Post Evacuate Collection Set: 0.3ms
[2026-03-19T11:34:17.502+0800][173.991s][info][gc,phases   ] GC(353)   Other: 0.4ms
[2026-03-19T11:34:17.502+0800][173.991s][info][gc,heap     ] GC(353) Eden regions: 13->0(74)
[2026-03-19T11:34:17.502+0800][173.991s][info][gc,heap     ] GC(353) Survivor regions: 2->2(10)
[2026-03-19T11:34:17.502+0800][173.991s][info][gc,heap     ] GC(353) Old regions: 18->18
[2026-03-19T11:34:17.502+0800][173.992s][info][gc,heap     ] GC(353) Archive regions: 0->0
[2026-03-19T11:34:17.502+0800][173.992s][info][gc,heap     ] GC(353) Humongous regions: 39->9
[2026-03-19T11:34:17.502+0800][173.992s][info][gc,metaspace] GC(353) Metaspace: 22895K(23168K)->22895K(23168K) NonClass: 20285K(20416K)->20285K(20416K) Class: 2610K(2752K)->2610K(2752K)
[2026-03-19T11:34:17.502+0800][173.992s][info][gc          ] GC(353) Pause Young (Concurrent Start) (G1 Humongous Allocation) 70M->27M(128M) 2.262ms
[2026-03-19T11:34:17.502+0800][173.992s][info][gc,cpu      ] GC(353) User=0.00s Sys=0.00s Real=0.00s
[2026-03-19T11:34:17.502+0800][173.992s][info][gc          ] GC(354) Concurrent Undo Cycle
[2026-03-19T11:34:17.502+0800][173.992s][info][gc,marking  ] GC(354) Concurrent Cleanup for Next Mark
[2026-03-19T11:34:17.503+0800][173.992s][info][gc,marking  ] GC(354) Concurrent Cleanup for Next Mark 0.253ms
[2026-03-19T11:34:17.503+0800][173.992s][info][gc          ] GC(354) Concurrent Undo Cycle 0.485ms
[2026-03-19T11:34:18.435+0800][174.925s][info][gc,start    ] GC(355) Pause Young (Concurrent Start) (G1 Humongous Allocation)
[2026-03-19T11:34:18.435+0800][174.925s][info][gc,task     ] GC(355) Using 3 workers of 13 for evacuation
[2026-03-19T11:34:18.437+0800][174.927s][info][gc,phases   ] GC(355)   Pre Evacuate Collection Set: 0.2ms
[2026-03-19T11:34:18.437+0800][174.927s][info][gc,phases   ] GC(355)   Merge Heap Roots: 0.1ms
[2026-03-19T11:34:18.437+0800][174.927s][info][gc,phases   ] GC(355)   Evacuate Collection Set: 0.6ms
[2026-03-19T11:34:18.437+0800][174.927s][info][gc,phases   ] GC(355)   Post Evacuate Collection Set: 0.8ms
[2026-03-19T11:34:18.437+0800][174.927s][info][gc,phases   ] GC(355)   Other: 0.2ms
[2026-03-19T11:34:18.437+0800][174.927s][info][gc,heap     ] GC(355) Eden regions: 13->0(74)
[2026-03-19T11:34:18.437+0800][174.927s][info][gc,heap     ] GC(355) Survivor regions: 2->2(10)
[2026-03-19T11:34:18.437+0800][174.927s][info][gc,heap     ] GC(355) Old regions: 18->18
[2026-03-19T11:34:18.437+0800][174.927s][info][gc,heap     ] GC(355) Archive regions: 0->0
[2026-03-19T11:34:18.437+0800][174.927s][info][gc,heap     ] GC(355) Humongous regions: 39->9
[2026-03-19T11:34:18.437+0800][174.927s][info][gc,metaspace] GC(355) Metaspace: 22895K(23168K)->22895K(23168K) NonClass: 20285K(20416K)->20285K(20416K) Class: 2610K(2752K)->2610K(2752K)
[2026-03-19T11:34:18.437+0800][174.927s][info][gc          ] GC(355) Pause Young (Concurrent Start) (G1 Humongous Allocation) 70M->27M(128M) 2.080ms
[2026-03-19T11:34:18.437+0800][174.927s][info][gc,cpu      ] GC(355) User=0.00s Sys=0.00s Real=0.00s
[2026-03-19T11:34:18.437+0800][174.927s][info][gc          ] GC(356) Concurrent Undo Cycle
[2026-03-19T11:34:18.437+0800][174.927s][info][gc,marking  ] GC(356) Concurrent Cleanup for Next Mark
[2026-03-19T11:34:18.437+0800][174.928s][info][gc,marking  ] GC(356) Concurrent Cleanup for Next Mark 0.256ms
[2026-03-19T11:34:18.438+0800][174.928s][info][gc          ] GC(356) Concurrent Undo Cycle 0.432ms
[2026-03-19T11:34:19.372+0800][175.861s][info][gc,start    ] GC(357) Pause Young (Concurrent Start) (G1 Humongous Allocation)
[2026-03-19T11:34:19.372+0800][175.862s][info][gc,task     ] GC(357) Using 3 workers of 13 for evacuation
[2026-03-19T11:34:19.374+0800][175.863s][info][gc,phases   ] GC(357)   Pre Evacuate Collection Set: 0.3ms
[2026-03-19T11:34:19.374+0800][175.864s][info][gc,phases   ] GC(357)   Merge Heap Roots: 0.1ms
[2026-03-19T11:34:19.374+0800][175.864s][info][gc,phases   ] GC(357)   Evacuate Collection Set: 0.6ms
[2026-03-19T11:34:19.374+0800][175.864s][info][gc,phases   ] GC(357)   Post Evacuate Collection Set: 0.7ms
[2026-03-19T11:34:19.374+0800][175.864s][info][gc,phases   ] GC(357)   Other: 0.4ms
[2026-03-19T11:34:19.374+0800][175.864s][info][gc,heap     ] GC(357) Eden regions: 12->0(74)
[2026-03-19T11:34:19.374+0800][175.864s][info][gc,heap     ] GC(357) Survivor regions: 2->2(10)
[2026-03-19T11:34:19.374+0800][175.864s][info][gc,heap     ] GC(357) Old regions: 18->18
[2026-03-19T11:34:19.374+0800][175.864s][info][gc,heap     ] GC(357) Archive regions: 0->0
[2026-03-19T11:34:19.374+0800][175.864s][info][gc,heap     ] GC(357) Humongous regions: 39->9
[2026-03-19T11:34:19.374+0800][175.864s][info][gc,metaspace] GC(357) Metaspace: 22895K(23168K)->22895K(23168K) NonClass: 20285K(20416K)->20285K(20416K) Class: 2610K(2752K)->2610K(2752K)
[2026-03-19T11:34:19.374+0800][175.864s][info][gc          ] GC(357) Pause Young (Concurrent Start) (G1 Humongous Allocation) 69M->27M(128M) 2.436ms
[2026-03-19T11:34:19.374+0800][175.864s][info][gc,cpu      ] GC(357) User=0.00s Sys=0.00s Real=0.00s
[2026-03-19T11:34:19.374+0800][175.864s][info][gc          ] GC(358) Concurrent Undo Cycle
[2026-03-19T11:34:19.374+0800][175.864s][info][gc,marking  ] GC(358) Concurrent Cleanup for Next Mark
[2026-03-19T11:34:19.375+0800][175.864s][info][gc,marking  ] GC(358) Concurrent Cleanup for Next Mark 0.281ms
[2026-03-19T11:34:19.375+0800][175.864s][info][gc          ] GC(358) Concurrent Undo Cycle 0.435ms
[2026-03-19T11:34:20.307+0800][176.797s][info][gc,start    ] GC(359) Pause Young (Concurrent Start) (G1 Humongous Allocation)
[2026-03-19T11:34:20.307+0800][176.797s][info][gc,task     ] GC(359) Using 3 workers of 13 for evacuation
[2026-03-19T11:34:20.311+0800][176.800s][info][gc,phases   ] GC(359)   Pre Evacuate Collection Set: 0.3ms
[2026-03-19T11:34:20.311+0800][176.800s][info][gc,phases   ] GC(359)   Merge Heap Roots: 0.3ms
[2026-03-19T11:34:20.311+0800][176.800s][info][gc,phases   ] GC(359)   Evacuate Collection Set: 0.9ms
[2026-03-19T11:34:20.311+0800][176.800s][info][gc,phases   ] GC(359)   Post Evacuate Collection Set: 1.0ms
[2026-03-19T11:34:20.311+0800][176.800s][info][gc,phases   ] GC(359)   Other: 0.6ms
[2026-03-19T11:34:20.311+0800][176.801s][info][gc,heap     ] GC(359) Eden regions: 12->0(74)
[2026-03-19T11:34:20.311+0800][176.801s][info][gc,heap     ] GC(359) Survivor regions: 2->2(10)
[2026-03-19T11:34:20.311+0800][176.801s][info][gc,heap     ] GC(359) Old regions: 18->18
[2026-03-19T11:34:20.311+0800][176.801s][info][gc,heap     ] GC(359) Archive regions: 0->0
[2026-03-19T11:34:20.311+0800][176.801s][info][gc,heap     ] GC(359) Humongous regions: 39->9
[2026-03-19T11:34:20.311+0800][176.801s][info][gc,metaspace] GC(359) Metaspace: 22895K(23168K)->22895K(23168K) NonClass: 20285K(20416K)->20285K(20416K) Class: 2610K(2752K)->2610K(2752K)
[2026-03-19T11:34:20.311+0800][176.801s][info][gc          ] GC(359) Pause Young (Concurrent Start) (G1 Humongous Allocation) 69M->27M(128M) 3.895ms
[2026-03-19T11:34:20.311+0800][176.801s][info][gc,cpu      ] GC(359) User=0.00s Sys=0.00s Real=0.00s
[2026-03-19T11:34:20.312+0800][176.801s][info][gc          ] GC(360) Concurrent Undo Cycle
[2026-03-19T11:34:20.312+0800][176.801s][info][gc,marking  ] GC(360) Concurrent Cleanup for Next Mark
[2026-03-19T11:34:20.312+0800][176.802s][info][gc,marking  ] GC(360) Concurrent Cleanup for Next Mark 0.390ms
[2026-03-19T11:34:20.312+0800][176.802s][info][gc          ] GC(360) Concurrent Undo Cycle 0.704ms
[2026-03-19T11:34:21.229+0800][177.718s][info][gc,start    ] GC(361) Pause Young (Concurrent Start) (G1 Humongous Allocation)
[2026-03-19T11:34:21.229+0800][177.719s][info][gc,task     ] GC(361) Using 3 workers of 13 for evacuation
[2026-03-19T11:34:21.232+0800][177.721s][info][gc,phases   ] GC(361)   Pre Evacuate Collection Set: 0.3ms
[2026-03-19T11:34:21.232+0800][177.721s][info][gc,phases   ] GC(361)   Merge Heap Roots: 0.2ms
[2026-03-19T11:34:21.232+0800][177.721s][info][gc,phases   ] GC(361)   Evacuate Collection Set: 0.9ms
[2026-03-19T11:34:21.232+0800][177.722s][info][gc,phases   ] GC(361)   Post Evacuate Collection Set: 0.9ms
[2026-03-19T11:34:21.232+0800][177.722s][info][gc,phases   ] GC(361)   Other: 0.7ms
[2026-03-19T11:34:21.232+0800][177.722s][info][gc,heap     ] GC(361) Eden regions: 13->0(74)
[2026-03-19T11:34:21.232+0800][177.722s][info][gc,heap     ] GC(361) Survivor regions: 2->2(10)
[2026-03-19T11:34:21.232+0800][177.722s][info][gc,heap     ] GC(361) Old regions: 18->18
[2026-03-19T11:34:21.232+0800][177.722s][info][gc,heap     ] GC(361) Archive regions: 0->0
[2026-03-19T11:34:21.232+0800][177.722s][info][gc,heap     ] GC(361) Humongous regions: 39->9
[2026-03-19T11:34:21.232+0800][177.722s][info][gc,metaspace] GC(361) Metaspace: 22895K(23168K)->22895K(23168K) NonClass: 20285K(20416K)->20285K(20416K) Class: 2610K(2752K)->2610K(2752K)
[2026-03-19T11:34:21.232+0800][177.722s][info][gc          ] GC(361) Pause Young (Concurrent Start) (G1 Humongous Allocation) 70M->27M(128M) 3.867ms
[2026-03-19T11:34:21.232+0800][177.722s][info][gc,cpu      ] GC(361) User=0.03s Sys=0.02s Real=0.00s
[2026-03-19T11:34:21.233+0800][177.722s][info][gc          ] GC(362) Concurrent Undo Cycle
[2026-03-19T11:34:21.233+0800][177.723s][info][gc,marking  ] GC(362) Concurrent Cleanup for Next Mark
[2026-03-19T11:34:21.233+0800][177.723s][info][gc,marking  ] GC(362) Concurrent Cleanup for Next Mark 0.433ms
[2026-03-19T11:34:21.233+0800][177.723s][info][gc          ] GC(362) Concurrent Undo Cycle 0.797ms
[2026-03-19T11:34:22.167+0800][178.657s][info][gc,start    ] GC(363) Pause Young (Concurrent Start) (G1 Humongous Allocation)
[2026-03-19T11:34:22.167+0800][178.657s][info][gc,task     ] GC(363) Using 3 workers of 13 for evacuation
[2026-03-19T11:34:22.170+0800][178.659s][info][gc,phases   ] GC(363)   Pre Evacuate Collection Set: 0.1ms
[2026-03-19T11:34:22.170+0800][178.659s][info][gc,phases   ] GC(363)   Merge Heap Roots: 0.4ms
[2026-03-19T11:34:22.170+0800][178.659s][info][gc,phases   ] GC(363)   Evacuate Collection Set: 0.6ms
[2026-03-19T11:34:22.170+0800][178.660s][info][gc,phases   ] GC(363)   Post Evacuate Collection Set: 0.9ms
[2026-03-19T11:34:22.170+0800][178.660s][info][gc,phases   ] GC(363)   Other: 0.4ms
[2026-03-19T11:34:22.170+0800][178.660s][info][gc,heap     ] GC(363) Eden regions: 13->0(74)
[2026-03-19T11:34:22.170+0800][178.660s][info][gc,heap     ] GC(363) Survivor regions: 2->2(10)
[2026-03-19T11:34:22.170+0800][178.660s][info][gc,heap     ] GC(363) Old regions: 18->18
[2026-03-19T11:34:22.170+0800][178.660s][info][gc,heap     ] GC(363) Archive regions: 0->0
[2026-03-19T11:34:22.170+0800][178.660s][info][gc,heap     ] GC(363) Humongous regions: 39->9
[2026-03-19T11:34:22.170+0800][178.660s][info][gc,metaspace] GC(363) Metaspace: 22895K(23168K)->22895K(23168K) NonClass: 20285K(20416K)->20285K(20416K) Class: 2610K(2752K)->2610K(2752K)
[2026-03-19T11:34:22.170+0800][178.660s][info][gc          ] GC(363) Pause Young (Concurrent Start) (G1 Humongous Allocation) 70M->27M(128M) 3.168ms
[2026-03-19T11:34:22.170+0800][178.660s][info][gc,cpu      ] GC(363) User=0.00s Sys=0.00s Real=0.00s
[2026-03-19T11:34:22.171+0800][178.660s][info][gc          ] GC(364) Concurrent Undo Cycle
[2026-03-19T11:34:22.171+0800][178.660s][info][gc,marking  ] GC(364) Concurrent Cleanup for Next Mark
[2026-03-19T11:34:22.171+0800][178.661s][info][gc,marking  ] GC(364) Concurrent Cleanup for Next Mark 0.322ms
[2026-03-19T11:34:22.171+0800][178.661s][info][gc          ] GC(364) Concurrent Undo Cycle 0.541ms
[2026-03-19T11:34:23.105+0800][179.594s][info][gc,start    ] GC(365) Pause Young (Concurrent Start) (G1 Humongous Allocation)
[2026-03-19T11:34:23.105+0800][179.594s][info][gc,task     ] GC(365) Using 3 workers of 13 for evacuation
[2026-03-19T11:34:23.107+0800][179.596s][info][gc,phases   ] GC(365)   Pre Evacuate Collection Set: 0.2ms
[2026-03-19T11:34:23.107+0800][179.596s][info][gc,phases   ] GC(365)   Merge Heap Roots: 0.2ms
[2026-03-19T11:34:23.107+0800][179.596s][info][gc,phases   ] GC(365)   Evacuate Collection Set: 0.6ms
[2026-03-19T11:34:23.107+0800][179.596s][info][gc,phases   ] GC(365)   Post Evacuate Collection Set: 0.7ms
[2026-03-19T11:34:23.107+0800][179.596s][info][gc,phases   ] GC(365)   Other: 0.2ms
[2026-03-19T11:34:23.107+0800][179.596s][info][gc,heap     ] GC(365) Eden regions: 13->0(74)
[2026-03-19T11:34:23.107+0800][179.597s][info][gc,heap     ] GC(365) Survivor regions: 2->2(10)
[2026-03-19T11:34:23.107+0800][179.597s][info][gc,heap     ] GC(365) Old regions: 18->18
[2026-03-19T11:34:23.107+0800][179.597s][info][gc,heap     ] GC(365) Archive regions: 0->0
[2026-03-19T11:34:23.107+0800][179.597s][info][gc,heap     ] GC(365) Humongous regions: 39->9
[2026-03-19T11:34:23.107+0800][179.597s][info][gc,metaspace] GC(365) Metaspace: 22895K(23168K)->22895K(23168K) NonClass: 20285K(20416K)->20285K(20416K) Class: 2610K(2752K)->2610K(2752K)
[2026-03-19T11:34:23.107+0800][179.597s][info][gc          ] GC(365) Pause Young (Concurrent Start) (G1 Humongous Allocation) 70M->27M(128M) 2.452ms
[2026-03-19T11:34:23.107+0800][179.597s][info][gc,cpu      ] GC(365) User=0.00s Sys=0.02s Real=0.00s
[2026-03-19T11:34:23.107+0800][179.597s][info][gc          ] GC(366) Concurrent Undo Cycle
[2026-03-19T11:34:23.107+0800][179.597s][info][gc,marking  ] GC(366) Concurrent Cleanup for Next Mark
[2026-03-19T11:34:23.107+0800][179.597s][info][gc,marking  ] GC(366) Concurrent Cleanup for Next Mark 0.411ms
[2026-03-19T11:34:23.107+0800][179.598s][info][gc          ] GC(366) Concurrent Undo Cycle 0.696ms
[2026-03-19T11:34:24.040+0800][180.530s][info][gc,start    ] GC(367) Pause Young (Concurrent Start) (G1 Humongous Allocation)
[2026-03-19T11:34:24.040+0800][180.530s][info][gc,task     ] GC(367) Using 3 workers of 13 for evacuation
[2026-03-19T11:34:24.042+0800][180.532s][info][gc,phases   ] GC(367)   Pre Evacuate Collection Set: 0.2ms
[2026-03-19T11:34:24.042+0800][180.532s][info][gc,phases   ] GC(367)   Merge Heap Roots: 0.1ms
[2026-03-19T11:34:24.042+0800][180.532s][info][gc,phases   ] GC(367)   Evacuate Collection Set: 0.5ms
[2026-03-19T11:34:24.042+0800][180.532s][info][gc,phases   ] GC(367)   Post Evacuate Collection Set: 0.7ms
[2026-03-19T11:34:24.042+0800][180.532s][info][gc,phases   ] GC(367)   Other: 0.4ms
[2026-03-19T11:34:24.042+0800][180.532s][info][gc,heap     ] GC(367) Eden regions: 12->0(74)
[2026-03-19T11:34:24.042+0800][180.532s][info][gc,heap     ] GC(367) Survivor regions: 2->2(10)
[2026-03-19T11:34:24.042+0800][180.532s][info][gc,heap     ] GC(367) Old regions: 18->18
[2026-03-19T11:34:24.042+0800][180.532s][info][gc,heap     ] GC(367) Archive regions: 0->0
[2026-03-19T11:34:24.042+0800][180.532s][info][gc,heap     ] GC(367) Humongous regions: 39->9
[2026-03-19T11:34:24.042+0800][180.532s][info][gc,metaspace] GC(367) Metaspace: 22895K(23168K)->22895K(23168K) NonClass: 20285K(20416K)->20285K(20416K) Class: 2610K(2752K)->2610K(2752K)
[2026-03-19T11:34:24.042+0800][180.532s][info][gc          ] GC(367) Pause Young (Concurrent Start) (G1 Humongous Allocation) 69M->27M(128M) 2.452ms
[2026-03-19T11:34:24.042+0800][180.532s][info][gc,cpu      ] GC(367) User=0.00s Sys=0.00s Real=0.00s
[2026-03-19T11:34:24.042+0800][180.532s][info][gc          ] GC(368) Concurrent Undo Cycle
[2026-03-19T11:34:24.043+0800][180.533s][info][gc,marking  ] GC(368) Concurrent Cleanup for Next Mark
[2026-03-19T11:34:24.043+0800][180.533s][info][gc,marking  ] GC(368) Concurrent Cleanup for Next Mark 0.373ms
[2026-03-19T11:34:24.043+0800][180.533s][info][gc          ] GC(368) Concurrent Undo Cycle 0.626ms
[2026-03-19T11:34:24.976+0800][181.466s][info][gc,start    ] GC(369) Pause Young (Concurrent Start) (G1 Humongous Allocation)
[2026-03-19T11:34:24.976+0800][181.466s][info][gc,task     ] GC(369) Using 3 workers of 13 for evacuation
[2026-03-19T11:34:24.979+0800][181.469s][info][gc,phases   ] GC(369)   Pre Evacuate Collection Set: 0.3ms
[2026-03-19T11:34:24.979+0800][181.469s][info][gc,phases   ] GC(369)   Merge Heap Roots: 0.3ms
[2026-03-19T11:34:24.979+0800][181.469s][info][gc,phases   ] GC(369)   Evacuate Collection Set: 0.9ms
[2026-03-19T11:34:24.979+0800][181.469s][info][gc,phases   ] GC(369)   Post Evacuate Collection Set: 0.8ms
[2026-03-19T11:34:24.979+0800][181.469s][info][gc,phases   ] GC(369)   Other: 0.6ms
[2026-03-19T11:34:24.980+0800][181.469s][info][gc,heap     ] GC(369) Eden regions: 13->0(74)
[2026-03-19T11:34:24.980+0800][181.469s][info][gc,heap     ] GC(369) Survivor regions: 2->2(10)
[2026-03-19T11:34:24.980+0800][181.469s][info][gc,heap     ] GC(369) Old regions: 18->18
[2026-03-19T11:34:24.980+0800][181.469s][info][gc,heap     ] GC(369) Archive regions: 0->0
[2026-03-19T11:34:24.980+0800][181.469s][info][gc,heap     ] GC(369) Humongous regions: 39->9
[2026-03-19T11:34:24.980+0800][181.470s][info][gc,metaspace] GC(369) Metaspace: 22895K(23168K)->22895K(23168K) NonClass: 20285K(20416K)->20285K(20416K) Class: 2610K(2752K)->2610K(2752K)
[2026-03-19T11:34:24.980+0800][181.470s][info][gc          ] GC(369) Pause Young (Concurrent Start) (G1 Humongous Allocation) 70M->27M(128M) 3.723ms
[2026-03-19T11:34:24.980+0800][181.470s][info][gc,cpu      ] GC(369) User=0.00s Sys=0.00s Real=0.00s
[2026-03-19T11:34:24.980+0800][181.470s][info][gc          ] GC(370) Concurrent Undo Cycle
[2026-03-19T11:34:24.980+0800][181.470s][info][gc,marking  ] GC(370) Concurrent Cleanup for Next Mark
[2026-03-19T11:34:24.981+0800][181.471s][info][gc,marking  ] GC(370) Concurrent Cleanup for Next Mark 0.718ms
[2026-03-19T11:34:24.981+0800][181.471s][info][gc          ] GC(370) Concurrent Undo Cycle 1.108ms
[2026-03-19T11:34:25.914+0800][182.404s][info][gc,start    ] GC(371) Pause Young (Concurrent Start) (G1 Humongous Allocation)
[2026-03-19T11:34:25.915+0800][182.405s][info][gc,task     ] GC(371) Using 3 workers of 13 for evacuation
[2026-03-19T11:34:25.917+0800][182.407s][info][gc,phases   ] GC(371)   Pre Evacuate Collection Set: 0.3ms
[2026-03-19T11:34:25.917+0800][182.407s][info][gc,phases   ] GC(371)   Merge Heap Roots: 0.2ms
[2026-03-19T11:34:25.917+0800][182.407s][info][gc,phases   ] GC(371)   Evacuate Collection Set: 0.9ms
[2026-03-19T11:34:25.917+0800][182.407s][info][gc,phases   ] GC(371)   Post Evacuate Collection Set: 0.8ms
[2026-03-19T11:34:25.917+0800][182.408s][info][gc,phases   ] GC(371)   Other: 0.9ms
[2026-03-19T11:34:25.917+0800][182.408s][info][gc,heap     ] GC(371) Eden regions: 13->0(74)
[2026-03-19T11:34:25.917+0800][182.408s][info][gc,heap     ] GC(371) Survivor regions: 2->2(10)
[2026-03-19T11:34:25.919+0800][182.408s][info][gc,heap     ] GC(371) Old regions: 18->18
[2026-03-19T11:34:25.919+0800][182.408s][info][gc,heap     ] GC(371) Archive regions: 0->0
[2026-03-19T11:34:25.919+0800][182.408s][info][gc,heap     ] GC(371) Humongous regions: 39->9
[2026-03-19T11:34:25.919+0800][182.408s][info][gc,metaspace] GC(371) Metaspace: 22895K(23168K)->22895K(23168K) NonClass: 20285K(20416K)->20285K(20416K) Class: 2610K(2752K)->2610K(2752K)
[2026-03-19T11:34:25.919+0800][182.408s][info][gc          ] GC(371) Pause Young (Concurrent Start) (G1 Humongous Allocation) 70M->27M(128M) 4.040ms
[2026-03-19T11:34:25.919+0800][182.408s][info][gc,cpu      ] GC(371) User=0.00s Sys=0.00s Real=0.00s
[2026-03-19T11:34:25.919+0800][182.408s][info][gc          ] GC(372) Concurrent Undo Cycle
[2026-03-19T11:34:25.919+0800][182.409s][info][gc,marking  ] GC(372) Concurrent Cleanup for Next Mark
[2026-03-19T11:34:25.919+0800][182.409s][info][gc,marking  ] GC(372) Concurrent Cleanup for Next Mark 0.517ms
[2026-03-19T11:34:25.919+0800][182.409s][info][gc          ] GC(372) Concurrent Undo Cycle 0.987ms
[2026-03-19T11:34:26.863+0800][183.352s][info][gc,start    ] GC(373) Pause Young (Concurrent Start) (G1 Humongous Allocation)
[2026-03-19T11:34:26.863+0800][183.352s][info][gc,task     ] GC(373) Using 3 workers of 13 for evacuation
[2026-03-19T11:34:26.865+0800][183.354s][info][gc,phases   ] GC(373)   Pre Evacuate Collection Set: 0.3ms
[2026-03-19T11:34:26.865+0800][183.354s][info][gc,phases   ] GC(373)   Merge Heap Roots: 0.2ms
[2026-03-19T11:34:26.865+0800][183.355s][info][gc,phases   ] GC(373)   Evacuate Collection Set: 0.6ms
[2026-03-19T11:34:26.865+0800][183.355s][info][gc,phases   ] GC(373)   Post Evacuate Collection Set: 0.8ms
[2026-03-19T11:34:26.865+0800][183.355s][info][gc,phases   ] GC(373)   Other: 0.5ms
[2026-03-19T11:34:26.865+0800][183.355s][info][gc,heap     ] GC(373) Eden regions: 13->0(74)
[2026-03-19T11:34:26.865+0800][183.355s][info][gc,heap     ] GC(373) Survivor regions: 2->2(10)
[2026-03-19T11:34:26.865+0800][183.355s][info][gc,heap     ] GC(373) Old regions: 18->18
[2026-03-19T11:34:26.865+0800][183.355s][info][gc,heap     ] GC(373) Archive regions: 0->0
[2026-03-19T11:34:26.865+0800][183.355s][info][gc,heap     ] GC(373) Humongous regions: 39->9
[2026-03-19T11:34:26.865+0800][183.355s][info][gc,metaspace] GC(373) Metaspace: 22895K(23168K)->22895K(23168K) NonClass: 20285K(20416K)->20285K(20416K) Class: 2610K(2752K)->2610K(2752K)
[2026-03-19T11:34:26.865+0800][183.355s][info][gc          ] GC(373) Pause Young (Concurrent Start) (G1 Humongous Allocation) 70M->27M(128M) 2.704ms
[2026-03-19T11:34:26.865+0800][183.355s][info][gc,cpu      ] GC(373) User=0.00s Sys=0.00s Real=0.00s
[2026-03-19T11:34:26.865+0800][183.355s][info][gc          ] GC(374) Concurrent Undo Cycle
[2026-03-19T11:34:26.866+0800][183.355s][info][gc,marking  ] GC(374) Concurrent Cleanup for Next Mark
[2026-03-19T11:34:26.866+0800][183.355s][info][gc,marking  ] GC(374) Concurrent Cleanup for Next Mark 0.322ms
[2026-03-19T11:34:26.866+0800][183.356s][info][gc          ] GC(374) Concurrent Undo Cycle 0.577ms
[2026-03-19T11:34:27.800+0800][184.290s][info][gc,start    ] GC(375) Pause Young (Concurrent Start) (G1 Humongous Allocation)
[2026-03-19T11:34:27.801+0800][184.291s][info][gc,task     ] GC(375) Using 3 workers of 13 for evacuation
[2026-03-19T11:34:27.803+0800][184.293s][info][gc,phases   ] GC(375)   Pre Evacuate Collection Set: 0.3ms
[2026-03-19T11:34:27.803+0800][184.293s][info][gc,phases   ] GC(375)   Merge Heap Roots: 0.2ms
[2026-03-19T11:34:27.803+0800][184.293s][info][gc,phases   ] GC(375)   Evacuate Collection Set: 0.7ms
[2026-03-19T11:34:27.803+0800][184.293s][info][gc,phases   ] GC(375)   Post Evacuate Collection Set: 0.7ms
[2026-03-19T11:34:27.803+0800][184.293s][info][gc,phases   ] GC(375)   Other: 0.9ms
[2026-03-19T11:34:27.803+0800][184.293s][info][gc,heap     ] GC(375) Eden regions: 12->0(74)
[2026-03-19T11:34:27.804+0800][184.294s][info][gc,heap     ] GC(375) Survivor regions: 2->2(10)
[2026-03-19T11:34:27.804+0800][184.294s][info][gc,heap     ] GC(375) Old regions: 18->18
[2026-03-19T11:34:27.804+0800][184.294s][info][gc,heap     ] GC(375) Archive regions: 0->0
[2026-03-19T11:34:27.804+0800][184.294s][info][gc,heap     ] GC(375) Humongous regions: 39->9
[2026-03-19T11:34:27.804+0800][184.294s][info][gc,metaspace] GC(375) Metaspace: 22895K(23168K)->22895K(23168K) NonClass: 20285K(20416K)->20285K(20416K) Class: 2610K(2752K)->2610K(2752K)
[2026-03-19T11:34:27.804+0800][184.294s][info][gc          ] GC(375) Pause Young (Concurrent Start) (G1 Humongous Allocation) 69M->27M(128M) 3.504ms
[2026-03-19T11:34:27.804+0800][184.294s][info][gc,cpu      ] GC(375) User=0.00s Sys=0.00s Real=0.00s
[2026-03-19T11:34:27.804+0800][184.294s][info][gc          ] GC(376) Concurrent Undo Cycle
[2026-03-19T11:34:27.804+0800][184.294s][info][gc,marking  ] GC(376) Concurrent Cleanup for Next Mark
[2026-03-19T11:34:27.805+0800][184.295s][info][gc,marking  ] GC(376) Concurrent Cleanup for Next Mark 0.415ms
[2026-03-19T11:34:27.805+0800][184.295s][info][gc          ] GC(376) Concurrent Undo Cycle 0.802ms
[2026-03-19T11:34:28.738+0800][185.228s][info][gc,start    ] GC(377) Pause Young (Concurrent Start) (G1 Humongous Allocation)
[2026-03-19T11:34:28.739+0800][185.228s][info][gc,task     ] GC(377) Using 3 workers of 13 for evacuation
[2026-03-19T11:34:28.742+0800][185.232s][info][gc,phases   ] GC(377)   Pre Evacuate Collection Set: 0.5ms
[2026-03-19T11:34:28.742+0800][185.232s][info][gc,phases   ] GC(377)   Merge Heap Roots: 0.3ms
[2026-03-19T11:34:28.742+0800][185.232s][info][gc,phases   ] GC(377)   Evacuate Collection Set: 1.0ms
[2026-03-19T11:34:28.742+0800][185.232s][info][gc,phases   ] GC(377)   Post Evacuate Collection Set: 0.9ms
[2026-03-19T11:34:28.742+0800][185.232s][info][gc,phases   ] GC(377)   Other: 1.2ms
[2026-03-19T11:34:28.742+0800][185.232s][info][gc,heap     ] GC(377) Eden regions: 12->0(74)
[2026-03-19T11:34:28.742+0800][185.232s][info][gc,heap     ] GC(377) Survivor regions: 2->2(10)
[2026-03-19T11:34:28.743+0800][185.232s][info][gc,heap     ] GC(377) Old regions: 18->18
[2026-03-19T11:34:28.743+0800][185.232s][info][gc,heap     ] GC(377) Archive regions: 0->0
[2026-03-19T11:34:28.743+0800][185.232s][info][gc,heap     ] GC(377) Humongous regions: 39->9
[2026-03-19T11:34:28.743+0800][185.232s][info][gc,metaspace] GC(377) Metaspace: 22895K(23168K)->22895K(23168K) NonClass: 20285K(20416K)->20285K(20416K) Class: 2610K(2752K)->2610K(2752K)
[2026-03-19T11:34:28.743+0800][185.232s][info][gc          ] GC(377) Pause Young (Concurrent Start) (G1 Humongous Allocation) 69M->27M(128M) 4.193ms
[2026-03-19T11:34:28.743+0800][185.232s][info][gc,cpu      ] GC(377) User=0.00s Sys=0.00s Real=0.01s
[2026-03-19T11:34:28.743+0800][185.232s][info][gc          ] GC(378) Concurrent Undo Cycle
[2026-03-19T11:34:28.743+0800][185.232s][info][gc,marking  ] GC(378) Concurrent Cleanup for Next Mark
[2026-03-19T11:34:28.743+0800][185.232s][info][gc,marking  ] GC(378) Concurrent Cleanup for Next Mark 0.245ms
[2026-03-19T11:34:28.743+0800][185.232s][info][gc          ] GC(378) Concurrent Undo Cycle 0.360ms
[2026-03-19T11:34:29.686+0800][186.175s][info][gc,start    ] GC(379) Pause Young (Concurrent Start) (G1 Humongous Allocation)
[2026-03-19T11:34:29.686+0800][186.176s][info][gc,task     ] GC(379) Using 3 workers of 13 for evacuation
[2026-03-19T11:34:29.688+0800][186.178s][info][gc,phases   ] GC(379)   Pre Evacuate Collection Set: 0.2ms
[2026-03-19T11:34:29.688+0800][186.178s][info][gc,phases   ] GC(379)   Merge Heap Roots: 0.1ms
[2026-03-19T11:34:29.688+0800][186.178s][info][gc,phases   ] GC(379)   Evacuate Collection Set: 0.7ms
[2026-03-19T11:34:29.688+0800][186.178s][info][gc,phases   ] GC(379)   Post Evacuate Collection Set: 0.8ms
[2026-03-19T11:34:29.688+0800][186.178s][info][gc,phases   ] GC(379)   Other: 0.4ms
[2026-03-19T11:34:29.688+0800][186.178s][info][gc,heap     ] GC(379) Eden regions: 12->0(74)
[2026-03-19T11:34:29.688+0800][186.178s][info][gc,heap     ] GC(379) Survivor regions: 2->2(10)
[2026-03-19T11:34:29.688+0800][186.178s][info][gc,heap     ] GC(379) Old regions: 18->18
[2026-03-19T11:34:29.688+0800][186.178s][info][gc,heap     ] GC(379) Archive regions: 0->0
[2026-03-19T11:34:29.688+0800][186.178s][info][gc,heap     ] GC(379) Humongous regions: 39->9
[2026-03-19T11:34:29.688+0800][186.178s][info][gc,metaspace] GC(379) Metaspace: 22895K(23168K)->22895K(23168K) NonClass: 20285K(20416K)->20285K(20416K) Class: 2610K(2752K)->2610K(2752K)
[2026-03-19T11:34:29.688+0800][186.178s][info][gc          ] GC(379) Pause Young (Concurrent Start) (G1 Humongous Allocation) 69M->27M(128M) 2.710ms
[2026-03-19T11:34:29.688+0800][186.178s][info][gc,cpu      ] GC(379) User=0.00s Sys=0.00s Real=0.00s
[2026-03-19T11:34:29.689+0800][186.178s][info][gc          ] GC(380) Concurrent Undo Cycle
[2026-03-19T11:34:29.689+0800][186.178s][info][gc,marking  ] GC(380) Concurrent Cleanup for Next Mark
[2026-03-19T11:34:29.689+0800][186.179s][info][gc,marking  ] GC(380) Concurrent Cleanup for Next Mark 0.331ms
[2026-03-19T11:34:29.690+0800][186.179s][info][gc          ] GC(380) Concurrent Undo Cycle 0.521ms
[2026-03-19T11:34:30.622+0800][187.111s][info][gc,start    ] GC(381) Pause Young (Concurrent Start) (G1 Humongous Allocation)
[2026-03-19T11:34:30.622+0800][187.112s][info][gc,task     ] GC(381) Using 3 workers of 13 for evacuation
[2026-03-19T11:34:30.624+0800][187.114s][info][gc,phases   ] GC(381)   Pre Evacuate Collection Set: 0.3ms
[2026-03-19T11:34:30.624+0800][187.114s][info][gc,phases   ] GC(381)   Merge Heap Roots: 0.1ms
[2026-03-19T11:34:30.624+0800][187.114s][info][gc,phases   ] GC(381)   Evacuate Collection Set: 0.7ms
[2026-03-19T11:34:30.625+0800][187.114s][info][gc,phases   ] GC(381)   Post Evacuate Collection Set: 0.7ms
[2026-03-19T11:34:30.625+0800][187.114s][info][gc,phases   ] GC(381)   Other: 0.7ms
[2026-03-19T11:34:30.625+0800][187.115s][info][gc,heap     ] GC(381) Eden regions: 13->0(74)
[2026-03-19T11:34:30.625+0800][187.115s][info][gc,heap     ] GC(381) Survivor regions: 2->2(10)
[2026-03-19T11:34:30.625+0800][187.115s][info][gc,heap     ] GC(381) Old regions: 18->18
[2026-03-19T11:34:30.625+0800][187.115s][info][gc,heap     ] GC(381) Archive regions: 0->0
[2026-03-19T11:34:30.625+0800][187.115s][info][gc,heap     ] GC(381) Humongous regions: 39->9
[2026-03-19T11:34:30.625+0800][187.115s][info][gc,metaspace] GC(381) Metaspace: 22895K(23168K)->22895K(23168K) NonClass: 20285K(20416K)->20285K(20416K) Class: 2610K(2752K)->2610K(2752K)
[2026-03-19T11:34:30.625+0800][187.115s][info][gc          ] GC(381) Pause Young (Concurrent Start) (G1 Humongous Allocation) 70M->27M(128M) 3.693ms
[2026-03-19T11:34:30.625+0800][187.115s][info][gc,cpu      ] GC(381) User=0.00s Sys=0.00s Real=0.00s
[2026-03-19T11:34:30.625+0800][187.115s][info][gc          ] GC(382) Concurrent Undo Cycle
[2026-03-19T11:34:30.625+0800][187.115s][info][gc,marking  ] GC(382) Concurrent Cleanup for Next Mark
[2026-03-19T11:34:30.626+0800][187.115s][info][gc,marking  ] GC(382) Concurrent Cleanup for Next Mark 0.378ms
[2026-03-19T11:34:30.626+0800][187.115s][info][gc          ] GC(382) Concurrent Undo Cycle 0.508ms
[2026-03-19T11:34:31.560+0800][188.050s][info][gc,start    ] GC(383) Pause Young (Concurrent Start) (G1 Humongous Allocation)
[2026-03-19T11:34:31.560+0800][188.050s][info][gc,task     ] GC(383) Using 3 workers of 13 for evacuation
[2026-03-19T11:34:31.563+0800][188.052s][info][gc,phases   ] GC(383)   Pre Evacuate Collection Set: 0.2ms
[2026-03-19T11:34:31.563+0800][188.052s][info][gc,phases   ] GC(383)   Merge Heap Roots: 0.2ms
[2026-03-19T11:34:31.563+0800][188.052s][info][gc,phases   ] GC(383)   Evacuate Collection Set: 0.7ms
[2026-03-19T11:34:31.563+0800][188.052s][info][gc,phases   ] GC(383)   Post Evacuate Collection Set: 1.2ms
[2026-03-19T11:34:31.563+0800][188.053s][info][gc,phases   ] GC(383)   Other: 0.4ms
[2026-03-19T11:34:31.563+0800][188.053s][info][gc,heap     ] GC(383) Eden regions: 13->0(74)
[2026-03-19T11:34:31.563+0800][188.053s][info][gc,heap     ] GC(383) Survivor regions: 2->2(10)
[2026-03-19T11:34:31.563+0800][188.053s][info][gc,heap     ] GC(383) Old regions: 18->18
[2026-03-19T11:34:31.563+0800][188.053s][info][gc,heap     ] GC(383) Archive regions: 0->0
[2026-03-19T11:34:31.563+0800][188.053s][info][gc,heap     ] GC(383) Humongous regions: 39->9
[2026-03-19T11:34:31.563+0800][188.053s][info][gc,metaspace] GC(383) Metaspace: 22895K(23168K)->22895K(23168K) NonClass: 20285K(20416K)->20285K(20416K) Class: 2610K(2752K)->2610K(2752K)
[2026-03-19T11:34:31.563+0800][188.053s][info][gc          ] GC(383) Pause Young (Concurrent Start) (G1 Humongous Allocation) 70M->27M(128M) 3.175ms
[2026-03-19T11:34:31.563+0800][188.053s][info][gc,cpu      ] GC(383) User=0.00s Sys=0.00s Real=0.00s
[2026-03-19T11:34:31.563+0800][188.053s][info][gc          ] GC(384) Concurrent Undo Cycle
[2026-03-19T11:34:31.563+0800][188.053s][info][gc,marking  ] GC(384) Concurrent Cleanup for Next Mark
[2026-03-19T11:34:31.563+0800][188.053s][info][gc,marking  ] GC(384) Concurrent Cleanup for Next Mark 0.275ms
[2026-03-19T11:34:31.563+0800][188.053s][info][gc          ] GC(384) Concurrent Undo Cycle 0.487ms
[2026-03-19T11:34:32.493+0800][188.982s][info][gc,start    ] GC(385) Pause Young (Concurrent Start) (G1 Humongous Allocation)
[2026-03-19T11:34:32.493+0800][188.982s][info][gc,task     ] GC(385) Using 3 workers of 13 for evacuation
[2026-03-19T11:34:32.494+0800][188.984s][info][gc,phases   ] GC(385)   Pre Evacuate Collection Set: 0.2ms
[2026-03-19T11:34:32.494+0800][188.984s][info][gc,phases   ] GC(385)   Merge Heap Roots: 0.1ms
[2026-03-19T11:34:32.494+0800][188.984s][info][gc,phases   ] GC(385)   Evacuate Collection Set: 0.6ms
[2026-03-19T11:34:32.494+0800][188.984s][info][gc,phases   ] GC(385)   Post Evacuate Collection Set: 0.6ms
[2026-03-19T11:34:32.494+0800][188.984s][info][gc,phases   ] GC(385)   Other: 0.3ms
[2026-03-19T11:34:32.494+0800][188.984s][info][gc,heap     ] GC(385) Eden regions: 13->0(74)
[2026-03-19T11:34:32.494+0800][188.984s][info][gc,heap     ] GC(385) Survivor regions: 2->2(10)
[2026-03-19T11:34:32.494+0800][188.984s][info][gc,heap     ] GC(385) Old regions: 18->18
[2026-03-19T11:34:32.494+0800][188.984s][info][gc,heap     ] GC(385) Archive regions: 0->0
[2026-03-19T11:34:32.494+0800][188.984s][info][gc,heap     ] GC(385) Humongous regions: 39->9
[2026-03-19T11:34:32.494+0800][188.984s][info][gc,metaspace] GC(385) Metaspace: 22895K(23168K)->22895K(23168K) NonClass: 20285K(20416K)->20285K(20416K) Class: 2610K(2752K)->2610K(2752K)
[2026-03-19T11:34:32.494+0800][188.984s][info][gc          ] GC(385) Pause Young (Concurrent Start) (G1 Humongous Allocation) 70M->27M(128M) 1.927ms
[2026-03-19T11:34:32.495+0800][188.984s][info][gc,cpu      ] GC(385) User=0.00s Sys=0.00s Real=0.00s
[2026-03-19T11:34:32.495+0800][188.984s][info][gc          ] GC(386) Concurrent Undo Cycle
[2026-03-19T11:34:32.495+0800][188.984s][info][gc,marking  ] GC(386) Concurrent Cleanup for Next Mark
[2026-03-19T11:34:32.495+0800][188.985s][info][gc,marking  ] GC(386) Concurrent Cleanup for Next Mark 0.293ms
[2026-03-19T11:34:32.495+0800][188.985s][info][gc          ] GC(386) Concurrent Undo Cycle 0.486ms
[2026-03-19T11:34:33.432+0800][189.922s][info][gc,start    ] GC(387) Pause Young (Concurrent Start) (G1 Humongous Allocation)
[2026-03-19T11:34:33.432+0800][189.922s][info][gc,task     ] GC(387) Using 3 workers of 13 for evacuation
[2026-03-19T11:34:33.435+0800][189.924s][info][gc,phases   ] GC(387)   Pre Evacuate Collection Set: 0.2ms
[2026-03-19T11:34:33.435+0800][189.925s][info][gc,phases   ] GC(387)   Merge Heap Roots: 0.2ms
[2026-03-19T11:34:33.435+0800][189.925s][info][gc,phases   ] GC(387)   Evacuate Collection Set: 0.7ms
[2026-03-19T11:34:33.435+0800][189.925s][info][gc,phases   ] GC(387)   Post Evacuate Collection Set: 0.9ms
[2026-03-19T11:34:33.435+0800][189.925s][info][gc,phases   ] GC(387)   Other: 0.5ms
[2026-03-19T11:34:33.435+0800][189.925s][info][gc,heap     ] GC(387) Eden regions: 13->0(74)
[2026-03-19T11:34:33.435+0800][189.925s][info][gc,heap     ] GC(387) Survivor regions: 2->2(10)
[2026-03-19T11:34:33.435+0800][189.925s][info][gc,heap     ] GC(387) Old regions: 18->18
[2026-03-19T11:34:33.435+0800][189.925s][info][gc,heap     ] GC(387) Archive regions: 0->0
[2026-03-19T11:34:33.435+0800][189.925s][info][gc,heap     ] GC(387) Humongous regions: 39->9
[2026-03-19T11:34:33.435+0800][189.925s][info][gc,metaspace] GC(387) Metaspace: 22895K(23168K)->22895K(23168K) NonClass: 20285K(20416K)->20285K(20416K) Class: 2610K(2752K)->2610K(2752K)
[2026-03-19T11:34:33.435+0800][189.925s][info][gc          ] GC(387) Pause Young (Concurrent Start) (G1 Humongous Allocation) 70M->27M(128M) 3.440ms
[2026-03-19T11:34:33.436+0800][189.925s][info][gc,cpu      ] GC(387) User=0.02s Sys=0.03s Real=0.00s
[2026-03-19T11:34:33.436+0800][189.926s][info][gc          ] GC(388) Concurrent Undo Cycle
[2026-03-19T11:34:33.436+0800][189.926s][info][gc,marking  ] GC(388) Concurrent Cleanup for Next Mark
[2026-03-19T11:34:33.436+0800][189.926s][info][gc,marking  ] GC(388) Concurrent Cleanup for Next Mark 0.348ms
[2026-03-19T11:34:33.436+0800][189.926s][info][gc          ] GC(388) Concurrent Undo Cycle 0.670ms
[2026-03-19T11:34:34.368+0800][190.858s][info][gc,start    ] GC(389) Pause Young (Concurrent Start) (G1 Humongous Allocation)
[2026-03-19T11:34:34.368+0800][190.858s][info][gc,task     ] GC(389) Using 3 workers of 13 for evacuation
[2026-03-19T11:34:34.370+0800][190.860s][info][gc,phases   ] GC(389)   Pre Evacuate Collection Set: 0.2ms
[2026-03-19T11:34:34.370+0800][190.860s][info][gc,phases   ] GC(389)   Merge Heap Roots: 0.1ms
[2026-03-19T11:34:34.370+0800][190.860s][info][gc,phases   ] GC(389)   Evacuate Collection Set: 0.6ms
[2026-03-19T11:34:34.370+0800][190.860s][info][gc,phases   ] GC(389)   Post Evacuate Collection Set: 0.9ms
[2026-03-19T11:34:34.370+0800][190.860s][info][gc,phases   ] GC(389)   Other: 0.3ms
[2026-03-19T11:34:34.370+0800][190.860s][info][gc,heap     ] GC(389) Eden regions: 13->0(74)
[2026-03-19T11:34:34.370+0800][190.860s][info][gc,heap     ] GC(389) Survivor regions: 2->2(10)
[2026-03-19T11:34:34.370+0800][190.860s][info][gc,heap     ] GC(389) Old regions: 18->18
[2026-03-19T11:34:34.371+0800][190.860s][info][gc,heap     ] GC(389) Archive regions: 0->0
[2026-03-19T11:34:34.371+0800][190.860s][info][gc,heap     ] GC(389) Humongous regions: 39->9
[2026-03-19T11:34:34.371+0800][190.860s][info][gc,metaspace] GC(389) Metaspace: 22895K(23168K)->22895K(23168K) NonClass: 20285K(20416K)->20285K(20416K) Class: 2610K(2752K)->2610K(2752K)
[2026-03-19T11:34:34.371+0800][190.860s][info][gc          ] GC(389) Pause Young (Concurrent Start) (G1 Humongous Allocation) 70M->27M(128M) 2.898ms
[2026-03-19T11:34:34.371+0800][190.861s][info][gc,cpu      ] GC(389) User=0.00s Sys=0.00s Real=0.00s
[2026-03-19T11:34:34.371+0800][190.861s][info][gc          ] GC(390) Concurrent Undo Cycle
[2026-03-19T11:34:34.371+0800][190.861s][info][gc,marking  ] GC(390) Concurrent Cleanup for Next Mark
[2026-03-19T11:34:34.372+0800][190.862s][info][gc,marking  ] GC(390) Concurrent Cleanup for Next Mark 0.852ms
[2026-03-19T11:34:34.372+0800][190.862s][info][gc          ] GC(390) Concurrent Undo Cycle 1.232ms
[2026-03-19T11:34:35.297+0800][191.787s][info][gc,start    ] GC(391) Pause Young (Concurrent Start) (G1 Humongous Allocation)
[2026-03-19T11:34:35.298+0800][191.787s][info][gc,task     ] GC(391) Using 3 workers of 13 for evacuation
[2026-03-19T11:34:35.300+0800][191.789s][info][gc,phases   ] GC(391)   Pre Evacuate Collection Set: 0.3ms
[2026-03-19T11:34:35.300+0800][191.790s][info][gc,phases   ] GC(391)   Merge Heap Roots: 0.1ms
[2026-03-19T11:34:35.300+0800][191.790s][info][gc,phases   ] GC(391)   Evacuate Collection Set: 0.7ms
[2026-03-19T11:34:35.300+0800][191.790s][info][gc,phases   ] GC(391)   Post Evacuate Collection Set: 1.0ms
[2026-03-19T11:34:35.300+0800][191.790s][info][gc,phases   ] GC(391)   Other: 0.7ms
[2026-03-19T11:34:35.300+0800][191.790s][info][gc,heap     ] GC(391) Eden regions: 13->0(74)
[2026-03-19T11:34:35.300+0800][191.790s][info][gc,heap     ] GC(391) Survivor regions: 2->2(10)
[2026-03-19T11:34:35.300+0800][191.790s][info][gc,heap     ] GC(391) Old regions: 18->18
[2026-03-19T11:34:35.300+0800][191.790s][info][gc,heap     ] GC(391) Archive regions: 0->0
[2026-03-19T11:34:35.300+0800][191.790s][info][gc,heap     ] GC(391) Humongous regions: 39->9
[2026-03-19T11:34:35.301+0800][191.790s][info][gc,metaspace] GC(391) Metaspace: 22895K(23168K)->22895K(23168K) NonClass: 20285K(20416K)->20285K(20416K) Class: 2610K(2752K)->2610K(2752K)
[2026-03-19T11:34:35.301+0800][191.790s][info][gc          ] GC(391) Pause Young (Concurrent Start) (G1 Humongous Allocation) 70M->27M(128M) 3.766ms
[2026-03-19T11:34:35.301+0800][191.791s][info][gc,cpu      ] GC(391) User=0.00s Sys=0.00s Real=0.00s
[2026-03-19T11:34:35.301+0800][191.791s][info][gc          ] GC(392) Concurrent Undo Cycle
[2026-03-19T11:34:35.301+0800][191.791s][info][gc,marking  ] GC(392) Concurrent Cleanup for Next Mark
[2026-03-19T11:34:35.302+0800][191.792s][info][gc,marking  ] GC(392) Concurrent Cleanup for Next Mark 0.671ms
[2026-03-19T11:34:35.302+0800][191.792s][info][gc          ] GC(392) Concurrent Undo Cycle 1.120ms
[2026-03-19T11:34:36.222+0800][192.712s][info][gc,start    ] GC(393) Pause Young (Concurrent Start) (G1 Humongous Allocation)
[2026-03-19T11:34:36.222+0800][192.712s][info][gc,task     ] GC(393) Using 3 workers of 13 for evacuation
[2026-03-19T11:34:36.224+0800][192.714s][info][gc,phases   ] GC(393)   Pre Evacuate Collection Set: 0.3ms
[2026-03-19T11:34:36.224+0800][192.715s][info][gc,phases   ] GC(393)   Merge Heap Roots: 0.2ms
[2026-03-19T11:34:36.224+0800][192.715s][info][gc,phases   ] GC(393)   Evacuate Collection Set: 0.6ms
[2026-03-19T11:34:36.224+0800][192.715s][info][gc,phases   ] GC(393)   Post Evacuate Collection Set: 0.8ms
[2026-03-19T11:34:36.225+0800][192.715s][info][gc,phases   ] GC(393)   Other: 0.3ms
[2026-03-19T11:34:36.225+0800][192.715s][info][gc,heap     ] GC(393) Eden regions: 12->0(74)
[2026-03-19T11:34:36.225+0800][192.715s][info][gc,heap     ] GC(393) Survivor regions: 2->2(10)
[2026-03-19T11:34:36.225+0800][192.715s][info][gc,heap     ] GC(393) Old regions: 18->18
[2026-03-19T11:34:36.225+0800][192.715s][info][gc,heap     ] GC(393) Archive regions: 0->0
[2026-03-19T11:34:36.225+0800][192.715s][info][gc,heap     ] GC(393) Humongous regions: 39->9
[2026-03-19T11:34:36.225+0800][192.715s][info][gc,metaspace] GC(393) Metaspace: 22895K(23168K)->22895K(23168K) NonClass: 20285K(20416K)->20285K(20416K) Class: 2610K(2752K)->2610K(2752K)
[2026-03-19T11:34:36.225+0800][192.715s][info][gc          ] GC(393) Pause Young (Concurrent Start) (G1 Humongous Allocation) 69M->27M(128M) 2.772ms
[2026-03-19T11:34:36.225+0800][192.715s][info][gc,cpu      ] GC(393) User=0.00s Sys=0.00s Real=0.00s
[2026-03-19T11:34:36.225+0800][192.715s][info][gc          ] GC(394) Concurrent Undo Cycle
[2026-03-19T11:34:36.225+0800][192.715s][info][gc,marking  ] GC(394) Concurrent Cleanup for Next Mark
[2026-03-19T11:34:36.225+0800][192.715s][info][gc,marking  ] GC(394) Concurrent Cleanup for Next Mark 0.340ms
[2026-03-19T11:34:36.226+0800][192.716s][info][gc          ] GC(394) Concurrent Undo Cycle 0.538ms
[2026-03-19T11:34:37.152+0800][193.642s][info][gc,start    ] GC(395) Pause Young (Concurrent Start) (G1 Humongous Allocation)
[2026-03-19T11:34:37.153+0800][193.642s][info][gc,task     ] GC(395) Using 3 workers of 13 for evacuation
[2026-03-19T11:34:37.155+0800][193.644s][info][gc,phases   ] GC(395)   Pre Evacuate Collection Set: 0.3ms
[2026-03-19T11:34:37.155+0800][193.644s][info][gc,phases   ] GC(395)   Merge Heap Roots: 0.1ms
[2026-03-19T11:34:37.155+0800][193.644s][info][gc,phases   ] GC(395)   Evacuate Collection Set: 0.7ms
[2026-03-19T11:34:37.155+0800][193.644s][info][gc,phases   ] GC(395)   Post Evacuate Collection Set: 0.7ms
[2026-03-19T11:34:37.155+0800][193.644s][info][gc,phases   ] GC(395)   Other: 0.5ms
[2026-03-19T11:34:37.155+0800][193.644s][info][gc,heap     ] GC(395) Eden regions: 12->0(74)
[2026-03-19T11:34:37.155+0800][193.644s][info][gc,heap     ] GC(395) Survivor regions: 2->2(10)
[2026-03-19T11:34:37.155+0800][193.644s][info][gc,heap     ] GC(395) Old regions: 18->18
[2026-03-19T11:34:37.155+0800][193.644s][info][gc,heap     ] GC(395) Archive regions: 0->0
[2026-03-19T11:34:37.155+0800][193.645s][info][gc,heap     ] GC(395) Humongous regions: 39->9
[2026-03-19T11:34:37.155+0800][193.645s][info][gc,metaspace] GC(395) Metaspace: 22895K(23168K)->22895K(23168K) NonClass: 20285K(20416K)->20285K(20416K) Class: 2610K(2752K)->2610K(2752K)
[2026-03-19T11:34:37.155+0800][193.645s][info][gc          ] GC(395) Pause Young (Concurrent Start) (G1 Humongous Allocation) 69M->27M(128M) 2.802ms
[2026-03-19T11:34:37.155+0800][193.645s][info][gc,cpu      ] GC(395) User=0.00s Sys=0.00s Real=0.00s
[2026-03-19T11:34:37.155+0800][193.645s][info][gc          ] GC(396) Concurrent Undo Cycle
[2026-03-19T11:34:37.155+0800][193.645s][info][gc,marking  ] GC(396) Concurrent Cleanup for Next Mark
[2026-03-19T11:34:37.156+0800][193.645s][info][gc,marking  ] GC(396) Concurrent Cleanup for Next Mark 0.456ms
[2026-03-19T11:34:37.156+0800][193.645s][info][gc          ] GC(396) Concurrent Undo Cycle 0.720ms
[2026-03-19T11:34:38.075+0800][194.564s][info][gc,start    ] GC(397) Pause Young (Concurrent Start) (G1 Humongous Allocation)
[2026-03-19T11:34:38.075+0800][194.565s][info][gc,task     ] GC(397) Using 3 workers of 13 for evacuation
[2026-03-19T11:34:38.077+0800][194.566s][info][gc,phases   ] GC(397)   Pre Evacuate Collection Set: 0.2ms
[2026-03-19T11:34:38.077+0800][194.567s][info][gc,phases   ] GC(397)   Merge Heap Roots: 0.1ms
[2026-03-19T11:34:38.077+0800][194.567s][info][gc,phases   ] GC(397)   Evacuate Collection Set: 0.6ms
[2026-03-19T11:34:38.077+0800][194.567s][info][gc,phases   ] GC(397)   Post Evacuate Collection Set: 0.8ms
[2026-03-19T11:34:38.077+0800][194.567s][info][gc,phases   ] GC(397)   Other: 0.3ms
[2026-03-19T11:34:38.077+0800][194.567s][info][gc,heap     ] GC(397) Eden regions: 13->0(74)
[2026-03-19T11:34:38.077+0800][194.567s][info][gc,heap     ] GC(397) Survivor regions: 2->2(10)
[2026-03-19T11:34:38.077+0800][194.567s][info][gc,heap     ] GC(397) Old regions: 18->18
[2026-03-19T11:34:38.077+0800][194.567s][info][gc,heap     ] GC(397) Archive regions: 0->0
[2026-03-19T11:34:38.077+0800][194.567s][info][gc,heap     ] GC(397) Humongous regions: 39->9
[2026-03-19T11:34:38.077+0800][194.567s][info][gc,metaspace] GC(397) Metaspace: 22895K(23168K)->22895K(23168K) NonClass: 20285K(20416K)->20285K(20416K) Class: 2610K(2752K)->2610K(2752K)
[2026-03-19T11:34:38.077+0800][194.567s][info][gc          ] GC(397) Pause Young (Concurrent Start) (G1 Humongous Allocation) 69M->27M(128M) 2.396ms
[2026-03-19T11:34:38.077+0800][194.567s][info][gc,cpu      ] GC(397) User=0.00s Sys=0.00s Real=0.00s
[2026-03-19T11:34:38.077+0800][194.567s][info][gc          ] GC(398) Concurrent Undo Cycle
[2026-03-19T11:34:38.077+0800][194.567s][info][gc,marking  ] GC(398) Concurrent Cleanup for Next Mark
[2026-03-19T11:34:38.077+0800][194.567s][info][gc,marking  ] GC(398) Concurrent Cleanup for Next Mark 0.304ms
[2026-03-19T11:34:38.077+0800][194.568s][info][gc          ] GC(398) Concurrent Undo Cycle 0.512ms
[2026-03-19T11:34:39.025+0800][195.515s][info][gc,start    ] GC(399) Pause Young (Concurrent Start) (G1 Humongous Allocation)
[2026-03-19T11:34:39.025+0800][195.516s][info][gc,task     ] GC(399) Using 3 workers of 13 for evacuation
[2026-03-19T11:34:39.029+0800][195.518s][info][gc,phases   ] GC(399)   Pre Evacuate Collection Set: 0.4ms
[2026-03-19T11:34:39.029+0800][195.518s][info][gc,phases   ] GC(399)   Merge Heap Roots: 0.3ms
[2026-03-19T11:34:39.029+0800][195.518s][info][gc,phases   ] GC(399)   Evacuate Collection Set: 0.6ms
[2026-03-19T11:34:39.029+0800][195.518s][info][gc,phases   ] GC(399)   Post Evacuate Collection Set: 1.2ms
[2026-03-19T11:34:39.029+0800][195.518s][info][gc,phases   ] GC(399)   Other: 0.3ms
[2026-03-19T11:34:39.029+0800][195.518s][info][gc,heap     ] GC(399) Eden regions: 13->0(74)
[2026-03-19T11:34:39.029+0800][195.518s][info][gc,heap     ] GC(399) Survivor regions: 2->2(10)
[2026-03-19T11:34:39.029+0800][195.518s][info][gc,heap     ] GC(399) Old regions: 18->18
[2026-03-19T11:34:39.029+0800][195.518s][info][gc,heap     ] GC(399) Archive regions: 0->0
[2026-03-19T11:34:39.029+0800][195.518s][info][gc,heap     ] GC(399) Humongous regions: 39->9
[2026-03-19T11:34:39.029+0800][195.518s][info][gc,metaspace] GC(399) Metaspace: 22897K(23168K)->22897K(23168K) NonClass: 20287K(20416K)->20287K(20416K) Class: 2610K(2752K)->2610K(2752K)
[2026-03-19T11:34:39.029+0800][195.519s][info][gc          ] GC(399) Pause Young (Concurrent Start) (G1 Humongous Allocation) 70M->27M(128M) 3.143ms
[2026-03-19T11:34:39.029+0800][195.519s][info][gc,cpu      ] GC(399) User=0.03s Sys=0.00s Real=0.00s
[2026-03-19T11:34:39.029+0800][195.519s][info][gc          ] GC(400) Concurrent Undo Cycle
[2026-03-19T11:34:39.029+0800][195.519s][info][gc,marking  ] GC(400) Concurrent Cleanup for Next Mark
[2026-03-19T11:34:39.029+0800][195.519s][info][gc,marking  ] GC(400) Concurrent Cleanup for Next Mark 0.340ms
[2026-03-19T11:34:39.029+0800][195.519s][info][gc          ] GC(400) Concurrent Undo Cycle 0.571ms
[2026-03-19T11:34:39.964+0800][196.454s][info][gc,start    ] GC(401) Pause Young (Concurrent Start) (G1 Humongous Allocation)
[2026-03-19T11:34:39.964+0800][196.454s][info][gc,task     ] GC(401) Using 3 workers of 13 for evacuation
[2026-03-19T11:34:39.967+0800][196.457s][info][gc,phases   ] GC(401)   Pre Evacuate Collection Set: 0.3ms
[2026-03-19T11:34:39.967+0800][196.457s][info][gc,phases   ] GC(401)   Merge Heap Roots: 0.2ms
[2026-03-19T11:34:39.967+0800][196.457s][info][gc,phases   ] GC(401)   Evacuate Collection Set: 0.9ms
[2026-03-19T11:34:39.967+0800][196.457s][info][gc,phases   ] GC(401)   Post Evacuate Collection Set: 1.0ms
[2026-03-19T11:34:39.967+0800][196.457s][info][gc,phases   ] GC(401)   Other: 0.9ms
[2026-03-19T11:34:39.967+0800][196.458s][info][gc,heap     ] GC(401) Eden regions: 13->0(74)
[2026-03-19T11:34:39.967+0800][196.458s][info][gc,heap     ] GC(401) Survivor regions: 2->2(10)
[2026-03-19T11:34:39.967+0800][196.458s][info][gc,heap     ] GC(401) Old regions: 18->18
[2026-03-19T11:34:39.967+0800][196.458s][info][gc,heap     ] GC(401) Archive regions: 0->0
[2026-03-19T11:34:39.967+0800][196.458s][info][gc,heap     ] GC(401) Humongous regions: 39->9
[2026-03-19T11:34:39.967+0800][196.458s][info][gc,metaspace] GC(401) Metaspace: 22897K(23168K)->22897K(23168K) NonClass: 20287K(20416K)->20287K(20416K) Class: 2610K(2752K)->2610K(2752K)
[2026-03-19T11:34:39.967+0800][196.458s][info][gc          ] GC(401) Pause Young (Concurrent Start) (G1 Humongous Allocation) 70M->27M(128M) 4.329ms
[2026-03-19T11:34:39.967+0800][196.458s][info][gc,cpu      ] GC(401) User=0.00s Sys=0.02s Real=0.00s
[2026-03-19T11:34:39.969+0800][196.458s][info][gc          ] GC(402) Concurrent Undo Cycle
[2026-03-19T11:34:39.969+0800][196.459s][info][gc,marking  ] GC(402) Concurrent Cleanup for Next Mark
[2026-03-19T11:34:39.969+0800][196.459s][info][gc,marking  ] GC(402) Concurrent Cleanup for Next Mark 0.497ms
[2026-03-19T11:34:39.970+0800][196.459s][info][gc          ] GC(402) Concurrent Undo Cycle 1.011ms
[2026-03-19T11:34:40.917+0800][197.407s][info][gc,start    ] GC(403) Pause Young (Concurrent Start) (G1 Humongous Allocation)
[2026-03-19T11:34:40.917+0800][197.408s][info][gc,task     ] GC(403) Using 3 workers of 13 for evacuation
[2026-03-19T11:34:40.921+0800][197.410s][info][gc,phases   ] GC(403)   Pre Evacuate Collection Set: 0.4ms
[2026-03-19T11:34:40.921+0800][197.410s][info][gc,phases   ] GC(403)   Merge Heap Roots: 0.2ms
[2026-03-19T11:34:40.921+0800][197.410s][info][gc,phases   ] GC(403)   Evacuate Collection Set: 0.9ms
[2026-03-19T11:34:40.921+0800][197.411s][info][gc,phases   ] GC(403)   Post Evacuate Collection Set: 0.9ms
[2026-03-19T11:34:40.921+0800][197.411s][info][gc,phases   ] GC(403)   Other: 0.5ms
[2026-03-19T11:34:40.921+0800][197.411s][info][gc,heap     ] GC(403) Eden regions: 12->0(74)
[2026-03-19T11:34:40.922+0800][197.411s][info][gc,heap     ] GC(403) Survivor regions: 2->2(10)
[2026-03-19T11:34:40.922+0800][197.411s][info][gc,heap     ] GC(403) Old regions: 18->18
[2026-03-19T11:34:40.922+0800][197.411s][info][gc,heap     ] GC(403) Archive regions: 0->0
[2026-03-19T11:34:40.922+0800][197.411s][info][gc,heap     ] GC(403) Humongous regions: 39->9
[2026-03-19T11:34:40.922+0800][197.411s][info][gc,metaspace] GC(403) Metaspace: 22897K(23168K)->22897K(23168K) NonClass: 20287K(20416K)->20287K(20416K) Class: 2610K(2752K)->2610K(2752K)
[2026-03-19T11:34:40.922+0800][197.411s][info][gc          ] GC(403) Pause Young (Concurrent Start) (G1 Humongous Allocation) 69M->27M(128M) 3.908ms
[2026-03-19T11:34:40.922+0800][197.411s][info][gc,cpu      ] GC(403) User=0.00s Sys=0.02s Real=0.00s
[2026-03-19T11:34:40.922+0800][197.411s][info][gc          ] GC(404) Concurrent Undo Cycle
[2026-03-19T11:34:40.922+0800][197.412s][info][gc,marking  ] GC(404) Concurrent Cleanup for Next Mark
[2026-03-19T11:34:40.923+0800][197.412s][info][gc,marking  ] GC(404) Concurrent Cleanup for Next Mark 0.524ms
[2026-03-19T11:34:40.923+0800][197.412s][info][gc          ] GC(404) Concurrent Undo Cycle 0.892ms
[2026-03-19T11:34:41.853+0800][198.343s][info][gc,start    ] GC(405) Pause Young (Concurrent Start) (G1 Humongous Allocation)
[2026-03-19T11:34:41.853+0800][198.343s][info][gc,task     ] GC(405) Using 3 workers of 13 for evacuation
[2026-03-19T11:34:41.854+0800][198.345s][info][gc,phases   ] GC(405)   Pre Evacuate Collection Set: 0.1ms
[2026-03-19T11:34:41.855+0800][198.345s][info][gc,phases   ] GC(405)   Merge Heap Roots: 0.2ms
[2026-03-19T11:34:41.855+0800][198.345s][info][gc,phases   ] GC(405)   Evacuate Collection Set: 0.7ms
[2026-03-19T11:34:41.855+0800][198.345s][info][gc,phases   ] GC(405)   Post Evacuate Collection Set: 0.6ms
[2026-03-19T11:34:41.855+0800][198.345s][info][gc,phases   ] GC(405)   Other: 0.3ms
[2026-03-19T11:34:41.855+0800][198.345s][info][gc,heap     ] GC(405) Eden regions: 13->0(74)
[2026-03-19T11:34:41.855+0800][198.345s][info][gc,heap     ] GC(405) Survivor regions: 2->2(10)
[2026-03-19T11:34:41.855+0800][198.345s][info][gc,heap     ] GC(405) Old regions: 18->18
[2026-03-19T11:34:41.855+0800][198.345s][info][gc,heap     ] GC(405) Archive regions: 0->0
[2026-03-19T11:34:41.855+0800][198.345s][info][gc,heap     ] GC(405) Humongous regions: 39->9
[2026-03-19T11:34:41.855+0800][198.345s][info][gc,metaspace] GC(405) Metaspace: 22897K(23168K)->22897K(23168K) NonClass: 20287K(20416K)->20287K(20416K) Class: 2610K(2752K)->2610K(2752K)
[2026-03-19T11:34:41.855+0800][198.345s][info][gc          ] GC(405) Pause Young (Concurrent Start) (G1 Humongous Allocation) 70M->27M(128M) 2.292ms
[2026-03-19T11:34:41.855+0800][198.345s][info][gc,cpu      ] GC(405) User=0.00s Sys=0.00s Real=0.00s
[2026-03-19T11:34:41.855+0800][198.345s][info][gc          ] GC(406) Concurrent Undo Cycle
[2026-03-19T11:34:41.855+0800][198.345s][info][gc,marking  ] GC(406) Concurrent Cleanup for Next Mark
[2026-03-19T11:34:41.855+0800][198.346s][info][gc,marking  ] GC(406) Concurrent Cleanup for Next Mark 0.326ms
[2026-03-19T11:34:41.856+0800][198.346s][info][gc          ] GC(406) Concurrent Undo Cycle 0.485ms
[2026-03-19T11:34:42.786+0800][199.276s][info][gc,start    ] GC(407) Pause Young (Concurrent Start) (G1 Humongous Allocation)
[2026-03-19T11:34:42.787+0800][199.276s][info][gc,task     ] GC(407) Using 3 workers of 13 for evacuation
[2026-03-19T11:34:42.789+0800][199.278s][info][gc,phases   ] GC(407)   Pre Evacuate Collection Set: 0.1ms
[2026-03-19T11:34:42.789+0800][199.278s][info][gc,phases   ] GC(407)   Merge Heap Roots: 0.1ms
[2026-03-19T11:34:42.789+0800][199.278s][info][gc,phases   ] GC(407)   Evacuate Collection Set: 0.6ms
[2026-03-19T11:34:42.789+0800][199.278s][info][gc,phases   ] GC(407)   Post Evacuate Collection Set: 0.8ms
[2026-03-19T11:34:42.789+0800][199.278s][info][gc,phases   ] GC(407)   Other: 0.5ms
[2026-03-19T11:34:42.789+0800][199.278s][info][gc,heap     ] GC(407) Eden regions: 13->0(74)
[2026-03-19T11:34:42.789+0800][199.278s][info][gc,heap     ] GC(407) Survivor regions: 2->2(10)
[2026-03-19T11:34:42.789+0800][199.278s][info][gc,heap     ] GC(407) Old regions: 18->18
[2026-03-19T11:34:42.789+0800][199.279s][info][gc,heap     ] GC(407) Archive regions: 0->0
[2026-03-19T11:34:42.789+0800][199.279s][info][gc,heap     ] GC(407) Humongous regions: 39->9
[2026-03-19T11:34:42.789+0800][199.279s][info][gc,metaspace] GC(407) Metaspace: 22897K(23168K)->22897K(23168K) NonClass: 20287K(20416K)->20287K(20416K) Class: 2610K(2752K)->2610K(2752K)
[2026-03-19T11:34:42.789+0800][199.279s][info][gc          ] GC(407) Pause Young (Concurrent Start) (G1 Humongous Allocation) 70M->27M(128M) 2.488ms
[2026-03-19T11:34:42.789+0800][199.279s][info][gc,cpu      ] GC(407) User=0.00s Sys=0.00s Real=0.00s
[2026-03-19T11:34:42.789+0800][199.279s][info][gc          ] GC(408) Concurrent Undo Cycle
[2026-03-19T11:34:42.790+0800][199.279s][info][gc,marking  ] GC(408) Concurrent Cleanup for Next Mark
[2026-03-19T11:34:42.790+0800][199.279s][info][gc,marking  ] GC(408) Concurrent Cleanup for Next Mark 0.400ms
[2026-03-19T11:34:42.790+0800][199.279s][info][gc          ] GC(408) Concurrent Undo Cycle 0.662ms
[2026-03-19T11:34:43.727+0800][200.217s][info][gc,start    ] GC(409) Pause Young (Concurrent Start) (G1 Humongous Allocation)
[2026-03-19T11:34:43.728+0800][200.217s][info][gc,task     ] GC(409) Using 3 workers of 13 for evacuation
[2026-03-19T11:34:43.729+0800][200.219s][info][gc,phases   ] GC(409)   Pre Evacuate Collection Set: 0.2ms
[2026-03-19T11:34:43.729+0800][200.219s][info][gc,phases   ] GC(409)   Merge Heap Roots: 0.2ms
[2026-03-19T11:34:43.729+0800][200.219s][info][gc,phases   ] GC(409)   Evacuate Collection Set: 0.7ms
[2026-03-19T11:34:43.729+0800][200.219s][info][gc,phases   ] GC(409)   Post Evacuate Collection Set: 0.8ms
[2026-03-19T11:34:43.730+0800][200.219s][info][gc,phases   ] GC(409)   Other: 0.3ms
[2026-03-19T11:34:43.730+0800][200.219s][info][gc,heap     ] GC(409) Eden regions: 13->0(74)
[2026-03-19T11:34:43.730+0800][200.219s][info][gc,heap     ] GC(409) Survivor regions: 2->2(10)
[2026-03-19T11:34:43.730+0800][200.219s][info][gc,heap     ] GC(409) Old regions: 18->18
[2026-03-19T11:34:43.730+0800][200.219s][info][gc,heap     ] GC(409) Archive regions: 0->0
[2026-03-19T11:34:43.730+0800][200.219s][info][gc,heap     ] GC(409) Humongous regions: 39->9
[2026-03-19T11:34:43.730+0800][200.219s][info][gc,metaspace] GC(409) Metaspace: 22897K(23168K)->22897K(23168K) NonClass: 20287K(20416K)->20287K(20416K) Class: 2610K(2752K)->2610K(2752K)
[2026-03-19T11:34:43.730+0800][200.219s][info][gc          ] GC(409) Pause Young (Concurrent Start) (G1 Humongous Allocation) 70M->27M(128M) 2.611ms
[2026-03-19T11:34:43.730+0800][200.219s][info][gc,cpu      ] GC(409) User=0.00s Sys=0.00s Real=0.00s
[2026-03-19T11:34:43.730+0800][200.219s][info][gc          ] GC(410) Concurrent Undo Cycle
[2026-03-19T11:34:43.730+0800][200.220s][info][gc,marking  ] GC(410) Concurrent Cleanup for Next Mark
[2026-03-19T11:34:43.730+0800][200.220s][info][gc,marking  ] GC(410) Concurrent Cleanup for Next Mark 0.245ms
[2026-03-19T11:34:43.730+0800][200.220s][info][gc          ] GC(410) Concurrent Undo Cycle 0.439ms
[2026-03-19T11:34:44.657+0800][201.146s][info][gc,start    ] GC(411) Pause Young (Concurrent Start) (G1 Humongous Allocation)
[2026-03-19T11:34:44.657+0800][201.147s][info][gc,task     ] GC(411) Using 3 workers of 13 for evacuation
[2026-03-19T11:34:44.659+0800][201.148s][info][gc,phases   ] GC(411)   Pre Evacuate Collection Set: 0.2ms
[2026-03-19T11:34:44.659+0800][201.148s][info][gc,phases   ] GC(411)   Merge Heap Roots: 0.2ms
[2026-03-19T11:34:44.659+0800][201.149s][info][gc,phases   ] GC(411)   Evacuate Collection Set: 0.5ms
[2026-03-19T11:34:44.659+0800][201.149s][info][gc,phases   ] GC(411)   Post Evacuate Collection Set: 0.7ms
[2026-03-19T11:34:44.659+0800][201.149s][info][gc,phases   ] GC(411)   Other: 0.3ms
[2026-03-19T11:34:44.659+0800][201.149s][info][gc,heap     ] GC(411) Eden regions: 12->0(74)
[2026-03-19T11:34:44.659+0800][201.149s][info][gc,heap     ] GC(411) Survivor regions: 2->2(10)
[2026-03-19T11:34:44.659+0800][201.149s][info][gc,heap     ] GC(411) Old regions: 18->18
[2026-03-19T11:34:44.659+0800][201.149s][info][gc,heap     ] GC(411) Archive regions: 0->0
[2026-03-19T11:34:44.659+0800][201.149s][info][gc,heap     ] GC(411) Humongous regions: 39->9
[2026-03-19T11:34:44.659+0800][201.149s][info][gc,metaspace] GC(411) Metaspace: 22897K(23168K)->22897K(23168K) NonClass: 20287K(20416K)->20287K(20416K) Class: 2610K(2752K)->2610K(2752K)
[2026-03-19T11:34:44.659+0800][201.149s][info][gc          ] GC(411) Pause Young (Concurrent Start) (G1 Humongous Allocation) 69M->27M(128M) 2.411ms
[2026-03-19T11:34:44.659+0800][201.149s][info][gc,cpu      ] GC(411) User=0.00s Sys=0.00s Real=0.00s
[2026-03-19T11:34:44.659+0800][201.149s][info][gc          ] GC(412) Concurrent Undo Cycle
[2026-03-19T11:34:44.659+0800][201.149s][info][gc,marking  ] GC(412) Concurrent Cleanup for Next Mark
[2026-03-19T11:34:44.660+0800][201.150s][info][gc,marking  ] GC(412) Concurrent Cleanup for Next Mark 0.366ms
[2026-03-19T11:34:44.660+0800][201.150s][info][gc          ] GC(412) Concurrent Undo Cycle 0.628ms
[2026-03-19T11:34:45.580+0800][202.070s][info][gc,start    ] GC(413) Pause Young (Concurrent Start) (G1 Humongous Allocation)
[2026-03-19T11:34:45.580+0800][202.070s][info][gc,task     ] GC(413) Using 3 workers of 13 for evacuation
[2026-03-19T11:34:45.582+0800][202.072s][info][gc,phases   ] GC(413)   Pre Evacuate Collection Set: 0.3ms
[2026-03-19T11:34:45.582+0800][202.072s][info][gc,phases   ] GC(413)   Merge Heap Roots: 0.2ms
[2026-03-19T11:34:45.582+0800][202.072s][info][gc,phases   ] GC(413)   Evacuate Collection Set: 0.8ms
[2026-03-19T11:34:45.582+0800][202.072s][info][gc,phases   ] GC(413)   Post Evacuate Collection Set: 0.8ms
[2026-03-19T11:34:45.582+0800][202.072s][info][gc,phases   ] GC(413)   Other: 0.4ms
[2026-03-19T11:34:45.583+0800][202.073s][info][gc,heap     ] GC(413) Eden regions: 12->0(74)
[2026-03-19T11:34:45.583+0800][202.073s][info][gc,heap     ] GC(413) Survivor regions: 2->2(10)
[2026-03-19T11:34:45.583+0800][202.073s][info][gc,heap     ] GC(413) Old regions: 18->18
[2026-03-19T11:34:45.583+0800][202.073s][info][gc,heap     ] GC(413) Archive regions: 0->0
[2026-03-19T11:34:45.583+0800][202.073s][info][gc,heap     ] GC(413) Humongous regions: 39->9
[2026-03-19T11:34:45.583+0800][202.073s][info][gc,metaspace] GC(413) Metaspace: 22897K(23168K)->22897K(23168K) NonClass: 20287K(20416K)->20287K(20416K) Class: 2610K(2752K)->2610K(2752K)
[2026-03-19T11:34:45.583+0800][202.073s][info][gc          ] GC(413) Pause Young (Concurrent Start) (G1 Humongous Allocation) 69M->27M(128M) 3.431ms
[2026-03-19T11:34:45.583+0800][202.073s][info][gc,cpu      ] GC(413) User=0.00s Sys=0.00s Real=0.00s
[2026-03-19T11:34:45.583+0800][202.073s][info][gc          ] GC(414) Concurrent Undo Cycle
[2026-03-19T11:34:45.584+0800][202.074s][info][gc,marking  ] GC(414) Concurrent Cleanup for Next Mark
[2026-03-19T11:34:45.584+0800][202.074s][info][gc,marking  ] GC(414) Concurrent Cleanup for Next Mark 0.436ms
[2026-03-19T11:34:45.584+0800][202.074s][info][gc          ] GC(414) Concurrent Undo Cycle 0.938ms
[2026-03-19T11:34:46.503+0800][202.993s][info][gc,start    ] GC(415) Pause Young (Concurrent Start) (G1 Humongous Allocation)
[2026-03-19T11:34:46.503+0800][202.993s][info][gc,task     ] GC(415) Using 3 workers of 13 for evacuation
[2026-03-19T11:34:46.506+0800][202.996s][info][gc,phases   ] GC(415)   Pre Evacuate Collection Set: 0.2ms
[2026-03-19T11:34:46.506+0800][202.996s][info][gc,phases   ] GC(415)   Merge Heap Roots: 0.3ms
[2026-03-19T11:34:46.506+0800][202.996s][info][gc,phases   ] GC(415)   Evacuate Collection Set: 1.1ms
[2026-03-19T11:34:46.506+0800][202.996s][info][gc,phases   ] GC(415)   Post Evacuate Collection Set: 1.1ms
[2026-03-19T11:34:46.507+0800][202.996s][info][gc,phases   ] GC(415)   Other: 0.5ms
[2026-03-19T11:34:46.507+0800][202.996s][info][gc,heap     ] GC(415) Eden regions: 13->0(74)
[2026-03-19T11:34:46.507+0800][202.996s][info][gc,heap     ] GC(415) Survivor regions: 2->2(10)
[2026-03-19T11:34:46.507+0800][202.997s][info][gc,heap     ] GC(415) Old regions: 18->18
[2026-03-19T11:34:46.507+0800][202.997s][info][gc,heap     ] GC(415) Archive regions: 0->0
[2026-03-19T11:34:46.507+0800][202.997s][info][gc,heap     ] GC(415) Humongous regions: 39->9
[2026-03-19T11:34:46.507+0800][202.997s][info][gc,metaspace] GC(415) Metaspace: 22897K(23168K)->22897K(23168K) NonClass: 20287K(20416K)->20287K(20416K) Class: 2610K(2752K)->2610K(2752K)
[2026-03-19T11:34:46.507+0800][202.997s][info][gc          ] GC(415) Pause Young (Concurrent Start) (G1 Humongous Allocation) 70M->27M(128M) 4.027ms
[2026-03-19T11:34:46.507+0800][202.997s][info][gc,cpu      ] GC(415) User=0.00s Sys=0.00s Real=0.00s
[2026-03-19T11:34:46.507+0800][202.997s][info][gc          ] GC(416) Concurrent Undo Cycle
[2026-03-19T11:34:46.507+0800][202.997s][info][gc,marking  ] GC(416) Concurrent Cleanup for Next Mark
[2026-03-19T11:34:46.507+0800][202.998s][info][gc,marking  ] GC(416) Concurrent Cleanup for Next Mark 0.432ms
[2026-03-19T11:34:46.507+0800][202.998s][info][gc          ] GC(416) Concurrent Undo Cycle 0.749ms
[2026-03-19T11:34:47.442+0800][203.931s][info][gc,start    ] GC(417) Pause Young (Concurrent Start) (G1 Humongous Allocation)
[2026-03-19T11:34:47.442+0800][203.931s][info][gc,task     ] GC(417) Using 3 workers of 13 for evacuation
[2026-03-19T11:34:47.443+0800][203.933s][info][gc,phases   ] GC(417)   Pre Evacuate Collection Set: 0.3ms
[2026-03-19T11:34:47.443+0800][203.933s][info][gc,phases   ] GC(417)   Merge Heap Roots: 0.2ms
[2026-03-19T11:34:47.443+0800][203.933s][info][gc,phases   ] GC(417)   Evacuate Collection Set: 0.5ms
[2026-03-19T11:34:47.443+0800][203.933s][info][gc,phases   ] GC(417)   Post Evacuate Collection Set: 0.7ms
[2026-03-19T11:34:47.443+0800][203.933s][info][gc,phases   ] GC(417)   Other: 0.3ms
[2026-03-19T11:34:47.443+0800][203.934s][info][gc,heap     ] GC(417) Eden regions: 13->0(74)
[2026-03-19T11:34:47.444+0800][203.934s][info][gc,heap     ] GC(417) Survivor regions: 2->2(10)
[2026-03-19T11:34:47.444+0800][203.934s][info][gc,heap     ] GC(417) Old regions: 18->18
[2026-03-19T11:34:47.444+0800][203.934s][info][gc,heap     ] GC(417) Archive regions: 0->0
[2026-03-19T11:34:47.444+0800][203.934s][info][gc,heap     ] GC(417) Humongous regions: 39->9
[2026-03-19T11:34:47.444+0800][203.934s][info][gc,metaspace] GC(417) Metaspace: 22897K(23168K)->22897K(23168K) NonClass: 20287K(20416K)->20287K(20416K) Class: 2610K(2752K)->2610K(2752K)
[2026-03-19T11:34:47.444+0800][203.934s][info][gc          ] GC(417) Pause Young (Concurrent Start) (G1 Humongous Allocation) 70M->27M(128M) 2.428ms
[2026-03-19T11:34:47.444+0800][203.934s][info][gc,cpu      ] GC(417) User=0.00s Sys=0.00s Real=0.00s
[2026-03-19T11:34:47.444+0800][203.934s][info][gc          ] GC(418) Concurrent Undo Cycle
[2026-03-19T11:34:47.444+0800][203.934s][info][gc,marking  ] GC(418) Concurrent Cleanup for Next Mark
[2026-03-19T11:34:47.444+0800][203.934s][info][gc,marking  ] GC(418) Concurrent Cleanup for Next Mark 0.336ms
[2026-03-19T11:34:47.444+0800][203.934s][info][gc          ] GC(418) Concurrent Undo Cycle 0.502ms
[2026-03-19T11:34:48.380+0800][204.870s][info][gc,start    ] GC(419) Pause Young (Concurrent Start) (G1 Humongous Allocation)
[2026-03-19T11:34:48.380+0800][204.870s][info][gc,task     ] GC(419) Using 3 workers of 13 for evacuation
[2026-03-19T11:34:48.382+0800][204.872s][info][gc,phases   ] GC(419)   Pre Evacuate Collection Set: 0.3ms
[2026-03-19T11:34:48.383+0800][204.872s][info][gc,phases   ] GC(419)   Merge Heap Roots: 0.2ms
[2026-03-19T11:34:48.383+0800][204.873s][info][gc,phases   ] GC(419)   Evacuate Collection Set: 0.8ms
[2026-03-19T11:34:48.383+0800][204.873s][info][gc,phases   ] GC(419)   Post Evacuate Collection Set: 0.8ms
[2026-03-19T11:34:48.383+0800][204.873s][info][gc,phases   ] GC(419)   Other: 0.3ms
[2026-03-19T11:34:48.383+0800][204.873s][info][gc,heap     ] GC(419) Eden regions: 13->0(74)
[2026-03-19T11:34:48.383+0800][204.873s][info][gc,heap     ] GC(419) Survivor regions: 2->2(10)
[2026-03-19T11:34:48.383+0800][204.873s][info][gc,heap     ] GC(419) Old regions: 18->18
[2026-03-19T11:34:48.383+0800][204.873s][info][gc,heap     ] GC(419) Archive regions: 0->0
[2026-03-19T11:34:48.383+0800][204.873s][info][gc,heap     ] GC(419) Humongous regions: 39->9
[2026-03-19T11:34:48.383+0800][204.873s][info][gc,metaspace] GC(419) Metaspace: 22897K(23168K)->22897K(23168K) NonClass: 20287K(20416K)->20287K(20416K) Class: 2610K(2752K)->2610K(2752K)
[2026-03-19T11:34:48.383+0800][204.873s][info][gc          ] GC(419) Pause Young (Concurrent Start) (G1 Humongous Allocation) 70M->27M(128M) 2.874ms
[2026-03-19T11:34:48.383+0800][204.873s][info][gc,cpu      ] GC(419) User=0.00s Sys=0.00s Real=0.00s
[2026-03-19T11:34:48.383+0800][204.873s][info][gc          ] GC(420) Concurrent Undo Cycle
[2026-03-19T11:34:48.383+0800][204.873s][info][gc,marking  ] GC(420) Concurrent Cleanup for Next Mark
[2026-03-19T11:34:48.383+0800][204.873s][info][gc,marking  ] GC(420) Concurrent Cleanup for Next Mark 0.318ms
[2026-03-19T11:34:48.384+0800][204.873s][info][gc          ] GC(420) Concurrent Undo Cycle 0.506ms
[2026-03-19T11:34:49.314+0800][205.804s][info][gc,start    ] GC(421) Pause Young (Concurrent Start) (G1 Humongous Allocation)
[2026-03-19T11:34:49.314+0800][205.804s][info][gc,task     ] GC(421) Using 3 workers of 13 for evacuation
[2026-03-19T11:34:49.317+0800][205.807s][info][gc,phases   ] GC(421)   Pre Evacuate Collection Set: 0.3ms
[2026-03-19T11:34:49.317+0800][205.807s][info][gc,phases   ] GC(421)   Merge Heap Roots: 0.3ms
[2026-03-19T11:34:49.317+0800][205.807s][info][gc,phases   ] GC(421)   Evacuate Collection Set: 0.8ms
[2026-03-19T11:34:49.317+0800][205.807s][info][gc,phases   ] GC(421)   Post Evacuate Collection Set: 0.9ms
[2026-03-19T11:34:49.317+0800][205.807s][info][gc,phases   ] GC(421)   Other: 0.5ms
[2026-03-19T11:34:49.318+0800][205.807s][info][gc,heap     ] GC(421) Eden regions: 13->0(74)
[2026-03-19T11:34:49.318+0800][205.807s][info][gc,heap     ] GC(421) Survivor regions: 2->2(10)
[2026-03-19T11:34:49.318+0800][205.807s][info][gc,heap     ] GC(421) Old regions: 18->18
[2026-03-19T11:34:49.318+0800][205.807s][info][gc,heap     ] GC(421) Archive regions: 0->0
[2026-03-19T11:34:49.318+0800][205.807s][info][gc,heap     ] GC(421) Humongous regions: 39->9
[2026-03-19T11:34:49.318+0800][205.807s][info][gc,metaspace] GC(421) Metaspace: 22897K(23168K)->22897K(23168K) NonClass: 20287K(20416K)->20287K(20416K) Class: 2610K(2752K)->2610K(2752K)
[2026-03-19T11:34:49.318+0800][205.807s][info][gc          ] GC(421) Pause Young (Concurrent Start) (G1 Humongous Allocation) 70M->27M(128M) 3.670ms
[2026-03-19T11:34:49.318+0800][205.808s][info][gc,cpu      ] GC(421) User=0.00s Sys=0.00s Real=0.00s
[2026-03-19T11:34:49.318+0800][205.808s][info][gc          ] GC(422) Concurrent Undo Cycle
[2026-03-19T11:34:49.318+0800][205.808s][info][gc,marking  ] GC(422) Concurrent Cleanup for Next Mark
[2026-03-19T11:34:49.319+0800][205.808s][info][gc,marking  ] GC(422) Concurrent Cleanup for Next Mark 0.495ms
[2026-03-19T11:34:49.319+0800][205.808s][info][gc          ] GC(422) Concurrent Undo Cycle 0.840ms
[2026-03-19T11:34:50.242+0800][206.731s][info][gc,start    ] GC(423) Pause Young (Concurrent Start) (G1 Humongous Allocation)
[2026-03-19T11:34:50.242+0800][206.731s][info][gc,task     ] GC(423) Using 3 workers of 13 for evacuation
[2026-03-19T11:34:50.244+0800][206.734s][info][gc,phases   ] GC(423)   Pre Evacuate Collection Set: 0.3ms
[2026-03-19T11:34:50.244+0800][206.734s][info][gc,phases   ] GC(423)   Merge Heap Roots: 0.2ms
[2026-03-19T11:34:50.244+0800][206.734s][info][gc,phases   ] GC(423)   Evacuate Collection Set: 0.8ms
[2026-03-19T11:34:50.244+0800][206.734s][info][gc,phases   ] GC(423)   Post Evacuate Collection Set: 1.0ms
[2026-03-19T11:34:50.244+0800][206.734s][info][gc,phases   ] GC(423)   Other: 0.5ms
[2026-03-19T11:34:50.244+0800][206.734s][info][gc,heap     ] GC(423) Eden regions: 13->0(74)
[2026-03-19T11:34:50.244+0800][206.734s][info][gc,heap     ] GC(423) Survivor regions: 2->2(10)
[2026-03-19T11:34:50.245+0800][206.735s][info][gc,heap     ] GC(423) Old regions: 18->18
[2026-03-19T11:34:50.245+0800][206.735s][info][gc,heap     ] GC(423) Archive regions: 0->0
[2026-03-19T11:34:50.245+0800][206.735s][info][gc,heap     ] GC(423) Humongous regions: 39->9
[2026-03-19T11:34:50.245+0800][206.735s][info][gc,metaspace] GC(423) Metaspace: 22908K(23168K)->22908K(23168K) NonClass: 20297K(20416K)->20297K(20416K) Class: 2610K(2752K)->2610K(2752K)
[2026-03-19T11:34:50.245+0800][206.735s][info][gc          ] GC(423) Pause Young (Concurrent Start) (G1 Humongous Allocation) 70M->27M(128M) 3.684ms
[2026-03-19T11:34:50.245+0800][206.735s][info][gc,cpu      ] GC(423) User=0.00s Sys=0.00s Real=0.00s
[2026-03-19T11:34:50.245+0800][206.735s][info][gc          ] GC(424) Concurrent Undo Cycle
[2026-03-19T11:34:50.245+0800][206.735s][info][gc,marking  ] GC(424) Concurrent Cleanup for Next Mark
[2026-03-19T11:34:50.246+0800][206.736s][info][gc,marking  ] GC(424) Concurrent Cleanup for Next Mark 0.622ms
[2026-03-19T11:34:50.246+0800][206.736s][info][gc          ] GC(424) Concurrent Undo Cycle 0.975ms
[2026-03-19T11:34:51.185+0800][207.674s][info][gc,start    ] GC(425) Pause Young (Concurrent Start) (G1 Humongous Allocation)
[2026-03-19T11:34:51.185+0800][207.674s][info][gc,task     ] GC(425) Using 3 workers of 13 for evacuation
[2026-03-19T11:34:51.187+0800][207.677s][info][gc,phases   ] GC(425)   Pre Evacuate Collection Set: 0.4ms
[2026-03-19T11:34:51.187+0800][207.677s][info][gc,phases   ] GC(425)   Merge Heap Roots: 0.4ms
[2026-03-19T11:34:51.188+0800][207.677s][info][gc,phases   ] GC(425)   Evacuate Collection Set: 0.7ms
[2026-03-19T11:34:51.188+0800][207.677s][info][gc,phases   ] GC(425)   Post Evacuate Collection Set: 0.8ms
[2026-03-19T11:34:51.188+0800][207.677s][info][gc,phases   ] GC(425)   Other: 0.3ms
[2026-03-19T11:34:51.188+0800][207.677s][info][gc,heap     ] GC(425) Eden regions: 13->0(74)
[2026-03-19T11:34:51.188+0800][207.677s][info][gc,heap     ] GC(425) Survivor regions: 2->2(10)
[2026-03-19T11:34:51.188+0800][207.677s][info][gc,heap     ] GC(425) Old regions: 18->18
[2026-03-19T11:34:51.188+0800][207.677s][info][gc,heap     ] GC(425) Archive regions: 0->0
[2026-03-19T11:34:51.188+0800][207.677s][info][gc,heap     ] GC(425) Humongous regions: 39->9
[2026-03-19T11:34:51.188+0800][207.677s][info][gc,metaspace] GC(425) Metaspace: 22908K(23168K)->22908K(23168K) NonClass: 20297K(20416K)->20297K(20416K) Class: 2610K(2752K)->2610K(2752K)
[2026-03-19T11:34:51.188+0800][207.677s][info][gc          ] GC(425) Pause Young (Concurrent Start) (G1 Humongous Allocation) 70M->27M(128M) 3.012ms
[2026-03-19T11:34:51.188+0800][207.677s][info][gc,cpu      ] GC(425) User=0.00s Sys=0.00s Real=0.00s
[2026-03-19T11:34:51.188+0800][207.677s][info][gc          ] GC(426) Concurrent Undo Cycle
[2026-03-19T11:34:51.188+0800][207.677s][info][gc,marking  ] GC(426) Concurrent Cleanup for Next Mark
[2026-03-19T11:34:51.188+0800][207.678s][info][gc,marking  ] GC(426) Concurrent Cleanup for Next Mark 0.286ms
[2026-03-19T11:34:51.188+0800][207.678s][info][gc          ] GC(426) Concurrent Undo Cycle 0.449ms
[2026-03-19T11:34:52.125+0800][208.614s][info][gc,start    ] GC(427) Pause Young (Concurrent Start) (G1 Humongous Allocation)
[2026-03-19T11:34:52.125+0800][208.614s][info][gc,task     ] GC(427) Using 3 workers of 13 for evacuation
[2026-03-19T11:34:52.127+0800][208.617s][info][gc,phases   ] GC(427)   Pre Evacuate Collection Set: 0.2ms
[2026-03-19T11:34:52.127+0800][208.617s][info][gc,phases   ] GC(427)   Merge Heap Roots: 0.2ms
[2026-03-19T11:34:52.128+0800][208.617s][info][gc,phases   ] GC(427)   Evacuate Collection Set: 0.9ms
[2026-03-19T11:34:52.128+0800][208.617s][info][gc,phases   ] GC(427)   Post Evacuate Collection Set: 1.0ms
[2026-03-19T11:34:52.128+0800][208.617s][info][gc,phases   ] GC(427)   Other: 0.6ms
[2026-03-19T11:34:52.128+0800][208.618s][info][gc,heap     ] GC(427) Eden regions: 13->0(74)
[2026-03-19T11:34:52.128+0800][208.618s][info][gc,heap     ] GC(427) Survivor regions: 2->2(10)
[2026-03-19T11:34:52.128+0800][208.618s][info][gc,heap     ] GC(427) Old regions: 18->18
[2026-03-19T11:34:52.128+0800][208.618s][info][gc,heap     ] GC(427) Archive regions: 0->0
[2026-03-19T11:34:52.129+0800][208.618s][info][gc,heap     ] GC(427) Humongous regions: 39->9
[2026-03-19T11:34:52.129+0800][208.618s][info][gc,metaspace] GC(427) Metaspace: 22908K(23168K)->22908K(23168K) NonClass: 20297K(20416K)->20297K(20416K) Class: 2610K(2752K)->2610K(2752K)
[2026-03-19T11:34:52.129+0800][208.618s][info][gc          ] GC(427) Pause Young (Concurrent Start) (G1 Humongous Allocation) 70M->27M(128M) 3.800ms
[2026-03-19T11:34:52.129+0800][208.618s][info][gc,cpu      ] GC(427) User=0.00s Sys=0.00s Real=0.00s
[2026-03-19T11:34:52.129+0800][208.618s][info][gc          ] GC(428) Concurrent Undo Cycle
[2026-03-19T11:34:52.129+0800][208.618s][info][gc,marking  ] GC(428) Concurrent Cleanup for Next Mark
[2026-03-19T11:34:52.130+0800][208.619s][info][gc,marking  ] GC(428) Concurrent Cleanup for Next Mark 0.488ms
[2026-03-19T11:34:52.130+0800][208.619s][info][gc          ] GC(428) Concurrent Undo Cycle 0.864ms
[2026-03-19T11:34:53.063+0800][209.552s][info][gc,start    ] GC(429) Pause Young (Concurrent Start) (G1 Humongous Allocation)
[2026-03-19T11:34:53.063+0800][209.552s][info][gc,task     ] GC(429) Using 3 workers of 13 for evacuation
[2026-03-19T11:34:53.064+0800][209.554s][info][gc,phases   ] GC(429)   Pre Evacuate Collection Set: 0.1ms
[2026-03-19T11:34:53.064+0800][209.554s][info][gc,phases   ] GC(429)   Merge Heap Roots: 0.1ms
[2026-03-19T11:34:53.064+0800][209.554s][info][gc,phases   ] GC(429)   Evacuate Collection Set: 0.5ms
[2026-03-19T11:34:53.065+0800][209.554s][info][gc,phases   ] GC(429)   Post Evacuate Collection Set: 0.5ms
[2026-03-19T11:34:53.065+0800][209.554s][info][gc,phases   ] GC(429)   Other: 0.2ms
[2026-03-19T11:34:53.065+0800][209.554s][info][gc,heap     ] GC(429) Eden regions: 12->0(74)
[2026-03-19T11:34:53.065+0800][209.554s][info][gc,heap     ] GC(429) Survivor regions: 2->2(10)
[2026-03-19T11:34:53.065+0800][209.554s][info][gc,heap     ] GC(429) Old regions: 18->18
[2026-03-19T11:34:53.065+0800][209.554s][info][gc,heap     ] GC(429) Archive regions: 0->0
[2026-03-19T11:34:53.065+0800][209.554s][info][gc,heap     ] GC(429) Humongous regions: 39->9
[2026-03-19T11:34:53.065+0800][209.554s][info][gc,metaspace] GC(429) Metaspace: 22908K(23168K)->22908K(23168K) NonClass: 20297K(20416K)->20297K(20416K) Class: 2610K(2752K)->2610K(2752K)
[2026-03-19T11:34:53.065+0800][209.554s][info][gc          ] GC(429) Pause Young (Concurrent Start) (G1 Humongous Allocation) 69M->27M(128M) 1.692ms
[2026-03-19T11:34:53.065+0800][209.554s][info][gc,cpu      ] GC(429) User=0.00s Sys=0.00s Real=0.00s
[2026-03-19T11:34:53.065+0800][209.554s][info][gc          ] GC(430) Concurrent Undo Cycle
[2026-03-19T11:34:53.065+0800][209.554s][info][gc,marking  ] GC(430) Concurrent Cleanup for Next Mark
[2026-03-19T11:34:53.065+0800][209.555s][info][gc,marking  ] GC(430) Concurrent Cleanup for Next Mark 0.271ms
[2026-03-19T11:34:53.065+0800][209.555s][info][gc          ] GC(430) Concurrent Undo Cycle 0.443ms
[2026-03-19T11:34:53.999+0800][210.488s][info][gc,start    ] GC(431) Pause Young (Concurrent Start) (G1 Humongous Allocation)
[2026-03-19T11:34:53.999+0800][210.488s][info][gc,task     ] GC(431) Using 3 workers of 13 for evacuation
[2026-03-19T11:34:54.000+0800][210.490s][info][gc,phases   ] GC(431)   Pre Evacuate Collection Set: 0.2ms
[2026-03-19T11:34:54.000+0800][210.490s][info][gc,phases   ] GC(431)   Merge Heap Roots: 0.2ms
[2026-03-19T11:34:54.000+0800][210.490s][info][gc,phases   ] GC(431)   Evacuate Collection Set: 0.7ms
[2026-03-19T11:34:54.000+0800][210.490s][info][gc,phases   ] GC(431)   Post Evacuate Collection Set: 0.4ms
[2026-03-19T11:34:54.000+0800][210.490s][info][gc,phases   ] GC(431)   Other: 0.3ms
[2026-03-19T11:34:54.000+0800][210.490s][info][gc,heap     ] GC(431) Eden regions: 12->0(74)
[2026-03-19T11:34:54.000+0800][210.490s][info][gc,heap     ] GC(431) Survivor regions: 2->2(10)
[2026-03-19T11:34:54.000+0800][210.490s][info][gc,heap     ] GC(431) Old regions: 18->18
[2026-03-19T11:34:54.000+0800][210.490s][info][gc,heap     ] GC(431) Archive regions: 0->0
[2026-03-19T11:34:54.000+0800][210.490s][info][gc,heap     ] GC(431) Humongous regions: 39->9
[2026-03-19T11:34:54.001+0800][210.490s][info][gc,metaspace] GC(431) Metaspace: 22908K(23168K)->22908K(23168K) NonClass: 20297K(20416K)->20297K(20416K) Class: 2610K(2752K)->2610K(2752K)
[2026-03-19T11:34:54.001+0800][210.490s][info][gc          ] GC(431) Pause Young (Concurrent Start) (G1 Humongous Allocation) 69M->27M(128M) 2.295ms
[2026-03-19T11:34:54.001+0800][210.490s][info][gc,cpu      ] GC(431) User=0.00s Sys=0.00s Real=0.00s
[2026-03-19T11:34:54.001+0800][210.490s][info][gc          ] GC(432) Concurrent Undo Cycle
[2026-03-19T11:34:54.001+0800][210.491s][info][gc,marking  ] GC(432) Concurrent Cleanup for Next Mark
[2026-03-19T11:34:54.001+0800][210.491s][info][gc,marking  ] GC(432) Concurrent Cleanup for Next Mark 0.393ms
[2026-03-19T11:34:54.001+0800][210.491s][info][gc          ] GC(432) Concurrent Undo Cycle 0.697ms
[2026-03-19T11:34:54.931+0800][211.421s][info][gc,start    ] GC(433) Pause Young (Concurrent Start) (G1 Humongous Allocation)
[2026-03-19T11:34:54.931+0800][211.421s][info][gc,task     ] GC(433) Using 3 workers of 13 for evacuation
[2026-03-19T11:34:54.934+0800][211.424s][info][gc,phases   ] GC(433)   Pre Evacuate Collection Set: 0.2ms
[2026-03-19T11:34:54.934+0800][211.424s][info][gc,phases   ] GC(433)   Merge Heap Roots: 0.1ms
[2026-03-19T11:34:54.934+0800][211.424s][info][gc,phases   ] GC(433)   Evacuate Collection Set: 0.9ms
[2026-03-19T11:34:54.934+0800][211.424s][info][gc,phases   ] GC(433)   Post Evacuate Collection Set: 0.9ms
[2026-03-19T11:34:54.934+0800][211.424s][info][gc,phases   ] GC(433)   Other: 0.8ms
[2026-03-19T11:34:54.934+0800][211.424s][info][gc,heap     ] GC(433) Eden regions: 13->0(74)
[2026-03-19T11:34:54.934+0800][211.424s][info][gc,heap     ] GC(433) Survivor regions: 2->2(10)
[2026-03-19T11:34:54.934+0800][211.424s][info][gc,heap     ] GC(433) Old regions: 18->18
[2026-03-19T11:34:54.934+0800][211.424s][info][gc,heap     ] GC(433) Archive regions: 0->0
[2026-03-19T11:34:54.934+0800][211.424s][info][gc,heap     ] GC(433) Humongous regions: 39->9
[2026-03-19T11:34:54.934+0800][211.425s][info][gc,metaspace] GC(433) Metaspace: 22908K(23168K)->22908K(23168K) NonClass: 20297K(20416K)->20297K(20416K) Class: 2610K(2752K)->2610K(2752K)
[2026-03-19T11:34:54.935+0800][211.425s][info][gc          ] GC(433) Pause Young (Concurrent Start) (G1 Humongous Allocation) 70M->27M(128M) 3.838ms
[2026-03-19T11:34:54.935+0800][211.425s][info][gc,cpu      ] GC(433) User=0.06s Sys=0.00s Real=0.00s
[2026-03-19T11:34:54.935+0800][211.425s][info][gc          ] GC(434) Concurrent Undo Cycle
[2026-03-19T11:34:54.935+0800][211.425s][info][gc,marking  ] GC(434) Concurrent Cleanup for Next Mark
[2026-03-19T11:34:54.935+0800][211.425s][info][gc,marking  ] GC(434) Concurrent Cleanup for Next Mark 0.325ms
[2026-03-19T11:34:54.936+0800][211.425s][info][gc          ] GC(434) Concurrent Undo Cycle 0.598ms
[2026-03-19T11:34:55.867+0800][212.356s][info][gc,start    ] GC(435) Pause Young (Concurrent Start) (G1 Humongous Allocation)
[2026-03-19T11:34:55.867+0800][212.356s][info][gc,task     ] GC(435) Using 3 workers of 13 for evacuation
[2026-03-19T11:34:55.869+0800][212.359s][info][gc,phases   ] GC(435)   Pre Evacuate Collection Set: 0.3ms
[2026-03-19T11:34:55.870+0800][212.359s][info][gc,phases   ] GC(435)   Merge Heap Roots: 0.3ms
[2026-03-19T11:34:55.870+0800][212.359s][info][gc,phases   ] GC(435)   Evacuate Collection Set: 0.9ms
[2026-03-19T11:34:55.870+0800][212.360s][info][gc,phases   ] GC(435)   Post Evacuate Collection Set: 1.1ms
[2026-03-19T11:34:55.870+0800][212.360s][info][gc,phases   ] GC(435)   Other: 0.4ms
[2026-03-19T11:34:55.870+0800][212.360s][info][gc,heap     ] GC(435) Eden regions: 13->0(74)
[2026-03-19T11:34:55.870+0800][212.360s][info][gc,heap     ] GC(435) Survivor regions: 2->2(10)
[2026-03-19T11:34:55.870+0800][212.360s][info][gc,heap     ] GC(435) Old regions: 18->18
[2026-03-19T11:34:55.870+0800][212.360s][info][gc,heap     ] GC(435) Archive regions: 0->0
[2026-03-19T11:34:55.870+0800][212.360s][info][gc,heap     ] GC(435) Humongous regions: 39->9
[2026-03-19T11:34:55.870+0800][212.360s][info][gc,metaspace] GC(435) Metaspace: 22908K(23168K)->22908K(23168K) NonClass: 20297K(20416K)->20297K(20416K) Class: 2610K(2752K)->2610K(2752K)
[2026-03-19T11:34:55.870+0800][212.360s][info][gc          ] GC(435) Pause Young (Concurrent Start) (G1 Humongous Allocation) 70M->27M(128M) 3.914ms
[2026-03-19T11:34:55.870+0800][212.360s][info][gc,cpu      ] GC(435) User=0.00s Sys=0.00s Real=0.00s
[2026-03-19T11:34:55.871+0800][212.360s][info][gc          ] GC(436) Concurrent Undo Cycle
[2026-03-19T11:34:55.871+0800][212.361s][info][gc,marking  ] GC(436) Concurrent Cleanup for Next Mark
[2026-03-19T11:34:55.871+0800][212.361s][info][gc,marking  ] GC(436) Concurrent Cleanup for Next Mark 0.458ms
[2026-03-19T11:34:55.871+0800][212.361s][info][gc          ] GC(436) Concurrent Undo Cycle 0.804ms
[2026-03-19T11:34:56.807+0800][213.297s][info][gc,start    ] GC(437) Pause Young (Concurrent Start) (G1 Humongous Allocation)
[2026-03-19T11:34:56.808+0800][213.297s][info][gc,task     ] GC(437) Using 3 workers of 13 for evacuation
[2026-03-19T11:34:56.810+0800][213.300s][info][gc,phases   ] GC(437)   Pre Evacuate Collection Set: 0.2ms
[2026-03-19T11:34:56.810+0800][213.300s][info][gc,phases   ] GC(437)   Merge Heap Roots: 0.2ms
[2026-03-19T11:34:56.810+0800][213.300s][info][gc,phases   ] GC(437)   Evacuate Collection Set: 0.9ms
[2026-03-19T11:34:56.810+0800][213.300s][info][gc,phases   ] GC(437)   Post Evacuate Collection Set: 1.1ms
[2026-03-19T11:34:56.810+0800][213.300s][info][gc,phases   ] GC(437)   Other: 0.5ms
[2026-03-19T11:34:56.810+0800][213.300s][info][gc,heap     ] GC(437) Eden regions: 13->0(74)
[2026-03-19T11:34:56.810+0800][213.300s][info][gc,heap     ] GC(437) Survivor regions: 2->2(10)
[2026-03-19T11:34:56.810+0800][213.300s][info][gc,heap     ] GC(437) Old regions: 18->18
[2026-03-19T11:34:56.810+0800][213.300s][info][gc,heap     ] GC(437) Archive regions: 0->0
[2026-03-19T11:34:56.810+0800][213.300s][info][gc,heap     ] GC(437) Humongous regions: 39->9
[2026-03-19T11:34:56.810+0800][213.300s][info][gc,metaspace] GC(437) Metaspace: 22908K(23168K)->22908K(23168K) NonClass: 20297K(20416K)->20297K(20416K) Class: 2610K(2752K)->2610K(2752K)
[2026-03-19T11:34:56.810+0800][213.301s][info][gc          ] GC(437) Pause Young (Concurrent Start) (G1 Humongous Allocation) 70M->27M(128M) 3.547ms
[2026-03-19T11:34:56.810+0800][213.301s][info][gc,cpu      ] GC(437) User=0.00s Sys=0.03s Real=0.00s
[2026-03-19T11:34:56.810+0800][213.301s][info][gc          ] GC(438) Concurrent Undo Cycle
[2026-03-19T11:34:56.810+0800][213.301s][info][gc,marking  ] GC(438) Concurrent Cleanup for Next Mark
[2026-03-19T11:34:56.812+0800][213.301s][info][gc,marking  ] GC(438) Concurrent Cleanup for Next Mark 0.293ms
[2026-03-19T11:34:56.812+0800][213.301s][info][gc          ] GC(438) Concurrent Undo Cycle 0.502ms
[2026-03-19T11:34:57.748+0800][214.238s][info][gc,start    ] GC(439) Pause Young (Concurrent Start) (G1 Humongous Allocation)
[2026-03-19T11:34:57.748+0800][214.238s][info][gc,task     ] GC(439) Using 3 workers of 13 for evacuation
[2026-03-19T11:34:57.750+0800][214.240s][info][gc,phases   ] GC(439)   Pre Evacuate Collection Set: 0.1ms
[2026-03-19T11:34:57.750+0800][214.240s][info][gc,phases   ] GC(439)   Merge Heap Roots: 0.1ms
[2026-03-19T11:34:57.750+0800][214.240s][info][gc,phases   ] GC(439)   Evacuate Collection Set: 0.6ms
[2026-03-19T11:34:57.750+0800][214.240s][info][gc,phases   ] GC(439)   Post Evacuate Collection Set: 0.8ms
[2026-03-19T11:34:57.750+0800][214.240s][info][gc,phases   ] GC(439)   Other: 0.3ms
[2026-03-19T11:34:57.750+0800][214.240s][info][gc,heap     ] GC(439) Eden regions: 13->0(74)
[2026-03-19T11:34:57.750+0800][214.240s][info][gc,heap     ] GC(439) Survivor regions: 2->2(10)
[2026-03-19T11:34:57.750+0800][214.240s][info][gc,heap     ] GC(439) Old regions: 18->18
[2026-03-19T11:34:57.750+0800][214.240s][info][gc,heap     ] GC(439) Archive regions: 0->0
[2026-03-19T11:34:57.751+0800][214.240s][info][gc,heap     ] GC(439) Humongous regions: 39->9
[2026-03-19T11:34:57.751+0800][214.240s][info][gc,metaspace] GC(439) Metaspace: 22908K(23168K)->22908K(23168K) NonClass: 20297K(20416K)->20297K(20416K) Class: 2610K(2752K)->2610K(2752K)
[2026-03-19T11:34:57.751+0800][214.240s][info][gc          ] GC(439) Pause Young (Concurrent Start) (G1 Humongous Allocation) 70M->27M(128M) 2.364ms
[2026-03-19T11:34:57.751+0800][214.240s][info][gc,cpu      ] GC(439) User=0.00s Sys=0.00s Real=0.00s
[2026-03-19T11:34:57.751+0800][214.241s][info][gc          ] GC(440) Concurrent Undo Cycle
[2026-03-19T11:34:57.751+0800][214.241s][info][gc,marking  ] GC(440) Concurrent Cleanup for Next Mark
[2026-03-19T11:34:57.751+0800][214.241s][info][gc,marking  ] GC(440) Concurrent Cleanup for Next Mark 0.340ms
[2026-03-19T11:34:57.751+0800][214.241s][info][gc          ] GC(440) Concurrent Undo Cycle 0.510ms
[2026-03-19T11:34:58.691+0800][215.180s][info][gc,start    ] GC(441) Pause Young (Concurrent Start) (G1 Humongous Allocation)
[2026-03-19T11:34:58.691+0800][215.181s][info][gc,task     ] GC(441) Using 3 workers of 13 for evacuation
[2026-03-19T11:34:58.693+0800][215.183s][info][gc,phases   ] GC(441)   Pre Evacuate Collection Set: 0.2ms
[2026-03-19T11:34:58.694+0800][215.183s][info][gc,phases   ] GC(441)   Merge Heap Roots: 0.2ms
[2026-03-19T11:34:58.694+0800][215.183s][info][gc,phases   ] GC(441)   Evacuate Collection Set: 0.7ms
[2026-03-19T11:34:58.694+0800][215.183s][info][gc,phases   ] GC(441)   Post Evacuate Collection Set: 0.8ms
[2026-03-19T11:34:58.694+0800][215.183s][info][gc,phases   ] GC(441)   Other: 0.5ms
[2026-03-19T11:34:58.694+0800][215.183s][info][gc,heap     ] GC(441) Eden regions: 13->0(74)
[2026-03-19T11:34:58.694+0800][215.183s][info][gc,heap     ] GC(441) Survivor regions: 2->2(10)
[2026-03-19T11:34:58.694+0800][215.183s][info][gc,heap     ] GC(441) Old regions: 18->18
[2026-03-19T11:34:58.694+0800][215.183s][info][gc,heap     ] GC(441) Archive regions: 0->0
[2026-03-19T11:34:58.694+0800][215.183s][info][gc,heap     ] GC(441) Humongous regions: 39->9
[2026-03-19T11:34:58.694+0800][215.183s][info][gc,metaspace] GC(441) Metaspace: 22908K(23168K)->22908K(23168K) NonClass: 20297K(20416K)->20297K(20416K) Class: 2610K(2752K)->2610K(2752K)
[2026-03-19T11:34:58.694+0800][215.183s][info][gc          ] GC(441) Pause Young (Concurrent Start) (G1 Humongous Allocation) 70M->27M(128M) 2.959ms
[2026-03-19T11:34:58.694+0800][215.184s][info][gc,cpu      ] GC(441) User=0.00s Sys=0.00s Real=0.00s
[2026-03-19T11:34:58.694+0800][215.184s][info][gc          ] GC(442) Concurrent Undo Cycle
[2026-03-19T11:34:58.694+0800][215.184s][info][gc,marking  ] GC(442) Concurrent Cleanup for Next Mark
[2026-03-19T11:34:58.694+0800][215.184s][info][gc,marking  ] GC(442) Concurrent Cleanup for Next Mark 0.297ms
[2026-03-19T11:34:58.695+0800][215.184s][info][gc          ] GC(442) Concurrent Undo Cycle 0.559ms
[2026-03-19T11:34:59.628+0800][216.117s][info][gc,start    ] GC(443) Pause Young (Concurrent Start) (G1 Humongous Allocation)
[2026-03-19T11:34:59.628+0800][216.118s][info][gc,task     ] GC(443) Using 3 workers of 13 for evacuation
[2026-03-19T11:34:59.631+0800][216.120s][info][gc,phases   ] GC(443)   Pre Evacuate Collection Set: 0.1ms
[2026-03-19T11:34:59.631+0800][216.120s][info][gc,phases   ] GC(443)   Merge Heap Roots: 0.2ms
[2026-03-19T11:34:59.631+0800][216.120s][info][gc,phases   ] GC(443)   Evacuate Collection Set: 1.1ms
[2026-03-19T11:34:59.631+0800][216.120s][info][gc,phases   ] GC(443)   Post Evacuate Collection Set: 0.8ms
[2026-03-19T11:34:59.631+0800][216.121s][info][gc,phases   ] GC(443)   Other: 0.5ms
[2026-03-19T11:34:59.631+0800][216.121s][info][gc,heap     ] GC(443) Eden regions: 13->0(74)
[2026-03-19T11:34:59.631+0800][216.121s][info][gc,heap     ] GC(443) Survivor regions: 2->2(10)
[2026-03-19T11:34:59.631+0800][216.121s][info][gc,heap     ] GC(443) Old regions: 18->18
[2026-03-19T11:34:59.631+0800][216.121s][info][gc,heap     ] GC(443) Archive regions: 0->0
[2026-03-19T11:34:59.631+0800][216.121s][info][gc,heap     ] GC(443) Humongous regions: 39->9
[2026-03-19T11:34:59.632+0800][216.121s][info][gc,metaspace] GC(443) Metaspace: 22908K(23168K)->22908K(23168K) NonClass: 20297K(20416K)->20297K(20416K) Class: 2610K(2752K)->2610K(2752K)
[2026-03-19T11:34:59.632+0800][216.121s][info][gc          ] GC(443) Pause Young (Concurrent Start) (G1 Humongous Allocation) 70M->27M(128M) 3.677ms
[2026-03-19T11:34:59.632+0800][216.121s][info][gc,cpu      ] GC(443) User=0.00s Sys=0.00s Real=0.00s
[2026-03-19T11:34:59.632+0800][216.121s][info][gc          ] GC(444) Concurrent Undo Cycle
[2026-03-19T11:34:59.632+0800][216.121s][info][gc,marking  ] GC(444) Concurrent Cleanup for Next Mark
[2026-03-19T11:34:59.633+0800][216.122s][info][gc,marking  ] GC(444) Concurrent Cleanup for Next Mark 0.470ms
[2026-03-19T11:34:59.633+0800][216.122s][info][gc          ] GC(444) Concurrent Undo Cycle 0.883ms
[2026-03-19T11:35:00.576+0800][217.066s][info][gc,start    ] GC(445) Pause Young (Concurrent Start) (G1 Humongous Allocation)
[2026-03-19T11:35:00.577+0800][217.067s][info][gc,task     ] GC(445) Using 3 workers of 13 for evacuation
[2026-03-19T11:35:00.581+0800][217.070s][info][gc,phases   ] GC(445)   Pre Evacuate Collection Set: 0.4ms
[2026-03-19T11:35:00.581+0800][217.070s][info][gc,phases   ] GC(445)   Merge Heap Roots: 0.3ms
[2026-03-19T11:35:00.581+0800][217.070s][info][gc,phases   ] GC(445)   Evacuate Collection Set: 0.8ms
[2026-03-19T11:35:00.581+0800][217.070s][info][gc,phases   ] GC(445)   Post Evacuate Collection Set: 1.6ms
[2026-03-19T11:35:00.581+0800][217.071s][info][gc,phases   ] GC(445)   Other: 0.9ms
[2026-03-19T11:35:00.581+0800][217.071s][info][gc,heap     ] GC(445) Eden regions: 13->0(74)
[2026-03-19T11:35:00.581+0800][217.071s][info][gc,heap     ] GC(445) Survivor regions: 2->2(10)
[2026-03-19T11:35:00.581+0800][217.071s][info][gc,heap     ] GC(445) Old regions: 18->18
[2026-03-19T11:35:00.581+0800][217.071s][info][gc,heap     ] GC(445) Archive regions: 0->0
[2026-03-19T11:35:00.581+0800][217.071s][info][gc,heap     ] GC(445) Humongous regions: 39->9
[2026-03-19T11:35:00.581+0800][217.071s][info][gc,metaspace] GC(445) Metaspace: 22908K(23168K)->22908K(23168K) NonClass: 20297K(20416K)->20297K(20416K) Class: 2610K(2752K)->2610K(2752K)
[2026-03-19T11:35:00.581+0800][217.071s][info][gc          ] GC(445) Pause Young (Concurrent Start) (G1 Humongous Allocation) 70M->27M(128M) 4.743ms
[2026-03-19T11:35:00.581+0800][217.071s][info][gc,cpu      ] GC(445) User=0.00s Sys=0.00s Real=0.01s
[2026-03-19T11:35:00.582+0800][217.071s][info][gc          ] GC(446) Concurrent Undo Cycle
[2026-03-19T11:35:00.582+0800][217.071s][info][gc,marking  ] GC(446) Concurrent Cleanup for Next Mark
[2026-03-19T11:35:00.582+0800][217.072s][info][gc,marking  ] GC(446) Concurrent Cleanup for Next Mark 0.413ms
[2026-03-19T11:35:00.582+0800][217.072s][info][gc          ] GC(446) Concurrent Undo Cycle 0.666ms
[2026-03-19T11:35:01.514+0800][218.003s][info][gc,start    ] GC(447) Pause Young (Concurrent Start) (G1 Humongous Allocation)
[2026-03-19T11:35:01.514+0800][218.004s][info][gc,task     ] GC(447) Using 3 workers of 13 for evacuation
[2026-03-19T11:35:01.517+0800][218.006s][info][gc,phases   ] GC(447)   Pre Evacuate Collection Set: 0.2ms
[2026-03-19T11:35:01.517+0800][218.006s][info][gc,phases   ] GC(447)   Merge Heap Roots: 0.2ms
[2026-03-19T11:35:01.517+0800][218.006s][info][gc,phases   ] GC(447)   Evacuate Collection Set: 0.8ms
[2026-03-19T11:35:01.517+0800][218.006s][info][gc,phases   ] GC(447)   Post Evacuate Collection Set: 0.8ms
[2026-03-19T11:35:01.517+0800][218.006s][info][gc,phases   ] GC(447)   Other: 0.4ms
[2026-03-19T11:35:01.517+0800][218.006s][info][gc,heap     ] GC(447) Eden regions: 13->0(74)
[2026-03-19T11:35:01.517+0800][218.006s][info][gc,heap     ] GC(447) Survivor regions: 2->2(10)
[2026-03-19T11:35:01.517+0800][218.006s][info][gc,heap     ] GC(447) Old regions: 18->18
[2026-03-19T11:35:01.517+0800][218.006s][info][gc,heap     ] GC(447) Archive regions: 0->0
[2026-03-19T11:35:01.517+0800][218.007s][info][gc,heap     ] GC(447) Humongous regions: 39->9
[2026-03-19T11:35:01.517+0800][218.007s][info][gc,metaspace] GC(447) Metaspace: 22908K(23168K)->22908K(23168K) NonClass: 20297K(20416K)->20297K(20416K) Class: 2610K(2752K)->2610K(2752K)
[2026-03-19T11:35:01.517+0800][218.007s][info][gc          ] GC(447) Pause Young (Concurrent Start) (G1 Humongous Allocation) 70M->27M(128M) 3.165ms
[2026-03-19T11:35:01.517+0800][218.007s][info][gc,cpu      ] GC(447) User=0.00s Sys=0.00s Real=0.00s
[2026-03-19T11:35:01.517+0800][218.007s][info][gc          ] GC(448) Concurrent Undo Cycle
[2026-03-19T11:35:01.517+0800][218.007s][info][gc,marking  ] GC(448) Concurrent Cleanup for Next Mark
[2026-03-19T11:35:01.518+0800][218.007s][info][gc,marking  ] GC(448) Concurrent Cleanup for Next Mark 0.324ms
[2026-03-19T11:35:01.518+0800][218.007s][info][gc          ] GC(448) Concurrent Undo Cycle 0.520ms
[2026-03-19T11:35:02.447+0800][218.937s][info][gc,start    ] GC(449) Pause Young (Concurrent Start) (G1 Humongous Allocation)
[2026-03-19T11:35:02.448+0800][218.938s][info][gc,task     ] GC(449) Using 3 workers of 13 for evacuation
[2026-03-19T11:35:02.450+0800][218.940s][info][gc,phases   ] GC(449)   Pre Evacuate Collection Set: 0.2ms
[2026-03-19T11:35:02.450+0800][218.940s][info][gc,phases   ] GC(449)   Merge Heap Roots: 0.2ms
[2026-03-19T11:35:02.450+0800][218.940s][info][gc,phases   ] GC(449)   Evacuate Collection Set: 0.7ms
[2026-03-19T11:35:02.450+0800][218.940s][info][gc,phases   ] GC(449)   Post Evacuate Collection Set: 0.9ms
[2026-03-19T11:35:02.450+0800][218.940s][info][gc,phases   ] GC(449)   Other: 0.9ms
[2026-03-19T11:35:02.450+0800][218.940s][info][gc,heap     ] GC(449) Eden regions: 12->0(74)
[2026-03-19T11:35:02.450+0800][218.940s][info][gc,heap     ] GC(449) Survivor regions: 2->2(10)
[2026-03-19T11:35:02.450+0800][218.940s][info][gc,heap     ] GC(449) Old regions: 18->18
[2026-03-19T11:35:02.450+0800][218.940s][info][gc,heap     ] GC(449) Archive regions: 0->0
[2026-03-19T11:35:02.450+0800][218.940s][info][gc,heap     ] GC(449) Humongous regions: 39->9
[2026-03-19T11:35:02.450+0800][218.940s][info][gc,metaspace] GC(449) Metaspace: 22908K(23168K)->22908K(23168K) NonClass: 20297K(20416K)->20297K(20416K) Class: 2610K(2752K)->2610K(2752K)
[2026-03-19T11:35:02.450+0800][218.940s][info][gc          ] GC(449) Pause Young (Concurrent Start) (G1 Humongous Allocation) 69M->27M(128M) 3.255ms
[2026-03-19T11:35:02.450+0800][218.940s][info][gc,cpu      ] GC(449) User=0.02s Sys=0.03s Real=0.00s
[2026-03-19T11:35:02.450+0800][218.940s][info][gc          ] GC(450) Concurrent Undo Cycle
[2026-03-19T11:35:02.450+0800][218.941s][info][gc,marking  ] GC(450) Concurrent Cleanup for Next Mark
[2026-03-19T11:35:02.451+0800][218.941s][info][gc,marking  ] GC(450) Concurrent Cleanup for Next Mark 0.306ms
[2026-03-19T11:35:02.451+0800][218.941s][info][gc          ] GC(450) Concurrent Undo Cycle 0.585ms
[2026-03-19T11:35:03.384+0800][219.874s][info][gc,start    ] GC(451) Pause Young (Concurrent Start) (G1 Humongous Allocation)
[2026-03-19T11:35:03.384+0800][219.874s][info][gc,task     ] GC(451) Using 3 workers of 13 for evacuation
[2026-03-19T11:35:03.386+0800][219.876s][info][gc,phases   ] GC(451)   Pre Evacuate Collection Set: 0.2ms
[2026-03-19T11:35:03.386+0800][219.876s][info][gc,phases   ] GC(451)   Merge Heap Roots: 0.2ms
[2026-03-19T11:35:03.386+0800][219.876s][info][gc,phases   ] GC(451)   Evacuate Collection Set: 0.6ms
[2026-03-19T11:35:03.386+0800][219.876s][info][gc,phases   ] GC(451)   Post Evacuate Collection Set: 1.0ms
[2026-03-19T11:35:03.386+0800][219.876s][info][gc,phases   ] GC(451)   Other: 0.3ms
[2026-03-19T11:35:03.386+0800][219.876s][info][gc,heap     ] GC(451) Eden regions: 12->0(74)
[2026-03-19T11:35:03.386+0800][219.876s][info][gc,heap     ] GC(451) Survivor regions: 2->2(10)
[2026-03-19T11:35:03.386+0800][219.876s][info][gc,heap     ] GC(451) Old regions: 18->18
[2026-03-19T11:35:03.386+0800][219.876s][info][gc,heap     ] GC(451) Archive regions: 0->0
[2026-03-19T11:35:03.387+0800][219.877s][info][gc,heap     ] GC(451) Humongous regions: 39->9
[2026-03-19T11:35:03.387+0800][219.877s][info][gc,metaspace] GC(451) Metaspace: 22908K(23168K)->22908K(23168K) NonClass: 20297K(20416K)->20297K(20416K) Class: 2610K(2752K)->2610K(2752K)
[2026-03-19T11:35:03.387+0800][219.877s][info][gc          ] GC(451) Pause Young (Concurrent Start) (G1 Humongous Allocation) 69M->27M(128M) 2.870ms
[2026-03-19T11:35:03.387+0800][219.877s][info][gc,cpu      ] GC(451) User=0.00s Sys=0.00s Real=0.00s
[2026-03-19T11:35:03.387+0800][219.877s][info][gc          ] GC(452) Concurrent Undo Cycle
[2026-03-19T11:35:03.387+0800][219.877s][info][gc,marking  ] GC(452) Concurrent Cleanup for Next Mark
[2026-03-19T11:35:03.387+0800][219.877s][info][gc,marking  ] GC(452) Concurrent Cleanup for Next Mark 0.500ms
[2026-03-19T11:35:03.387+0800][219.878s][info][gc          ] GC(452) Concurrent Undo Cycle 0.758ms
[2026-03-19T11:35:04.321+0800][220.811s][info][gc,start    ] GC(453) Pause Young (Concurrent Start) (G1 Humongous Allocation)
[2026-03-19T11:35:04.321+0800][220.811s][info][gc,task     ] GC(453) Using 3 workers of 13 for evacuation
[2026-03-19T11:35:04.323+0800][220.813s][info][gc,phases   ] GC(453)   Pre Evacuate Collection Set: 0.2ms
[2026-03-19T11:35:04.323+0800][220.813s][info][gc,phases   ] GC(453)   Merge Heap Roots: 0.1ms
[2026-03-19T11:35:04.323+0800][220.813s][info][gc,phases   ] GC(453)   Evacuate Collection Set: 0.9ms
[2026-03-19T11:35:04.323+0800][220.813s][info][gc,phases   ] GC(453)   Post Evacuate Collection Set: 0.7ms
[2026-03-19T11:35:04.323+0800][220.813s][info][gc,phases   ] GC(453)   Other: 0.5ms
[2026-03-19T11:35:04.323+0800][220.813s][info][gc,heap     ] GC(453) Eden regions: 13->0(74)
[2026-03-19T11:35:04.323+0800][220.813s][info][gc,heap     ] GC(453) Survivor regions: 2->2(10)
[2026-03-19T11:35:04.323+0800][220.813s][info][gc,heap     ] GC(453) Old regions: 18->18
[2026-03-19T11:35:04.324+0800][220.813s][info][gc,heap     ] GC(453) Archive regions: 0->0
[2026-03-19T11:35:04.324+0800][220.813s][info][gc,heap     ] GC(453) Humongous regions: 39->9
[2026-03-19T11:35:04.324+0800][220.813s][info][gc,metaspace] GC(453) Metaspace: 22908K(23168K)->22908K(23168K) NonClass: 20297K(20416K)->20297K(20416K) Class: 2610K(2752K)->2610K(2752K)
[2026-03-19T11:35:04.324+0800][220.813s][info][gc          ] GC(453) Pause Young (Concurrent Start) (G1 Humongous Allocation) 69M->27M(128M) 2.833ms
[2026-03-19T11:35:04.324+0800][220.813s][info][gc,cpu      ] GC(453) User=0.00s Sys=0.00s Real=0.00s
[2026-03-19T11:35:04.324+0800][220.814s][info][gc          ] GC(454) Concurrent Undo Cycle
[2026-03-19T11:35:04.324+0800][220.814s][info][gc,marking  ] GC(454) Concurrent Cleanup for Next Mark
[2026-03-19T11:35:04.324+0800][220.814s][info][gc,marking  ] GC(454) Concurrent Cleanup for Next Mark 0.413ms
[2026-03-19T11:35:04.325+0800][220.814s][info][gc          ] GC(454) Concurrent Undo Cycle 0.658ms
[2026-03-19T11:35:05.261+0800][221.751s][info][gc,start    ] GC(455) Pause Young (Concurrent Start) (G1 Humongous Allocation)
[2026-03-19T11:35:05.261+0800][221.751s][info][gc,task     ] GC(455) Using 3 workers of 13 for evacuation
[2026-03-19T11:35:05.263+0800][221.752s][info][gc,phases   ] GC(455)   Pre Evacuate Collection Set: 0.1ms
[2026-03-19T11:35:05.263+0800][221.753s][info][gc,phases   ] GC(455)   Merge Heap Roots: 0.1ms
[2026-03-19T11:35:05.263+0800][221.753s][info][gc,phases   ] GC(455)   Evacuate Collection Set: 0.6ms
[2026-03-19T11:35:05.263+0800][221.753s][info][gc,phases   ] GC(455)   Post Evacuate Collection Set: 0.9ms
[2026-03-19T11:35:05.263+0800][221.753s][info][gc,phases   ] GC(455)   Other: 0.2ms
[2026-03-19T11:35:05.263+0800][221.753s][info][gc,heap     ] GC(455) Eden regions: 13->0(74)
[2026-03-19T11:35:05.263+0800][221.753s][info][gc,heap     ] GC(455) Survivor regions: 2->2(10)
[2026-03-19T11:35:05.263+0800][221.753s][info][gc,heap     ] GC(455) Old regions: 18->18
[2026-03-19T11:35:05.263+0800][221.753s][info][gc,heap     ] GC(455) Archive regions: 0->0
[2026-03-19T11:35:05.263+0800][221.753s][info][gc,heap     ] GC(455) Humongous regions: 39->9
[2026-03-19T11:35:05.263+0800][221.753s][info][gc,metaspace] GC(455) Metaspace: 22908K(23168K)->22908K(23168K) NonClass: 20297K(20416K)->20297K(20416K) Class: 2610K(2752K)->2610K(2752K)
[2026-03-19T11:35:05.263+0800][221.753s][info][gc          ] GC(455) Pause Young (Concurrent Start) (G1 Humongous Allocation) 70M->27M(128M) 2.380ms
[2026-03-19T11:35:05.263+0800][221.753s][info][gc,cpu      ] GC(455) User=0.05s Sys=0.00s Real=0.00s
[2026-03-19T11:35:05.263+0800][221.753s][info][gc          ] GC(456) Concurrent Undo Cycle
[2026-03-19T11:35:05.263+0800][221.753s][info][gc,marking  ] GC(456) Concurrent Cleanup for Next Mark
[2026-03-19T11:35:05.264+0800][221.753s][info][gc,marking  ] GC(456) Concurrent Cleanup for Next Mark 0.285ms
[2026-03-19T11:35:05.264+0800][221.753s][info][gc          ] GC(456) Concurrent Undo Cycle 0.416ms
[2026-03-19T11:35:06.201+0800][222.691s][info][gc,start    ] GC(457) Pause Young (Concurrent Start) (G1 Humongous Allocation)
[2026-03-19T11:35:06.201+0800][222.691s][info][gc,task     ] GC(457) Using 3 workers of 13 for evacuation
[2026-03-19T11:35:06.203+0800][222.692s][info][gc,phases   ] GC(457)   Pre Evacuate Collection Set: 0.1ms
[2026-03-19T11:35:06.203+0800][222.693s][info][gc,phases   ] GC(457)   Merge Heap Roots: 0.1ms
[2026-03-19T11:35:06.203+0800][222.693s][info][gc,phases   ] GC(457)   Evacuate Collection Set: 0.6ms
[2026-03-19T11:35:06.203+0800][222.693s][info][gc,phases   ] GC(457)   Post Evacuate Collection Set: 0.3ms
[2026-03-19T11:35:06.203+0800][222.693s][info][gc,phases   ] GC(457)   Other: 0.5ms
[2026-03-19T11:35:06.203+0800][222.693s][info][gc,heap     ] GC(457) Eden regions: 13->0(74)
[2026-03-19T11:35:06.203+0800][222.693s][info][gc,heap     ] GC(457) Survivor regions: 2->2(10)
[2026-03-19T11:35:06.203+0800][222.693s][info][gc,heap     ] GC(457) Old regions: 18->18
[2026-03-19T11:35:06.203+0800][222.693s][info][gc,heap     ] GC(457) Archive regions: 0->0
[2026-03-19T11:35:06.203+0800][222.693s][info][gc,heap     ] GC(457) Humongous regions: 39->9
[2026-03-19T11:35:06.203+0800][222.693s][info][gc,metaspace] GC(457) Metaspace: 22908K(23168K)->22908K(23168K) NonClass: 20297K(20416K)->20297K(20416K) Class: 2610K(2752K)->2610K(2752K)
[2026-03-19T11:35:06.203+0800][222.693s][info][gc          ] GC(457) Pause Young (Concurrent Start) (G1 Humongous Allocation) 70M->27M(128M) 2.089ms
[2026-03-19T11:35:06.203+0800][222.693s][info][gc,cpu      ] GC(457) User=0.00s Sys=0.00s Real=0.00s
[2026-03-19T11:35:06.203+0800][222.693s][info][gc          ] GC(458) Concurrent Undo Cycle
[2026-03-19T11:35:06.203+0800][222.693s][info][gc,marking  ] GC(458) Concurrent Cleanup for Next Mark
[2026-03-19T11:35:06.204+0800][222.694s][info][gc,marking  ] GC(458) Concurrent Cleanup for Next Mark 0.407ms
[2026-03-19T11:35:06.204+0800][222.694s][info][gc          ] GC(458) Concurrent Undo Cycle 0.671ms
[2026-03-19T11:35:07.140+0800][223.630s][info][gc,start    ] GC(459) Pause Young (Concurrent Start) (G1 Humongous Allocation)
[2026-03-19T11:35:07.140+0800][223.630s][info][gc,task     ] GC(459) Using 3 workers of 13 for evacuation
[2026-03-19T11:35:07.142+0800][223.632s][info][gc,phases   ] GC(459)   Pre Evacuate Collection Set: 0.3ms
[2026-03-19T11:35:07.142+0800][223.632s][info][gc,phases   ] GC(459)   Merge Heap Roots: 0.2ms
[2026-03-19T11:35:07.142+0800][223.632s][info][gc,phases   ] GC(459)   Evacuate Collection Set: 0.6ms
[2026-03-19T11:35:07.142+0800][223.632s][info][gc,phases   ] GC(459)   Post Evacuate Collection Set: 0.9ms
[2026-03-19T11:35:07.142+0800][223.632s][info][gc,phases   ] GC(459)   Other: 0.5ms
[2026-03-19T11:35:07.142+0800][223.632s][info][gc,heap     ] GC(459) Eden regions: 12->0(74)
[2026-03-19T11:35:07.142+0800][223.632s][info][gc,heap     ] GC(459) Survivor regions: 2->2(10)
[2026-03-19T11:35:07.142+0800][223.633s][info][gc,heap     ] GC(459) Old regions: 18->18
[2026-03-19T11:35:07.142+0800][223.633s][info][gc,heap     ] GC(459) Archive regions: 0->0
[2026-03-19T11:35:07.142+0800][223.633s][info][gc,heap     ] GC(459) Humongous regions: 39->9
[2026-03-19T11:35:07.144+0800][223.633s][info][gc,metaspace] GC(459) Metaspace: 22908K(23168K)->22908K(23168K) NonClass: 20297K(20416K)->20297K(20416K) Class: 2610K(2752K)->2610K(2752K)
[2026-03-19T11:35:07.144+0800][223.633s][info][gc          ] GC(459) Pause Young (Concurrent Start) (G1 Humongous Allocation) 69M->27M(128M) 3.163ms
[2026-03-19T11:35:07.144+0800][223.633s][info][gc,cpu      ] GC(459) User=0.00s Sys=0.00s Real=0.00s
[2026-03-19T11:35:07.144+0800][223.633s][info][gc          ] GC(460) Concurrent Undo Cycle
[2026-03-19T11:35:07.144+0800][223.633s][info][gc,marking  ] GC(460) Concurrent Cleanup for Next Mark
[2026-03-19T11:35:07.144+0800][223.633s][info][gc,marking  ] GC(460) Concurrent Cleanup for Next Mark 0.323ms
[2026-03-19T11:35:07.144+0800][223.634s][info][gc          ] GC(460) Concurrent Undo Cycle 0.541ms
[2026-03-19T11:35:08.080+0800][224.570s][info][gc,start    ] GC(461) Pause Young (Concurrent Start) (G1 Humongous Allocation)
[2026-03-19T11:35:08.081+0800][224.570s][info][gc,task     ] GC(461) Using 3 workers of 13 for evacuation
[2026-03-19T11:35:08.083+0800][224.573s][info][gc,phases   ] GC(461)   Pre Evacuate Collection Set: 0.2ms
[2026-03-19T11:35:08.083+0800][224.573s][info][gc,phases   ] GC(461)   Merge Heap Roots: 0.2ms
[2026-03-19T11:35:08.084+0800][224.573s][info][gc,phases   ] GC(461)   Evacuate Collection Set: 1.0ms
[2026-03-19T11:35:08.084+0800][224.573s][info][gc,phases   ] GC(461)   Post Evacuate Collection Set: 0.8ms
[2026-03-19T11:35:08.084+0800][224.573s][info][gc,phases   ] GC(461)   Other: 0.6ms
[2026-03-19T11:35:08.084+0800][224.573s][info][gc,heap     ] GC(461) Eden regions: 13->0(74)
[2026-03-19T11:35:08.084+0800][224.573s][info][gc,heap     ] GC(461) Survivor regions: 2->2(10)
[2026-03-19T11:35:08.084+0800][224.573s][info][gc,heap     ] GC(461) Old regions: 18->18
[2026-03-19T11:35:08.084+0800][224.574s][info][gc,heap     ] GC(461) Archive regions: 0->0
[2026-03-19T11:35:08.084+0800][224.574s][info][gc,heap     ] GC(461) Humongous regions: 39->9
[2026-03-19T11:35:08.084+0800][224.574s][info][gc,metaspace] GC(461) Metaspace: 22908K(23168K)->22908K(23168K) NonClass: 20297K(20416K)->20297K(20416K) Class: 2610K(2752K)->2610K(2752K)
[2026-03-19T11:35:08.084+0800][224.574s][info][gc          ] GC(461) Pause Young (Concurrent Start) (G1 Humongous Allocation) 70M->27M(128M) 3.868ms
[2026-03-19T11:35:08.084+0800][224.574s][info][gc,cpu      ] GC(461) User=0.00s Sys=0.00s Real=0.00s
[2026-03-19T11:35:08.085+0800][224.574s][info][gc          ] GC(462) Concurrent Undo Cycle
[2026-03-19T11:35:08.085+0800][224.574s][info][gc,marking  ] GC(462) Concurrent Cleanup for Next Mark
[2026-03-19T11:35:08.086+0800][224.575s][info][gc,marking  ] GC(462) Concurrent Cleanup for Next Mark 0.726ms
[2026-03-19T11:35:08.086+0800][224.575s][info][gc          ] GC(462) Concurrent Undo Cycle 1.047ms
[2026-03-19T11:35:09.033+0800][225.522s][info][gc,start    ] GC(463) Pause Young (Concurrent Start) (G1 Humongous Allocation)
[2026-03-19T11:35:09.034+0800][225.523s][info][gc,task     ] GC(463) Using 3 workers of 13 for evacuation
[2026-03-19T11:35:09.036+0800][225.525s][info][gc,phases   ] GC(463)   Pre Evacuate Collection Set: 0.2ms
[2026-03-19T11:35:09.036+0800][225.525s][info][gc,phases   ] GC(463)   Merge Heap Roots: 0.1ms
[2026-03-19T11:35:09.036+0800][225.525s][info][gc,phases   ] GC(463)   Evacuate Collection Set: 0.7ms
[2026-03-19T11:35:09.036+0800][225.525s][info][gc,phases   ] GC(463)   Post Evacuate Collection Set: 0.8ms
[2026-03-19T11:35:09.036+0800][225.525s][info][gc,phases   ] GC(463)   Other: 0.8ms
[2026-03-19T11:35:09.036+0800][225.526s][info][gc,heap     ] GC(463) Eden regions: 13->0(74)
[2026-03-19T11:35:09.036+0800][225.526s][info][gc,heap     ] GC(463) Survivor regions: 2->2(10)
[2026-03-19T11:35:09.036+0800][225.526s][info][gc,heap     ] GC(463) Old regions: 18->18
[2026-03-19T11:35:09.036+0800][225.526s][info][gc,heap     ] GC(463) Archive regions: 0->0
[2026-03-19T11:35:09.036+0800][225.526s][info][gc,heap     ] GC(463) Humongous regions: 39->9
[2026-03-19T11:35:09.036+0800][225.526s][info][gc,metaspace] GC(463) Metaspace: 22908K(23168K)->22908K(23168K) NonClass: 20297K(20416K)->20297K(20416K) Class: 2610K(2752K)->2610K(2752K)
[2026-03-19T11:35:09.037+0800][225.526s][info][gc          ] GC(463) Pause Young (Concurrent Start) (G1 Humongous Allocation) 70M->27M(128M) 3.549ms
[2026-03-19T11:35:09.037+0800][225.526s][info][gc,cpu      ] GC(463) User=0.00s Sys=0.00s Real=0.00s
[2026-03-19T11:35:09.037+0800][225.526s][info][gc          ] GC(464) Concurrent Undo Cycle
[2026-03-19T11:35:09.037+0800][225.526s][info][gc,marking  ] GC(464) Concurrent Cleanup for Next Mark
[2026-03-19T11:35:09.037+0800][225.527s][info][gc,marking  ] GC(464) Concurrent Cleanup for Next Mark 0.328ms
[2026-03-19T11:35:09.038+0800][225.527s][info][gc          ] GC(464) Concurrent Undo Cycle 0.666ms
[2026-03-19T11:35:09.973+0800][226.463s][info][gc,start    ] GC(465) Pause Young (Concurrent Start) (G1 Humongous Allocation)
[2026-03-19T11:35:09.974+0800][226.464s][info][gc,task     ] GC(465) Using 3 workers of 13 for evacuation
[2026-03-19T11:35:09.976+0800][226.466s][info][gc,phases   ] GC(465)   Pre Evacuate Collection Set: 0.1ms
[2026-03-19T11:35:09.976+0800][226.466s][info][gc,phases   ] GC(465)   Merge Heap Roots: 0.1ms
[2026-03-19T11:35:09.976+0800][226.466s][info][gc,phases   ] GC(465)   Evacuate Collection Set: 0.8ms
[2026-03-19T11:35:09.976+0800][226.466s][info][gc,phases   ] GC(465)   Post Evacuate Collection Set: 1.0ms
[2026-03-19T11:35:09.976+0800][226.466s][info][gc,phases   ] GC(465)   Other: 0.5ms
[2026-03-19T11:35:09.976+0800][226.466s][info][gc,heap     ] GC(465) Eden regions: 13->0(74)
[2026-03-19T11:35:09.976+0800][226.466s][info][gc,heap     ] GC(465) Survivor regions: 2->2(10)
[2026-03-19T11:35:09.976+0800][226.467s][info][gc,heap     ] GC(465) Old regions: 18->18
[2026-03-19T11:35:09.977+0800][226.467s][info][gc,heap     ] GC(465) Archive regions: 0->0
[2026-03-19T11:35:09.977+0800][226.467s][info][gc,heap     ] GC(465) Humongous regions: 39->9
[2026-03-19T11:35:09.977+0800][226.467s][info][gc,metaspace] GC(465) Metaspace: 22908K(23168K)->22908K(23168K) NonClass: 20297K(20416K)->20297K(20416K) Class: 2610K(2752K)->2610K(2752K)
[2026-03-19T11:35:09.977+0800][226.467s][info][gc          ] GC(465) Pause Young (Concurrent Start) (G1 Humongous Allocation) 70M->27M(128M) 3.437ms
[2026-03-19T11:35:09.977+0800][226.467s][info][gc,cpu      ] GC(465) User=0.00s Sys=0.00s Real=0.00s
[2026-03-19T11:35:09.977+0800][226.467s][info][gc          ] GC(466) Concurrent Undo Cycle
[2026-03-19T11:35:09.977+0800][226.467s][info][gc,marking  ] GC(466) Concurrent Cleanup for Next Mark
[2026-03-19T11:35:09.977+0800][226.467s][info][gc,marking  ] GC(466) Concurrent Cleanup for Next Mark 0.271ms
[2026-03-19T11:35:09.977+0800][226.468s][info][gc          ] GC(466) Concurrent Undo Cycle 0.420ms
[2026-03-19T11:35:10.916+0800][227.405s][info][gc,start    ] GC(467) Pause Young (Concurrent Start) (G1 Humongous Allocation)
[2026-03-19T11:35:10.916+0800][227.406s][info][gc,task     ] GC(467) Using 3 workers of 13 for evacuation
[2026-03-19T11:35:10.919+0800][227.408s][info][gc,phases   ] GC(467)   Pre Evacuate Collection Set: 0.3ms
[2026-03-19T11:35:10.919+0800][227.408s][info][gc,phases   ] GC(467)   Merge Heap Roots: 0.2ms
[2026-03-19T11:35:10.919+0800][227.409s][info][gc,phases   ] GC(467)   Evacuate Collection Set: 1.0ms
[2026-03-19T11:35:10.919+0800][227.409s][info][gc,phases   ] GC(467)   Post Evacuate Collection Set: 0.7ms
[2026-03-19T11:35:10.919+0800][227.409s][info][gc,phases   ] GC(467)   Other: 1.6ms
[2026-03-19T11:35:10.919+0800][227.409s][info][gc,heap     ] GC(467) Eden regions: 12->0(74)
[2026-03-19T11:35:10.919+0800][227.409s][info][gc,heap     ] GC(467) Survivor regions: 2->2(10)
[2026-03-19T11:35:10.919+0800][227.409s][info][gc,heap     ] GC(467) Old regions: 18->18
[2026-03-19T11:35:10.919+0800][227.409s][info][gc,heap     ] GC(467) Archive regions: 0->0
[2026-03-19T11:35:10.919+0800][227.409s][info][gc,heap     ] GC(467) Humongous regions: 39->9
[2026-03-19T11:35:10.919+0800][227.409s][info][gc,metaspace] GC(467) Metaspace: 22908K(23168K)->22908K(23168K) NonClass: 20297K(20416K)->20297K(20416K) Class: 2610K(2752K)->2610K(2752K)
[2026-03-19T11:35:10.919+0800][227.409s][info][gc          ] GC(467) Pause Young (Concurrent Start) (G1 Humongous Allocation) 69M->27M(128M) 4.460ms
[2026-03-19T11:35:10.920+0800][227.409s][info][gc,cpu      ] GC(467) User=0.02s Sys=0.02s Real=0.01s
[2026-03-19T11:35:10.920+0800][227.409s][info][gc          ] GC(468) Concurrent Undo Cycle
[2026-03-19T11:35:10.920+0800][227.410s][info][gc,marking  ] GC(468) Concurrent Cleanup for Next Mark
[2026-03-19T11:35:10.920+0800][227.410s][info][gc,marking  ] GC(468) Concurrent Cleanup for Next Mark 0.420ms
[2026-03-19T11:35:10.920+0800][227.410s][info][gc          ] GC(468) Concurrent Undo Cycle 0.779ms
[2026-03-19T11:35:11.850+0800][228.339s][info][gc,start    ] GC(469) Pause Young (Concurrent Start) (G1 Humongous Allocation)
[2026-03-19T11:35:11.850+0800][228.339s][info][gc,task     ] GC(469) Using 3 workers of 13 for evacuation
[2026-03-19T11:35:11.853+0800][228.342s][info][gc,phases   ] GC(469)   Pre Evacuate Collection Set: 0.3ms
[2026-03-19T11:35:11.853+0800][228.342s][info][gc,phases   ] GC(469)   Merge Heap Roots: 0.2ms
[2026-03-19T11:35:11.853+0800][228.342s][info][gc,phases   ] GC(469)   Evacuate Collection Set: 0.9ms
[2026-03-19T11:35:11.853+0800][228.342s][info][gc,phases   ] GC(469)   Post Evacuate Collection Set: 1.0ms
[2026-03-19T11:35:11.853+0800][228.343s][info][gc,phases   ] GC(469)   Other: 0.5ms
[2026-03-19T11:35:11.853+0800][228.343s][info][gc,heap     ] GC(469) Eden regions: 12->0(74)
[2026-03-19T11:35:11.853+0800][228.343s][info][gc,heap     ] GC(469) Survivor regions: 2->2(10)
[2026-03-19T11:35:11.853+0800][228.343s][info][gc,heap     ] GC(469) Old regions: 18->18
[2026-03-19T11:35:11.853+0800][228.343s][info][gc,heap     ] GC(469) Archive regions: 0->0
[2026-03-19T11:35:11.854+0800][228.343s][info][gc,heap     ] GC(469) Humongous regions: 39->9
[2026-03-19T11:35:11.854+0800][228.343s][info][gc,metaspace] GC(469) Metaspace: 22908K(23168K)->22908K(23168K) NonClass: 20297K(20416K)->20297K(20416K) Class: 2610K(2752K)->2610K(2752K)
[2026-03-19T11:35:11.854+0800][228.343s][info][gc          ] GC(469) Pause Young (Concurrent Start) (G1 Humongous Allocation) 69M->27M(128M) 3.840ms
[2026-03-19T11:35:11.854+0800][228.343s][info][gc,cpu      ] GC(469) User=0.00s Sys=0.00s Real=0.00s
[2026-03-19T11:35:11.854+0800][228.343s][info][gc          ] GC(470) Concurrent Undo Cycle
[2026-03-19T11:35:11.854+0800][228.343s][info][gc,marking  ] GC(470) Concurrent Cleanup for Next Mark
[2026-03-19T11:35:11.855+0800][228.344s][info][gc,marking  ] GC(470) Concurrent Cleanup for Next Mark 0.606ms
[2026-03-19T11:35:11.855+0800][228.344s][info][gc          ] GC(470) Concurrent Undo Cycle 1.178ms
[2026-03-19T11:35:12.774+0800][229.264s][info][gc,start    ] GC(471) Pause Young (Concurrent Start) (G1 Humongous Allocation)
[2026-03-19T11:35:12.774+0800][229.264s][info][gc,task     ] GC(471) Using 3 workers of 13 for evacuation
[2026-03-19T11:35:12.776+0800][229.266s][info][gc,phases   ] GC(471)   Pre Evacuate Collection Set: 0.2ms
[2026-03-19T11:35:12.776+0800][229.266s][info][gc,phases   ] GC(471)   Merge Heap Roots: 0.2ms
[2026-03-19T11:35:12.776+0800][229.266s][info][gc,phases   ] GC(471)   Evacuate Collection Set: 0.6ms
[2026-03-19T11:35:12.776+0800][229.266s][info][gc,phases   ] GC(471)   Post Evacuate Collection Set: 0.8ms
[2026-03-19T11:35:12.776+0800][229.266s][info][gc,phases   ] GC(471)   Other: 0.2ms
[2026-03-19T11:35:12.776+0800][229.266s][info][gc,heap     ] GC(471) Eden regions: 13->0(74)
[2026-03-19T11:35:12.776+0800][229.266s][info][gc,heap     ] GC(471) Survivor regions: 2->2(10)
[2026-03-19T11:35:12.776+0800][229.266s][info][gc,heap     ] GC(471) Old regions: 18->18
[2026-03-19T11:35:12.776+0800][229.266s][info][gc,heap     ] GC(471) Archive regions: 0->0
[2026-03-19T11:35:12.776+0800][229.266s][info][gc,heap     ] GC(471) Humongous regions: 39->9
[2026-03-19T11:35:12.776+0800][229.266s][info][gc,metaspace] GC(471) Metaspace: 22908K(23168K)->22908K(23168K) NonClass: 20297K(20416K)->20297K(20416K) Class: 2610K(2752K)->2610K(2752K)
[2026-03-19T11:35:12.776+0800][229.266s][info][gc          ] GC(471) Pause Young (Concurrent Start) (G1 Humongous Allocation) 69M->27M(128M) 2.182ms
[2026-03-19T11:35:12.776+0800][229.266s][info][gc,cpu      ] GC(471) User=0.00s Sys=0.00s Real=0.00s
[2026-03-19T11:35:12.776+0800][229.266s][info][gc          ] GC(472) Concurrent Undo Cycle
[2026-03-19T11:35:12.776+0800][229.266s][info][gc,marking  ] GC(472) Concurrent Cleanup for Next Mark
[2026-03-19T11:35:12.776+0800][229.266s][info][gc,marking  ] GC(472) Concurrent Cleanup for Next Mark 0.272ms
[2026-03-19T11:35:12.776+0800][229.266s][info][gc          ] GC(472) Concurrent Undo Cycle 0.414ms
[2026-03-19T11:35:13.717+0800][230.207s][info][gc,start    ] GC(473) Pause Young (Concurrent Start) (G1 Humongous Allocation)
[2026-03-19T11:35:13.717+0800][230.207s][info][gc,task     ] GC(473) Using 3 workers of 13 for evacuation
[2026-03-19T11:35:13.719+0800][230.208s][info][gc,phases   ] GC(473)   Pre Evacuate Collection Set: 0.1ms
[2026-03-19T11:35:13.719+0800][230.208s][info][gc,phases   ] GC(473)   Merge Heap Roots: 0.1ms
[2026-03-19T11:35:13.719+0800][230.208s][info][gc,phases   ] GC(473)   Evacuate Collection Set: 0.5ms
[2026-03-19T11:35:13.719+0800][230.208s][info][gc,phases   ] GC(473)   Post Evacuate Collection Set: 0.6ms
[2026-03-19T11:35:13.719+0800][230.208s][info][gc,phases   ] GC(473)   Other: 0.2ms
[2026-03-19T11:35:13.719+0800][230.208s][info][gc,heap     ] GC(473) Eden regions: 13->0(74)
[2026-03-19T11:35:13.719+0800][230.208s][info][gc,heap     ] GC(473) Survivor regions: 2->2(10)
[2026-03-19T11:35:13.719+0800][230.208s][info][gc,heap     ] GC(473) Old regions: 18->18
[2026-03-19T11:35:13.719+0800][230.208s][info][gc,heap     ] GC(473) Archive regions: 0->0
[2026-03-19T11:35:13.719+0800][230.209s][info][gc,heap     ] GC(473) Humongous regions: 39->9
[2026-03-19T11:35:13.719+0800][230.209s][info][gc,metaspace] GC(473) Metaspace: 22908K(23168K)->22908K(23168K) NonClass: 20297K(20416K)->20297K(20416K) Class: 2610K(2752K)->2610K(2752K)
[2026-03-19T11:35:13.719+0800][230.209s][info][gc          ] GC(473) Pause Young (Concurrent Start) (G1 Humongous Allocation) 70M->27M(128M) 1.919ms
[2026-03-19T11:35:13.719+0800][230.209s][info][gc,cpu      ] GC(473) User=0.00s Sys=0.00s Real=0.00s
[2026-03-19T11:35:13.719+0800][230.209s][info][gc          ] GC(474) Concurrent Undo Cycle
[2026-03-19T11:35:13.719+0800][230.209s][info][gc,marking  ] GC(474) Concurrent Cleanup for Next Mark
[2026-03-19T11:35:13.720+0800][230.209s][info][gc,marking  ] GC(474) Concurrent Cleanup for Next Mark 0.268ms
[2026-03-19T11:35:13.720+0800][230.209s][info][gc          ] GC(474) Concurrent Undo Cycle 0.434ms
[2026-03-19T11:35:14.657+0800][231.147s][info][gc,start    ] GC(475) Pause Young (Concurrent Start) (G1 Humongous Allocation)
[2026-03-19T11:35:14.658+0800][231.147s][info][gc,task     ] GC(475) Using 3 workers of 13 for evacuation
[2026-03-19T11:35:14.660+0800][231.150s][info][gc,phases   ] GC(475)   Pre Evacuate Collection Set: 0.2ms
[2026-03-19T11:35:14.660+0800][231.150s][info][gc,phases   ] GC(475)   Merge Heap Roots: 0.1ms
[2026-03-19T11:35:14.661+0800][231.150s][info][gc,phases   ] GC(475)   Evacuate Collection Set: 1.0ms
[2026-03-19T11:35:14.661+0800][231.150s][info][gc,phases   ] GC(475)   Post Evacuate Collection Set: 0.8ms
[2026-03-19T11:35:14.661+0800][231.150s][info][gc,phases   ] GC(475)   Other: 0.5ms
[2026-03-19T11:35:14.661+0800][231.150s][info][gc,heap     ] GC(475) Eden regions: 13->0(74)
[2026-03-19T11:35:14.661+0800][231.150s][info][gc,heap     ] GC(475) Survivor regions: 2->2(10)
[2026-03-19T11:35:14.661+0800][231.150s][info][gc,heap     ] GC(475) Old regions: 18->18
[2026-03-19T11:35:14.661+0800][231.150s][info][gc,heap     ] GC(475) Archive regions: 0->0
[2026-03-19T11:35:14.661+0800][231.150s][info][gc,heap     ] GC(475) Humongous regions: 39->9
[2026-03-19T11:35:14.661+0800][231.150s][info][gc,metaspace] GC(475) Metaspace: 22908K(23168K)->22908K(23168K) NonClass: 20297K(20416K)->20297K(20416K) Class: 2610K(2752K)->2610K(2752K)
[2026-03-19T11:35:14.661+0800][231.151s][info][gc          ] GC(475) Pause Young (Concurrent Start) (G1 Humongous Allocation) 70M->27M(128M) 3.577ms
[2026-03-19T11:35:14.661+0800][231.151s][info][gc,cpu      ] GC(475) User=0.00s Sys=0.00s Real=0.00s
[2026-03-19T11:35:14.661+0800][231.151s][info][gc          ] GC(476) Concurrent Undo Cycle
[2026-03-19T11:35:14.662+0800][231.151s][info][gc,marking  ] GC(476) Concurrent Cleanup for Next Mark
[2026-03-19T11:35:14.662+0800][231.152s][info][gc,marking  ] GC(476) Concurrent Cleanup for Next Mark 0.503ms
[2026-03-19T11:35:14.662+0800][231.152s][info][gc          ] GC(476) Concurrent Undo Cycle 0.979ms
[2026-03-19T11:35:15.609+0800][232.098s][info][gc,start    ] GC(477) Pause Young (Concurrent Start) (G1 Humongous Allocation)
[2026-03-19T11:35:15.609+0800][232.099s][info][gc,task     ] GC(477) Using 3 workers of 13 for evacuation
[2026-03-19T11:35:15.611+0800][232.100s][info][gc,phases   ] GC(477)   Pre Evacuate Collection Set: 0.2ms
[2026-03-19T11:35:15.611+0800][232.101s][info][gc,phases   ] GC(477)   Merge Heap Roots: 0.2ms
[2026-03-19T11:35:15.611+0800][232.101s][info][gc,phases   ] GC(477)   Evacuate Collection Set: 0.6ms
[2026-03-19T11:35:15.611+0800][232.101s][info][gc,phases   ] GC(477)   Post Evacuate Collection Set: 0.6ms
[2026-03-19T11:35:15.611+0800][232.101s][info][gc,phases   ] GC(477)   Other: 0.5ms
[2026-03-19T11:35:15.611+0800][232.101s][info][gc,heap     ] GC(477) Eden regions: 13->0(74)
[2026-03-19T11:35:15.611+0800][232.101s][info][gc,heap     ] GC(477) Survivor regions: 2->2(10)
[2026-03-19T11:35:15.611+0800][232.101s][info][gc,heap     ] GC(477) Old regions: 18->18
[2026-03-19T11:35:15.611+0800][232.101s][info][gc,heap     ] GC(477) Archive regions: 0->0
[2026-03-19T11:35:15.611+0800][232.101s][info][gc,heap     ] GC(477) Humongous regions: 39->9
[2026-03-19T11:35:15.611+0800][232.101s][info][gc,metaspace] GC(477) Metaspace: 22908K(23168K)->22908K(23168K) NonClass: 20297K(20416K)->20297K(20416K) Class: 2610K(2752K)->2610K(2752K)
[2026-03-19T11:35:15.611+0800][232.101s][info][gc          ] GC(477) Pause Young (Concurrent Start) (G1 Humongous Allocation) 70M->27M(128M) 2.529ms
[2026-03-19T11:35:15.611+0800][232.101s][info][gc,cpu      ] GC(477) User=0.00s Sys=0.00s Real=0.00s
[2026-03-19T11:35:15.612+0800][232.101s][info][gc          ] GC(478) Concurrent Undo Cycle
[2026-03-19T11:35:15.612+0800][232.101s][info][gc,marking  ] GC(478) Concurrent Cleanup for Next Mark
[2026-03-19T11:35:15.612+0800][232.102s][info][gc,marking  ] GC(478) Concurrent Cleanup for Next Mark 0.428ms
[2026-03-19T11:35:15.612+0800][232.102s][info][gc          ] GC(478) Concurrent Undo Cycle 0.671ms
[2026-03-19T11:35:16.543+0800][233.033s][info][gc,start    ] GC(479) Pause Young (Concurrent Start) (G1 Humongous Allocation)
[2026-03-19T11:35:16.543+0800][233.033s][info][gc,task     ] GC(479) Using 3 workers of 13 for evacuation
[2026-03-19T11:35:16.545+0800][233.036s][info][gc,phases   ] GC(479)   Pre Evacuate Collection Set: 0.3ms
[2026-03-19T11:35:16.546+0800][233.036s][info][gc,phases   ] GC(479)   Merge Heap Roots: 0.2ms
[2026-03-19T11:35:16.546+0800][233.036s][info][gc,phases   ] GC(479)   Evacuate Collection Set: 0.8ms
[2026-03-19T11:35:16.546+0800][233.036s][info][gc,phases   ] GC(479)   Post Evacuate Collection Set: 0.8ms
[2026-03-19T11:35:16.546+0800][233.036s][info][gc,phases   ] GC(479)   Other: 0.4ms
[2026-03-19T11:35:16.546+0800][233.036s][info][gc,heap     ] GC(479) Eden regions: 13->0(74)
[2026-03-19T11:35:16.546+0800][233.036s][info][gc,heap     ] GC(479) Survivor regions: 2->2(10)
[2026-03-19T11:35:16.546+0800][233.036s][info][gc,heap     ] GC(479) Old regions: 18->18
[2026-03-19T11:35:16.546+0800][233.036s][info][gc,heap     ] GC(479) Archive regions: 0->0
[2026-03-19T11:35:16.546+0800][233.036s][info][gc,heap     ] GC(479) Humongous regions: 39->9
[2026-03-19T11:35:16.546+0800][233.036s][info][gc,metaspace] GC(479) Metaspace: 22908K(23168K)->22908K(23168K) NonClass: 20297K(20416K)->20297K(20416K) Class: 2610K(2752K)->2610K(2752K)
[2026-03-19T11:35:16.546+0800][233.036s][info][gc          ] GC(479) Pause Young (Concurrent Start) (G1 Humongous Allocation) 70M->27M(128M) 3.116ms
[2026-03-19T11:35:16.546+0800][233.036s][info][gc,cpu      ] GC(479) User=0.00s Sys=0.00s Real=0.00s
[2026-03-19T11:35:16.546+0800][233.036s][info][gc          ] GC(480) Concurrent Undo Cycle
[2026-03-19T11:35:16.546+0800][233.036s][info][gc,marking  ] GC(480) Concurrent Cleanup for Next Mark
[2026-03-19T11:35:16.547+0800][233.037s][info][gc,marking  ] GC(480) Concurrent Cleanup for Next Mark 0.403ms
[2026-03-19T11:35:16.547+0800][233.037s][info][gc          ] GC(480) Concurrent Undo Cycle 0.586ms
[2026-03-19T11:35:17.479+0800][233.969s][info][gc,start    ] GC(481) Pause Young (Concurrent Start) (G1 Humongous Allocation)
[2026-03-19T11:35:17.480+0800][233.970s][info][gc,task     ] GC(481) Using 3 workers of 13 for evacuation
[2026-03-19T11:35:17.483+0800][233.973s][info][gc,phases   ] GC(481)   Pre Evacuate Collection Set: 0.3ms
[2026-03-19T11:35:17.483+0800][233.973s][info][gc,phases   ] GC(481)   Merge Heap Roots: 0.2ms
[2026-03-19T11:35:17.483+0800][233.973s][info][gc,phases   ] GC(481)   Evacuate Collection Set: 0.8ms
[2026-03-19T11:35:17.483+0800][233.973s][info][gc,phases   ] GC(481)   Post Evacuate Collection Set: 1.0ms
[2026-03-19T11:35:17.483+0800][233.973s][info][gc,phases   ] GC(481)   Other: 0.9ms
[2026-03-19T11:35:17.483+0800][233.973s][info][gc,heap     ] GC(481) Eden regions: 13->0(74)
[2026-03-19T11:35:17.483+0800][233.973s][info][gc,heap     ] GC(481) Survivor regions: 2->2(10)
[2026-03-19T11:35:17.483+0800][233.973s][info][gc,heap     ] GC(481) Old regions: 18->18
[2026-03-19T11:35:17.483+0800][233.973s][info][gc,heap     ] GC(481) Archive regions: 0->0
[2026-03-19T11:35:17.483+0800][233.973s][info][gc,heap     ] GC(481) Humongous regions: 39->9
[2026-03-19T11:35:17.483+0800][233.973s][info][gc,metaspace] GC(481) Metaspace: 22908K(23168K)->22908K(23168K) NonClass: 20297K(20416K)->20297K(20416K) Class: 2610K(2752K)->2610K(2752K)
[2026-03-19T11:35:17.483+0800][233.973s][info][gc          ] GC(481) Pause Young (Concurrent Start) (G1 Humongous Allocation) 70M->27M(128M) 3.776ms
[2026-03-19T11:35:17.483+0800][233.973s][info][gc,cpu      ] GC(481) User=0.00s Sys=0.02s Real=0.00s
[2026-03-19T11:35:17.484+0800][233.973s][info][gc          ] GC(482) Concurrent Undo Cycle
[2026-03-19T11:35:17.484+0800][233.974s][info][gc,marking  ] GC(482) Concurrent Cleanup for Next Mark
[2026-03-19T11:35:17.484+0800][233.974s][info][gc,marking  ] GC(482) Concurrent Cleanup for Next Mark 0.382ms
[2026-03-19T11:35:17.484+0800][233.974s][info][gc          ] GC(482) Concurrent Undo Cycle 0.621ms
[2026-03-19T11:35:18.418+0800][234.907s][info][gc,start    ] GC(483) Pause Young (Concurrent Start) (G1 Humongous Allocation)
[2026-03-19T11:35:18.418+0800][234.908s][info][gc,task     ] GC(483) Using 3 workers of 13 for evacuation
[2026-03-19T11:35:18.420+0800][234.909s][info][gc,phases   ] GC(483)   Pre Evacuate Collection Set: 0.3ms
[2026-03-19T11:35:18.420+0800][234.910s][info][gc,phases   ] GC(483)   Merge Heap Roots: 0.1ms
[2026-03-19T11:35:18.420+0800][234.910s][info][gc,phases   ] GC(483)   Evacuate Collection Set: 0.5ms
[2026-03-19T11:35:18.420+0800][234.910s][info][gc,phases   ] GC(483)   Post Evacuate Collection Set: 0.7ms
[2026-03-19T11:35:18.420+0800][234.910s][info][gc,phases   ] GC(483)   Other: 0.5ms
[2026-03-19T11:35:18.420+0800][234.910s][info][gc,heap     ] GC(483) Eden regions: 13->0(74)
[2026-03-19T11:35:18.420+0800][234.910s][info][gc,heap     ] GC(483) Survivor regions: 2->2(10)
[2026-03-19T11:35:18.420+0800][234.910s][info][gc,heap     ] GC(483) Old regions: 18->18
[2026-03-19T11:35:18.420+0800][234.910s][info][gc,heap     ] GC(483) Archive regions: 0->0
[2026-03-19T11:35:18.420+0800][234.910s][info][gc,heap     ] GC(483) Humongous regions: 39->9
[2026-03-19T11:35:18.420+0800][234.910s][info][gc,metaspace] GC(483) Metaspace: 22908K(23168K)->22908K(23168K) NonClass: 20297K(20416K)->20297K(20416K) Class: 2610K(2752K)->2610K(2752K)
[2026-03-19T11:35:18.420+0800][234.910s][info][gc          ] GC(483) Pause Young (Concurrent Start) (G1 Humongous Allocation) 70M->27M(128M) 2.614ms
[2026-03-19T11:35:18.420+0800][234.910s][info][gc,cpu      ] GC(483) User=0.00s Sys=0.00s Real=0.00s
[2026-03-19T11:35:18.420+0800][234.910s][info][gc          ] GC(484) Concurrent Undo Cycle
[2026-03-19T11:35:18.421+0800][234.910s][info][gc,marking  ] GC(484) Concurrent Cleanup for Next Mark
[2026-03-19T11:35:18.421+0800][234.910s][info][gc,marking  ] GC(484) Concurrent Cleanup for Next Mark 0.318ms
[2026-03-19T11:35:18.421+0800][234.911s][info][gc          ] GC(484) Concurrent Undo Cycle 0.480ms
[2026-03-19T11:35:19.353+0800][235.843s][info][gc,start    ] GC(485) Pause Young (Concurrent Start) (G1 Humongous Allocation)
[2026-03-19T11:35:19.353+0800][235.843s][info][gc,task     ] GC(485) Using 3 workers of 13 for evacuation
[2026-03-19T11:35:19.355+0800][235.845s][info][gc,phases   ] GC(485)   Pre Evacuate Collection Set: 0.3ms
[2026-03-19T11:35:19.355+0800][235.845s][info][gc,phases   ] GC(485)   Merge Heap Roots: 0.2ms
[2026-03-19T11:35:19.355+0800][235.845s][info][gc,phases   ] GC(485)   Evacuate Collection Set: 0.7ms
[2026-03-19T11:35:19.355+0800][235.845s][info][gc,phases   ] GC(485)   Post Evacuate Collection Set: 0.8ms
[2026-03-19T11:35:19.355+0800][235.845s][info][gc,phases   ] GC(485)   Other: 0.4ms
[2026-03-19T11:35:19.355+0800][235.845s][info][gc,heap     ] GC(485) Eden regions: 12->0(74)
[2026-03-19T11:35:19.355+0800][235.845s][info][gc,heap     ] GC(485) Survivor regions: 2->2(10)
[2026-03-19T11:35:19.356+0800][235.845s][info][gc,heap     ] GC(485) Old regions: 18->18
[2026-03-19T11:35:19.356+0800][235.845s][info][gc,heap     ] GC(485) Archive regions: 0->0
[2026-03-19T11:35:19.356+0800][235.845s][info][gc,heap     ] GC(485) Humongous regions: 39->9
[2026-03-19T11:35:19.356+0800][235.845s][info][gc,metaspace] GC(485) Metaspace: 22908K(23168K)->22908K(23168K) NonClass: 20297K(20416K)->20297K(20416K) Class: 2610K(2752K)->2610K(2752K)
[2026-03-19T11:35:19.356+0800][235.845s][info][gc          ] GC(485) Pause Young (Concurrent Start) (G1 Humongous Allocation) 69M->27M(128M) 2.798ms
[2026-03-19T11:35:19.356+0800][235.845s][info][gc,cpu      ] GC(485) User=0.00s Sys=0.02s Real=0.00s
[2026-03-19T11:35:19.356+0800][235.846s][info][gc          ] GC(486) Concurrent Undo Cycle
[2026-03-19T11:35:19.356+0800][235.846s][info][gc,marking  ] GC(486) Concurrent Cleanup for Next Mark
[2026-03-19T11:35:19.356+0800][235.846s][info][gc,marking  ] GC(486) Concurrent Cleanup for Next Mark 0.305ms
[2026-03-19T11:35:19.356+0800][235.846s][info][gc          ] GC(486) Concurrent Undo Cycle 0.470ms
[2026-03-19T11:35:20.293+0800][236.782s][info][gc,start    ] GC(487) Pause Young (Concurrent Start) (G1 Humongous Allocation)
[2026-03-19T11:35:20.293+0800][236.782s][info][gc,task     ] GC(487) Using 3 workers of 13 for evacuation
[2026-03-19T11:35:20.295+0800][236.785s][info][gc,phases   ] GC(487)   Pre Evacuate Collection Set: 0.3ms
[2026-03-19T11:35:20.295+0800][236.785s][info][gc,phases   ] GC(487)   Merge Heap Roots: 0.2ms
[2026-03-19T11:35:20.296+0800][236.785s][info][gc,phases   ] GC(487)   Evacuate Collection Set: 0.8ms
[2026-03-19T11:35:20.296+0800][236.785s][info][gc,phases   ] GC(487)   Post Evacuate Collection Set: 0.9ms
[2026-03-19T11:35:20.296+0800][236.785s][info][gc,phases   ] GC(487)   Other: 0.5ms
[2026-03-19T11:35:20.296+0800][236.785s][info][gc,heap     ] GC(487) Eden regions: 12->0(74)
[2026-03-19T11:35:20.296+0800][236.785s][info][gc,heap     ] GC(487) Survivor regions: 2->2(10)
[2026-03-19T11:35:20.296+0800][236.785s][info][gc,heap     ] GC(487) Old regions: 18->18
[2026-03-19T11:35:20.296+0800][236.785s][info][gc,heap     ] GC(487) Archive regions: 0->0
[2026-03-19T11:35:20.296+0800][236.785s][info][gc,heap     ] GC(487) Humongous regions: 39->9
[2026-03-19T11:35:20.296+0800][236.785s][info][gc,metaspace] GC(487) Metaspace: 22908K(23168K)->22908K(23168K) NonClass: 20297K(20416K)->20297K(20416K) Class: 2610K(2752K)->2610K(2752K)
[2026-03-19T11:35:20.296+0800][236.785s][info][gc          ] GC(487) Pause Young (Concurrent Start) (G1 Humongous Allocation) 69M->27M(128M) 3.519ms
[2026-03-19T11:35:20.296+0800][236.786s][info][gc,cpu      ] GC(487) User=0.02s Sys=0.00s Real=0.00s
[2026-03-19T11:35:20.296+0800][236.786s][info][gc          ] GC(488) Concurrent Undo Cycle
[2026-03-19T11:35:20.297+0800][236.786s][info][gc,marking  ] GC(488) Concurrent Cleanup for Next Mark
[2026-03-19T11:35:20.297+0800][236.786s][info][gc,marking  ] GC(488) Concurrent Cleanup for Next Mark 0.409ms
[2026-03-19T11:35:20.297+0800][236.786s][info][gc          ] GC(488) Concurrent Undo Cycle 0.722ms
[2026-03-19T11:35:21.225+0800][237.714s][info][gc,start    ] GC(489) Pause Young (Concurrent Start) (G1 Humongous Allocation)
[2026-03-19T11:35:21.225+0800][237.715s][info][gc,task     ] GC(489) Using 3 workers of 13 for evacuation
[2026-03-19T11:35:21.227+0800][237.717s][info][gc,phases   ] GC(489)   Pre Evacuate Collection Set: 0.2ms
[2026-03-19T11:35:21.227+0800][237.717s][info][gc,phases   ] GC(489)   Merge Heap Roots: 0.1ms
[2026-03-19T11:35:21.227+0800][237.717s][info][gc,phases   ] GC(489)   Evacuate Collection Set: 0.7ms
[2026-03-19T11:35:21.228+0800][237.717s][info][gc,phases   ] GC(489)   Post Evacuate Collection Set: 1.0ms
[2026-03-19T11:35:21.228+0800][237.717s][info][gc,phases   ] GC(489)   Other: 0.5ms
[2026-03-19T11:35:21.228+0800][237.717s][info][gc,heap     ] GC(489) Eden regions: 13->0(74)
[2026-03-19T11:35:21.228+0800][237.717s][info][gc,heap     ] GC(489) Survivor regions: 2->2(10)
[2026-03-19T11:35:21.228+0800][237.717s][info][gc,heap     ] GC(489) Old regions: 18->18
[2026-03-19T11:35:21.228+0800][237.717s][info][gc,heap     ] GC(489) Archive regions: 0->0
[2026-03-19T11:35:21.228+0800][237.717s][info][gc,heap     ] GC(489) Humongous regions: 39->9
[2026-03-19T11:35:21.228+0800][237.718s][info][gc,metaspace] GC(489) Metaspace: 22908K(23168K)->22908K(23168K) NonClass: 20297K(20416K)->20297K(20416K) Class: 2610K(2752K)->2610K(2752K)
[2026-03-19T11:35:21.228+0800][237.718s][info][gc          ] GC(489) Pause Young (Concurrent Start) (G1 Humongous Allocation) 70M->27M(128M) 3.291ms
[2026-03-19T11:35:21.228+0800][237.718s][info][gc,cpu      ] GC(489) User=0.00s Sys=0.00s Real=0.00s
[2026-03-19T11:35:21.228+0800][237.718s][info][gc          ] GC(490) Concurrent Undo Cycle
[2026-03-19T11:35:21.229+0800][237.718s][info][gc,marking  ] GC(490) Concurrent Cleanup for Next Mark
[2026-03-19T11:35:21.230+0800][237.719s][info][gc,marking  ] GC(490) Concurrent Cleanup for Next Mark 0.737ms
[2026-03-19T11:35:21.230+0800][237.719s][info][gc          ] GC(490) Concurrent Undo Cycle 1.242ms
[2026-03-19T11:35:22.163+0800][238.652s][info][gc,start    ] GC(491) Pause Young (Concurrent Start) (G1 Humongous Allocation)
[2026-03-19T11:35:22.163+0800][238.653s][info][gc,task     ] GC(491) Using 3 workers of 13 for evacuation
[2026-03-19T11:35:22.166+0800][238.656s][info][gc,phases   ] GC(491)   Pre Evacuate Collection Set: 0.4ms
[2026-03-19T11:35:22.166+0800][238.656s][info][gc,phases   ] GC(491)   Merge Heap Roots: 0.2ms
[2026-03-19T11:35:22.166+0800][238.656s][info][gc,phases   ] GC(491)   Evacuate Collection Set: 0.9ms
[2026-03-19T11:35:22.166+0800][238.656s][info][gc,phases   ] GC(491)   Post Evacuate Collection Set: 0.8ms
[2026-03-19T11:35:22.166+0800][238.656s][info][gc,phases   ] GC(491)   Other: 0.9ms
[2026-03-19T11:35:22.166+0800][238.656s][info][gc,heap     ] GC(491) Eden regions: 13->0(74)
[2026-03-19T11:35:22.166+0800][238.656s][info][gc,heap     ] GC(491) Survivor regions: 2->2(10)
[2026-03-19T11:35:22.166+0800][238.656s][info][gc,heap     ] GC(491) Old regions: 18->18
[2026-03-19T11:35:22.166+0800][238.656s][info][gc,heap     ] GC(491) Archive regions: 0->0
[2026-03-19T11:35:22.166+0800][238.656s][info][gc,heap     ] GC(491) Humongous regions: 39->9
[2026-03-19T11:35:22.166+0800][238.656s][info][gc,metaspace] GC(491) Metaspace: 22908K(23168K)->22908K(23168K) NonClass: 20297K(20416K)->20297K(20416K) Class: 2610K(2752K)->2610K(2752K)
[2026-03-19T11:35:22.166+0800][238.656s][info][gc          ] GC(491) Pause Young (Concurrent Start) (G1 Humongous Allocation) 70M->27M(128M) 3.894ms
[2026-03-19T11:35:22.166+0800][238.656s][info][gc,cpu      ] GC(491) User=0.00s Sys=0.00s Real=0.00s
[2026-03-19T11:35:22.167+0800][238.657s][info][gc          ] GC(492) Concurrent Undo Cycle
[2026-03-19T11:35:22.167+0800][238.657s][info][gc,marking  ] GC(492) Concurrent Cleanup for Next Mark
[2026-03-19T11:35:22.167+0800][238.657s][info][gc,marking  ] GC(492) Concurrent Cleanup for Next Mark 0.498ms
[2026-03-19T11:35:22.167+0800][238.657s][info][gc          ] GC(492) Concurrent Undo Cycle 0.736ms
[2026-03-19T11:35:23.101+0800][239.591s][info][gc,start    ] GC(493) Pause Young (Concurrent Start) (G1 Humongous Allocation)
[2026-03-19T11:35:23.101+0800][239.591s][info][gc,task     ] GC(493) Using 3 workers of 13 for evacuation
[2026-03-19T11:35:23.104+0800][239.593s][info][gc,phases   ] GC(493)   Pre Evacuate Collection Set: 0.2ms
[2026-03-19T11:35:23.104+0800][239.594s][info][gc,phases   ] GC(493)   Merge Heap Roots: 0.2ms
[2026-03-19T11:35:23.104+0800][239.594s][info][gc,phases   ] GC(493)   Evacuate Collection Set: 1.0ms
[2026-03-19T11:35:23.104+0800][239.594s][info][gc,phases   ] GC(493)   Post Evacuate Collection Set: 1.0ms
[2026-03-19T11:35:23.104+0800][239.594s][info][gc,phases   ] GC(493)   Other: 0.5ms
[2026-03-19T11:35:23.104+0800][239.594s][info][gc,heap     ] GC(493) Eden regions: 13->0(74)
[2026-03-19T11:35:23.105+0800][239.594s][info][gc,heap     ] GC(493) Survivor regions: 2->2(10)
[2026-03-19T11:35:23.105+0800][239.594s][info][gc,heap     ] GC(493) Old regions: 18->18
[2026-03-19T11:35:23.105+0800][239.594s][info][gc,heap     ] GC(493) Archive regions: 0->0
[2026-03-19T11:35:23.105+0800][239.594s][info][gc,heap     ] GC(493) Humongous regions: 39->9
[2026-03-19T11:35:23.105+0800][239.594s][info][gc,metaspace] GC(493) Metaspace: 22908K(23168K)->22908K(23168K) NonClass: 20297K(20416K)->20297K(20416K) Class: 2610K(2752K)->2610K(2752K)
[2026-03-19T11:35:23.105+0800][239.594s][info][gc          ] GC(493) Pause Young (Concurrent Start) (G1 Humongous Allocation) 70M->27M(128M) 3.743ms
[2026-03-19T11:35:23.105+0800][239.594s][info][gc,cpu      ] GC(493) User=0.00s Sys=0.00s Real=0.00s
[2026-03-19T11:35:23.105+0800][239.595s][info][gc          ] GC(494) Concurrent Undo Cycle
[2026-03-19T11:35:23.105+0800][239.595s][info][gc,marking  ] GC(494) Concurrent Cleanup for Next Mark
[2026-03-19T11:35:23.106+0800][239.595s][info][gc,marking  ] GC(494) Concurrent Cleanup for Next Mark 0.442ms
[2026-03-19T11:35:23.106+0800][239.595s][info][gc          ] GC(494) Concurrent Undo Cycle 0.796ms
[2026-03-19T11:35:24.051+0800][240.540s][info][gc,start    ] GC(495) Pause Young (Concurrent Start) (G1 Humongous Allocation)
[2026-03-19T11:35:24.051+0800][240.540s][info][gc,task     ] GC(495) Using 3 workers of 13 for evacuation
[2026-03-19T11:35:24.053+0800][240.542s][info][gc,phases   ] GC(495)   Pre Evacuate Collection Set: 0.1ms
[2026-03-19T11:35:24.053+0800][240.543s][info][gc,phases   ] GC(495)   Merge Heap Roots: 0.2ms
[2026-03-19T11:35:24.053+0800][240.543s][info][gc,phases   ] GC(495)   Evacuate Collection Set: 0.7ms
[2026-03-19T11:35:24.053+0800][240.543s][info][gc,phases   ] GC(495)   Post Evacuate Collection Set: 0.8ms
[2026-03-19T11:35:24.053+0800][240.543s][info][gc,phases   ] GC(495)   Other: 0.6ms
[2026-03-19T11:35:24.054+0800][240.543s][info][gc,heap     ] GC(495) Eden regions: 13->0(74)
[2026-03-19T11:35:24.054+0800][240.543s][info][gc,heap     ] GC(495) Survivor regions: 2->2(10)
[2026-03-19T11:35:24.054+0800][240.543s][info][gc,heap     ] GC(495) Old regions: 18->18
[2026-03-19T11:35:24.054+0800][240.543s][info][gc,heap     ] GC(495) Archive regions: 0->0
[2026-03-19T11:35:24.054+0800][240.543s][info][gc,heap     ] GC(495) Humongous regions: 39->9
[2026-03-19T11:35:24.054+0800][240.543s][info][gc,metaspace] GC(495) Metaspace: 22908K(23168K)->22908K(23168K) NonClass: 20297K(20416K)->20297K(20416K) Class: 2610K(2752K)->2610K(2752K)
[2026-03-19T11:35:24.054+0800][240.543s][info][gc          ] GC(495) Pause Young (Concurrent Start) (G1 Humongous Allocation) 70M->27M(128M) 3.041ms
[2026-03-19T11:35:24.054+0800][240.543s][info][gc,cpu      ] GC(495) User=0.00s Sys=0.00s Real=0.00s
[2026-03-19T11:35:24.054+0800][240.543s][info][gc          ] GC(496) Concurrent Undo Cycle
[2026-03-19T11:35:24.054+0800][240.543s][info][gc,marking  ] GC(496) Concurrent Cleanup for Next Mark
[2026-03-19T11:35:24.055+0800][240.544s][info][gc,marking  ] GC(496) Concurrent Cleanup for Next Mark 0.407ms
[2026-03-19T11:35:24.055+0800][240.544s][info][gc          ] GC(496) Concurrent Undo Cycle 0.706ms
[2026-03-19T11:35:24.985+0800][241.474s][info][gc,start    ] GC(497) Pause Young (Concurrent Start) (G1 Humongous Allocation)
[2026-03-19T11:35:24.985+0800][241.474s][info][gc,task     ] GC(497) Using 3 workers of 13 for evacuation
[2026-03-19T11:35:24.988+0800][241.477s][info][gc,phases   ] GC(497)   Pre Evacuate Collection Set: 0.2ms
[2026-03-19T11:35:24.988+0800][241.477s][info][gc,phases   ] GC(497)   Merge Heap Roots: 0.2ms
[2026-03-19T11:35:24.988+0800][241.477s][info][gc,phases   ] GC(497)   Evacuate Collection Set: 0.9ms
[2026-03-19T11:35:24.988+0800][241.477s][info][gc,phases   ] GC(497)   Post Evacuate Collection Set: 0.9ms
[2026-03-19T11:35:24.988+0800][241.477s][info][gc,phases   ] GC(497)   Other: 0.5ms
[2026-03-19T11:35:24.988+0800][241.477s][info][gc,heap     ] GC(497) Eden regions: 13->0(74)
[2026-03-19T11:35:24.988+0800][241.477s][info][gc,heap     ] GC(497) Survivor regions: 2->2(10)
[2026-03-19T11:35:24.988+0800][241.477s][info][gc,heap     ] GC(497) Old regions: 18->18
[2026-03-19T11:35:24.988+0800][241.477s][info][gc,heap     ] GC(497) Archive regions: 0->0
[2026-03-19T11:35:24.988+0800][241.477s][info][gc,heap     ] GC(497) Humongous regions: 39->9
[2026-03-19T11:35:24.988+0800][241.478s][info][gc,metaspace] GC(497) Metaspace: 22908K(23168K)->22908K(23168K) NonClass: 20297K(20416K)->20297K(20416K) Class: 2610K(2752K)->2610K(2752K)
[2026-03-19T11:35:24.988+0800][241.478s][info][gc          ] GC(497) Pause Young (Concurrent Start) (G1 Humongous Allocation) 70M->27M(128M) 3.619ms
[2026-03-19T11:35:24.988+0800][241.478s][info][gc,cpu      ] GC(497) User=0.00s Sys=0.00s Real=0.00s
[2026-03-19T11:35:24.988+0800][241.478s][info][gc          ] GC(498) Concurrent Undo Cycle
[2026-03-19T11:35:24.988+0800][241.478s][info][gc,marking  ] GC(498) Concurrent Cleanup for Next Mark
[2026-03-19T11:35:24.989+0800][241.478s][info][gc,marking  ] GC(498) Concurrent Cleanup for Next Mark 0.439ms
[2026-03-19T11:35:24.989+0800][241.479s][info][gc          ] GC(498) Concurrent Undo Cycle 0.828ms
[2026-03-19T11:35:25.921+0800][242.410s][info][gc,start    ] GC(499) Pause Young (Concurrent Start) (G1 Humongous Allocation)
[2026-03-19T11:35:25.921+0800][242.410s][info][gc,task     ] GC(499) Using 3 workers of 13 for evacuation
[2026-03-19T11:35:25.923+0800][242.412s][info][gc,phases   ] GC(499)   Pre Evacuate Collection Set: 0.2ms
[2026-03-19T11:35:25.923+0800][242.412s][info][gc,phases   ] GC(499)   Merge Heap Roots: 0.1ms
[2026-03-19T11:35:25.923+0800][242.413s][info][gc,phases   ] GC(499)   Evacuate Collection Set: 0.7ms
[2026-03-19T11:35:25.923+0800][242.413s][info][gc,phases   ] GC(499)   Post Evacuate Collection Set: 0.7ms
[2026-03-19T11:35:25.923+0800][242.413s][info][gc,phases   ] GC(499)   Other: 0.6ms
[2026-03-19T11:35:25.923+0800][242.413s][info][gc,heap     ] GC(499) Eden regions: 13->0(74)
[2026-03-19T11:35:25.923+0800][242.413s][info][gc,heap     ] GC(499) Survivor regions: 2->2(10)
[2026-03-19T11:35:25.923+0800][242.413s][info][gc,heap     ] GC(499) Old regions: 18->18
[2026-03-19T11:35:25.924+0800][242.413s][info][gc,heap     ] GC(499) Archive regions: 0->0
[2026-03-19T11:35:25.924+0800][242.413s][info][gc,heap     ] GC(499) Humongous regions: 39->9
[2026-03-19T11:35:25.924+0800][242.413s][info][gc,metaspace] GC(499) Metaspace: 22908K(23168K)->22908K(23168K) NonClass: 20297K(20416K)->20297K(20416K) Class: 2610K(2752K)->2610K(2752K)
[2026-03-19T11:35:25.924+0800][242.413s][info][gc          ] GC(499) Pause Young (Concurrent Start) (G1 Humongous Allocation) 70M->27M(128M) 3.096ms
[2026-03-19T11:35:25.924+0800][242.413s][info][gc,cpu      ] GC(499) User=0.00s Sys=0.00s Real=0.00s
[2026-03-19T11:35:25.924+0800][242.413s][info][gc          ] GC(500) Concurrent Undo Cycle
[2026-03-19T11:35:25.924+0800][242.413s][info][gc,marking  ] GC(500) Concurrent Cleanup for Next Mark
[2026-03-19T11:35:25.925+0800][242.414s][info][gc,marking  ] GC(500) Concurrent Cleanup for Next Mark 0.442ms
[2026-03-19T11:35:25.925+0800][242.414s][info][gc          ] GC(500) Concurrent Undo Cycle 0.899ms
[2026-03-19T11:35:26.873+0800][243.363s][info][gc,start    ] GC(501) Pause Young (Concurrent Start) (G1 Humongous Allocation)
[2026-03-19T11:35:26.873+0800][243.363s][info][gc,task     ] GC(501) Using 3 workers of 13 for evacuation
[2026-03-19T11:35:26.876+0800][243.365s][info][gc,phases   ] GC(501)   Pre Evacuate Collection Set: 0.1ms
[2026-03-19T11:35:26.876+0800][243.366s][info][gc,phases   ] GC(501)   Merge Heap Roots: 0.1ms
[2026-03-19T11:35:26.876+0800][243.366s][info][gc,phases   ] GC(501)   Evacuate Collection Set: 0.8ms
[2026-03-19T11:35:26.876+0800][243.366s][info][gc,phases   ] GC(501)   Post Evacuate Collection Set: 0.9ms
[2026-03-19T11:35:26.876+0800][243.366s][info][gc,phases   ] GC(501)   Other: 0.6ms
[2026-03-19T11:35:26.876+0800][243.366s][info][gc,heap     ] GC(501) Eden regions: 13->0(74)
[2026-03-19T11:35:26.876+0800][243.366s][info][gc,heap     ] GC(501) Survivor regions: 2->2(10)
[2026-03-19T11:35:26.876+0800][243.366s][info][gc,heap     ] GC(501) Old regions: 18->18
[2026-03-19T11:35:26.876+0800][243.366s][info][gc,heap     ] GC(501) Archive regions: 0->0
[2026-03-19T11:35:26.876+0800][243.366s][info][gc,heap     ] GC(501) Humongous regions: 39->9
[2026-03-19T11:35:26.876+0800][243.366s][info][gc,metaspace] GC(501) Metaspace: 22908K(23168K)->22908K(23168K) NonClass: 20297K(20416K)->20297K(20416K) Class: 2610K(2752K)->2610K(2752K)
[2026-03-19T11:35:26.876+0800][243.366s][info][gc          ] GC(501) Pause Young (Concurrent Start) (G1 Humongous Allocation) 70M->27M(128M) 3.042ms
[2026-03-19T11:35:26.876+0800][243.366s][info][gc,cpu      ] GC(501) User=0.00s Sys=0.00s Real=0.00s
[2026-03-19T11:35:26.876+0800][243.366s][info][gc          ] GC(502) Concurrent Undo Cycle
[2026-03-19T11:35:26.876+0800][243.366s][info][gc,marking  ] GC(502) Concurrent Cleanup for Next Mark
[2026-03-19T11:35:26.877+0800][243.366s][info][gc,marking  ] GC(502) Concurrent Cleanup for Next Mark 0.316ms
[2026-03-19T11:35:26.877+0800][243.367s][info][gc          ] GC(502) Concurrent Undo Cycle 0.504ms
[2026-03-19T11:35:27.809+0800][244.298s][info][gc,start    ] GC(503) Pause Young (Concurrent Start) (G1 Humongous Allocation)
[2026-03-19T11:35:27.809+0800][244.298s][info][gc,task     ] GC(503) Using 3 workers of 13 for evacuation
[2026-03-19T11:35:27.810+0800][244.300s][info][gc,phases   ] GC(503)   Pre Evacuate Collection Set: 0.3ms
[2026-03-19T11:35:27.810+0800][244.300s][info][gc,phases   ] GC(503)   Merge Heap Roots: 0.2ms
[2026-03-19T11:35:27.810+0800][244.300s][info][gc,phases   ] GC(503)   Evacuate Collection Set: 0.6ms
[2026-03-19T11:35:27.810+0800][244.300s][info][gc,phases   ] GC(503)   Post Evacuate Collection Set: 1.0ms
[2026-03-19T11:35:27.811+0800][244.301s][info][gc,phases   ] GC(503)   Other: 0.4ms
[2026-03-19T11:35:27.811+0800][244.301s][info][gc,heap     ] GC(503) Eden regions: 12->0(74)
[2026-03-19T11:35:27.811+0800][244.301s][info][gc,heap     ] GC(503) Survivor regions: 2->2(10)
[2026-03-19T11:35:27.811+0800][244.301s][info][gc,heap     ] GC(503) Old regions: 18->18
[2026-03-19T11:35:27.811+0800][244.301s][info][gc,heap     ] GC(503) Archive regions: 0->0
[2026-03-19T11:35:27.811+0800][244.301s][info][gc,heap     ] GC(503) Humongous regions: 39->9
[2026-03-19T11:35:27.811+0800][244.301s][info][gc,metaspace] GC(503) Metaspace: 22908K(23168K)->22908K(23168K) NonClass: 20297K(20416K)->20297K(20416K) Class: 2610K(2752K)->2610K(2752K)
[2026-03-19T11:35:27.811+0800][244.301s][info][gc          ] GC(503) Pause Young (Concurrent Start) (G1 Humongous Allocation) 69M->27M(128M) 2.894ms
[2026-03-19T11:35:27.811+0800][244.301s][info][gc,cpu      ] GC(503) User=0.02s Sys=0.00s Real=0.00s
[2026-03-19T11:35:27.811+0800][244.301s][info][gc          ] GC(504) Concurrent Undo Cycle
[2026-03-19T11:35:27.811+0800][244.301s][info][gc,marking  ] GC(504) Concurrent Cleanup for Next Mark
[2026-03-19T11:35:27.811+0800][244.301s][info][gc,marking  ] GC(504) Concurrent Cleanup for Next Mark 0.299ms
[2026-03-19T11:35:27.811+0800][244.301s][info][gc          ] GC(504) Concurrent Undo Cycle 0.474ms
[2026-03-19T11:35:28.743+0800][245.233s][info][gc,start    ] GC(505) Pause Young (Concurrent Start) (G1 Humongous Allocation)
[2026-03-19T11:35:28.744+0800][245.233s][info][gc,task     ] GC(505) Using 3 workers of 13 for evacuation
[2026-03-19T11:35:28.746+0800][245.236s][info][gc,phases   ] GC(505)   Pre Evacuate Collection Set: 0.3ms
[2026-03-19T11:35:28.746+0800][245.236s][info][gc,phases   ] GC(505)   Merge Heap Roots: 0.2ms
[2026-03-19T11:35:28.746+0800][245.236s][info][gc,phases   ] GC(505)   Evacuate Collection Set: 0.8ms
[2026-03-19T11:35:28.747+0800][245.236s][info][gc,phases   ] GC(505)   Post Evacuate Collection Set: 0.9ms
[2026-03-19T11:35:28.747+0800][245.236s][info][gc,phases   ] GC(505)   Other: 0.5ms
[2026-03-19T11:35:28.747+0800][245.236s][info][gc,heap     ] GC(505) Eden regions: 12->0(74)
[2026-03-19T11:35:28.747+0800][245.236s][info][gc,heap     ] GC(505) Survivor regions: 2->2(10)
[2026-03-19T11:35:28.747+0800][245.236s][info][gc,heap     ] GC(505) Old regions: 18->18
[2026-03-19T11:35:28.747+0800][245.236s][info][gc,heap     ] GC(505) Archive regions: 0->0
[2026-03-19T11:35:28.747+0800][245.237s][info][gc,heap     ] GC(505) Humongous regions: 39->9
[2026-03-19T11:35:28.747+0800][245.237s][info][gc,metaspace] GC(505) Metaspace: 22908K(23168K)->22908K(23168K) NonClass: 20297K(20416K)->20297K(20416K) Class: 2610K(2752K)->2610K(2752K)
[2026-03-19T11:35:28.747+0800][245.237s][info][gc          ] GC(505) Pause Young (Concurrent Start) (G1 Humongous Allocation) 69M->27M(128M) 3.609ms
[2026-03-19T11:35:28.747+0800][245.237s][info][gc,cpu      ] GC(505) User=0.00s Sys=0.00s Real=0.00s
[2026-03-19T11:35:28.747+0800][245.237s][info][gc          ] GC(506) Concurrent Undo Cycle
[2026-03-19T11:35:28.748+0800][245.237s][info][gc,marking  ] GC(506) Concurrent Cleanup for Next Mark
[2026-03-19T11:35:28.748+0800][245.238s][info][gc,marking  ] GC(506) Concurrent Cleanup for Next Mark 0.629ms
[2026-03-19T11:35:28.748+0800][245.238s][info][gc          ] GC(506) Concurrent Undo Cycle 1.007ms
[2026-03-19T11:35:29.696+0800][246.185s][info][gc,start    ] GC(507) Pause Young (Concurrent Start) (G1 Humongous Allocation)
[2026-03-19T11:35:29.696+0800][246.185s][info][gc,task     ] GC(507) Using 3 workers of 13 for evacuation
[2026-03-19T11:35:29.698+0800][246.187s][info][gc,phases   ] GC(507)   Pre Evacuate Collection Set: 0.3ms
[2026-03-19T11:35:29.698+0800][246.188s][info][gc,phases   ] GC(507)   Merge Heap Roots: 0.2ms
[2026-03-19T11:35:29.698+0800][246.188s][info][gc,phases   ] GC(507)   Evacuate Collection Set: 0.8ms
[2026-03-19T11:35:29.698+0800][246.188s][info][gc,phases   ] GC(507)   Post Evacuate Collection Set: 0.8ms
[2026-03-19T11:35:29.698+0800][246.188s][info][gc,phases   ] GC(507)   Other: 0.5ms
[2026-03-19T11:35:29.698+0800][246.188s][info][gc,heap     ] GC(507) Eden regions: 12->0(74)
[2026-03-19T11:35:29.698+0800][246.188s][info][gc,heap     ] GC(507) Survivor regions: 2->2(10)
[2026-03-19T11:35:29.698+0800][246.188s][info][gc,heap     ] GC(507) Old regions: 18->18
[2026-03-19T11:35:29.698+0800][246.188s][info][gc,heap     ] GC(507) Archive regions: 0->0
[2026-03-19T11:35:29.698+0800][246.188s][info][gc,heap     ] GC(507) Humongous regions: 39->9
[2026-03-19T11:35:29.698+0800][246.188s][info][gc,metaspace] GC(507) Metaspace: 22908K(23168K)->22908K(23168K) NonClass: 20297K(20416K)->20297K(20416K) Class: 2610K(2752K)->2610K(2752K)
[2026-03-19T11:35:29.699+0800][246.188s][info][gc          ] GC(507) Pause Young (Concurrent Start) (G1 Humongous Allocation) 69M->27M(128M) 3.457ms
[2026-03-19T11:35:29.699+0800][246.188s][info][gc,cpu      ] GC(507) User=0.00s Sys=0.00s Real=0.00s
[2026-03-19T11:35:29.699+0800][246.189s][info][gc          ] GC(508) Concurrent Undo Cycle
[2026-03-19T11:35:29.699+0800][246.189s][info][gc,marking  ] GC(508) Concurrent Cleanup for Next Mark
[2026-03-19T11:35:29.699+0800][246.189s][info][gc,marking  ] GC(508) Concurrent Cleanup for Next Mark 0.458ms
[2026-03-19T11:35:29.700+0800][246.189s][info][gc          ] GC(508) Concurrent Undo Cycle 0.859ms
[2026-03-19T11:35:30.636+0800][247.126s][info][gc,start    ] GC(509) Pause Young (Concurrent Start) (G1 Humongous Allocation)
[2026-03-19T11:35:30.637+0800][247.127s][info][gc,task     ] GC(509) Using 3 workers of 13 for evacuation
[2026-03-19T11:35:30.639+0800][247.128s][info][gc,phases   ] GC(509)   Pre Evacuate Collection Set: 0.2ms
[2026-03-19T11:35:30.639+0800][247.129s][info][gc,phases   ] GC(509)   Merge Heap Roots: 0.1ms
[2026-03-19T11:35:30.639+0800][247.129s][info][gc,phases   ] GC(509)   Evacuate Collection Set: 0.5ms
[2026-03-19T11:35:30.639+0800][247.129s][info][gc,phases   ] GC(509)   Post Evacuate Collection Set: 0.9ms
[2026-03-19T11:35:30.639+0800][247.129s][info][gc,phases   ] GC(509)   Other: 0.3ms
[2026-03-19T11:35:30.639+0800][247.129s][info][gc,heap     ] GC(509) Eden regions: 13->0(74)
[2026-03-19T11:35:30.639+0800][247.129s][info][gc,heap     ] GC(509) Survivor regions: 2->2(10)
[2026-03-19T11:35:30.639+0800][247.129s][info][gc,heap     ] GC(509) Old regions: 18->18
[2026-03-19T11:35:30.639+0800][247.129s][info][gc,heap     ] GC(509) Archive regions: 0->0
[2026-03-19T11:35:30.639+0800][247.129s][info][gc,heap     ] GC(509) Humongous regions: 39->9
[2026-03-19T11:35:30.639+0800][247.129s][info][gc,metaspace] GC(509) Metaspace: 22908K(23168K)->22908K(23168K) NonClass: 20297K(20416K)->20297K(20416K) Class: 2610K(2752K)->2610K(2752K)
[2026-03-19T11:35:30.639+0800][247.129s][info][gc          ] GC(509) Pause Young (Concurrent Start) (G1 Humongous Allocation) 70M->27M(128M) 2.387ms
[2026-03-19T11:35:30.639+0800][247.129s][info][gc,cpu      ] GC(509) User=0.00s Sys=0.00s Real=0.00s
[2026-03-19T11:35:30.639+0800][247.129s][info][gc          ] GC(510) Concurrent Undo Cycle
[2026-03-19T11:35:30.639+0800][247.129s][info][gc,marking  ] GC(510) Concurrent Cleanup for Next Mark
[2026-03-19T11:35:30.639+0800][247.129s][info][gc,marking  ] GC(510) Concurrent Cleanup for Next Mark 0.353ms
[2026-03-19T11:35:30.640+0800][247.129s][info][gc          ] GC(510) Concurrent Undo Cycle 0.529ms
[2026-03-19T11:35:31.575+0800][248.064s][info][gc,start    ] GC(511) Pause Young (Concurrent Start) (G1 Humongous Allocation)
[2026-03-19T11:35:31.575+0800][248.064s][info][gc,task     ] GC(511) Using 3 workers of 13 for evacuation
[2026-03-19T11:35:31.578+0800][248.067s][info][gc,phases   ] GC(511)   Pre Evacuate Collection Set: 0.3ms
[2026-03-19T11:35:31.578+0800][248.068s][info][gc,phases   ] GC(511)   Merge Heap Roots: 0.2ms
[2026-03-19T11:35:31.579+0800][248.068s][info][gc,phases   ] GC(511)   Evacuate Collection Set: 1.0ms
[2026-03-19T11:35:31.579+0800][248.068s][info][gc,phases   ] GC(511)   Post Evacuate Collection Set: 1.2ms
[2026-03-19T11:35:31.579+0800][248.068s][info][gc,phases   ] GC(511)   Other: 0.6ms
[2026-03-19T11:35:31.579+0800][248.068s][info][gc,heap     ] GC(511) Eden regions: 13->0(74)
[2026-03-19T11:35:31.579+0800][248.068s][info][gc,heap     ] GC(511) Survivor regions: 2->2(10)
[2026-03-19T11:35:31.579+0800][248.068s][info][gc,heap     ] GC(511) Old regions: 18->18
[2026-03-19T11:35:31.579+0800][248.068s][info][gc,heap     ] GC(511) Archive regions: 0->0
[2026-03-19T11:35:31.579+0800][248.068s][info][gc,heap     ] GC(511) Humongous regions: 39->9
[2026-03-19T11:35:31.579+0800][248.069s][info][gc,metaspace] GC(511) Metaspace: 22908K(23168K)->22908K(23168K) NonClass: 20297K(20416K)->20297K(20416K) Class: 2610K(2752K)->2610K(2752K)
[2026-03-19T11:35:31.579+0800][248.069s][info][gc          ] GC(511) Pause Young (Concurrent Start) (G1 Humongous Allocation) 70M->27M(128M) 4.796ms
[2026-03-19T11:35:31.579+0800][248.069s][info][gc,cpu      ] GC(511) User=0.00s Sys=0.00s Real=0.00s
[2026-03-19T11:35:31.579+0800][248.069s][info][gc          ] GC(512) Concurrent Undo Cycle
[2026-03-19T11:35:31.580+0800][248.069s][info][gc,marking  ] GC(512) Concurrent Cleanup for Next Mark
[2026-03-19T11:35:31.581+0800][248.070s][info][gc,marking  ] GC(512) Concurrent Cleanup for Next Mark 1.122ms
[2026-03-19T11:35:31.581+0800][248.071s][info][gc          ] GC(512) Concurrent Undo Cycle 1.827ms
[2026-03-19T11:35:32.519+0800][249.009s][info][gc,start    ] GC(513) Pause Young (Concurrent Start) (G1 Humongous Allocation)
[2026-03-19T11:35:32.519+0800][249.009s][info][gc,task     ] GC(513) Using 3 workers of 13 for evacuation
[2026-03-19T11:35:32.521+0800][249.011s][info][gc,phases   ] GC(513)   Pre Evacuate Collection Set: 0.2ms
[2026-03-19T11:35:32.522+0800][249.011s][info][gc,phases   ] GC(513)   Merge Heap Roots: 0.2ms
[2026-03-19T11:35:32.522+0800][249.012s][info][gc,phases   ] GC(513)   Evacuate Collection Set: 0.8ms
[2026-03-19T11:35:32.522+0800][249.012s][info][gc,phases   ] GC(513)   Post Evacuate Collection Set: 0.7ms
[2026-03-19T11:35:32.522+0800][249.012s][info][gc,phases   ] GC(513)   Other: 0.5ms
[2026-03-19T11:35:32.522+0800][249.012s][info][gc,heap     ] GC(513) Eden regions: 12->0(74)
[2026-03-19T11:35:32.522+0800][249.012s][info][gc,heap     ] GC(513) Survivor regions: 2->2(10)
[2026-03-19T11:35:32.522+0800][249.012s][info][gc,heap     ] GC(513) Old regions: 18->18
[2026-03-19T11:35:32.522+0800][249.012s][info][gc,heap     ] GC(513) Archive regions: 0->0
[2026-03-19T11:35:32.522+0800][249.012s][info][gc,heap     ] GC(513) Humongous regions: 39->9
[2026-03-19T11:35:32.522+0800][249.012s][info][gc,metaspace] GC(513) Metaspace: 22908K(23168K)->22908K(23168K) NonClass: 20297K(20416K)->20297K(20416K) Class: 2610K(2752K)->2610K(2752K)
[2026-03-19T11:35:32.522+0800][249.012s][info][gc          ] GC(513) Pause Young (Concurrent Start) (G1 Humongous Allocation) 69M->27M(128M) 3.291ms
[2026-03-19T11:35:32.522+0800][249.012s][info][gc,cpu      ] GC(513) User=0.00s Sys=0.00s Real=0.00s
[2026-03-19T11:35:32.523+0800][249.013s][info][gc          ] GC(514) Concurrent Undo Cycle
[2026-03-19T11:35:32.523+0800][249.013s][info][gc,marking  ] GC(514) Concurrent Cleanup for Next Mark
[2026-03-19T11:35:32.523+0800][249.013s][info][gc,marking  ] GC(514) Concurrent Cleanup for Next Mark 0.596ms
[2026-03-19T11:35:32.524+0800][249.014s][info][gc          ] GC(514) Concurrent Undo Cycle 1.056ms
[2026-03-19T11:35:33.457+0800][249.947s][info][gc,start    ] GC(515) Pause Young (Concurrent Start) (G1 Humongous Allocation)
[2026-03-19T11:35:33.458+0800][249.947s][info][gc,task     ] GC(515) Using 3 workers of 13 for evacuation
[2026-03-19T11:35:33.459+0800][249.948s][info][gc,phases   ] GC(515)   Pre Evacuate Collection Set: 0.1ms
[2026-03-19T11:35:33.459+0800][249.948s][info][gc,phases   ] GC(515)   Merge Heap Roots: 0.1ms
[2026-03-19T11:35:33.459+0800][249.948s][info][gc,phases   ] GC(515)   Evacuate Collection Set: 0.7ms
[2026-03-19T11:35:33.459+0800][249.949s][info][gc,phases   ] GC(515)   Post Evacuate Collection Set: 0.4ms
[2026-03-19T11:35:33.459+0800][249.949s][info][gc,phases   ] GC(515)   Other: 0.3ms
[2026-03-19T11:35:33.459+0800][249.949s][info][gc,heap     ] GC(515) Eden regions: 13->0(74)
[2026-03-19T11:35:33.459+0800][249.949s][info][gc,heap     ] GC(515) Survivor regions: 2->2(10)
[2026-03-19T11:35:33.459+0800][249.949s][info][gc,heap     ] GC(515) Old regions: 18->18
[2026-03-19T11:35:33.459+0800][249.949s][info][gc,heap     ] GC(515) Archive regions: 0->0
[2026-03-19T11:35:33.459+0800][249.949s][info][gc,heap     ] GC(515) Humongous regions: 39->9
[2026-03-19T11:35:33.459+0800][249.949s][info][gc,metaspace] GC(515) Metaspace: 22908K(23168K)->22908K(23168K) NonClass: 20297K(20416K)->20297K(20416K) Class: 2610K(2752K)->2610K(2752K)
[2026-03-19T11:35:33.459+0800][249.949s][info][gc          ] GC(515) Pause Young (Concurrent Start) (G1 Humongous Allocation) 70M->27M(128M) 2.350ms
[2026-03-19T11:35:33.459+0800][249.949s][info][gc,cpu      ] GC(515) User=0.00s Sys=0.00s Real=0.00s
[2026-03-19T11:35:33.460+0800][249.949s][info][gc          ] GC(516) Concurrent Undo Cycle
[2026-03-19T11:35:33.460+0800][249.949s][info][gc,marking  ] GC(516) Concurrent Cleanup for Next Mark
[2026-03-19T11:35:33.460+0800][249.950s][info][gc,marking  ] GC(516) Concurrent Cleanup for Next Mark 0.339ms
[2026-03-19T11:35:33.460+0800][249.950s][info][gc          ] GC(516) Concurrent Undo Cycle 0.577ms
[2026-03-19T11:35:34.389+0800][250.878s][info][gc,start    ] GC(517) Pause Young (Concurrent Start) (G1 Humongous Allocation)
[2026-03-19T11:35:34.389+0800][250.878s][info][gc,task     ] GC(517) Using 3 workers of 13 for evacuation
[2026-03-19T11:35:34.391+0800][250.881s][info][gc,phases   ] GC(517)   Pre Evacuate Collection Set: 0.2ms
[2026-03-19T11:35:34.391+0800][250.881s][info][gc,phases   ] GC(517)   Merge Heap Roots: 0.1ms
[2026-03-19T11:35:34.391+0800][250.881s][info][gc,phases   ] GC(517)   Evacuate Collection Set: 1.2ms
[2026-03-19T11:35:34.391+0800][250.881s][info][gc,phases   ] GC(517)   Post Evacuate Collection Set: 0.8ms
[2026-03-19T11:35:34.391+0800][250.881s][info][gc,phases   ] GC(517)   Other: 0.3ms
[2026-03-19T11:35:34.392+0800][250.881s][info][gc,heap     ] GC(517) Eden regions: 13->0(74)
[2026-03-19T11:35:34.392+0800][250.881s][info][gc,heap     ] GC(517) Survivor regions: 2->2(10)
[2026-03-19T11:35:34.392+0800][250.881s][info][gc,heap     ] GC(517) Old regions: 18->18
[2026-03-19T11:35:34.392+0800][250.881s][info][gc,heap     ] GC(517) Archive regions: 0->0
[2026-03-19T11:35:34.392+0800][250.881s][info][gc,heap     ] GC(517) Humongous regions: 39->9
[2026-03-19T11:35:34.392+0800][250.881s][info][gc,metaspace] GC(517) Metaspace: 22908K(23168K)->22908K(23168K) NonClass: 20297K(20416K)->20297K(20416K) Class: 2610K(2752K)->2610K(2752K)
[2026-03-19T11:35:34.392+0800][250.881s][info][gc          ] GC(517) Pause Young (Concurrent Start) (G1 Humongous Allocation) 70M->27M(128M) 3.191ms
[2026-03-19T11:35:34.392+0800][250.881s][info][gc,cpu      ] GC(517) User=0.00s Sys=0.00s Real=0.00s
[2026-03-19T11:35:34.392+0800][250.881s][info][gc          ] GC(518) Concurrent Undo Cycle
[2026-03-19T11:35:34.392+0800][250.881s][info][gc,marking  ] GC(518) Concurrent Cleanup for Next Mark
[2026-03-19T11:35:34.393+0800][250.882s][info][gc,marking  ] GC(518) Concurrent Cleanup for Next Mark 0.456ms
[2026-03-19T11:35:34.393+0800][250.882s][info][gc          ] GC(518) Concurrent Undo Cycle 0.773ms
[2026-03-19T11:35:35.335+0800][251.824s][info][gc,start    ] GC(519) Pause Young (Concurrent Start) (G1 Humongous Allocation)
[2026-03-19T11:35:35.335+0800][251.825s][info][gc,task     ] GC(519) Using 3 workers of 13 for evacuation
[2026-03-19T11:35:35.339+0800][251.829s][info][gc,phases   ] GC(519)   Pre Evacuate Collection Set: 0.4ms
[2026-03-19T11:35:35.340+0800][251.830s][info][gc,phases   ] GC(519)   Merge Heap Roots: 0.4ms
[2026-03-19T11:35:35.340+0800][251.830s][info][gc,phases   ] GC(519)   Evacuate Collection Set: 2.8ms
[2026-03-19T11:35:35.340+0800][251.830s][info][gc,phases   ] GC(519)   Post Evacuate Collection Set: 1.1ms
[2026-03-19T11:35:35.340+0800][251.830s][info][gc,phases   ] GC(519)   Other: 0.6ms
[2026-03-19T11:35:35.340+0800][251.830s][info][gc,heap     ] GC(519) Eden regions: 13->0(74)
[2026-03-19T11:35:35.340+0800][251.830s][info][gc,heap     ] GC(519) Survivor regions: 2->2(10)
[2026-03-19T11:35:35.340+0800][251.830s][info][gc,heap     ] GC(519) Old regions: 18->18
[2026-03-19T11:35:35.340+0800][251.830s][info][gc,heap     ] GC(519) Archive regions: 0->0
[2026-03-19T11:35:35.340+0800][251.830s][info][gc,heap     ] GC(519) Humongous regions: 39->9
[2026-03-19T11:35:35.340+0800][251.830s][info][gc,metaspace] GC(519) Metaspace: 22908K(23168K)->22908K(23168K) NonClass: 20297K(20416K)->20297K(20416K) Class: 2610K(2752K)->2610K(2752K)
[2026-03-19T11:35:35.340+0800][251.830s][info][gc          ] GC(519) Pause Young (Concurrent Start) (G1 Humongous Allocation) 70M->27M(128M) 5.694ms
[2026-03-19T11:35:35.340+0800][251.830s][info][gc,cpu      ] GC(519) User=0.00s Sys=0.02s Real=0.00s
[2026-03-19T11:35:35.340+0800][251.830s][info][gc          ] GC(520) Concurrent Undo Cycle
[2026-03-19T11:35:35.340+0800][251.830s][info][gc,marking  ] GC(520) Concurrent Cleanup for Next Mark
[2026-03-19T11:35:35.341+0800][251.831s][info][gc,marking  ] GC(520) Concurrent Cleanup for Next Mark 0.551ms
[2026-03-19T11:35:35.341+0800][251.831s][info][gc          ] GC(520) Concurrent Undo Cycle 0.864ms
[2026-03-19T11:35:36.286+0800][252.776s][info][gc,start    ] GC(521) Pause Young (Concurrent Start) (G1 Humongous Allocation)
[2026-03-19T11:35:36.287+0800][252.776s][info][gc,task     ] GC(521) Using 3 workers of 13 for evacuation
[2026-03-19T11:35:36.293+0800][252.783s][info][gc,phases   ] GC(521)   Pre Evacuate Collection Set: 0.6ms
[2026-03-19T11:35:36.294+0800][252.783s][info][gc,phases   ] GC(521)   Merge Heap Roots: 0.6ms
[2026-03-19T11:35:36.294+0800][252.784s][info][gc,phases   ] GC(521)   Evacuate Collection Set: 2.4ms
[2026-03-19T11:35:36.295+0800][252.784s][info][gc,phases   ] GC(521)   Post Evacuate Collection Set: 1.9ms
[2026-03-19T11:35:36.295+0800][252.785s][info][gc,phases   ] GC(521)   Other: 1.5ms
[2026-03-19T11:35:36.295+0800][252.785s][info][gc,heap     ] GC(521) Eden regions: 12->0(74)
[2026-03-19T11:35:36.296+0800][252.785s][info][gc,heap     ] GC(521) Survivor regions: 2->2(10)
[2026-03-19T11:35:36.296+0800][252.785s][info][gc,heap     ] GC(521) Old regions: 18->18
[2026-03-19T11:35:36.296+0800][252.786s][info][gc,heap     ] GC(521) Archive regions: 0->0
[2026-03-19T11:35:36.297+0800][252.786s][info][gc,heap     ] GC(521) Humongous regions: 39->9
[2026-03-19T11:35:36.297+0800][252.787s][info][gc,metaspace] GC(521) Metaspace: 22908K(23168K)->22908K(23168K) NonClass: 20297K(20416K)->20297K(20416K) Class: 2610K(2752K)->2610K(2752K)
[2026-03-19T11:35:36.298+0800][252.787s][info][gc          ] GC(521) Pause Young (Concurrent Start) (G1 Humongous Allocation) 69M->27M(128M) 11.179ms
[2026-03-19T11:35:36.298+0800][252.787s][info][gc,cpu      ] GC(521) User=0.00s Sys=0.00s Real=0.01s
[2026-03-19T11:35:36.299+0800][252.788s][info][gc          ] GC(522) Concurrent Undo Cycle
[2026-03-19T11:35:36.299+0800][252.788s][info][gc,marking  ] GC(522) Concurrent Cleanup for Next Mark
[2026-03-19T11:35:36.301+0800][252.790s][info][gc,marking  ] GC(522) Concurrent Cleanup for Next Mark 1.262ms
[2026-03-19T11:35:36.301+0800][252.790s][info][gc          ] GC(522) Concurrent Undo Cycle 2.108ms
[2026-03-19T11:35:37.260+0800][253.750s][info][gc,start    ] GC(523) Pause Young (Concurrent Start) (G1 Humongous Allocation)
[2026-03-19T11:35:37.260+0800][253.750s][info][gc,task     ] GC(523) Using 3 workers of 13 for evacuation
[2026-03-19T11:35:37.264+0800][253.754s][info][gc,phases   ] GC(523)   Pre Evacuate Collection Set: 0.3ms
[2026-03-19T11:35:37.264+0800][253.754s][info][gc,phases   ] GC(523)   Merge Heap Roots: 0.2ms
[2026-03-19T11:35:37.265+0800][253.754s][info][gc,phases   ] GC(523)   Evacuate Collection Set: 1.5ms
[2026-03-19T11:35:37.265+0800][253.755s][info][gc,phases   ] GC(523)   Post Evacuate Collection Set: 1.1ms
[2026-03-19T11:35:37.265+0800][253.755s][info][gc,phases   ] GC(523)   Other: 0.7ms
[2026-03-19T11:35:37.265+0800][253.755s][info][gc,heap     ] GC(523) Eden regions: 13->0(74)
[2026-03-19T11:35:37.265+0800][253.755s][info][gc,heap     ] GC(523) Survivor regions: 2->2(10)
[2026-03-19T11:35:37.265+0800][253.755s][info][gc,heap     ] GC(523) Old regions: 18->18
[2026-03-19T11:35:37.265+0800][253.755s][info][gc,heap     ] GC(523) Archive regions: 0->0
[2026-03-19T11:35:37.265+0800][253.755s][info][gc,heap     ] GC(523) Humongous regions: 39->9
[2026-03-19T11:35:37.265+0800][253.755s][info][gc,metaspace] GC(523) Metaspace: 22908K(23168K)->22908K(23168K) NonClass: 20297K(20416K)->20297K(20416K) Class: 2610K(2752K)->2610K(2752K)
[2026-03-19T11:35:37.266+0800][253.755s][info][gc          ] GC(523) Pause Young (Concurrent Start) (G1 Humongous Allocation) 69M->27M(128M) 5.580ms
[2026-03-19T11:35:37.266+0800][253.756s][info][gc,cpu      ] GC(523) User=0.03s Sys=0.02s Real=0.01s
[2026-03-19T11:35:37.266+0800][253.756s][info][gc          ] GC(524) Concurrent Undo Cycle
[2026-03-19T11:35:37.266+0800][253.756s][info][gc,marking  ] GC(524) Concurrent Cleanup for Next Mark
[2026-03-19T11:35:37.267+0800][253.757s][info][gc,marking  ] GC(524) Concurrent Cleanup for Next Mark 0.723ms
[2026-03-19T11:35:37.267+0800][253.757s][info][gc          ] GC(524) Concurrent Undo Cycle 1.595ms
[2026-03-19T11:35:38.217+0800][254.708s][info][gc,start    ] GC(525) Pause Young (Concurrent Start) (G1 Humongous Allocation)
[2026-03-19T11:35:38.217+0800][254.708s][info][gc,task     ] GC(525) Using 3 workers of 13 for evacuation
[2026-03-19T11:35:38.222+0800][254.712s][info][gc,phases   ] GC(525)   Pre Evacuate Collection Set: 0.3ms
[2026-03-19T11:35:38.223+0800][254.712s][info][gc,phases   ] GC(525)   Merge Heap Roots: 0.2ms
[2026-03-19T11:35:38.223+0800][254.713s][info][gc,phases   ] GC(525)   Evacuate Collection Set: 1.0ms
[2026-03-19T11:35:38.223+0800][254.713s][info][gc,phases   ] GC(525)   Post Evacuate Collection Set: 2.2ms
[2026-03-19T11:35:38.223+0800][254.713s][info][gc,phases   ] GC(525)   Other: 0.4ms
[2026-03-19T11:35:38.223+0800][254.713s][info][gc,heap     ] GC(525) Eden regions: 13->0(74)
[2026-03-19T11:35:38.223+0800][254.713s][info][gc,heap     ] GC(525) Survivor regions: 2->2(10)
[2026-03-19T11:35:38.223+0800][254.713s][info][gc,heap     ] GC(525) Old regions: 18->18
[2026-03-19T11:35:38.223+0800][254.713s][info][gc,heap     ] GC(525) Archive regions: 0->0
[2026-03-19T11:35:38.223+0800][254.713s][info][gc,heap     ] GC(525) Humongous regions: 39->9
[2026-03-19T11:35:38.223+0800][254.713s][info][gc,metaspace] GC(525) Metaspace: 22908K(23168K)->22908K(23168K) NonClass: 20297K(20416K)->20297K(20416K) Class: 2610K(2752K)->2610K(2752K)
[2026-03-19T11:35:38.223+0800][254.713s][info][gc          ] GC(525) Pause Young (Concurrent Start) (G1 Humongous Allocation) 70M->27M(128M) 5.604ms
[2026-03-19T11:35:38.224+0800][254.713s][info][gc,cpu      ] GC(525) User=0.00s Sys=0.00s Real=0.01s
[2026-03-19T11:35:38.224+0800][254.714s][info][gc          ] GC(526) Concurrent Undo Cycle
[2026-03-19T11:35:38.224+0800][254.714s][info][gc,marking  ] GC(526) Concurrent Cleanup for Next Mark
[2026-03-19T11:35:38.225+0800][254.715s][info][gc,marking  ] GC(526) Concurrent Cleanup for Next Mark 1.182ms
[2026-03-19T11:35:38.226+0800][254.716s][info][gc          ] GC(526) Concurrent Undo Cycle 1.962ms
[2026-03-19T11:35:39.187+0800][255.676s][info][gc,start    ] GC(527) Pause Young (Concurrent Start) (G1 Humongous Allocation)
[2026-03-19T11:35:39.187+0800][255.677s][info][gc,task     ] GC(527) Using 3 workers of 13 for evacuation
[2026-03-19T11:35:39.192+0800][255.682s][info][gc,phases   ] GC(527)   Pre Evacuate Collection Set: 0.6ms
[2026-03-19T11:35:39.193+0800][255.682s][info][gc,phases   ] GC(527)   Merge Heap Roots: 0.5ms
[2026-03-19T11:35:39.193+0800][255.683s][info][gc,phases   ] GC(527)   Evacuate Collection Set: 1.7ms
[2026-03-19T11:35:39.193+0800][255.683s][info][gc,phases   ] GC(527)   Post Evacuate Collection Set: 1.8ms
[2026-03-19T11:35:39.193+0800][255.683s][info][gc,phases   ] GC(527)   Other: 1.4ms
[2026-03-19T11:35:39.193+0800][255.683s][info][gc,heap     ] GC(527) Eden regions: 13->0(74)
[2026-03-19T11:35:39.193+0800][255.683s][info][gc,heap     ] GC(527) Survivor regions: 2->2(10)
[2026-03-19T11:35:39.193+0800][255.683s][info][gc,heap     ] GC(527) Old regions: 18->18
[2026-03-19T11:35:39.193+0800][255.683s][info][gc,heap     ] GC(527) Archive regions: 0->0
[2026-03-19T11:35:39.193+0800][255.683s][info][gc,heap     ] GC(527) Humongous regions: 39->9
[2026-03-19T11:35:39.194+0800][255.683s][info][gc,metaspace] GC(527) Metaspace: 22908K(23168K)->22908K(23168K) NonClass: 20297K(20416K)->20297K(20416K) Class: 2610K(2752K)->2610K(2752K)
[2026-03-19T11:35:39.194+0800][255.683s][info][gc          ] GC(527) Pause Young (Concurrent Start) (G1 Humongous Allocation) 70M->27M(128M) 7.379ms
[2026-03-19T11:35:39.194+0800][255.684s][info][gc,cpu      ] GC(527) User=0.00s Sys=0.00s Real=0.01s
[2026-03-19T11:35:39.194+0800][255.684s][info][gc          ] GC(528) Concurrent Undo Cycle
[2026-03-19T11:35:39.194+0800][255.684s][info][gc,marking  ] GC(528) Concurrent Cleanup for Next Mark
[2026-03-19T11:35:39.195+0800][255.685s][info][gc,marking  ] GC(528) Concurrent Cleanup for Next Mark 0.650ms
[2026-03-19T11:35:39.195+0800][255.685s][info][gc          ] GC(528) Concurrent Undo Cycle 1.152ms
[2026-03-19T11:35:40.139+0800][256.628s][info][gc,start    ] GC(529) Pause Young (Concurrent Start) (G1 Humongous Allocation)
[2026-03-19T11:35:40.139+0800][256.628s][info][gc,task     ] GC(529) Using 3 workers of 13 for evacuation
[2026-03-19T11:35:40.141+0800][256.630s][info][gc,phases   ] GC(529)   Pre Evacuate Collection Set: 0.2ms
[2026-03-19T11:35:40.141+0800][256.630s][info][gc,phases   ] GC(529)   Merge Heap Roots: 0.1ms
[2026-03-19T11:35:40.141+0800][256.631s][info][gc,phases   ] GC(529)   Evacuate Collection Set: 0.9ms
[2026-03-19T11:35:40.141+0800][256.631s][info][gc,phases   ] GC(529)   Post Evacuate Collection Set: 0.6ms
[2026-03-19T11:35:40.141+0800][256.631s][info][gc,phases   ] GC(529)   Other: 0.5ms
[2026-03-19T11:35:40.141+0800][256.631s][info][gc,heap     ] GC(529) Eden regions: 13->0(74)
[2026-03-19T11:35:40.141+0800][256.631s][info][gc,heap     ] GC(529) Survivor regions: 2->2(10)
[2026-03-19T11:35:40.141+0800][256.631s][info][gc,heap     ] GC(529) Old regions: 18->18
[2026-03-19T11:35:40.141+0800][256.631s][info][gc,heap     ] GC(529) Archive regions: 0->0
[2026-03-19T11:35:40.141+0800][256.631s][info][gc,heap     ] GC(529) Humongous regions: 39->9
[2026-03-19T11:35:40.141+0800][256.631s][info][gc,metaspace] GC(529) Metaspace: 22908K(23168K)->22908K(23168K) NonClass: 20297K(20416K)->20297K(20416K) Class: 2610K(2752K)->2610K(2752K)
[2026-03-19T11:35:40.141+0800][256.631s][info][gc          ] GC(529) Pause Young (Concurrent Start) (G1 Humongous Allocation) 70M->27M(128M) 2.744ms
[2026-03-19T11:35:40.141+0800][256.631s][info][gc,cpu      ] GC(529) User=0.00s Sys=0.00s Real=0.00s
[2026-03-19T11:35:40.142+0800][256.631s][info][gc          ] GC(530) Concurrent Undo Cycle
[2026-03-19T11:35:40.142+0800][256.631s][info][gc,marking  ] GC(530) Concurrent Cleanup for Next Mark
[2026-03-19T11:35:40.142+0800][256.631s][info][gc,marking  ] GC(530) Concurrent Cleanup for Next Mark 0.336ms
[2026-03-19T11:35:40.142+0800][256.631s][info][gc          ] GC(530) Concurrent Undo Cycle 0.494ms
[2026-03-19T11:35:41.078+0800][257.567s][info][gc,start    ] GC(531) Pause Young (Concurrent Start) (G1 Humongous Allocation)
[2026-03-19T11:35:41.078+0800][257.568s][info][gc,task     ] GC(531) Using 3 workers of 13 for evacuation
[2026-03-19T11:35:41.080+0800][257.570s][info][gc,phases   ] GC(531)   Pre Evacuate Collection Set: 0.3ms
[2026-03-19T11:35:41.080+0800][257.570s][info][gc,phases   ] GC(531)   Merge Heap Roots: 0.2ms
[2026-03-19T11:35:41.080+0800][257.571s][info][gc,phases   ] GC(531)   Evacuate Collection Set: 1.1ms
[2026-03-19T11:35:41.080+0800][257.571s][info][gc,phases   ] GC(531)   Post Evacuate Collection Set: 0.8ms
[2026-03-19T11:35:41.081+0800][257.571s][info][gc,phases   ] GC(531)   Other: 0.6ms
[2026-03-19T11:35:41.081+0800][257.571s][info][gc,heap     ] GC(531) Eden regions: 14->0(74)
[2026-03-19T11:35:41.081+0800][257.571s][info][gc,heap     ] GC(531) Survivor regions: 2->2(10)
[2026-03-19T11:35:41.081+0800][257.571s][info][gc,heap     ] GC(531) Old regions: 18->18
[2026-03-19T11:35:41.081+0800][257.571s][info][gc,heap     ] GC(531) Archive regions: 0->0
[2026-03-19T11:35:41.081+0800][257.571s][info][gc,heap     ] GC(531) Humongous regions: 39->9
[2026-03-19T11:35:41.081+0800][257.571s][info][gc,metaspace] GC(531) Metaspace: 22908K(23168K)->22908K(23168K) NonClass: 20297K(20416K)->20297K(20416K) Class: 2610K(2752K)->2610K(2752K)
[2026-03-19T11:35:41.081+0800][257.571s][info][gc          ] GC(531) Pause Young (Concurrent Start) (G1 Humongous Allocation) 71M->27M(128M) 3.772ms
[2026-03-19T11:35:41.081+0800][257.571s][info][gc,cpu      ] GC(531) User=0.00s Sys=0.00s Real=0.00s
[2026-03-19T11:35:41.081+0800][257.571s][info][gc          ] GC(532) Concurrent Undo Cycle
[2026-03-19T11:35:41.082+0800][257.572s][info][gc,marking  ] GC(532) Concurrent Cleanup for Next Mark
[2026-03-19T11:35:41.082+0800][257.572s][info][gc,marking  ] GC(532) Concurrent Cleanup for Next Mark 0.276ms
[2026-03-19T11:35:41.082+0800][257.572s][info][gc          ] GC(532) Concurrent Undo Cycle 0.499ms
[2026-03-19T11:35:42.007+0800][258.498s][info][gc,start    ] GC(533) Pause Young (Concurrent Start) (G1 Humongous Allocation)
[2026-03-19T11:35:42.007+0800][258.498s][info][gc,task     ] GC(533) Using 3 workers of 13 for evacuation
[2026-03-19T11:35:42.011+0800][258.500s][info][gc,phases   ] GC(533)   Pre Evacuate Collection Set: 0.3ms
[2026-03-19T11:35:42.011+0800][258.500s][info][gc,phases   ] GC(533)   Merge Heap Roots: 0.2ms
[2026-03-19T11:35:42.011+0800][258.500s][info][gc,phases   ] GC(533)   Evacuate Collection Set: 0.7ms
[2026-03-19T11:35:42.011+0800][258.500s][info][gc,phases   ] GC(533)   Post Evacuate Collection Set: 0.8ms
[2026-03-19T11:35:42.011+0800][258.500s][info][gc,phases   ] GC(533)   Other: 0.5ms
[2026-03-19T11:35:42.011+0800][258.500s][info][gc,heap     ] GC(533) Eden regions: 13->0(74)
[2026-03-19T11:35:42.011+0800][258.500s][info][gc,heap     ] GC(533) Survivor regions: 2->2(10)
[2026-03-19T11:35:42.011+0800][258.500s][info][gc,heap     ] GC(533) Old regions: 18->18
[2026-03-19T11:35:42.011+0800][258.500s][info][gc,heap     ] GC(533) Archive regions: 0->0
[2026-03-19T11:35:42.011+0800][258.500s][info][gc,heap     ] GC(533) Humongous regions: 39->9
[2026-03-19T11:35:42.011+0800][258.500s][info][gc,metaspace] GC(533) Metaspace: 22908K(23168K)->22908K(23168K) NonClass: 20297K(20416K)->20297K(20416K) Class: 2610K(2752K)->2610K(2752K)
[2026-03-19T11:35:42.011+0800][258.501s][info][gc          ] GC(533) Pause Young (Concurrent Start) (G1 Humongous Allocation) 70M->27M(128M) 3.001ms
[2026-03-19T11:35:42.011+0800][258.501s][info][gc,cpu      ] GC(533) User=0.00s Sys=0.00s Real=0.00s
[2026-03-19T11:35:42.012+0800][258.501s][info][gc          ] GC(534) Concurrent Undo Cycle
[2026-03-19T11:35:42.012+0800][258.501s][info][gc,marking  ] GC(534) Concurrent Cleanup for Next Mark
[2026-03-19T11:35:42.012+0800][258.501s][info][gc,marking  ] GC(534) Concurrent Cleanup for Next Mark 0.318ms
[2026-03-19T11:35:42.012+0800][258.501s][info][gc          ] GC(534) Concurrent Undo Cycle 0.550ms
[2026-03-19T11:35:42.959+0800][259.448s][info][gc,start    ] GC(535) Pause Young (Concurrent Start) (G1 Humongous Allocation)
[2026-03-19T11:35:42.959+0800][259.449s][info][gc,task     ] GC(535) Using 3 workers of 13 for evacuation
[2026-03-19T11:35:42.961+0800][259.451s][info][gc,phases   ] GC(535)   Pre Evacuate Collection Set: 0.3ms
[2026-03-19T11:35:42.961+0800][259.451s][info][gc,phases   ] GC(535)   Merge Heap Roots: 0.1ms
[2026-03-19T11:35:42.961+0800][259.451s][info][gc,phases   ] GC(535)   Evacuate Collection Set: 0.8ms
[2026-03-19T11:35:42.961+0800][259.451s][info][gc,phases   ] GC(535)   Post Evacuate Collection Set: 0.7ms
[2026-03-19T11:35:42.961+0800][259.451s][info][gc,phases   ] GC(535)   Other: 0.7ms
[2026-03-19T11:35:42.961+0800][259.451s][info][gc,heap     ] GC(535) Eden regions: 12->0(74)
[2026-03-19T11:35:42.961+0800][259.451s][info][gc,heap     ] GC(535) Survivor regions: 2->2(10)
[2026-03-19T11:35:42.961+0800][259.451s][info][gc,heap     ] GC(535) Old regions: 18->18
[2026-03-19T11:35:42.961+0800][259.451s][info][gc,heap     ] GC(535) Archive regions: 0->0
[2026-03-19T11:35:42.961+0800][259.451s][info][gc,heap     ] GC(535) Humongous regions: 39->9
[2026-03-19T11:35:42.961+0800][259.451s][info][gc,metaspace] GC(535) Metaspace: 22908K(23168K)->22908K(23168K) NonClass: 20297K(20416K)->20297K(20416K) Class: 2610K(2752K)->2610K(2752K)
[2026-03-19T11:35:42.962+0800][259.452s][info][gc          ] GC(535) Pause Young (Concurrent Start) (G1 Humongous Allocation) 69M->27M(128M) 3.565ms
[2026-03-19T11:35:42.962+0800][259.452s][info][gc,cpu      ] GC(535) User=0.00s Sys=0.00s Real=0.00s
[2026-03-19T11:35:42.962+0800][259.452s][info][gc          ] GC(536) Concurrent Undo Cycle
[2026-03-19T11:35:42.962+0800][259.452s][info][gc,marking  ] GC(536) Concurrent Cleanup for Next Mark
[2026-03-19T11:35:42.963+0800][259.453s][info][gc,marking  ] GC(536) Concurrent Cleanup for Next Mark 0.325ms
[2026-03-19T11:35:42.963+0800][259.453s][info][gc          ] GC(536) Concurrent Undo Cycle 0.600ms
[2026-03-19T11:35:43.900+0800][260.389s][info][gc,start    ] GC(537) Pause Young (Concurrent Start) (G1 Humongous Allocation)
[2026-03-19T11:35:43.900+0800][260.390s][info][gc,task     ] GC(537) Using 3 workers of 13 for evacuation
[2026-03-19T11:35:43.903+0800][260.392s][info][gc,phases   ] GC(537)   Pre Evacuate Collection Set: 0.2ms
[2026-03-19T11:35:43.903+0800][260.392s][info][gc,phases   ] GC(537)   Merge Heap Roots: 0.2ms
[2026-03-19T11:35:43.903+0800][260.392s][info][gc,phases   ] GC(537)   Evacuate Collection Set: 0.9ms
[2026-03-19T11:35:43.903+0800][260.392s][info][gc,phases   ] GC(537)   Post Evacuate Collection Set: 0.9ms
[2026-03-19T11:35:43.903+0800][260.393s][info][gc,phases   ] GC(537)   Other: 0.6ms
[2026-03-19T11:35:43.903+0800][260.393s][info][gc,heap     ] GC(537) Eden regions: 13->0(74)
[2026-03-19T11:35:43.903+0800][260.393s][info][gc,heap     ] GC(537) Survivor regions: 2->2(10)
[2026-03-19T11:35:43.903+0800][260.393s][info][gc,heap     ] GC(537) Old regions: 18->18
[2026-03-19T11:35:43.904+0800][260.393s][info][gc,heap     ] GC(537) Archive regions: 0->0
[2026-03-19T11:35:43.904+0800][260.393s][info][gc,heap     ] GC(537) Humongous regions: 39->9
[2026-03-19T11:35:43.904+0800][260.393s][info][gc,metaspace] GC(537) Metaspace: 22908K(23168K)->22908K(23168K) NonClass: 20297K(20416K)->20297K(20416K) Class: 2610K(2752K)->2610K(2752K)
[2026-03-19T11:35:43.904+0800][260.393s][info][gc          ] GC(537) Pause Young (Concurrent Start) (G1 Humongous Allocation) 70M->27M(128M) 3.685ms
[2026-03-19T11:35:43.904+0800][260.393s][info][gc,cpu      ] GC(537) User=0.00s Sys=0.02s Real=0.00s
[2026-03-19T11:35:43.904+0800][260.393s][info][gc          ] GC(538) Concurrent Undo Cycle
[2026-03-19T11:35:43.904+0800][260.394s][info][gc,marking  ] GC(538) Concurrent Cleanup for Next Mark
[2026-03-19T11:35:43.905+0800][260.394s][info][gc,marking  ] GC(538) Concurrent Cleanup for Next Mark 0.495ms
[2026-03-19T11:35:43.905+0800][260.394s][info][gc          ] GC(538) Concurrent Undo Cycle 0.863ms
[2026-03-19T11:35:44.852+0800][261.341s][info][gc,start    ] GC(539) Pause Young (Concurrent Start) (G1 Humongous Allocation)
[2026-03-19T11:35:44.852+0800][261.341s][info][gc,task     ] GC(539) Using 3 workers of 13 for evacuation
[2026-03-19T11:35:44.854+0800][261.343s][info][gc,phases   ] GC(539)   Pre Evacuate Collection Set: 0.2ms
[2026-03-19T11:35:44.854+0800][261.343s][info][gc,phases   ] GC(539)   Merge Heap Roots: 0.1ms
[2026-03-19T11:35:44.854+0800][261.343s][info][gc,phases   ] GC(539)   Evacuate Collection Set: 0.6ms
[2026-03-19T11:35:44.854+0800][261.343s][info][gc,phases   ] GC(539)   Post Evacuate Collection Set: 0.7ms
[2026-03-19T11:35:44.854+0800][261.343s][info][gc,phases   ] GC(539)   Other: 0.2ms
[2026-03-19T11:35:44.854+0800][261.343s][info][gc,heap     ] GC(539) Eden regions: 13->0(74)
[2026-03-19T11:35:44.854+0800][261.343s][info][gc,heap     ] GC(539) Survivor regions: 2->2(10)
[2026-03-19T11:35:44.854+0800][261.343s][info][gc,heap     ] GC(539) Old regions: 18->18
[2026-03-19T11:35:44.854+0800][261.343s][info][gc,heap     ] GC(539) Archive regions: 0->0
[2026-03-19T11:35:44.854+0800][261.343s][info][gc,heap     ] GC(539) Humongous regions: 39->9
[2026-03-19T11:35:44.854+0800][261.343s][info][gc,metaspace] GC(539) Metaspace: 22908K(23168K)->22908K(23168K) NonClass: 20297K(20416K)->20297K(20416K) Class: 2610K(2752K)->2610K(2752K)
[2026-03-19T11:35:44.854+0800][261.344s][info][gc          ] GC(539) Pause Young (Concurrent Start) (G1 Humongous Allocation) 70M->27M(128M) 2.228ms
[2026-03-19T11:35:44.854+0800][261.344s][info][gc,cpu      ] GC(539) User=0.00s Sys=0.00s Real=0.00s
[2026-03-19T11:35:44.854+0800][261.344s][info][gc          ] GC(540) Concurrent Undo Cycle
[2026-03-19T11:35:44.855+0800][261.344s][info][gc,marking  ] GC(540) Concurrent Cleanup for Next Mark
[2026-03-19T11:35:44.855+0800][261.344s][info][gc,marking  ] GC(540) Concurrent Cleanup for Next Mark 0.330ms
[2026-03-19T11:35:44.855+0800][261.344s][info][gc          ] GC(540) Concurrent Undo Cycle 0.497ms
[2026-03-19T11:35:45.788+0800][262.277s][info][gc,start    ] GC(541) Pause Young (Concurrent Start) (G1 Humongous Allocation)
[2026-03-19T11:35:45.788+0800][262.277s][info][gc,task     ] GC(541) Using 3 workers of 13 for evacuation
[2026-03-19T11:35:45.789+0800][262.279s][info][gc,phases   ] GC(541)   Pre Evacuate Collection Set: 0.2ms
[2026-03-19T11:35:45.789+0800][262.279s][info][gc,phases   ] GC(541)   Merge Heap Roots: 0.2ms
[2026-03-19T11:35:45.789+0800][262.279s][info][gc,phases   ] GC(541)   Evacuate Collection Set: 0.6ms
[2026-03-19T11:35:45.790+0800][262.279s][info][gc,phases   ] GC(541)   Post Evacuate Collection Set: 0.7ms
[2026-03-19T11:35:45.790+0800][262.279s][info][gc,phases   ] GC(541)   Other: 0.6ms
[2026-03-19T11:35:45.790+0800][262.279s][info][gc,heap     ] GC(541) Eden regions: 13->0(74)
[2026-03-19T11:35:45.790+0800][262.280s][info][gc,heap     ] GC(541) Survivor regions: 2->2(10)
[2026-03-19T11:35:45.790+0800][262.280s][info][gc,heap     ] GC(541) Old regions: 18->18
[2026-03-19T11:35:45.790+0800][262.280s][info][gc,heap     ] GC(541) Archive regions: 0->0
[2026-03-19T11:35:45.790+0800][262.280s][info][gc,heap     ] GC(541) Humongous regions: 39->9
[2026-03-19T11:35:45.790+0800][262.280s][info][gc,metaspace] GC(541) Metaspace: 22908K(23168K)->22908K(23168K) NonClass: 20297K(20416K)->20297K(20416K) Class: 2610K(2752K)->2610K(2752K)
[2026-03-19T11:35:45.790+0800][262.280s][info][gc          ] GC(541) Pause Young (Concurrent Start) (G1 Humongous Allocation) 70M->27M(128M) 2.790ms
[2026-03-19T11:35:45.790+0800][262.280s][info][gc,cpu      ] GC(541) User=0.00s Sys=0.00s Real=0.00s
[2026-03-19T11:35:45.790+0800][262.280s][info][gc          ] GC(542) Concurrent Undo Cycle
[2026-03-19T11:35:45.790+0800][262.280s][info][gc,marking  ] GC(542) Concurrent Cleanup for Next Mark
[2026-03-19T11:35:45.790+0800][262.280s][info][gc,marking  ] GC(542) Concurrent Cleanup for Next Mark 0.317ms
[2026-03-19T11:35:45.791+0800][262.281s][info][gc          ] GC(542) Concurrent Undo Cycle 0.568ms
[2026-03-19T11:35:46.724+0800][263.213s][info][gc,start    ] GC(543) Pause Young (Concurrent Start) (G1 Humongous Allocation)
[2026-03-19T11:35:46.724+0800][263.213s][info][gc,task     ] GC(543) Using 3 workers of 13 for evacuation
[2026-03-19T11:35:46.727+0800][263.216s][info][gc,phases   ] GC(543)   Pre Evacuate Collection Set: 0.3ms
[2026-03-19T11:35:46.727+0800][263.216s][info][gc,phases   ] GC(543)   Merge Heap Roots: 0.2ms
[2026-03-19T11:35:46.727+0800][263.216s][info][gc,phases   ] GC(543)   Evacuate Collection Set: 0.8ms
[2026-03-19T11:35:46.727+0800][263.216s][info][gc,phases   ] GC(543)   Post Evacuate Collection Set: 0.8ms
[2026-03-19T11:35:46.727+0800][263.216s][info][gc,phases   ] GC(543)   Other: 1.1ms
[2026-03-19T11:35:46.727+0800][263.216s][info][gc,heap     ] GC(543) Eden regions: 12->0(74)
[2026-03-19T11:35:46.727+0800][263.216s][info][gc,heap     ] GC(543) Survivor regions: 2->2(10)
[2026-03-19T11:35:46.727+0800][263.216s][info][gc,heap     ] GC(543) Old regions: 18->18
[2026-03-19T11:35:46.727+0800][263.216s][info][gc,heap     ] GC(543) Archive regions: 0->0
[2026-03-19T11:35:46.727+0800][263.216s][info][gc,heap     ] GC(543) Humongous regions: 39->9
[2026-03-19T11:35:46.727+0800][263.216s][info][gc,metaspace] GC(543) Metaspace: 22908K(23168K)->22908K(23168K) NonClass: 20297K(20416K)->20297K(20416K) Class: 2610K(2752K)->2610K(2752K)
[2026-03-19T11:35:46.727+0800][263.216s][info][gc          ] GC(543) Pause Young (Concurrent Start) (G1 Humongous Allocation) 69M->27M(128M) 3.584ms
[2026-03-19T11:35:46.727+0800][263.216s][info][gc,cpu      ] GC(543) User=0.00s Sys=0.00s Real=0.00s
[2026-03-19T11:35:46.727+0800][263.216s][info][gc          ] GC(544) Concurrent Undo Cycle
[2026-03-19T11:35:46.727+0800][263.217s][info][gc,marking  ] GC(544) Concurrent Cleanup for Next Mark
[2026-03-19T11:35:46.728+0800][263.217s][info][gc,marking  ] GC(544) Concurrent Cleanup for Next Mark 0.425ms
[2026-03-19T11:35:46.728+0800][263.217s][info][gc          ] GC(544) Concurrent Undo Cycle 0.733ms
[2026-03-19T11:35:47.665+0800][264.154s][info][gc,start    ] GC(545) Pause Young (Concurrent Start) (G1 Humongous Allocation)
[2026-03-19T11:35:47.665+0800][264.155s][info][gc,task     ] GC(545) Using 3 workers of 13 for evacuation
[2026-03-19T11:35:47.667+0800][264.157s][info][gc,phases   ] GC(545)   Pre Evacuate Collection Set: 0.2ms
[2026-03-19T11:35:47.667+0800][264.157s][info][gc,phases   ] GC(545)   Merge Heap Roots: 0.1ms
[2026-03-19T11:35:47.667+0800][264.157s][info][gc,phases   ] GC(545)   Evacuate Collection Set: 0.9ms
[2026-03-19T11:35:47.667+0800][264.157s][info][gc,phases   ] GC(545)   Post Evacuate Collection Set: 0.8ms
[2026-03-19T11:35:47.667+0800][264.157s][info][gc,phases   ] GC(545)   Other: 0.5ms
[2026-03-19T11:35:47.667+0800][264.157s][info][gc,heap     ] GC(545) Eden regions: 13->0(74)
[2026-03-19T11:35:47.667+0800][264.158s][info][gc,heap     ] GC(545) Survivor regions: 2->2(10)
[2026-03-19T11:35:47.667+0800][264.158s][info][gc,heap     ] GC(545) Old regions: 18->18
[2026-03-19T11:35:47.667+0800][264.158s][info][gc,heap     ] GC(545) Archive regions: 0->0
[2026-03-19T11:35:47.667+0800][264.158s][info][gc,heap     ] GC(545) Humongous regions: 39->9
[2026-03-19T11:35:47.669+0800][264.158s][info][gc,metaspace] GC(545) Metaspace: 22908K(23168K)->22908K(23168K) NonClass: 20297K(20416K)->20297K(20416K) Class: 2610K(2752K)->2610K(2752K)
[2026-03-19T11:35:47.669+0800][264.158s][info][gc          ] GC(545) Pause Young (Concurrent Start) (G1 Humongous Allocation) 70M->27M(128M) 3.415ms
[2026-03-19T11:35:47.669+0800][264.158s][info][gc,cpu      ] GC(545) User=0.00s Sys=0.00s Real=0.00s
[2026-03-19T11:35:47.669+0800][264.158s][info][gc          ] GC(546) Concurrent Undo Cycle
[2026-03-19T11:35:47.669+0800][264.158s][info][gc,marking  ] GC(546) Concurrent Cleanup for Next Mark
[2026-03-19T11:35:47.670+0800][264.159s][info][gc,marking  ] GC(546) Concurrent Cleanup for Next Mark 0.506ms
[2026-03-19T11:35:47.670+0800][264.159s][info][gc          ] GC(546) Concurrent Undo Cycle 0.941ms
[2026-03-19T11:35:48.605+0800][265.095s][info][gc,start    ] GC(547) Pause Young (Concurrent Start) (G1 Humongous Allocation)
[2026-03-19T11:35:48.605+0800][265.095s][info][gc,task     ] GC(547) Using 3 workers of 13 for evacuation
[2026-03-19T11:35:48.607+0800][265.097s][info][gc,phases   ] GC(547)   Pre Evacuate Collection Set: 0.3ms
[2026-03-19T11:35:48.607+0800][265.097s][info][gc,phases   ] GC(547)   Merge Heap Roots: 0.1ms
[2026-03-19T11:35:48.607+0800][265.098s][info][gc,phases   ] GC(547)   Evacuate Collection Set: 0.9ms
[2026-03-19T11:35:48.607+0800][265.098s][info][gc,phases   ] GC(547)   Post Evacuate Collection Set: 0.9ms
[2026-03-19T11:35:48.609+0800][265.098s][info][gc,phases   ] GC(547)   Other: 0.5ms
[2026-03-19T11:35:48.609+0800][265.098s][info][gc,heap     ] GC(547) Eden regions: 13->0(74)
[2026-03-19T11:35:48.609+0800][265.098s][info][gc,heap     ] GC(547) Survivor regions: 2->2(10)
[2026-03-19T11:35:48.609+0800][265.098s][info][gc,heap     ] GC(547) Old regions: 18->18
[2026-03-19T11:35:48.609+0800][265.098s][info][gc,heap     ] GC(547) Archive regions: 0->0
[2026-03-19T11:35:48.609+0800][265.098s][info][gc,heap     ] GC(547) Humongous regions: 39->9
[2026-03-19T11:35:48.609+0800][265.098s][info][gc,metaspace] GC(547) Metaspace: 22908K(23168K)->22908K(23168K) NonClass: 20297K(20416K)->20297K(20416K) Class: 2610K(2752K)->2610K(2752K)
[2026-03-19T11:35:48.609+0800][265.098s][info][gc          ] GC(547) Pause Young (Concurrent Start) (G1 Humongous Allocation) 70M->27M(128M) 3.883ms
[2026-03-19T11:35:48.609+0800][265.099s][info][gc,cpu      ] GC(547) User=0.00s Sys=0.02s Real=0.00s
[2026-03-19T11:35:48.609+0800][265.099s][info][gc          ] GC(548) Concurrent Undo Cycle
[2026-03-19T11:35:48.610+0800][265.099s][info][gc,marking  ] GC(548) Concurrent Cleanup for Next Mark
[2026-03-19T11:35:48.610+0800][265.099s][info][gc,marking  ] GC(548) Concurrent Cleanup for Next Mark 0.416ms
[2026-03-19T11:35:48.610+0800][265.100s][info][gc          ] GC(548) Concurrent Undo Cycle 0.882ms
[2026-03-19T11:35:49.544+0800][266.033s][info][gc,start    ] GC(549) Pause Young (Concurrent Start) (G1 Humongous Allocation)
[2026-03-19T11:35:49.544+0800][266.033s][info][gc,task     ] GC(549) Using 3 workers of 13 for evacuation
[2026-03-19T11:35:49.546+0800][266.036s][info][gc,phases   ] GC(549)   Pre Evacuate Collection Set: 0.2ms
[2026-03-19T11:35:49.547+0800][266.036s][info][gc,phases   ] GC(549)   Merge Heap Roots: 0.3ms
[2026-03-19T11:35:49.547+0800][266.037s][info][gc,phases   ] GC(549)   Evacuate Collection Set: 1.0ms
[2026-03-19T11:35:49.547+0800][266.037s][info][gc,phases   ] GC(549)   Post Evacuate Collection Set: 1.1ms
[2026-03-19T11:35:49.547+0800][266.037s][info][gc,phases   ] GC(549)   Other: 0.6ms
[2026-03-19T11:35:49.547+0800][266.037s][info][gc,heap     ] GC(549) Eden regions: 13->0(74)
[2026-03-19T11:35:49.547+0800][266.037s][info][gc,heap     ] GC(549) Survivor regions: 2->2(10)
[2026-03-19T11:35:49.547+0800][266.037s][info][gc,heap     ] GC(549) Old regions: 18->18
[2026-03-19T11:35:49.547+0800][266.037s][info][gc,heap     ] GC(549) Archive regions: 0->0
[2026-03-19T11:35:49.547+0800][266.037s][info][gc,heap     ] GC(549) Humongous regions: 39->9
[2026-03-19T11:35:49.547+0800][266.037s][info][gc,metaspace] GC(549) Metaspace: 22908K(23168K)->22908K(23168K) NonClass: 20297K(20416K)->20297K(20416K) Class: 2610K(2752K)->2610K(2752K)
[2026-03-19T11:35:49.547+0800][266.037s][info][gc          ] GC(549) Pause Young (Concurrent Start) (G1 Humongous Allocation) 70M->27M(128M) 4.042ms
[2026-03-19T11:35:49.547+0800][266.037s][info][gc,cpu      ] GC(549) User=0.00s Sys=0.00s Real=0.00s
[2026-03-19T11:35:49.547+0800][266.037s][info][gc          ] GC(550) Concurrent Undo Cycle
[2026-03-19T11:35:49.547+0800][266.038s][info][gc,marking  ] GC(550) Concurrent Cleanup for Next Mark
[2026-03-19T11:35:49.549+0800][266.038s][info][gc,marking  ] GC(550) Concurrent Cleanup for Next Mark 0.522ms
[2026-03-19T11:35:49.549+0800][266.038s][info][gc          ] GC(550) Concurrent Undo Cycle 0.993ms
[2026-03-19T11:35:50.497+0800][266.986s][info][gc,start    ] GC(551) Pause Young (Concurrent Start) (G1 Humongous Allocation)
[2026-03-19T11:35:50.497+0800][266.986s][info][gc,task     ] GC(551) Using 3 workers of 13 for evacuation
[2026-03-19T11:35:50.499+0800][266.989s][info][gc,phases   ] GC(551)   Pre Evacuate Collection Set: 0.3ms
[2026-03-19T11:35:50.499+0800][266.989s][info][gc,phases   ] GC(551)   Merge Heap Roots: 0.1ms
[2026-03-19T11:35:50.500+0800][266.989s][info][gc,phases   ] GC(551)   Evacuate Collection Set: 1.2ms
[2026-03-19T11:35:50.500+0800][266.990s][info][gc,phases   ] GC(551)   Post Evacuate Collection Set: 1.1ms
[2026-03-19T11:35:50.500+0800][266.990s][info][gc,phases   ] GC(551)   Other: 0.5ms
[2026-03-19T11:35:50.500+0800][266.990s][info][gc,heap     ] GC(551) Eden regions: 12->0(74)
[2026-03-19T11:35:50.500+0800][266.990s][info][gc,heap     ] GC(551) Survivor regions: 2->2(10)
[2026-03-19T11:35:50.500+0800][266.990s][info][gc,heap     ] GC(551) Old regions: 18->18
[2026-03-19T11:35:50.500+0800][266.990s][info][gc,heap     ] GC(551) Archive regions: 0->0
[2026-03-19T11:35:50.500+0800][266.990s][info][gc,heap     ] GC(551) Humongous regions: 39->9
[2026-03-19T11:35:50.500+0800][266.990s][info][gc,metaspace] GC(551) Metaspace: 22908K(23168K)->22908K(23168K) NonClass: 20297K(20416K)->20297K(20416K) Class: 2610K(2752K)->2610K(2752K)
[2026-03-19T11:35:50.500+0800][266.990s][info][gc          ] GC(551) Pause Young (Concurrent Start) (G1 Humongous Allocation) 69M->27M(128M) 4.031ms
[2026-03-19T11:35:50.500+0800][266.990s][info][gc,cpu      ] GC(551) User=0.00s Sys=0.00s Real=0.00s
[2026-03-19T11:35:50.500+0800][266.990s][info][gc          ] GC(552) Concurrent Undo Cycle
[2026-03-19T11:35:50.501+0800][266.990s][info][gc,marking  ] GC(552) Concurrent Cleanup for Next Mark
[2026-03-19T11:35:50.501+0800][266.991s][info][gc,marking  ] GC(552) Concurrent Cleanup for Next Mark 0.437ms
[2026-03-19T11:35:50.501+0800][266.991s][info][gc          ] GC(552) Concurrent Undo Cycle 0.791ms
[2026-03-19T11:35:51.429+0800][267.918s][info][gc,start    ] GC(553) Pause Young (Concurrent Start) (G1 Humongous Allocation)
[2026-03-19T11:35:51.430+0800][267.919s][info][gc,task     ] GC(553) Using 3 workers of 13 for evacuation
[2026-03-19T11:35:51.432+0800][267.921s][info][gc,phases   ] GC(553)   Pre Evacuate Collection Set: 0.4ms
[2026-03-19T11:35:51.432+0800][267.921s][info][gc,phases   ] GC(553)   Merge Heap Roots: 0.1ms
[2026-03-19T11:35:51.432+0800][267.921s][info][gc,phases   ] GC(553)   Evacuate Collection Set: 0.7ms
[2026-03-19T11:35:51.432+0800][267.921s][info][gc,phases   ] GC(553)   Post Evacuate Collection Set: 0.7ms
[2026-03-19T11:35:51.432+0800][267.921s][info][gc,phases   ] GC(553)   Other: 0.6ms
[2026-03-19T11:35:51.432+0800][267.921s][info][gc,heap     ] GC(553) Eden regions: 12->0(74)
[2026-03-19T11:35:51.432+0800][267.921s][info][gc,heap     ] GC(553) Survivor regions: 2->2(10)
[2026-03-19T11:35:51.432+0800][267.921s][info][gc,heap     ] GC(553) Old regions: 18->18
[2026-03-19T11:35:51.432+0800][267.921s][info][gc,heap     ] GC(553) Archive regions: 0->0
[2026-03-19T11:35:51.432+0800][267.921s][info][gc,heap     ] GC(553) Humongous regions: 39->9
[2026-03-19T11:35:51.432+0800][267.921s][info][gc,metaspace] GC(553) Metaspace: 22908K(23168K)->22908K(23168K) NonClass: 20297K(20416K)->20297K(20416K) Class: 2610K(2752K)->2610K(2752K)
[2026-03-19T11:35:51.432+0800][267.921s][info][gc          ] GC(553) Pause Young (Concurrent Start) (G1 Humongous Allocation) 69M->27M(128M) 2.876ms
[2026-03-19T11:35:51.432+0800][267.921s][info][gc,cpu      ] GC(553) User=0.00s Sys=0.00s Real=0.00s
[2026-03-19T11:35:51.432+0800][267.921s][info][gc          ] GC(554) Concurrent Undo Cycle
[2026-03-19T11:35:51.432+0800][267.921s][info][gc,marking  ] GC(554) Concurrent Cleanup for Next Mark
[2026-03-19T11:35:51.433+0800][267.922s][info][gc,marking  ] GC(554) Concurrent Cleanup for Next Mark 0.291ms
[2026-03-19T11:35:51.433+0800][267.922s][info][gc          ] GC(554) Concurrent Undo Cycle 0.443ms
[2026-03-19T11:35:52.367+0800][268.857s][info][gc,start    ] GC(555) Pause Young (Concurrent Start) (G1 Humongous Allocation)
[2026-03-19T11:35:52.371+0800][268.860s][info][gc,task     ] GC(555) Using 3 workers of 13 for evacuation
[2026-03-19T11:35:52.374+0800][268.863s][info][gc,phases   ] GC(555)   Pre Evacuate Collection Set: 0.3ms
[2026-03-19T11:35:52.374+0800][268.863s][info][gc,phases   ] GC(555)   Merge Heap Roots: 0.2ms
[2026-03-19T11:35:52.374+0800][268.863s][info][gc,phases   ] GC(555)   Evacuate Collection Set: 0.9ms
[2026-03-19T11:35:52.374+0800][268.864s][info][gc,phases   ] GC(555)   Post Evacuate Collection Set: 0.8ms
[2026-03-19T11:35:52.374+0800][268.864s][info][gc,phases   ] GC(555)   Other: 4.3ms
[2026-03-19T11:35:52.374+0800][268.864s][info][gc,heap     ] GC(555) Eden regions: 13->0(74)
[2026-03-19T11:35:52.374+0800][268.864s][info][gc,heap     ] GC(555) Survivor regions: 2->2(10)
[2026-03-19T11:35:52.374+0800][268.864s][info][gc,heap     ] GC(555) Old regions: 18->18
[2026-03-19T11:35:52.374+0800][268.864s][info][gc,heap     ] GC(555) Archive regions: 0->0
[2026-03-19T11:35:52.374+0800][268.864s][info][gc,heap     ] GC(555) Humongous regions: 39->9
[2026-03-19T11:35:52.375+0800][268.864s][info][gc,metaspace] GC(555) Metaspace: 22908K(23168K)->22908K(23168K) NonClass: 20297K(20416K)->20297K(20416K) Class: 2610K(2752K)->2610K(2752K)
[2026-03-19T11:35:52.375+0800][268.864s][info][gc          ] GC(555) Pause Young (Concurrent Start) (G1 Humongous Allocation) 70M->27M(128M) 7.511ms
[2026-03-19T11:35:52.375+0800][268.864s][info][gc,cpu      ] GC(555) User=0.00s Sys=0.02s Real=0.01s
[2026-03-19T11:35:52.375+0800][268.865s][info][gc          ] GC(556) Concurrent Undo Cycle
[2026-03-19T11:35:52.375+0800][268.865s][info][gc,marking  ] GC(556) Concurrent Cleanup for Next Mark
[2026-03-19T11:35:52.376+0800][268.865s][info][gc,marking  ] GC(556) Concurrent Cleanup for Next Mark 0.484ms
[2026-03-19T11:35:52.376+0800][268.865s][info][gc          ] GC(556) Concurrent Undo Cycle 0.933ms
[2026-03-19T11:35:53.319+0800][269.809s][info][gc,start    ] GC(557) Pause Young (Concurrent Start) (G1 Humongous Allocation)
[2026-03-19T11:35:53.320+0800][269.809s][info][gc,task     ] GC(557) Using 3 workers of 13 for evacuation
[2026-03-19T11:35:53.322+0800][269.812s][info][gc,phases   ] GC(557)   Pre Evacuate Collection Set: 0.3ms
[2026-03-19T11:35:53.323+0800][269.812s][info][gc,phases   ] GC(557)   Merge Heap Roots: 0.1ms
[2026-03-19T11:35:53.323+0800][269.812s][info][gc,phases   ] GC(557)   Evacuate Collection Set: 0.9ms
[2026-03-19T11:35:53.323+0800][269.812s][info][gc,phases   ] GC(557)   Post Evacuate Collection Set: 1.0ms
[2026-03-19T11:35:53.323+0800][269.812s][info][gc,phases   ] GC(557)   Other: 0.7ms
[2026-03-19T11:35:53.323+0800][269.812s][info][gc,heap     ] GC(557) Eden regions: 13->0(74)
[2026-03-19T11:35:53.323+0800][269.812s][info][gc,heap     ] GC(557) Survivor regions: 2->2(10)
[2026-03-19T11:35:53.323+0800][269.812s][info][gc,heap     ] GC(557) Old regions: 18->18
[2026-03-19T11:35:53.323+0800][269.813s][info][gc,heap     ] GC(557) Archive regions: 0->0
[2026-03-19T11:35:53.323+0800][269.813s][info][gc,heap     ] GC(557) Humongous regions: 39->9
[2026-03-19T11:35:53.323+0800][269.813s][info][gc,metaspace] GC(557) Metaspace: 22908K(23168K)->22908K(23168K) NonClass: 20297K(20416K)->20297K(20416K) Class: 2610K(2752K)->2610K(2752K)
[2026-03-19T11:35:53.323+0800][269.813s][info][gc          ] GC(557) Pause Young (Concurrent Start) (G1 Humongous Allocation) 70M->27M(128M) 3.991ms
[2026-03-19T11:35:53.323+0800][269.813s][info][gc,cpu      ] GC(557) User=0.00s Sys=0.00s Real=0.00s
[2026-03-19T11:35:53.324+0800][269.813s][info][gc          ] GC(558) Concurrent Undo Cycle
[2026-03-19T11:35:53.324+0800][269.813s][info][gc,marking  ] GC(558) Concurrent Cleanup for Next Mark
[2026-03-19T11:35:53.324+0800][269.814s][info][gc,marking  ] GC(558) Concurrent Cleanup for Next Mark 0.460ms
[2026-03-19T11:35:53.324+0800][269.814s][info][gc          ] GC(558) Concurrent Undo Cycle 0.797ms
[2026-03-19T11:35:54.257+0800][270.747s][info][gc,start    ] GC(559) Pause Young (Concurrent Start) (G1 Humongous Allocation)
[2026-03-19T11:35:54.258+0800][270.747s][info][gc,task     ] GC(559) Using 3 workers of 13 for evacuation
[2026-03-19T11:35:54.259+0800][270.748s][info][gc,phases   ] GC(559)   Pre Evacuate Collection Set: 0.1ms
[2026-03-19T11:35:54.259+0800][270.749s][info][gc,phases   ] GC(559)   Merge Heap Roots: 0.1ms
[2026-03-19T11:35:54.259+0800][270.749s][info][gc,phases   ] GC(559)   Evacuate Collection Set: 0.6ms
[2026-03-19T11:35:54.260+0800][270.749s][info][gc,phases   ] GC(559)   Post Evacuate Collection Set: 0.7ms
[2026-03-19T11:35:54.260+0800][270.749s][info][gc,phases   ] GC(559)   Other: 0.5ms
[2026-03-19T11:35:54.260+0800][270.749s][info][gc,heap     ] GC(559) Eden regions: 13->0(74)
[2026-03-19T11:35:54.260+0800][270.749s][info][gc,heap     ] GC(559) Survivor regions: 2->2(10)
[2026-03-19T11:35:54.260+0800][270.749s][info][gc,heap     ] GC(559) Old regions: 18->18
[2026-03-19T11:35:54.260+0800][270.749s][info][gc,heap     ] GC(559) Archive regions: 0->0
[2026-03-19T11:35:54.260+0800][270.749s][info][gc,heap     ] GC(559) Humongous regions: 39->9
[2026-03-19T11:35:54.260+0800][270.749s][info][gc,metaspace] GC(559) Metaspace: 22908K(23168K)->22908K(23168K) NonClass: 20297K(20416K)->20297K(20416K) Class: 2610K(2752K)->2610K(2752K)
[2026-03-19T11:35:54.260+0800][270.749s][info][gc          ] GC(559) Pause Young (Concurrent Start) (G1 Humongous Allocation) 70M->27M(128M) 2.540ms
[2026-03-19T11:35:54.260+0800][270.749s][info][gc,cpu      ] GC(559) User=0.00s Sys=0.00s Real=0.00s
[2026-03-19T11:35:54.260+0800][270.749s][info][gc          ] GC(560) Concurrent Undo Cycle
[2026-03-19T11:35:54.260+0800][270.749s][info][gc,marking  ] GC(560) Concurrent Cleanup for Next Mark
[2026-03-19T11:35:54.260+0800][270.750s][info][gc,marking  ] GC(560) Concurrent Cleanup for Next Mark 0.300ms
[2026-03-19T11:35:54.261+0800][270.750s][info][gc          ] GC(560) Concurrent Undo Cycle 0.597ms
[2026-03-19T11:35:55.189+0800][271.679s][info][gc,start    ] GC(561) Pause Young (Concurrent Start) (G1 Humongous Allocation)
[2026-03-19T11:35:55.189+0800][271.679s][info][gc,task     ] GC(561) Using 3 workers of 13 for evacuation
[2026-03-19T11:35:55.192+0800][271.681s][info][gc,phases   ] GC(561)   Pre Evacuate Collection Set: 0.1ms
[2026-03-19T11:35:55.192+0800][271.681s][info][gc,phases   ] GC(561)   Merge Heap Roots: 0.2ms
[2026-03-19T11:35:55.192+0800][271.681s][info][gc,phases   ] GC(561)   Evacuate Collection Set: 0.7ms
[2026-03-19T11:35:55.192+0800][271.681s][info][gc,phases   ] GC(561)   Post Evacuate Collection Set: 0.7ms
[2026-03-19T11:35:55.192+0800][271.681s][info][gc,phases   ] GC(561)   Other: 0.3ms
[2026-03-19T11:35:55.192+0800][271.681s][info][gc,heap     ] GC(561) Eden regions: 12->0(74)
[2026-03-19T11:35:55.192+0800][271.681s][info][gc,heap     ] GC(561) Survivor regions: 2->2(10)
[2026-03-19T11:35:55.192+0800][271.682s][info][gc,heap     ] GC(561) Old regions: 18->18
[2026-03-19T11:35:55.192+0800][271.682s][info][gc,heap     ] GC(561) Archive regions: 0->0
[2026-03-19T11:35:55.192+0800][271.682s][info][gc,heap     ] GC(561) Humongous regions: 39->9
[2026-03-19T11:35:55.192+0800][271.682s][info][gc,metaspace] GC(561) Metaspace: 22908K(23168K)->22908K(23168K) NonClass: 20297K(20416K)->20297K(20416K) Class: 2610K(2752K)->2610K(2752K)
[2026-03-19T11:35:55.192+0800][271.682s][info][gc          ] GC(561) Pause Young (Concurrent Start) (G1 Humongous Allocation) 69M->27M(128M) 2.391ms
[2026-03-19T11:35:55.192+0800][271.682s][info][gc,cpu      ] GC(561) User=0.00s Sys=0.00s Real=0.00s
[2026-03-19T11:35:55.193+0800][271.682s][info][gc          ] GC(562) Concurrent Undo Cycle
[2026-03-19T11:35:55.193+0800][271.682s][info][gc,marking  ] GC(562) Concurrent Cleanup for Next Mark
[2026-03-19T11:35:55.193+0800][271.682s][info][gc,marking  ] GC(562) Concurrent Cleanup for Next Mark 0.287ms
[2026-03-19T11:35:55.193+0800][271.682s][info][gc          ] GC(562) Concurrent Undo Cycle 0.483ms
[2026-03-19T11:35:56.124+0800][272.613s][info][gc,start    ] GC(563) Pause Young (Concurrent Start) (G1 Humongous Allocation)
[2026-03-19T11:35:56.124+0800][272.613s][info][gc,task     ] GC(563) Using 3 workers of 13 for evacuation
[2026-03-19T11:35:56.127+0800][272.616s][info][gc,phases   ] GC(563)   Pre Evacuate Collection Set: 0.4ms
[2026-03-19T11:35:56.127+0800][272.616s][info][gc,phases   ] GC(563)   Merge Heap Roots: 0.3ms
[2026-03-19T11:35:56.127+0800][272.617s][info][gc,phases   ] GC(563)   Evacuate Collection Set: 1.0ms
[2026-03-19T11:35:56.127+0800][272.617s][info][gc,phases   ] GC(563)   Post Evacuate Collection Set: 1.1ms
[2026-03-19T11:35:56.127+0800][272.617s][info][gc,phases   ] GC(563)   Other: 0.8ms
[2026-03-19T11:35:56.128+0800][272.617s][info][gc,heap     ] GC(563) Eden regions: 13->0(74)
[2026-03-19T11:35:56.128+0800][272.617s][info][gc,heap     ] GC(563) Survivor regions: 2->2(10)
[2026-03-19T11:35:56.128+0800][272.617s][info][gc,heap     ] GC(563) Old regions: 18->18
[2026-03-19T11:35:56.128+0800][272.617s][info][gc,heap     ] GC(563) Archive regions: 0->0
[2026-03-19T11:35:56.128+0800][272.617s][info][gc,heap     ] GC(563) Humongous regions: 39->9
[2026-03-19T11:35:56.128+0800][272.617s][info][gc,metaspace] GC(563) Metaspace: 22908K(23168K)->22908K(23168K) NonClass: 20297K(20416K)->20297K(20416K) Class: 2610K(2752K)->2610K(2752K)
[2026-03-19T11:35:56.128+0800][272.617s][info][gc          ] GC(563) Pause Young (Concurrent Start) (G1 Humongous Allocation) 70M->27M(128M) 4.484ms
[2026-03-19T11:35:56.128+0800][272.617s][info][gc,cpu      ] GC(563) User=0.00s Sys=0.00s Real=0.00s
[2026-03-19T11:35:56.128+0800][272.618s][info][gc          ] GC(564) Concurrent Undo Cycle
[2026-03-19T11:35:56.128+0800][272.618s][info][gc,marking  ] GC(564) Concurrent Cleanup for Next Mark
[2026-03-19T11:35:56.129+0800][272.618s][info][gc,marking  ] GC(564) Concurrent Cleanup for Next Mark 0.548ms
[2026-03-19T11:35:56.129+0800][272.619s][info][gc          ] GC(564) Concurrent Undo Cycle 0.936ms
[2026-03-19T11:35:57.062+0800][273.552s][info][gc,start    ] GC(565) Pause Young (Concurrent Start) (G1 Humongous Allocation)
[2026-03-19T11:35:57.062+0800][273.552s][info][gc,task     ] GC(565) Using 3 workers of 13 for evacuation
[2026-03-19T11:35:57.065+0800][273.555s][info][gc,phases   ] GC(565)   Pre Evacuate Collection Set: 0.3ms
[2026-03-19T11:35:57.065+0800][273.555s][info][gc,phases   ] GC(565)   Merge Heap Roots: 0.2ms
[2026-03-19T11:35:57.065+0800][273.555s][info][gc,phases   ] GC(565)   Evacuate Collection Set: 0.9ms
[2026-03-19T11:35:57.065+0800][273.555s][info][gc,phases   ] GC(565)   Post Evacuate Collection Set: 1.0ms
[2026-03-19T11:35:57.066+0800][273.555s][info][gc,phases   ] GC(565)   Other: 0.5ms
[2026-03-19T11:35:57.066+0800][273.555s][info][gc,heap     ] GC(565) Eden regions: 13->0(74)
[2026-03-19T11:35:57.066+0800][273.555s][info][gc,heap     ] GC(565) Survivor regions: 2->2(10)
[2026-03-19T11:35:57.066+0800][273.555s][info][gc,heap     ] GC(565) Old regions: 18->18
[2026-03-19T11:35:57.066+0800][273.555s][info][gc,heap     ] GC(565) Archive regions: 0->0
[2026-03-19T11:35:57.066+0800][273.555s][info][gc,heap     ] GC(565) Humongous regions: 39->9
[2026-03-19T11:35:57.066+0800][273.555s][info][gc,metaspace] GC(565) Metaspace: 22908K(23168K)->22908K(23168K) NonClass: 20297K(20416K)->20297K(20416K) Class: 2610K(2752K)->2610K(2752K)
[2026-03-19T11:35:57.066+0800][273.556s][info][gc          ] GC(565) Pause Young (Concurrent Start) (G1 Humongous Allocation) 70M->27M(128M) 3.769ms
[2026-03-19T11:35:57.066+0800][273.556s][info][gc,cpu      ] GC(565) User=0.00s Sys=0.00s Real=0.00s
[2026-03-19T11:35:57.066+0800][273.556s][info][gc          ] GC(566) Concurrent Undo Cycle
[2026-03-19T11:35:57.066+0800][273.556s][info][gc,marking  ] GC(566) Concurrent Cleanup for Next Mark
[2026-03-19T11:35:57.067+0800][273.556s][info][gc,marking  ] GC(566) Concurrent Cleanup for Next Mark 0.416ms
[2026-03-19T11:35:57.067+0800][273.556s][info][gc          ] GC(566) Concurrent Undo Cycle 0.728ms
[2026-03-19T11:35:57.990+0800][274.480s][info][gc,start    ] GC(567) Pause Young (Concurrent Start) (G1 Humongous Allocation)
[2026-03-19T11:35:57.990+0800][274.480s][info][gc,task     ] GC(567) Using 3 workers of 13 for evacuation
[2026-03-19T11:35:57.992+0800][274.482s][info][gc,phases   ] GC(567)   Pre Evacuate Collection Set: 0.1ms
[2026-03-19T11:35:57.992+0800][274.482s][info][gc,phases   ] GC(567)   Merge Heap Roots: 0.1ms
[2026-03-19T11:35:57.993+0800][274.482s][info][gc,phases   ] GC(567)   Evacuate Collection Set: 0.6ms
[2026-03-19T11:35:57.993+0800][274.482s][info][gc,phases   ] GC(567)   Post Evacuate Collection Set: 0.9ms
[2026-03-19T11:35:57.993+0800][274.482s][info][gc,phases   ] GC(567)   Other: 0.4ms
[2026-03-19T11:35:57.993+0800][274.482s][info][gc,heap     ] GC(567) Eden regions: 13->0(74)
[2026-03-19T11:35:57.993+0800][274.482s][info][gc,heap     ] GC(567) Survivor regions: 2->2(10)
[2026-03-19T11:35:57.993+0800][274.482s][info][gc,heap     ] GC(567) Old regions: 18->18
[2026-03-19T11:35:57.993+0800][274.482s][info][gc,heap     ] GC(567) Archive regions: 0->0
[2026-03-19T11:35:57.993+0800][274.482s][info][gc,heap     ] GC(567) Humongous regions: 39->9
[2026-03-19T11:35:57.993+0800][274.482s][info][gc,metaspace] GC(567) Metaspace: 22908K(23168K)->22908K(23168K) NonClass: 20298K(20416K)->20298K(20416K) Class: 2610K(2752K)->2610K(2752K)
[2026-03-19T11:35:57.993+0800][274.482s][info][gc          ] GC(567) Pause Young (Concurrent Start) (G1 Humongous Allocation) 70M->27M(128M) 2.595ms
[2026-03-19T11:35:57.993+0800][274.482s][info][gc,cpu      ] GC(567) User=0.00s Sys=0.00s Real=0.00s
[2026-03-19T11:35:57.993+0800][274.482s][info][gc          ] GC(568) Concurrent Undo Cycle
[2026-03-19T11:35:57.993+0800][274.482s][info][gc,marking  ] GC(568) Concurrent Cleanup for Next Mark
[2026-03-19T11:35:57.993+0800][274.483s][info][gc,marking  ] GC(568) Concurrent Cleanup for Next Mark 0.341ms
[2026-03-19T11:35:57.993+0800][274.483s][info][gc          ] GC(568) Concurrent Undo Cycle 0.511ms
[2026-03-19T11:35:58.927+0800][275.416s][info][gc,start    ] GC(569) Pause Young (Concurrent Start) (G1 Humongous Allocation)
[2026-03-19T11:35:58.927+0800][275.416s][info][gc,task     ] GC(569) Using 3 workers of 13 for evacuation
[2026-03-19T11:35:58.929+0800][275.419s][info][gc,phases   ] GC(569)   Pre Evacuate Collection Set: 0.2ms
[2026-03-19T11:35:58.929+0800][275.419s][info][gc,phases   ] GC(569)   Merge Heap Roots: 0.2ms
[2026-03-19T11:35:58.929+0800][275.419s][info][gc,phases   ] GC(569)   Evacuate Collection Set: 0.9ms
[2026-03-19T11:35:58.929+0800][275.419s][info][gc,phases   ] GC(569)   Post Evacuate Collection Set: 0.8ms
[2026-03-19T11:35:58.929+0800][275.419s][info][gc,phases   ] GC(569)   Other: 0.5ms
[2026-03-19T11:35:58.929+0800][275.419s][info][gc,heap     ] GC(569) Eden regions: 12->0(74)
[2026-03-19T11:35:58.929+0800][275.419s][info][gc,heap     ] GC(569) Survivor regions: 2->2(10)
[2026-03-19T11:35:58.930+0800][275.419s][info][gc,heap     ] GC(569) Old regions: 18->18
[2026-03-19T11:35:58.930+0800][275.419s][info][gc,heap     ] GC(569) Archive regions: 0->0
[2026-03-19T11:35:58.930+0800][275.419s][info][gc,heap     ] GC(569) Humongous regions: 39->9
[2026-03-19T11:35:58.930+0800][275.419s][info][gc,metaspace] GC(569) Metaspace: 22908K(23168K)->22908K(23168K) NonClass: 20298K(20416K)->20298K(20416K) Class: 2610K(2752K)->2610K(2752K)
[2026-03-19T11:35:58.930+0800][275.419s][info][gc          ] GC(569) Pause Young (Concurrent Start) (G1 Humongous Allocation) 69M->27M(128M) 3.360ms
[2026-03-19T11:35:58.930+0800][275.419s][info][gc,cpu      ] GC(569) User=0.00s Sys=0.00s Real=0.00s
[2026-03-19T11:35:58.930+0800][275.420s][info][gc          ] GC(570) Concurrent Undo Cycle
[2026-03-19T11:35:58.930+0800][275.420s][info][gc,marking  ] GC(570) Concurrent Cleanup for Next Mark
[2026-03-19T11:35:58.930+0800][275.420s][info][gc,marking  ] GC(570) Concurrent Cleanup for Next Mark 0.365ms
[2026-03-19T11:35:58.931+0800][275.420s][info][gc          ] GC(570) Concurrent Undo Cycle 0.684ms
[2026-03-19T11:35:59.861+0800][276.350s][info][gc,start    ] GC(571) Pause Young (Concurrent Start) (G1 Humongous Allocation)
[2026-03-19T11:35:59.861+0800][276.350s][info][gc,task     ] GC(571) Using 3 workers of 13 for evacuation
[2026-03-19T11:35:59.863+0800][276.353s][info][gc,phases   ] GC(571)   Pre Evacuate Collection Set: 0.2ms
[2026-03-19T11:35:59.863+0800][276.353s][info][gc,phases   ] GC(571)   Merge Heap Roots: 0.2ms
[2026-03-19T11:35:59.863+0800][276.353s][info][gc,phases   ] GC(571)   Evacuate Collection Set: 0.9ms
[2026-03-19T11:35:59.864+0800][276.353s][info][gc,phases   ] GC(571)   Post Evacuate Collection Set: 0.9ms
[2026-03-19T11:35:59.864+0800][276.353s][info][gc,phases   ] GC(571)   Other: 0.5ms
[2026-03-19T11:35:59.864+0800][276.353s][info][gc,heap     ] GC(571) Eden regions: 12->0(74)
[2026-03-19T11:35:59.864+0800][276.353s][info][gc,heap     ] GC(571) Survivor regions: 2->2(10)
[2026-03-19T11:35:59.864+0800][276.353s][info][gc,heap     ] GC(571) Old regions: 18->18
[2026-03-19T11:35:59.864+0800][276.353s][info][gc,heap     ] GC(571) Archive regions: 0->0
[2026-03-19T11:35:59.864+0800][276.353s][info][gc,heap     ] GC(571) Humongous regions: 39->9
[2026-03-19T11:35:59.864+0800][276.353s][info][gc,metaspace] GC(571) Metaspace: 22908K(23168K)->22908K(23168K) NonClass: 20298K(20416K)->20298K(20416K) Class: 2610K(2752K)->2610K(2752K)
[2026-03-19T11:35:59.864+0800][276.353s][info][gc          ] GC(571) Pause Young (Concurrent Start) (G1 Humongous Allocation) 69M->27M(128M) 3.462ms
[2026-03-19T11:35:59.864+0800][276.353s][info][gc,cpu      ] GC(571) User=0.00s Sys=0.00s Real=0.00s
[2026-03-19T11:35:59.864+0800][276.354s][info][gc          ] GC(572) Concurrent Undo Cycle
[2026-03-19T11:35:59.865+0800][276.354s][info][gc,marking  ] GC(572) Concurrent Cleanup for Next Mark
[2026-03-19T11:35:59.865+0800][276.354s][info][gc,marking  ] GC(572) Concurrent Cleanup for Next Mark 0.505ms
[2026-03-19T11:35:59.865+0800][276.355s][info][gc          ] GC(572) Concurrent Undo Cycle 0.940ms
[2026-03-19T11:36:00.789+0800][277.279s][info][gc,start    ] GC(573) Pause Young (Concurrent Start) (G1 Humongous Allocation)
[2026-03-19T11:36:00.789+0800][277.279s][info][gc,task     ] GC(573) Using 3 workers of 13 for evacuation
[2026-03-19T11:36:00.791+0800][277.281s][info][gc,phases   ] GC(573)   Pre Evacuate Collection Set: 0.2ms
[2026-03-19T11:36:00.792+0800][277.281s][info][gc,phases   ] GC(573)   Merge Heap Roots: 0.1ms
[2026-03-19T11:36:00.792+0800][277.281s][info][gc,phases   ] GC(573)   Evacuate Collection Set: 0.8ms
[2026-03-19T11:36:00.792+0800][277.281s][info][gc,phases   ] GC(573)   Post Evacuate Collection Set: 0.9ms
[2026-03-19T11:36:00.792+0800][277.281s][info][gc,phases   ] GC(573)   Other: 0.4ms
[2026-03-19T11:36:00.792+0800][277.281s][info][gc,heap     ] GC(573) Eden regions: 13->0(74)
[2026-03-19T11:36:00.792+0800][277.281s][info][gc,heap     ] GC(573) Survivor regions: 2->2(10)
[2026-03-19T11:36:00.792+0800][277.282s][info][gc,heap     ] GC(573) Old regions: 18->18
[2026-03-19T11:36:00.792+0800][277.282s][info][gc,heap     ] GC(573) Archive regions: 0->0
[2026-03-19T11:36:00.792+0800][277.282s][info][gc,heap     ] GC(573) Humongous regions: 39->9
[2026-03-19T11:36:00.792+0800][277.282s][info][gc,metaspace] GC(573) Metaspace: 22908K(23168K)->22908K(23168K) NonClass: 20298K(20416K)->20298K(20416K) Class: 2610K(2752K)->2610K(2752K)
[2026-03-19T11:36:00.792+0800][277.282s][info][gc          ] GC(573) Pause Young (Concurrent Start) (G1 Humongous Allocation) 70M->27M(128M) 3.181ms
[2026-03-19T11:36:00.792+0800][277.282s][info][gc,cpu      ] GC(573) User=0.00s Sys=0.00s Real=0.00s
[2026-03-19T11:36:00.792+0800][277.282s][info][gc          ] GC(574) Concurrent Undo Cycle
[2026-03-19T11:36:00.792+0800][277.282s][info][gc,marking  ] GC(574) Concurrent Cleanup for Next Mark
[2026-03-19T11:36:00.793+0800][277.282s][info][gc,marking  ] GC(574) Concurrent Cleanup for Next Mark 0.397ms
[2026-03-19T11:36:00.793+0800][277.283s][info][gc          ] GC(574) Concurrent Undo Cycle 0.638ms
[2026-03-19T11:36:01.732+0800][278.222s][info][gc,start    ] GC(575) Pause Young (Concurrent Start) (G1 Humongous Allocation)
[2026-03-19T11:36:01.732+0800][278.222s][info][gc,task     ] GC(575) Using 3 workers of 13 for evacuation
[2026-03-19T11:36:01.735+0800][278.224s][info][gc,phases   ] GC(575)   Pre Evacuate Collection Set: 0.2ms
[2026-03-19T11:36:01.735+0800][278.225s][info][gc,phases   ] GC(575)   Merge Heap Roots: 0.2ms
[2026-03-19T11:36:01.735+0800][278.225s][info][gc,phases   ] GC(575)   Evacuate Collection Set: 0.8ms
[2026-03-19T11:36:01.735+0800][278.225s][info][gc,phases   ] GC(575)   Post Evacuate Collection Set: 0.9ms
[2026-03-19T11:36:01.735+0800][278.225s][info][gc,phases   ] GC(575)   Other: 0.5ms
[2026-03-19T11:36:01.735+0800][278.225s][info][gc,heap     ] GC(575) Eden regions: 13->0(74)
[2026-03-19T11:36:01.735+0800][278.225s][info][gc,heap     ] GC(575) Survivor regions: 2->2(10)
[2026-03-19T11:36:01.736+0800][278.225s][info][gc,heap     ] GC(575) Old regions: 18->18
[2026-03-19T11:36:01.736+0800][278.225s][info][gc,heap     ] GC(575) Archive regions: 0->0
[2026-03-19T11:36:01.736+0800][278.225s][info][gc,heap     ] GC(575) Humongous regions: 39->9
[2026-03-19T11:36:01.736+0800][278.225s][info][gc,metaspace] GC(575) Metaspace: 22908K(23168K)->22908K(23168K) NonClass: 20298K(20416K)->20298K(20416K) Class: 2610K(2752K)->2610K(2752K)
[2026-03-19T11:36:01.736+0800][278.225s][info][gc          ] GC(575) Pause Young (Concurrent Start) (G1 Humongous Allocation) 70M->27M(128M) 3.497ms
[2026-03-19T11:36:01.736+0800][278.225s][info][gc,cpu      ] GC(575) User=0.00s Sys=0.00s Real=0.00s
[2026-03-19T11:36:01.736+0800][278.226s][info][gc          ] GC(576) Concurrent Undo Cycle
[2026-03-19T11:36:01.736+0800][278.226s][info][gc,marking  ] GC(576) Concurrent Cleanup for Next Mark
[2026-03-19T11:36:01.737+0800][278.226s][info][gc,marking  ] GC(576) Concurrent Cleanup for Next Mark 0.515ms
[2026-03-19T11:36:01.737+0800][278.226s][info][gc          ] GC(576) Concurrent Undo Cycle 0.835ms
[2026-03-19T11:36:02.671+0800][279.160s][info][gc,start    ] GC(577) Pause Young (Concurrent Start) (G1 Humongous Allocation)
[2026-03-19T11:36:02.671+0800][279.160s][info][gc,task     ] GC(577) Using 3 workers of 13 for evacuation
[2026-03-19T11:36:02.673+0800][279.163s][info][gc,phases   ] GC(577)   Pre Evacuate Collection Set: 0.3ms
[2026-03-19T11:36:02.673+0800][279.163s][info][gc,phases   ] GC(577)   Merge Heap Roots: 0.1ms
[2026-03-19T11:36:02.673+0800][279.163s][info][gc,phases   ] GC(577)   Evacuate Collection Set: 0.7ms
[2026-03-19T11:36:02.673+0800][279.163s][info][gc,phases   ] GC(577)   Post Evacuate Collection Set: 0.9ms
[2026-03-19T11:36:02.673+0800][279.163s][info][gc,phases   ] GC(577)   Other: 0.4ms
[2026-03-19T11:36:02.673+0800][279.163s][info][gc,heap     ] GC(577) Eden regions: 13->0(74)
[2026-03-19T11:36:02.673+0800][279.163s][info][gc,heap     ] GC(577) Survivor regions: 2->2(10)
[2026-03-19T11:36:02.674+0800][279.163s][info][gc,heap     ] GC(577) Old regions: 18->18
[2026-03-19T11:36:02.674+0800][279.163s][info][gc,heap     ] GC(577) Archive regions: 0->0
[2026-03-19T11:36:02.674+0800][279.163s][info][gc,heap     ] GC(577) Humongous regions: 39->9
[2026-03-19T11:36:02.674+0800][279.163s][info][gc,metaspace] GC(577) Metaspace: 22908K(23168K)->22908K(23168K) NonClass: 20298K(20416K)->20298K(20416K) Class: 2610K(2752K)->2610K(2752K)
[2026-03-19T11:36:02.674+0800][279.163s][info][gc          ] GC(577) Pause Young (Concurrent Start) (G1 Humongous Allocation) 70M->27M(128M) 3.042ms
[2026-03-19T11:36:02.674+0800][279.163s][info][gc,cpu      ] GC(577) User=0.00s Sys=0.00s Real=0.00s
[2026-03-19T11:36:02.674+0800][279.163s][info][gc          ] GC(578) Concurrent Undo Cycle
[2026-03-19T11:36:02.674+0800][279.164s][info][gc,marking  ] GC(578) Concurrent Cleanup for Next Mark
[2026-03-19T11:36:02.674+0800][279.164s][info][gc,marking  ] GC(578) Concurrent Cleanup for Next Mark 0.335ms
[2026-03-19T11:36:02.674+0800][279.164s][info][gc          ] GC(578) Concurrent Undo Cycle 0.571ms
[2026-03-19T11:36:03.605+0800][280.094s][info][gc,start    ] GC(579) Pause Young (Concurrent Start) (G1 Humongous Allocation)
[2026-03-19T11:36:03.605+0800][280.094s][info][gc,task     ] GC(579) Using 3 workers of 13 for evacuation
[2026-03-19T11:36:03.607+0800][280.097s][info][gc,phases   ] GC(579)   Pre Evacuate Collection Set: 0.3ms
[2026-03-19T11:36:03.607+0800][280.097s][info][gc,phases   ] GC(579)   Merge Heap Roots: 0.2ms
[2026-03-19T11:36:03.607+0800][280.097s][info][gc,phases   ] GC(579)   Evacuate Collection Set: 0.8ms
[2026-03-19T11:36:03.607+0800][280.097s][info][gc,phases   ] GC(579)   Post Evacuate Collection Set: 1.1ms
[2026-03-19T11:36:03.607+0800][280.097s][info][gc,phases   ] GC(579)   Other: 0.4ms
[2026-03-19T11:36:03.607+0800][280.097s][info][gc,heap     ] GC(579) Eden regions: 12->0(74)
[2026-03-19T11:36:03.607+0800][280.097s][info][gc,heap     ] GC(579) Survivor regions: 2->2(10)
[2026-03-19T11:36:03.607+0800][280.098s][info][gc,heap     ] GC(579) Old regions: 18->18
[2026-03-19T11:36:03.607+0800][280.098s][info][gc,heap     ] GC(579) Archive regions: 0->0
[2026-03-19T11:36:03.607+0800][280.098s][info][gc,heap     ] GC(579) Humongous regions: 39->9
[2026-03-19T11:36:03.607+0800][280.098s][info][gc,metaspace] GC(579) Metaspace: 22908K(23168K)->22908K(23168K) NonClass: 20298K(20416K)->20298K(20416K) Class: 2610K(2752K)->2610K(2752K)
[2026-03-19T11:36:03.609+0800][280.098s][info][gc          ] GC(579) Pause Young (Concurrent Start) (G1 Humongous Allocation) 69M->27M(128M) 3.620ms
[2026-03-19T11:36:03.609+0800][280.098s][info][gc,cpu      ] GC(579) User=0.02s Sys=0.00s Real=0.00s
[2026-03-19T11:36:03.609+0800][280.098s][info][gc          ] GC(580) Concurrent Undo Cycle
[2026-03-19T11:36:03.609+0800][280.098s][info][gc,marking  ] GC(580) Concurrent Cleanup for Next Mark
[2026-03-19T11:36:03.609+0800][280.099s][info][gc,marking  ] GC(580) Concurrent Cleanup for Next Mark 0.376ms
[2026-03-19T11:36:03.609+0800][280.099s][info][gc          ] GC(580) Concurrent Undo Cycle 0.704ms
[2026-03-19T11:36:04.539+0800][281.029s][info][gc,start    ] GC(581) Pause Young (Concurrent Start) (G1 Humongous Allocation)
[2026-03-19T11:36:04.539+0800][281.029s][info][gc,task     ] GC(581) Using 3 workers of 13 for evacuation
[2026-03-19T11:36:04.542+0800][281.031s][info][gc,phases   ] GC(581)   Pre Evacuate Collection Set: 0.2ms
[2026-03-19T11:36:04.542+0800][281.032s][info][gc,phases   ] GC(581)   Merge Heap Roots: 0.2ms
[2026-03-19T11:36:04.542+0800][281.032s][info][gc,phases   ] GC(581)   Evacuate Collection Set: 0.8ms
[2026-03-19T11:36:04.542+0800][281.032s][info][gc,phases   ] GC(581)   Post Evacuate Collection Set: 0.9ms
[2026-03-19T11:36:04.542+0800][281.032s][info][gc,phases   ] GC(581)   Other: 0.5ms
[2026-03-19T11:36:04.542+0800][281.032s][info][gc,heap     ] GC(581) Eden regions: 13->0(74)
[2026-03-19T11:36:04.542+0800][281.032s][info][gc,heap     ] GC(581) Survivor regions: 2->2(10)
[2026-03-19T11:36:04.542+0800][281.032s][info][gc,heap     ] GC(581) Old regions: 18->18
[2026-03-19T11:36:04.542+0800][281.032s][info][gc,heap     ] GC(581) Archive regions: 0->0
[2026-03-19T11:36:04.542+0800][281.032s][info][gc,heap     ] GC(581) Humongous regions: 39->9
[2026-03-19T11:36:04.542+0800][281.032s][info][gc,metaspace] GC(581) Metaspace: 22908K(23168K)->22908K(23168K) NonClass: 20298K(20416K)->20298K(20416K) Class: 2610K(2752K)->2610K(2752K)
[2026-03-19T11:36:04.543+0800][281.032s][info][gc          ] GC(581) Pause Young (Concurrent Start) (G1 Humongous Allocation) 70M->27M(128M) 3.580ms
[2026-03-19T11:36:04.543+0800][281.032s][info][gc,cpu      ] GC(581) User=0.00s Sys=0.00s Real=0.00s
[2026-03-19T11:36:04.543+0800][281.033s][info][gc          ] GC(582) Concurrent Undo Cycle
[2026-03-19T11:36:04.543+0800][281.033s][info][gc,marking  ] GC(582) Concurrent Cleanup for Next Mark
[2026-03-19T11:36:04.544+0800][281.033s][info][gc,marking  ] GC(582) Concurrent Cleanup for Next Mark 0.632ms
[2026-03-19T11:36:04.544+0800][281.034s][info][gc          ] GC(582) Concurrent Undo Cycle 1.076ms
[2026-03-19T11:36:05.477+0800][281.966s][info][gc,start    ] GC(583) Pause Young (Concurrent Start) (G1 Humongous Allocation)
[2026-03-19T11:36:05.477+0800][281.966s][info][gc,task     ] GC(583) Using 3 workers of 13 for evacuation
[2026-03-19T11:36:05.479+0800][281.969s][info][gc,phases   ] GC(583)   Pre Evacuate Collection Set: 0.3ms
[2026-03-19T11:36:05.479+0800][281.969s][info][gc,phases   ] GC(583)   Merge Heap Roots: 0.2ms
[2026-03-19T11:36:05.479+0800][281.969s][info][gc,phases   ] GC(583)   Evacuate Collection Set: 0.7ms
[2026-03-19T11:36:05.479+0800][281.969s][info][gc,phases   ] GC(583)   Post Evacuate Collection Set: 1.0ms
[2026-03-19T11:36:05.479+0800][281.969s][info][gc,phases   ] GC(583)   Other: 0.3ms
[2026-03-19T11:36:05.479+0800][281.969s][info][gc,heap     ] GC(583) Eden regions: 13->0(74)
[2026-03-19T11:36:05.479+0800][281.969s][info][gc,heap     ] GC(583) Survivor regions: 2->2(10)
[2026-03-19T11:36:05.479+0800][281.969s][info][gc,heap     ] GC(583) Old regions: 18->18
[2026-03-19T11:36:05.479+0800][281.969s][info][gc,heap     ] GC(583) Archive regions: 0->0
[2026-03-19T11:36:05.479+0800][281.969s][info][gc,heap     ] GC(583) Humongous regions: 39->9
[2026-03-19T11:36:05.479+0800][281.969s][info][gc,metaspace] GC(583) Metaspace: 22908K(23168K)->22908K(23168K) NonClass: 20298K(20416K)->20298K(20416K) Class: 2610K(2752K)->2610K(2752K)
[2026-03-19T11:36:05.479+0800][281.969s][info][gc          ] GC(583) Pause Young (Concurrent Start) (G1 Humongous Allocation) 70M->27M(128M) 2.803ms
[2026-03-19T11:36:05.479+0800][281.969s][info][gc,cpu      ] GC(583) User=0.00s Sys=0.00s Real=0.00s
[2026-03-19T11:36:05.479+0800][281.969s][info][gc          ] GC(584) Concurrent Undo Cycle
[2026-03-19T11:36:05.479+0800][281.969s][info][gc,marking  ] GC(584) Concurrent Cleanup for Next Mark
[2026-03-19T11:36:05.480+0800][281.970s][info][gc,marking  ] GC(584) Concurrent Cleanup for Next Mark 0.394ms
[2026-03-19T11:36:05.480+0800][281.970s][info][gc          ] GC(584) Concurrent Undo Cycle 0.569ms
[2026-03-19T11:36:06.412+0800][282.901s][info][gc,start    ] GC(585) Pause Young (Concurrent Start) (G1 Humongous Allocation)
[2026-03-19T11:36:06.412+0800][282.902s][info][gc,task     ] GC(585) Using 3 workers of 13 for evacuation
[2026-03-19T11:36:06.414+0800][282.903s][info][gc,phases   ] GC(585)   Pre Evacuate Collection Set: 0.2ms
[2026-03-19T11:36:06.414+0800][282.904s][info][gc,phases   ] GC(585)   Merge Heap Roots: 0.1ms
[2026-03-19T11:36:06.414+0800][282.904s][info][gc,phases   ] GC(585)   Evacuate Collection Set: 0.6ms
[2026-03-19T11:36:06.414+0800][282.904s][info][gc,phases   ] GC(585)   Post Evacuate Collection Set: 0.7ms
[2026-03-19T11:36:06.414+0800][282.904s][info][gc,phases   ] GC(585)   Other: 0.3ms
[2026-03-19T11:36:06.414+0800][282.904s][info][gc,heap     ] GC(585) Eden regions: 13->0(74)
[2026-03-19T11:36:06.414+0800][282.904s][info][gc,heap     ] GC(585) Survivor regions: 2->2(10)
[2026-03-19T11:36:06.415+0800][282.904s][info][gc,heap     ] GC(585) Old regions: 18->18
[2026-03-19T11:36:06.415+0800][282.904s][info][gc,heap     ] GC(585) Archive regions: 0->0
[2026-03-19T11:36:06.415+0800][282.904s][info][gc,heap     ] GC(585) Humongous regions: 39->9
[2026-03-19T11:36:06.415+0800][282.904s][info][gc,metaspace] GC(585) Metaspace: 22908K(23168K)->22908K(23168K) NonClass: 20298K(20416K)->20298K(20416K) Class: 2610K(2752K)->2610K(2752K)
[2026-03-19T11:36:06.415+0800][282.904s][info][gc          ] GC(585) Pause Young (Concurrent Start) (G1 Humongous Allocation) 70M->27M(128M) 3.006ms
[2026-03-19T11:36:06.415+0800][282.905s][info][gc,cpu      ] GC(585) User=0.00s Sys=0.00s Real=0.00s
[2026-03-19T11:36:06.415+0800][282.905s][info][gc          ] GC(586) Concurrent Undo Cycle
[2026-03-19T11:36:06.415+0800][282.905s][info][gc,marking  ] GC(586) Concurrent Cleanup for Next Mark
[2026-03-19T11:36:06.416+0800][282.905s][info][gc,marking  ] GC(586) Concurrent Cleanup for Next Mark 0.282ms
[2026-03-19T11:36:06.416+0800][282.905s][info][gc          ] GC(586) Concurrent Undo Cycle 0.559ms
[2026-03-19T11:36:07.345+0800][283.835s][info][gc,start    ] GC(587) Pause Young (Concurrent Start) (G1 Humongous Allocation)
[2026-03-19T11:36:07.345+0800][283.835s][info][gc,task     ] GC(587) Using 3 workers of 13 for evacuation
[2026-03-19T11:36:07.347+0800][283.837s][info][gc,phases   ] GC(587)   Pre Evacuate Collection Set: 0.2ms
[2026-03-19T11:36:07.347+0800][283.837s][info][gc,phases   ] GC(587)   Merge Heap Roots: 0.2ms
[2026-03-19T11:36:07.347+0800][283.837s][info][gc,phases   ] GC(587)   Evacuate Collection Set: 0.4ms
[2026-03-19T11:36:07.347+0800][283.837s][info][gc,phases   ] GC(587)   Post Evacuate Collection Set: 0.9ms
[2026-03-19T11:36:07.347+0800][283.837s][info][gc,phases   ] GC(587)   Other: 0.2ms
[2026-03-19T11:36:07.347+0800][283.837s][info][gc,heap     ] GC(587) Eden regions: 12->0(74)
[2026-03-19T11:36:07.347+0800][283.837s][info][gc,heap     ] GC(587) Survivor regions: 2->2(10)
[2026-03-19T11:36:07.347+0800][283.837s][info][gc,heap     ] GC(587) Old regions: 18->18
[2026-03-19T11:36:07.347+0800][283.837s][info][gc,heap     ] GC(587) Archive regions: 0->0
[2026-03-19T11:36:07.347+0800][283.837s][info][gc,heap     ] GC(587) Humongous regions: 39->9
[2026-03-19T11:36:07.347+0800][283.837s][info][gc,metaspace] GC(587) Metaspace: 22908K(23168K)->22908K(23168K) NonClass: 20298K(20416K)->20298K(20416K) Class: 2610K(2752K)->2610K(2752K)
[2026-03-19T11:36:07.347+0800][283.837s][info][gc          ] GC(587) Pause Young (Concurrent Start) (G1 Humongous Allocation) 69M->27M(128M) 2.018ms
[2026-03-19T11:36:07.347+0800][283.837s][info][gc,cpu      ] GC(587) User=0.00s Sys=0.00s Real=0.00s
[2026-03-19T11:36:07.347+0800][283.837s][info][gc          ] GC(588) Concurrent Undo Cycle
[2026-03-19T11:36:07.347+0800][283.837s][info][gc,marking  ] GC(588) Concurrent Cleanup for Next Mark
[2026-03-19T11:36:07.347+0800][283.837s][info][gc,marking  ] GC(588) Concurrent Cleanup for Next Mark 0.265ms
[2026-03-19T11:36:07.347+0800][283.837s][info][gc          ] GC(588) Concurrent Undo Cycle 0.384ms
[2026-03-19T11:36:08.277+0800][284.767s][info][gc,start    ] GC(589) Pause Young (Concurrent Start) (G1 Humongous Allocation)
[2026-03-19T11:36:08.277+0800][284.767s][info][gc,task     ] GC(589) Using 3 workers of 13 for evacuation
[2026-03-19T11:36:08.280+0800][284.770s][info][gc,phases   ] GC(589)   Pre Evacuate Collection Set: 0.2ms
[2026-03-19T11:36:08.280+0800][284.770s][info][gc,phases   ] GC(589)   Merge Heap Roots: 0.2ms
[2026-03-19T11:36:08.280+0800][284.770s][info][gc,phases   ] GC(589)   Evacuate Collection Set: 0.9ms
[2026-03-19T11:36:08.281+0800][284.770s][info][gc,phases   ] GC(589)   Post Evacuate Collection Set: 1.0ms
[2026-03-19T11:36:08.281+0800][284.770s][info][gc,phases   ] GC(589)   Other: 0.5ms
[2026-03-19T11:36:08.281+0800][284.770s][info][gc,heap     ] GC(589) Eden regions: 12->0(74)
[2026-03-19T11:36:08.281+0800][284.770s][info][gc,heap     ] GC(589) Survivor regions: 2->2(10)
[2026-03-19T11:36:08.281+0800][284.770s][info][gc,heap     ] GC(589) Old regions: 18->18
[2026-03-19T11:36:08.281+0800][284.770s][info][gc,heap     ] GC(589) Archive regions: 0->0
[2026-03-19T11:36:08.281+0800][284.770s][info][gc,heap     ] GC(589) Humongous regions: 39->9
[2026-03-19T11:36:08.281+0800][284.770s][info][gc,metaspace] GC(589) Metaspace: 22908K(23168K)->22908K(23168K) NonClass: 20298K(20416K)->20298K(20416K) Class: 2610K(2752K)->2610K(2752K)
[2026-03-19T11:36:08.281+0800][284.770s][info][gc          ] GC(589) Pause Young (Concurrent Start) (G1 Humongous Allocation) 69M->27M(128M) 3.679ms
[2026-03-19T11:36:08.281+0800][284.771s][info][gc,cpu      ] GC(589) User=0.02s Sys=0.00s Real=0.00s
[2026-03-19T11:36:08.281+0800][284.771s][info][gc          ] GC(590) Concurrent Undo Cycle
[2026-03-19T11:36:08.281+0800][284.771s][info][gc,marking  ] GC(590) Concurrent Cleanup for Next Mark
[2026-03-19T11:36:08.282+0800][284.771s][info][gc,marking  ] GC(590) Concurrent Cleanup for Next Mark 0.463ms
[2026-03-19T11:36:08.282+0800][284.771s][info][gc          ] GC(590) Concurrent Undo Cycle 0.805ms
[2026-03-19T11:36:09.226+0800][285.715s][info][gc,start    ] GC(591) Pause Young (Concurrent Start) (G1 Humongous Allocation)
[2026-03-19T11:36:09.226+0800][285.715s][info][gc,task     ] GC(591) Using 3 workers of 13 for evacuation
[2026-03-19T11:36:09.228+0800][285.717s][info][gc,phases   ] GC(591)   Pre Evacuate Collection Set: 0.1ms
[2026-03-19T11:36:09.228+0800][285.717s][info][gc,phases   ] GC(591)   Merge Heap Roots: 0.2ms
[2026-03-19T11:36:09.228+0800][285.717s][info][gc,phases   ] GC(591)   Evacuate Collection Set: 0.6ms
[2026-03-19T11:36:09.228+0800][285.717s][info][gc,phases   ] GC(591)   Post Evacuate Collection Set: 0.8ms
[2026-03-19T11:36:09.228+0800][285.717s][info][gc,phases   ] GC(591)   Other: 0.2ms
[2026-03-19T11:36:09.228+0800][285.717s][info][gc,heap     ] GC(591) Eden regions: 12->0(74)
[2026-03-19T11:36:09.228+0800][285.717s][info][gc,heap     ] GC(591) Survivor regions: 2->2(10)
[2026-03-19T11:36:09.228+0800][285.717s][info][gc,heap     ] GC(591) Old regions: 18->18
[2026-03-19T11:36:09.228+0800][285.717s][info][gc,heap     ] GC(591) Archive regions: 0->0
[2026-03-19T11:36:09.228+0800][285.717s][info][gc,heap     ] GC(591) Humongous regions: 39->9
[2026-03-19T11:36:09.228+0800][285.717s][info][gc,metaspace] GC(591) Metaspace: 22908K(23168K)->22908K(23168K) NonClass: 20298K(20416K)->20298K(20416K) Class: 2610K(2752K)->2610K(2752K)
[2026-03-19T11:36:09.228+0800][285.717s][info][gc          ] GC(591) Pause Young (Concurrent Start) (G1 Humongous Allocation) 69M->27M(128M) 2.631ms
[2026-03-19T11:36:09.228+0800][285.717s][info][gc,cpu      ] GC(591) User=0.00s Sys=0.00s Real=0.00s
[2026-03-19T11:36:09.228+0800][285.718s][info][gc          ] GC(592) Concurrent Undo Cycle
[2026-03-19T11:36:09.229+0800][285.718s][info][gc,marking  ] GC(592) Concurrent Cleanup for Next Mark
[2026-03-19T11:36:09.229+0800][285.718s][info][gc,marking  ] GC(592) Concurrent Cleanup for Next Mark 0.373ms
[2026-03-19T11:36:09.229+0800][285.718s][info][gc          ] GC(592) Concurrent Undo Cycle 0.607ms
[2026-03-19T11:36:10.156+0800][286.646s][info][gc,start    ] GC(593) Pause Young (Concurrent Start) (G1 Humongous Allocation)
[2026-03-19T11:36:10.156+0800][286.646s][info][gc,task     ] GC(593) Using 3 workers of 13 for evacuation
[2026-03-19T11:36:10.159+0800][286.649s][info][gc,phases   ] GC(593)   Pre Evacuate Collection Set: 0.3ms
[2026-03-19T11:36:10.159+0800][286.649s][info][gc,phases   ] GC(593)   Merge Heap Roots: 0.3ms
[2026-03-19T11:36:10.159+0800][286.649s][info][gc,phases   ] GC(593)   Evacuate Collection Set: 0.7ms
[2026-03-19T11:36:10.159+0800][286.649s][info][gc,phases   ] GC(593)   Post Evacuate Collection Set: 1.4ms
[2026-03-19T11:36:10.159+0800][286.649s][info][gc,phases   ] GC(593)   Other: 0.3ms
[2026-03-19T11:36:10.159+0800][286.649s][info][gc,heap     ] GC(593) Eden regions: 13->0(74)
[2026-03-19T11:36:10.159+0800][286.649s][info][gc,heap     ] GC(593) Survivor regions: 2->2(10)
[2026-03-19T11:36:10.159+0800][286.649s][info][gc,heap     ] GC(593) Old regions: 18->18
[2026-03-19T11:36:10.159+0800][286.649s][info][gc,heap     ] GC(593) Archive regions: 0->0
[2026-03-19T11:36:10.159+0800][286.649s][info][gc,heap     ] GC(593) Humongous regions: 39->9
[2026-03-19T11:36:10.159+0800][286.649s][info][gc,metaspace] GC(593) Metaspace: 22908K(23168K)->22908K(23168K) NonClass: 20298K(20416K)->20298K(20416K) Class: 2610K(2752K)->2610K(2752K)
[2026-03-19T11:36:10.159+0800][286.649s][info][gc          ] GC(593) Pause Young (Concurrent Start) (G1 Humongous Allocation) 70M->27M(128M) 3.437ms
[2026-03-19T11:36:10.159+0800][286.649s][info][gc,cpu      ] GC(593) User=0.00s Sys=0.00s Real=0.00s
[2026-03-19T11:36:10.159+0800][286.649s][info][gc          ] GC(594) Concurrent Undo Cycle
[2026-03-19T11:36:10.159+0800][286.649s][info][gc,marking  ] GC(594) Concurrent Cleanup for Next Mark
[2026-03-19T11:36:10.159+0800][286.649s][info][gc,marking  ] GC(594) Concurrent Cleanup for Next Mark 0.329ms
[2026-03-19T11:36:10.159+0800][286.650s][info][gc          ] GC(594) Concurrent Undo Cycle 0.514ms
[2026-03-19T11:36:11.093+0800][287.582s][info][gc,start    ] GC(595) Pause Young (Concurrent Start) (G1 Humongous Allocation)
[2026-03-19T11:36:11.093+0800][287.582s][info][gc,task     ] GC(595) Using 3 workers of 13 for evacuation
[2026-03-19T11:36:11.095+0800][287.585s][info][gc,phases   ] GC(595)   Pre Evacuate Collection Set: 0.3ms
[2026-03-19T11:36:11.095+0800][287.585s][info][gc,phases   ] GC(595)   Merge Heap Roots: 0.2ms
[2026-03-19T11:36:11.095+0800][287.585s][info][gc,phases   ] GC(595)   Evacuate Collection Set: 0.8ms
[2026-03-19T11:36:11.095+0800][287.585s][info][gc,phases   ] GC(595)   Post Evacuate Collection Set: 1.0ms
[2026-03-19T11:36:11.096+0800][287.585s][info][gc,phases   ] GC(595)   Other: 0.5ms
[2026-03-19T11:36:11.096+0800][287.585s][info][gc,heap     ] GC(595) Eden regions: 13->0(74)
[2026-03-19T11:36:11.096+0800][287.585s][info][gc,heap     ] GC(595) Survivor regions: 2->2(10)
[2026-03-19T11:36:11.096+0800][287.585s][info][gc,heap     ] GC(595) Old regions: 18->18
[2026-03-19T11:36:11.096+0800][287.585s][info][gc,heap     ] GC(595) Archive regions: 0->0
[2026-03-19T11:36:11.096+0800][287.586s][info][gc,heap     ] GC(595) Humongous regions: 39->9
[2026-03-19T11:36:11.096+0800][287.586s][info][gc,metaspace] GC(595) Metaspace: 22908K(23168K)->22908K(23168K) NonClass: 20298K(20416K)->20298K(20416K) Class: 2610K(2752K)->2610K(2752K)
[2026-03-19T11:36:11.096+0800][287.586s][info][gc          ] GC(595) Pause Young (Concurrent Start) (G1 Humongous Allocation) 70M->27M(128M) 3.601ms
[2026-03-19T11:36:11.096+0800][287.586s][info][gc,cpu      ] GC(595) User=0.00s Sys=0.00s Real=0.00s
[2026-03-19T11:36:11.096+0800][287.586s][info][gc          ] GC(596) Concurrent Undo Cycle
[2026-03-19T11:36:11.096+0800][287.586s][info][gc,marking  ] GC(596) Concurrent Cleanup for Next Mark
[2026-03-19T11:36:11.097+0800][287.586s][info][gc,marking  ] GC(596) Concurrent Cleanup for Next Mark 0.442ms
[2026-03-19T11:36:11.097+0800][287.587s][info][gc          ] GC(596) Concurrent Undo Cycle 0.758ms
[2026-03-19T11:36:12.028+0800][288.518s][info][gc,start    ] GC(597) Pause Young (Concurrent Start) (G1 Humongous Allocation)
[2026-03-19T11:36:12.028+0800][288.518s][info][gc,task     ] GC(597) Using 3 workers of 13 for evacuation
[2026-03-19T11:36:12.029+0800][288.519s][info][gc,phases   ] GC(597)   Pre Evacuate Collection Set: 0.1ms
[2026-03-19T11:36:12.029+0800][288.519s][info][gc,phases   ] GC(597)   Merge Heap Roots: 0.2ms
[2026-03-19T11:36:12.029+0800][288.519s][info][gc,phases   ] GC(597)   Evacuate Collection Set: 0.5ms
[2026-03-19T11:36:12.029+0800][288.519s][info][gc,phases   ] GC(597)   Post Evacuate Collection Set: 0.7ms
[2026-03-19T11:36:12.029+0800][288.519s][info][gc,phases   ] GC(597)   Other: 0.2ms
[2026-03-19T11:36:12.029+0800][288.520s][info][gc,heap     ] GC(597) Eden regions: 13->0(74)
[2026-03-19T11:36:12.029+0800][288.520s][info][gc,heap     ] GC(597) Survivor regions: 2->2(10)
[2026-03-19T11:36:12.029+0800][288.520s][info][gc,heap     ] GC(597) Old regions: 18->18
[2026-03-19T11:36:12.029+0800][288.520s][info][gc,heap     ] GC(597) Archive regions: 0->0
[2026-03-19T11:36:12.029+0800][288.520s][info][gc,heap     ] GC(597) Humongous regions: 39->9
[2026-03-19T11:36:12.029+0800][288.520s][info][gc,metaspace] GC(597) Metaspace: 22908K(23168K)->22908K(23168K) NonClass: 20298K(20416K)->20298K(20416K) Class: 2610K(2752K)->2610K(2752K)
[2026-03-19T11:36:12.029+0800][288.520s][info][gc          ] GC(597) Pause Young (Concurrent Start) (G1 Humongous Allocation) 70M->27M(128M) 2.005ms
[2026-03-19T11:36:12.031+0800][288.520s][info][gc,cpu      ] GC(597) User=0.00s Sys=0.02s Real=0.00s
[2026-03-19T11:36:12.031+0800][288.520s][info][gc          ] GC(598) Concurrent Undo Cycle
[2026-03-19T11:36:12.031+0800][288.520s][info][gc,marking  ] GC(598) Concurrent Cleanup for Next Mark
[2026-03-19T11:36:12.031+0800][288.520s][info][gc,marking  ] GC(598) Concurrent Cleanup for Next Mark 0.250ms
[2026-03-19T11:36:12.031+0800][288.520s][info][gc          ] GC(598) Concurrent Undo Cycle 0.409ms
[2026-03-19T11:36:12.962+0800][289.451s][info][gc,start    ] GC(599) Pause Young (Concurrent Start) (G1 Humongous Allocation)
[2026-03-19T11:36:12.962+0800][289.451s][info][gc,task     ] GC(599) Using 3 workers of 13 for evacuation
[2026-03-19T11:36:12.964+0800][289.453s][info][gc,phases   ] GC(599)   Pre Evacuate Collection Set: 0.3ms
[2026-03-19T11:36:12.964+0800][289.453s][info][gc,phases   ] GC(599)   Merge Heap Roots: 0.1ms
[2026-03-19T11:36:12.964+0800][289.453s][info][gc,phases   ] GC(599)   Evacuate Collection Set: 0.7ms
[2026-03-19T11:36:12.964+0800][289.453s][info][gc,phases   ] GC(599)   Post Evacuate Collection Set: 0.8ms
[2026-03-19T11:36:12.964+0800][289.453s][info][gc,phases   ] GC(599)   Other: 0.2ms
[2026-03-19T11:36:12.964+0800][289.453s][info][gc,heap     ] GC(599) Eden regions: 13->0(74)
[2026-03-19T11:36:12.964+0800][289.453s][info][gc,heap     ] GC(599) Survivor regions: 2->2(10)
[2026-03-19T11:36:12.964+0800][289.453s][info][gc,heap     ] GC(599) Old regions: 18->18
[2026-03-19T11:36:12.964+0800][289.453s][info][gc,heap     ] GC(599) Archive regions: 0->0
[2026-03-19T11:36:12.964+0800][289.453s][info][gc,heap     ] GC(599) Humongous regions: 39->9
[2026-03-19T11:36:12.964+0800][289.454s][info][gc,metaspace] GC(599) Metaspace: 22908K(23168K)->22908K(23168K) NonClass: 20298K(20416K)->20298K(20416K) Class: 2610K(2752K)->2610K(2752K)
[2026-03-19T11:36:12.964+0800][289.454s][info][gc          ] GC(599) Pause Young (Concurrent Start) (G1 Humongous Allocation) 70M->27M(128M) 2.554ms
[2026-03-19T11:36:12.964+0800][289.454s][info][gc,cpu      ] GC(599) User=0.00s Sys=0.00s Real=0.00s
[2026-03-19T11:36:12.964+0800][289.454s][info][gc          ] GC(600) Concurrent Undo Cycle
[2026-03-19T11:36:12.964+0800][289.454s][info][gc,marking  ] GC(600) Concurrent Cleanup for Next Mark
[2026-03-19T11:36:12.965+0800][289.454s][info][gc,marking  ] GC(600) Concurrent Cleanup for Next Mark 0.320ms
[2026-03-19T11:36:12.965+0800][289.454s][info][gc          ] GC(600) Concurrent Undo Cycle 0.486ms
[2026-03-19T11:36:13.896+0800][290.386s][info][gc,start    ] GC(601) Pause Young (Concurrent Start) (G1 Humongous Allocation)
[2026-03-19T11:36:13.896+0800][290.386s][info][gc,task     ] GC(601) Using 3 workers of 13 for evacuation
[2026-03-19T11:36:13.899+0800][290.389s][info][gc,phases   ] GC(601)   Pre Evacuate Collection Set: 0.2ms
[2026-03-19T11:36:13.899+0800][290.389s][info][gc,phases   ] GC(601)   Merge Heap Roots: 0.1ms
[2026-03-19T11:36:13.899+0800][290.389s][info][gc,phases   ] GC(601)   Evacuate Collection Set: 1.0ms
[2026-03-19T11:36:13.899+0800][290.389s][info][gc,phases   ] GC(601)   Post Evacuate Collection Set: 1.0ms
[2026-03-19T11:36:13.900+0800][290.389s][info][gc,phases   ] GC(601)   Other: 0.5ms
[2026-03-19T11:36:13.900+0800][290.389s][info][gc,heap     ] GC(601) Eden regions: 13->0(74)
[2026-03-19T11:36:13.900+0800][290.389s][info][gc,heap     ] GC(601) Survivor regions: 2->2(10)
[2026-03-19T11:36:13.900+0800][290.389s][info][gc,heap     ] GC(601) Old regions: 18->18
[2026-03-19T11:36:13.900+0800][290.389s][info][gc,heap     ] GC(601) Archive regions: 0->0
[2026-03-19T11:36:13.900+0800][290.389s][info][gc,heap     ] GC(601) Humongous regions: 39->9
[2026-03-19T11:36:13.900+0800][290.389s][info][gc,metaspace] GC(601) Metaspace: 22908K(23168K)->22908K(23168K) NonClass: 20298K(20416K)->20298K(20416K) Class: 2610K(2752K)->2610K(2752K)
[2026-03-19T11:36:13.900+0800][290.389s][info][gc          ] GC(601) Pause Young (Concurrent Start) (G1 Humongous Allocation) 70M->27M(128M) 3.286ms
[2026-03-19T11:36:13.900+0800][290.389s][info][gc,cpu      ] GC(601) User=0.00s Sys=0.00s Real=0.00s
[2026-03-19T11:36:13.900+0800][290.390s][info][gc          ] GC(602) Concurrent Undo Cycle
[2026-03-19T11:36:13.900+0800][290.390s][info][gc,marking  ] GC(602) Concurrent Cleanup for Next Mark
[2026-03-19T11:36:13.901+0800][290.390s][info][gc,marking  ] GC(602) Concurrent Cleanup for Next Mark 0.462ms
[2026-03-19T11:36:13.901+0800][290.390s][info][gc          ] GC(602) Concurrent Undo Cycle 0.811ms
[2026-03-19T11:36:14.833+0800][291.323s][info][gc,start    ] GC(603) Pause Young (Concurrent Start) (G1 Humongous Allocation)
[2026-03-19T11:36:14.833+0800][291.323s][info][gc,task     ] GC(603) Using 3 workers of 13 for evacuation
[2026-03-19T11:36:14.836+0800][291.325s][info][gc,phases   ] GC(603)   Pre Evacuate Collection Set: 0.2ms
[2026-03-19T11:36:14.836+0800][291.325s][info][gc,phases   ] GC(603)   Merge Heap Roots: 0.2ms
[2026-03-19T11:36:14.836+0800][291.326s][info][gc,phases   ] GC(603)   Evacuate Collection Set: 0.9ms
[2026-03-19T11:36:14.836+0800][291.326s][info][gc,phases   ] GC(603)   Post Evacuate Collection Set: 0.9ms
[2026-03-19T11:36:14.836+0800][291.326s][info][gc,phases   ] GC(603)   Other: 0.6ms
[2026-03-19T11:36:14.836+0800][291.326s][info][gc,heap     ] GC(603) Eden regions: 13->0(74)
[2026-03-19T11:36:14.836+0800][291.326s][info][gc,heap     ] GC(603) Survivor regions: 2->2(10)
[2026-03-19T11:36:14.836+0800][291.326s][info][gc,heap     ] GC(603) Old regions: 18->18
[2026-03-19T11:36:14.836+0800][291.326s][info][gc,heap     ] GC(603) Archive regions: 0->0
[2026-03-19T11:36:14.836+0800][291.326s][info][gc,heap     ] GC(603) Humongous regions: 39->9
[2026-03-19T11:36:14.837+0800][291.326s][info][gc,metaspace] GC(603) Metaspace: 22909K(23232K)->22909K(23232K) NonClass: 20299K(20480K)->20299K(20480K) Class: 2610K(2752K)->2610K(2752K)
[2026-03-19T11:36:14.837+0800][291.326s][info][gc          ] GC(603) Pause Young (Concurrent Start) (G1 Humongous Allocation) 70M->27M(128M) 3.466ms
[2026-03-19T11:36:14.837+0800][291.326s][info][gc,cpu      ] GC(603) User=0.00s Sys=0.00s Real=0.00s
[2026-03-19T11:36:14.837+0800][291.326s][info][gc          ] GC(604) Concurrent Undo Cycle
[2026-03-19T11:36:14.837+0800][291.326s][info][gc,marking  ] GC(604) Concurrent Cleanup for Next Mark
[2026-03-19T11:36:14.837+0800][291.327s][info][gc,marking  ] GC(604) Concurrent Cleanup for Next Mark 0.406ms
[2026-03-19T11:36:14.837+0800][291.327s][info][gc          ] GC(604) Concurrent Undo Cycle 0.586ms
[2026-03-19T11:36:15.771+0800][292.260s][info][gc,start    ] GC(605) Pause Young (Concurrent Start) (G1 Humongous Allocation)
[2026-03-19T11:36:15.771+0800][292.261s][info][gc,task     ] GC(605) Using 3 workers of 13 for evacuation
[2026-03-19T11:36:15.773+0800][292.263s][info][gc,phases   ] GC(605)   Pre Evacuate Collection Set: 0.2ms
[2026-03-19T11:36:15.773+0800][292.263s][info][gc,phases   ] GC(605)   Merge Heap Roots: 0.2ms
[2026-03-19T11:36:15.773+0800][292.263s][info][gc,phases   ] GC(605)   Evacuate Collection Set: 0.9ms
[2026-03-19T11:36:15.773+0800][292.263s][info][gc,phases   ] GC(605)   Post Evacuate Collection Set: 0.7ms
[2026-03-19T11:36:15.773+0800][292.263s][info][gc,phases   ] GC(605)   Other: 0.4ms
[2026-03-19T11:36:15.774+0800][292.263s][info][gc,heap     ] GC(605) Eden regions: 12->0(74)
[2026-03-19T11:36:15.774+0800][292.263s][info][gc,heap     ] GC(605) Survivor regions: 2->2(10)
[2026-03-19T11:36:15.774+0800][292.263s][info][gc,heap     ] GC(605) Old regions: 18->18
[2026-03-19T11:36:15.774+0800][292.263s][info][gc,heap     ] GC(605) Archive regions: 0->0
[2026-03-19T11:36:15.774+0800][292.263s][info][gc,heap     ] GC(605) Humongous regions: 39->9
[2026-03-19T11:36:15.774+0800][292.263s][info][gc,metaspace] GC(605) Metaspace: 22909K(23232K)->22909K(23232K) NonClass: 20299K(20480K)->20299K(20480K) Class: 2610K(2752K)->2610K(2752K)
[2026-03-19T11:36:15.774+0800][292.263s][info][gc          ] GC(605) Pause Young (Concurrent Start) (G1 Humongous Allocation) 69M->27M(128M) 2.945ms
[2026-03-19T11:36:15.774+0800][292.264s][info][gc,cpu      ] GC(605) User=0.00s Sys=0.00s Real=0.00s
[2026-03-19T11:36:15.774+0800][292.264s][info][gc          ] GC(606) Concurrent Undo Cycle
[2026-03-19T11:36:15.774+0800][292.264s][info][gc,marking  ] GC(606) Concurrent Cleanup for Next Mark
[2026-03-19T11:36:15.775+0800][292.264s][info][gc,marking  ] GC(606) Concurrent Cleanup for Next Mark 0.672ms
[2026-03-19T11:36:15.775+0800][292.265s][info][gc          ] GC(606) Concurrent Undo Cycle 1.034ms
[2026-03-19T11:36:16.708+0800][293.198s][info][gc,start    ] GC(607) Pause Young (Concurrent Start) (G1 Humongous Allocation)
[2026-03-19T11:36:16.708+0800][293.198s][info][gc,task     ] GC(607) Using 3 workers of 13 for evacuation
[2026-03-19T11:36:16.711+0800][293.200s][info][gc,phases   ] GC(607)   Pre Evacuate Collection Set: 0.3ms
[2026-03-19T11:36:16.711+0800][293.200s][info][gc,phases   ] GC(607)   Merge Heap Roots: 0.2ms
[2026-03-19T11:36:16.711+0800][293.200s][info][gc,phases   ] GC(607)   Evacuate Collection Set: 0.8ms
[2026-03-19T11:36:16.711+0800][293.200s][info][gc,phases   ] GC(607)   Post Evacuate Collection Set: 0.8ms
[2026-03-19T11:36:16.711+0800][293.200s][info][gc,phases   ] GC(607)   Other: 0.3ms
[2026-03-19T11:36:16.711+0800][293.200s][info][gc,heap     ] GC(607) Eden regions: 12->0(74)
[2026-03-19T11:36:16.711+0800][293.200s][info][gc,heap     ] GC(607) Survivor regions: 2->2(10)
[2026-03-19T11:36:16.711+0800][293.201s][info][gc,heap     ] GC(607) Old regions: 18->18
[2026-03-19T11:36:16.711+0800][293.201s][info][gc,heap     ] GC(607) Archive regions: 0->0
[2026-03-19T11:36:16.711+0800][293.201s][info][gc,heap     ] GC(607) Humongous regions: 39->9
[2026-03-19T11:36:16.712+0800][293.201s][info][gc,metaspace] GC(607) Metaspace: 22909K(23232K)->22909K(23232K) NonClass: 20299K(20480K)->20299K(20480K) Class: 2610K(2752K)->2610K(2752K)
[2026-03-19T11:36:16.712+0800][293.201s][info][gc          ] GC(607) Pause Young (Concurrent Start) (G1 Humongous Allocation) 69M->27M(128M) 2.753ms
[2026-03-19T11:36:16.712+0800][293.201s][info][gc,cpu      ] GC(607) User=0.00s Sys=0.00s Real=0.00s
[2026-03-19T11:36:16.712+0800][293.201s][info][gc          ] GC(608) Concurrent Undo Cycle
[2026-03-19T11:36:16.712+0800][293.201s][info][gc,marking  ] GC(608) Concurrent Cleanup for Next Mark
[2026-03-19T11:36:16.712+0800][293.201s][info][gc,marking  ] GC(608) Concurrent Cleanup for Next Mark 0.385ms
[2026-03-19T11:36:16.712+0800][293.201s][info][gc          ] GC(608) Concurrent Undo Cycle 0.561ms
[2026-03-19T11:36:17.646+0800][294.135s][info][gc,start    ] GC(609) Pause Young (Concurrent Start) (G1 Humongous Allocation)
[2026-03-19T11:36:17.646+0800][294.135s][info][gc,task     ] GC(609) Using 3 workers of 13 for evacuation
[2026-03-19T11:36:17.648+0800][294.138s][info][gc,phases   ] GC(609)   Pre Evacuate Collection Set: 0.2ms
[2026-03-19T11:36:17.649+0800][294.138s][info][gc,phases   ] GC(609)   Merge Heap Roots: 0.2ms
[2026-03-19T11:36:17.649+0800][294.138s][info][gc,phases   ] GC(609)   Evacuate Collection Set: 1.0ms
[2026-03-19T11:36:17.649+0800][294.138s][info][gc,phases   ] GC(609)   Post Evacuate Collection Set: 0.9ms
[2026-03-19T11:36:17.649+0800][294.138s][info][gc,phases   ] GC(609)   Other: 0.5ms
[2026-03-19T11:36:17.649+0800][294.138s][info][gc,heap     ] GC(609) Eden regions: 12->0(74)
[2026-03-19T11:36:17.649+0800][294.139s][info][gc,heap     ] GC(609) Survivor regions: 2->2(10)
[2026-03-19T11:36:17.649+0800][294.139s][info][gc,heap     ] GC(609) Old regions: 18->18
[2026-03-19T11:36:17.649+0800][294.139s][info][gc,heap     ] GC(609) Archive regions: 0->0
[2026-03-19T11:36:17.650+0800][294.139s][info][gc,heap     ] GC(609) Humongous regions: 39->9
[2026-03-19T11:36:17.650+0800][294.139s][info][gc,metaspace] GC(609) Metaspace: 22909K(23232K)->22909K(23232K) NonClass: 20299K(20480K)->20299K(20480K) Class: 2610K(2752K)->2610K(2752K)
[2026-03-19T11:36:17.650+0800][294.139s][info][gc          ] GC(609) Pause Young (Concurrent Start) (G1 Humongous Allocation) 69M->27M(128M) 3.674ms
[2026-03-19T11:36:17.650+0800][294.139s][info][gc,cpu      ] GC(609) User=0.00s Sys=0.00s Real=0.00s
[2026-03-19T11:36:17.650+0800][294.139s][info][gc          ] GC(610) Concurrent Undo Cycle
[2026-03-19T11:36:17.650+0800][294.139s][info][gc,marking  ] GC(610) Concurrent Cleanup for Next Mark
[2026-03-19T11:36:17.651+0800][294.140s][info][gc,marking  ] GC(610) Concurrent Cleanup for Next Mark 0.551ms
[2026-03-19T11:36:17.651+0800][294.140s][info][gc          ] GC(610) Concurrent Undo Cycle 0.948ms
[2026-03-19T11:36:18.578+0800][295.067s][info][gc,start    ] GC(611) Pause Young (Concurrent Start) (G1 Humongous Allocation)
[2026-03-19T11:36:18.578+0800][295.067s][info][gc,task     ] GC(611) Using 3 workers of 13 for evacuation
[2026-03-19T11:36:18.581+0800][295.070s][info][gc,phases   ] GC(611)   Pre Evacuate Collection Set: 0.3ms
[2026-03-19T11:36:18.581+0800][295.070s][info][gc,phases   ] GC(611)   Merge Heap Roots: 0.2ms
[2026-03-19T11:36:18.581+0800][295.070s][info][gc,phases   ] GC(611)   Evacuate Collection Set: 0.9ms
[2026-03-19T11:36:18.581+0800][295.070s][info][gc,phases   ] GC(611)   Post Evacuate Collection Set: 1.0ms
[2026-03-19T11:36:18.581+0800][295.071s][info][gc,phases   ] GC(611)   Other: 0.5ms
[2026-03-19T11:36:18.581+0800][295.071s][info][gc,heap     ] GC(611) Eden regions: 13->0(74)
[2026-03-19T11:36:18.581+0800][295.071s][info][gc,heap     ] GC(611) Survivor regions: 2->2(10)
[2026-03-19T11:36:18.581+0800][295.071s][info][gc,heap     ] GC(611) Old regions: 18->18
[2026-03-19T11:36:18.581+0800][295.071s][info][gc,heap     ] GC(611) Archive regions: 0->0
[2026-03-19T11:36:18.581+0800][295.071s][info][gc,heap     ] GC(611) Humongous regions: 39->9
[2026-03-19T11:36:18.581+0800][295.071s][info][gc,metaspace] GC(611) Metaspace: 22909K(23232K)->22909K(23232K) NonClass: 20299K(20480K)->20299K(20480K) Class: 2610K(2752K)->2610K(2752K)
[2026-03-19T11:36:18.582+0800][295.071s][info][gc          ] GC(611) Pause Young (Concurrent Start) (G1 Humongous Allocation) 70M->27M(128M) 3.867ms
[2026-03-19T11:36:18.582+0800][295.071s][info][gc,cpu      ] GC(611) User=0.00s Sys=0.00s Real=0.00s
[2026-03-19T11:36:18.582+0800][295.071s][info][gc          ] GC(612) Concurrent Undo Cycle
[2026-03-19T11:36:18.582+0800][295.072s][info][gc,marking  ] GC(612) Concurrent Cleanup for Next Mark
[2026-03-19T11:36:18.582+0800][295.072s][info][gc,marking  ] GC(612) Concurrent Cleanup for Next Mark 0.499ms
[2026-03-19T11:36:18.583+0800][295.072s][info][gc          ] GC(612) Concurrent Undo Cycle 0.865ms
[2026-03-19T11:36:19.513+0800][296.003s][info][gc,start    ] GC(613) Pause Young (Concurrent Start) (G1 Humongous Allocation)
[2026-03-19T11:36:19.513+0800][296.003s][info][gc,task     ] GC(613) Using 3 workers of 13 for evacuation
[2026-03-19T11:36:19.515+0800][296.005s][info][gc,phases   ] GC(613)   Pre Evacuate Collection Set: 0.2ms
[2026-03-19T11:36:19.515+0800][296.005s][info][gc,phases   ] GC(613)   Merge Heap Roots: 0.2ms
[2026-03-19T11:36:19.515+0800][296.005s][info][gc,phases   ] GC(613)   Evacuate Collection Set: 0.6ms
[2026-03-19T11:36:19.515+0800][296.005s][info][gc,phases   ] GC(613)   Post Evacuate Collection Set: 0.8ms
[2026-03-19T11:36:19.516+0800][296.005s][info][gc,phases   ] GC(613)   Other: 0.3ms
[2026-03-19T11:36:19.516+0800][296.005s][info][gc,heap     ] GC(613) Eden regions: 13->0(74)
[2026-03-19T11:36:19.516+0800][296.005s][info][gc,heap     ] GC(613) Survivor regions: 2->2(10)
[2026-03-19T11:36:19.516+0800][296.005s][info][gc,heap     ] GC(613) Old regions: 18->18
[2026-03-19T11:36:19.516+0800][296.005s][info][gc,heap     ] GC(613) Archive regions: 0->0
[2026-03-19T11:36:19.516+0800][296.005s][info][gc,heap     ] GC(613) Humongous regions: 39->9
[2026-03-19T11:36:19.516+0800][296.005s][info][gc,metaspace] GC(613) Metaspace: 22909K(23232K)->22909K(23232K) NonClass: 20299K(20480K)->20299K(20480K) Class: 2610K(2752K)->2610K(2752K)
[2026-03-19T11:36:19.516+0800][296.005s][info][gc          ] GC(613) Pause Young (Concurrent Start) (G1 Humongous Allocation) 70M->27M(128M) 2.855ms
[2026-03-19T11:36:19.516+0800][296.005s][info][gc,cpu      ] GC(613) User=0.00s Sys=0.00s Real=0.00s
[2026-03-19T11:36:19.516+0800][296.006s][info][gc          ] GC(614) Concurrent Undo Cycle
[2026-03-19T11:36:19.516+0800][296.006s][info][gc,marking  ] GC(614) Concurrent Cleanup for Next Mark
[2026-03-19T11:36:19.517+0800][296.006s][info][gc,marking  ] GC(614) Concurrent Cleanup for Next Mark 0.384ms
[2026-03-19T11:36:19.517+0800][296.006s][info][gc          ] GC(614) Concurrent Undo Cycle 0.611ms
[2026-03-19T11:36:20.454+0800][296.944s][info][gc,start    ] GC(615) Pause Young (Concurrent Start) (G1 Humongous Allocation)
[2026-03-19T11:36:20.454+0800][296.944s][info][gc,task     ] GC(615) Using 3 workers of 13 for evacuation
[2026-03-19T11:36:20.457+0800][296.947s][info][gc,phases   ] GC(615)   Pre Evacuate Collection Set: 0.3ms
[2026-03-19T11:36:20.457+0800][296.947s][info][gc,phases   ] GC(615)   Merge Heap Roots: 0.2ms
[2026-03-19T11:36:20.457+0800][296.947s][info][gc,phases   ] GC(615)   Evacuate Collection Set: 0.8ms
[2026-03-19T11:36:20.457+0800][296.947s][info][gc,phases   ] GC(615)   Post Evacuate Collection Set: 0.9ms
[2026-03-19T11:36:20.457+0800][296.947s][info][gc,phases   ] GC(615)   Other: 0.5ms
[2026-03-19T11:36:20.457+0800][296.947s][info][gc,heap     ] GC(615) Eden regions: 13->0(74)
[2026-03-19T11:36:20.457+0800][296.947s][info][gc,heap     ] GC(615) Survivor regions: 2->2(10)
[2026-03-19T11:36:20.457+0800][296.947s][info][gc,heap     ] GC(615) Old regions: 18->18
[2026-03-19T11:36:20.457+0800][296.947s][info][gc,heap     ] GC(615) Archive regions: 0->0
[2026-03-19T11:36:20.457+0800][296.947s][info][gc,heap     ] GC(615) Humongous regions: 39->9
[2026-03-19T11:36:20.457+0800][296.947s][info][gc,metaspace] GC(615) Metaspace: 22909K(23232K)->22909K(23232K) NonClass: 20299K(20480K)->20299K(20480K) Class: 2610K(2752K)->2610K(2752K)
[2026-03-19T11:36:20.457+0800][296.947s][info][gc          ] GC(615) Pause Young (Concurrent Start) (G1 Humongous Allocation) 70M->27M(128M) 3.143ms
[2026-03-19T11:36:20.457+0800][296.947s][info][gc,cpu      ] GC(615) User=0.00s Sys=0.00s Real=0.00s
[2026-03-19T11:36:20.457+0800][296.947s][info][gc          ] GC(616) Concurrent Undo Cycle
[2026-03-19T11:36:20.457+0800][296.948s][info][gc,marking  ] GC(616) Concurrent Cleanup for Next Mark
[2026-03-19T11:36:20.457+0800][296.948s][info][gc,marking  ] GC(616) Concurrent Cleanup for Next Mark 0.309ms
[2026-03-19T11:36:20.457+0800][296.948s][info][gc          ] GC(616) Concurrent Undo Cycle 0.508ms
[2026-03-19T11:36:21.390+0800][297.879s][info][gc,start    ] GC(617) Pause Young (Concurrent Start) (G1 Humongous Allocation)
[2026-03-19T11:36:21.390+0800][297.880s][info][gc,task     ] GC(617) Using 3 workers of 13 for evacuation
[2026-03-19T11:36:21.392+0800][297.881s][info][gc,phases   ] GC(617)   Pre Evacuate Collection Set: 0.2ms
[2026-03-19T11:36:21.392+0800][297.882s][info][gc,phases   ] GC(617)   Merge Heap Roots: 0.2ms
[2026-03-19T11:36:21.392+0800][297.882s][info][gc,phases   ] GC(617)   Evacuate Collection Set: 0.7ms
[2026-03-19T11:36:21.392+0800][297.882s][info][gc,phases   ] GC(617)   Post Evacuate Collection Set: 0.7ms
[2026-03-19T11:36:21.392+0800][297.882s][info][gc,phases   ] GC(617)   Other: 0.5ms
[2026-03-19T11:36:21.392+0800][297.882s][info][gc,heap     ] GC(617) Eden regions: 13->0(74)
[2026-03-19T11:36:21.392+0800][297.882s][info][gc,heap     ] GC(617) Survivor regions: 2->2(10)
[2026-03-19T11:36:21.392+0800][297.882s][info][gc,heap     ] GC(617) Old regions: 18->18
[2026-03-19T11:36:21.392+0800][297.882s][info][gc,heap     ] GC(617) Archive regions: 0->0
[2026-03-19T11:36:21.392+0800][297.882s][info][gc,heap     ] GC(617) Humongous regions: 39->9
[2026-03-19T11:36:21.392+0800][297.882s][info][gc,metaspace] GC(617) Metaspace: 22909K(23232K)->22909K(23232K) NonClass: 20299K(20480K)->20299K(20480K) Class: 2610K(2752K)->2610K(2752K)
[2026-03-19T11:36:21.393+0800][297.882s][info][gc          ] GC(617) Pause Young (Concurrent Start) (G1 Humongous Allocation) 70M->27M(128M) 2.746ms
[2026-03-19T11:36:21.393+0800][297.882s][info][gc,cpu      ] GC(617) User=0.00s Sys=0.00s Real=0.00s
[2026-03-19T11:36:21.393+0800][297.882s][info][gc          ] GC(618) Concurrent Undo Cycle
[2026-03-19T11:36:21.393+0800][297.882s][info][gc,marking  ] GC(618) Concurrent Cleanup for Next Mark
[2026-03-19T11:36:21.393+0800][297.883s][info][gc,marking  ] GC(618) Concurrent Cleanup for Next Mark 0.365ms
[2026-03-19T11:36:21.393+0800][297.883s][info][gc          ] GC(618) Concurrent Undo Cycle 0.559ms
[2026-03-19T11:36:22.324+0800][298.814s][info][gc,start    ] GC(619) Pause Young (Concurrent Start) (G1 Humongous Allocation)
[2026-03-19T11:36:22.325+0800][298.814s][info][gc,task     ] GC(619) Using 3 workers of 13 for evacuation
[2026-03-19T11:36:22.327+0800][298.816s][info][gc,phases   ] GC(619)   Pre Evacuate Collection Set: 0.2ms
[2026-03-19T11:36:22.327+0800][298.816s][info][gc,phases   ] GC(619)   Merge Heap Roots: 0.2ms
[2026-03-19T11:36:22.327+0800][298.816s][info][gc,phases   ] GC(619)   Evacuate Collection Set: 0.8ms
[2026-03-19T11:36:22.327+0800][298.816s][info][gc,phases   ] GC(619)   Post Evacuate Collection Set: 0.8ms
[2026-03-19T11:36:22.327+0800][298.817s][info][gc,phases   ] GC(619)   Other: 0.5ms
[2026-03-19T11:36:22.327+0800][298.817s][info][gc,heap     ] GC(619) Eden regions: 13->0(74)
[2026-03-19T11:36:22.327+0800][298.817s][info][gc,heap     ] GC(619) Survivor regions: 2->2(10)
[2026-03-19T11:36:22.327+0800][298.817s][info][gc,heap     ] GC(619) Old regions: 18->18
[2026-03-19T11:36:22.327+0800][298.817s][info][gc,heap     ] GC(619) Archive regions: 0->0
[2026-03-19T11:36:22.327+0800][298.817s][info][gc,heap     ] GC(619) Humongous regions: 39->9
[2026-03-19T11:36:22.327+0800][298.817s][info][gc,metaspace] GC(619) Metaspace: 22909K(23232K)->22909K(23232K) NonClass: 20299K(20480K)->20299K(20480K) Class: 2610K(2752K)->2610K(2752K)
[2026-03-19T11:36:22.327+0800][298.817s][info][gc          ] GC(619) Pause Young (Concurrent Start) (G1 Humongous Allocation) 70M->27M(128M) 2.933ms
[2026-03-19T11:36:22.327+0800][298.817s][info][gc,cpu      ] GC(619) User=0.00s Sys=0.00s Real=0.00s
[2026-03-19T11:36:22.328+0800][298.817s][info][gc          ] GC(620) Concurrent Undo Cycle
[2026-03-19T11:36:22.328+0800][298.817s][info][gc,marking  ] GC(620) Concurrent Cleanup for Next Mark
[2026-03-19T11:36:22.328+0800][298.817s][info][gc,marking  ] GC(620) Concurrent Cleanup for Next Mark 0.310ms
[2026-03-19T11:36:22.328+0800][298.817s][info][gc          ] GC(620) Concurrent Undo Cycle 0.477ms
[2026-03-19T11:36:23.258+0800][299.748s][info][gc,start    ] GC(621) Pause Young (Concurrent Start) (G1 Humongous Allocation)
[2026-03-19T11:36:23.258+0800][299.748s][info][gc,task     ] GC(621) Using 3 workers of 13 for evacuation
[2026-03-19T11:36:23.260+0800][299.750s][info][gc,phases   ] GC(621)   Pre Evacuate Collection Set: 0.2ms
[2026-03-19T11:36:23.260+0800][299.750s][info][gc,phases   ] GC(621)   Merge Heap Roots: 0.2ms
[2026-03-19T11:36:23.260+0800][299.750s][info][gc,phases   ] GC(621)   Evacuate Collection Set: 0.8ms
[2026-03-19T11:36:23.260+0800][299.750s][info][gc,phases   ] GC(621)   Post Evacuate Collection Set: 0.8ms
[2026-03-19T11:36:23.260+0800][299.750s][info][gc,phases   ] GC(621)   Other: 0.4ms
[2026-03-19T11:36:23.260+0800][299.750s][info][gc,heap     ] GC(621) Eden regions: 13->0(74)
[2026-03-19T11:36:23.261+0800][299.750s][info][gc,heap     ] GC(621) Survivor regions: 2->2(10)
[2026-03-19T11:36:23.261+0800][299.750s][info][gc,heap     ] GC(621) Old regions: 18->18
[2026-03-19T11:36:23.261+0800][299.751s][info][gc,heap     ] GC(621) Archive regions: 0->0
[2026-03-19T11:36:23.261+0800][299.751s][info][gc,heap     ] GC(621) Humongous regions: 39->9
[2026-03-19T11:36:23.261+0800][299.751s][info][gc,metaspace] GC(621) Metaspace: 22909K(23232K)->22909K(23232K) NonClass: 20299K(20480K)->20299K(20480K) Class: 2610K(2752K)->2610K(2752K)
[2026-03-19T11:36:23.261+0800][299.751s][info][gc          ] GC(621) Pause Young (Concurrent Start) (G1 Humongous Allocation) 70M->27M(128M) 3.049ms
[2026-03-19T11:36:23.261+0800][299.751s][info][gc,cpu      ] GC(621) User=0.00s Sys=0.00s Real=0.00s
[2026-03-19T11:36:23.261+0800][299.751s][info][gc          ] GC(622) Concurrent Undo Cycle
[2026-03-19T11:36:23.261+0800][299.751s][info][gc,marking  ] GC(622) Concurrent Cleanup for Next Mark
[2026-03-19T11:36:23.261+0800][299.751s][info][gc,marking  ] GC(622) Concurrent Cleanup for Next Mark 0.338ms
[2026-03-19T11:36:23.261+0800][299.751s][info][gc          ] GC(622) Concurrent Undo Cycle 0.541ms
[2026-03-19T11:36:24.195+0800][300.684s][info][gc,start    ] GC(623) Pause Young (Concurrent Start) (G1 Humongous Allocation)
[2026-03-19T11:36:24.195+0800][300.685s][info][gc,task     ] GC(623) Using 3 workers of 13 for evacuation
[2026-03-19T11:36:24.197+0800][300.687s][info][gc,phases   ] GC(623)   Pre Evacuate Collection Set: 0.2ms
[2026-03-19T11:36:24.197+0800][300.687s][info][gc,phases   ] GC(623)   Merge Heap Roots: 0.1ms
[2026-03-19T11:36:24.197+0800][300.687s][info][gc,phases   ] GC(623)   Evacuate Collection Set: 0.9ms
[2026-03-19T11:36:24.197+0800][300.687s][info][gc,phases   ] GC(623)   Post Evacuate Collection Set: 0.9ms
[2026-03-19T11:36:24.197+0800][300.688s][info][gc,phases   ] GC(623)   Other: 0.5ms
[2026-03-19T11:36:24.197+0800][300.688s][info][gc,heap     ] GC(623) Eden regions: 12->0(74)
[2026-03-19T11:36:24.197+0800][300.688s][info][gc,heap     ] GC(623) Survivor regions: 2->2(10)
[2026-03-19T11:36:24.197+0800][300.688s][info][gc,heap     ] GC(623) Old regions: 18->18
[2026-03-19T11:36:24.197+0800][300.688s][info][gc,heap     ] GC(623) Archive regions: 0->0
[2026-03-19T11:36:24.197+0800][300.688s][info][gc,heap     ] GC(623) Humongous regions: 39->9
[2026-03-19T11:36:24.199+0800][300.688s][info][gc,metaspace] GC(623) Metaspace: 22909K(23232K)->22909K(23232K) NonClass: 20299K(20480K)->20299K(20480K) Class: 2610K(2752K)->2610K(2752K)
[2026-03-19T11:36:24.199+0800][300.688s][info][gc          ] GC(623) Pause Young (Concurrent Start) (G1 Humongous Allocation) 69M->27M(128M) 3.529ms
[2026-03-19T11:36:24.199+0800][300.688s][info][gc,cpu      ] GC(623) User=0.00s Sys=0.00s Real=0.00s
[2026-03-19T11:36:24.199+0800][300.688s][info][gc          ] GC(624) Concurrent Undo Cycle
[2026-03-19T11:36:24.199+0800][300.689s][info][gc,marking  ] GC(624) Concurrent Cleanup for Next Mark
[2026-03-19T11:36:24.200+0800][300.689s][info][gc,marking  ] GC(624) Concurrent Cleanup for Next Mark 0.511ms
[2026-03-19T11:36:24.200+0800][300.689s][info][gc          ] GC(624) Concurrent Undo Cycle 0.967ms
[2026-03-19T11:36:25.141+0800][301.630s][info][gc,start    ] GC(625) Pause Young (Concurrent Start) (G1 Humongous Allocation)
[2026-03-19T11:36:25.141+0800][301.630s][info][gc,task     ] GC(625) Using 3 workers of 13 for evacuation
[2026-03-19T11:36:25.142+0800][301.632s][info][gc,phases   ] GC(625)   Pre Evacuate Collection Set: 0.1ms
[2026-03-19T11:36:25.143+0800][301.632s][info][gc,phases   ] GC(625)   Merge Heap Roots: 0.2ms
[2026-03-19T11:36:25.143+0800][301.632s][info][gc,phases   ] GC(625)   Evacuate Collection Set: 0.6ms
[2026-03-19T11:36:25.143+0800][301.632s][info][gc,phases   ] GC(625)   Post Evacuate Collection Set: 0.6ms
[2026-03-19T11:36:25.143+0800][301.632s][info][gc,phases   ] GC(625)   Other: 0.2ms
[2026-03-19T11:36:25.143+0800][301.632s][info][gc,heap     ] GC(625) Eden regions: 13->0(74)
[2026-03-19T11:36:25.143+0800][301.632s][info][gc,heap     ] GC(625) Survivor regions: 2->2(10)
[2026-03-19T11:36:25.143+0800][301.632s][info][gc,heap     ] GC(625) Old regions: 18->18
[2026-03-19T11:36:25.143+0800][301.632s][info][gc,heap     ] GC(625) Archive regions: 0->0
[2026-03-19T11:36:25.143+0800][301.632s][info][gc,heap     ] GC(625) Humongous regions: 39->9
[2026-03-19T11:36:25.143+0800][301.632s][info][gc,metaspace] GC(625) Metaspace: 22909K(23232K)->22909K(23232K) NonClass: 20299K(20480K)->20299K(20480K) Class: 2610K(2752K)->2610K(2752K)
[2026-03-19T11:36:25.143+0800][301.632s][info][gc          ] GC(625) Pause Young (Concurrent Start) (G1 Humongous Allocation) 70M->27M(128M) 2.264ms
[2026-03-19T11:36:25.143+0800][301.632s][info][gc,cpu      ] GC(625) User=0.00s Sys=0.00s Real=0.00s
[2026-03-19T11:36:25.143+0800][301.632s][info][gc          ] GC(626) Concurrent Undo Cycle
[2026-03-19T11:36:25.143+0800][301.632s][info][gc,marking  ] GC(626) Concurrent Cleanup for Next Mark
[2026-03-19T11:36:25.143+0800][301.633s][info][gc,marking  ] GC(626) Concurrent Cleanup for Next Mark 0.295ms
[2026-03-19T11:36:25.143+0800][301.633s][info][gc          ] GC(626) Concurrent Undo Cycle 0.443ms
[2026-03-19T11:36:26.076+0800][302.566s][info][gc,start    ] GC(627) Pause Young (Concurrent Start) (G1 Humongous Allocation)
[2026-03-19T11:36:26.077+0800][302.567s][info][gc,task     ] GC(627) Using 3 workers of 13 for evacuation
[2026-03-19T11:36:26.079+0800][302.569s][info][gc,phases   ] GC(627)   Pre Evacuate Collection Set: 0.2ms
[2026-03-19T11:36:26.079+0800][302.569s][info][gc,phases   ] GC(627)   Merge Heap Roots: 0.1ms
[2026-03-19T11:36:26.079+0800][302.569s][info][gc,phases   ] GC(627)   Evacuate Collection Set: 0.8ms
[2026-03-19T11:36:26.079+0800][302.569s][info][gc,phases   ] GC(627)   Post Evacuate Collection Set: 0.9ms
[2026-03-19T11:36:26.079+0800][302.569s][info][gc,phases   ] GC(627)   Other: 0.7ms
[2026-03-19T11:36:26.079+0800][302.569s][info][gc,heap     ] GC(627) Eden regions: 12->0(74)
[2026-03-19T11:36:26.079+0800][302.569s][info][gc,heap     ] GC(627) Survivor regions: 2->2(10)
[2026-03-19T11:36:26.079+0800][302.569s][info][gc,heap     ] GC(627) Old regions: 18->18
[2026-03-19T11:36:26.080+0800][302.569s][info][gc,heap     ] GC(627) Archive regions: 0->0
[2026-03-19T11:36:26.080+0800][302.570s][info][gc,heap     ] GC(627) Humongous regions: 39->9
[2026-03-19T11:36:26.080+0800][302.570s][info][gc,metaspace] GC(627) Metaspace: 22909K(23232K)->22909K(23232K) NonClass: 20299K(20480K)->20299K(20480K) Class: 2610K(2752K)->2610K(2752K)
[2026-03-19T11:36:26.080+0800][302.570s][info][gc          ] GC(627) Pause Young (Concurrent Start) (G1 Humongous Allocation) 69M->27M(128M) 3.513ms
[2026-03-19T11:36:26.080+0800][302.570s][info][gc,cpu      ] GC(627) User=0.00s Sys=0.00s Real=0.00s
[2026-03-19T11:36:26.080+0800][302.570s][info][gc          ] GC(628) Concurrent Undo Cycle
[2026-03-19T11:36:26.080+0800][302.570s][info][gc,marking  ] GC(628) Concurrent Cleanup for Next Mark
[2026-03-19T11:36:26.081+0800][302.571s][info][gc,marking  ] GC(628) Concurrent Cleanup for Next Mark 0.522ms
[2026-03-19T11:36:26.081+0800][302.571s][info][gc          ] GC(628) Concurrent Undo Cycle 0.948ms
[2026-03-19T11:36:27.027+0800][303.517s][info][gc,start    ] GC(629) Pause Young (Concurrent Start) (G1 Humongous Allocation)
[2026-03-19T11:36:27.027+0800][303.517s][info][gc,task     ] GC(629) Using 3 workers of 13 for evacuation
[2026-03-19T11:36:27.030+0800][303.519s][info][gc,phases   ] GC(629)   Pre Evacuate Collection Set: 0.3ms
[2026-03-19T11:36:27.030+0800][303.519s][info][gc,phases   ] GC(629)   Merge Heap Roots: 0.2ms
[2026-03-19T11:36:27.030+0800][303.519s][info][gc,phases   ] GC(629)   Evacuate Collection Set: 0.8ms
[2026-03-19T11:36:27.030+0800][303.519s][info][gc,phases   ] GC(629)   Post Evacuate Collection Set: 0.9ms
[2026-03-19T11:36:27.030+0800][303.520s][info][gc,phases   ] GC(629)   Other: 0.3ms
[2026-03-19T11:36:27.030+0800][303.520s][info][gc,heap     ] GC(629) Eden regions: 13->0(74)
[2026-03-19T11:36:27.030+0800][303.520s][info][gc,heap     ] GC(629) Survivor regions: 2->2(10)
[2026-03-19T11:36:27.030+0800][303.520s][info][gc,heap     ] GC(629) Old regions: 18->18
[2026-03-19T11:36:27.030+0800][303.520s][info][gc,heap     ] GC(629) Archive regions: 0->0
[2026-03-19T11:36:27.030+0800][303.520s][info][gc,heap     ] GC(629) Humongous regions: 39->9
[2026-03-19T11:36:27.030+0800][303.520s][info][gc,metaspace] GC(629) Metaspace: 22909K(23232K)->22909K(23232K) NonClass: 20299K(20480K)->20299K(20480K) Class: 2610K(2752K)->2610K(2752K)
[2026-03-19T11:36:27.030+0800][303.520s][info][gc          ] GC(629) Pause Young (Concurrent Start) (G1 Humongous Allocation) 70M->27M(128M) 2.897ms
[2026-03-19T11:36:27.030+0800][303.520s][info][gc,cpu      ] GC(629) User=0.00s Sys=0.00s Real=0.00s
[2026-03-19T11:36:27.030+0800][303.520s][info][gc          ] GC(630) Concurrent Undo Cycle
[2026-03-19T11:36:27.030+0800][303.520s][info][gc,marking  ] GC(630) Concurrent Cleanup for Next Mark
[2026-03-19T11:36:27.031+0800][303.521s][info][gc,marking  ] GC(630) Concurrent Cleanup for Next Mark 0.583ms
[2026-03-19T11:36:27.031+0800][303.521s][info][gc          ] GC(630) Concurrent Undo Cycle 0.784ms
[2026-03-19T11:36:27.947+0800][304.437s][info][gc,start    ] GC(631) Pause Young (Concurrent Start) (G1 Humongous Allocation)
[2026-03-19T11:36:27.948+0800][304.437s][info][gc,task     ] GC(631) Using 3 workers of 13 for evacuation
[2026-03-19T11:36:27.949+0800][304.439s][info][gc,phases   ] GC(631)   Pre Evacuate Collection Set: 0.2ms
[2026-03-19T11:36:27.949+0800][304.439s][info][gc,phases   ] GC(631)   Merge Heap Roots: 0.1ms
[2026-03-19T11:36:27.949+0800][304.439s][info][gc,phases   ] GC(631)   Evacuate Collection Set: 0.7ms
[2026-03-19T11:36:27.949+0800][304.439s][info][gc,phases   ] GC(631)   Post Evacuate Collection Set: 0.7ms
[2026-03-19T11:36:27.949+0800][304.439s][info][gc,phases   ] GC(631)   Other: 0.4ms
[2026-03-19T11:36:27.949+0800][304.439s][info][gc,heap     ] GC(631) Eden regions: 13->0(74)
[2026-03-19T11:36:27.950+0800][304.439s][info][gc,heap     ] GC(631) Survivor regions: 2->2(10)
[2026-03-19T11:36:27.950+0800][304.439s][info][gc,heap     ] GC(631) Old regions: 18->18
[2026-03-19T11:36:27.950+0800][304.439s][info][gc,heap     ] GC(631) Archive regions: 0->0
[2026-03-19T11:36:27.950+0800][304.439s][info][gc,heap     ] GC(631) Humongous regions: 39->9
[2026-03-19T11:36:27.950+0800][304.439s][info][gc,metaspace] GC(631) Metaspace: 22909K(23232K)->22909K(23232K) NonClass: 20299K(20480K)->20299K(20480K) Class: 2610K(2752K)->2610K(2752K)
[2026-03-19T11:36:27.950+0800][304.439s][info][gc          ] GC(631) Pause Young (Concurrent Start) (G1 Humongous Allocation) 70M->27M(128M) 2.669ms
[2026-03-19T11:36:27.950+0800][304.439s][info][gc,cpu      ] GC(631) User=0.03s Sys=0.00s Real=0.00s
[2026-03-19T11:36:27.950+0800][304.439s][info][gc          ] GC(632) Concurrent Undo Cycle
[2026-03-19T11:36:27.950+0800][304.440s][info][gc,marking  ] GC(632) Concurrent Cleanup for Next Mark
[2026-03-19T11:36:27.951+0800][304.440s][info][gc,marking  ] GC(632) Concurrent Cleanup for Next Mark 0.417ms
[2026-03-19T11:36:27.951+0800][304.440s][info][gc          ] GC(632) Concurrent Undo Cycle 0.823ms
[2026-03-19T11:36:28.895+0800][305.385s][info][gc,start    ] GC(633) Pause Young (Concurrent Start) (G1 Humongous Allocation)
[2026-03-19T11:36:28.896+0800][305.385s][info][gc,task     ] GC(633) Using 3 workers of 13 for evacuation
[2026-03-19T11:36:28.897+0800][305.388s][info][gc,phases   ] GC(633)   Pre Evacuate Collection Set: 0.2ms
[2026-03-19T11:36:28.899+0800][305.388s][info][gc,phases   ] GC(633)   Merge Heap Roots: 0.1ms
[2026-03-19T11:36:28.899+0800][305.388s][info][gc,phases   ] GC(633)   Evacuate Collection Set: 1.0ms
[2026-03-19T11:36:28.899+0800][305.388s][info][gc,phases   ] GC(633)   Post Evacuate Collection Set: 0.6ms
[2026-03-19T11:36:28.899+0800][305.388s][info][gc,phases   ] GC(633)   Other: 0.8ms
[2026-03-19T11:36:28.899+0800][305.389s][info][gc,heap     ] GC(633) Eden regions: 13->0(74)
[2026-03-19T11:36:28.899+0800][305.389s][info][gc,heap     ] GC(633) Survivor regions: 2->2(10)
[2026-03-19T11:36:28.899+0800][305.389s][info][gc,heap     ] GC(633) Old regions: 18->18
[2026-03-19T11:36:28.899+0800][305.389s][info][gc,heap     ] GC(633) Archive regions: 0->0
[2026-03-19T11:36:28.899+0800][305.389s][info][gc,heap     ] GC(633) Humongous regions: 39->9
[2026-03-19T11:36:28.900+0800][305.389s][info][gc,metaspace] GC(633) Metaspace: 22909K(23232K)->22909K(23232K) NonClass: 20299K(20480K)->20299K(20480K) Class: 2610K(2752K)->2610K(2752K)
[2026-03-19T11:36:28.900+0800][305.389s][info][gc          ] GC(633) Pause Young (Concurrent Start) (G1 Humongous Allocation) 70M->27M(128M) 4.081ms
[2026-03-19T11:36:28.900+0800][305.389s][info][gc,cpu      ] GC(633) User=0.00s Sys=0.00s Real=0.01s
[2026-03-19T11:36:28.900+0800][305.390s][info][gc          ] GC(634) Concurrent Undo Cycle
[2026-03-19T11:36:28.900+0800][305.390s][info][gc,marking  ] GC(634) Concurrent Cleanup for Next Mark
[2026-03-19T11:36:28.901+0800][305.390s][info][gc,marking  ] GC(634) Concurrent Cleanup for Next Mark 0.511ms
[2026-03-19T11:36:28.901+0800][305.391s][info][gc          ] GC(634) Concurrent Undo Cycle 0.927ms
[2026-03-19T11:36:29.866+0800][306.355s][info][gc,start    ] GC(635) Pause Young (Concurrent Start) (G1 Humongous Allocation)
[2026-03-19T11:36:29.866+0800][306.356s][info][gc,task     ] GC(635) Using 3 workers of 13 for evacuation
[2026-03-19T11:36:29.869+0800][306.358s][info][gc,phases   ] GC(635)   Pre Evacuate Collection Set: 0.2ms
[2026-03-19T11:36:29.869+0800][306.358s][info][gc,phases   ] GC(635)   Merge Heap Roots: 0.1ms
[2026-03-19T11:36:29.869+0800][306.358s][info][gc,phases   ] GC(635)   Evacuate Collection Set: 1.0ms
[2026-03-19T11:36:29.869+0800][306.358s][info][gc,phases   ] GC(635)   Post Evacuate Collection Set: 0.7ms
[2026-03-19T11:36:29.869+0800][306.358s][info][gc,phases   ] GC(635)   Other: 0.5ms
[2026-03-19T11:36:29.869+0800][306.358s][info][gc,heap     ] GC(635) Eden regions: 13->0(74)
[2026-03-19T11:36:29.869+0800][306.358s][info][gc,heap     ] GC(635) Survivor regions: 2->2(10)
[2026-03-19T11:36:29.869+0800][306.359s][info][gc,heap     ] GC(635) Old regions: 18->18
[2026-03-19T11:36:29.869+0800][306.359s][info][gc,heap     ] GC(635) Archive regions: 0->0
[2026-03-19T11:36:29.869+0800][306.359s][info][gc,heap     ] GC(635) Humongous regions: 39->9
[2026-03-19T11:36:29.869+0800][306.359s][info][gc,metaspace] GC(635) Metaspace: 22909K(23232K)->22909K(23232K) NonClass: 20299K(20480K)->20299K(20480K) Class: 2610K(2752K)->2610K(2752K)
[2026-03-19T11:36:29.869+0800][306.359s][info][gc          ] GC(635) Pause Young (Concurrent Start) (G1 Humongous Allocation) 70M->27M(128M) 3.690ms
[2026-03-19T11:36:29.869+0800][306.359s][info][gc,cpu      ] GC(635) User=0.00s Sys=0.00s Real=0.00s
[2026-03-19T11:36:29.870+0800][306.360s][info][gc          ] GC(636) Concurrent Undo Cycle
[2026-03-19T11:36:29.870+0800][306.360s][info][gc,marking  ] GC(636) Concurrent Cleanup for Next Mark
[2026-03-19T11:36:29.871+0800][306.360s][info][gc,marking  ] GC(636) Concurrent Cleanup for Next Mark 0.446ms
[2026-03-19T11:36:29.871+0800][306.361s][info][gc          ] GC(636) Concurrent Undo Cycle 1.094ms
[2026-03-19T11:36:30.830+0800][307.320s][info][gc,start    ] GC(637) Pause Young (Concurrent Start) (G1 Humongous Allocation)
[2026-03-19T11:36:30.830+0800][307.320s][info][gc,task     ] GC(637) Using 3 workers of 13 for evacuation
[2026-03-19T11:36:30.834+0800][307.323s][info][gc,phases   ] GC(637)   Pre Evacuate Collection Set: 0.4ms
[2026-03-19T11:36:30.834+0800][307.323s][info][gc,phases   ] GC(637)   Merge Heap Roots: 0.2ms
[2026-03-19T11:36:30.834+0800][307.323s][info][gc,phases   ] GC(637)   Evacuate Collection Set: 1.2ms
[2026-03-19T11:36:30.834+0800][307.324s][info][gc,phases   ] GC(637)   Post Evacuate Collection Set: 0.7ms
[2026-03-19T11:36:30.834+0800][307.324s][info][gc,phases   ] GC(637)   Other: 1.1ms
[2026-03-19T11:36:30.834+0800][307.324s][info][gc,heap     ] GC(637) Eden regions: 13->0(74)
[2026-03-19T11:36:30.835+0800][307.324s][info][gc,heap     ] GC(637) Survivor regions: 2->2(10)
[2026-03-19T11:36:30.835+0800][307.324s][info][gc,heap     ] GC(637) Old regions: 18->18
[2026-03-19T11:36:30.835+0800][307.324s][info][gc,heap     ] GC(637) Archive regions: 0->0
[2026-03-19T11:36:30.835+0800][307.324s][info][gc,heap     ] GC(637) Humongous regions: 39->9
[2026-03-19T11:36:30.835+0800][307.325s][info][gc,metaspace] GC(637) Metaspace: 22909K(23232K)->22909K(23232K) NonClass: 20299K(20480K)->20299K(20480K) Class: 2610K(2752K)->2610K(2752K)
[2026-03-19T11:36:30.835+0800][307.325s][info][gc          ] GC(637) Pause Young (Concurrent Start) (G1 Humongous Allocation) 70M->27M(128M) 5.174ms
[2026-03-19T11:36:30.836+0800][307.325s][info][gc,cpu      ] GC(637) User=0.00s Sys=0.00s Real=0.01s
[2026-03-19T11:36:30.836+0800][307.325s][info][gc          ] GC(638) Concurrent Undo Cycle
[2026-03-19T11:36:30.836+0800][307.325s][info][gc,marking  ] GC(638) Concurrent Cleanup for Next Mark
[2026-03-19T11:36:30.836+0800][307.326s][info][gc,marking  ] GC(638) Concurrent Cleanup for Next Mark 0.393ms
[2026-03-19T11:36:30.837+0800][307.326s][info][gc          ] GC(638) Concurrent Undo Cycle 1.164ms
[2026-03-19T11:36:31.800+0800][308.289s][info][gc,start    ] GC(639) Pause Young (Concurrent Start) (G1 Humongous Allocation)
[2026-03-19T11:36:31.800+0800][308.290s][info][gc,task     ] GC(639) Using 3 workers of 13 for evacuation
[2026-03-19T11:36:31.802+0800][308.291s][info][gc,phases   ] GC(639)   Pre Evacuate Collection Set: 0.1ms
[2026-03-19T11:36:31.802+0800][308.291s][info][gc,phases   ] GC(639)   Merge Heap Roots: 0.1ms
[2026-03-19T11:36:31.802+0800][308.292s][info][gc,phases   ] GC(639)   Evacuate Collection Set: 0.7ms
[2026-03-19T11:36:31.802+0800][308.292s][info][gc,phases   ] GC(639)   Post Evacuate Collection Set: 0.6ms
[2026-03-19T11:36:31.802+0800][308.292s][info][gc,phases   ] GC(639)   Other: 0.5ms
[2026-03-19T11:36:31.802+0800][308.292s][info][gc,heap     ] GC(639) Eden regions: 13->0(74)
[2026-03-19T11:36:31.803+0800][308.292s][info][gc,heap     ] GC(639) Survivor regions: 2->2(10)
[2026-03-19T11:36:31.803+0800][308.292s][info][gc,heap     ] GC(639) Old regions: 18->18
[2026-03-19T11:36:31.803+0800][308.292s][info][gc,heap     ] GC(639) Archive regions: 0->0
[2026-03-19T11:36:31.803+0800][308.292s][info][gc,heap     ] GC(639) Humongous regions: 39->9
[2026-03-19T11:36:31.803+0800][308.292s][info][gc,metaspace] GC(639) Metaspace: 22909K(23232K)->22909K(23232K) NonClass: 20299K(20480K)->20299K(20480K) Class: 2610K(2752K)->2610K(2752K)
[2026-03-19T11:36:31.803+0800][308.292s][info][gc          ] GC(639) Pause Young (Concurrent Start) (G1 Humongous Allocation) 70M->27M(128M) 2.573ms
[2026-03-19T11:36:31.803+0800][308.292s][info][gc,cpu      ] GC(639) User=0.00s Sys=0.00s Real=0.00s
[2026-03-19T11:36:31.803+0800][308.292s][info][gc          ] GC(640) Concurrent Undo Cycle
[2026-03-19T11:36:31.803+0800][308.292s][info][gc,marking  ] GC(640) Concurrent Cleanup for Next Mark
[2026-03-19T11:36:31.803+0800][308.293s][info][gc,marking  ] GC(640) Concurrent Cleanup for Next Mark 0.287ms
[2026-03-19T11:36:31.803+0800][308.293s][info][gc          ] GC(640) Concurrent Undo Cycle 0.497ms
[2026-03-19T11:36:32.764+0800][309.253s][info][gc,start    ] GC(641) Pause Young (Concurrent Start) (G1 Humongous Allocation)
[2026-03-19T11:36:32.764+0800][309.253s][info][gc,task     ] GC(641) Using 3 workers of 13 for evacuation
[2026-03-19T11:36:32.766+0800][309.255s][info][gc,phases   ] GC(641)   Pre Evacuate Collection Set: 0.1ms
[2026-03-19T11:36:32.766+0800][309.255s][info][gc,phases   ] GC(641)   Merge Heap Roots: 0.1ms
[2026-03-19T11:36:32.766+0800][309.256s][info][gc,phases   ] GC(641)   Evacuate Collection Set: 0.8ms
[2026-03-19T11:36:32.766+0800][309.256s][info][gc,phases   ] GC(641)   Post Evacuate Collection Set: 0.5ms
[2026-03-19T11:36:32.767+0800][309.256s][info][gc,phases   ] GC(641)   Other: 0.8ms
[2026-03-19T11:36:32.767+0800][309.256s][info][gc,heap     ] GC(641) Eden regions: 12->0(74)
[2026-03-19T11:36:32.767+0800][309.256s][info][gc,heap     ] GC(641) Survivor regions: 2->2(10)
[2026-03-19T11:36:32.767+0800][309.256s][info][gc,heap     ] GC(641) Old regions: 18->18
[2026-03-19T11:36:32.767+0800][309.256s][info][gc,heap     ] GC(641) Archive regions: 0->0
[2026-03-19T11:36:32.767+0800][309.256s][info][gc,heap     ] GC(641) Humongous regions: 39->9
[2026-03-19T11:36:32.767+0800][309.256s][info][gc,metaspace] GC(641) Metaspace: 22909K(23232K)->22909K(23232K) NonClass: 20299K(20480K)->20299K(20480K) Class: 2610K(2752K)->2610K(2752K)
[2026-03-19T11:36:32.767+0800][309.256s][info][gc          ] GC(641) Pause Young (Concurrent Start) (G1 Humongous Allocation) 69M->27M(128M) 3.152ms
[2026-03-19T11:36:32.767+0800][309.256s][info][gc,cpu      ] GC(641) User=0.00s Sys=0.00s Real=0.00s
[2026-03-19T11:36:32.767+0800][309.256s][info][gc          ] GC(642) Concurrent Undo Cycle
[2026-03-19T11:36:32.768+0800][309.257s][info][gc,marking  ] GC(642) Concurrent Cleanup for Next Mark
[2026-03-19T11:36:32.768+0800][309.257s][info][gc,marking  ] GC(642) Concurrent Cleanup for Next Mark 0.436ms
[2026-03-19T11:36:32.768+0800][309.257s][info][gc          ] GC(642) Concurrent Undo Cycle 0.865ms
[2026-03-19T11:36:33.739+0800][310.229s][info][gc,start    ] GC(643) Pause Young (Concurrent Start) (G1 Humongous Allocation)
[2026-03-19T11:36:33.740+0800][310.229s][info][gc,task     ] GC(643) Using 3 workers of 13 for evacuation
[2026-03-19T11:36:33.742+0800][310.231s][info][gc,phases   ] GC(643)   Pre Evacuate Collection Set: 0.2ms
[2026-03-19T11:36:33.742+0800][310.232s][info][gc,phases   ] GC(643)   Merge Heap Roots: 0.1ms
[2026-03-19T11:36:33.743+0800][310.232s][info][gc,phases   ] GC(643)   Evacuate Collection Set: 1.0ms
[2026-03-19T11:36:33.743+0800][310.232s][info][gc,phases   ] GC(643)   Post Evacuate Collection Set: 0.5ms
[2026-03-19T11:36:33.743+0800][310.232s][info][gc,phases   ] GC(643)   Other: 0.8ms
[2026-03-19T11:36:33.743+0800][310.232s][info][gc,heap     ] GC(643) Eden regions: 13->0(74)
[2026-03-19T11:36:33.743+0800][310.232s][info][gc,heap     ] GC(643) Survivor regions: 2->2(10)
[2026-03-19T11:36:33.743+0800][310.233s][info][gc,heap     ] GC(643) Old regions: 18->18
[2026-03-19T11:36:33.743+0800][310.233s][info][gc,heap     ] GC(643) Archive regions: 0->0
[2026-03-19T11:36:33.744+0800][310.233s][info][gc,heap     ] GC(643) Humongous regions: 39->9
[2026-03-19T11:36:33.744+0800][310.233s][info][gc,metaspace] GC(643) Metaspace: 22909K(23232K)->22909K(23232K) NonClass: 20299K(20480K)->20299K(20480K) Class: 2610K(2752K)->2610K(2752K)
[2026-03-19T11:36:33.744+0800][310.233s][info][gc          ] GC(643) Pause Young (Concurrent Start) (G1 Humongous Allocation) 69M->27M(128M) 4.840ms
[2026-03-19T11:36:33.744+0800][310.234s][info][gc,cpu      ] GC(643) User=0.00s Sys=0.00s Real=0.00s
[2026-03-19T11:36:33.744+0800][310.234s][info][gc          ] GC(644) Concurrent Undo Cycle
[2026-03-19T11:36:33.745+0800][310.234s][info][gc,marking  ] GC(644) Concurrent Cleanup for Next Mark
[2026-03-19T11:36:33.745+0800][310.234s][info][gc,marking  ] GC(644) Concurrent Cleanup for Next Mark 0.526ms
[2026-03-19T11:36:33.745+0800][310.235s][info][gc          ] GC(644) Concurrent Undo Cycle 1.085ms
[2026-03-19T11:36:34.707+0800][311.196s][info][gc,start    ] GC(645) Pause Young (Concurrent Start) (G1 Humongous Allocation)
[2026-03-19T11:36:34.707+0800][311.196s][info][gc,task     ] GC(645) Using 3 workers of 13 for evacuation
[2026-03-19T11:36:34.709+0800][311.198s][info][gc,phases   ] GC(645)   Pre Evacuate Collection Set: 0.1ms
[2026-03-19T11:36:34.709+0800][311.198s][info][gc,phases   ] GC(645)   Merge Heap Roots: 0.1ms
[2026-03-19T11:36:34.709+0800][311.198s][info][gc,phases   ] GC(645)   Evacuate Collection Set: 1.0ms
[2026-03-19T11:36:34.709+0800][311.198s][info][gc,phases   ] GC(645)   Post Evacuate Collection Set: 0.4ms
[2026-03-19T11:36:34.709+0800][311.198s][info][gc,phases   ] GC(645)   Other: 0.6ms
[2026-03-19T11:36:34.709+0800][311.198s][info][gc,heap     ] GC(645) Eden regions: 13->0(74)
[2026-03-19T11:36:34.709+0800][311.199s][info][gc,heap     ] GC(645) Survivor regions: 2->2(10)
[2026-03-19T11:36:34.709+0800][311.199s][info][gc,heap     ] GC(645) Old regions: 18->18
[2026-03-19T11:36:34.709+0800][311.199s][info][gc,heap     ] GC(645) Archive regions: 0->0
[2026-03-19T11:36:34.709+0800][311.199s][info][gc,heap     ] GC(645) Humongous regions: 39->9
[2026-03-19T11:36:34.709+0800][311.199s][info][gc,metaspace] GC(645) Metaspace: 22909K(23232K)->22909K(23232K) NonClass: 20299K(20480K)->20299K(20480K) Class: 2610K(2752K)->2610K(2752K)
[2026-03-19T11:36:34.709+0800][311.199s][info][gc          ] GC(645) Pause Young (Concurrent Start) (G1 Humongous Allocation) 70M->27M(128M) 2.877ms
[2026-03-19T11:36:34.709+0800][311.199s][info][gc,cpu      ] GC(645) User=0.00s Sys=0.00s Real=0.00s
[2026-03-19T11:36:34.710+0800][311.199s][info][gc          ] GC(646) Concurrent Undo Cycle
[2026-03-19T11:36:34.710+0800][311.199s][info][gc,marking  ] GC(646) Concurrent Cleanup for Next Mark
[2026-03-19T11:36:34.710+0800][311.200s][info][gc,marking  ] GC(646) Concurrent Cleanup for Next Mark 0.446ms
[2026-03-19T11:36:34.710+0800][311.200s][info][gc          ] GC(646) Concurrent Undo Cycle 0.780ms
[2026-03-19T11:36:35.645+0800][312.134s][info][gc,start    ] GC(647) Pause Young (Concurrent Start) (G1 Humongous Allocation)
[2026-03-19T11:36:35.645+0800][312.134s][info][gc,task     ] GC(647) Using 3 workers of 13 for evacuation
[2026-03-19T11:36:35.646+0800][312.135s][info][gc,phases   ] GC(647)   Pre Evacuate Collection Set: 0.1ms
[2026-03-19T11:36:35.646+0800][312.136s][info][gc,phases   ] GC(647)   Merge Heap Roots: 0.1ms
[2026-03-19T11:36:35.646+0800][312.136s][info][gc,phases   ] GC(647)   Evacuate Collection Set: 0.6ms
[2026-03-19T11:36:35.647+0800][312.136s][info][gc,phases   ] GC(647)   Post Evacuate Collection Set: 0.4ms
[2026-03-19T11:36:35.647+0800][312.136s][info][gc,phases   ] GC(647)   Other: 0.4ms
[2026-03-19T11:36:35.647+0800][312.136s][info][gc,heap     ] GC(647) Eden regions: 13->0(74)
[2026-03-19T11:36:35.647+0800][312.136s][info][gc,heap     ] GC(647) Survivor regions: 2->2(10)
[2026-03-19T11:36:35.647+0800][312.136s][info][gc,heap     ] GC(647) Old regions: 18->18
[2026-03-19T11:36:35.647+0800][312.136s][info][gc,heap     ] GC(647) Archive regions: 0->0
[2026-03-19T11:36:35.647+0800][312.136s][info][gc,heap     ] GC(647) Humongous regions: 39->9
[2026-03-19T11:36:35.647+0800][312.136s][info][gc,metaspace] GC(647) Metaspace: 22909K(23232K)->22909K(23232K) NonClass: 20299K(20480K)->20299K(20480K) Class: 2610K(2752K)->2610K(2752K)
[2026-03-19T11:36:35.647+0800][312.136s][info][gc          ] GC(647) Pause Young (Concurrent Start) (G1 Humongous Allocation) 70M->27M(128M) 2.352ms
[2026-03-19T11:36:35.647+0800][312.136s][info][gc,cpu      ] GC(647) User=0.00s Sys=0.00s Real=0.00s
[2026-03-19T11:36:35.647+0800][312.136s][info][gc          ] GC(648) Concurrent Undo Cycle
[2026-03-19T11:36:35.647+0800][312.137s][info][gc,marking  ] GC(648) Concurrent Cleanup for Next Mark
[2026-03-19T11:36:35.648+0800][312.137s][info][gc,marking  ] GC(648) Concurrent Cleanup for Next Mark 0.334ms
[2026-03-19T11:36:35.648+0800][312.137s][info][gc          ] GC(648) Concurrent Undo Cycle 0.675ms
[2026-03-19T11:36:36.574+0800][313.063s][info][gc,start    ] GC(649) Pause Young (Concurrent Start) (G1 Humongous Allocation)
[2026-03-19T11:36:36.574+0800][313.064s][info][gc,task     ] GC(649) Using 3 workers of 13 for evacuation
[2026-03-19T11:36:36.576+0800][313.066s][info][gc,phases   ] GC(649)   Pre Evacuate Collection Set: 0.1ms
[2026-03-19T11:36:36.577+0800][313.067s][info][gc,phases   ] GC(649)   Merge Heap Roots: 0.1ms
[2026-03-19T11:36:36.577+0800][313.067s][info][gc,phases   ] GC(649)   Evacuate Collection Set: 1.1ms
[2026-03-19T11:36:36.577+0800][313.067s][info][gc,phases   ] GC(649)   Post Evacuate Collection Set: 1.0ms
[2026-03-19T11:36:36.577+0800][313.067s][info][gc,phases   ] GC(649)   Other: 0.7ms
[2026-03-19T11:36:36.577+0800][313.067s][info][gc,heap     ] GC(649) Eden regions: 13->0(74)
[2026-03-19T11:36:36.577+0800][313.067s][info][gc,heap     ] GC(649) Survivor regions: 2->2(10)
[2026-03-19T11:36:36.577+0800][313.067s][info][gc,heap     ] GC(649) Old regions: 18->18
[2026-03-19T11:36:36.577+0800][313.067s][info][gc,heap     ] GC(649) Archive regions: 0->0
[2026-03-19T11:36:36.577+0800][313.067s][info][gc,heap     ] GC(649) Humongous regions: 39->9
[2026-03-19T11:36:36.577+0800][313.067s][info][gc,metaspace] GC(649) Metaspace: 22909K(23232K)->22909K(23232K) NonClass: 20299K(20480K)->20299K(20480K) Class: 2610K(2752K)->2610K(2752K)
[2026-03-19T11:36:36.577+0800][313.067s][info][gc          ] GC(649) Pause Young (Concurrent Start) (G1 Humongous Allocation) 70M->27M(128M) 3.666ms
[2026-03-19T11:36:36.577+0800][313.067s][info][gc,cpu      ] GC(649) User=0.00s Sys=0.00s Real=0.00s
[2026-03-19T11:36:36.577+0800][313.067s][info][gc          ] GC(650) Concurrent Undo Cycle
[2026-03-19T11:36:36.577+0800][313.067s][info][gc,marking  ] GC(650) Concurrent Cleanup for Next Mark
[2026-03-19T11:36:36.579+0800][313.068s][info][gc,marking  ] GC(650) Concurrent Cleanup for Next Mark 0.546ms
[2026-03-19T11:36:36.579+0800][313.068s][info][gc          ] GC(650) Concurrent Undo Cycle 0.862ms
[2026-03-19T11:36:37.519+0800][314.008s][info][gc,start    ] GC(651) Pause Young (Concurrent Start) (G1 Humongous Allocation)
[2026-03-19T11:36:37.519+0800][314.008s][info][gc,task     ] GC(651) Using 3 workers of 13 for evacuation
[2026-03-19T11:36:37.520+0800][314.009s][info][gc,phases   ] GC(651)   Pre Evacuate Collection Set: 0.1ms
[2026-03-19T11:36:37.520+0800][314.009s][info][gc,phases   ] GC(651)   Merge Heap Roots: 0.0ms
[2026-03-19T11:36:37.520+0800][314.010s][info][gc,phases   ] GC(651)   Evacuate Collection Set: 0.5ms
[2026-03-19T11:36:37.520+0800][314.010s][info][gc,phases   ] GC(651)   Post Evacuate Collection Set: 0.5ms
[2026-03-19T11:36:37.520+0800][314.010s][info][gc,phases   ] GC(651)   Other: 0.3ms
[2026-03-19T11:36:37.520+0800][314.010s][info][gc,heap     ] GC(651) Eden regions: 13->0(74)
[2026-03-19T11:36:37.520+0800][314.010s][info][gc,heap     ] GC(651) Survivor regions: 2->2(10)
[2026-03-19T11:36:37.520+0800][314.010s][info][gc,heap     ] GC(651) Old regions: 18->18
[2026-03-19T11:36:37.520+0800][314.010s][info][gc,heap     ] GC(651) Archive regions: 0->0
[2026-03-19T11:36:37.520+0800][314.010s][info][gc,heap     ] GC(651) Humongous regions: 39->9
[2026-03-19T11:36:37.520+0800][314.010s][info][gc,metaspace] GC(651) Metaspace: 22909K(23232K)->22909K(23232K) NonClass: 20299K(20480K)->20299K(20480K) Class: 2610K(2752K)->2610K(2752K)
[2026-03-19T11:36:37.520+0800][314.010s][info][gc          ] GC(651) Pause Young (Concurrent Start) (G1 Humongous Allocation) 70M->27M(128M) 1.740ms
[2026-03-19T11:36:37.520+0800][314.010s][info][gc,cpu      ] GC(651) User=0.00s Sys=0.00s Real=0.00s
[2026-03-19T11:36:37.521+0800][314.010s][info][gc          ] GC(652) Concurrent Undo Cycle
[2026-03-19T11:36:37.521+0800][314.010s][info][gc,marking  ] GC(652) Concurrent Cleanup for Next Mark
[2026-03-19T11:36:37.521+0800][314.010s][info][gc,marking  ] GC(652) Concurrent Cleanup for Next Mark 0.283ms
[2026-03-19T11:36:37.521+0800][314.010s][info][gc          ] GC(652) Concurrent Undo Cycle 0.493ms
[2026-03-19T11:36:38.451+0800][314.940s][info][gc,start    ] GC(653) Pause Young (Concurrent Start) (G1 Humongous Allocation)
[2026-03-19T11:36:38.451+0800][314.941s][info][gc,task     ] GC(653) Using 3 workers of 13 for evacuation
[2026-03-19T11:36:38.453+0800][314.942s][info][gc,phases   ] GC(653)   Pre Evacuate Collection Set: 0.2ms
[2026-03-19T11:36:38.453+0800][314.942s][info][gc,phases   ] GC(653)   Merge Heap Roots: 0.1ms
[2026-03-19T11:36:38.453+0800][314.942s][info][gc,phases   ] GC(653)   Evacuate Collection Set: 0.7ms
[2026-03-19T11:36:38.453+0800][314.943s][info][gc,phases   ] GC(653)   Post Evacuate Collection Set: 0.6ms
[2026-03-19T11:36:38.453+0800][314.943s][info][gc,phases   ] GC(653)   Other: 0.5ms
[2026-03-19T11:36:38.453+0800][314.943s][info][gc,heap     ] GC(653) Eden regions: 13->0(74)
[2026-03-19T11:36:38.453+0800][314.943s][info][gc,heap     ] GC(653) Survivor regions: 2->2(10)
[2026-03-19T11:36:38.453+0800][314.943s][info][gc,heap     ] GC(653) Old regions: 18->18
[2026-03-19T11:36:38.453+0800][314.943s][info][gc,heap     ] GC(653) Archive regions: 0->0
[2026-03-19T11:36:38.453+0800][314.943s][info][gc,heap     ] GC(653) Humongous regions: 39->9
[2026-03-19T11:36:38.453+0800][314.943s][info][gc,metaspace] GC(653) Metaspace: 22909K(23232K)->22909K(23232K) NonClass: 20299K(20480K)->20299K(20480K) Class: 2610K(2752K)->2610K(2752K)
[2026-03-19T11:36:38.453+0800][314.943s][info][gc          ] GC(653) Pause Young (Concurrent Start) (G1 Humongous Allocation) 70M->27M(128M) 2.441ms
[2026-03-19T11:36:38.453+0800][314.943s][info][gc,cpu      ] GC(653) User=0.00s Sys=0.00s Real=0.00s
[2026-03-19T11:36:38.453+0800][314.943s][info][gc          ] GC(654) Concurrent Undo Cycle
[2026-03-19T11:36:38.453+0800][314.943s][info][gc,marking  ] GC(654) Concurrent Cleanup for Next Mark
[2026-03-19T11:36:38.454+0800][314.944s][info][gc,marking  ] GC(654) Concurrent Cleanup for Next Mark 0.360ms
[2026-03-19T11:36:38.454+0800][314.944s][info][gc          ] GC(654) Concurrent Undo Cycle 0.613ms
[2026-03-19T11:36:39.392+0800][315.882s][info][gc,start    ] GC(655) Pause Young (Concurrent Start) (G1 Humongous Allocation)
[2026-03-19T11:36:39.392+0800][315.882s][info][gc,task     ] GC(655) Using 3 workers of 13 for evacuation
[2026-03-19T11:36:39.395+0800][315.885s][info][gc,phases   ] GC(655)   Pre Evacuate Collection Set: 0.3ms
[2026-03-19T11:36:39.395+0800][315.885s][info][gc,phases   ] GC(655)   Merge Heap Roots: 0.2ms
[2026-03-19T11:36:39.395+0800][315.885s][info][gc,phases   ] GC(655)   Evacuate Collection Set: 0.7ms
[2026-03-19T11:36:39.395+0800][315.885s][info][gc,phases   ] GC(655)   Post Evacuate Collection Set: 1.0ms
[2026-03-19T11:36:39.395+0800][315.885s][info][gc,phases   ] GC(655)   Other: 0.4ms
[2026-03-19T11:36:39.395+0800][315.885s][info][gc,heap     ] GC(655) Eden regions: 12->0(74)
[2026-03-19T11:36:39.395+0800][315.885s][info][gc,heap     ] GC(655) Survivor regions: 2->2(10)
[2026-03-19T11:36:39.395+0800][315.885s][info][gc,heap     ] GC(655) Old regions: 18->18
[2026-03-19T11:36:39.395+0800][315.885s][info][gc,heap     ] GC(655) Archive regions: 0->0
[2026-03-19T11:36:39.395+0800][315.885s][info][gc,heap     ] GC(655) Humongous regions: 39->9
[2026-03-19T11:36:39.395+0800][315.885s][info][gc,metaspace] GC(655) Metaspace: 22909K(23232K)->22909K(23232K) NonClass: 20299K(20480K)->20299K(20480K) Class: 2610K(2752K)->2610K(2752K)
[2026-03-19T11:36:39.395+0800][315.885s][info][gc          ] GC(655) Pause Young (Concurrent Start) (G1 Humongous Allocation) 69M->27M(128M) 2.835ms
[2026-03-19T11:36:39.395+0800][315.885s][info][gc,cpu      ] GC(655) User=0.00s Sys=0.00s Real=0.00s
[2026-03-19T11:36:39.396+0800][315.885s][info][gc          ] GC(656) Concurrent Undo Cycle
[2026-03-19T11:36:39.396+0800][315.886s][info][gc,marking  ] GC(656) Concurrent Cleanup for Next Mark
[2026-03-19T11:36:39.396+0800][315.886s][info][gc,marking  ] GC(656) Concurrent Cleanup for Next Mark 0.589ms
[2026-03-19T11:36:39.396+0800][315.886s][info][gc          ] GC(656) Concurrent Undo Cycle 0.956ms
[2026-03-19T11:36:40.324+0800][316.813s][info][gc,start    ] GC(657) Pause Young (Concurrent Start) (G1 Humongous Allocation)
[2026-03-19T11:36:40.324+0800][316.813s][info][gc,task     ] GC(657) Using 3 workers of 13 for evacuation
[2026-03-19T11:36:40.326+0800][316.815s][info][gc,phases   ] GC(657)   Pre Evacuate Collection Set: 0.2ms
[2026-03-19T11:36:40.326+0800][316.815s][info][gc,phases   ] GC(657)   Merge Heap Roots: 0.1ms
[2026-03-19T11:36:40.326+0800][316.815s][info][gc,phases   ] GC(657)   Evacuate Collection Set: 0.6ms
[2026-03-19T11:36:40.326+0800][316.815s][info][gc,phases   ] GC(657)   Post Evacuate Collection Set: 0.9ms
[2026-03-19T11:36:40.326+0800][316.815s][info][gc,phases   ] GC(657)   Other: 0.4ms
[2026-03-19T11:36:40.326+0800][316.816s][info][gc,heap     ] GC(657) Eden regions: 12->0(74)
[2026-03-19T11:36:40.326+0800][316.816s][info][gc,heap     ] GC(657) Survivor regions: 2->2(10)
[2026-03-19T11:36:40.326+0800][316.816s][info][gc,heap     ] GC(657) Old regions: 18->18
[2026-03-19T11:36:40.326+0800][316.816s][info][gc,heap     ] GC(657) Archive regions: 0->0
[2026-03-19T11:36:40.326+0800][316.816s][info][gc,heap     ] GC(657) Humongous regions: 39->9
[2026-03-19T11:36:40.326+0800][316.816s][info][gc,metaspace] GC(657) Metaspace: 22909K(23232K)->22909K(23232K) NonClass: 20299K(20480K)->20299K(20480K) Class: 2610K(2752K)->2610K(2752K)
[2026-03-19T11:36:40.326+0800][316.816s][info][gc          ] GC(657) Pause Young (Concurrent Start) (G1 Humongous Allocation) 69M->27M(128M) 2.522ms
[2026-03-19T11:36:40.326+0800][316.816s][info][gc,cpu      ] GC(657) User=0.00s Sys=0.00s Real=0.00s
[2026-03-19T11:36:40.326+0800][316.816s][info][gc          ] GC(658) Concurrent Undo Cycle
[2026-03-19T11:36:40.326+0800][316.816s][info][gc,marking  ] GC(658) Concurrent Cleanup for Next Mark
[2026-03-19T11:36:40.327+0800][316.816s][info][gc,marking  ] GC(658) Concurrent Cleanup for Next Mark 0.402ms
[2026-03-19T11:36:40.327+0800][316.816s][info][gc          ] GC(658) Concurrent Undo Cycle 0.635ms
[2026-03-19T11:36:41.261+0800][317.751s][info][gc,start    ] GC(659) Pause Young (Concurrent Start) (G1 Humongous Allocation)
[2026-03-19T11:36:41.262+0800][317.751s][info][gc,task     ] GC(659) Using 3 workers of 13 for evacuation
[2026-03-19T11:36:41.264+0800][317.754s][info][gc,phases   ] GC(659)   Pre Evacuate Collection Set: 0.2ms
[2026-03-19T11:36:41.264+0800][317.754s][info][gc,phases   ] GC(659)   Merge Heap Roots: 0.4ms
[2026-03-19T11:36:41.264+0800][317.754s][info][gc,phases   ] GC(659)   Evacuate Collection Set: 0.9ms
[2026-03-19T11:36:41.264+0800][317.754s][info][gc,phases   ] GC(659)   Post Evacuate Collection Set: 0.9ms
[2026-03-19T11:36:41.267+0800][317.756s][info][gc,phases   ] GC(659)   Other: 0.6ms
[2026-03-19T11:36:41.267+0800][317.756s][info][gc,heap     ] GC(659) Eden regions: 13->0(74)
[2026-03-19T11:36:41.267+0800][317.756s][info][gc,heap     ] GC(659) Survivor regions: 2->2(10)
[2026-03-19T11:36:41.267+0800][317.756s][info][gc,heap     ] GC(659) Old regions: 18->18
[2026-03-19T11:36:41.267+0800][317.757s][info][gc,heap     ] GC(659) Archive regions: 0->0
[2026-03-19T11:36:41.267+0800][317.757s][info][gc,heap     ] GC(659) Humongous regions: 39->9
[2026-03-19T11:36:41.267+0800][317.757s][info][gc,metaspace] GC(659) Metaspace: 22909K(23232K)->22909K(23232K) NonClass: 20299K(20480K)->20299K(20480K) Class: 2610K(2752K)->2610K(2752K)
[2026-03-19T11:36:41.267+0800][317.757s][info][gc          ] GC(659) Pause Young (Concurrent Start) (G1 Humongous Allocation) 69M->27M(128M) 6.216ms
[2026-03-19T11:36:41.267+0800][317.757s][info][gc,cpu      ] GC(659) User=0.02s Sys=0.00s Real=0.01s
[2026-03-19T11:36:41.267+0800][317.757s][info][gc          ] GC(660) Concurrent Undo Cycle
[2026-03-19T11:36:41.267+0800][317.758s][info][gc,marking  ] GC(660) Concurrent Cleanup for Next Mark
[2026-03-19T11:36:41.269+0800][317.758s][info][gc,marking  ] GC(660) Concurrent Cleanup for Next Mark 0.611ms
[2026-03-19T11:36:41.269+0800][317.758s][info][gc          ] GC(660) Concurrent Undo Cycle 1.134ms
[2026-03-19T11:36:42.209+0800][318.699s][info][gc,start    ] GC(661) Pause Young (Concurrent Start) (G1 Humongous Allocation)
[2026-03-19T11:36:42.210+0800][318.700s][info][gc,task     ] GC(661) Using 3 workers of 13 for evacuation
[2026-03-19T11:36:42.211+0800][318.701s][info][gc,phases   ] GC(661)   Pre Evacuate Collection Set: 0.1ms
[2026-03-19T11:36:42.211+0800][318.701s][info][gc,phases   ] GC(661)   Merge Heap Roots: 0.2ms
[2026-03-19T11:36:42.212+0800][318.701s][info][gc,phases   ] GC(661)   Evacuate Collection Set: 0.4ms
[2026-03-19T11:36:42.212+0800][318.701s][info][gc,phases   ] GC(661)   Post Evacuate Collection Set: 0.6ms
[2026-03-19T11:36:42.212+0800][318.702s][info][gc,phases   ] GC(661)   Other: 0.5ms
[2026-03-19T11:36:42.212+0800][318.702s][info][gc,heap     ] GC(661) Eden regions: 13->0(74)
[2026-03-19T11:36:42.212+0800][318.702s][info][gc,heap     ] GC(661) Survivor regions: 2->2(10)
[2026-03-19T11:36:42.212+0800][318.702s][info][gc,heap     ] GC(661) Old regions: 18->18
[2026-03-19T11:36:42.212+0800][318.702s][info][gc,heap     ] GC(661) Archive regions: 0->0
[2026-03-19T11:36:42.212+0800][318.702s][info][gc,heap     ] GC(661) Humongous regions: 39->9
[2026-03-19T11:36:42.212+0800][318.702s][info][gc,metaspace] GC(661) Metaspace: 22909K(23232K)->22909K(23232K) NonClass: 20299K(20480K)->20299K(20480K) Class: 2610K(2752K)->2610K(2752K)
[2026-03-19T11:36:42.212+0800][318.702s][info][gc          ] GC(661) Pause Young (Concurrent Start) (G1 Humongous Allocation) 70M->27M(128M) 2.553ms
[2026-03-19T11:36:42.212+0800][318.702s][info][gc,cpu      ] GC(661) User=0.00s Sys=0.00s Real=0.00s
[2026-03-19T11:36:42.212+0800][318.702s][info][gc          ] GC(662) Concurrent Undo Cycle
[2026-03-19T11:36:42.212+0800][318.702s][info][gc,marking  ] GC(662) Concurrent Cleanup for Next Mark
[2026-03-19T11:36:42.213+0800][318.703s][info][gc,marking  ] GC(662) Concurrent Cleanup for Next Mark 0.345ms
[2026-03-19T11:36:42.213+0800][318.703s][info][gc          ] GC(662) Concurrent Undo Cycle 0.591ms
[2026-03-19T11:36:43.141+0800][319.630s][info][gc,start    ] GC(663) Pause Young (Concurrent Start) (G1 Humongous Allocation)
[2026-03-19T11:36:43.141+0800][319.631s][info][gc,task     ] GC(663) Using 3 workers of 13 for evacuation
[2026-03-19T11:36:43.143+0800][319.632s][info][gc,phases   ] GC(663)   Pre Evacuate Collection Set: 0.2ms
[2026-03-19T11:36:43.143+0800][319.632s][info][gc,phases   ] GC(663)   Merge Heap Roots: 0.1ms
[2026-03-19T11:36:43.143+0800][319.632s][info][gc,phases   ] GC(663)   Evacuate Collection Set: 0.6ms
[2026-03-19T11:36:43.143+0800][319.632s][info][gc,phases   ] GC(663)   Post Evacuate Collection Set: 0.8ms
[2026-03-19T11:36:43.143+0800][319.632s][info][gc,phases   ] GC(663)   Other: 0.7ms
[2026-03-19T11:36:43.143+0800][319.633s][info][gc,heap     ] GC(663) Eden regions: 13->0(74)
[2026-03-19T11:36:43.143+0800][319.633s][info][gc,heap     ] GC(663) Survivor regions: 2->2(10)
[2026-03-19T11:36:43.143+0800][319.633s][info][gc,heap     ] GC(663) Old regions: 18->18
[2026-03-19T11:36:43.143+0800][319.633s][info][gc,heap     ] GC(663) Archive regions: 0->0
[2026-03-19T11:36:43.143+0800][319.633s][info][gc,heap     ] GC(663) Humongous regions: 39->9
[2026-03-19T11:36:43.143+0800][319.633s][info][gc,metaspace] GC(663) Metaspace: 22909K(23232K)->22909K(23232K) NonClass: 20299K(20480K)->20299K(20480K) Class: 2610K(2752K)->2610K(2752K)
[2026-03-19T11:36:43.143+0800][319.633s][info][gc          ] GC(663) Pause Young (Concurrent Start) (G1 Humongous Allocation) 70M->27M(128M) 2.732ms
[2026-03-19T11:36:43.143+0800][319.633s][info][gc,cpu      ] GC(663) User=0.00s Sys=0.00s Real=0.00s
[2026-03-19T11:36:43.143+0800][319.633s][info][gc          ] GC(664) Concurrent Undo Cycle
[2026-03-19T11:36:43.144+0800][319.633s][info][gc,marking  ] GC(664) Concurrent Cleanup for Next Mark
[2026-03-19T11:36:43.144+0800][319.633s][info][gc,marking  ] GC(664) Concurrent Cleanup for Next Mark 0.270ms
[2026-03-19T11:36:43.144+0800][319.633s][info][gc          ] GC(664) Concurrent Undo Cycle 0.424ms
[2026-03-19T11:36:44.080+0800][320.569s][info][gc,start    ] GC(665) Pause Young (Concurrent Start) (G1 Humongous Allocation)
[2026-03-19T11:36:44.080+0800][320.570s][info][gc,task     ] GC(665) Using 3 workers of 13 for evacuation
[2026-03-19T11:36:44.082+0800][320.572s][info][gc,phases   ] GC(665)   Pre Evacuate Collection Set: 0.2ms
[2026-03-19T11:36:44.082+0800][320.572s][info][gc,phases   ] GC(665)   Merge Heap Roots: 0.1ms
[2026-03-19T11:36:44.082+0800][320.572s][info][gc,phases   ] GC(665)   Evacuate Collection Set: 0.9ms
[2026-03-19T11:36:44.082+0800][320.572s][info][gc,phases   ] GC(665)   Post Evacuate Collection Set: 0.9ms
[2026-03-19T11:36:44.083+0800][320.572s][info][gc,phases   ] GC(665)   Other: 0.6ms
[2026-03-19T11:36:44.083+0800][320.572s][info][gc,heap     ] GC(665) Eden regions: 12->0(74)
[2026-03-19T11:36:44.083+0800][320.572s][info][gc,heap     ] GC(665) Survivor regions: 2->2(10)
[2026-03-19T11:36:44.083+0800][320.572s][info][gc,heap     ] GC(665) Old regions: 18->18
[2026-03-19T11:36:44.083+0800][320.572s][info][gc,heap     ] GC(665) Archive regions: 0->0
[2026-03-19T11:36:44.083+0800][320.572s][info][gc,heap     ] GC(665) Humongous regions: 39->9
[2026-03-19T11:36:44.083+0800][320.572s][info][gc,metaspace] GC(665) Metaspace: 22909K(23232K)->22909K(23232K) NonClass: 20299K(20480K)->20299K(20480K) Class: 2610K(2752K)->2610K(2752K)
[2026-03-19T11:36:44.083+0800][320.572s][info][gc          ] GC(665) Pause Young (Concurrent Start) (G1 Humongous Allocation) 69M->27M(128M) 3.084ms
[2026-03-19T11:36:44.083+0800][320.572s][info][gc,cpu      ] GC(665) User=0.00s Sys=0.00s Real=0.00s
[2026-03-19T11:36:44.083+0800][320.573s][info][gc          ] GC(666) Concurrent Undo Cycle
[2026-03-19T11:36:44.083+0800][320.573s][info][gc,marking  ] GC(666) Concurrent Cleanup for Next Mark
[2026-03-19T11:36:44.083+0800][320.573s][info][gc,marking  ] GC(666) Concurrent Cleanup for Next Mark 0.343ms
[2026-03-19T11:36:44.084+0800][320.573s][info][gc          ] GC(666) Concurrent Undo Cycle 0.810ms
[2026-03-19T11:36:45.016+0800][321.505s][info][gc,start    ] GC(667) Pause Young (Concurrent Start) (G1 Humongous Allocation)
[2026-03-19T11:36:45.016+0800][321.505s][info][gc,task     ] GC(667) Using 3 workers of 13 for evacuation
[2026-03-19T11:36:45.019+0800][321.508s][info][gc,phases   ] GC(667)   Pre Evacuate Collection Set: 0.2ms
[2026-03-19T11:36:45.019+0800][321.508s][info][gc,phases   ] GC(667)   Merge Heap Roots: 0.3ms
[2026-03-19T11:36:45.019+0800][321.508s][info][gc,phases   ] GC(667)   Evacuate Collection Set: 0.9ms
[2026-03-19T11:36:45.019+0800][321.508s][info][gc,phases   ] GC(667)   Post Evacuate Collection Set: 0.8ms
[2026-03-19T11:36:45.019+0800][321.508s][info][gc,phases   ] GC(667)   Other: 0.4ms
[2026-03-19T11:36:45.019+0800][321.508s][info][gc,heap     ] GC(667) Eden regions: 13->0(74)
[2026-03-19T11:36:45.019+0800][321.508s][info][gc,heap     ] GC(667) Survivor regions: 2->2(10)
[2026-03-19T11:36:45.019+0800][321.508s][info][gc,heap     ] GC(667) Old regions: 18->18
[2026-03-19T11:36:45.019+0800][321.508s][info][gc,heap     ] GC(667) Archive regions: 0->0
[2026-03-19T11:36:45.019+0800][321.508s][info][gc,heap     ] GC(667) Humongous regions: 39->9
[2026-03-19T11:36:45.019+0800][321.508s][info][gc,metaspace] GC(667) Metaspace: 22909K(23232K)->22909K(23232K) NonClass: 20299K(20480K)->20299K(20480K) Class: 2610K(2752K)->2610K(2752K)
[2026-03-19T11:36:45.019+0800][321.508s][info][gc          ] GC(667) Pause Young (Concurrent Start) (G1 Humongous Allocation) 70M->27M(128M) 3.140ms
[2026-03-19T11:36:45.019+0800][321.508s][info][gc,cpu      ] GC(667) User=0.00s Sys=0.00s Real=0.00s
[2026-03-19T11:36:45.019+0800][321.508s][info][gc          ] GC(668) Concurrent Undo Cycle
[2026-03-19T11:36:45.019+0800][321.509s][info][gc,marking  ] GC(668) Concurrent Cleanup for Next Mark
[2026-03-19T11:36:45.019+0800][321.509s][info][gc,marking  ] GC(668) Concurrent Cleanup for Next Mark 0.408ms
[2026-03-19T11:36:45.019+0800][321.509s][info][gc          ] GC(668) Concurrent Undo Cycle 0.653ms
[2026-03-19T11:36:45.943+0800][322.433s][info][gc,start    ] GC(669) Pause Young (Concurrent Start) (G1 Humongous Allocation)
[2026-03-19T11:36:45.944+0800][322.433s][info][gc,task     ] GC(669) Using 3 workers of 13 for evacuation
[2026-03-19T11:36:45.946+0800][322.435s][info][gc,phases   ] GC(669)   Pre Evacuate Collection Set: 0.3ms
[2026-03-19T11:36:45.946+0800][322.435s][info][gc,phases   ] GC(669)   Merge Heap Roots: 0.2ms
[2026-03-19T11:36:45.946+0800][322.435s][info][gc,phases   ] GC(669)   Evacuate Collection Set: 0.8ms
[2026-03-19T11:36:45.946+0800][322.435s][info][gc,phases   ] GC(669)   Post Evacuate Collection Set: 0.8ms
[2026-03-19T11:36:45.946+0800][322.435s][info][gc,phases   ] GC(669)   Other: 0.6ms
[2026-03-19T11:36:45.946+0800][322.435s][info][gc,heap     ] GC(669) Eden regions: 13->0(74)
[2026-03-19T11:36:45.946+0800][322.436s][info][gc,heap     ] GC(669) Survivor regions: 2->2(10)
[2026-03-19T11:36:45.946+0800][322.436s][info][gc,heap     ] GC(669) Old regions: 18->18
[2026-03-19T11:36:45.946+0800][322.436s][info][gc,heap     ] GC(669) Archive regions: 0->0
[2026-03-19T11:36:45.946+0800][322.436s][info][gc,heap     ] GC(669) Humongous regions: 39->9
[2026-03-19T11:36:45.946+0800][322.436s][info][gc,metaspace] GC(669) Metaspace: 22909K(23232K)->22909K(23232K) NonClass: 20299K(20480K)->20299K(20480K) Class: 2610K(2752K)->2610K(2752K)
[2026-03-19T11:36:45.946+0800][322.436s][info][gc          ] GC(669) Pause Young (Concurrent Start) (G1 Humongous Allocation) 70M->27M(128M) 3.076ms
[2026-03-19T11:36:45.946+0800][322.436s][info][gc,cpu      ] GC(669) User=0.00s Sys=0.00s Real=0.00s
[2026-03-19T11:36:45.947+0800][322.436s][info][gc          ] GC(670) Concurrent Undo Cycle
[2026-03-19T11:36:45.947+0800][322.436s][info][gc,marking  ] GC(670) Concurrent Cleanup for Next Mark
[2026-03-19T11:36:45.947+0800][322.436s][info][gc,marking  ] GC(670) Concurrent Cleanup for Next Mark 0.283ms
[2026-03-19T11:36:45.947+0800][322.436s][info][gc          ] GC(670) Concurrent Undo Cycle 0.448ms
[2026-03-19T11:36:46.874+0800][323.363s][info][gc,start    ] GC(671) Pause Young (Concurrent Start) (G1 Humongous Allocation)
[2026-03-19T11:36:46.874+0800][323.363s][info][gc,task     ] GC(671) Using 3 workers of 13 for evacuation
[2026-03-19T11:36:46.875+0800][323.365s][info][gc,phases   ] GC(671)   Pre Evacuate Collection Set: 0.4ms
[2026-03-19T11:36:46.876+0800][323.365s][info][gc,phases   ] GC(671)   Merge Heap Roots: 0.1ms
[2026-03-19T11:36:46.876+0800][323.365s][info][gc,phases   ] GC(671)   Evacuate Collection Set: 0.5ms
[2026-03-19T11:36:46.876+0800][323.365s][info][gc,phases   ] GC(671)   Post Evacuate Collection Set: 1.1ms
[2026-03-19T11:36:46.876+0800][323.365s][info][gc,phases   ] GC(671)   Other: 0.3ms
[2026-03-19T11:36:46.876+0800][323.365s][info][gc,heap     ] GC(671) Eden regions: 13->0(74)
[2026-03-19T11:36:46.876+0800][323.365s][info][gc,heap     ] GC(671) Survivor regions: 2->2(10)
[2026-03-19T11:36:46.876+0800][323.366s][info][gc,heap     ] GC(671) Old regions: 18->18
[2026-03-19T11:36:46.876+0800][323.366s][info][gc,heap     ] GC(671) Archive regions: 0->0
[2026-03-19T11:36:46.876+0800][323.366s][info][gc,heap     ] GC(671) Humongous regions: 39->9
[2026-03-19T11:36:46.876+0800][323.366s][info][gc,metaspace] GC(671) Metaspace: 22909K(23232K)->22909K(23232K) NonClass: 20299K(20480K)->20299K(20480K) Class: 2610K(2752K)->2610K(2752K)
[2026-03-19T11:36:46.876+0800][323.366s][info][gc          ] GC(671) Pause Young (Concurrent Start) (G1 Humongous Allocation) 70M->27M(128M) 2.923ms
[2026-03-19T11:36:46.876+0800][323.366s][info][gc,cpu      ] GC(671) User=0.00s Sys=0.00s Real=0.00s
[2026-03-19T11:36:46.876+0800][323.366s][info][gc          ] GC(672) Concurrent Undo Cycle
[2026-03-19T11:36:46.876+0800][323.366s][info][gc,marking  ] GC(672) Concurrent Cleanup for Next Mark
[2026-03-19T11:36:46.877+0800][323.366s][info][gc,marking  ] GC(672) Concurrent Cleanup for Next Mark 0.338ms
[2026-03-19T11:36:46.877+0800][323.366s][info][gc          ] GC(672) Concurrent Undo Cycle 0.637ms
[2026-03-19T11:36:47.810+0800][324.300s][info][gc,start    ] GC(673) Pause Young (Concurrent Start) (G1 Humongous Allocation)
[2026-03-19T11:36:47.810+0800][324.300s][info][gc,task     ] GC(673) Using 3 workers of 13 for evacuation
[2026-03-19T11:36:47.812+0800][324.302s][info][gc,phases   ] GC(673)   Pre Evacuate Collection Set: 0.1ms
[2026-03-19T11:36:47.812+0800][324.302s][info][gc,phases   ] GC(673)   Merge Heap Roots: 0.1ms
[2026-03-19T11:36:47.812+0800][324.302s][info][gc,phases   ] GC(673)   Evacuate Collection Set: 0.7ms
[2026-03-19T11:36:47.812+0800][324.302s][info][gc,phases   ] GC(673)   Post Evacuate Collection Set: 0.8ms
[2026-03-19T11:36:47.812+0800][324.302s][info][gc,phases   ] GC(673)   Other: 0.4ms
[2026-03-19T11:36:47.812+0800][324.302s][info][gc,heap     ] GC(673) Eden regions: 12->0(74)
[2026-03-19T11:36:47.812+0800][324.302s][info][gc,heap     ] GC(673) Survivor regions: 2->2(10)
[2026-03-19T11:36:47.812+0800][324.302s][info][gc,heap     ] GC(673) Old regions: 18->18
[2026-03-19T11:36:47.813+0800][324.302s][info][gc,heap     ] GC(673) Archive regions: 0->0
[2026-03-19T11:36:47.813+0800][324.302s][info][gc,heap     ] GC(673) Humongous regions: 39->9
[2026-03-19T11:36:47.813+0800][324.302s][info][gc,metaspace] GC(673) Metaspace: 22909K(23232K)->22909K(23232K) NonClass: 20299K(20480K)->20299K(20480K) Class: 2610K(2752K)->2610K(2752K)
[2026-03-19T11:36:47.813+0800][324.302s][info][gc          ] GC(673) Pause Young (Concurrent Start) (G1 Humongous Allocation) 69M->27M(128M) 2.460ms
[2026-03-19T11:36:47.813+0800][324.302s][info][gc,cpu      ] GC(673) User=0.00s Sys=0.00s Real=0.00s
[2026-03-19T11:36:47.813+0800][324.302s][info][gc          ] GC(674) Concurrent Undo Cycle
[2026-03-19T11:36:47.813+0800][324.302s][info][gc,marking  ] GC(674) Concurrent Cleanup for Next Mark
[2026-03-19T11:36:47.813+0800][324.303s][info][gc,marking  ] GC(674) Concurrent Cleanup for Next Mark 0.233ms
[2026-03-19T11:36:47.813+0800][324.303s][info][gc          ] GC(674) Concurrent Undo Cycle 0.381ms
[2026-03-19T11:36:48.749+0800][325.239s][info][gc,start    ] GC(675) Pause Young (Concurrent Start) (G1 Humongous Allocation)
[2026-03-19T11:36:48.750+0800][325.239s][info][gc,task     ] GC(675) Using 3 workers of 13 for evacuation
[2026-03-19T11:36:48.752+0800][325.241s][info][gc,phases   ] GC(675)   Pre Evacuate Collection Set: 0.2ms
[2026-03-19T11:36:48.752+0800][325.242s][info][gc,phases   ] GC(675)   Merge Heap Roots: 0.3ms
[2026-03-19T11:36:48.752+0800][325.242s][info][gc,phases   ] GC(675)   Evacuate Collection Set: 0.9ms
[2026-03-19T11:36:48.752+0800][325.242s][info][gc,phases   ] GC(675)   Post Evacuate Collection Set: 0.9ms
[2026-03-19T11:36:48.753+0800][325.242s][info][gc,phases   ] GC(675)   Other: 0.5ms
[2026-03-19T11:36:48.753+0800][325.242s][info][gc,heap     ] GC(675) Eden regions: 12->0(74)
[2026-03-19T11:36:48.753+0800][325.242s][info][gc,heap     ] GC(675) Survivor regions: 2->2(10)
[2026-03-19T11:36:48.753+0800][325.242s][info][gc,heap     ] GC(675) Old regions: 18->18
[2026-03-19T11:36:48.753+0800][325.242s][info][gc,heap     ] GC(675) Archive regions: 0->0
[2026-03-19T11:36:48.753+0800][325.242s][info][gc,heap     ] GC(675) Humongous regions: 39->9
[2026-03-19T11:36:48.753+0800][325.242s][info][gc,metaspace] GC(675) Metaspace: 22909K(23232K)->22909K(23232K) NonClass: 20299K(20480K)->20299K(20480K) Class: 2610K(2752K)->2610K(2752K)
[2026-03-19T11:36:48.753+0800][325.242s][info][gc          ] GC(675) Pause Young (Concurrent Start) (G1 Humongous Allocation) 69M->27M(128M) 3.573ms
[2026-03-19T11:36:48.753+0800][325.242s][info][gc,cpu      ] GC(675) User=0.00s Sys=0.00s Real=0.00s
[2026-03-19T11:36:48.753+0800][325.242s][info][gc          ] GC(676) Concurrent Undo Cycle
[2026-03-19T11:36:48.753+0800][325.243s][info][gc,marking  ] GC(676) Concurrent Cleanup for Next Mark
[2026-03-19T11:36:48.754+0800][325.243s][info][gc,marking  ] GC(676) Concurrent Cleanup for Next Mark 0.455ms
[2026-03-19T11:36:48.754+0800][325.243s][info][gc          ] GC(676) Concurrent Undo Cycle 0.777ms
[2026-03-19T11:36:49.685+0800][326.175s][info][gc,start    ] GC(677) Pause Young (Concurrent Start) (G1 Humongous Allocation)
[2026-03-19T11:36:49.686+0800][326.175s][info][gc,task     ] GC(677) Using 3 workers of 13 for evacuation
[2026-03-19T11:36:49.688+0800][326.177s][info][gc,phases   ] GC(677)   Pre Evacuate Collection Set: 0.3ms
[2026-03-19T11:36:49.688+0800][326.177s][info][gc,phases   ] GC(677)   Merge Heap Roots: 0.1ms
[2026-03-19T11:36:49.688+0800][326.177s][info][gc,phases   ] GC(677)   Evacuate Collection Set: 0.8ms
[2026-03-19T11:36:49.688+0800][326.177s][info][gc,phases   ] GC(677)   Post Evacuate Collection Set: 0.8ms
[2026-03-19T11:36:49.688+0800][326.177s][info][gc,phases   ] GC(677)   Other: 0.3ms
[2026-03-19T11:36:49.688+0800][326.177s][info][gc,heap     ] GC(677) Eden regions: 13->0(74)
[2026-03-19T11:36:49.688+0800][326.177s][info][gc,heap     ] GC(677) Survivor regions: 2->2(10)
[2026-03-19T11:36:49.688+0800][326.177s][info][gc,heap     ] GC(677) Old regions: 18->18
[2026-03-19T11:36:49.688+0800][326.177s][info][gc,heap     ] GC(677) Archive regions: 0->0
[2026-03-19T11:36:49.688+0800][326.177s][info][gc,heap     ] GC(677) Humongous regions: 39->9
[2026-03-19T11:36:49.688+0800][326.177s][info][gc,metaspace] GC(677) Metaspace: 22909K(23232K)->22909K(23232K) NonClass: 20299K(20480K)->20299K(20480K) Class: 2610K(2752K)->2610K(2752K)
[2026-03-19T11:36:49.688+0800][326.177s][info][gc          ] GC(677) Pause Young (Concurrent Start) (G1 Humongous Allocation) 70M->27M(128M) 2.641ms
[2026-03-19T11:36:49.688+0800][326.177s][info][gc,cpu      ] GC(677) User=0.00s Sys=0.00s Real=0.00s
[2026-03-19T11:36:49.688+0800][326.178s][info][gc          ] GC(678) Concurrent Undo Cycle
[2026-03-19T11:36:49.688+0800][326.178s][info][gc,marking  ] GC(678) Concurrent Cleanup for Next Mark
[2026-03-19T11:36:49.689+0800][326.178s][info][gc,marking  ] GC(678) Concurrent Cleanup for Next Mark 0.368ms
[2026-03-19T11:36:49.689+0800][326.178s][info][gc          ] GC(678) Concurrent Undo Cycle 0.563ms
[2026-03-19T11:36:50.619+0800][327.108s][info][gc,start    ] GC(679) Pause Young (Concurrent Start) (G1 Humongous Allocation)
[2026-03-19T11:36:50.619+0800][327.108s][info][gc,task     ] GC(679) Using 3 workers of 13 for evacuation
[2026-03-19T11:36:50.621+0800][327.110s][info][gc,phases   ] GC(679)   Pre Evacuate Collection Set: 0.3ms
[2026-03-19T11:36:50.621+0800][327.110s][info][gc,phases   ] GC(679)   Merge Heap Roots: 0.3ms
[2026-03-19T11:36:50.621+0800][327.111s][info][gc,phases   ] GC(679)   Evacuate Collection Set: 0.7ms
[2026-03-19T11:36:50.621+0800][327.111s][info][gc,phases   ] GC(679)   Post Evacuate Collection Set: 0.8ms
[2026-03-19T11:36:50.621+0800][327.111s][info][gc,phases   ] GC(679)   Other: 0.5ms
[2026-03-19T11:36:50.622+0800][327.111s][info][gc,heap     ] GC(679) Eden regions: 13->0(74)
[2026-03-19T11:36:50.622+0800][327.111s][info][gc,heap     ] GC(679) Survivor regions: 2->2(10)
[2026-03-19T11:36:50.622+0800][327.111s][info][gc,heap     ] GC(679) Old regions: 18->18
[2026-03-19T11:36:50.622+0800][327.111s][info][gc,heap     ] GC(679) Archive regions: 0->0
[2026-03-19T11:36:50.622+0800][327.111s][info][gc,heap     ] GC(679) Humongous regions: 39->9
[2026-03-19T11:36:50.622+0800][327.111s][info][gc,metaspace] GC(679) Metaspace: 22909K(23232K)->22909K(23232K) NonClass: 20299K(20480K)->20299K(20480K) Class: 2610K(2752K)->2610K(2752K)
[2026-03-19T11:36:50.622+0800][327.111s][info][gc          ] GC(679) Pause Young (Concurrent Start) (G1 Humongous Allocation) 70M->27M(128M) 2.905ms
[2026-03-19T11:36:50.622+0800][327.111s][info][gc,cpu      ] GC(679) User=0.00s Sys=0.00s Real=0.00s
[2026-03-19T11:36:50.622+0800][327.111s][info][gc          ] GC(680) Concurrent Undo Cycle
[2026-03-19T11:36:50.622+0800][327.111s][info][gc,marking  ] GC(680) Concurrent Cleanup for Next Mark
[2026-03-19T11:36:50.622+0800][327.111s][info][gc,marking  ] GC(680) Concurrent Cleanup for Next Mark 0.351ms
[2026-03-19T11:36:50.622+0800][327.112s][info][gc          ] GC(680) Concurrent Undo Cycle 0.530ms
[2026-03-19T11:36:51.553+0800][328.043s][info][gc,start    ] GC(681) Pause Young (Concurrent Start) (G1 Humongous Allocation)
[2026-03-19T11:36:51.553+0800][328.043s][info][gc,task     ] GC(681) Using 3 workers of 13 for evacuation
[2026-03-19T11:36:51.555+0800][328.045s][info][gc,phases   ] GC(681)   Pre Evacuate Collection Set: 0.1ms
[2026-03-19T11:36:51.555+0800][328.045s][info][gc,phases   ] GC(681)   Merge Heap Roots: 0.1ms
[2026-03-19T11:36:51.555+0800][328.045s][info][gc,phases   ] GC(681)   Evacuate Collection Set: 0.5ms
[2026-03-19T11:36:51.555+0800][328.045s][info][gc,phases   ] GC(681)   Post Evacuate Collection Set: 1.1ms
[2026-03-19T11:36:51.555+0800][328.045s][info][gc,phases   ] GC(681)   Other: 0.3ms
[2026-03-19T11:36:51.556+0800][328.045s][info][gc,heap     ] GC(681) Eden regions: 13->0(74)
[2026-03-19T11:36:51.556+0800][328.045s][info][gc,heap     ] GC(681) Survivor regions: 2->2(10)
[2026-03-19T11:36:51.556+0800][328.045s][info][gc,heap     ] GC(681) Old regions: 18->18
[2026-03-19T11:36:51.556+0800][328.045s][info][gc,heap     ] GC(681) Archive regions: 0->0
[2026-03-19T11:36:51.556+0800][328.045s][info][gc,heap     ] GC(681) Humongous regions: 39->9
[2026-03-19T11:36:51.556+0800][328.045s][info][gc,metaspace] GC(681) Metaspace: 22909K(23232K)->22909K(23232K) NonClass: 20299K(20480K)->20299K(20480K) Class: 2610K(2752K)->2610K(2752K)
[2026-03-19T11:36:51.556+0800][328.045s][info][gc          ] GC(681) Pause Young (Concurrent Start) (G1 Humongous Allocation) 70M->27M(128M) 2.500ms
[2026-03-19T11:36:51.556+0800][328.045s][info][gc,cpu      ] GC(681) User=0.00s Sys=0.00s Real=0.00s
[2026-03-19T11:36:51.556+0800][328.046s][info][gc          ] GC(682) Concurrent Undo Cycle
[2026-03-19T11:36:51.556+0800][328.046s][info][gc,marking  ] GC(682) Concurrent Cleanup for Next Mark
[2026-03-19T11:36:51.556+0800][328.046s][info][gc,marking  ] GC(682) Concurrent Cleanup for Next Mark 0.318ms
[2026-03-19T11:36:51.556+0800][328.046s][info][gc          ] GC(682) Concurrent Undo Cycle 0.470ms
[2026-03-19T11:36:52.485+0800][328.975s][info][gc,start    ] GC(683) Pause Young (Concurrent Start) (G1 Humongous Allocation)
[2026-03-19T11:36:52.485+0800][328.975s][info][gc,task     ] GC(683) Using 3 workers of 13 for evacuation
[2026-03-19T11:36:52.487+0800][328.977s][info][gc,phases   ] GC(683)   Pre Evacuate Collection Set: 0.1ms
[2026-03-19T11:36:52.487+0800][328.977s][info][gc,phases   ] GC(683)   Merge Heap Roots: 0.2ms
[2026-03-19T11:36:52.487+0800][328.977s][info][gc,phases   ] GC(683)   Evacuate Collection Set: 0.8ms
[2026-03-19T11:36:52.487+0800][328.977s][info][gc,phases   ] GC(683)   Post Evacuate Collection Set: 0.8ms
[2026-03-19T11:36:52.487+0800][328.977s][info][gc,phases   ] GC(683)   Other: 0.4ms
[2026-03-19T11:36:52.487+0800][328.977s][info][gc,heap     ] GC(683) Eden regions: 12->0(74)
[2026-03-19T11:36:52.487+0800][328.977s][info][gc,heap     ] GC(683) Survivor regions: 2->2(10)
[2026-03-19T11:36:52.487+0800][328.977s][info][gc,heap     ] GC(683) Old regions: 18->18
[2026-03-19T11:36:52.487+0800][328.977s][info][gc,heap     ] GC(683) Archive regions: 0->0
[2026-03-19T11:36:52.487+0800][328.977s][info][gc,heap     ] GC(683) Humongous regions: 39->9
[2026-03-19T11:36:52.487+0800][328.977s][info][gc,metaspace] GC(683) Metaspace: 22909K(23232K)->22909K(23232K) NonClass: 20299K(20480K)->20299K(20480K) Class: 2610K(2752K)->2610K(2752K)
[2026-03-19T11:36:52.487+0800][328.978s][info][gc          ] GC(683) Pause Young (Concurrent Start) (G1 Humongous Allocation) 69M->27M(128M) 2.656ms
[2026-03-19T11:36:52.487+0800][328.978s][info][gc,cpu      ] GC(683) User=0.00s Sys=0.00s Real=0.00s
[2026-03-19T11:36:52.487+0800][328.978s][info][gc          ] GC(684) Concurrent Undo Cycle
[2026-03-19T11:36:52.487+0800][328.978s][info][gc,marking  ] GC(684) Concurrent Cleanup for Next Mark
[2026-03-19T11:36:52.489+0800][328.978s][info][gc,marking  ] GC(684) Concurrent Cleanup for Next Mark 0.323ms
[2026-03-19T11:36:52.489+0800][328.978s][info][gc          ] GC(684) Concurrent Undo Cycle 0.508ms
[2026-03-19T11:36:53.422+0800][329.911s][info][gc,start    ] GC(685) Pause Young (Concurrent Start) (G1 Humongous Allocation)
[2026-03-19T11:36:53.422+0800][329.911s][info][gc,task     ] GC(685) Using 3 workers of 13 for evacuation
[2026-03-19T11:36:53.424+0800][329.913s][info][gc,phases   ] GC(685)   Pre Evacuate Collection Set: 0.1ms
[2026-03-19T11:36:53.424+0800][329.913s][info][gc,phases   ] GC(685)   Merge Heap Roots: 0.1ms
[2026-03-19T11:36:53.424+0800][329.913s][info][gc,phases   ] GC(685)   Evacuate Collection Set: 0.8ms
[2026-03-19T11:36:53.424+0800][329.913s][info][gc,phases   ] GC(685)   Post Evacuate Collection Set: 0.6ms
[2026-03-19T11:36:53.424+0800][329.914s][info][gc,phases   ] GC(685)   Other: 0.4ms
[2026-03-19T11:36:53.424+0800][329.914s][info][gc,heap     ] GC(685) Eden regions: 13->0(74)
[2026-03-19T11:36:53.424+0800][329.914s][info][gc,heap     ] GC(685) Survivor regions: 2->2(10)
[2026-03-19T11:36:53.424+0800][329.914s][info][gc,heap     ] GC(685) Old regions: 18->18
[2026-03-19T11:36:53.424+0800][329.914s][info][gc,heap     ] GC(685) Archive regions: 0->0
[2026-03-19T11:36:53.424+0800][329.914s][info][gc,heap     ] GC(685) Humongous regions: 39->9
[2026-03-19T11:36:53.424+0800][329.914s][info][gc,metaspace] GC(685) Metaspace: 22909K(23232K)->22909K(23232K) NonClass: 20299K(20480K)->20299K(20480K) Class: 2610K(2752K)->2610K(2752K)
[2026-03-19T11:36:53.424+0800][329.914s][info][gc          ] GC(685) Pause Young (Concurrent Start) (G1 Humongous Allocation) 70M->27M(128M) 2.624ms
[2026-03-19T11:36:53.425+0800][329.914s][info][gc,cpu      ] GC(685) User=0.00s Sys=0.00s Real=0.00s
[2026-03-19T11:36:53.425+0800][329.914s][info][gc          ] GC(686) Concurrent Undo Cycle
[2026-03-19T11:36:53.425+0800][329.914s][info][gc,marking  ] GC(686) Concurrent Cleanup for Next Mark
[2026-03-19T11:36:53.425+0800][329.915s][info][gc,marking  ] GC(686) Concurrent Cleanup for Next Mark 0.335ms
[2026-03-19T11:36:53.425+0800][329.915s][info][gc          ] GC(686) Concurrent Undo Cycle 0.567ms
[2026-03-19T11:36:54.386+0800][330.876s][info][gc,start    ] GC(687) Pause Young (Concurrent Start) (G1 Humongous Allocation)
[2026-03-19T11:36:54.387+0800][330.876s][info][gc,task     ] GC(687) Using 3 workers of 13 for evacuation
[2026-03-19T11:36:54.390+0800][330.879s][info][gc,phases   ] GC(687)   Pre Evacuate Collection Set: 0.2ms
[2026-03-19T11:36:54.390+0800][330.880s][info][gc,phases   ] GC(687)   Merge Heap Roots: 0.2ms
[2026-03-19T11:36:54.391+0800][330.880s][info][gc,phases   ] GC(687)   Evacuate Collection Set: 1.4ms
[2026-03-19T11:36:54.391+0800][330.880s][info][gc,phases   ] GC(687)   Post Evacuate Collection Set: 1.0ms
[2026-03-19T11:36:54.391+0800][330.880s][info][gc,phases   ] GC(687)   Other: 1.1ms
[2026-03-19T11:36:54.391+0800][330.881s][info][gc,heap     ] GC(687) Eden regions: 13->0(74)
[2026-03-19T11:36:54.391+0800][330.881s][info][gc,heap     ] GC(687) Survivor regions: 2->2(10)
[2026-03-19T11:36:54.391+0800][330.881s][info][gc,heap     ] GC(687) Old regions: 18->18
[2026-03-19T11:36:54.392+0800][330.881s][info][gc,heap     ] GC(687) Archive regions: 0->0
[2026-03-19T11:36:54.392+0800][330.881s][info][gc,heap     ] GC(687) Humongous regions: 39->9
[2026-03-19T11:36:54.392+0800][330.881s][info][gc,metaspace] GC(687) Metaspace: 22909K(23232K)->22909K(23232K) NonClass: 20299K(20480K)->20299K(20480K) Class: 2610K(2752K)->2610K(2752K)
[2026-03-19T11:36:54.392+0800][330.882s][info][gc          ] GC(687) Pause Young (Concurrent Start) (G1 Humongous Allocation) 70M->27M(128M) 5.911ms
[2026-03-19T11:36:54.392+0800][330.882s][info][gc,cpu      ] GC(687) User=0.00s Sys=0.02s Real=0.01s
[2026-03-19T11:36:54.393+0800][330.882s][info][gc          ] GC(688) Concurrent Undo Cycle
[2026-03-19T11:36:54.393+0800][330.882s][info][gc,marking  ] GC(688) Concurrent Cleanup for Next Mark
[2026-03-19T11:36:54.393+0800][330.883s][info][gc,marking  ] GC(688) Concurrent Cleanup for Next Mark 0.825ms
[2026-03-19T11:36:54.394+0800][330.884s][info][gc          ] GC(688) Concurrent Undo Cycle 1.601ms
[2026-03-19T11:36:55.367+0800][331.857s][info][gc,start    ] GC(689) Pause Young (Concurrent Start) (G1 Humongous Allocation)
[2026-03-19T11:36:55.367+0800][331.857s][info][gc,task     ] GC(689) Using 3 workers of 13 for evacuation
[2026-03-19T11:36:55.371+0800][331.860s][info][gc,phases   ] GC(689)   Pre Evacuate Collection Set: 0.2ms
[2026-03-19T11:36:55.371+0800][331.860s][info][gc,phases   ] GC(689)   Merge Heap Roots: 0.2ms
[2026-03-19T11:36:55.371+0800][331.861s][info][gc,phases   ] GC(689)   Evacuate Collection Set: 1.2ms
[2026-03-19T11:36:55.371+0800][331.861s][info][gc,phases   ] GC(689)   Post Evacuate Collection Set: 0.8ms
[2026-03-19T11:36:55.372+0800][331.861s][info][gc,phases   ] GC(689)   Other: 0.6ms
[2026-03-19T11:36:55.372+0800][331.861s][info][gc,heap     ] GC(689) Eden regions: 13->0(74)
[2026-03-19T11:36:55.372+0800][331.861s][info][gc,heap     ] GC(689) Survivor regions: 2->2(10)
[2026-03-19T11:36:55.372+0800][331.861s][info][gc,heap     ] GC(689) Old regions: 18->18
[2026-03-19T11:36:55.372+0800][331.861s][info][gc,heap     ] GC(689) Archive regions: 0->0
[2026-03-19T11:36:55.372+0800][331.861s][info][gc,heap     ] GC(689) Humongous regions: 39->9
[2026-03-19T11:36:55.372+0800][331.861s][info][gc,metaspace] GC(689) Metaspace: 22909K(23232K)->22909K(23232K) NonClass: 20299K(20480K)->20299K(20480K) Class: 2610K(2752K)->2610K(2752K)
[2026-03-19T11:36:55.372+0800][331.862s][info][gc          ] GC(689) Pause Young (Concurrent Start) (G1 Humongous Allocation) 70M->27M(128M) 4.459ms
[2026-03-19T11:36:55.373+0800][331.862s][info][gc,cpu      ] GC(689) User=0.00s Sys=0.02s Real=0.01s
[2026-03-19T11:36:55.373+0800][331.862s][info][gc          ] GC(690) Concurrent Undo Cycle
[2026-03-19T11:36:55.373+0800][331.863s][info][gc,marking  ] GC(690) Concurrent Cleanup for Next Mark
[2026-03-19T11:36:55.375+0800][331.864s][info][gc,marking  ] GC(690) Concurrent Cleanup for Next Mark 1.137ms
[2026-03-19T11:36:55.375+0800][331.864s][info][gc          ] GC(690) Concurrent Undo Cycle 1.822ms
[2026-03-19T11:36:56.336+0800][332.826s][info][gc,start    ] GC(691) Pause Young (Concurrent Start) (G1 Humongous Allocation)
[2026-03-19T11:36:56.336+0800][332.826s][info][gc,task     ] GC(691) Using 3 workers of 13 for evacuation
[2026-03-19T11:36:56.337+0800][332.827s][info][gc,phases   ] GC(691)   Pre Evacuate Collection Set: 0.2ms
[2026-03-19T11:36:56.338+0800][332.828s][info][gc,phases   ] GC(691)   Merge Heap Roots: 0.1ms
[2026-03-19T11:36:56.338+0800][332.828s][info][gc,phases   ] GC(691)   Evacuate Collection Set: 0.6ms
[2026-03-19T11:36:56.338+0800][332.828s][info][gc,phases   ] GC(691)   Post Evacuate Collection Set: 0.6ms
[2026-03-19T11:36:56.338+0800][332.828s][info][gc,phases   ] GC(691)   Other: 0.3ms
[2026-03-19T11:36:56.338+0800][332.828s][info][gc,heap     ] GC(691) Eden regions: 12->0(74)
[2026-03-19T11:36:56.338+0800][332.828s][info][gc,heap     ] GC(691) Survivor regions: 2->2(10)
[2026-03-19T11:36:56.338+0800][332.828s][info][gc,heap     ] GC(691) Old regions: 18->18
[2026-03-19T11:36:56.338+0800][332.828s][info][gc,heap     ] GC(691) Archive regions: 0->0
[2026-03-19T11:36:56.338+0800][332.828s][info][gc,heap     ] GC(691) Humongous regions: 39->9
[2026-03-19T11:36:56.338+0800][332.828s][info][gc,metaspace] GC(691) Metaspace: 22909K(23232K)->22909K(23232K) NonClass: 20299K(20480K)->20299K(20480K) Class: 2610K(2752K)->2610K(2752K)
[2026-03-19T11:36:56.338+0800][332.828s][info][gc          ] GC(691) Pause Young (Concurrent Start) (G1 Humongous Allocation) 69M->27M(128M) 2.219ms
[2026-03-19T11:36:56.338+0800][332.828s][info][gc,cpu      ] GC(691) User=0.00s Sys=0.00s Real=0.00s
[2026-03-19T11:36:56.338+0800][332.828s][info][gc          ] GC(692) Concurrent Undo Cycle
[2026-03-19T11:36:56.338+0800][332.828s][info][gc,marking  ] GC(692) Concurrent Cleanup for Next Mark
[2026-03-19T11:36:56.339+0800][332.828s][info][gc,marking  ] GC(692) Concurrent Cleanup for Next Mark 0.278ms
[2026-03-19T11:36:56.339+0800][332.828s][info][gc          ] GC(692) Concurrent Undo Cycle 0.440ms
[2026-03-19T11:36:57.267+0800][333.757s][info][gc,start    ] GC(693) Pause Young (Concurrent Start) (G1 Humongous Allocation)
[2026-03-19T11:36:57.267+0800][333.758s][info][gc,task     ] GC(693) Using 3 workers of 13 for evacuation
[2026-03-19T11:36:57.270+0800][333.760s][info][gc,phases   ] GC(693)   Pre Evacuate Collection Set: 0.4ms
[2026-03-19T11:36:57.270+0800][333.760s][info][gc,phases   ] GC(693)   Merge Heap Roots: 0.2ms
[2026-03-19T11:36:57.270+0800][333.760s][info][gc,phases   ] GC(693)   Evacuate Collection Set: 0.6ms
[2026-03-19T11:36:57.270+0800][333.760s][info][gc,phases   ] GC(693)   Post Evacuate Collection Set: 0.7ms
[2026-03-19T11:36:57.270+0800][333.760s][info][gc,phases   ] GC(693)   Other: 0.3ms
[2026-03-19T11:36:57.270+0800][333.760s][info][gc,heap     ] GC(693) Eden regions: 13->0(74)
[2026-03-19T11:36:57.270+0800][333.760s][info][gc,heap     ] GC(693) Survivor regions: 2->2(10)
[2026-03-19T11:36:57.271+0800][333.760s][info][gc,heap     ] GC(693) Old regions: 18->18
[2026-03-19T11:36:57.271+0800][333.760s][info][gc,heap     ] GC(693) Archive regions: 0->0
[2026-03-19T11:36:57.271+0800][333.760s][info][gc,heap     ] GC(693) Humongous regions: 39->9
[2026-03-19T11:36:57.271+0800][333.760s][info][gc,metaspace] GC(693) Metaspace: 22909K(23232K)->22909K(23232K) NonClass: 20299K(20480K)->20299K(20480K) Class: 2610K(2752K)->2610K(2752K)
[2026-03-19T11:36:57.271+0800][333.760s][info][gc          ] GC(693) Pause Young (Concurrent Start) (G1 Humongous Allocation) 70M->27M(128M) 2.663ms
[2026-03-19T11:36:57.271+0800][333.760s][info][gc,cpu      ] GC(693) User=0.00s Sys=0.00s Real=0.00s
[2026-03-19T11:36:57.271+0800][333.760s][info][gc          ] GC(694) Concurrent Undo Cycle
[2026-03-19T11:36:57.271+0800][333.760s][info][gc,marking  ] GC(694) Concurrent Cleanup for Next Mark
[2026-03-19T11:36:57.271+0800][333.761s][info][gc,marking  ] GC(694) Concurrent Cleanup for Next Mark 0.286ms
[2026-03-19T11:36:57.271+0800][333.761s][info][gc          ] GC(694) Concurrent Undo Cycle 0.433ms
[2026-03-19T11:36:58.202+0800][334.691s][info][gc,start    ] GC(695) Pause Young (Concurrent Start) (G1 Humongous Allocation)
[2026-03-19T11:36:58.202+0800][334.691s][info][gc,task     ] GC(695) Using 3 workers of 13 for evacuation
[2026-03-19T11:36:58.204+0800][334.693s][info][gc,phases   ] GC(695)   Pre Evacuate Collection Set: 0.1ms
[2026-03-19T11:36:58.204+0800][334.693s][info][gc,phases   ] GC(695)   Merge Heap Roots: 0.1ms
[2026-03-19T11:36:58.204+0800][334.693s][info][gc,phases   ] GC(695)   Evacuate Collection Set: 0.6ms
[2026-03-19T11:36:58.204+0800][334.693s][info][gc,phases   ] GC(695)   Post Evacuate Collection Set: 1.0ms
[2026-03-19T11:36:58.204+0800][334.693s][info][gc,phases   ] GC(695)   Other: 0.3ms
[2026-03-19T11:36:58.204+0800][334.693s][info][gc,heap     ] GC(695) Eden regions: 13->0(74)
[2026-03-19T11:36:58.204+0800][334.693s][info][gc,heap     ] GC(695) Survivor regions: 2->2(10)
[2026-03-19T11:36:58.204+0800][334.693s][info][gc,heap     ] GC(695) Old regions: 18->18
[2026-03-19T11:36:58.204+0800][334.693s][info][gc,heap     ] GC(695) Archive regions: 0->0
[2026-03-19T11:36:58.204+0800][334.693s][info][gc,heap     ] GC(695) Humongous regions: 39->9
[2026-03-19T11:36:58.204+0800][334.693s][info][gc,metaspace] GC(695) Metaspace: 22909K(23232K)->22909K(23232K) NonClass: 20299K(20480K)->20299K(20480K) Class: 2610K(2752K)->2610K(2752K)
[2026-03-19T11:36:58.204+0800][334.693s][info][gc          ] GC(695) Pause Young (Concurrent Start) (G1 Humongous Allocation) 70M->27M(128M) 2.483ms
[2026-03-19T11:36:58.204+0800][334.693s][info][gc,cpu      ] GC(695) User=0.00s Sys=0.00s Real=0.00s
[2026-03-19T11:36:58.204+0800][334.694s][info][gc          ] GC(696) Concurrent Undo Cycle
[2026-03-19T11:36:58.204+0800][334.694s][info][gc,marking  ] GC(696) Concurrent Cleanup for Next Mark
[2026-03-19T11:36:58.205+0800][334.694s][info][gc,marking  ] GC(696) Concurrent Cleanup for Next Mark 0.346ms
[2026-03-19T11:36:58.205+0800][334.694s][info][gc          ] GC(696) Concurrent Undo Cycle 0.576ms
[2026-03-19T11:36:59.139+0800][335.629s][info][gc,start    ] GC(697) Pause Young (Concurrent Start) (G1 Humongous Allocation)
[2026-03-19T11:36:59.139+0800][335.629s][info][gc,task     ] GC(697) Using 3 workers of 13 for evacuation
[2026-03-19T11:36:59.142+0800][335.631s][info][gc,phases   ] GC(697)   Pre Evacuate Collection Set: 0.2ms
[2026-03-19T11:36:59.142+0800][335.631s][info][gc,phases   ] GC(697)   Merge Heap Roots: 0.2ms
[2026-03-19T11:36:59.142+0800][335.631s][info][gc,phases   ] GC(697)   Evacuate Collection Set: 0.6ms
[2026-03-19T11:36:59.142+0800][335.631s][info][gc,phases   ] GC(697)   Post Evacuate Collection Set: 0.8ms
[2026-03-19T11:36:59.142+0800][335.631s][info][gc,phases   ] GC(697)   Other: 0.3ms
[2026-03-19T11:36:59.142+0800][335.631s][info][gc,heap     ] GC(697) Eden regions: 12->0(74)
[2026-03-19T11:36:59.142+0800][335.631s][info][gc,heap     ] GC(697) Survivor regions: 2->2(10)
[2026-03-19T11:36:59.142+0800][335.632s][info][gc,heap     ] GC(697) Old regions: 18->18
[2026-03-19T11:36:59.142+0800][335.632s][info][gc,heap     ] GC(697) Archive regions: 0->0
[2026-03-19T11:36:59.142+0800][335.632s][info][gc,heap     ] GC(697) Humongous regions: 39->9
[2026-03-19T11:36:59.142+0800][335.632s][info][gc,metaspace] GC(697) Metaspace: 22909K(23232K)->22909K(23232K) NonClass: 20299K(20480K)->20299K(20480K) Class: 2610K(2752K)->2610K(2752K)
[2026-03-19T11:36:59.142+0800][335.632s][info][gc          ] GC(697) Pause Young (Concurrent Start) (G1 Humongous Allocation) 69M->27M(128M) 2.555ms
[2026-03-19T11:36:59.142+0800][335.632s][info][gc,cpu      ] GC(697) User=0.00s Sys=0.00s Real=0.00s
[2026-03-19T11:36:59.142+0800][335.632s][info][gc          ] GC(698) Concurrent Undo Cycle
[2026-03-19T11:36:59.142+0800][335.632s][info][gc,marking  ] GC(698) Concurrent Cleanup for Next Mark
[2026-03-19T11:36:59.142+0800][335.632s][info][gc,marking  ] GC(698) Concurrent Cleanup for Next Mark 0.425ms
[2026-03-19T11:36:59.143+0800][335.633s][info][gc          ] GC(698) Concurrent Undo Cycle 0.748ms
[2026-03-19T11:37:00.073+0800][336.563s][info][gc,start    ] GC(699) Pause Young (Concurrent Start) (G1 Humongous Allocation)
[2026-03-19T11:37:00.073+0800][336.563s][info][gc,task     ] GC(699) Using 3 workers of 13 for evacuation
[2026-03-19T11:37:00.076+0800][336.565s][info][gc,phases   ] GC(699)   Pre Evacuate Collection Set: 0.2ms
[2026-03-19T11:37:00.076+0800][336.565s][info][gc,phases   ] GC(699)   Merge Heap Roots: 0.2ms
[2026-03-19T11:37:00.076+0800][336.565s][info][gc,phases   ] GC(699)   Evacuate Collection Set: 0.7ms
[2026-03-19T11:37:00.076+0800][336.565s][info][gc,phases   ] GC(699)   Post Evacuate Collection Set: 0.8ms
[2026-03-19T11:37:00.076+0800][336.565s][info][gc,phases   ] GC(699)   Other: 0.4ms
[2026-03-19T11:37:00.076+0800][336.565s][info][gc,heap     ] GC(699) Eden regions: 13->0(74)
[2026-03-19T11:37:00.076+0800][336.565s][info][gc,heap     ] GC(699) Survivor regions: 2->2(10)
[2026-03-19T11:37:00.076+0800][336.565s][info][gc,heap     ] GC(699) Old regions: 18->18
[2026-03-19T11:37:00.076+0800][336.565s][info][gc,heap     ] GC(699) Archive regions: 0->0
[2026-03-19T11:37:00.076+0800][336.566s][info][gc,heap     ] GC(699) Humongous regions: 39->9
[2026-03-19T11:37:00.076+0800][336.566s][info][gc,metaspace] GC(699) Metaspace: 22909K(23232K)->22909K(23232K) NonClass: 20299K(20480K)->20299K(20480K) Class: 2610K(2752K)->2610K(2752K)
[2026-03-19T11:37:00.076+0800][336.566s][info][gc          ] GC(699) Pause Young (Concurrent Start) (G1 Humongous Allocation) 70M->27M(128M) 3.030ms
[2026-03-19T11:37:00.076+0800][336.566s][info][gc,cpu      ] GC(699) User=0.02s Sys=0.02s Real=0.00s
[2026-03-19T11:37:00.076+0800][336.566s][info][gc          ] GC(700) Concurrent Undo Cycle
[2026-03-19T11:37:00.077+0800][336.566s][info][gc,marking  ] GC(700) Concurrent Cleanup for Next Mark
[2026-03-19T11:37:00.077+0800][336.566s][info][gc,marking  ] GC(700) Concurrent Cleanup for Next Mark 0.288ms
[2026-03-19T11:37:00.077+0800][336.566s][info][gc          ] GC(700) Concurrent Undo Cycle 0.526ms
[2026-03-19T11:37:01.006+0800][337.496s][info][gc,start    ] GC(701) Pause Young (Concurrent Start) (G1 Humongous Allocation)
[2026-03-19T11:37:01.007+0800][337.496s][info][gc,task     ] GC(701) Using 3 workers of 13 for evacuation
[2026-03-19T11:37:01.008+0800][337.498s][info][gc,phases   ] GC(701)   Pre Evacuate Collection Set: 0.2ms
[2026-03-19T11:37:01.009+0800][337.498s][info][gc,phases   ] GC(701)   Merge Heap Roots: 0.1ms
[2026-03-19T11:37:01.009+0800][337.498s][info][gc,phases   ] GC(701)   Evacuate Collection Set: 0.5ms
[2026-03-19T11:37:01.009+0800][337.498s][info][gc,phases   ] GC(701)   Post Evacuate Collection Set: 0.7ms
[2026-03-19T11:37:01.009+0800][337.498s][info][gc,phases   ] GC(701)   Other: 0.6ms
[2026-03-19T11:37:01.009+0800][337.498s][info][gc,heap     ] GC(701) Eden regions: 13->0(74)
[2026-03-19T11:37:01.009+0800][337.498s][info][gc,heap     ] GC(701) Survivor regions: 2->2(10)
[2026-03-19T11:37:01.009+0800][337.498s][info][gc,heap     ] GC(701) Old regions: 18->18
[2026-03-19T11:37:01.009+0800][337.498s][info][gc,heap     ] GC(701) Archive regions: 0->0
[2026-03-19T11:37:01.009+0800][337.498s][info][gc,heap     ] GC(701) Humongous regions: 39->9
[2026-03-19T11:37:01.009+0800][337.498s][info][gc,metaspace] GC(701) Metaspace: 22909K(23232K)->22909K(23232K) NonClass: 20299K(20480K)->20299K(20480K) Class: 2610K(2752K)->2610K(2752K)
[2026-03-19T11:37:01.009+0800][337.498s][info][gc          ] GC(701) Pause Young (Concurrent Start) (G1 Humongous Allocation) 70M->27M(128M) 2.447ms
[2026-03-19T11:37:01.009+0800][337.498s][info][gc,cpu      ] GC(701) User=0.00s Sys=0.00s Real=0.00s
[2026-03-19T11:37:01.009+0800][337.498s][info][gc          ] GC(702) Concurrent Undo Cycle
[2026-03-19T11:37:01.009+0800][337.498s][info][gc,marking  ] GC(702) Concurrent Cleanup for Next Mark
[2026-03-19T11:37:01.010+0800][337.499s][info][gc,marking  ] GC(702) Concurrent Cleanup for Next Mark 0.506ms
[2026-03-19T11:37:01.010+0800][337.499s][info][gc          ] GC(702) Concurrent Undo Cycle 0.776ms
[2026-03-19T11:37:01.938+0800][338.427s][info][gc,start    ] GC(703) Pause Young (Concurrent Start) (G1 Humongous Allocation)
[2026-03-19T11:37:01.938+0800][338.427s][info][gc,task     ] GC(703) Using 3 workers of 13 for evacuation
[2026-03-19T11:37:01.939+0800][338.429s][info][gc,phases   ] GC(703)   Pre Evacuate Collection Set: 0.1ms
[2026-03-19T11:37:01.940+0800][338.429s][info][gc,phases   ] GC(703)   Merge Heap Roots: 0.2ms
[2026-03-19T11:37:01.940+0800][338.429s][info][gc,phases   ] GC(703)   Evacuate Collection Set: 0.9ms
[2026-03-19T11:37:01.940+0800][338.429s][info][gc,phases   ] GC(703)   Post Evacuate Collection Set: 0.8ms
[2026-03-19T11:37:01.940+0800][338.430s][info][gc,phases   ] GC(703)   Other: 0.3ms
[2026-03-19T11:37:01.940+0800][338.430s][info][gc,heap     ] GC(703) Eden regions: 13->0(74)
[2026-03-19T11:37:01.940+0800][338.430s][info][gc,heap     ] GC(703) Survivor regions: 2->2(10)
[2026-03-19T11:37:01.940+0800][338.430s][info][gc,heap     ] GC(703) Old regions: 18->18
[2026-03-19T11:37:01.940+0800][338.430s][info][gc,heap     ] GC(703) Archive regions: 0->0
[2026-03-19T11:37:01.940+0800][338.430s][info][gc,heap     ] GC(703) Humongous regions: 39->9
[2026-03-19T11:37:01.940+0800][338.430s][info][gc,metaspace] GC(703) Metaspace: 22909K(23232K)->22909K(23232K) NonClass: 20299K(20480K)->20299K(20480K) Class: 2610K(2752K)->2610K(2752K)
[2026-03-19T11:37:01.940+0800][338.430s][info][gc          ] GC(703) Pause Young (Concurrent Start) (G1 Humongous Allocation) 70M->27M(128M) 3.052ms
[2026-03-19T11:37:01.940+0800][338.430s][info][gc,cpu      ] GC(703) User=0.00s Sys=0.00s Real=0.00s
[2026-03-19T11:37:01.940+0800][338.430s][info][gc          ] GC(704) Concurrent Undo Cycle
[2026-03-19T11:37:01.940+0800][338.430s][info][gc,marking  ] GC(704) Concurrent Cleanup for Next Mark
[2026-03-19T11:37:01.941+0800][338.431s][info][gc,marking  ] GC(704) Concurrent Cleanup for Next Mark 0.331ms
[2026-03-19T11:37:01.941+0800][338.431s][info][gc          ] GC(704) Concurrent Undo Cycle 0.642ms
[2026-03-19T11:37:02.873+0800][339.362s][info][gc,start    ] GC(705) Pause Young (Concurrent Start) (G1 Humongous Allocation)
[2026-03-19T11:37:02.873+0800][339.362s][info][gc,task     ] GC(705) Using 3 workers of 13 for evacuation
[2026-03-19T11:37:02.874+0800][339.364s][info][gc,phases   ] GC(705)   Pre Evacuate Collection Set: 0.1ms
[2026-03-19T11:37:02.874+0800][339.364s][info][gc,phases   ] GC(705)   Merge Heap Roots: 0.2ms
[2026-03-19T11:37:02.874+0800][339.364s][info][gc,phases   ] GC(705)   Evacuate Collection Set: 0.7ms
[2026-03-19T11:37:02.874+0800][339.364s][info][gc,phases   ] GC(705)   Post Evacuate Collection Set: 0.4ms
[2026-03-19T11:37:02.874+0800][339.364s][info][gc,phases   ] GC(705)   Other: 0.4ms
[2026-03-19T11:37:02.874+0800][339.364s][info][gc,heap     ] GC(705) Eden regions: 12->0(74)
[2026-03-19T11:37:02.874+0800][339.364s][info][gc,heap     ] GC(705) Survivor regions: 2->2(10)
[2026-03-19T11:37:02.874+0800][339.364s][info][gc,heap     ] GC(705) Old regions: 18->18
[2026-03-19T11:37:02.874+0800][339.364s][info][gc,heap     ] GC(705) Archive regions: 0->0
[2026-03-19T11:37:02.874+0800][339.364s][info][gc,heap     ] GC(705) Humongous regions: 39->9
[2026-03-19T11:37:02.874+0800][339.364s][info][gc,metaspace] GC(705) Metaspace: 22909K(23232K)->22909K(23232K) NonClass: 20299K(20480K)->20299K(20480K) Class: 2610K(2752K)->2610K(2752K)
[2026-03-19T11:37:02.874+0800][339.364s][info][gc          ] GC(705) Pause Young (Concurrent Start) (G1 Humongous Allocation) 69M->27M(128M) 2.283ms
[2026-03-19T11:37:02.874+0800][339.364s][info][gc,cpu      ] GC(705) User=0.00s Sys=0.00s Real=0.00s
[2026-03-19T11:37:02.874+0800][339.364s][info][gc          ] GC(706) Concurrent Undo Cycle
[2026-03-19T11:37:02.874+0800][339.364s][info][gc,marking  ] GC(706) Concurrent Cleanup for Next Mark
[2026-03-19T11:37:02.875+0800][339.365s][info][gc,marking  ] GC(706) Concurrent Cleanup for Next Mark 0.283ms
[2026-03-19T11:37:02.875+0800][339.365s][info][gc          ] GC(706) Concurrent Undo Cycle 0.481ms
[2026-03-19T11:37:03.810+0800][340.299s][info][gc,start    ] GC(707) Pause Young (Concurrent Start) (G1 Humongous Allocation)
[2026-03-19T11:37:03.810+0800][340.299s][info][gc,task     ] GC(707) Using 3 workers of 13 for evacuation
[2026-03-19T11:37:03.811+0800][340.301s][info][gc,phases   ] GC(707)   Pre Evacuate Collection Set: 0.2ms
[2026-03-19T11:37:03.812+0800][340.301s][info][gc,phases   ] GC(707)   Merge Heap Roots: 0.1ms
[2026-03-19T11:37:03.812+0800][340.301s][info][gc,phases   ] GC(707)   Evacuate Collection Set: 0.6ms
[2026-03-19T11:37:03.812+0800][340.301s][info][gc,phases   ] GC(707)   Post Evacuate Collection Set: 0.6ms
[2026-03-19T11:37:03.812+0800][340.301s][info][gc,phases   ] GC(707)   Other: 0.4ms
[2026-03-19T11:37:03.812+0800][340.301s][info][gc,heap     ] GC(707) Eden regions: 12->0(74)
[2026-03-19T11:37:03.812+0800][340.301s][info][gc,heap     ] GC(707) Survivor regions: 2->2(10)
[2026-03-19T11:37:03.812+0800][340.301s][info][gc,heap     ] GC(707) Old regions: 18->18
[2026-03-19T11:37:03.812+0800][340.301s][info][gc,heap     ] GC(707) Archive regions: 0->0
[2026-03-19T11:37:03.812+0800][340.301s][info][gc,heap     ] GC(707) Humongous regions: 39->9
[2026-03-19T11:37:03.812+0800][340.301s][info][gc,metaspace] GC(707) Metaspace: 22909K(23232K)->22909K(23232K) NonClass: 20299K(20480K)->20299K(20480K) Class: 2610K(2752K)->2610K(2752K)
[2026-03-19T11:37:03.812+0800][340.301s][info][gc          ] GC(707) Pause Young (Concurrent Start) (G1 Humongous Allocation) 69M->27M(128M) 2.506ms
[2026-03-19T11:37:03.812+0800][340.301s][info][gc,cpu      ] GC(707) User=0.00s Sys=0.00s Real=0.00s
[2026-03-19T11:37:03.812+0800][340.301s][info][gc          ] GC(708) Concurrent Undo Cycle
[2026-03-19T11:37:03.812+0800][340.301s][info][gc,marking  ] GC(708) Concurrent Cleanup for Next Mark
[2026-03-19T11:37:03.813+0800][340.302s][info][gc,marking  ] GC(708) Concurrent Cleanup for Next Mark 0.415ms
[2026-03-19T11:37:03.813+0800][340.302s][info][gc          ] GC(708) Concurrent Undo Cycle 0.704ms
[2026-03-19T11:37:04.751+0800][341.241s][info][gc,start    ] GC(709) Pause Young (Concurrent Start) (G1 Humongous Allocation)
[2026-03-19T11:37:04.751+0800][341.241s][info][gc,task     ] GC(709) Using 3 workers of 13 for evacuation
[2026-03-19T11:37:04.753+0800][341.243s][info][gc,phases   ] GC(709)   Pre Evacuate Collection Set: 0.1ms
[2026-03-19T11:37:04.753+0800][341.243s][info][gc,phases   ] GC(709)   Merge Heap Roots: 0.1ms
[2026-03-19T11:37:04.753+0800][341.243s][info][gc,phases   ] GC(709)   Evacuate Collection Set: 1.0ms
[2026-03-19T11:37:04.753+0800][341.243s][info][gc,phases   ] GC(709)   Post Evacuate Collection Set: 0.6ms
[2026-03-19T11:37:04.753+0800][341.243s][info][gc,phases   ] GC(709)   Other: 0.4ms
[2026-03-19T11:37:04.753+0800][341.243s][info][gc,heap     ] GC(709) Eden regions: 13->0(74)
[2026-03-19T11:37:04.754+0800][341.244s][info][gc,heap     ] GC(709) Survivor regions: 2->2(10)
[2026-03-19T11:37:04.754+0800][341.244s][info][gc,heap     ] GC(709) Old regions: 18->18
[2026-03-19T11:37:04.754+0800][341.244s][info][gc,heap     ] GC(709) Archive regions: 0->0
[2026-03-19T11:37:04.754+0800][341.244s][info][gc,heap     ] GC(709) Humongous regions: 39->9
[2026-03-19T11:37:04.754+0800][341.244s][info][gc,metaspace] GC(709) Metaspace: 22909K(23232K)->22909K(23232K) NonClass: 20299K(20480K)->20299K(20480K) Class: 2610K(2752K)->2610K(2752K)
[2026-03-19T11:37:04.754+0800][341.244s][info][gc          ] GC(709) Pause Young (Concurrent Start) (G1 Humongous Allocation) 70M->27M(128M) 2.882ms
[2026-03-19T11:37:04.754+0800][341.244s][info][gc,cpu      ] GC(709) User=0.00s Sys=0.00s Real=0.00s
[2026-03-19T11:37:04.754+0800][341.244s][info][gc          ] GC(710) Concurrent Undo Cycle
[2026-03-19T11:37:04.754+0800][341.244s][info][gc,marking  ] GC(710) Concurrent Cleanup for Next Mark
[2026-03-19T11:37:04.755+0800][341.245s][info][gc,marking  ] GC(710) Concurrent Cleanup for Next Mark 0.329ms
[2026-03-19T11:37:04.755+0800][341.245s][info][gc          ] GC(710) Concurrent Undo Cycle 0.630ms
[2026-03-19T11:37:05.702+0800][342.191s][info][gc,start    ] GC(711) Pause Young (Concurrent Start) (G1 Humongous Allocation)
[2026-03-19T11:37:05.702+0800][342.191s][info][gc,task     ] GC(711) Using 3 workers of 13 for evacuation
[2026-03-19T11:37:05.704+0800][342.193s][info][gc,phases   ] GC(711)   Pre Evacuate Collection Set: 0.3ms
[2026-03-19T11:37:05.704+0800][342.193s][info][gc,phases   ] GC(711)   Merge Heap Roots: 0.1ms
[2026-03-19T11:37:05.704+0800][342.193s][info][gc,phases   ] GC(711)   Evacuate Collection Set: 0.7ms
[2026-03-19T11:37:05.704+0800][342.193s][info][gc,phases   ] GC(711)   Post Evacuate Collection Set: 0.6ms
[2026-03-19T11:37:05.704+0800][342.193s][info][gc,phases   ] GC(711)   Other: 0.4ms
[2026-03-19T11:37:05.704+0800][342.193s][info][gc,heap     ] GC(711) Eden regions: 13->0(74)
[2026-03-19T11:37:05.704+0800][342.193s][info][gc,heap     ] GC(711) Survivor regions: 2->2(10)
[2026-03-19T11:37:05.704+0800][342.193s][info][gc,heap     ] GC(711) Old regions: 18->18
[2026-03-19T11:37:05.704+0800][342.194s][info][gc,heap     ] GC(711) Archive regions: 0->0
[2026-03-19T11:37:05.704+0800][342.194s][info][gc,heap     ] GC(711) Humongous regions: 39->9
[2026-03-19T11:37:05.704+0800][342.194s][info][gc,metaspace] GC(711) Metaspace: 22909K(23232K)->22909K(23232K) NonClass: 20299K(20480K)->20299K(20480K) Class: 2610K(2752K)->2610K(2752K)
[2026-03-19T11:37:05.705+0800][342.194s][info][gc          ] GC(711) Pause Young (Concurrent Start) (G1 Humongous Allocation) 70M->27M(128M) 2.800ms
[2026-03-19T11:37:05.705+0800][342.194s][info][gc,cpu      ] GC(711) User=0.00s Sys=0.00s Real=0.00s
[2026-03-19T11:37:05.705+0800][342.194s][info][gc          ] GC(712) Concurrent Undo Cycle
[2026-03-19T11:37:05.705+0800][342.194s][info][gc,marking  ] GC(712) Concurrent Cleanup for Next Mark
[2026-03-19T11:37:05.705+0800][342.194s][info][gc,marking  ] GC(712) Concurrent Cleanup for Next Mark 0.390ms
[2026-03-19T11:37:05.706+0800][342.195s][info][gc          ] GC(712) Concurrent Undo Cycle 0.871ms
[2026-03-19T11:37:06.626+0800][343.115s][info][gc,start    ] GC(713) Pause Young (Concurrent Start) (G1 Humongous Allocation)
[2026-03-19T11:37:06.626+0800][343.116s][info][gc,task     ] GC(713) Using 3 workers of 13 for evacuation
[2026-03-19T11:37:06.628+0800][343.118s][info][gc,phases   ] GC(713)   Pre Evacuate Collection Set: 0.2ms
[2026-03-19T11:37:06.628+0800][343.118s][info][gc,phases   ] GC(713)   Merge Heap Roots: 0.2ms
[2026-03-19T11:37:06.628+0800][343.118s][info][gc,phases   ] GC(713)   Evacuate Collection Set: 0.7ms
[2026-03-19T11:37:06.628+0800][343.118s][info][gc,phases   ] GC(713)   Post Evacuate Collection Set: 0.7ms
[2026-03-19T11:37:06.629+0800][343.118s][info][gc,phases   ] GC(713)   Other: 0.4ms
[2026-03-19T11:37:06.629+0800][343.118s][info][gc,heap     ] GC(713) Eden regions: 13->0(74)
[2026-03-19T11:37:06.629+0800][343.118s][info][gc,heap     ] GC(713) Survivor regions: 2->2(10)
[2026-03-19T11:37:06.629+0800][343.118s][info][gc,heap     ] GC(713) Old regions: 18->18
[2026-03-19T11:37:06.629+0800][343.118s][info][gc,heap     ] GC(713) Archive regions: 0->0
[2026-03-19T11:37:06.629+0800][343.118s][info][gc,heap     ] GC(713) Humongous regions: 39->9
[2026-03-19T11:37:06.629+0800][343.118s][info][gc,metaspace] GC(713) Metaspace: 22909K(23232K)->22909K(23232K) NonClass: 20299K(20480K)->20299K(20480K) Class: 2610K(2752K)->2610K(2752K)
[2026-03-19T11:37:06.629+0800][343.118s][info][gc          ] GC(713) Pause Young (Concurrent Start) (G1 Humongous Allocation) 70M->27M(128M) 2.761ms
[2026-03-19T11:37:06.629+0800][343.118s][info][gc,cpu      ] GC(713) User=0.00s Sys=0.00s Real=0.00s
[2026-03-19T11:37:06.629+0800][343.119s][info][gc          ] GC(714) Concurrent Undo Cycle
[2026-03-19T11:37:06.629+0800][343.119s][info][gc,marking  ] GC(714) Concurrent Cleanup for Next Mark
[2026-03-19T11:37:06.629+0800][343.119s][info][gc,marking  ] GC(714) Concurrent Cleanup for Next Mark 0.361ms
[2026-03-19T11:37:06.629+0800][343.119s][info][gc          ] GC(714) Concurrent Undo Cycle 0.579ms
[2026-03-19T11:37:07.561+0800][344.050s][info][gc,start    ] GC(715) Pause Young (Concurrent Start) (G1 Humongous Allocation)
[2026-03-19T11:37:07.561+0800][344.050s][info][gc,task     ] GC(715) Using 3 workers of 13 for evacuation
[2026-03-19T11:37:07.562+0800][344.052s][info][gc,phases   ] GC(715)   Pre Evacuate Collection Set: 0.2ms
[2026-03-19T11:37:07.562+0800][344.052s][info][gc,phases   ] GC(715)   Merge Heap Roots: 0.2ms
[2026-03-19T11:37:07.563+0800][344.052s][info][gc,phases   ] GC(715)   Evacuate Collection Set: 0.5ms
[2026-03-19T11:37:07.563+0800][344.052s][info][gc,phases   ] GC(715)   Post Evacuate Collection Set: 0.5ms
[2026-03-19T11:37:07.563+0800][344.052s][info][gc,phases   ] GC(715)   Other: 0.3ms
[2026-03-19T11:37:07.563+0800][344.052s][info][gc,heap     ] GC(715) Eden regions: 13->0(74)
[2026-03-19T11:37:07.563+0800][344.052s][info][gc,heap     ] GC(715) Survivor regions: 2->2(10)
[2026-03-19T11:37:07.563+0800][344.052s][info][gc,heap     ] GC(715) Old regions: 18->18
[2026-03-19T11:37:07.563+0800][344.052s][info][gc,heap     ] GC(715) Archive regions: 0->0
[2026-03-19T11:37:07.563+0800][344.052s][info][gc,heap     ] GC(715) Humongous regions: 39->9
[2026-03-19T11:37:07.563+0800][344.052s][info][gc,metaspace] GC(715) Metaspace: 22909K(23232K)->22909K(23232K) NonClass: 20299K(20480K)->20299K(20480K) Class: 2610K(2752K)->2610K(2752K)
[2026-03-19T11:37:07.563+0800][344.052s][info][gc          ] GC(715) Pause Young (Concurrent Start) (G1 Humongous Allocation) 70M->27M(128M) 2.253ms
[2026-03-19T11:37:07.563+0800][344.052s][info][gc,cpu      ] GC(715) User=0.00s Sys=0.00s Real=0.00s
[2026-03-19T11:37:07.563+0800][344.052s][info][gc          ] GC(716) Concurrent Undo Cycle
[2026-03-19T11:37:07.563+0800][344.052s][info][gc,marking  ] GC(716) Concurrent Cleanup for Next Mark
[2026-03-19T11:37:07.563+0800][344.053s][info][gc,marking  ] GC(716) Concurrent Cleanup for Next Mark 0.256ms
[2026-03-19T11:37:07.563+0800][344.053s][info][gc          ] GC(716) Concurrent Undo Cycle 0.452ms
[2026-03-19T11:37:08.491+0800][344.980s][info][gc,start    ] GC(717) Pause Young (Concurrent Start) (G1 Humongous Allocation)
[2026-03-19T11:37:08.491+0800][344.981s][info][gc,task     ] GC(717) Using 3 workers of 13 for evacuation
[2026-03-19T11:37:08.494+0800][344.983s][info][gc,phases   ] GC(717)   Pre Evacuate Collection Set: 0.2ms
[2026-03-19T11:37:08.494+0800][344.984s][info][gc,phases   ] GC(717)   Merge Heap Roots: 0.1ms
[2026-03-19T11:37:08.494+0800][344.984s][info][gc,phases   ] GC(717)   Evacuate Collection Set: 1.8ms
[2026-03-19T11:37:08.495+0800][344.984s][info][gc,phases   ] GC(717)   Post Evacuate Collection Set: 0.6ms
[2026-03-19T11:37:08.495+0800][344.984s][info][gc,phases   ] GC(717)   Other: 0.5ms
[2026-03-19T11:37:08.495+0800][344.984s][info][gc,heap     ] GC(717) Eden regions: 13->0(74)
[2026-03-19T11:37:08.495+0800][344.984s][info][gc,heap     ] GC(717) Survivor regions: 2->2(10)
[2026-03-19T11:37:08.495+0800][344.984s][info][gc,heap     ] GC(717) Old regions: 18->18
[2026-03-19T11:37:08.495+0800][344.984s][info][gc,heap     ] GC(717) Archive regions: 0->0
[2026-03-19T11:37:08.495+0800][344.984s][info][gc,heap     ] GC(717) Humongous regions: 39->9
[2026-03-19T11:37:08.495+0800][344.984s][info][gc,metaspace] GC(717) Metaspace: 22909K(23232K)->22909K(23232K) NonClass: 20299K(20480K)->20299K(20480K) Class: 2610K(2752K)->2610K(2752K)
[2026-03-19T11:37:08.495+0800][344.984s][info][gc          ] GC(717) Pause Young (Concurrent Start) (G1 Humongous Allocation) 70M->27M(128M) 4.002ms
[2026-03-19T11:37:08.495+0800][344.984s][info][gc,cpu      ] GC(717) User=0.00s Sys=0.00s Real=0.00s
[2026-03-19T11:37:08.495+0800][344.985s][info][gc          ] GC(718) Concurrent Undo Cycle
[2026-03-19T11:37:08.495+0800][344.985s][info][gc,marking  ] GC(718) Concurrent Cleanup for Next Mark
[2026-03-19T11:37:08.496+0800][344.985s][info][gc,marking  ] GC(718) Concurrent Cleanup for Next Mark 0.458ms
[2026-03-19T11:37:08.496+0800][344.985s][info][gc          ] GC(718) Concurrent Undo Cycle 0.810ms
[2026-03-19T11:37:09.423+0800][345.912s][info][gc,start    ] GC(719) Pause Young (Concurrent Start) (G1 Humongous Allocation)
[2026-03-19T11:37:09.423+0800][345.913s][info][gc,task     ] GC(719) Using 3 workers of 13 for evacuation
[2026-03-19T11:37:09.425+0800][345.915s][info][gc,phases   ] GC(719)   Pre Evacuate Collection Set: 0.2ms
[2026-03-19T11:37:09.425+0800][345.915s][info][gc,phases   ] GC(719)   Merge Heap Roots: 0.2ms
[2026-03-19T11:37:09.425+0800][345.915s][info][gc,phases   ] GC(719)   Evacuate Collection Set: 0.7ms
[2026-03-19T11:37:09.425+0800][345.915s][info][gc,phases   ] GC(719)   Post Evacuate Collection Set: 0.6ms
[2026-03-19T11:37:09.426+0800][345.915s][info][gc,phases   ] GC(719)   Other: 0.6ms
[2026-03-19T11:37:09.426+0800][345.915s][info][gc,heap     ] GC(719) Eden regions: 13->0(74)
[2026-03-19T11:37:09.426+0800][345.915s][info][gc,heap     ] GC(719) Survivor regions: 2->2(10)
[2026-03-19T11:37:09.426+0800][345.915s][info][gc,heap     ] GC(719) Old regions: 18->18
[2026-03-19T11:37:09.426+0800][345.915s][info][gc,heap     ] GC(719) Archive regions: 0->0
[2026-03-19T11:37:09.426+0800][345.915s][info][gc,heap     ] GC(719) Humongous regions: 39->9
[2026-03-19T11:37:09.426+0800][345.915s][info][gc,metaspace] GC(719) Metaspace: 22909K(23232K)->22909K(23232K) NonClass: 20299K(20480K)->20299K(20480K) Class: 2610K(2752K)->2610K(2752K)
[2026-03-19T11:37:09.426+0800][345.915s][info][gc          ] GC(719) Pause Young (Concurrent Start) (G1 Humongous Allocation) 70M->27M(128M) 2.893ms
[2026-03-19T11:37:09.426+0800][345.915s][info][gc,cpu      ] GC(719) User=0.00s Sys=0.00s Real=0.00s
[2026-03-19T11:37:09.426+0800][345.915s][info][gc          ] GC(720) Concurrent Undo Cycle
[2026-03-19T11:37:09.426+0800][345.916s][info][gc,marking  ] GC(720) Concurrent Cleanup for Next Mark
[2026-03-19T11:37:09.426+0800][345.916s][info][gc,marking  ] GC(720) Concurrent Cleanup for Next Mark 0.273ms
[2026-03-19T11:37:09.426+0800][345.916s][info][gc          ] GC(720) Concurrent Undo Cycle 0.458ms
[2026-03-19T11:37:10.354+0800][346.843s][info][gc,start    ] GC(721) Pause Young (Concurrent Start) (G1 Humongous Allocation)
[2026-03-19T11:37:10.354+0800][346.843s][info][gc,task     ] GC(721) Using 3 workers of 13 for evacuation
[2026-03-19T11:37:10.356+0800][346.845s][info][gc,phases   ] GC(721)   Pre Evacuate Collection Set: 0.3ms
[2026-03-19T11:37:10.356+0800][346.845s][info][gc,phases   ] GC(721)   Merge Heap Roots: 0.2ms
[2026-03-19T11:37:10.356+0800][346.845s][info][gc,phases   ] GC(721)   Evacuate Collection Set: 0.5ms
[2026-03-19T11:37:10.356+0800][346.845s][info][gc,phases   ] GC(721)   Post Evacuate Collection Set: 0.7ms
[2026-03-19T11:37:10.356+0800][346.845s][info][gc,phases   ] GC(721)   Other: 0.3ms
[2026-03-19T11:37:10.356+0800][346.845s][info][gc,heap     ] GC(721) Eden regions: 12->0(74)
[2026-03-19T11:37:10.356+0800][346.845s][info][gc,heap     ] GC(721) Survivor regions: 2->2(10)
[2026-03-19T11:37:10.356+0800][346.845s][info][gc,heap     ] GC(721) Old regions: 18->18
[2026-03-19T11:37:10.356+0800][346.845s][info][gc,heap     ] GC(721) Archive regions: 0->0
[2026-03-19T11:37:10.356+0800][346.846s][info][gc,heap     ] GC(721) Humongous regions: 39->9
[2026-03-19T11:37:10.356+0800][346.846s][info][gc,metaspace] GC(721) Metaspace: 22909K(23232K)->22909K(23232K) NonClass: 20299K(20480K)->20299K(20480K) Class: 2610K(2752K)->2610K(2752K)
[2026-03-19T11:37:10.356+0800][346.846s][info][gc          ] GC(721) Pause Young (Concurrent Start) (G1 Humongous Allocation) 69M->27M(128M) 2.337ms
[2026-03-19T11:37:10.356+0800][346.846s][info][gc,cpu      ] GC(721) User=0.00s Sys=0.02s Real=0.00s
[2026-03-19T11:37:10.356+0800][346.846s][info][gc          ] GC(722) Concurrent Undo Cycle
[2026-03-19T11:37:10.357+0800][346.846s][info][gc,marking  ] GC(722) Concurrent Cleanup for Next Mark
[2026-03-19T11:37:10.357+0800][346.846s][info][gc,marking  ] GC(722) Concurrent Cleanup for Next Mark 0.324ms
[2026-03-19T11:37:10.357+0800][346.846s][info][gc          ] GC(722) Concurrent Undo Cycle 0.484ms
[2026-03-19T11:37:11.287+0800][347.777s][info][gc,start    ] GC(723) Pause Young (Concurrent Start) (G1 Humongous Allocation)
[2026-03-19T11:37:11.287+0800][347.777s][info][gc,task     ] GC(723) Using 3 workers of 13 for evacuation
[2026-03-19T11:37:11.290+0800][347.779s][info][gc,phases   ] GC(723)   Pre Evacuate Collection Set: 0.2ms
[2026-03-19T11:37:11.290+0800][347.779s][info][gc,phases   ] GC(723)   Merge Heap Roots: 0.1ms
[2026-03-19T11:37:11.290+0800][347.779s][info][gc,phases   ] GC(723)   Evacuate Collection Set: 0.6ms
[2026-03-19T11:37:11.290+0800][347.779s][info][gc,phases   ] GC(723)   Post Evacuate Collection Set: 0.6ms
[2026-03-19T11:37:11.290+0800][347.779s][info][gc,phases   ] GC(723)   Other: 0.2ms
[2026-03-19T11:37:11.290+0800][347.779s][info][gc,heap     ] GC(723) Eden regions: 12->0(74)
[2026-03-19T11:37:11.290+0800][347.779s][info][gc,heap     ] GC(723) Survivor regions: 2->2(10)
[2026-03-19T11:37:11.290+0800][347.779s][info][gc,heap     ] GC(723) Old regions: 18->18
[2026-03-19T11:37:11.290+0800][347.779s][info][gc,heap     ] GC(723) Archive regions: 0->0
[2026-03-19T11:37:11.290+0800][347.779s][info][gc,heap     ] GC(723) Humongous regions: 39->9
[2026-03-19T11:37:11.290+0800][347.779s][info][gc,metaspace] GC(723) Metaspace: 22909K(23232K)->22909K(23232K) NonClass: 20299K(20480K)->20299K(20480K) Class: 2610K(2752K)->2610K(2752K)
[2026-03-19T11:37:11.290+0800][347.779s][info][gc          ] GC(723) Pause Young (Concurrent Start) (G1 Humongous Allocation) 69M->27M(128M) 2.051ms
[2026-03-19T11:37:11.290+0800][347.779s][info][gc,cpu      ] GC(723) User=0.00s Sys=0.00s Real=0.00s
[2026-03-19T11:37:11.290+0800][347.779s][info][gc          ] GC(724) Concurrent Undo Cycle
[2026-03-19T11:37:11.290+0800][347.779s][info][gc,marking  ] GC(724) Concurrent Cleanup for Next Mark
[2026-03-19T11:37:11.290+0800][347.780s][info][gc,marking  ] GC(724) Concurrent Cleanup for Next Mark 0.246ms
[2026-03-19T11:37:11.291+0800][347.780s][info][gc          ] GC(724) Concurrent Undo Cycle 0.402ms
[2026-03-19T11:37:12.224+0800][348.713s][info][gc,start    ] GC(725) Pause Young (Concurrent Start) (G1 Humongous Allocation)
[2026-03-19T11:37:12.224+0800][348.713s][info][gc,task     ] GC(725) Using 3 workers of 13 for evacuation
[2026-03-19T11:37:12.226+0800][348.715s][info][gc,phases   ] GC(725)   Pre Evacuate Collection Set: 0.2ms
[2026-03-19T11:37:12.227+0800][348.716s][info][gc,phases   ] GC(725)   Merge Heap Roots: 0.2ms
[2026-03-19T11:37:12.227+0800][348.716s][info][gc,phases   ] GC(725)   Evacuate Collection Set: 0.9ms
[2026-03-19T11:37:12.227+0800][348.716s][info][gc,phases   ] GC(725)   Post Evacuate Collection Set: 0.6ms
[2026-03-19T11:37:12.227+0800][348.716s][info][gc,phases   ] GC(725)   Other: 0.4ms
[2026-03-19T11:37:12.227+0800][348.716s][info][gc,heap     ] GC(725) Eden regions: 13->0(74)
[2026-03-19T11:37:12.227+0800][348.716s][info][gc,heap     ] GC(725) Survivor regions: 2->2(10)
[2026-03-19T11:37:12.227+0800][348.716s][info][gc,heap     ] GC(725) Old regions: 18->18
[2026-03-19T11:37:12.227+0800][348.716s][info][gc,heap     ] GC(725) Archive regions: 0->0
[2026-03-19T11:37:12.227+0800][348.716s][info][gc,heap     ] GC(725) Humongous regions: 39->9
[2026-03-19T11:37:12.227+0800][348.716s][info][gc,metaspace] GC(725) Metaspace: 22909K(23232K)->22909K(23232K) NonClass: 20299K(20480K)->20299K(20480K) Class: 2610K(2752K)->2610K(2752K)
[2026-03-19T11:37:12.227+0800][348.716s][info][gc          ] GC(725) Pause Young (Concurrent Start) (G1 Humongous Allocation) 70M->27M(128M) 2.857ms
[2026-03-19T11:37:12.227+0800][348.716s][info][gc,cpu      ] GC(725) User=0.00s Sys=0.00s Real=0.00s
[2026-03-19T11:37:12.227+0800][348.716s][info][gc          ] GC(726) Concurrent Undo Cycle
[2026-03-19T11:37:12.227+0800][348.716s][info][gc,marking  ] GC(726) Concurrent Cleanup for Next Mark
[2026-03-19T11:37:12.228+0800][348.717s][info][gc,marking  ] GC(726) Concurrent Cleanup for Next Mark 0.333ms
[2026-03-19T11:37:12.228+0800][348.717s][info][gc          ] GC(726) Concurrent Undo Cycle 0.657ms
[2026-03-19T11:37:13.162+0800][349.651s][info][gc,start    ] GC(727) Pause Young (Concurrent Start) (G1 Humongous Allocation)
[2026-03-19T11:37:13.162+0800][349.652s][info][gc,task     ] GC(727) Using 3 workers of 13 for evacuation
[2026-03-19T11:37:13.165+0800][349.654s][info][gc,phases   ] GC(727)   Pre Evacuate Collection Set: 0.2ms
[2026-03-19T11:37:13.165+0800][349.654s][info][gc,phases   ] GC(727)   Merge Heap Roots: 0.2ms
[2026-03-19T11:37:13.165+0800][349.654s][info][gc,phases   ] GC(727)   Evacuate Collection Set: 0.9ms
[2026-03-19T11:37:13.165+0800][349.654s][info][gc,phases   ] GC(727)   Post Evacuate Collection Set: 0.8ms
[2026-03-19T11:37:13.165+0800][349.654s][info][gc,phases   ] GC(727)   Other: 0.4ms
[2026-03-19T11:37:13.165+0800][349.654s][info][gc,heap     ] GC(727) Eden regions: 13->0(74)
[2026-03-19T11:37:13.165+0800][349.654s][info][gc,heap     ] GC(727) Survivor regions: 2->2(10)
[2026-03-19T11:37:13.165+0800][349.654s][info][gc,heap     ] GC(727) Old regions: 18->18
[2026-03-19T11:37:13.165+0800][349.654s][info][gc,heap     ] GC(727) Archive regions: 0->0
[2026-03-19T11:37:13.165+0800][349.654s][info][gc,heap     ] GC(727) Humongous regions: 39->9
[2026-03-19T11:37:13.165+0800][349.654s][info][gc,metaspace] GC(727) Metaspace: 22909K(23232K)->22909K(23232K) NonClass: 20299K(20480K)->20299K(20480K) Class: 2610K(2752K)->2610K(2752K)
[2026-03-19T11:37:13.165+0800][349.654s][info][gc          ] GC(727) Pause Young (Concurrent Start) (G1 Humongous Allocation) 70M->27M(128M) 2.727ms
[2026-03-19T11:37:13.165+0800][349.654s][info][gc,cpu      ] GC(727) User=0.00s Sys=0.00s Real=0.00s
[2026-03-19T11:37:13.165+0800][349.654s][info][gc          ] GC(728) Concurrent Undo Cycle
[2026-03-19T11:37:13.165+0800][349.654s][info][gc,marking  ] GC(728) Concurrent Cleanup for Next Mark
[2026-03-19T11:37:13.165+0800][349.655s][info][gc,marking  ] GC(728) Concurrent Cleanup for Next Mark 0.164ms
[2026-03-19T11:37:13.165+0800][349.655s][info][gc          ] GC(728) Concurrent Undo Cycle 0.274ms
[2026-03-19T11:37:14.097+0800][350.586s][info][gc,start    ] GC(729) Pause Young (Concurrent Start) (G1 Humongous Allocation)
[2026-03-19T11:37:14.097+0800][350.587s][info][gc,task     ] GC(729) Using 3 workers of 13 for evacuation
[2026-03-19T11:37:14.100+0800][350.589s][info][gc,phases   ] GC(729)   Pre Evacuate Collection Set: 0.3ms
[2026-03-19T11:37:14.100+0800][350.589s][info][gc,phases   ] GC(729)   Merge Heap Roots: 0.2ms
[2026-03-19T11:37:14.100+0800][350.589s][info][gc,phases   ] GC(729)   Evacuate Collection Set: 0.8ms
[2026-03-19T11:37:14.100+0800][350.589s][info][gc,phases   ] GC(729)   Post Evacuate Collection Set: 1.1ms
[2026-03-19T11:37:14.100+0800][350.589s][info][gc,phases   ] GC(729)   Other: 0.2ms
[2026-03-19T11:37:14.100+0800][350.589s][info][gc,heap     ] GC(729) Eden regions: 13->0(74)
[2026-03-19T11:37:14.100+0800][350.589s][info][gc,heap     ] GC(729) Survivor regions: 2->2(10)
[2026-03-19T11:37:14.100+0800][350.589s][info][gc,heap     ] GC(729) Old regions: 18->18
[2026-03-19T11:37:14.100+0800][350.589s][info][gc,heap     ] GC(729) Archive regions: 0->0
[2026-03-19T11:37:14.100+0800][350.589s][info][gc,heap     ] GC(729) Humongous regions: 39->9
[2026-03-19T11:37:14.100+0800][350.589s][info][gc,metaspace] GC(729) Metaspace: 22909K(23232K)->22909K(23232K) NonClass: 20299K(20480K)->20299K(20480K) Class: 2610K(2752K)->2610K(2752K)
[2026-03-19T11:37:14.100+0800][350.589s][info][gc          ] GC(729) Pause Young (Concurrent Start) (G1 Humongous Allocation) 70M->27M(128M) 2.725ms
[2026-03-19T11:37:14.100+0800][350.589s][info][gc,cpu      ] GC(729) User=0.00s Sys=0.00s Real=0.00s
[2026-03-19T11:37:14.100+0800][350.589s][info][gc          ] GC(730) Concurrent Undo Cycle
[2026-03-19T11:37:14.100+0800][350.589s][info][gc,marking  ] GC(730) Concurrent Cleanup for Next Mark
[2026-03-19T11:37:14.100+0800][350.590s][info][gc,marking  ] GC(730) Concurrent Cleanup for Next Mark 0.277ms
[2026-03-19T11:37:14.100+0800][350.590s][info][gc          ] GC(730) Concurrent Undo Cycle 0.410ms
[2026-03-19T11:37:15.031+0800][351.521s][info][gc,start    ] GC(731) Pause Young (Concurrent Start) (G1 Humongous Allocation)
[2026-03-19T11:37:15.031+0800][351.521s][info][gc,task     ] GC(731) Using 3 workers of 13 for evacuation
[2026-03-19T11:37:15.032+0800][351.522s][info][gc,phases   ] GC(731)   Pre Evacuate Collection Set: 0.2ms
[2026-03-19T11:37:15.032+0800][351.522s][info][gc,phases   ] GC(731)   Merge Heap Roots: 0.1ms
[2026-03-19T11:37:15.032+0800][351.522s][info][gc,phases   ] GC(731)   Evacuate Collection Set: 0.4ms
[2026-03-19T11:37:15.032+0800][351.522s][info][gc,phases   ] GC(731)   Post Evacuate Collection Set: 0.4ms
[2026-03-19T11:37:15.032+0800][351.522s][info][gc,phases   ] GC(731)   Other: 0.2ms
[2026-03-19T11:37:15.032+0800][351.522s][info][gc,heap     ] GC(731) Eden regions: 12->0(74)
[2026-03-19T11:37:15.032+0800][351.522s][info][gc,heap     ] GC(731) Survivor regions: 2->2(10)
[2026-03-19T11:37:15.032+0800][351.522s][info][gc,heap     ] GC(731) Old regions: 18->18
[2026-03-19T11:37:15.032+0800][351.522s][info][gc,heap     ] GC(731) Archive regions: 0->0
[2026-03-19T11:37:15.032+0800][351.522s][info][gc,heap     ] GC(731) Humongous regions: 39->9
[2026-03-19T11:37:15.032+0800][351.522s][info][gc,metaspace] GC(731) Metaspace: 22909K(23232K)->22909K(23232K) NonClass: 20299K(20480K)->20299K(20480K) Class: 2610K(2752K)->2610K(2752K)
[2026-03-19T11:37:15.032+0800][351.522s][info][gc          ] GC(731) Pause Young (Concurrent Start) (G1 Humongous Allocation) 69M->27M(128M) 1.504ms
[2026-03-19T11:37:15.032+0800][351.522s][info][gc,cpu      ] GC(731) User=0.00s Sys=0.00s Real=0.00s
[2026-03-19T11:37:15.033+0800][351.522s][info][gc          ] GC(732) Concurrent Undo Cycle
[2026-03-19T11:37:15.033+0800][351.523s][info][gc,marking  ] GC(732) Concurrent Cleanup for Next Mark
[2026-03-19T11:37:15.033+0800][351.523s][info][gc,marking  ] GC(732) Concurrent Cleanup for Next Mark 0.186ms
[2026-03-19T11:37:15.033+0800][351.523s][info][gc          ] GC(732) Concurrent Undo Cycle 0.338ms
[2026-03-19T11:37:15.965+0800][352.455s][info][gc,start    ] GC(733) Pause Young (Concurrent Start) (G1 Humongous Allocation)
[2026-03-19T11:37:15.966+0800][352.455s][info][gc,task     ] GC(733) Using 3 workers of 13 for evacuation
[2026-03-19T11:37:15.969+0800][352.458s][info][gc,phases   ] GC(733)   Pre Evacuate Collection Set: 0.3ms
[2026-03-19T11:37:15.969+0800][352.458s][info][gc,phases   ] GC(733)   Merge Heap Roots: 0.3ms
[2026-03-19T11:37:15.969+0800][352.458s][info][gc,phases   ] GC(733)   Evacuate Collection Set: 0.9ms
[2026-03-19T11:37:15.969+0800][352.458s][info][gc,phases   ] GC(733)   Post Evacuate Collection Set: 0.9ms
[2026-03-19T11:37:15.969+0800][352.458s][info][gc,phases   ] GC(733)   Other: 0.5ms
[2026-03-19T11:37:15.969+0800][352.458s][info][gc,heap     ] GC(733) Eden regions: 13->0(74)
[2026-03-19T11:37:15.969+0800][352.458s][info][gc,heap     ] GC(733) Survivor regions: 2->2(10)
[2026-03-19T11:37:15.969+0800][352.458s][info][gc,heap     ] GC(733) Old regions: 18->18
[2026-03-19T11:37:15.969+0800][352.458s][info][gc,heap     ] GC(733) Archive regions: 0->0
[2026-03-19T11:37:15.969+0800][352.458s][info][gc,heap     ] GC(733) Humongous regions: 39->9
[2026-03-19T11:37:15.969+0800][352.458s][info][gc,metaspace] GC(733) Metaspace: 22909K(23232K)->22909K(23232K) NonClass: 20299K(20480K)->20299K(20480K) Class: 2610K(2752K)->2610K(2752K)
[2026-03-19T11:37:15.969+0800][352.459s][info][gc          ] GC(733) Pause Young (Concurrent Start) (G1 Humongous Allocation) 70M->27M(128M) 3.422ms
[2026-03-19T11:37:15.969+0800][352.459s][info][gc,cpu      ] GC(733) User=0.00s Sys=0.00s Real=0.00s
[2026-03-19T11:37:15.970+0800][352.459s][info][gc          ] GC(734) Concurrent Undo Cycle
[2026-03-19T11:37:15.970+0800][352.459s][info][gc,marking  ] GC(734) Concurrent Cleanup for Next Mark
[2026-03-19T11:37:15.970+0800][352.459s][info][gc,marking  ] GC(734) Concurrent Cleanup for Next Mark 0.481ms
[2026-03-19T11:37:15.970+0800][352.460s][info][gc          ] GC(734) Concurrent Undo Cycle 0.804ms
[2026-03-19T11:37:16.904+0800][353.393s][info][gc,start    ] GC(735) Pause Young (Concurrent Start) (G1 Humongous Allocation)
[2026-03-19T11:37:16.904+0800][353.393s][info][gc,task     ] GC(735) Using 3 workers of 13 for evacuation
[2026-03-19T11:37:16.906+0800][353.395s][info][gc,phases   ] GC(735)   Pre Evacuate Collection Set: 0.2ms
[2026-03-19T11:37:16.906+0800][353.395s][info][gc,phases   ] GC(735)   Merge Heap Roots: 0.2ms
[2026-03-19T11:37:16.906+0800][353.395s][info][gc,phases   ] GC(735)   Evacuate Collection Set: 0.7ms
[2026-03-19T11:37:16.906+0800][353.395s][info][gc,phases   ] GC(735)   Post Evacuate Collection Set: 0.7ms
[2026-03-19T11:37:16.906+0800][353.395s][info][gc,phases   ] GC(735)   Other: 0.2ms
[2026-03-19T11:37:16.906+0800][353.396s][info][gc,heap     ] GC(735) Eden regions: 13->0(74)
[2026-03-19T11:37:16.906+0800][353.396s][info][gc,heap     ] GC(735) Survivor regions: 2->2(10)
[2026-03-19T11:37:16.906+0800][353.396s][info][gc,heap     ] GC(735) Old regions: 18->18
[2026-03-19T11:37:16.906+0800][353.396s][info][gc,heap     ] GC(735) Archive regions: 0->0
[2026-03-19T11:37:16.906+0800][353.396s][info][gc,heap     ] GC(735) Humongous regions: 39->9
[2026-03-19T11:37:16.906+0800][353.396s][info][gc,metaspace] GC(735) Metaspace: 22909K(23232K)->22909K(23232K) NonClass: 20299K(20480K)->20299K(20480K) Class: 2610K(2752K)->2610K(2752K)
[2026-03-19T11:37:16.906+0800][353.396s][info][gc          ] GC(735) Pause Young (Concurrent Start) (G1 Humongous Allocation) 70M->27M(128M) 2.605ms
[2026-03-19T11:37:16.907+0800][353.396s][info][gc,cpu      ] GC(735) User=0.00s Sys=0.00s Real=0.00s
[2026-03-19T11:37:16.907+0800][353.396s][info][gc          ] GC(736) Concurrent Undo Cycle
[2026-03-19T11:37:16.907+0800][353.396s][info][gc,marking  ] GC(736) Concurrent Cleanup for Next Mark
[2026-03-19T11:37:16.907+0800][353.396s][info][gc,marking  ] GC(736) Concurrent Cleanup for Next Mark 0.298ms
[2026-03-19T11:37:16.907+0800][353.396s][info][gc          ] GC(736) Concurrent Undo Cycle 0.558ms
[2026-03-19T11:37:17.842+0800][354.331s][info][gc,start    ] GC(737) Pause Young (Concurrent Start) (G1 Humongous Allocation)
[2026-03-19T11:37:17.842+0800][354.331s][info][gc,task     ] GC(737) Using 3 workers of 13 for evacuation
[2026-03-19T11:37:17.844+0800][354.334s][info][gc,phases   ] GC(737)   Pre Evacuate Collection Set: 0.3ms
[2026-03-19T11:37:17.845+0800][354.334s][info][gc,phases   ] GC(737)   Merge Heap Roots: 0.2ms
[2026-03-19T11:37:17.845+0800][354.334s][info][gc,phases   ] GC(737)   Evacuate Collection Set: 0.8ms
[2026-03-19T11:37:17.845+0800][354.334s][info][gc,phases   ] GC(737)   Post Evacuate Collection Set: 0.9ms
[2026-03-19T11:37:17.845+0800][354.334s][info][gc,phases   ] GC(737)   Other: 0.3ms
[2026-03-19T11:37:17.845+0800][354.334s][info][gc,heap     ] GC(737) Eden regions: 13->0(74)
[2026-03-19T11:37:17.845+0800][354.334s][info][gc,heap     ] GC(737) Survivor regions: 2->2(10)
[2026-03-19T11:37:17.845+0800][354.334s][info][gc,heap     ] GC(737) Old regions: 18->18
[2026-03-19T11:37:17.845+0800][354.334s][info][gc,heap     ] GC(737) Archive regions: 0->0
[2026-03-19T11:37:17.845+0800][354.334s][info][gc,heap     ] GC(737) Humongous regions: 39->9
[2026-03-19T11:37:17.845+0800][354.334s][info][gc,metaspace] GC(737) Metaspace: 22909K(23232K)->22909K(23232K) NonClass: 20299K(20480K)->20299K(20480K) Class: 2610K(2752K)->2610K(2752K)
[2026-03-19T11:37:17.845+0800][354.334s][info][gc          ] GC(737) Pause Young (Concurrent Start) (G1 Humongous Allocation) 70M->27M(128M) 3.093ms
[2026-03-19T11:37:17.845+0800][354.334s][info][gc,cpu      ] GC(737) User=0.00s Sys=0.00s Real=0.00s
[2026-03-19T11:37:17.845+0800][354.334s][info][gc          ] GC(738) Concurrent Undo Cycle
[2026-03-19T11:37:17.845+0800][354.335s][info][gc,marking  ] GC(738) Concurrent Cleanup for Next Mark
[2026-03-19T11:37:17.846+0800][354.335s][info][gc,marking  ] GC(738) Concurrent Cleanup for Next Mark 0.363ms
[2026-03-19T11:37:17.846+0800][354.335s][info][gc          ] GC(738) Concurrent Undo Cycle 0.642ms
[2026-03-19T11:37:18.781+0800][355.271s][info][gc,start    ] GC(739) Pause Young (Concurrent Start) (G1 Humongous Allocation)
[2026-03-19T11:37:18.781+0800][355.271s][info][gc,task     ] GC(739) Using 3 workers of 13 for evacuation
[2026-03-19T11:37:18.784+0800][355.273s][info][gc,phases   ] GC(739)   Pre Evacuate Collection Set: 0.3ms
[2026-03-19T11:37:18.784+0800][355.273s][info][gc,phases   ] GC(739)   Merge Heap Roots: 0.2ms
[2026-03-19T11:37:18.784+0800][355.274s][info][gc,phases   ] GC(739)   Evacuate Collection Set: 0.8ms
[2026-03-19T11:37:18.784+0800][355.274s][info][gc,phases   ] GC(739)   Post Evacuate Collection Set: 0.9ms
[2026-03-19T11:37:18.784+0800][355.274s][info][gc,phases   ] GC(739)   Other: 0.3ms
[2026-03-19T11:37:18.784+0800][355.274s][info][gc,heap     ] GC(739) Eden regions: 12->0(74)
[2026-03-19T11:37:18.784+0800][355.274s][info][gc,heap     ] GC(739) Survivor regions: 2->2(10)
[2026-03-19T11:37:18.784+0800][355.274s][info][gc,heap     ] GC(739) Old regions: 18->18
[2026-03-19T11:37:18.784+0800][355.274s][info][gc,heap     ] GC(739) Archive regions: 0->0
[2026-03-19T11:37:18.784+0800][355.274s][info][gc,heap     ] GC(739) Humongous regions: 39->9
[2026-03-19T11:37:18.784+0800][355.274s][info][gc,metaspace] GC(739) Metaspace: 22909K(23232K)->22909K(23232K) NonClass: 20299K(20480K)->20299K(20480K) Class: 2610K(2752K)->2610K(2752K)
[2026-03-19T11:37:18.784+0800][355.274s][info][gc          ] GC(739) Pause Young (Concurrent Start) (G1 Humongous Allocation) 69M->27M(128M) 2.983ms
[2026-03-19T11:37:18.784+0800][355.274s][info][gc,cpu      ] GC(739) User=0.00s Sys=0.00s Real=0.00s
[2026-03-19T11:37:18.785+0800][355.274s][info][gc          ] GC(740) Concurrent Undo Cycle
[2026-03-19T11:37:18.785+0800][355.274s][info][gc,marking  ] GC(740) Concurrent Cleanup for Next Mark
[2026-03-19T11:37:18.785+0800][355.275s][info][gc,marking  ] GC(740) Concurrent Cleanup for Next Mark 0.526ms
[2026-03-19T11:37:18.785+0800][355.275s][info][gc          ] GC(740) Concurrent Undo Cycle 0.809ms
[2026-03-19T11:37:19.723+0800][356.213s][info][gc,start    ] GC(741) Pause Young (Concurrent Start) (G1 Humongous Allocation)
[2026-03-19T11:37:19.724+0800][356.213s][info][gc,task     ] GC(741) Using 3 workers of 13 for evacuation
[2026-03-19T11:37:19.726+0800][356.216s][info][gc,phases   ] GC(741)   Pre Evacuate Collection Set: 0.2ms
[2026-03-19T11:37:19.727+0800][356.216s][info][gc,phases   ] GC(741)   Merge Heap Roots: 0.2ms
[2026-03-19T11:37:19.727+0800][356.216s][info][gc,phases   ] GC(741)   Evacuate Collection Set: 0.9ms
[2026-03-19T11:37:19.727+0800][356.216s][info][gc,phases   ] GC(741)   Post Evacuate Collection Set: 1.2ms
[2026-03-19T11:37:19.727+0800][356.216s][info][gc,phases   ] GC(741)   Other: 0.4ms
[2026-03-19T11:37:19.727+0800][356.216s][info][gc,heap     ] GC(741) Eden regions: 12->0(74)
[2026-03-19T11:37:19.727+0800][356.216s][info][gc,heap     ] GC(741) Survivor regions: 2->2(10)
[2026-03-19T11:37:19.727+0800][356.216s][info][gc,heap     ] GC(741) Old regions: 18->18
[2026-03-19T11:37:19.727+0800][356.216s][info][gc,heap     ] GC(741) Archive regions: 0->0
[2026-03-19T11:37:19.727+0800][356.216s][info][gc,heap     ] GC(741) Humongous regions: 39->9
[2026-03-19T11:37:19.727+0800][356.216s][info][gc,metaspace] GC(741) Metaspace: 22909K(23232K)->22909K(23232K) NonClass: 20299K(20480K)->20299K(20480K) Class: 2610K(2752K)->2610K(2752K)
[2026-03-19T11:37:19.727+0800][356.216s][info][gc          ] GC(741) Pause Young (Concurrent Start) (G1 Humongous Allocation) 69M->27M(128M) 3.515ms
[2026-03-19T11:37:19.727+0800][356.216s][info][gc,cpu      ] GC(741) User=0.00s Sys=0.00s Real=0.00s
[2026-03-19T11:37:19.727+0800][356.216s][info][gc          ] GC(742) Concurrent Undo Cycle
[2026-03-19T11:37:19.727+0800][356.216s][info][gc,marking  ] GC(742) Concurrent Cleanup for Next Mark
[2026-03-19T11:37:19.728+0800][356.217s][info][gc,marking  ] GC(742) Concurrent Cleanup for Next Mark 0.256ms
[2026-03-19T11:37:19.728+0800][356.217s][info][gc          ] GC(742) Concurrent Undo Cycle 0.564ms
[2026-03-19T11:37:20.660+0800][357.149s][info][gc,start    ] GC(743) Pause Young (Concurrent Start) (G1 Humongous Allocation)
[2026-03-19T11:37:20.660+0800][357.149s][info][gc,task     ] GC(743) Using 3 workers of 13 for evacuation
[2026-03-19T11:37:20.663+0800][357.152s][info][gc,phases   ] GC(743)   Pre Evacuate Collection Set: 0.4ms
[2026-03-19T11:37:20.663+0800][357.153s][info][gc,phases   ] GC(743)   Merge Heap Roots: 0.3ms
[2026-03-19T11:37:20.663+0800][357.153s][info][gc,phases   ] GC(743)   Evacuate Collection Set: 0.9ms
[2026-03-19T11:37:20.663+0800][357.153s][info][gc,phases   ] GC(743)   Post Evacuate Collection Set: 1.3ms
[2026-03-19T11:37:20.663+0800][357.153s][info][gc,phases   ] GC(743)   Other: 0.5ms
[2026-03-19T11:37:20.663+0800][357.153s][info][gc,heap     ] GC(743) Eden regions: 12->0(74)
[2026-03-19T11:37:20.663+0800][357.153s][info][gc,heap     ] GC(743) Survivor regions: 2->2(10)
[2026-03-19T11:37:20.663+0800][357.153s][info][gc,heap     ] GC(743) Old regions: 18->18
[2026-03-19T11:37:20.663+0800][357.153s][info][gc,heap     ] GC(743) Archive regions: 0->0
[2026-03-19T11:37:20.663+0800][357.153s][info][gc,heap     ] GC(743) Humongous regions: 39->9
[2026-03-19T11:37:20.663+0800][357.153s][info][gc,metaspace] GC(743) Metaspace: 22909K(23232K)->22909K(23232K) NonClass: 20299K(20480K)->20299K(20480K) Class: 2610K(2752K)->2610K(2752K)
[2026-03-19T11:37:20.663+0800][357.153s][info][gc          ] GC(743) Pause Young (Concurrent Start) (G1 Humongous Allocation) 69M->27M(128M) 3.912ms
[2026-03-19T11:37:20.663+0800][357.153s][info][gc,cpu      ] GC(743) User=0.00s Sys=0.00s Real=0.00s
[2026-03-19T11:37:20.663+0800][357.153s][info][gc          ] GC(744) Concurrent Undo Cycle
[2026-03-19T11:37:20.663+0800][357.153s][info][gc,marking  ] GC(744) Concurrent Cleanup for Next Mark
[2026-03-19T11:37:20.664+0800][357.154s][info][gc,marking  ] GC(744) Concurrent Cleanup for Next Mark 0.380ms
[2026-03-19T11:37:20.664+0800][357.154s][info][gc          ] GC(744) Concurrent Undo Cycle 0.694ms
[2026-03-19T11:37:21.595+0800][358.084s][info][gc,start    ] GC(745) Pause Young (Concurrent Start) (G1 Humongous Allocation)
[2026-03-19T11:37:21.595+0800][358.084s][info][gc,task     ] GC(745) Using 3 workers of 13 for evacuation
[2026-03-19T11:37:21.596+0800][358.085s][info][gc,phases   ] GC(745)   Pre Evacuate Collection Set: 0.2ms
[2026-03-19T11:37:21.596+0800][358.086s][info][gc,phases   ] GC(745)   Merge Heap Roots: 0.1ms
[2026-03-19T11:37:21.596+0800][358.086s][info][gc,phases   ] GC(745)   Evacuate Collection Set: 0.5ms
[2026-03-19T11:37:21.596+0800][358.086s][info][gc,phases   ] GC(745)   Post Evacuate Collection Set: 0.5ms
[2026-03-19T11:37:21.596+0800][358.086s][info][gc,phases   ] GC(745)   Other: 0.2ms
[2026-03-19T11:37:21.596+0800][358.086s][info][gc,heap     ] GC(745) Eden regions: 13->0(74)
[2026-03-19T11:37:21.596+0800][358.086s][info][gc,heap     ] GC(745) Survivor regions: 2->2(10)
[2026-03-19T11:37:21.596+0800][358.086s][info][gc,heap     ] GC(745) Old regions: 18->18
[2026-03-19T11:37:21.596+0800][358.086s][info][gc,heap     ] GC(745) Archive regions: 0->0
[2026-03-19T11:37:21.596+0800][358.086s][info][gc,heap     ] GC(745) Humongous regions: 39->9
[2026-03-19T11:37:21.596+0800][358.086s][info][gc,metaspace] GC(745) Metaspace: 22909K(23232K)->22909K(23232K) NonClass: 20299K(20480K)->20299K(20480K) Class: 2610K(2752K)->2610K(2752K)
[2026-03-19T11:37:21.596+0800][358.086s][info][gc          ] GC(745) Pause Young (Concurrent Start) (G1 Humongous Allocation) 70M->27M(128M) 1.702ms
[2026-03-19T11:37:21.596+0800][358.086s][info][gc,cpu      ] GC(745) User=0.00s Sys=0.00s Real=0.00s
[2026-03-19T11:37:21.596+0800][358.086s][info][gc          ] GC(746) Concurrent Undo Cycle
[2026-03-19T11:37:21.596+0800][358.086s][info][gc,marking  ] GC(746) Concurrent Cleanup for Next Mark
[2026-03-19T11:37:21.597+0800][358.086s][info][gc,marking  ] GC(746) Concurrent Cleanup for Next Mark 0.277ms
[2026-03-19T11:37:21.597+0800][358.086s][info][gc          ] GC(746) Concurrent Undo Cycle 0.465ms
[2026-03-19T11:37:22.529+0800][359.019s][info][gc,start    ] GC(747) Pause Young (Concurrent Start) (G1 Humongous Allocation)
[2026-03-19T11:37:22.529+0800][359.019s][info][gc,task     ] GC(747) Using 3 workers of 13 for evacuation
[2026-03-19T11:37:22.531+0800][359.021s][info][gc,phases   ] GC(747)   Pre Evacuate Collection Set: 0.2ms
[2026-03-19T11:37:22.531+0800][359.021s][info][gc,phases   ] GC(747)   Merge Heap Roots: 0.2ms
[2026-03-19T11:37:22.531+0800][359.021s][info][gc,phases   ] GC(747)   Evacuate Collection Set: 0.7ms
[2026-03-19T11:37:22.531+0800][359.021s][info][gc,phases   ] GC(747)   Post Evacuate Collection Set: 0.8ms
[2026-03-19T11:37:22.531+0800][359.021s][info][gc,phases   ] GC(747)   Other: 0.2ms
[2026-03-19T11:37:22.531+0800][359.021s][info][gc,heap     ] GC(747) Eden regions: 13->0(74)
[2026-03-19T11:37:22.531+0800][359.021s][info][gc,heap     ] GC(747) Survivor regions: 2->2(10)
[2026-03-19T11:37:22.531+0800][359.021s][info][gc,heap     ] GC(747) Old regions: 18->18
[2026-03-19T11:37:22.531+0800][359.021s][info][gc,heap     ] GC(747) Archive regions: 0->0
[2026-03-19T11:37:22.531+0800][359.021s][info][gc,heap     ] GC(747) Humongous regions: 39->9
[2026-03-19T11:37:22.531+0800][359.021s][info][gc,metaspace] GC(747) Metaspace: 22909K(23232K)->22909K(23232K) NonClass: 20299K(20480K)->20299K(20480K) Class: 2610K(2752K)->2610K(2752K)
[2026-03-19T11:37:22.531+0800][359.021s][info][gc          ] GC(747) Pause Young (Concurrent Start) (G1 Humongous Allocation) 70M->27M(128M) 2.270ms
[2026-03-19T11:37:22.532+0800][359.021s][info][gc,cpu      ] GC(747) User=0.00s Sys=0.00s Real=0.00s
[2026-03-19T11:37:22.532+0800][359.021s][info][gc          ] GC(748) Concurrent Undo Cycle
[2026-03-19T11:37:22.532+0800][359.021s][info][gc,marking  ] GC(748) Concurrent Cleanup for Next Mark
[2026-03-19T11:37:22.532+0800][359.021s][info][gc,marking  ] GC(748) Concurrent Cleanup for Next Mark 0.289ms
[2026-03-19T11:37:22.532+0800][359.021s][info][gc          ] GC(748) Concurrent Undo Cycle 0.405ms
[2026-03-19T11:37:23.462+0800][359.952s][info][gc,start    ] GC(749) Pause Young (Concurrent Start) (G1 Humongous Allocation)
[2026-03-19T11:37:23.462+0800][359.952s][info][gc,task     ] GC(749) Using 3 workers of 13 for evacuation
[2026-03-19T11:37:23.464+0800][359.954s][info][gc,phases   ] GC(749)   Pre Evacuate Collection Set: 0.2ms
[2026-03-19T11:37:23.465+0800][359.954s][info][gc,phases   ] GC(749)   Merge Heap Roots: 0.1ms
[2026-03-19T11:37:23.465+0800][359.954s][info][gc,phases   ] GC(749)   Evacuate Collection Set: 0.8ms
[2026-03-19T11:37:23.465+0800][359.954s][info][gc,phases   ] GC(749)   Post Evacuate Collection Set: 0.7ms
[2026-03-19T11:37:23.465+0800][359.954s][info][gc,phases   ] GC(749)   Other: 0.3ms
[2026-03-19T11:37:23.465+0800][359.954s][info][gc,heap     ] GC(749) Eden regions: 13->0(74)
[2026-03-19T11:37:23.465+0800][359.954s][info][gc,heap     ] GC(749) Survivor regions: 2->2(10)
[2026-03-19T11:37:23.465+0800][359.954s][info][gc,heap     ] GC(749) Old regions: 18->18
[2026-03-19T11:37:23.465+0800][359.954s][info][gc,heap     ] GC(749) Archive regions: 0->0
[2026-03-19T11:37:23.465+0800][359.955s][info][gc,heap     ] GC(749) Humongous regions: 39->9
[2026-03-19T11:37:23.465+0800][359.955s][info][gc,metaspace] GC(749) Metaspace: 22909K(23232K)->22909K(23232K) NonClass: 20299K(20480K)->20299K(20480K) Class: 2610K(2752K)->2610K(2752K)
[2026-03-19T11:37:23.465+0800][359.955s][info][gc          ] GC(749) Pause Young (Concurrent Start) (G1 Humongous Allocation) 70M->27M(128M) 2.888ms
[2026-03-19T11:37:23.465+0800][359.955s][info][gc,cpu      ] GC(749) User=0.00s Sys=0.00s Real=0.00s
[2026-03-19T11:37:23.465+0800][359.955s][info][gc          ] GC(750) Concurrent Undo Cycle
[2026-03-19T11:37:23.466+0800][359.955s][info][gc,marking  ] GC(750) Concurrent Cleanup for Next Mark
[2026-03-19T11:37:23.466+0800][359.955s][info][gc,marking  ] GC(750) Concurrent Cleanup for Next Mark 0.368ms
[2026-03-19T11:37:23.466+0800][359.956s][info][gc          ] GC(750) Concurrent Undo Cycle 0.677ms
[2026-03-19T11:37:24.405+0800][360.894s][info][gc,start    ] GC(751) Pause Young (Concurrent Start) (G1 Humongous Allocation)
[2026-03-19T11:37:24.405+0800][360.894s][info][gc,task     ] GC(751) Using 3 workers of 13 for evacuation
[2026-03-19T11:37:24.407+0800][360.896s][info][gc,phases   ] GC(751)   Pre Evacuate Collection Set: 0.2ms
[2026-03-19T11:37:24.407+0800][360.896s][info][gc,phases   ] GC(751)   Merge Heap Roots: 0.2ms
[2026-03-19T11:37:24.407+0800][360.897s][info][gc,phases   ] GC(751)   Evacuate Collection Set: 0.9ms
[2026-03-19T11:37:24.407+0800][360.897s][info][gc,phases   ] GC(751)   Post Evacuate Collection Set: 0.9ms
[2026-03-19T11:37:24.407+0800][360.897s][info][gc,phases   ] GC(751)   Other: 0.4ms
[2026-03-19T11:37:24.407+0800][360.897s][info][gc,heap     ] GC(751) Eden regions: 13->0(74)
[2026-03-19T11:37:24.408+0800][360.897s][info][gc,heap     ] GC(751) Survivor regions: 2->2(10)
[2026-03-19T11:37:24.408+0800][360.897s][info][gc,heap     ] GC(751) Old regions: 18->18
[2026-03-19T11:37:24.408+0800][360.897s][info][gc,heap     ] GC(751) Archive regions: 0->0
[2026-03-19T11:37:24.408+0800][360.897s][info][gc,heap     ] GC(751) Humongous regions: 39->9
[2026-03-19T11:37:24.408+0800][360.897s][info][gc,metaspace] GC(751) Metaspace: 22909K(23232K)->22909K(23232K) NonClass: 20299K(20480K)->20299K(20480K) Class: 2610K(2752K)->2610K(2752K)
[2026-03-19T11:37:24.408+0800][360.897s][info][gc          ] GC(751) Pause Young (Concurrent Start) (G1 Humongous Allocation) 70M->27M(128M) 3.235ms
[2026-03-19T11:37:24.408+0800][360.897s][info][gc,cpu      ] GC(751) User=0.00s Sys=0.00s Real=0.00s
[2026-03-19T11:37:24.408+0800][360.897s][info][gc          ] GC(752) Concurrent Undo Cycle
[2026-03-19T11:37:24.408+0800][360.897s][info][gc,marking  ] GC(752) Concurrent Cleanup for Next Mark
[2026-03-19T11:37:24.409+0800][360.898s][info][gc,marking  ] GC(752) Concurrent Cleanup for Next Mark 0.421ms
[2026-03-19T11:37:24.409+0800][360.898s][info][gc          ] GC(752) Concurrent Undo Cycle 0.716ms
[2026-03-19T11:37:25.326+0800][361.816s][info][gc,start    ] GC(753) Pause Young (Concurrent Start) (G1 Humongous Allocation)
[2026-03-19T11:37:25.326+0800][361.816s][info][gc,task     ] GC(753) Using 3 workers of 13 for evacuation
[2026-03-19T11:37:25.329+0800][361.818s][info][gc,phases   ] GC(753)   Pre Evacuate Collection Set: 0.3ms
[2026-03-19T11:37:25.329+0800][361.818s][info][gc,phases   ] GC(753)   Merge Heap Roots: 0.2ms
[2026-03-19T11:37:25.329+0800][361.818s][info][gc,phases   ] GC(753)   Evacuate Collection Set: 0.9ms
[2026-03-19T11:37:25.329+0800][361.818s][info][gc,phases   ] GC(753)   Post Evacuate Collection Set: 0.8ms
[2026-03-19T11:37:25.329+0800][361.818s][info][gc,phases   ] GC(753)   Other: 0.3ms
[2026-03-19T11:37:25.329+0800][361.818s][info][gc,heap     ] GC(753) Eden regions: 13->0(74)
[2026-03-19T11:37:25.329+0800][361.818s][info][gc,heap     ] GC(753) Survivor regions: 2->2(10)
[2026-03-19T11:37:25.329+0800][361.818s][info][gc,heap     ] GC(753) Old regions: 18->18
[2026-03-19T11:37:25.329+0800][361.818s][info][gc,heap     ] GC(753) Archive regions: 0->0
[2026-03-19T11:37:25.329+0800][361.818s][info][gc,heap     ] GC(753) Humongous regions: 39->9
[2026-03-19T11:37:25.329+0800][361.818s][info][gc,metaspace] GC(753) Metaspace: 22909K(23232K)->22909K(23232K) NonClass: 20299K(20480K)->20299K(20480K) Class: 2610K(2752K)->2610K(2752K)
[2026-03-19T11:37:25.329+0800][361.818s][info][gc          ] GC(753) Pause Young (Concurrent Start) (G1 Humongous Allocation) 70M->27M(128M) 2.775ms
[2026-03-19T11:37:25.329+0800][361.819s][info][gc,cpu      ] GC(753) User=0.00s Sys=0.00s Real=0.00s
[2026-03-19T11:37:25.329+0800][361.819s][info][gc          ] GC(754) Concurrent Undo Cycle
[2026-03-19T11:37:25.329+0800][361.819s][info][gc,marking  ] GC(754) Concurrent Cleanup for Next Mark
[2026-03-19T11:37:25.330+0800][361.819s][info][gc,marking  ] GC(754) Concurrent Cleanup for Next Mark 0.449ms
[2026-03-19T11:37:25.330+0800][361.819s][info][gc          ] GC(754) Concurrent Undo Cycle 0.680ms
[2026-03-19T11:37:26.251+0800][362.740s][info][gc,start    ] GC(755) Pause Young (Concurrent Start) (G1 Humongous Allocation)
[2026-03-19T11:37:26.251+0800][362.740s][info][gc,task     ] GC(755) Using 3 workers of 13 for evacuation
[2026-03-19T11:37:26.252+0800][362.742s][info][gc,phases   ] GC(755)   Pre Evacuate Collection Set: 0.1ms
[2026-03-19T11:37:26.253+0800][362.742s][info][gc,phases   ] GC(755)   Merge Heap Roots: 0.1ms
[2026-03-19T11:37:26.253+0800][362.742s][info][gc,phases   ] GC(755)   Evacuate Collection Set: 0.7ms
[2026-03-19T11:37:26.253+0800][362.742s][info][gc,phases   ] GC(755)   Post Evacuate Collection Set: 0.4ms
[2026-03-19T11:37:26.253+0800][362.742s][info][gc,phases   ] GC(755)   Other: 0.5ms
[2026-03-19T11:37:26.253+0800][362.742s][info][gc,heap     ] GC(755) Eden regions: 13->0(74)
[2026-03-19T11:37:26.253+0800][362.742s][info][gc,heap     ] GC(755) Survivor regions: 2->2(10)
[2026-03-19T11:37:26.253+0800][362.742s][info][gc,heap     ] GC(755) Old regions: 18->18
[2026-03-19T11:37:26.253+0800][362.742s][info][gc,heap     ] GC(755) Archive regions: 0->0
[2026-03-19T11:37:26.253+0800][362.742s][info][gc,heap     ] GC(755) Humongous regions: 39->9
[2026-03-19T11:37:26.253+0800][362.742s][info][gc,metaspace] GC(755) Metaspace: 22909K(23232K)->22909K(23232K) NonClass: 20299K(20480K)->20299K(20480K) Class: 2610K(2752K)->2610K(2752K)
[2026-03-19T11:37:26.253+0800][362.742s][info][gc          ] GC(755) Pause Young (Concurrent Start) (G1 Humongous Allocation) 70M->27M(128M) 2.811ms
[2026-03-19T11:37:26.253+0800][362.743s][info][gc,cpu      ] GC(755) User=0.00s Sys=0.00s Real=0.00s
[2026-03-19T11:37:26.254+0800][362.743s][info][gc          ] GC(756) Concurrent Undo Cycle
[2026-03-19T11:37:26.254+0800][362.743s][info][gc,marking  ] GC(756) Concurrent Cleanup for Next Mark
[2026-03-19T11:37:26.254+0800][362.743s][info][gc,marking  ] GC(756) Concurrent Cleanup for Next Mark 0.311ms
[2026-03-19T11:37:26.254+0800][362.743s][info][gc          ] GC(756) Concurrent Undo Cycle 0.640ms
[2026-03-19T11:37:27.169+0800][363.659s][info][gc,start    ] GC(757) Pause Young (Concurrent Start) (G1 Humongous Allocation)
[2026-03-19T11:37:27.170+0800][363.659s][info][gc,task     ] GC(757) Using 3 workers of 13 for evacuation
[2026-03-19T11:37:27.172+0800][363.662s][info][gc,phases   ] GC(757)   Pre Evacuate Collection Set: 0.2ms
[2026-03-19T11:37:27.172+0800][363.662s][info][gc,phases   ] GC(757)   Merge Heap Roots: 0.2ms
[2026-03-19T11:37:27.172+0800][363.662s][info][gc,phases   ] GC(757)   Evacuate Collection Set: 0.9ms
[2026-03-19T11:37:27.172+0800][363.662s][info][gc,phases   ] GC(757)   Post Evacuate Collection Set: 0.7ms
[2026-03-19T11:37:27.172+0800][363.662s][info][gc,phases   ] GC(757)   Other: 0.5ms
[2026-03-19T11:37:27.172+0800][363.662s][info][gc,heap     ] GC(757) Eden regions: 12->0(74)
[2026-03-19T11:37:27.173+0800][363.662s][info][gc,heap     ] GC(757) Survivor regions: 2->2(10)
[2026-03-19T11:37:27.173+0800][363.662s][info][gc,heap     ] GC(757) Old regions: 18->18
[2026-03-19T11:37:27.173+0800][363.662s][info][gc,heap     ] GC(757) Archive regions: 0->0
[2026-03-19T11:37:27.173+0800][363.663s][info][gc,heap     ] GC(757) Humongous regions: 39->9
[2026-03-19T11:37:27.173+0800][363.663s][info][gc,metaspace] GC(757) Metaspace: 22909K(23232K)->22909K(23232K) NonClass: 20299K(20480K)->20299K(20480K) Class: 2610K(2752K)->2610K(2752K)
[2026-03-19T11:37:27.173+0800][363.663s][info][gc          ] GC(757) Pause Young (Concurrent Start) (G1 Humongous Allocation) 69M->27M(128M) 3.567ms
[2026-03-19T11:37:27.173+0800][363.663s][info][gc,cpu      ] GC(757) User=0.00s Sys=0.00s Real=0.00s
[2026-03-19T11:37:27.173+0800][363.663s][info][gc          ] GC(758) Concurrent Undo Cycle
[2026-03-19T11:37:27.173+0800][363.663s][info][gc,marking  ] GC(758) Concurrent Cleanup for Next Mark
[2026-03-19T11:37:27.174+0800][363.664s][info][gc,marking  ] GC(758) Concurrent Cleanup for Next Mark 0.367ms
[2026-03-19T11:37:27.174+0800][363.664s][info][gc          ] GC(758) Concurrent Undo Cycle 0.726ms
[2026-03-19T11:37:28.111+0800][364.600s][info][gc,start    ] GC(759) Pause Young (Concurrent Start) (G1 Humongous Allocation)
[2026-03-19T11:37:28.111+0800][364.600s][info][gc,task     ] GC(759) Using 3 workers of 13 for evacuation
[2026-03-19T11:37:28.113+0800][364.602s][info][gc,phases   ] GC(759)   Pre Evacuate Collection Set: 0.2ms
[2026-03-19T11:37:28.113+0800][364.602s][info][gc,phases   ] GC(759)   Merge Heap Roots: 0.2ms
[2026-03-19T11:37:28.113+0800][364.602s][info][gc,phases   ] GC(759)   Evacuate Collection Set: 0.7ms
[2026-03-19T11:37:28.113+0800][364.602s][info][gc,phases   ] GC(759)   Post Evacuate Collection Set: 0.8ms
[2026-03-19T11:37:28.113+0800][364.602s][info][gc,phases   ] GC(759)   Other: 0.2ms
[2026-03-19T11:37:28.113+0800][364.602s][info][gc,heap     ] GC(759) Eden regions: 12->0(74)
[2026-03-19T11:37:28.113+0800][364.602s][info][gc,heap     ] GC(759) Survivor regions: 2->2(10)
[2026-03-19T11:37:28.113+0800][364.602s][info][gc,heap     ] GC(759) Old regions: 18->18
[2026-03-19T11:37:28.113+0800][364.602s][info][gc,heap     ] GC(759) Archive regions: 0->0
[2026-03-19T11:37:28.113+0800][364.602s][info][gc,heap     ] GC(759) Humongous regions: 39->9
[2026-03-19T11:37:28.113+0800][364.602s][info][gc,metaspace] GC(759) Metaspace: 22909K(23232K)->22909K(23232K) NonClass: 20299K(20480K)->20299K(20480K) Class: 2610K(2752K)->2610K(2752K)
[2026-03-19T11:37:28.113+0800][364.602s][info][gc          ] GC(759) Pause Young (Concurrent Start) (G1 Humongous Allocation) 69M->27M(128M) 2.373ms
[2026-03-19T11:37:28.113+0800][364.602s][info][gc,cpu      ] GC(759) User=0.00s Sys=0.00s Real=0.00s
[2026-03-19T11:37:28.113+0800][364.602s][info][gc          ] GC(760) Concurrent Undo Cycle
[2026-03-19T11:37:28.113+0800][364.602s][info][gc,marking  ] GC(760) Concurrent Cleanup for Next Mark
[2026-03-19T11:37:28.114+0800][364.603s][info][gc,marking  ] GC(760) Concurrent Cleanup for Next Mark 0.373ms
[2026-03-19T11:37:28.114+0800][364.603s][info][gc          ] GC(760) Concurrent Undo Cycle 0.581ms
[2026-03-19T11:37:29.047+0800][365.536s][info][gc,start    ] GC(761) Pause Young (Concurrent Start) (G1 Humongous Allocation)
[2026-03-19T11:37:29.047+0800][365.537s][info][gc,task     ] GC(761) Using 3 workers of 13 for evacuation
[2026-03-19T11:37:29.049+0800][365.538s][info][gc,phases   ] GC(761)   Pre Evacuate Collection Set: 0.2ms
[2026-03-19T11:37:29.049+0800][365.538s][info][gc,phases   ] GC(761)   Merge Heap Roots: 0.1ms
[2026-03-19T11:37:29.049+0800][365.538s][info][gc,phases   ] GC(761)   Evacuate Collection Set: 0.7ms
[2026-03-19T11:37:29.049+0800][365.538s][info][gc,phases   ] GC(761)   Post Evacuate Collection Set: 0.5ms
[2026-03-19T11:37:29.049+0800][365.538s][info][gc,phases   ] GC(761)   Other: 0.4ms
[2026-03-19T11:37:29.049+0800][365.538s][info][gc,heap     ] GC(761) Eden regions: 12->0(74)
[2026-03-19T11:37:29.049+0800][365.539s][info][gc,heap     ] GC(761) Survivor regions: 2->2(10)
[2026-03-19T11:37:29.049+0800][365.539s][info][gc,heap     ] GC(761) Old regions: 18->18
[2026-03-19T11:37:29.049+0800][365.539s][info][gc,heap     ] GC(761) Archive regions: 0->0
[2026-03-19T11:37:29.049+0800][365.539s][info][gc,heap     ] GC(761) Humongous regions: 39->9
[2026-03-19T11:37:29.049+0800][365.539s][info][gc,metaspace] GC(761) Metaspace: 22909K(23232K)->22909K(23232K) NonClass: 20299K(20480K)->20299K(20480K) Class: 2610K(2752K)->2610K(2752K)
[2026-03-19T11:37:29.049+0800][365.539s][info][gc          ] GC(761) Pause Young (Concurrent Start) (G1 Humongous Allocation) 69M->27M(128M) 2.400ms
[2026-03-19T11:37:29.049+0800][365.539s][info][gc,cpu      ] GC(761) User=0.00s Sys=0.00s Real=0.00s
[2026-03-19T11:37:29.049+0800][365.539s][info][gc          ] GC(762) Concurrent Undo Cycle
[2026-03-19T11:37:29.049+0800][365.539s][info][gc,marking  ] GC(762) Concurrent Cleanup for Next Mark
[2026-03-19T11:37:29.050+0800][365.539s][info][gc,marking  ] GC(762) Concurrent Cleanup for Next Mark 0.298ms
[2026-03-19T11:37:29.050+0800][365.539s][info][gc          ] GC(762) Concurrent Undo Cycle 0.553ms
[2026-03-19T11:37:29.979+0800][366.468s][info][gc,start    ] GC(763) Pause Young (Concurrent Start) (G1 Humongous Allocation)
[2026-03-19T11:37:29.979+0800][366.468s][info][gc,task     ] GC(763) Using 3 workers of 13 for evacuation
[2026-03-19T11:37:29.981+0800][366.470s][info][gc,phases   ] GC(763)   Pre Evacuate Collection Set: 0.3ms
[2026-03-19T11:37:29.981+0800][366.471s][info][gc,phases   ] GC(763)   Merge Heap Roots: 0.1ms
[2026-03-19T11:37:29.981+0800][366.471s][info][gc,phases   ] GC(763)   Evacuate Collection Set: 0.7ms
[2026-03-19T11:37:29.981+0800][366.471s][info][gc,phases   ] GC(763)   Post Evacuate Collection Set: 0.8ms
[2026-03-19T11:37:29.981+0800][366.471s][info][gc,phases   ] GC(763)   Other: 0.4ms
[2026-03-19T11:37:29.981+0800][366.471s][info][gc,heap     ] GC(763) Eden regions: 13->0(74)
[2026-03-19T11:37:29.981+0800][366.471s][info][gc,heap     ] GC(763) Survivor regions: 2->2(10)
[2026-03-19T11:37:29.981+0800][366.471s][info][gc,heap     ] GC(763) Old regions: 18->18
[2026-03-19T11:37:29.981+0800][366.471s][info][gc,heap     ] GC(763) Archive regions: 0->0
[2026-03-19T11:37:29.981+0800][366.471s][info][gc,heap     ] GC(763) Humongous regions: 39->9
[2026-03-19T11:37:29.981+0800][366.471s][info][gc,metaspace] GC(763) Metaspace: 22909K(23232K)->22909K(23232K) NonClass: 20299K(20480K)->20299K(20480K) Class: 2610K(2752K)->2610K(2752K)
[2026-03-19T11:37:29.981+0800][366.471s][info][gc          ] GC(763) Pause Young (Concurrent Start) (G1 Humongous Allocation) 70M->27M(128M) 2.701ms
[2026-03-19T11:37:29.981+0800][366.471s][info][gc,cpu      ] GC(763) User=0.00s Sys=0.00s Real=0.00s
[2026-03-19T11:37:29.981+0800][366.471s][info][gc          ] GC(764) Concurrent Undo Cycle
[2026-03-19T11:37:29.982+0800][366.471s][info][gc,marking  ] GC(764) Concurrent Cleanup for Next Mark
[2026-03-19T11:37:29.982+0800][366.472s][info][gc,marking  ] GC(764) Concurrent Cleanup for Next Mark 0.191ms
[2026-03-19T11:37:29.982+0800][366.472s][info][gc          ] GC(764) Concurrent Undo Cycle 0.454ms
[2026-03-19T11:37:30.916+0800][367.406s][info][gc,start    ] GC(765) Pause Young (Concurrent Start) (G1 Humongous Allocation)
[2026-03-19T11:37:30.916+0800][367.406s][info][gc,task     ] GC(765) Using 3 workers of 13 for evacuation
[2026-03-19T11:37:30.918+0800][367.408s][info][gc,phases   ] GC(765)   Pre Evacuate Collection Set: 0.3ms
[2026-03-19T11:37:30.918+0800][367.408s][info][gc,phases   ] GC(765)   Merge Heap Roots: 0.1ms
[2026-03-19T11:37:30.918+0800][367.408s][info][gc,phases   ] GC(765)   Evacuate Collection Set: 0.6ms
[2026-03-19T11:37:30.918+0800][367.408s][info][gc,phases   ] GC(765)   Post Evacuate Collection Set: 0.9ms
[2026-03-19T11:37:30.918+0800][367.408s][info][gc,phases   ] GC(765)   Other: 0.2ms
[2026-03-19T11:37:30.918+0800][367.408s][info][gc,heap     ] GC(765) Eden regions: 13->0(74)
[2026-03-19T11:37:30.918+0800][367.408s][info][gc,heap     ] GC(765) Survivor regions: 2->2(10)
[2026-03-19T11:37:30.918+0800][367.408s][info][gc,heap     ] GC(765) Old regions: 18->18
[2026-03-19T11:37:30.918+0800][367.408s][info][gc,heap     ] GC(765) Archive regions: 0->0
[2026-03-19T11:37:30.918+0800][367.408s][info][gc,heap     ] GC(765) Humongous regions: 39->9
[2026-03-19T11:37:30.918+0800][367.408s][info][gc,metaspace] GC(765) Metaspace: 22909K(23232K)->22909K(23232K) NonClass: 20299K(20480K)->20299K(20480K) Class: 2610K(2752K)->2610K(2752K)
[2026-03-19T11:37:30.918+0800][367.408s][info][gc          ] GC(765) Pause Young (Concurrent Start) (G1 Humongous Allocation) 70M->27M(128M) 2.206ms
[2026-03-19T11:37:30.918+0800][367.408s][info][gc,cpu      ] GC(765) User=0.00s Sys=0.00s Real=0.00s
[2026-03-19T11:37:30.918+0800][367.408s][info][gc          ] GC(766) Concurrent Undo Cycle
[2026-03-19T11:37:30.918+0800][367.408s][info][gc,marking  ] GC(766) Concurrent Cleanup for Next Mark
[2026-03-19T11:37:30.918+0800][367.408s][info][gc,marking  ] GC(766) Concurrent Cleanup for Next Mark 0.213ms
[2026-03-19T11:37:30.918+0800][367.408s][info][gc          ] GC(766) Concurrent Undo Cycle 0.308ms
[2026-03-19T11:37:31.850+0800][368.340s][info][gc,start    ] GC(767) Pause Young (Concurrent Start) (G1 Humongous Allocation)
[2026-03-19T11:37:31.851+0800][368.340s][info][gc,task     ] GC(767) Using 3 workers of 13 for evacuation
[2026-03-19T11:37:31.852+0800][368.341s][info][gc,phases   ] GC(767)   Pre Evacuate Collection Set: 0.2ms
[2026-03-19T11:37:31.852+0800][368.341s][info][gc,phases   ] GC(767)   Merge Heap Roots: 0.1ms
[2026-03-19T11:37:31.852+0800][368.341s][info][gc,phases   ] GC(767)   Evacuate Collection Set: 0.4ms
[2026-03-19T11:37:31.852+0800][368.341s][info][gc,phases   ] GC(767)   Post Evacuate Collection Set: 0.5ms
[2026-03-19T11:37:31.852+0800][368.341s][info][gc,phases   ] GC(767)   Other: 0.2ms
[2026-03-19T11:37:31.852+0800][368.341s][info][gc,heap     ] GC(767) Eden regions: 13->0(74)
[2026-03-19T11:37:31.852+0800][368.341s][info][gc,heap     ] GC(767) Survivor regions: 2->2(10)
[2026-03-19T11:37:31.852+0800][368.341s][info][gc,heap     ] GC(767) Old regions: 18->18
[2026-03-19T11:37:31.852+0800][368.341s][info][gc,heap     ] GC(767) Archive regions: 0->0
[2026-03-19T11:37:31.852+0800][368.341s][info][gc,heap     ] GC(767) Humongous regions: 39->9
[2026-03-19T11:37:31.852+0800][368.341s][info][gc,metaspace] GC(767) Metaspace: 22909K(23232K)->22909K(23232K) NonClass: 20299K(20480K)->20299K(20480K) Class: 2610K(2752K)->2610K(2752K)
[2026-03-19T11:37:31.852+0800][368.342s][info][gc          ] GC(767) Pause Young (Concurrent Start) (G1 Humongous Allocation) 70M->27M(128M) 1.568ms
[2026-03-19T11:37:31.852+0800][368.342s][info][gc,cpu      ] GC(767) User=0.00s Sys=0.00s Real=0.00s
[2026-03-19T11:37:31.852+0800][368.342s][info][gc          ] GC(768) Concurrent Undo Cycle
[2026-03-19T11:37:31.852+0800][368.342s][info][gc,marking  ] GC(768) Concurrent Cleanup for Next Mark
[2026-03-19T11:37:31.852+0800][368.342s][info][gc,marking  ] GC(768) Concurrent Cleanup for Next Mark 0.179ms
[2026-03-19T11:37:31.852+0800][368.342s][info][gc          ] GC(768) Concurrent Undo Cycle 0.276ms
[2026-03-19T11:37:32.791+0800][369.280s][info][gc,start    ] GC(769) Pause Young (Concurrent Start) (G1 Humongous Allocation)
[2026-03-19T11:37:32.791+0800][369.280s][info][gc,task     ] GC(769) Using 3 workers of 13 for evacuation
[2026-03-19T11:37:32.793+0800][369.283s][info][gc,phases   ] GC(769)   Pre Evacuate Collection Set: 0.4ms
[2026-03-19T11:37:32.794+0800][369.283s][info][gc,phases   ] GC(769)   Merge Heap Roots: 0.2ms
[2026-03-19T11:37:32.794+0800][369.283s][info][gc,phases   ] GC(769)   Evacuate Collection Set: 1.0ms
[2026-03-19T11:37:32.794+0800][369.283s][info][gc,phases   ] GC(769)   Post Evacuate Collection Set: 0.9ms
[2026-03-19T11:37:32.794+0800][369.283s][info][gc,phases   ] GC(769)   Other: 0.5ms
[2026-03-19T11:37:32.794+0800][369.283s][info][gc,heap     ] GC(769) Eden regions: 13->0(74)
[2026-03-19T11:37:32.794+0800][369.283s][info][gc,heap     ] GC(769) Survivor regions: 2->2(10)
[2026-03-19T11:37:32.794+0800][369.283s][info][gc,heap     ] GC(769) Old regions: 18->18
[2026-03-19T11:37:32.794+0800][369.284s][info][gc,heap     ] GC(769) Archive regions: 0->0
[2026-03-19T11:37:32.794+0800][369.284s][info][gc,heap     ] GC(769) Humongous regions: 39->9
[2026-03-19T11:37:32.794+0800][369.284s][info][gc,metaspace] GC(769) Metaspace: 22909K(23232K)->22909K(23232K) NonClass: 20299K(20480K)->20299K(20480K) Class: 2610K(2752K)->2610K(2752K)
[2026-03-19T11:37:32.794+0800][369.284s][info][gc          ] GC(769) Pause Young (Concurrent Start) (G1 Humongous Allocation) 70M->27M(128M) 3.544ms
[2026-03-19T11:37:32.794+0800][369.284s][info][gc,cpu      ] GC(769) User=0.00s Sys=0.02s Real=0.00s
[2026-03-19T11:37:32.794+0800][369.284s][info][gc          ] GC(770) Concurrent Undo Cycle
[2026-03-19T11:37:32.795+0800][369.284s][info][gc,marking  ] GC(770) Concurrent Cleanup for Next Mark
[2026-03-19T11:37:32.795+0800][369.284s][info][gc,marking  ] GC(770) Concurrent Cleanup for Next Mark 0.319ms
[2026-03-19T11:37:32.795+0800][369.285s][info][gc          ] GC(770) Concurrent Undo Cycle 0.669ms
[2026-03-19T11:37:33.726+0800][370.215s][info][gc,start    ] GC(771) Pause Young (Concurrent Start) (G1 Humongous Allocation)
[2026-03-19T11:37:33.726+0800][370.215s][info][gc,task     ] GC(771) Using 3 workers of 13 for evacuation
[2026-03-19T11:37:33.728+0800][370.217s][info][gc,phases   ] GC(771)   Pre Evacuate Collection Set: 0.2ms
[2026-03-19T11:37:33.728+0800][370.217s][info][gc,phases   ] GC(771)   Merge Heap Roots: 0.1ms
[2026-03-19T11:37:33.728+0800][370.217s][info][gc,phases   ] GC(771)   Evacuate Collection Set: 0.7ms
[2026-03-19T11:37:33.728+0800][370.217s][info][gc,phases   ] GC(771)   Post Evacuate Collection Set: 1.0ms
[2026-03-19T11:37:33.728+0800][370.217s][info][gc,phases   ] GC(771)   Other: 0.2ms
[2026-03-19T11:37:33.728+0800][370.217s][info][gc,heap     ] GC(771) Eden regions: 13->0(74)
[2026-03-19T11:37:33.728+0800][370.217s][info][gc,heap     ] GC(771) Survivor regions: 2->2(10)
[2026-03-19T11:37:33.728+0800][370.217s][info][gc,heap     ] GC(771) Old regions: 18->18
[2026-03-19T11:37:33.728+0800][370.217s][info][gc,heap     ] GC(771) Archive regions: 0->0
[2026-03-19T11:37:33.728+0800][370.218s][info][gc,heap     ] GC(771) Humongous regions: 39->9
[2026-03-19T11:37:33.728+0800][370.218s][info][gc,metaspace] GC(771) Metaspace: 22909K(23232K)->22909K(23232K) NonClass: 20299K(20480K)->20299K(20480K) Class: 2610K(2752K)->2610K(2752K)
[2026-03-19T11:37:33.728+0800][370.218s][info][gc          ] GC(771) Pause Young (Concurrent Start) (G1 Humongous Allocation) 70M->27M(128M) 2.341ms
[2026-03-19T11:37:33.728+0800][370.218s][info][gc,cpu      ] GC(771) User=0.00s Sys=0.00s Real=0.00s
[2026-03-19T11:37:33.728+0800][370.218s][info][gc          ] GC(772) Concurrent Undo Cycle
[2026-03-19T11:37:33.728+0800][370.218s][info][gc,marking  ] GC(772) Concurrent Cleanup for Next Mark
[2026-03-19T11:37:33.729+0800][370.218s][info][gc,marking  ] GC(772) Concurrent Cleanup for Next Mark 0.176ms
[2026-03-19T11:37:33.729+0800][370.218s][info][gc          ] GC(772) Concurrent Undo Cycle 0.349ms
[2026-03-19T11:37:34.661+0800][371.151s][info][gc,start    ] GC(773) Pause Young (Concurrent Start) (G1 Humongous Allocation)
[2026-03-19T11:37:34.661+0800][371.151s][info][gc,task     ] GC(773) Using 3 workers of 13 for evacuation
[2026-03-19T11:37:34.663+0800][371.152s][info][gc,phases   ] GC(773)   Pre Evacuate Collection Set: 0.1ms
[2026-03-19T11:37:34.663+0800][371.152s][info][gc,phases   ] GC(773)   Merge Heap Roots: 0.1ms
[2026-03-19T11:37:34.663+0800][371.152s][info][gc,phases   ] GC(773)   Evacuate Collection Set: 0.3ms
[2026-03-19T11:37:34.663+0800][371.152s][info][gc,phases   ] GC(773)   Post Evacuate Collection Set: 0.5ms
[2026-03-19T11:37:34.663+0800][371.152s][info][gc,phases   ] GC(773)   Other: 0.2ms
[2026-03-19T11:37:34.663+0800][371.152s][info][gc,heap     ] GC(773) Eden regions: 13->0(74)
[2026-03-19T11:37:34.663+0800][371.152s][info][gc,heap     ] GC(773) Survivor regions: 2->2(10)
[2026-03-19T11:37:34.663+0800][371.152s][info][gc,heap     ] GC(773) Old regions: 18->18
[2026-03-19T11:37:34.663+0800][371.152s][info][gc,heap     ] GC(773) Archive regions: 0->0
[2026-03-19T11:37:34.663+0800][371.152s][info][gc,heap     ] GC(773) Humongous regions: 39->9
[2026-03-19T11:37:34.663+0800][371.152s][info][gc,metaspace] GC(773) Metaspace: 22909K(23232K)->22909K(23232K) NonClass: 20299K(20480K)->20299K(20480K) Class: 2610K(2752K)->2610K(2752K)
[2026-03-19T11:37:34.663+0800][371.152s][info][gc          ] GC(773) Pause Young (Concurrent Start) (G1 Humongous Allocation) 70M->27M(128M) 1.340ms
[2026-03-19T11:37:34.663+0800][371.152s][info][gc,cpu      ] GC(773) User=0.00s Sys=0.00s Real=0.00s
[2026-03-19T11:37:34.663+0800][371.152s][info][gc          ] GC(774) Concurrent Undo Cycle
[2026-03-19T11:37:34.663+0800][371.152s][info][gc,marking  ] GC(774) Concurrent Cleanup for Next Mark
[2026-03-19T11:37:34.663+0800][371.153s][info][gc,marking  ] GC(774) Concurrent Cleanup for Next Mark 0.226ms
[2026-03-19T11:37:34.663+0800][371.153s][info][gc          ] GC(774) Concurrent Undo Cycle 0.360ms
[2026-03-19T11:37:35.597+0800][372.087s][info][gc,start    ] GC(775) Pause Young (Concurrent Start) (G1 Humongous Allocation)
[2026-03-19T11:37:35.597+0800][372.087s][info][gc,task     ] GC(775) Using 3 workers of 13 for evacuation
[2026-03-19T11:37:35.600+0800][372.089s][info][gc,phases   ] GC(775)   Pre Evacuate Collection Set: 0.3ms
[2026-03-19T11:37:35.600+0800][372.089s][info][gc,phases   ] GC(775)   Merge Heap Roots: 0.2ms
[2026-03-19T11:37:35.600+0800][372.089s][info][gc,phases   ] GC(775)   Evacuate Collection Set: 0.7ms
[2026-03-19T11:37:35.600+0800][372.089s][info][gc,phases   ] GC(775)   Post Evacuate Collection Set: 1.1ms
[2026-03-19T11:37:35.600+0800][372.089s][info][gc,phases   ] GC(775)   Other: 0.3ms
[2026-03-19T11:37:35.600+0800][372.089s][info][gc,heap     ] GC(775) Eden regions: 13->0(74)
[2026-03-19T11:37:35.600+0800][372.089s][info][gc,heap     ] GC(775) Survivor regions: 2->2(10)
[2026-03-19T11:37:35.600+0800][372.089s][info][gc,heap     ] GC(775) Old regions: 18->18
[2026-03-19T11:37:35.600+0800][372.089s][info][gc,heap     ] GC(775) Archive regions: 0->0
[2026-03-19T11:37:35.600+0800][372.089s][info][gc,heap     ] GC(775) Humongous regions: 39->9
[2026-03-19T11:37:35.600+0800][372.089s][info][gc,metaspace] GC(775) Metaspace: 22909K(23232K)->22909K(23232K) NonClass: 20299K(20480K)->20299K(20480K) Class: 2610K(2752K)->2610K(2752K)
[2026-03-19T11:37:35.600+0800][372.089s][info][gc          ] GC(775) Pause Young (Concurrent Start) (G1 Humongous Allocation) 70M->27M(128M) 2.759ms
[2026-03-19T11:37:35.600+0800][372.089s][info][gc,cpu      ] GC(775) User=0.00s Sys=0.00s Real=0.00s
[2026-03-19T11:37:35.600+0800][372.090s][info][gc          ] GC(776) Concurrent Undo Cycle
[2026-03-19T11:37:35.600+0800][372.090s][info][gc,marking  ] GC(776) Concurrent Cleanup for Next Mark
[2026-03-19T11:37:35.601+0800][372.090s][info][gc,marking  ] GC(776) Concurrent Cleanup for Next Mark 0.309ms
[2026-03-19T11:37:35.601+0800][372.090s][info][gc          ] GC(776) Concurrent Undo Cycle 0.443ms
[2026-03-19T11:37:36.534+0800][373.023s][info][gc,start    ] GC(777) Pause Young (Concurrent Start) (G1 Humongous Allocation)
[2026-03-19T11:37:36.534+0800][373.023s][info][gc,task     ] GC(777) Using 3 workers of 13 for evacuation
[2026-03-19T11:37:36.535+0800][373.025s][info][gc,phases   ] GC(777)   Pre Evacuate Collection Set: 0.1ms
[2026-03-19T11:37:36.535+0800][373.025s][info][gc,phases   ] GC(777)   Merge Heap Roots: 0.1ms
[2026-03-19T11:37:36.535+0800][373.025s][info][gc,phases   ] GC(777)   Evacuate Collection Set: 0.4ms
[2026-03-19T11:37:36.535+0800][373.025s][info][gc,phases   ] GC(777)   Post Evacuate Collection Set: 0.6ms
[2026-03-19T11:37:36.535+0800][373.025s][info][gc,phases   ] GC(777)   Other: 0.2ms
[2026-03-19T11:37:36.535+0800][373.025s][info][gc,heap     ] GC(777) Eden regions: 12->0(74)
[2026-03-19T11:37:36.535+0800][373.025s][info][gc,heap     ] GC(777) Survivor regions: 2->2(10)
[2026-03-19T11:37:36.535+0800][373.025s][info][gc,heap     ] GC(777) Old regions: 18->18
[2026-03-19T11:37:36.535+0800][373.025s][info][gc,heap     ] GC(777) Archive regions: 0->0
[2026-03-19T11:37:36.535+0800][373.025s][info][gc,heap     ] GC(777) Humongous regions: 39->9
[2026-03-19T11:37:36.535+0800][373.025s][info][gc,metaspace] GC(777) Metaspace: 22909K(23232K)->22909K(23232K) NonClass: 20299K(20480K)->20299K(20480K) Class: 2610K(2752K)->2610K(2752K)
[2026-03-19T11:37:36.535+0800][373.025s][info][gc          ] GC(777) Pause Young (Concurrent Start) (G1 Humongous Allocation) 69M->27M(128M) 1.677ms
[2026-03-19T11:37:36.535+0800][373.025s][info][gc,cpu      ] GC(777) User=0.00s Sys=0.00s Real=0.00s
[2026-03-19T11:37:36.536+0800][373.025s][info][gc          ] GC(778) Concurrent Undo Cycle
[2026-03-19T11:37:36.536+0800][373.025s][info][gc,marking  ] GC(778) Concurrent Cleanup for Next Mark
[2026-03-19T11:37:36.536+0800][373.025s][info][gc,marking  ] GC(778) Concurrent Cleanup for Next Mark 0.190ms
[2026-03-19T11:37:36.536+0800][373.025s][info][gc          ] GC(778) Concurrent Undo Cycle 0.317ms
[2026-03-19T11:37:37.460+0800][373.950s][info][gc,start    ] GC(779) Pause Young (Concurrent Start) (G1 Humongous Allocation)
[2026-03-19T11:37:37.460+0800][373.950s][info][gc,task     ] GC(779) Using 3 workers of 13 for evacuation
[2026-03-19T11:37:37.463+0800][373.952s][info][gc,phases   ] GC(779)   Pre Evacuate Collection Set: 0.2ms
[2026-03-19T11:37:37.463+0800][373.952s][info][gc,phases   ] GC(779)   Merge Heap Roots: 0.3ms
[2026-03-19T11:37:37.463+0800][373.952s][info][gc,phases   ] GC(779)   Evacuate Collection Set: 0.6ms
[2026-03-19T11:37:37.463+0800][373.952s][info][gc,phases   ] GC(779)   Post Evacuate Collection Set: 0.8ms
[2026-03-19T11:37:37.463+0800][373.952s][info][gc,phases   ] GC(779)   Other: 0.2ms
[2026-03-19T11:37:37.463+0800][373.952s][info][gc,heap     ] GC(779) Eden regions: 12->0(74)
[2026-03-19T11:37:37.463+0800][373.952s][info][gc,heap     ] GC(779) Survivor regions: 2->2(10)
[2026-03-19T11:37:37.463+0800][373.952s][info][gc,heap     ] GC(779) Old regions: 18->18
[2026-03-19T11:37:37.463+0800][373.952s][info][gc,heap     ] GC(779) Archive regions: 0->0
[2026-03-19T11:37:37.463+0800][373.952s][info][gc,heap     ] GC(779) Humongous regions: 39->9
[2026-03-19T11:37:37.463+0800][373.952s][info][gc,metaspace] GC(779) Metaspace: 22909K(23232K)->22909K(23232K) NonClass: 20299K(20480K)->20299K(20480K) Class: 2610K(2752K)->2610K(2752K)
[2026-03-19T11:37:37.463+0800][373.952s][info][gc          ] GC(779) Pause Young (Concurrent Start) (G1 Humongous Allocation) 69M->27M(128M) 2.343ms
[2026-03-19T11:37:37.463+0800][373.952s][info][gc,cpu      ] GC(779) User=0.00s Sys=0.00s Real=0.00s
[2026-03-19T11:37:37.463+0800][373.952s][info][gc          ] GC(780) Concurrent Undo Cycle
[2026-03-19T11:37:37.463+0800][373.952s][info][gc,marking  ] GC(780) Concurrent Cleanup for Next Mark
[2026-03-19T11:37:37.463+0800][373.953s][info][gc,marking  ] GC(780) Concurrent Cleanup for Next Mark 0.292ms
[2026-03-19T11:37:37.464+0800][373.953s][info][gc          ] GC(780) Concurrent Undo Cycle 0.435ms
[2026-03-19T11:37:38.377+0800][374.866s][info][gc,start    ] GC(781) Pause Young (Concurrent Start) (G1 Humongous Allocation)
[2026-03-19T11:37:38.377+0800][374.866s][info][gc,task     ] GC(781) Using 3 workers of 13 for evacuation
[2026-03-19T11:37:38.379+0800][374.868s][info][gc,phases   ] GC(781)   Pre Evacuate Collection Set: 0.1ms
[2026-03-19T11:37:38.379+0800][374.868s][info][gc,phases   ] GC(781)   Merge Heap Roots: 0.1ms
[2026-03-19T11:37:38.379+0800][374.868s][info][gc,phases   ] GC(781)   Evacuate Collection Set: 0.5ms
[2026-03-19T11:37:38.379+0800][374.868s][info][gc,phases   ] GC(781)   Post Evacuate Collection Set: 1.0ms
[2026-03-19T11:37:38.379+0800][374.868s][info][gc,phases   ] GC(781)   Other: 0.2ms
[2026-03-19T11:37:38.379+0800][374.868s][info][gc,heap     ] GC(781) Eden regions: 13->0(74)
[2026-03-19T11:37:38.379+0800][374.868s][info][gc,heap     ] GC(781) Survivor regions: 2->2(10)
[2026-03-19T11:37:38.379+0800][374.868s][info][gc,heap     ] GC(781) Old regions: 18->18
[2026-03-19T11:37:38.379+0800][374.868s][info][gc,heap     ] GC(781) Archive regions: 0->0
[2026-03-19T11:37:38.379+0800][374.868s][info][gc,heap     ] GC(781) Humongous regions: 39->9
[2026-03-19T11:37:38.379+0800][374.868s][info][gc,metaspace] GC(781) Metaspace: 22909K(23232K)->22909K(23232K) NonClass: 20299K(20480K)->20299K(20480K) Class: 2610K(2752K)->2610K(2752K)
[2026-03-19T11:37:38.379+0800][374.868s][info][gc          ] GC(781) Pause Young (Concurrent Start) (G1 Humongous Allocation) 69M->27M(128M) 2.196ms
[2026-03-19T11:37:38.379+0800][374.868s][info][gc,cpu      ] GC(781) User=0.00s Sys=0.00s Real=0.00s
[2026-03-19T11:37:38.380+0800][374.869s][info][gc          ] GC(782) Concurrent Undo Cycle
[2026-03-19T11:37:38.380+0800][374.869s][info][gc,marking  ] GC(782) Concurrent Cleanup for Next Mark
[2026-03-19T11:37:38.380+0800][374.869s][info][gc,marking  ] GC(782) Concurrent Cleanup for Next Mark 0.400ms
[2026-03-19T11:37:38.380+0800][374.869s][info][gc          ] GC(782) Concurrent Undo Cycle 0.554ms
[2026-03-19T11:37:39.312+0800][375.802s][info][gc,start    ] GC(783) Pause Young (Concurrent Start) (G1 Humongous Allocation)
[2026-03-19T11:37:39.313+0800][375.802s][info][gc,task     ] GC(783) Using 3 workers of 13 for evacuation
[2026-03-19T11:37:39.314+0800][375.803s][info][gc,phases   ] GC(783)   Pre Evacuate Collection Set: 0.0ms
[2026-03-19T11:37:39.314+0800][375.803s][info][gc,phases   ] GC(783)   Merge Heap Roots: 0.0ms
[2026-03-19T11:37:39.314+0800][375.803s][info][gc,phases   ] GC(783)   Evacuate Collection Set: 0.7ms
[2026-03-19T11:37:39.314+0800][375.803s][info][gc,phases   ] GC(783)   Post Evacuate Collection Set: 0.5ms
[2026-03-19T11:37:39.314+0800][375.803s][info][gc,phases   ] GC(783)   Other: 0.2ms
[2026-03-19T11:37:39.314+0800][375.803s][info][gc,heap     ] GC(783) Eden regions: 13->0(74)
[2026-03-19T11:37:39.314+0800][375.803s][info][gc,heap     ] GC(783) Survivor regions: 2->2(10)
[2026-03-19T11:37:39.314+0800][375.803s][info][gc,heap     ] GC(783) Old regions: 18->18
[2026-03-19T11:37:39.314+0800][375.803s][info][gc,heap     ] GC(783) Archive regions: 0->0
[2026-03-19T11:37:39.314+0800][375.803s][info][gc,heap     ] GC(783) Humongous regions: 39->9
[2026-03-19T11:37:39.314+0800][375.803s][info][gc,metaspace] GC(783) Metaspace: 22909K(23232K)->22909K(23232K) NonClass: 20299K(20480K)->20299K(20480K) Class: 2610K(2752K)->2610K(2752K)
[2026-03-19T11:37:39.314+0800][375.803s][info][gc          ] GC(783) Pause Young (Concurrent Start) (G1 Humongous Allocation) 70M->27M(128M) 1.650ms
[2026-03-19T11:37:39.314+0800][375.803s][info][gc,cpu      ] GC(783) User=0.00s Sys=0.00s Real=0.00s
[2026-03-19T11:37:39.314+0800][375.803s][info][gc          ] GC(784) Concurrent Undo Cycle
[2026-03-19T11:37:39.314+0800][375.804s][info][gc,marking  ] GC(784) Concurrent Cleanup for Next Mark
[2026-03-19T11:37:39.314+0800][375.804s][info][gc,marking  ] GC(784) Concurrent Cleanup for Next Mark 0.188ms
[2026-03-19T11:37:39.314+0800][375.804s][info][gc          ] GC(784) Concurrent Undo Cycle 0.309ms
[2026-03-19T11:37:40.227+0800][376.716s][info][gc,start    ] GC(785) Pause Young (Concurrent Start) (G1 Humongous Allocation)
[2026-03-19T11:37:40.227+0800][376.716s][info][gc,task     ] GC(785) Using 3 workers of 13 for evacuation
[2026-03-19T11:37:40.229+0800][376.719s][info][gc,phases   ] GC(785)   Pre Evacuate Collection Set: 0.3ms
[2026-03-19T11:37:40.229+0800][376.719s][info][gc,phases   ] GC(785)   Merge Heap Roots: 0.3ms
[2026-03-19T11:37:40.229+0800][376.719s][info][gc,phases   ] GC(785)   Evacuate Collection Set: 0.9ms
[2026-03-19T11:37:40.229+0800][376.719s][info][gc,phases   ] GC(785)   Post Evacuate Collection Set: 0.7ms
[2026-03-19T11:37:40.229+0800][376.719s][info][gc,phases   ] GC(785)   Other: 0.7ms
[2026-03-19T11:37:40.229+0800][376.719s][info][gc,heap     ] GC(785) Eden regions: 13->0(74)
[2026-03-19T11:37:40.229+0800][376.719s][info][gc,heap     ] GC(785) Survivor regions: 2->2(10)
[2026-03-19T11:37:40.229+0800][376.719s][info][gc,heap     ] GC(785) Old regions: 18->18
[2026-03-19T11:37:40.229+0800][376.719s][info][gc,heap     ] GC(785) Archive regions: 0->0
[2026-03-19T11:37:40.229+0800][376.719s][info][gc,heap     ] GC(785) Humongous regions: 39->9
[2026-03-19T11:37:40.229+0800][376.719s][info][gc,metaspace] GC(785) Metaspace: 22911K(23232K)->22911K(23232K) NonClass: 20301K(20480K)->20301K(20480K) Class: 2610K(2752K)->2610K(2752K)
[2026-03-19T11:37:40.230+0800][376.719s][info][gc          ] GC(785) Pause Young (Concurrent Start) (G1 Humongous Allocation) 70M->27M(128M) 3.341ms
[2026-03-19T11:37:40.230+0800][376.719s][info][gc,cpu      ] GC(785) User=0.00s Sys=0.00s Real=0.00s
[2026-03-19T11:37:40.230+0800][376.719s][info][gc          ] GC(786) Concurrent Undo Cycle
[2026-03-19T11:37:40.230+0800][376.720s][info][gc,marking  ] GC(786) Concurrent Cleanup for Next Mark
[2026-03-19T11:37:40.230+0800][376.720s][info][gc,marking  ] GC(786) Concurrent Cleanup for Next Mark 0.292ms
[2026-03-19T11:37:40.230+0800][376.720s][info][gc          ] GC(786) Concurrent Undo Cycle 0.523ms
[2026-03-19T11:37:41.169+0800][377.658s][info][gc,start    ] GC(787) Pause Young (Concurrent Start) (G1 Humongous Allocation)
[2026-03-19T11:37:41.169+0800][377.658s][info][gc,task     ] GC(787) Using 3 workers of 13 for evacuation
[2026-03-19T11:37:41.170+0800][377.660s][info][gc,phases   ] GC(787)   Pre Evacuate Collection Set: 0.1ms
[2026-03-19T11:37:41.170+0800][377.660s][info][gc,phases   ] GC(787)   Merge Heap Roots: 0.2ms
[2026-03-19T11:37:41.170+0800][377.660s][info][gc,phases   ] GC(787)   Evacuate Collection Set: 0.7ms
[2026-03-19T11:37:41.170+0800][377.660s][info][gc,phases   ] GC(787)   Post Evacuate Collection Set: 0.7ms
[2026-03-19T11:37:41.170+0800][377.660s][info][gc,phases   ] GC(787)   Other: 0.4ms
[2026-03-19T11:37:41.170+0800][377.660s][info][gc,heap     ] GC(787) Eden regions: 13->0(74)
[2026-03-19T11:37:41.170+0800][377.660s][info][gc,heap     ] GC(787) Survivor regions: 2->2(10)
[2026-03-19T11:37:41.170+0800][377.660s][info][gc,heap     ] GC(787) Old regions: 18->18
[2026-03-19T11:37:41.170+0800][377.660s][info][gc,heap     ] GC(787) Archive regions: 0->0
[2026-03-19T11:37:41.170+0800][377.660s][info][gc,heap     ] GC(787) Humongous regions: 39->9
[2026-03-19T11:37:41.170+0800][377.660s][info][gc,metaspace] GC(787) Metaspace: 22911K(23232K)->22911K(23232K) NonClass: 20301K(20480K)->20301K(20480K) Class: 2610K(2752K)->2610K(2752K)
[2026-03-19T11:37:41.170+0800][377.660s][info][gc          ] GC(787) Pause Young (Concurrent Start) (G1 Humongous Allocation) 70M->27M(128M) 2.373ms
[2026-03-19T11:37:41.170+0800][377.660s][info][gc,cpu      ] GC(787) User=0.00s Sys=0.00s Real=0.00s
[2026-03-19T11:37:41.171+0800][377.660s][info][gc          ] GC(788) Concurrent Undo Cycle
[2026-03-19T11:37:41.171+0800][377.660s][info][gc,marking  ] GC(788) Concurrent Cleanup for Next Mark
[2026-03-19T11:37:41.171+0800][377.661s][info][gc,marking  ] GC(788) Concurrent Cleanup for Next Mark 0.193ms
[2026-03-19T11:37:41.171+0800][377.661s][info][gc          ] GC(788) Concurrent Undo Cycle 0.379ms
[2026-03-19T11:37:42.102+0800][378.592s][info][gc,start    ] GC(789) Pause Young (Concurrent Start) (G1 Humongous Allocation)
[2026-03-19T11:37:42.103+0800][378.592s][info][gc,task     ] GC(789) Using 3 workers of 13 for evacuation
[2026-03-19T11:37:42.105+0800][378.595s][info][gc,phases   ] GC(789)   Pre Evacuate Collection Set: 0.4ms
[2026-03-19T11:37:42.105+0800][378.595s][info][gc,phases   ] GC(789)   Merge Heap Roots: 0.2ms
[2026-03-19T11:37:42.105+0800][378.595s][info][gc,phases   ] GC(789)   Evacuate Collection Set: 0.9ms
[2026-03-19T11:37:42.105+0800][378.595s][info][gc,phases   ] GC(789)   Post Evacuate Collection Set: 0.9ms
[2026-03-19T11:37:42.105+0800][378.595s][info][gc,phases   ] GC(789)   Other: 0.3ms
[2026-03-19T11:37:42.105+0800][378.595s][info][gc,heap     ] GC(789) Eden regions: 13->0(74)
[2026-03-19T11:37:42.105+0800][378.595s][info][gc,heap     ] GC(789) Survivor regions: 2->2(10)
[2026-03-19T11:37:42.105+0800][378.595s][info][gc,heap     ] GC(789) Old regions: 18->18
[2026-03-19T11:37:42.105+0800][378.595s][info][gc,heap     ] GC(789) Archive regions: 0->0
[2026-03-19T11:37:42.105+0800][378.595s][info][gc,heap     ] GC(789) Humongous regions: 39->9
[2026-03-19T11:37:42.105+0800][378.595s][info][gc,metaspace] GC(789) Metaspace: 22911K(23232K)->22911K(23232K) NonClass: 20301K(20480K)->20301K(20480K) Class: 2610K(2752K)->2610K(2752K)
[2026-03-19T11:37:42.105+0800][378.595s][info][gc          ] GC(789) Pause Young (Concurrent Start) (G1 Humongous Allocation) 70M->27M(128M) 2.992ms
[2026-03-19T11:37:42.105+0800][378.595s][info][gc,cpu      ] GC(789) User=0.00s Sys=0.00s Real=0.00s
[2026-03-19T11:37:42.106+0800][378.595s][info][gc          ] GC(790) Concurrent Undo Cycle
[2026-03-19T11:37:42.106+0800][378.595s][info][gc,marking  ] GC(790) Concurrent Cleanup for Next Mark
[2026-03-19T11:37:42.106+0800][378.596s][info][gc,marking  ] GC(790) Concurrent Cleanup for Next Mark 0.194ms
[2026-03-19T11:37:42.106+0800][378.596s][info][gc          ] GC(790) Concurrent Undo Cycle 0.373ms
[2026-03-19T11:37:43.037+0800][379.526s][info][gc,start    ] GC(791) Pause Young (Concurrent Start) (G1 Humongous Allocation)
[2026-03-19T11:37:43.037+0800][379.526s][info][gc,task     ] GC(791) Using 3 workers of 13 for evacuation
[2026-03-19T11:37:43.039+0800][379.529s][info][gc,phases   ] GC(791)   Pre Evacuate Collection Set: 0.2ms
[2026-03-19T11:37:43.040+0800][379.529s][info][gc,phases   ] GC(791)   Merge Heap Roots: 0.3ms
[2026-03-19T11:37:43.040+0800][379.529s][info][gc,phases   ] GC(791)   Evacuate Collection Set: 0.9ms
[2026-03-19T11:37:43.040+0800][379.529s][info][gc,phases   ] GC(791)   Post Evacuate Collection Set: 0.9ms
[2026-03-19T11:37:43.040+0800][379.529s][info][gc,phases   ] GC(791)   Other: 0.5ms
[2026-03-19T11:37:43.040+0800][379.529s][info][gc,heap     ] GC(791) Eden regions: 13->0(74)
[2026-03-19T11:37:43.040+0800][379.529s][info][gc,heap     ] GC(791) Survivor regions: 2->2(10)
[2026-03-19T11:37:43.040+0800][379.529s][info][gc,heap     ] GC(791) Old regions: 18->18
[2026-03-19T11:37:43.040+0800][379.529s][info][gc,heap     ] GC(791) Archive regions: 0->0
[2026-03-19T11:37:43.040+0800][379.529s][info][gc,heap     ] GC(791) Humongous regions: 39->9
[2026-03-19T11:37:43.040+0800][379.530s][info][gc,metaspace] GC(791) Metaspace: 22911K(23232K)->22911K(23232K) NonClass: 20301K(20480K)->20301K(20480K) Class: 2610K(2752K)->2610K(2752K)
[2026-03-19T11:37:43.040+0800][379.530s][info][gc          ] GC(791) Pause Young (Concurrent Start) (G1 Humongous Allocation) 70M->27M(128M) 3.532ms
[2026-03-19T11:37:43.040+0800][379.530s][info][gc,cpu      ] GC(791) User=0.00s Sys=0.00s Real=0.00s
[2026-03-19T11:37:43.040+0800][379.530s][info][gc          ] GC(792) Concurrent Undo Cycle
[2026-03-19T11:37:43.040+0800][379.530s][info][gc,marking  ] GC(792) Concurrent Cleanup for Next Mark
[2026-03-19T11:37:43.041+0800][379.530s][info][gc,marking  ] GC(792) Concurrent Cleanup for Next Mark 0.437ms
[2026-03-19T11:37:43.041+0800][379.531s][info][gc          ] GC(792) Concurrent Undo Cycle 0.736ms
[2026-03-19T11:37:43.965+0800][380.454s][info][gc,start    ] GC(793) Pause Young (Concurrent Start) (G1 Humongous Allocation)
[2026-03-19T11:37:43.965+0800][380.454s][info][gc,task     ] GC(793) Using 3 workers of 13 for evacuation
[2026-03-19T11:37:43.967+0800][380.456s][info][gc,phases   ] GC(793)   Pre Evacuate Collection Set: 0.3ms
[2026-03-19T11:37:43.967+0800][380.456s][info][gc,phases   ] GC(793)   Merge Heap Roots: 0.2ms
[2026-03-19T11:37:43.967+0800][380.456s][info][gc,phases   ] GC(793)   Evacuate Collection Set: 0.9ms
[2026-03-19T11:37:43.967+0800][380.456s][info][gc,phases   ] GC(793)   Post Evacuate Collection Set: 0.8ms
[2026-03-19T11:37:43.967+0800][380.457s][info][gc,phases   ] GC(793)   Other: 0.2ms
[2026-03-19T11:37:43.967+0800][380.457s][info][gc,heap     ] GC(793) Eden regions: 13->0(74)
[2026-03-19T11:37:43.967+0800][380.457s][info][gc,heap     ] GC(793) Survivor regions: 2->2(10)
[2026-03-19T11:37:43.967+0800][380.457s][info][gc,heap     ] GC(793) Old regions: 18->18
[2026-03-19T11:37:43.967+0800][380.457s][info][gc,heap     ] GC(793) Archive regions: 0->0
[2026-03-19T11:37:43.967+0800][380.457s][info][gc,heap     ] GC(793) Humongous regions: 39->9
[2026-03-19T11:37:43.967+0800][380.457s][info][gc,metaspace] GC(793) Metaspace: 22911K(23232K)->22911K(23232K) NonClass: 20301K(20480K)->20301K(20480K) Class: 2610K(2752K)->2610K(2752K)
[2026-03-19T11:37:43.967+0800][380.457s][info][gc          ] GC(793) Pause Young (Concurrent Start) (G1 Humongous Allocation) 70M->27M(128M) 2.681ms
[2026-03-19T11:37:43.967+0800][380.457s][info][gc,cpu      ] GC(793) User=0.00s Sys=0.00s Real=0.00s
[2026-03-19T11:37:43.967+0800][380.457s][info][gc          ] GC(794) Concurrent Undo Cycle
[2026-03-19T11:37:43.968+0800][380.457s][info][gc,marking  ] GC(794) Concurrent Cleanup for Next Mark
[2026-03-19T11:37:43.968+0800][380.457s][info][gc,marking  ] GC(794) Concurrent Cleanup for Next Mark 0.396ms
[2026-03-19T11:37:43.968+0800][380.457s][info][gc          ] GC(794) Concurrent Undo Cycle 0.589ms
[2026-03-19T11:37:44.893+0800][381.382s][info][gc,start    ] GC(795) Pause Young (Concurrent Start) (G1 Humongous Allocation)
[2026-03-19T11:37:44.893+0800][381.382s][info][gc,task     ] GC(795) Using 3 workers of 13 for evacuation
[2026-03-19T11:37:44.895+0800][381.384s][info][gc,phases   ] GC(795)   Pre Evacuate Collection Set: 0.2ms
[2026-03-19T11:37:44.895+0800][381.384s][info][gc,phases   ] GC(795)   Merge Heap Roots: 0.1ms
[2026-03-19T11:37:44.895+0800][381.384s][info][gc,phases   ] GC(795)   Evacuate Collection Set: 0.9ms
[2026-03-19T11:37:44.895+0800][381.384s][info][gc,phases   ] GC(795)   Post Evacuate Collection Set: 0.6ms
[2026-03-19T11:37:44.895+0800][381.384s][info][gc,phases   ] GC(795)   Other: 0.3ms
[2026-03-19T11:37:44.895+0800][381.384s][info][gc,heap     ] GC(795) Eden regions: 12->0(74)
[2026-03-19T11:37:44.895+0800][381.384s][info][gc,heap     ] GC(795) Survivor regions: 2->2(10)
[2026-03-19T11:37:44.895+0800][381.384s][info][gc,heap     ] GC(795) Old regions: 18->18
[2026-03-19T11:37:44.895+0800][381.384s][info][gc,heap     ] GC(795) Archive regions: 0->0
[2026-03-19T11:37:44.895+0800][381.384s][info][gc,heap     ] GC(795) Humongous regions: 39->9
[2026-03-19T11:37:44.895+0800][381.384s][info][gc,metaspace] GC(795) Metaspace: 22911K(23232K)->22911K(23232K) NonClass: 20301K(20480K)->20301K(20480K) Class: 2610K(2752K)->2610K(2752K)
[2026-03-19T11:37:44.895+0800][381.384s][info][gc          ] GC(795) Pause Young (Concurrent Start) (G1 Humongous Allocation) 69M->27M(128M) 2.290ms
[2026-03-19T11:37:44.895+0800][381.384s][info][gc,cpu      ] GC(795) User=0.00s Sys=0.00s Real=0.00s
[2026-03-19T11:37:44.895+0800][381.385s][info][gc          ] GC(796) Concurrent Undo Cycle
[2026-03-19T11:37:44.895+0800][381.385s][info][gc,marking  ] GC(796) Concurrent Cleanup for Next Mark
[2026-03-19T11:37:44.896+0800][381.385s][info][gc,marking  ] GC(796) Concurrent Cleanup for Next Mark 0.502ms
[2026-03-19T11:37:44.896+0800][381.385s][info][gc          ] GC(796) Concurrent Undo Cycle 0.831ms
[2026-03-19T11:37:45.830+0800][382.319s][info][gc,start    ] GC(797) Pause Young (Concurrent Start) (G1 Humongous Allocation)
[2026-03-19T11:37:45.830+0800][382.319s][info][gc,task     ] GC(797) Using 3 workers of 13 for evacuation
[2026-03-19T11:37:45.832+0800][382.321s][info][gc,phases   ] GC(797)   Pre Evacuate Collection Set: 0.2ms
[2026-03-19T11:37:45.832+0800][382.321s][info][gc,phases   ] GC(797)   Merge Heap Roots: 0.2ms
[2026-03-19T11:37:45.832+0800][382.321s][info][gc,phases   ] GC(797)   Evacuate Collection Set: 0.6ms
[2026-03-19T11:37:45.832+0800][382.321s][info][gc,phases   ] GC(797)   Post Evacuate Collection Set: 0.7ms
[2026-03-19T11:37:45.832+0800][382.321s][info][gc,phases   ] GC(797)   Other: 0.2ms
[2026-03-19T11:37:45.832+0800][382.321s][info][gc,heap     ] GC(797) Eden regions: 12->0(74)
[2026-03-19T11:37:45.832+0800][382.321s][info][gc,heap     ] GC(797) Survivor regions: 2->2(10)
[2026-03-19T11:37:45.832+0800][382.321s][info][gc,heap     ] GC(797) Old regions: 18->18
[2026-03-19T11:37:45.832+0800][382.321s][info][gc,heap     ] GC(797) Archive regions: 0->0
[2026-03-19T11:37:45.832+0800][382.321s][info][gc,heap     ] GC(797) Humongous regions: 39->9
[2026-03-19T11:37:45.832+0800][382.321s][info][gc,metaspace] GC(797) Metaspace: 22911K(23232K)->22911K(23232K) NonClass: 20301K(20480K)->20301K(20480K) Class: 2610K(2752K)->2610K(2752K)
[2026-03-19T11:37:45.832+0800][382.321s][info][gc          ] GC(797) Pause Young (Concurrent Start) (G1 Humongous Allocation) 69M->27M(128M) 2.230ms
[2026-03-19T11:37:45.832+0800][382.321s][info][gc,cpu      ] GC(797) User=0.00s Sys=0.00s Real=0.00s
[2026-03-19T11:37:45.832+0800][382.321s][info][gc          ] GC(798) Concurrent Undo Cycle
[2026-03-19T11:37:45.832+0800][382.321s][info][gc,marking  ] GC(798) Concurrent Cleanup for Next Mark
[2026-03-19T11:37:45.833+0800][382.322s][info][gc,marking  ] GC(798) Concurrent Cleanup for Next Mark 0.366ms
[2026-03-19T11:37:45.833+0800][382.322s][info][gc          ] GC(798) Concurrent Undo Cycle 0.564ms
[2026-03-19T11:37:46.765+0800][383.255s][info][gc,start    ] GC(799) Pause Young (Concurrent Start) (G1 Humongous Allocation)
[2026-03-19T11:37:46.766+0800][383.255s][info][gc,task     ] GC(799) Using 3 workers of 13 for evacuation
[2026-03-19T11:37:46.768+0800][383.258s][info][gc,phases   ] GC(799)   Pre Evacuate Collection Set: 0.3ms
[2026-03-19T11:37:46.768+0800][383.258s][info][gc,phases   ] GC(799)   Merge Heap Roots: 0.2ms
[2026-03-19T11:37:46.768+0800][383.258s][info][gc,phases   ] GC(799)   Evacuate Collection Set: 0.8ms
[2026-03-19T11:37:46.768+0800][383.258s][info][gc,phases   ] GC(799)   Post Evacuate Collection Set: 1.3ms
[2026-03-19T11:37:46.768+0800][383.258s][info][gc,phases   ] GC(799)   Other: 0.3ms
[2026-03-19T11:37:46.768+0800][383.258s][info][gc,heap     ] GC(799) Eden regions: 13->0(74)
[2026-03-19T11:37:46.768+0800][383.258s][info][gc,heap     ] GC(799) Survivor regions: 2->2(10)
[2026-03-19T11:37:46.768+0800][383.258s][info][gc,heap     ] GC(799) Old regions: 18->18
[2026-03-19T11:37:46.768+0800][383.258s][info][gc,heap     ] GC(799) Archive regions: 0->0
[2026-03-19T11:37:46.768+0800][383.258s][info][gc,heap     ] GC(799) Humongous regions: 39->9
[2026-03-19T11:37:46.768+0800][383.258s][info][gc,metaspace] GC(799) Metaspace: 22911K(23232K)->22911K(23232K) NonClass: 20301K(20480K)->20301K(20480K) Class: 2610K(2752K)->2610K(2752K)
[2026-03-19T11:37:46.768+0800][383.258s][info][gc          ] GC(799) Pause Young (Concurrent Start) (G1 Humongous Allocation) 69M->27M(128M) 3.344ms
[2026-03-19T11:37:46.768+0800][383.258s][info][gc,cpu      ] GC(799) User=0.00s Sys=0.00s Real=0.00s
[2026-03-19T11:37:46.768+0800][383.258s][info][gc          ] GC(800) Concurrent Undo Cycle
[2026-03-19T11:37:46.769+0800][383.259s][info][gc,marking  ] GC(800) Concurrent Cleanup for Next Mark
[2026-03-19T11:37:46.769+0800][383.259s][info][gc,marking  ] GC(800) Concurrent Cleanup for Next Mark 0.280ms
[2026-03-19T11:37:46.769+0800][383.259s][info][gc          ] GC(800) Concurrent Undo Cycle 0.550ms
[2026-03-19T11:37:47.703+0800][384.192s][info][gc,start    ] GC(801) Pause Young (Concurrent Start) (G1 Humongous Allocation)
[2026-03-19T11:37:47.703+0800][384.193s][info][gc,task     ] GC(801) Using 3 workers of 13 for evacuation
[2026-03-19T11:37:47.706+0800][384.195s][info][gc,phases   ] GC(801)   Pre Evacuate Collection Set: 0.3ms
[2026-03-19T11:37:47.706+0800][384.195s][info][gc,phases   ] GC(801)   Merge Heap Roots: 0.3ms
[2026-03-19T11:37:47.706+0800][384.195s][info][gc,phases   ] GC(801)   Evacuate Collection Set: 0.9ms
[2026-03-19T11:37:47.706+0800][384.195s][info][gc,phases   ] GC(801)   Post Evacuate Collection Set: 1.0ms
[2026-03-19T11:37:47.706+0800][384.195s][info][gc,phases   ] GC(801)   Other: 0.3ms
[2026-03-19T11:37:47.706+0800][384.195s][info][gc,heap     ] GC(801) Eden regions: 13->0(74)
[2026-03-19T11:37:47.706+0800][384.195s][info][gc,heap     ] GC(801) Survivor regions: 2->2(10)
[2026-03-19T11:37:47.706+0800][384.195s][info][gc,heap     ] GC(801) Old regions: 18->18
[2026-03-19T11:37:47.706+0800][384.195s][info][gc,heap     ] GC(801) Archive regions: 0->0
[2026-03-19T11:37:47.706+0800][384.195s][info][gc,heap     ] GC(801) Humongous regions: 39->9
[2026-03-19T11:37:47.706+0800][384.195s][info][gc,metaspace] GC(801) Metaspace: 22911K(23232K)->22911K(23232K) NonClass: 20301K(20480K)->20301K(20480K) Class: 2610K(2752K)->2610K(2752K)
[2026-03-19T11:37:47.706+0800][384.196s][info][gc          ] GC(801) Pause Young (Concurrent Start) (G1 Humongous Allocation) 70M->27M(128M) 3.198ms
[2026-03-19T11:37:47.706+0800][384.196s][info][gc,cpu      ] GC(801) User=0.00s Sys=0.00s Real=0.00s
[2026-03-19T11:37:47.706+0800][384.196s][info][gc          ] GC(802) Concurrent Undo Cycle
[2026-03-19T11:37:47.707+0800][384.196s][info][gc,marking  ] GC(802) Concurrent Cleanup for Next Mark
[2026-03-19T11:37:47.707+0800][384.196s][info][gc,marking  ] GC(802) Concurrent Cleanup for Next Mark 0.307ms
[2026-03-19T11:37:47.707+0800][384.196s][info][gc          ] GC(802) Concurrent Undo Cycle 0.598ms
[2026-03-19T11:37:48.640+0800][385.130s][info][gc,start    ] GC(803) Pause Young (Concurrent Start) (G1 Humongous Allocation)
[2026-03-19T11:37:48.640+0800][385.130s][info][gc,task     ] GC(803) Using 3 workers of 13 for evacuation
[2026-03-19T11:37:48.644+0800][385.133s][info][gc,phases   ] GC(803)   Pre Evacuate Collection Set: 0.5ms
[2026-03-19T11:37:48.644+0800][385.133s][info][gc,phases   ] GC(803)   Merge Heap Roots: 0.3ms
[2026-03-19T11:37:48.644+0800][385.133s][info][gc,phases   ] GC(803)   Evacuate Collection Set: 0.9ms
[2026-03-19T11:37:48.644+0800][385.133s][info][gc,phases   ] GC(803)   Post Evacuate Collection Set: 1.1ms
[2026-03-19T11:37:48.644+0800][385.133s][info][gc,phases   ] GC(803)   Other: 0.5ms
[2026-03-19T11:37:48.644+0800][385.133s][info][gc,heap     ] GC(803) Eden regions: 13->0(74)
[2026-03-19T11:37:48.644+0800][385.133s][info][gc,heap     ] GC(803) Survivor regions: 2->2(10)
[2026-03-19T11:37:48.644+0800][385.133s][info][gc,heap     ] GC(803) Old regions: 18->18
[2026-03-19T11:37:48.644+0800][385.133s][info][gc,heap     ] GC(803) Archive regions: 0->0
[2026-03-19T11:37:48.644+0800][385.133s][info][gc,heap     ] GC(803) Humongous regions: 39->9
[2026-03-19T11:37:48.644+0800][385.133s][info][gc,metaspace] GC(803) Metaspace: 22911K(23232K)->22911K(23232K) NonClass: 20301K(20480K)->20301K(20480K) Class: 2610K(2752K)->2610K(2752K)
[2026-03-19T11:37:48.644+0800][385.133s][info][gc          ] GC(803) Pause Young (Concurrent Start) (G1 Humongous Allocation) 70M->27M(128M) 3.667ms
[2026-03-19T11:37:48.644+0800][385.133s][info][gc,cpu      ] GC(803) User=0.00s Sys=0.00s Real=0.00s
[2026-03-19T11:37:48.645+0800][385.134s][info][gc          ] GC(804) Concurrent Undo Cycle
[2026-03-19T11:37:48.645+0800][385.134s][info][gc,marking  ] GC(804) Concurrent Cleanup for Next Mark
[2026-03-19T11:37:48.645+0800][385.134s][info][gc,marking  ] GC(804) Concurrent Cleanup for Next Mark 0.338ms
[2026-03-19T11:37:48.645+0800][385.134s][info][gc          ] GC(804) Concurrent Undo Cycle 0.640ms
[2026-03-19T11:37:49.576+0800][386.065s][info][gc,start    ] GC(805) Pause Young (Concurrent Start) (G1 Humongous Allocation)
[2026-03-19T11:37:49.576+0800][386.065s][info][gc,task     ] GC(805) Using 3 workers of 13 for evacuation
[2026-03-19T11:37:49.577+0800][386.066s][info][gc,phases   ] GC(805)   Pre Evacuate Collection Set: 0.1ms
[2026-03-19T11:37:49.577+0800][386.066s][info][gc,phases   ] GC(805)   Merge Heap Roots: 0.1ms
[2026-03-19T11:37:49.577+0800][386.066s][info][gc,phases   ] GC(805)   Evacuate Collection Set: 0.4ms
[2026-03-19T11:37:49.577+0800][386.066s][info][gc,phases   ] GC(805)   Post Evacuate Collection Set: 0.5ms
[2026-03-19T11:37:49.577+0800][386.066s][info][gc,phases   ] GC(805)   Other: 0.2ms
[2026-03-19T11:37:49.577+0800][386.066s][info][gc,heap     ] GC(805) Eden regions: 13->0(74)
[2026-03-19T11:37:49.577+0800][386.066s][info][gc,heap     ] GC(805) Survivor regions: 2->2(10)
[2026-03-19T11:37:49.577+0800][386.066s][info][gc,heap     ] GC(805) Old regions: 18->18
[2026-03-19T11:37:49.577+0800][386.066s][info][gc,heap     ] GC(805) Archive regions: 0->0
[2026-03-19T11:37:49.577+0800][386.066s][info][gc,heap     ] GC(805) Humongous regions: 39->9
[2026-03-19T11:37:49.577+0800][386.066s][info][gc,metaspace] GC(805) Metaspace: 22911K(23232K)->22911K(23232K) NonClass: 20301K(20480K)->20301K(20480K) Class: 2610K(2752K)->2610K(2752K)
[2026-03-19T11:37:49.577+0800][386.066s][info][gc          ] GC(805) Pause Young (Concurrent Start) (G1 Humongous Allocation) 70M->27M(128M) 1.609ms
[2026-03-19T11:37:49.577+0800][386.066s][info][gc,cpu      ] GC(805) User=0.00s Sys=0.00s Real=0.00s
[2026-03-19T11:37:49.577+0800][386.067s][info][gc          ] GC(806) Concurrent Undo Cycle
[2026-03-19T11:37:49.577+0800][386.067s][info][gc,marking  ] GC(806) Concurrent Cleanup for Next Mark
[2026-03-19T11:37:49.578+0800][386.067s][info][gc,marking  ] GC(806) Concurrent Cleanup for Next Mark 0.223ms
[2026-03-19T11:37:49.578+0800][386.067s][info][gc          ] GC(806) Concurrent Undo Cycle 0.347ms
[2026-03-19T11:37:50.511+0800][387.001s][info][gc,start    ] GC(807) Pause Young (Concurrent Start) (G1 Humongous Allocation)
[2026-03-19T11:37:50.511+0800][387.001s][info][gc,task     ] GC(807) Using 3 workers of 13 for evacuation
[2026-03-19T11:37:50.513+0800][387.003s][info][gc,phases   ] GC(807)   Pre Evacuate Collection Set: 0.3ms
[2026-03-19T11:37:50.513+0800][387.003s][info][gc,phases   ] GC(807)   Merge Heap Roots: 0.1ms
[2026-03-19T11:37:50.513+0800][387.003s][info][gc,phases   ] GC(807)   Evacuate Collection Set: 0.6ms
[2026-03-19T11:37:50.513+0800][387.003s][info][gc,phases   ] GC(807)   Post Evacuate Collection Set: 0.8ms
[2026-03-19T11:37:50.513+0800][387.003s][info][gc,phases   ] GC(807)   Other: 0.3ms
[2026-03-19T11:37:50.513+0800][387.003s][info][gc,heap     ] GC(807) Eden regions: 13->0(74)
[2026-03-19T11:37:50.513+0800][387.003s][info][gc,heap     ] GC(807) Survivor regions: 2->2(10)
[2026-03-19T11:37:50.513+0800][387.003s][info][gc,heap     ] GC(807) Old regions: 18->18
[2026-03-19T11:37:50.513+0800][387.003s][info][gc,heap     ] GC(807) Archive regions: 0->0
[2026-03-19T11:37:50.513+0800][387.003s][info][gc,heap     ] GC(807) Humongous regions: 39->9
[2026-03-19T11:37:50.513+0800][387.003s][info][gc,metaspace] GC(807) Metaspace: 22911K(23232K)->22911K(23232K) NonClass: 20301K(20480K)->20301K(20480K) Class: 2610K(2752K)->2610K(2752K)
[2026-03-19T11:37:50.513+0800][387.003s][info][gc          ] GC(807) Pause Young (Concurrent Start) (G1 Humongous Allocation) 70M->27M(128M) 2.196ms
[2026-03-19T11:37:50.513+0800][387.003s][info][gc,cpu      ] GC(807) User=0.00s Sys=0.02s Real=0.00s
[2026-03-19T11:37:50.513+0800][387.003s][info][gc          ] GC(808) Concurrent Undo Cycle
[2026-03-19T11:37:50.513+0800][387.003s][info][gc,marking  ] GC(808) Concurrent Cleanup for Next Mark
[2026-03-19T11:37:50.514+0800][387.003s][info][gc,marking  ] GC(808) Concurrent Cleanup for Next Mark 0.298ms
[2026-03-19T11:37:50.514+0800][387.003s][info][gc          ] GC(808) Concurrent Undo Cycle 0.412ms
[2026-03-19T11:37:51.445+0800][387.935s][info][gc,start    ] GC(809) Pause Young (Concurrent Start) (G1 Humongous Allocation)
[2026-03-19T11:37:51.445+0800][387.935s][info][gc,task     ] GC(809) Using 3 workers of 13 for evacuation
[2026-03-19T11:37:51.447+0800][387.937s][info][gc,phases   ] GC(809)   Pre Evacuate Collection Set: 0.2ms
[2026-03-19T11:37:51.447+0800][387.937s][info][gc,phases   ] GC(809)   Merge Heap Roots: 0.2ms
[2026-03-19T11:37:51.447+0800][387.937s][info][gc,phases   ] GC(809)   Evacuate Collection Set: 0.7ms
[2026-03-19T11:37:51.447+0800][387.937s][info][gc,phases   ] GC(809)   Post Evacuate Collection Set: 0.9ms
[2026-03-19T11:37:51.447+0800][387.937s][info][gc,phases   ] GC(809)   Other: 0.2ms
[2026-03-19T11:37:51.447+0800][387.937s][info][gc,heap     ] GC(809) Eden regions: 13->0(74)
[2026-03-19T11:37:51.447+0800][387.937s][info][gc,heap     ] GC(809) Survivor regions: 2->2(10)
[2026-03-19T11:37:51.447+0800][387.937s][info][gc,heap     ] GC(809) Old regions: 18->18
[2026-03-19T11:37:51.447+0800][387.937s][info][gc,heap     ] GC(809) Archive regions: 0->0
[2026-03-19T11:37:51.447+0800][387.937s][info][gc,heap     ] GC(809) Humongous regions: 39->9
[2026-03-19T11:37:51.447+0800][387.937s][info][gc,metaspace] GC(809) Metaspace: 22911K(23232K)->22911K(23232K) NonClass: 20301K(20480K)->20301K(20480K) Class: 2610K(2752K)->2610K(2752K)
[2026-03-19T11:37:51.447+0800][387.937s][info][gc          ] GC(809) Pause Young (Concurrent Start) (G1 Humongous Allocation) 70M->27M(128M) 2.580ms
[2026-03-19T11:37:51.447+0800][387.937s][info][gc,cpu      ] GC(809) User=0.00s Sys=0.00s Real=0.00s
[2026-03-19T11:37:51.447+0800][387.937s][info][gc          ] GC(810) Concurrent Undo Cycle
[2026-03-19T11:37:51.447+0800][387.937s][info][gc,marking  ] GC(810) Concurrent Cleanup for Next Mark
[2026-03-19T11:37:51.448+0800][387.938s][info][gc,marking  ] GC(810) Concurrent Cleanup for Next Mark 0.372ms
[2026-03-19T11:37:51.449+0800][387.938s][info][gc          ] GC(810) Concurrent Undo Cycle 0.503ms
[2026-03-19T11:37:52.379+0800][388.869s][info][gc,start    ] GC(811) Pause Young (Concurrent Start) (G1 Humongous Allocation)
[2026-03-19T11:37:52.380+0800][388.869s][info][gc,task     ] GC(811) Using 3 workers of 13 for evacuation
[2026-03-19T11:37:52.381+0800][388.871s][info][gc,phases   ] GC(811)   Pre Evacuate Collection Set: 0.1ms
[2026-03-19T11:37:52.382+0800][388.871s][info][gc,phases   ] GC(811)   Merge Heap Roots: 0.1ms
[2026-03-19T11:37:52.382+0800][388.871s][info][gc,phases   ] GC(811)   Evacuate Collection Set: 0.8ms
[2026-03-19T11:37:52.382+0800][388.872s][info][gc,phases   ] GC(811)   Post Evacuate Collection Set: 0.6ms
[2026-03-19T11:37:52.382+0800][388.872s][info][gc,phases   ] GC(811)   Other: 0.4ms
[2026-03-19T11:37:52.382+0800][388.872s][info][gc,heap     ] GC(811) Eden regions: 13->0(74)
[2026-03-19T11:37:52.382+0800][388.872s][info][gc,heap     ] GC(811) Survivor regions: 2->2(10)
[2026-03-19T11:37:52.382+0800][388.872s][info][gc,heap     ] GC(811) Old regions: 18->18
[2026-03-19T11:37:52.382+0800][388.872s][info][gc,heap     ] GC(811) Archive regions: 0->0
[2026-03-19T11:37:52.382+0800][388.872s][info][gc,heap     ] GC(811) Humongous regions: 39->9
[2026-03-19T11:37:52.382+0800][388.872s][info][gc,metaspace] GC(811) Metaspace: 22911K(23232K)->22911K(23232K) NonClass: 20301K(20480K)->20301K(20480K) Class: 2610K(2752K)->2610K(2752K)
[2026-03-19T11:37:52.382+0800][388.872s][info][gc          ] GC(811) Pause Young (Concurrent Start) (G1 Humongous Allocation) 70M->27M(128M) 2.569ms
[2026-03-19T11:37:52.382+0800][388.872s][info][gc,cpu      ] GC(811) User=0.00s Sys=0.00s Real=0.00s
[2026-03-19T11:37:52.382+0800][388.872s][info][gc          ] GC(812) Concurrent Undo Cycle
[2026-03-19T11:37:52.382+0800][388.872s][info][gc,marking  ] GC(812) Concurrent Cleanup for Next Mark
[2026-03-19T11:37:52.383+0800][388.873s][info][gc,marking  ] GC(812) Concurrent Cleanup for Next Mark 0.389ms
[2026-03-19T11:37:52.383+0800][388.873s][info][gc          ] GC(812) Concurrent Undo Cycle 0.760ms
[2026-03-19T11:37:53.315+0800][389.804s][info][gc,start    ] GC(813) Pause Young (Concurrent Start) (G1 Humongous Allocation)
[2026-03-19T11:37:53.315+0800][389.804s][info][gc,task     ] GC(813) Using 3 workers of 13 for evacuation
[2026-03-19T11:37:53.316+0800][389.806s][info][gc,phases   ] GC(813)   Pre Evacuate Collection Set: 0.1ms
[2026-03-19T11:37:53.316+0800][389.806s][info][gc,phases   ] GC(813)   Merge Heap Roots: 0.1ms
[2026-03-19T11:37:53.316+0800][389.806s][info][gc,phases   ] GC(813)   Evacuate Collection Set: 0.7ms
[2026-03-19T11:37:53.317+0800][389.806s][info][gc,phases   ] GC(813)   Post Evacuate Collection Set: 0.5ms
[2026-03-19T11:37:53.317+0800][389.806s][info][gc,phases   ] GC(813)   Other: 0.3ms
[2026-03-19T11:37:53.317+0800][389.806s][info][gc,heap     ] GC(813) Eden regions: 13->0(74)
[2026-03-19T11:37:53.317+0800][389.806s][info][gc,heap     ] GC(813) Survivor regions: 2->2(10)
[2026-03-19T11:37:53.317+0800][389.806s][info][gc,heap     ] GC(813) Old regions: 18->18
[2026-03-19T11:37:53.317+0800][389.806s][info][gc,heap     ] GC(813) Archive regions: 0->0
[2026-03-19T11:37:53.317+0800][389.806s][info][gc,heap     ] GC(813) Humongous regions: 39->9
[2026-03-19T11:37:53.317+0800][389.806s][info][gc,metaspace] GC(813) Metaspace: 22911K(23232K)->22911K(23232K) NonClass: 20301K(20480K)->20301K(20480K) Class: 2610K(2752K)->2610K(2752K)
[2026-03-19T11:37:53.317+0800][389.807s][info][gc          ] GC(813) Pause Young (Concurrent Start) (G1 Humongous Allocation) 70M->27M(128M) 2.276ms
[2026-03-19T11:37:53.317+0800][389.807s][info][gc,cpu      ] GC(813) User=0.00s Sys=0.00s Real=0.00s
[2026-03-19T11:37:53.317+0800][389.807s][info][gc          ] GC(814) Concurrent Undo Cycle
[2026-03-19T11:37:53.317+0800][389.807s][info][gc,marking  ] GC(814) Concurrent Cleanup for Next Mark
[2026-03-19T11:37:53.317+0800][389.807s][info][gc,marking  ] GC(814) Concurrent Cleanup for Next Mark 0.211ms
[2026-03-19T11:37:53.317+0800][389.807s][info][gc          ] GC(814) Concurrent Undo Cycle 0.426ms
[2026-03-19T11:37:54.255+0800][390.744s][info][gc,start    ] GC(815) Pause Young (Concurrent Start) (G1 Humongous Allocation)
[2026-03-19T11:37:54.255+0800][390.745s][info][gc,task     ] GC(815) Using 3 workers of 13 for evacuation
[2026-03-19T11:37:54.256+0800][390.746s][info][gc,phases   ] GC(815)   Pre Evacuate Collection Set: 0.2ms
[2026-03-19T11:37:54.256+0800][390.746s][info][gc,phases   ] GC(815)   Merge Heap Roots: 0.1ms
[2026-03-19T11:37:54.256+0800][390.746s][info][gc,phases   ] GC(815)   Evacuate Collection Set: 0.5ms
[2026-03-19T11:37:54.256+0800][390.746s][info][gc,phases   ] GC(815)   Post Evacuate Collection Set: 0.7ms
[2026-03-19T11:37:54.256+0800][390.746s][info][gc,phases   ] GC(815)   Other: 0.2ms
[2026-03-19T11:37:54.257+0800][390.746s][info][gc,heap     ] GC(815) Eden regions: 12->0(74)
[2026-03-19T11:37:54.257+0800][390.746s][info][gc,heap     ] GC(815) Survivor regions: 2->2(10)
[2026-03-19T11:37:54.257+0800][390.746s][info][gc,heap     ] GC(815) Old regions: 18->18
[2026-03-19T11:37:54.257+0800][390.746s][info][gc,heap     ] GC(815) Archive regions: 0->0
[2026-03-19T11:37:54.257+0800][390.746s][info][gc,heap     ] GC(815) Humongous regions: 39->9
[2026-03-19T11:37:54.257+0800][390.746s][info][gc,metaspace] GC(815) Metaspace: 22911K(23232K)->22911K(23232K) NonClass: 20301K(20480K)->20301K(20480K) Class: 2610K(2752K)->2610K(2752K)
[2026-03-19T11:37:54.257+0800][390.746s][info][gc          ] GC(815) Pause Young (Concurrent Start) (G1 Humongous Allocation) 69M->27M(128M) 1.994ms
[2026-03-19T11:37:54.257+0800][390.746s][info][gc,cpu      ] GC(815) User=0.00s Sys=0.00s Real=0.00s
[2026-03-19T11:37:54.257+0800][390.746s][info][gc          ] GC(816) Concurrent Undo Cycle
[2026-03-19T11:37:54.257+0800][390.747s][info][gc,marking  ] GC(816) Concurrent Cleanup for Next Mark
[2026-03-19T11:37:54.257+0800][390.747s][info][gc,marking  ] GC(816) Concurrent Cleanup for Next Mark 0.190ms
[2026-03-19T11:37:54.257+0800][390.747s][info][gc          ] GC(816) Concurrent Undo Cycle 0.299ms
[2026-03-19T11:37:55.192+0800][391.682s][info][gc,start    ] GC(817) Pause Young (Concurrent Start) (G1 Humongous Allocation)
[2026-03-19T11:37:55.192+0800][391.682s][info][gc,task     ] GC(817) Using 3 workers of 13 for evacuation
[2026-03-19T11:37:55.195+0800][391.684s][info][gc,phases   ] GC(817)   Pre Evacuate Collection Set: 0.3ms
[2026-03-19T11:37:55.195+0800][391.685s][info][gc,phases   ] GC(817)   Merge Heap Roots: 0.2ms
[2026-03-19T11:37:55.195+0800][391.685s][info][gc,phases   ] GC(817)   Evacuate Collection Set: 0.8ms
[2026-03-19T11:37:55.195+0800][391.685s][info][gc,phases   ] GC(817)   Post Evacuate Collection Set: 1.0ms
[2026-03-19T11:37:55.195+0800][391.685s][info][gc,phases   ] GC(817)   Other: 0.5ms
[2026-03-19T11:37:55.195+0800][391.685s][info][gc,heap     ] GC(817) Eden regions: 12->0(74)
[2026-03-19T11:37:55.195+0800][391.685s][info][gc,heap     ] GC(817) Survivor regions: 2->2(10)
[2026-03-19T11:37:55.195+0800][391.685s][info][gc,heap     ] GC(817) Old regions: 18->18
[2026-03-19T11:37:55.195+0800][391.685s][info][gc,heap     ] GC(817) Archive regions: 0->0
[2026-03-19T11:37:55.195+0800][391.685s][info][gc,heap     ] GC(817) Humongous regions: 39->9
[2026-03-19T11:37:55.195+0800][391.685s][info][gc,metaspace] GC(817) Metaspace: 22911K(23232K)->22911K(23232K) NonClass: 20301K(20480K)->20301K(20480K) Class: 2610K(2752K)->2610K(2752K)
[2026-03-19T11:37:55.196+0800][391.685s][info][gc          ] GC(817) Pause Young (Concurrent Start) (G1 Humongous Allocation) 69M->27M(128M) 3.321ms
[2026-03-19T11:37:55.196+0800][391.685s][info][gc,cpu      ] GC(817) User=0.00s Sys=0.00s Real=0.00s
[2026-03-19T11:37:55.196+0800][391.685s][info][gc          ] GC(818) Concurrent Undo Cycle
[2026-03-19T11:37:55.196+0800][391.685s][info][gc,marking  ] GC(818) Concurrent Cleanup for Next Mark
[2026-03-19T11:37:55.196+0800][391.685s][info][gc,marking  ] GC(818) Concurrent Cleanup for Next Mark 0.304ms
[2026-03-19T11:37:55.196+0800][391.686s][info][gc          ] GC(818) Concurrent Undo Cycle 0.485ms
[2026-03-19T11:37:56.121+0800][392.611s][info][gc,start    ] GC(819) Pause Young (Concurrent Start) (G1 Humongous Allocation)
[2026-03-19T11:37:56.121+0800][392.611s][info][gc,task     ] GC(819) Using 3 workers of 13 for evacuation
[2026-03-19T11:37:56.122+0800][392.612s][info][gc,phases   ] GC(819)   Pre Evacuate Collection Set: 0.2ms
[2026-03-19T11:37:56.122+0800][392.612s][info][gc,phases   ] GC(819)   Merge Heap Roots: 0.1ms
[2026-03-19T11:37:56.122+0800][392.612s][info][gc,phases   ] GC(819)   Evacuate Collection Set: 0.4ms
[2026-03-19T11:37:56.122+0800][392.612s][info][gc,phases   ] GC(819)   Post Evacuate Collection Set: 0.4ms
[2026-03-19T11:37:56.122+0800][392.612s][info][gc,phases   ] GC(819)   Other: 0.2ms
[2026-03-19T11:37:56.122+0800][392.612s][info][gc,heap     ] GC(819) Eden regions: 13->0(74)
[2026-03-19T11:37:56.122+0800][392.612s][info][gc,heap     ] GC(819) Survivor regions: 2->2(10)
[2026-03-19T11:37:56.122+0800][392.612s][info][gc,heap     ] GC(819) Old regions: 18->18
[2026-03-19T11:37:56.122+0800][392.612s][info][gc,heap     ] GC(819) Archive regions: 0->0
[2026-03-19T11:37:56.122+0800][392.612s][info][gc,heap     ] GC(819) Humongous regions: 39->9
[2026-03-19T11:37:56.122+0800][392.612s][info][gc,metaspace] GC(819) Metaspace: 22911K(23232K)->22911K(23232K) NonClass: 20301K(20480K)->20301K(20480K) Class: 2610K(2752K)->2610K(2752K)
[2026-03-19T11:37:56.122+0800][392.612s][info][gc          ] GC(819) Pause Young (Concurrent Start) (G1 Humongous Allocation) 70M->27M(128M) 1.531ms
[2026-03-19T11:37:56.122+0800][392.612s][info][gc,cpu      ] GC(819) User=0.00s Sys=0.00s Real=0.00s
[2026-03-19T11:37:56.122+0800][392.612s][info][gc          ] GC(820) Concurrent Undo Cycle
[2026-03-19T11:37:56.122+0800][392.612s][info][gc,marking  ] GC(820) Concurrent Cleanup for Next Mark
[2026-03-19T11:37:56.123+0800][392.613s][info][gc,marking  ] GC(820) Concurrent Cleanup for Next Mark 0.249ms
[2026-03-19T11:37:56.123+0800][392.613s][info][gc          ] GC(820) Concurrent Undo Cycle 0.386ms
[2026-03-19T11:37:57.063+0800][393.552s][info][gc,start    ] GC(821) Pause Young (Concurrent Start) (G1 Humongous Allocation)
[2026-03-19T11:37:57.063+0800][393.552s][info][gc,task     ] GC(821) Using 3 workers of 13 for evacuation
[2026-03-19T11:37:57.065+0800][393.554s][info][gc,phases   ] GC(821)   Pre Evacuate Collection Set: 0.3ms
[2026-03-19T11:37:57.065+0800][393.554s][info][gc,phases   ] GC(821)   Merge Heap Roots: 0.3ms
[2026-03-19T11:37:57.065+0800][393.554s][info][gc,phases   ] GC(821)   Evacuate Collection Set: 0.6ms
[2026-03-19T11:37:57.065+0800][393.554s][info][gc,phases   ] GC(821)   Post Evacuate Collection Set: 1.0ms
[2026-03-19T11:37:57.065+0800][393.554s][info][gc,phases   ] GC(821)   Other: 0.2ms
[2026-03-19T11:37:57.065+0800][393.554s][info][gc,heap     ] GC(821) Eden regions: 13->0(74)
[2026-03-19T11:37:57.065+0800][393.554s][info][gc,heap     ] GC(821) Survivor regions: 2->2(10)
[2026-03-19T11:37:57.065+0800][393.554s][info][gc,heap     ] GC(821) Old regions: 18->18
[2026-03-19T11:37:57.065+0800][393.554s][info][gc,heap     ] GC(821) Archive regions: 0->0
[2026-03-19T11:37:57.065+0800][393.554s][info][gc,heap     ] GC(821) Humongous regions: 39->9
[2026-03-19T11:37:57.065+0800][393.554s][info][gc,metaspace] GC(821) Metaspace: 22911K(23232K)->22911K(23232K) NonClass: 20301K(20480K)->20301K(20480K) Class: 2610K(2752K)->2610K(2752K)
[2026-03-19T11:37:57.065+0800][393.554s][info][gc          ] GC(821) Pause Young (Concurrent Start) (G1 Humongous Allocation) 70M->27M(128M) 2.545ms
[2026-03-19T11:37:57.065+0800][393.554s][info][gc,cpu      ] GC(821) User=0.00s Sys=0.00s Real=0.00s
[2026-03-19T11:37:57.065+0800][393.555s][info][gc          ] GC(822) Concurrent Undo Cycle
[2026-03-19T11:37:57.065+0800][393.555s][info][gc,marking  ] GC(822) Concurrent Cleanup for Next Mark
[2026-03-19T11:37:57.066+0800][393.555s][info][gc,marking  ] GC(822) Concurrent Cleanup for Next Mark 0.560ms
[2026-03-19T11:37:57.066+0800][393.556s][info][gc          ] GC(822) Concurrent Undo Cycle 0.862ms
[2026-03-19T11:37:58.004+0800][394.493s][info][gc,start    ] GC(823) Pause Young (Concurrent Start) (G1 Humongous Allocation)
[2026-03-19T11:37:58.005+0800][394.494s][info][gc,task     ] GC(823) Using 3 workers of 13 for evacuation
[2026-03-19T11:37:58.007+0800][394.496s][info][gc,phases   ] GC(823)   Pre Evacuate Collection Set: 0.3ms
[2026-03-19T11:37:58.007+0800][394.496s][info][gc,phases   ] GC(823)   Merge Heap Roots: 0.2ms
[2026-03-19T11:37:58.007+0800][394.496s][info][gc,phases   ] GC(823)   Evacuate Collection Set: 0.8ms
[2026-03-19T11:37:58.007+0800][394.496s][info][gc,phases   ] GC(823)   Post Evacuate Collection Set: 1.0ms
[2026-03-19T11:37:58.007+0800][394.496s][info][gc,phases   ] GC(823)   Other: 0.4ms
[2026-03-19T11:37:58.007+0800][394.496s][info][gc,heap     ] GC(823) Eden regions: 13->0(74)
[2026-03-19T11:37:58.007+0800][394.497s][info][gc,heap     ] GC(823) Survivor regions: 2->2(10)
[2026-03-19T11:37:58.008+0800][394.497s][info][gc,heap     ] GC(823) Old regions: 18->18
[2026-03-19T11:37:58.008+0800][394.497s][info][gc,heap     ] GC(823) Archive regions: 0->0
[2026-03-19T11:37:58.008+0800][394.497s][info][gc,heap     ] GC(823) Humongous regions: 39->9
[2026-03-19T11:37:58.008+0800][394.497s][info][gc,metaspace] GC(823) Metaspace: 22911K(23232K)->22911K(23232K) NonClass: 20301K(20480K)->20301K(20480K) Class: 2610K(2752K)->2610K(2752K)
[2026-03-19T11:37:58.008+0800][394.497s][info][gc          ] GC(823) Pause Young (Concurrent Start) (G1 Humongous Allocation) 70M->27M(128M) 3.288ms
[2026-03-19T11:37:58.008+0800][394.497s][info][gc,cpu      ] GC(823) User=0.00s Sys=0.00s Real=0.00s
[2026-03-19T11:37:58.008+0800][394.497s][info][gc          ] GC(824) Concurrent Undo Cycle
[2026-03-19T11:37:58.008+0800][394.497s][info][gc,marking  ] GC(824) Concurrent Cleanup for Next Mark
[2026-03-19T11:37:58.009+0800][394.498s][info][gc,marking  ] GC(824) Concurrent Cleanup for Next Mark 0.381ms
[2026-03-19T11:37:58.009+0800][394.498s][info][gc          ] GC(824) Concurrent Undo Cycle 0.681ms
[2026-03-19T11:37:58.943+0800][395.433s][info][gc,start    ] GC(825) Pause Young (Concurrent Start) (G1 Humongous Allocation)
[2026-03-19T11:37:58.943+0800][395.433s][info][gc,task     ] GC(825) Using 3 workers of 13 for evacuation
[2026-03-19T11:37:58.945+0800][395.434s][info][gc,phases   ] GC(825)   Pre Evacuate Collection Set: 0.3ms
[2026-03-19T11:37:58.945+0800][395.435s][info][gc,phases   ] GC(825)   Merge Heap Roots: 0.1ms
[2026-03-19T11:37:58.945+0800][395.435s][info][gc,phases   ] GC(825)   Evacuate Collection Set: 0.8ms
[2026-03-19T11:37:58.945+0800][395.435s][info][gc,phases   ] GC(825)   Post Evacuate Collection Set: 0.5ms
[2026-03-19T11:37:58.945+0800][395.435s][info][gc,phases   ] GC(825)   Other: 0.2ms
[2026-03-19T11:37:58.945+0800][395.435s][info][gc,heap     ] GC(825) Eden regions: 13->0(74)
[2026-03-19T11:37:58.945+0800][395.435s][info][gc,heap     ] GC(825) Survivor regions: 2->2(10)
[2026-03-19T11:37:58.945+0800][395.435s][info][gc,heap     ] GC(825) Old regions: 18->18
[2026-03-19T11:37:58.945+0800][395.435s][info][gc,heap     ] GC(825) Archive regions: 0->0
[2026-03-19T11:37:58.945+0800][395.435s][info][gc,heap     ] GC(825) Humongous regions: 39->9
[2026-03-19T11:37:58.946+0800][395.435s][info][gc,metaspace] GC(825) Metaspace: 22911K(23232K)->22911K(23232K) NonClass: 20301K(20480K)->20301K(20480K) Class: 2610K(2752K)->2610K(2752K)
[2026-03-19T11:37:58.946+0800][395.435s][info][gc          ] GC(825) Pause Young (Concurrent Start) (G1 Humongous Allocation) 70M->27M(128M) 2.616ms
[2026-03-19T11:37:58.946+0800][395.435s][info][gc,cpu      ] GC(825) User=0.00s Sys=0.00s Real=0.00s
[2026-03-19T11:37:58.946+0800][395.435s][info][gc          ] GC(826) Concurrent Undo Cycle
[2026-03-19T11:37:58.946+0800][395.435s][info][gc,marking  ] GC(826) Concurrent Cleanup for Next Mark
[2026-03-19T11:37:58.946+0800][395.436s][info][gc,marking  ] GC(826) Concurrent Cleanup for Next Mark 0.240ms
[2026-03-19T11:37:58.946+0800][395.436s][info][gc          ] GC(826) Concurrent Undo Cycle 0.376ms
[2026-03-19T11:37:59.879+0800][396.369s][info][gc,start    ] GC(827) Pause Young (Concurrent Start) (G1 Humongous Allocation)
[2026-03-19T11:37:59.879+0800][396.369s][info][gc,task     ] GC(827) Using 3 workers of 13 for evacuation
[2026-03-19T11:37:59.881+0800][396.371s][info][gc,phases   ] GC(827)   Pre Evacuate Collection Set: 0.3ms
[2026-03-19T11:37:59.883+0800][396.372s][info][gc,phases   ] GC(827)   Merge Heap Roots: 0.2ms
[2026-03-19T11:37:59.883+0800][396.372s][info][gc,phases   ] GC(827)   Evacuate Collection Set: 0.7ms
[2026-03-19T11:37:59.883+0800][396.372s][info][gc,phases   ] GC(827)   Post Evacuate Collection Set: 1.0ms
[2026-03-19T11:37:59.883+0800][396.372s][info][gc,phases   ] GC(827)   Other: 0.3ms
[2026-03-19T11:37:59.883+0800][396.372s][info][gc,heap     ] GC(827) Eden regions: 13->0(74)
[2026-03-19T11:37:59.883+0800][396.372s][info][gc,heap     ] GC(827) Survivor regions: 2->2(10)
[2026-03-19T11:37:59.883+0800][396.372s][info][gc,heap     ] GC(827) Old regions: 18->18
[2026-03-19T11:37:59.883+0800][396.372s][info][gc,heap     ] GC(827) Archive regions: 0->0
[2026-03-19T11:37:59.883+0800][396.372s][info][gc,heap     ] GC(827) Humongous regions: 39->9
[2026-03-19T11:37:59.883+0800][396.372s][info][gc,metaspace] GC(827) Metaspace: 22911K(23232K)->22911K(23232K) NonClass: 20301K(20480K)->20301K(20480K) Class: 2610K(2752K)->2610K(2752K)
[2026-03-19T11:37:59.883+0800][396.372s][info][gc          ] GC(827) Pause Young (Concurrent Start) (G1 Humongous Allocation) 70M->27M(128M) 2.979ms
[2026-03-19T11:37:59.883+0800][396.372s][info][gc,cpu      ] GC(827) User=0.00s Sys=0.00s Real=0.00s
[2026-03-19T11:37:59.883+0800][396.372s][info][gc          ] GC(828) Concurrent Undo Cycle
[2026-03-19T11:37:59.883+0800][396.372s][info][gc,marking  ] GC(828) Concurrent Cleanup for Next Mark
[2026-03-19T11:37:59.883+0800][396.372s][info][gc,marking  ] GC(828) Concurrent Cleanup for Next Mark 0.298ms
[2026-03-19T11:37:59.883+0800][396.373s][info][gc          ] GC(828) Concurrent Undo Cycle 0.507ms
[2026-03-19T11:38:00.817+0800][397.306s][info][gc,start    ] GC(829) Pause Young (Concurrent Start) (G1 Humongous Allocation)
[2026-03-19T11:38:00.817+0800][397.306s][info][gc,task     ] GC(829) Using 3 workers of 13 for evacuation
[2026-03-19T11:38:00.817+0800][397.308s][info][gc,phases   ] GC(829)   Pre Evacuate Collection Set: 0.1ms
[2026-03-19T11:38:00.817+0800][397.308s][info][gc,phases   ] GC(829)   Merge Heap Roots: 0.1ms
[2026-03-19T11:38:00.817+0800][397.308s][info][gc,phases   ] GC(829)   Evacuate Collection Set: 0.5ms
[2026-03-19T11:38:00.817+0800][397.308s][info][gc,phases   ] GC(829)   Post Evacuate Collection Set: 0.3ms
[2026-03-19T11:38:00.817+0800][397.308s][info][gc,phases   ] GC(829)   Other: 0.3ms
[2026-03-19T11:38:00.819+0800][397.308s][info][gc,heap     ] GC(829) Eden regions: 13->0(74)
[2026-03-19T11:38:00.819+0800][397.308s][info][gc,heap     ] GC(829) Survivor regions: 2->2(10)
[2026-03-19T11:38:00.819+0800][397.308s][info][gc,heap     ] GC(829) Old regions: 18->18
[2026-03-19T11:38:00.819+0800][397.308s][info][gc,heap     ] GC(829) Archive regions: 0->0
[2026-03-19T11:38:00.819+0800][397.308s][info][gc,heap     ] GC(829) Humongous regions: 39->9
[2026-03-19T11:38:00.819+0800][397.308s][info][gc,metaspace] GC(829) Metaspace: 22911K(23232K)->22911K(23232K) NonClass: 20301K(20480K)->20301K(20480K) Class: 2610K(2752K)->2610K(2752K)
[2026-03-19T11:38:00.819+0800][397.308s][info][gc          ] GC(829) Pause Young (Concurrent Start) (G1 Humongous Allocation) 70M->27M(128M) 1.661ms
[2026-03-19T11:38:00.819+0800][397.308s][info][gc,cpu      ] GC(829) User=0.00s Sys=0.00s Real=0.00s
[2026-03-19T11:38:00.819+0800][397.308s][info][gc          ] GC(830) Concurrent Undo Cycle
[2026-03-19T11:38:00.819+0800][397.308s][info][gc,marking  ] GC(830) Concurrent Cleanup for Next Mark
[2026-03-19T11:38:00.819+0800][397.308s][info][gc,marking  ] GC(830) Concurrent Cleanup for Next Mark 0.194ms
[2026-03-19T11:38:00.819+0800][397.308s][info][gc          ] GC(830) Concurrent Undo Cycle 0.344ms
[2026-03-19T11:38:01.750+0800][398.240s][info][gc,start    ] GC(831) Pause Young (Concurrent Start) (G1 Humongous Allocation)
[2026-03-19T11:38:01.750+0800][398.240s][info][gc,task     ] GC(831) Using 3 workers of 13 for evacuation
[2026-03-19T11:38:01.752+0800][398.241s][info][gc,phases   ] GC(831)   Pre Evacuate Collection Set: 0.2ms
[2026-03-19T11:38:01.752+0800][398.242s][info][gc,phases   ] GC(831)   Merge Heap Roots: 0.1ms
[2026-03-19T11:38:01.752+0800][398.242s][info][gc,phases   ] GC(831)   Evacuate Collection Set: 0.6ms
[2026-03-19T11:38:01.752+0800][398.242s][info][gc,phases   ] GC(831)   Post Evacuate Collection Set: 0.4ms
[2026-03-19T11:38:01.752+0800][398.242s][info][gc,phases   ] GC(831)   Other: 0.3ms
[2026-03-19T11:38:01.752+0800][398.242s][info][gc,heap     ] GC(831) Eden regions: 13->0(74)
[2026-03-19T11:38:01.752+0800][398.242s][info][gc,heap     ] GC(831) Survivor regions: 2->2(10)
[2026-03-19T11:38:01.752+0800][398.242s][info][gc,heap     ] GC(831) Old regions: 18->18
[2026-03-19T11:38:01.752+0800][398.242s][info][gc,heap     ] GC(831) Archive regions: 0->0
[2026-03-19T11:38:01.752+0800][398.242s][info][gc,heap     ] GC(831) Humongous regions: 39->9
[2026-03-19T11:38:01.752+0800][398.242s][info][gc,metaspace] GC(831) Metaspace: 22911K(23232K)->22911K(23232K) NonClass: 20301K(20480K)->20301K(20480K) Class: 2610K(2752K)->2610K(2752K)
[2026-03-19T11:38:01.752+0800][398.242s][info][gc          ] GC(831) Pause Young (Concurrent Start) (G1 Humongous Allocation) 70M->27M(128M) 2.079ms
[2026-03-19T11:38:01.752+0800][398.242s][info][gc,cpu      ] GC(831) User=0.00s Sys=0.00s Real=0.00s
[2026-03-19T11:38:01.752+0800][398.242s][info][gc          ] GC(832) Concurrent Undo Cycle
[2026-03-19T11:38:01.752+0800][398.242s][info][gc,marking  ] GC(832) Concurrent Cleanup for Next Mark
[2026-03-19T11:38:01.752+0800][398.242s][info][gc,marking  ] GC(832) Concurrent Cleanup for Next Mark 0.340ms
[2026-03-19T11:38:01.753+0800][398.242s][info][gc          ] GC(832) Concurrent Undo Cycle 0.564ms
[2026-03-19T11:38:02.691+0800][399.180s][info][gc,start    ] GC(833) Pause Young (Concurrent Start) (G1 Humongous Allocation)
[2026-03-19T11:38:02.691+0800][399.180s][info][gc,task     ] GC(833) Using 3 workers of 13 for evacuation
[2026-03-19T11:38:02.693+0800][399.182s][info][gc,phases   ] GC(833)   Pre Evacuate Collection Set: 0.3ms
[2026-03-19T11:38:02.693+0800][399.182s][info][gc,phases   ] GC(833)   Merge Heap Roots: 0.3ms
[2026-03-19T11:38:02.693+0800][399.182s][info][gc,phases   ] GC(833)   Evacuate Collection Set: 0.6ms
[2026-03-19T11:38:02.693+0800][399.182s][info][gc,phases   ] GC(833)   Post Evacuate Collection Set: 0.5ms
[2026-03-19T11:38:02.693+0800][399.182s][info][gc,phases   ] GC(833)   Other: 0.4ms
[2026-03-19T11:38:02.693+0800][399.182s][info][gc,heap     ] GC(833) Eden regions: 12->0(74)
[2026-03-19T11:38:02.693+0800][399.182s][info][gc,heap     ] GC(833) Survivor regions: 2->2(10)
[2026-03-19T11:38:02.693+0800][399.182s][info][gc,heap     ] GC(833) Old regions: 18->18
[2026-03-19T11:38:02.693+0800][399.182s][info][gc,heap     ] GC(833) Archive regions: 0->0
[2026-03-19T11:38:02.693+0800][399.182s][info][gc,heap     ] GC(833) Humongous regions: 39->9
[2026-03-19T11:38:02.693+0800][399.182s][info][gc,metaspace] GC(833) Metaspace: 22911K(23232K)->22911K(23232K) NonClass: 20301K(20480K)->20301K(20480K) Class: 2610K(2752K)->2610K(2752K)
[2026-03-19T11:38:02.693+0800][399.182s][info][gc          ] GC(833) Pause Young (Concurrent Start) (G1 Humongous Allocation) 69M->27M(128M) 2.229ms
[2026-03-19T11:38:02.693+0800][399.182s][info][gc,cpu      ] GC(833) User=0.00s Sys=0.00s Real=0.00s
[2026-03-19T11:38:02.693+0800][399.182s][info][gc          ] GC(834) Concurrent Undo Cycle
[2026-03-19T11:38:02.693+0800][399.182s][info][gc,marking  ] GC(834) Concurrent Cleanup for Next Mark
[2026-03-19T11:38:02.693+0800][399.182s][info][gc,marking  ] GC(834) Concurrent Cleanup for Next Mark 0.226ms
[2026-03-19T11:38:02.693+0800][399.182s][info][gc          ] GC(834) Concurrent Undo Cycle 0.339ms
[2026-03-19T11:38:03.637+0800][400.127s][info][gc,start    ] GC(835) Pause Young (Concurrent Start) (G1 Humongous Allocation)
[2026-03-19T11:38:03.639+0800][400.128s][info][gc,task     ] GC(835) Using 3 workers of 13 for evacuation
[2026-03-19T11:38:03.641+0800][400.130s][info][gc,phases   ] GC(835)   Pre Evacuate Collection Set: 0.1ms
[2026-03-19T11:38:03.641+0800][400.130s][info][gc,phases   ] GC(835)   Merge Heap Roots: 0.1ms
[2026-03-19T11:38:03.641+0800][400.130s][info][gc,phases   ] GC(835)   Evacuate Collection Set: 0.9ms
[2026-03-19T11:38:03.641+0800][400.130s][info][gc,phases   ] GC(835)   Post Evacuate Collection Set: 0.6ms
[2026-03-19T11:38:03.641+0800][400.130s][info][gc,phases   ] GC(835)   Other: 0.6ms
[2026-03-19T11:38:03.641+0800][400.130s][info][gc,heap     ] GC(835) Eden regions: 12->0(74)
[2026-03-19T11:38:03.641+0800][400.131s][info][gc,heap     ] GC(835) Survivor regions: 2->2(10)
[2026-03-19T11:38:03.641+0800][400.131s][info][gc,heap     ] GC(835) Old regions: 18->18
[2026-03-19T11:38:03.642+0800][400.131s][info][gc,heap     ] GC(835) Archive regions: 0->0
[2026-03-19T11:38:03.642+0800][400.131s][info][gc,heap     ] GC(835) Humongous regions: 39->9
[2026-03-19T11:38:03.642+0800][400.131s][info][gc,metaspace] GC(835) Metaspace: 22911K(23232K)->22911K(23232K) NonClass: 20301K(20480K)->20301K(20480K) Class: 2610K(2752K)->2610K(2752K)
[2026-03-19T11:38:03.642+0800][400.131s][info][gc          ] GC(835) Pause Young (Concurrent Start) (G1 Humongous Allocation) 69M->27M(128M) 3.339ms
[2026-03-19T11:38:03.642+0800][400.131s][info][gc,cpu      ] GC(835) User=0.00s Sys=0.00s Real=0.00s
[2026-03-19T11:38:03.642+0800][400.131s][info][gc          ] GC(836) Concurrent Undo Cycle
[2026-03-19T11:38:03.642+0800][400.131s][info][gc,marking  ] GC(836) Concurrent Cleanup for Next Mark
[2026-03-19T11:38:03.643+0800][400.132s][info][gc,marking  ] GC(836) Concurrent Cleanup for Next Mark 0.535ms
[2026-03-19T11:38:03.643+0800][400.132s][info][gc          ] GC(836) Concurrent Undo Cycle 0.951ms
[2026-03-19T11:38:04.577+0800][401.066s][info][gc,start    ] GC(837) Pause Young (Concurrent Start) (G1 Humongous Allocation)
[2026-03-19T11:38:04.577+0800][401.066s][info][gc,task     ] GC(837) Using 3 workers of 13 for evacuation
[2026-03-19T11:38:04.579+0800][401.068s][info][gc,phases   ] GC(837)   Pre Evacuate Collection Set: 0.2ms
[2026-03-19T11:38:04.579+0800][401.068s][info][gc,phases   ] GC(837)   Merge Heap Roots: 0.1ms
[2026-03-19T11:38:04.579+0800][401.068s][info][gc,phases   ] GC(837)   Evacuate Collection Set: 0.7ms
[2026-03-19T11:38:04.579+0800][401.068s][info][gc,phases   ] GC(837)   Post Evacuate Collection Set: 0.3ms
[2026-03-19T11:38:04.579+0800][401.068s][info][gc,phases   ] GC(837)   Other: 0.4ms
[2026-03-19T11:38:04.579+0800][401.068s][info][gc,heap     ] GC(837) Eden regions: 12->0(74)
[2026-03-19T11:38:04.579+0800][401.068s][info][gc,heap     ] GC(837) Survivor regions: 2->2(10)
[2026-03-19T11:38:04.579+0800][401.068s][info][gc,heap     ] GC(837) Old regions: 18->18
[2026-03-19T11:38:04.579+0800][401.068s][info][gc,heap     ] GC(837) Archive regions: 0->0
[2026-03-19T11:38:04.579+0800][401.068s][info][gc,heap     ] GC(837) Humongous regions: 39->9
[2026-03-19T11:38:04.579+0800][401.068s][info][gc,metaspace] GC(837) Metaspace: 22911K(23232K)->22911K(23232K) NonClass: 20301K(20480K)->20301K(20480K) Class: 2610K(2752K)->2610K(2752K)
[2026-03-19T11:38:04.579+0800][401.068s][info][gc          ] GC(837) Pause Young (Concurrent Start) (G1 Humongous Allocation) 69M->27M(128M) 1.944ms
[2026-03-19T11:38:04.579+0800][401.068s][info][gc,cpu      ] GC(837) User=0.00s Sys=0.00s Real=0.00s
[2026-03-19T11:38:04.579+0800][401.068s][info][gc          ] GC(838) Concurrent Undo Cycle
[2026-03-19T11:38:04.579+0800][401.068s][info][gc,marking  ] GC(838) Concurrent Cleanup for Next Mark
[2026-03-19T11:38:04.580+0800][401.069s][info][gc,marking  ] GC(838) Concurrent Cleanup for Next Mark 0.225ms
[2026-03-19T11:38:04.580+0800][401.069s][info][gc          ] GC(838) Concurrent Undo Cycle 0.423ms
[2026-03-19T11:38:05.544+0800][402.034s][info][gc,start    ] GC(839) Pause Young (Concurrent Start) (G1 Humongous Allocation)
[2026-03-19T11:38:05.544+0800][402.034s][info][gc,task     ] GC(839) Using 3 workers of 13 for evacuation
[2026-03-19T11:38:05.546+0800][402.035s][info][gc,phases   ] GC(839)   Pre Evacuate Collection Set: 0.1ms
[2026-03-19T11:38:05.546+0800][402.036s][info][gc,phases   ] GC(839)   Merge Heap Roots: 0.0ms
[2026-03-19T11:38:05.546+0800][402.036s][info][gc,phases   ] GC(839)   Evacuate Collection Set: 0.8ms
[2026-03-19T11:38:05.546+0800][402.036s][info][gc,phases   ] GC(839)   Post Evacuate Collection Set: 0.3ms
[2026-03-19T11:38:05.546+0800][402.036s][info][gc,phases   ] GC(839)   Other: 0.6ms
[2026-03-19T11:38:05.546+0800][402.036s][info][gc,heap     ] GC(839) Eden regions: 13->0(74)
[2026-03-19T11:38:05.546+0800][402.036s][info][gc,heap     ] GC(839) Survivor regions: 2->2(10)
[2026-03-19T11:38:05.546+0800][402.036s][info][gc,heap     ] GC(839) Old regions: 18->18
[2026-03-19T11:38:05.547+0800][402.036s][info][gc,heap     ] GC(839) Archive regions: 0->0
[2026-03-19T11:38:05.547+0800][402.036s][info][gc,heap     ] GC(839) Humongous regions: 39->9
[2026-03-19T11:38:05.547+0800][402.036s][info][gc,metaspace] GC(839) Metaspace: 22911K(23232K)->22911K(23232K) NonClass: 20301K(20480K)->20301K(20480K) Class: 2610K(2752K)->2610K(2752K)
[2026-03-19T11:38:05.547+0800][402.036s][info][gc          ] GC(839) Pause Young (Concurrent Start) (G1 Humongous Allocation) 70M->27M(128M) 2.583ms
[2026-03-19T11:38:05.547+0800][402.036s][info][gc,cpu      ] GC(839) User=0.00s Sys=0.00s Real=0.00s
[2026-03-19T11:38:05.547+0800][402.036s][info][gc          ] GC(840) Concurrent Undo Cycle
[2026-03-19T11:38:05.547+0800][402.037s][info][gc,marking  ] GC(840) Concurrent Cleanup for Next Mark
[2026-03-19T11:38:05.547+0800][402.037s][info][gc,marking  ] GC(840) Concurrent Cleanup for Next Mark 0.357ms
[2026-03-19T11:38:05.547+0800][402.037s][info][gc          ] GC(840) Concurrent Undo Cycle 0.630ms
[2026-03-19T11:38:06.489+0800][402.979s][info][gc,start    ] GC(841) Pause Young (Concurrent Start) (G1 Humongous Allocation)
[2026-03-19T11:38:06.490+0800][402.979s][info][gc,task     ] GC(841) Using 3 workers of 13 for evacuation
[2026-03-19T11:38:06.491+0800][402.980s][info][gc,phases   ] GC(841)   Pre Evacuate Collection Set: 0.1ms
[2026-03-19T11:38:06.491+0800][402.980s][info][gc,phases   ] GC(841)   Merge Heap Roots: 0.1ms
[2026-03-19T11:38:06.491+0800][402.980s][info][gc,phases   ] GC(841)   Evacuate Collection Set: 0.5ms
[2026-03-19T11:38:06.491+0800][402.980s][info][gc,phases   ] GC(841)   Post Evacuate Collection Set: 0.3ms
[2026-03-19T11:38:06.491+0800][402.980s][info][gc,phases   ] GC(841)   Other: 0.4ms
[2026-03-19T11:38:06.491+0800][402.980s][info][gc,heap     ] GC(841) Eden regions: 13->0(74)
[2026-03-19T11:38:06.491+0800][402.980s][info][gc,heap     ] GC(841) Survivor regions: 2->2(10)
[2026-03-19T11:38:06.491+0800][402.980s][info][gc,heap     ] GC(841) Old regions: 18->18
[2026-03-19T11:38:06.491+0800][402.980s][info][gc,heap     ] GC(841) Archive regions: 0->0
[2026-03-19T11:38:06.491+0800][402.981s][info][gc,heap     ] GC(841) Humongous regions: 39->9
[2026-03-19T11:38:06.491+0800][402.981s][info][gc,metaspace] GC(841) Metaspace: 22911K(23232K)->22911K(23232K) NonClass: 20301K(20480K)->20301K(20480K) Class: 2610K(2752K)->2610K(2752K)
[2026-03-19T11:38:06.491+0800][402.981s][info][gc          ] GC(841) Pause Young (Concurrent Start) (G1 Humongous Allocation) 70M->27M(128M) 1.931ms
[2026-03-19T11:38:06.491+0800][402.981s][info][gc,cpu      ] GC(841) User=0.00s Sys=0.00s Real=0.00s
[2026-03-19T11:38:06.491+0800][402.981s][info][gc          ] GC(842) Concurrent Undo Cycle
[2026-03-19T11:38:06.492+0800][402.981s][info][gc,marking  ] GC(842) Concurrent Cleanup for Next Mark
[2026-03-19T11:38:06.492+0800][402.981s][info][gc,marking  ] GC(842) Concurrent Cleanup for Next Mark 0.301ms
[2026-03-19T11:38:06.492+0800][402.981s][info][gc          ] GC(842) Concurrent Undo Cycle 0.500ms
[2026-03-19T11:38:07.428+0800][403.917s][info][gc,start    ] GC(843) Pause Young (Concurrent Start) (G1 Humongous Allocation)
[2026-03-19T11:38:07.428+0800][403.917s][info][gc,task     ] GC(843) Using 3 workers of 13 for evacuation
[2026-03-19T11:38:07.430+0800][403.920s][info][gc,phases   ] GC(843)   Pre Evacuate Collection Set: 0.2ms
[2026-03-19T11:38:07.430+0800][403.920s][info][gc,phases   ] GC(843)   Merge Heap Roots: 0.2ms
[2026-03-19T11:38:07.430+0800][403.920s][info][gc,phases   ] GC(843)   Evacuate Collection Set: 1.1ms
[2026-03-19T11:38:07.430+0800][403.920s][info][gc,phases   ] GC(843)   Post Evacuate Collection Set: 0.5ms
[2026-03-19T11:38:07.430+0800][403.920s][info][gc,phases   ] GC(843)   Other: 0.6ms
[2026-03-19T11:38:07.430+0800][403.920s][info][gc,heap     ] GC(843) Eden regions: 13->0(74)
[2026-03-19T11:38:07.430+0800][403.920s][info][gc,heap     ] GC(843) Survivor regions: 2->2(10)
[2026-03-19T11:38:07.430+0800][403.920s][info][gc,heap     ] GC(843) Old regions: 18->18
[2026-03-19T11:38:07.430+0800][403.920s][info][gc,heap     ] GC(843) Archive regions: 0->0
[2026-03-19T11:38:07.430+0800][403.920s][info][gc,heap     ] GC(843) Humongous regions: 39->9
[2026-03-19T11:38:07.430+0800][403.920s][info][gc,metaspace] GC(843) Metaspace: 22911K(23232K)->22911K(23232K) NonClass: 20301K(20480K)->20301K(20480K) Class: 2610K(2752K)->2610K(2752K)
[2026-03-19T11:38:07.431+0800][403.920s][info][gc          ] GC(843) Pause Young (Concurrent Start) (G1 Humongous Allocation) 70M->27M(128M) 3.100ms
[2026-03-19T11:38:07.431+0800][403.920s][info][gc,cpu      ] GC(843) User=0.00s Sys=0.00s Real=0.00s
[2026-03-19T11:38:07.431+0800][403.920s][info][gc          ] GC(844) Concurrent Undo Cycle
[2026-03-19T11:38:07.431+0800][403.921s][info][gc,marking  ] GC(844) Concurrent Cleanup for Next Mark
[2026-03-19T11:38:07.431+0800][403.921s][info][gc,marking  ] GC(844) Concurrent Cleanup for Next Mark 0.293ms
[2026-03-19T11:38:07.431+0800][403.921s][info][gc          ] GC(844) Concurrent Undo Cycle 0.612ms
[2026-03-19T11:38:08.365+0800][404.854s][info][gc,start    ] GC(845) Pause Young (Concurrent Start) (G1 Humongous Allocation)
[2026-03-19T11:38:08.365+0800][404.854s][info][gc,task     ] GC(845) Using 3 workers of 13 for evacuation
[2026-03-19T11:38:08.366+0800][404.856s][info][gc,phases   ] GC(845)   Pre Evacuate Collection Set: 0.1ms
[2026-03-19T11:38:08.366+0800][404.856s][info][gc,phases   ] GC(845)   Merge Heap Roots: 0.1ms
[2026-03-19T11:38:08.366+0800][404.856s][info][gc,phases   ] GC(845)   Evacuate Collection Set: 0.7ms
[2026-03-19T11:38:08.366+0800][404.856s][info][gc,phases   ] GC(845)   Post Evacuate Collection Set: 0.5ms
[2026-03-19T11:38:08.366+0800][404.856s][info][gc,phases   ] GC(845)   Other: 0.3ms
[2026-03-19T11:38:08.366+0800][404.856s][info][gc,heap     ] GC(845) Eden regions: 13->0(74)
[2026-03-19T11:38:08.367+0800][404.856s][info][gc,heap     ] GC(845) Survivor regions: 2->2(10)
[2026-03-19T11:38:08.367+0800][404.856s][info][gc,heap     ] GC(845) Old regions: 18->18
[2026-03-19T11:38:08.367+0800][404.856s][info][gc,heap     ] GC(845) Archive regions: 0->0
[2026-03-19T11:38:08.367+0800][404.856s][info][gc,heap     ] GC(845) Humongous regions: 39->9
[2026-03-19T11:38:08.367+0800][404.856s][info][gc,metaspace] GC(845) Metaspace: 22911K(23232K)->22911K(23232K) NonClass: 20301K(20480K)->20301K(20480K) Class: 2610K(2752K)->2610K(2752K)
[2026-03-19T11:38:08.367+0800][404.856s][info][gc          ] GC(845) Pause Young (Concurrent Start) (G1 Humongous Allocation) 70M->27M(128M) 2.091ms
[2026-03-19T11:38:08.367+0800][404.856s][info][gc,cpu      ] GC(845) User=0.00s Sys=0.00s Real=0.00s
[2026-03-19T11:38:08.367+0800][404.856s][info][gc          ] GC(846) Concurrent Undo Cycle
[2026-03-19T11:38:08.367+0800][404.857s][info][gc,marking  ] GC(846) Concurrent Cleanup for Next Mark
[2026-03-19T11:38:08.367+0800][404.857s][info][gc,marking  ] GC(846) Concurrent Cleanup for Next Mark 0.262ms
[2026-03-19T11:38:08.367+0800][404.857s][info][gc          ] GC(846) Concurrent Undo Cycle 0.420ms
[2026-03-19T11:38:09.301+0800][405.791s][info][gc,start    ] GC(847) Pause Young (Concurrent Start) (G1 Humongous Allocation)
[2026-03-19T11:38:09.302+0800][405.791s][info][gc,task     ] GC(847) Using 3 workers of 13 for evacuation
[2026-03-19T11:38:09.305+0800][405.795s][info][gc,phases   ] GC(847)   Pre Evacuate Collection Set: 0.2ms
[2026-03-19T11:38:09.306+0800][405.795s][info][gc,phases   ] GC(847)   Merge Heap Roots: 0.2ms
[2026-03-19T11:38:09.306+0800][405.795s][info][gc,phases   ] GC(847)   Evacuate Collection Set: 0.9ms
[2026-03-19T11:38:09.306+0800][405.795s][info][gc,phases   ] GC(847)   Post Evacuate Collection Set: 1.6ms
[2026-03-19T11:38:09.306+0800][405.795s][info][gc,phases   ] GC(847)   Other: 0.9ms
[2026-03-19T11:38:09.306+0800][405.795s][info][gc,heap     ] GC(847) Eden regions: 13->0(74)
[2026-03-19T11:38:09.306+0800][405.795s][info][gc,heap     ] GC(847) Survivor regions: 2->2(10)
[2026-03-19T11:38:09.306+0800][405.795s][info][gc,heap     ] GC(847) Old regions: 18->18
[2026-03-19T11:38:09.306+0800][405.796s][info][gc,heap     ] GC(847) Archive regions: 0->0
[2026-03-19T11:38:09.306+0800][405.796s][info][gc,heap     ] GC(847) Humongous regions: 39->9
[2026-03-19T11:38:09.306+0800][405.796s][info][gc,metaspace] GC(847) Metaspace: 22911K(23232K)->22911K(23232K) NonClass: 20301K(20480K)->20301K(20480K) Class: 2610K(2752K)->2610K(2752K)
[2026-03-19T11:38:09.306+0800][405.796s][info][gc          ] GC(847) Pause Young (Concurrent Start) (G1 Humongous Allocation) 70M->27M(128M) 5.063ms
[2026-03-19T11:38:09.307+0800][405.796s][info][gc,cpu      ] GC(847) User=0.00s Sys=0.00s Real=0.01s
[2026-03-19T11:38:09.307+0800][405.796s][info][gc          ] GC(848) Concurrent Undo Cycle
[2026-03-19T11:38:09.307+0800][405.796s][info][gc,marking  ] GC(848) Concurrent Cleanup for Next Mark
[2026-03-19T11:38:09.307+0800][405.797s][info][gc,marking  ] GC(848) Concurrent Cleanup for Next Mark 0.552ms
[2026-03-19T11:38:09.307+0800][405.797s][info][gc          ] GC(848) Concurrent Undo Cycle 1.064ms
[2026-03-19T11:38:10.249+0800][406.738s][info][gc,start    ] GC(849) Pause Young (Concurrent Start) (G1 Humongous Allocation)
[2026-03-19T11:38:10.249+0800][406.738s][info][gc,task     ] GC(849) Using 3 workers of 13 for evacuation
[2026-03-19T11:38:10.252+0800][406.741s][info][gc,phases   ] GC(849)   Pre Evacuate Collection Set: 0.2ms
[2026-03-19T11:38:10.252+0800][406.741s][info][gc,phases   ] GC(849)   Merge Heap Roots: 0.3ms
[2026-03-19T11:38:10.252+0800][406.741s][info][gc,phases   ] GC(849)   Evacuate Collection Set: 0.9ms
[2026-03-19T11:38:10.252+0800][406.741s][info][gc,phases   ] GC(849)   Post Evacuate Collection Set: 1.3ms
[2026-03-19T11:38:10.252+0800][406.742s][info][gc,phases   ] GC(849)   Other: 0.6ms
[2026-03-19T11:38:10.252+0800][406.742s][info][gc,heap     ] GC(849) Eden regions: 12->0(74)
[2026-03-19T11:38:10.252+0800][406.742s][info][gc,heap     ] GC(849) Survivor regions: 2->2(10)
[2026-03-19T11:38:10.252+0800][406.742s][info][gc,heap     ] GC(849) Old regions: 18->18
[2026-03-19T11:38:10.252+0800][406.742s][info][gc,heap     ] GC(849) Archive regions: 0->0
[2026-03-19T11:38:10.252+0800][406.742s][info][gc,heap     ] GC(849) Humongous regions: 39->9
[2026-03-19T11:38:10.253+0800][406.742s][info][gc,metaspace] GC(849) Metaspace: 22911K(23232K)->22911K(23232K) NonClass: 20301K(20480K)->20301K(20480K) Class: 2610K(2752K)->2610K(2752K)
[2026-03-19T11:38:10.253+0800][406.742s][info][gc          ] GC(849) Pause Young (Concurrent Start) (G1 Humongous Allocation) 69M->27M(128M) 3.786ms
[2026-03-19T11:38:10.253+0800][406.742s][info][gc,cpu      ] GC(849) User=0.00s Sys=0.00s Real=0.00s
[2026-03-19T11:38:10.253+0800][406.742s][info][gc          ] GC(850) Concurrent Undo Cycle
[2026-03-19T11:38:10.253+0800][406.742s][info][gc,marking  ] GC(850) Concurrent Cleanup for Next Mark
[2026-03-19T11:38:10.253+0800][406.742s][info][gc,marking  ] GC(850) Concurrent Cleanup for Next Mark 0.290ms
[2026-03-19T11:38:10.253+0800][406.742s][info][gc          ] GC(850) Concurrent Undo Cycle 0.491ms
[2026-03-19T11:38:11.185+0800][407.674s][info][gc,start    ] GC(851) Pause Young (Concurrent Start) (G1 Humongous Allocation)
[2026-03-19T11:38:11.185+0800][407.674s][info][gc,task     ] GC(851) Using 3 workers of 13 for evacuation
[2026-03-19T11:38:11.188+0800][407.677s][info][gc,phases   ] GC(851)   Pre Evacuate Collection Set: 0.3ms
[2026-03-19T11:38:11.188+0800][407.677s][info][gc,phases   ] GC(851)   Merge Heap Roots: 0.3ms
[2026-03-19T11:38:11.188+0800][407.677s][info][gc,phases   ] GC(851)   Evacuate Collection Set: 0.8ms
[2026-03-19T11:38:11.188+0800][407.677s][info][gc,phases   ] GC(851)   Post Evacuate Collection Set: 0.9ms
[2026-03-19T11:38:11.188+0800][407.677s][info][gc,phases   ] GC(851)   Other: 0.5ms
[2026-03-19T11:38:11.188+0800][407.677s][info][gc,heap     ] GC(851) Eden regions: 12->0(74)
[2026-03-19T11:38:11.188+0800][407.677s][info][gc,heap     ] GC(851) Survivor regions: 2->2(10)
[2026-03-19T11:38:11.188+0800][407.677s][info][gc,heap     ] GC(851) Old regions: 18->18
[2026-03-19T11:38:11.188+0800][407.677s][info][gc,heap     ] GC(851) Archive regions: 0->0
[2026-03-19T11:38:11.188+0800][407.677s][info][gc,heap     ] GC(851) Humongous regions: 39->9
[2026-03-19T11:38:11.188+0800][407.677s][info][gc,metaspace] GC(851) Metaspace: 22911K(23232K)->22911K(23232K) NonClass: 20301K(20480K)->20301K(20480K) Class: 2610K(2752K)->2610K(2752K)
[2026-03-19T11:38:11.188+0800][407.677s][info][gc          ] GC(851) Pause Young (Concurrent Start) (G1 Humongous Allocation) 69M->27M(128M) 3.542ms
[2026-03-19T11:38:11.188+0800][407.678s][info][gc,cpu      ] GC(851) User=0.00s Sys=0.00s Real=0.00s
[2026-03-19T11:38:11.189+0800][407.678s][info][gc          ] GC(852) Concurrent Undo Cycle
[2026-03-19T11:38:11.189+0800][407.678s][info][gc,marking  ] GC(852) Concurrent Cleanup for Next Mark
[2026-03-19T11:38:11.189+0800][407.678s][info][gc,marking  ] GC(852) Concurrent Cleanup for Next Mark 0.442ms
[2026-03-19T11:38:11.189+0800][407.679s][info][gc          ] GC(852) Concurrent Undo Cycle 0.898ms
[2026-03-19T11:38:12.115+0800][408.605s][info][gc,start    ] GC(853) Pause Young (Concurrent Start) (G1 Humongous Allocation)
[2026-03-19T11:38:12.116+0800][408.605s][info][gc,task     ] GC(853) Using 3 workers of 13 for evacuation
[2026-03-19T11:38:12.119+0800][408.608s][info][gc,phases   ] GC(853)   Pre Evacuate Collection Set: 0.2ms
[2026-03-19T11:38:12.119+0800][408.608s][info][gc,phases   ] GC(853)   Merge Heap Roots: 0.2ms
[2026-03-19T11:38:12.119+0800][408.608s][info][gc,phases   ] GC(853)   Evacuate Collection Set: 1.1ms
[2026-03-19T11:38:12.119+0800][408.608s][info][gc,phases   ] GC(853)   Post Evacuate Collection Set: 0.9ms
[2026-03-19T11:38:12.119+0800][408.609s][info][gc,phases   ] GC(853)   Other: 0.6ms
[2026-03-19T11:38:12.119+0800][408.609s][info][gc,heap     ] GC(853) Eden regions: 12->0(74)
[2026-03-19T11:38:12.119+0800][408.609s][info][gc,heap     ] GC(853) Survivor regions: 2->2(10)
[2026-03-19T11:38:12.119+0800][408.609s][info][gc,heap     ] GC(853) Old regions: 18->18
[2026-03-19T11:38:12.120+0800][408.609s][info][gc,heap     ] GC(853) Archive regions: 0->0
[2026-03-19T11:38:12.120+0800][408.609s][info][gc,heap     ] GC(853) Humongous regions: 39->9
[2026-03-19T11:38:12.120+0800][408.609s][info][gc,metaspace] GC(853) Metaspace: 22911K(23232K)->22911K(23232K) NonClass: 20301K(20480K)->20301K(20480K) Class: 2610K(2752K)->2610K(2752K)
[2026-03-19T11:38:12.120+0800][408.609s][info][gc          ] GC(853) Pause Young (Concurrent Start) (G1 Humongous Allocation) 69M->27M(128M) 3.860ms
[2026-03-19T11:38:12.120+0800][408.609s][info][gc,cpu      ] GC(853) User=0.00s Sys=0.00s Real=0.00s
[2026-03-19T11:38:12.120+0800][408.609s][info][gc          ] GC(854) Concurrent Undo Cycle
[2026-03-19T11:38:12.120+0800][408.609s][info][gc,marking  ] GC(854) Concurrent Cleanup for Next Mark
[2026-03-19T11:38:12.121+0800][408.610s][info][gc,marking  ] GC(854) Concurrent Cleanup for Next Mark 0.472ms
[2026-03-19T11:38:12.121+0800][408.610s][info][gc          ] GC(854) Concurrent Undo Cycle 0.869ms
[2026-03-19T11:38:13.053+0800][409.542s][info][gc,start    ] GC(855) Pause Young (Concurrent Start) (G1 Humongous Allocation)
[2026-03-19T11:38:13.053+0800][409.542s][info][gc,task     ] GC(855) Using 3 workers of 13 for evacuation
[2026-03-19T11:38:13.055+0800][409.545s][info][gc,phases   ] GC(855)   Pre Evacuate Collection Set: 0.2ms
[2026-03-19T11:38:13.055+0800][409.545s][info][gc,phases   ] GC(855)   Merge Heap Roots: 0.1ms
[2026-03-19T11:38:13.055+0800][409.545s][info][gc,phases   ] GC(855)   Evacuate Collection Set: 0.9ms
[2026-03-19T11:38:13.056+0800][409.545s][info][gc,phases   ] GC(855)   Post Evacuate Collection Set: 0.9ms
[2026-03-19T11:38:13.056+0800][409.545s][info][gc,phases   ] GC(855)   Other: 0.5ms
[2026-03-19T11:38:13.056+0800][409.545s][info][gc,heap     ] GC(855) Eden regions: 13->0(74)
[2026-03-19T11:38:13.056+0800][409.545s][info][gc,heap     ] GC(855) Survivor regions: 2->2(10)
[2026-03-19T11:38:13.056+0800][409.546s][info][gc,heap     ] GC(855) Old regions: 18->18
[2026-03-19T11:38:13.056+0800][409.546s][info][gc,heap     ] GC(855) Archive regions: 0->0
[2026-03-19T11:38:13.056+0800][409.546s][info][gc,heap     ] GC(855) Humongous regions: 39->9
[2026-03-19T11:38:13.056+0800][409.546s][info][gc,metaspace] GC(855) Metaspace: 22911K(23232K)->22911K(23232K) NonClass: 20301K(20480K)->20301K(20480K) Class: 2610K(2752K)->2610K(2752K)
[2026-03-19T11:38:13.056+0800][409.546s][info][gc          ] GC(855) Pause Young (Concurrent Start) (G1 Humongous Allocation) 70M->27M(128M) 3.565ms
[2026-03-19T11:38:13.056+0800][409.546s][info][gc,cpu      ] GC(855) User=0.00s Sys=0.00s Real=0.00s
[2026-03-19T11:38:13.056+0800][409.546s][info][gc          ] GC(856) Concurrent Undo Cycle
[2026-03-19T11:38:13.057+0800][409.546s][info][gc,marking  ] GC(856) Concurrent Cleanup for Next Mark
[2026-03-19T11:38:13.057+0800][409.547s][info][gc,marking  ] GC(856) Concurrent Cleanup for Next Mark 0.469ms
[2026-03-19T11:38:13.057+0800][409.547s][info][gc          ] GC(856) Concurrent Undo Cycle 0.808ms
[2026-03-19T11:38:13.986+0800][410.476s][info][gc,start    ] GC(857) Pause Young (Concurrent Start) (G1 Humongous Allocation)
[2026-03-19T11:38:13.987+0800][410.477s][info][gc,task     ] GC(857) Using 3 workers of 13 for evacuation
[2026-03-19T11:38:13.990+0800][410.479s][info][gc,phases   ] GC(857)   Pre Evacuate Collection Set: 0.2ms
[2026-03-19T11:38:13.990+0800][410.479s][info][gc,phases   ] GC(857)   Merge Heap Roots: 0.2ms
[2026-03-19T11:38:13.990+0800][410.480s][info][gc,phases   ] GC(857)   Evacuate Collection Set: 0.9ms
[2026-03-19T11:38:13.990+0800][410.480s][info][gc,phases   ] GC(857)   Post Evacuate Collection Set: 1.0ms
[2026-03-19T11:38:13.990+0800][410.480s][info][gc,phases   ] GC(857)   Other: 0.6ms
[2026-03-19T11:38:13.990+0800][410.480s][info][gc,heap     ] GC(857) Eden regions: 13->0(74)
[2026-03-19T11:38:13.990+0800][410.480s][info][gc,heap     ] GC(857) Survivor regions: 2->2(10)
[2026-03-19T11:38:13.990+0800][410.480s][info][gc,heap     ] GC(857) Old regions: 18->18
[2026-03-19T11:38:13.990+0800][410.480s][info][gc,heap     ] GC(857) Archive regions: 0->0
[2026-03-19T11:38:13.990+0800][410.480s][info][gc,heap     ] GC(857) Humongous regions: 39->9
[2026-03-19T11:38:13.990+0800][410.480s][info][gc,metaspace] GC(857) Metaspace: 22911K(23232K)->22911K(23232K) NonClass: 20301K(20480K)->20301K(20480K) Class: 2610K(2752K)->2610K(2752K)
[2026-03-19T11:38:13.991+0800][410.480s][info][gc          ] GC(857) Pause Young (Concurrent Start) (G1 Humongous Allocation) 70M->27M(128M) 3.835ms
[2026-03-19T11:38:13.991+0800][410.480s][info][gc,cpu      ] GC(857) User=0.00s Sys=0.00s Real=0.00s
[2026-03-19T11:38:13.991+0800][410.480s][info][gc          ] GC(858) Concurrent Undo Cycle
[2026-03-19T11:38:13.991+0800][410.481s][info][gc,marking  ] GC(858) Concurrent Cleanup for Next Mark
[2026-03-19T11:38:13.991+0800][410.481s][info][gc,marking  ] GC(858) Concurrent Cleanup for Next Mark 0.352ms
[2026-03-19T11:38:13.991+0800][410.481s][info][gc          ] GC(858) Concurrent Undo Cycle 0.660ms
[2026-03-19T11:38:14.915+0800][411.405s][info][gc,start    ] GC(859) Pause Young (Concurrent Start) (G1 Humongous Allocation)
[2026-03-19T11:38:14.915+0800][411.405s][info][gc,task     ] GC(859) Using 3 workers of 13 for evacuation
[2026-03-19T11:38:14.917+0800][411.406s][info][gc,phases   ] GC(859)   Pre Evacuate Collection Set: 0.1ms
[2026-03-19T11:38:14.917+0800][411.406s][info][gc,phases   ] GC(859)   Merge Heap Roots: 0.1ms
[2026-03-19T11:38:14.917+0800][411.406s][info][gc,phases   ] GC(859)   Evacuate Collection Set: 0.6ms
[2026-03-19T11:38:14.917+0800][411.406s][info][gc,phases   ] GC(859)   Post Evacuate Collection Set: 0.7ms
[2026-03-19T11:38:14.917+0800][411.406s][info][gc,phases   ] GC(859)   Other: 0.3ms
[2026-03-19T11:38:14.917+0800][411.406s][info][gc,heap     ] GC(859) Eden regions: 13->0(74)
[2026-03-19T11:38:14.917+0800][411.406s][info][gc,heap     ] GC(859) Survivor regions: 2->2(10)
[2026-03-19T11:38:14.917+0800][411.407s][info][gc,heap     ] GC(859) Old regions: 18->18
[2026-03-19T11:38:14.917+0800][411.407s][info][gc,heap     ] GC(859) Archive regions: 0->0
[2026-03-19T11:38:14.917+0800][411.407s][info][gc,heap     ] GC(859) Humongous regions: 39->9
[2026-03-19T11:38:14.917+0800][411.407s][info][gc,metaspace] GC(859) Metaspace: 22911K(23232K)->22911K(23232K) NonClass: 20301K(20480K)->20301K(20480K) Class: 2610K(2752K)->2610K(2752K)
[2026-03-19T11:38:14.917+0800][411.407s][info][gc          ] GC(859) Pause Young (Concurrent Start) (G1 Humongous Allocation) 70M->27M(128M) 2.031ms
[2026-03-19T11:38:14.917+0800][411.407s][info][gc,cpu      ] GC(859) User=0.00s Sys=0.00s Real=0.00s
[2026-03-19T11:38:14.917+0800][411.407s][info][gc          ] GC(860) Concurrent Undo Cycle
[2026-03-19T11:38:14.917+0800][411.407s][info][gc,marking  ] GC(860) Concurrent Cleanup for Next Mark
[2026-03-19T11:38:14.917+0800][411.407s][info][gc,marking  ] GC(860) Concurrent Cleanup for Next Mark 0.221ms
[2026-03-19T11:38:14.917+0800][411.407s][info][gc          ] GC(860) Concurrent Undo Cycle 0.441ms
[2026-03-19T11:38:15.854+0800][412.344s][info][gc,start    ] GC(861) Pause Young (Concurrent Start) (G1 Humongous Allocation)
[2026-03-19T11:38:15.855+0800][412.344s][info][gc,task     ] GC(861) Using 3 workers of 13 for evacuation
[2026-03-19T11:38:15.857+0800][412.347s][info][gc,phases   ] GC(861)   Pre Evacuate Collection Set: 0.1ms
[2026-03-19T11:38:15.857+0800][412.347s][info][gc,phases   ] GC(861)   Merge Heap Roots: 0.2ms
[2026-03-19T11:38:15.857+0800][412.347s][info][gc,phases   ] GC(861)   Evacuate Collection Set: 0.9ms
[2026-03-19T11:38:15.857+0800][412.347s][info][gc,phases   ] GC(861)   Post Evacuate Collection Set: 0.8ms
[2026-03-19T11:38:15.857+0800][412.347s][info][gc,phases   ] GC(861)   Other: 0.6ms
[2026-03-19T11:38:15.857+0800][412.347s][info][gc,heap     ] GC(861) Eden regions: 12->0(74)
[2026-03-19T11:38:15.857+0800][412.347s][info][gc,heap     ] GC(861) Survivor regions: 2->2(10)
[2026-03-19T11:38:15.857+0800][412.347s][info][gc,heap     ] GC(861) Old regions: 18->18
[2026-03-19T11:38:15.857+0800][412.348s][info][gc,heap     ] GC(861) Archive regions: 0->0
[2026-03-19T11:38:15.859+0800][412.348s][info][gc,heap     ] GC(861) Humongous regions: 39->9
[2026-03-19T11:38:15.859+0800][412.348s][info][gc,metaspace] GC(861) Metaspace: 22911K(23232K)->22911K(23232K) NonClass: 20301K(20480K)->20301K(20480K) Class: 2610K(2752K)->2610K(2752K)
[2026-03-19T11:38:15.859+0800][412.348s][info][gc          ] GC(861) Pause Young (Concurrent Start) (G1 Humongous Allocation) 69M->27M(128M) 3.927ms
[2026-03-19T11:38:15.859+0800][412.348s][info][gc,cpu      ] GC(861) User=0.02s Sys=0.00s Real=0.00s
[2026-03-19T11:38:15.859+0800][412.348s][info][gc          ] GC(862) Concurrent Undo Cycle
[2026-03-19T11:38:15.859+0800][412.348s][info][gc,marking  ] GC(862) Concurrent Cleanup for Next Mark
[2026-03-19T11:38:15.860+0800][412.349s][info][gc,marking  ] GC(862) Concurrent Cleanup for Next Mark 0.465ms
[2026-03-19T11:38:15.860+0800][412.349s][info][gc          ] GC(862) Concurrent Undo Cycle 0.910ms
[2026-03-19T11:38:16.806+0800][413.295s][info][gc,start    ] GC(863) Pause Young (Concurrent Start) (G1 Humongous Allocation)
[2026-03-19T11:38:16.806+0800][413.295s][info][gc,task     ] GC(863) Using 3 workers of 13 for evacuation
[2026-03-19T11:38:16.807+0800][413.298s][info][gc,phases   ] GC(863)   Pre Evacuate Collection Set: 0.2ms
[2026-03-19T11:38:16.809+0800][413.298s][info][gc,phases   ] GC(863)   Merge Heap Roots: 0.2ms
[2026-03-19T11:38:16.809+0800][413.298s][info][gc,phases   ] GC(863)   Evacuate Collection Set: 0.8ms
[2026-03-19T11:38:16.809+0800][413.298s][info][gc,phases   ] GC(863)   Post Evacuate Collection Set: 1.0ms
[2026-03-19T11:38:16.809+0800][413.298s][info][gc,phases   ] GC(863)   Other: 0.4ms
[2026-03-19T11:38:16.809+0800][413.298s][info][gc,heap     ] GC(863) Eden regions: 13->0(74)
[2026-03-19T11:38:16.809+0800][413.298s][info][gc,heap     ] GC(863) Survivor regions: 2->2(10)
[2026-03-19T11:38:16.809+0800][413.298s][info][gc,heap     ] GC(863) Old regions: 18->18
[2026-03-19T11:38:16.809+0800][413.298s][info][gc,heap     ] GC(863) Archive regions: 0->0
[2026-03-19T11:38:16.809+0800][413.298s][info][gc,heap     ] GC(863) Humongous regions: 39->9
[2026-03-19T11:38:16.809+0800][413.298s][info][gc,metaspace] GC(863) Metaspace: 22911K(23232K)->22911K(23232K) NonClass: 20301K(20480K)->20301K(20480K) Class: 2610K(2752K)->2610K(2752K)
[2026-03-19T11:38:16.809+0800][413.298s][info][gc          ] GC(863) Pause Young (Concurrent Start) (G1 Humongous Allocation) 70M->27M(128M) 2.737ms
[2026-03-19T11:38:16.809+0800][413.298s][info][gc,cpu      ] GC(863) User=0.00s Sys=0.00s Real=0.00s
[2026-03-19T11:38:16.809+0800][413.298s][info][gc          ] GC(864) Concurrent Undo Cycle
[2026-03-19T11:38:16.809+0800][413.298s][info][gc,marking  ] GC(864) Concurrent Cleanup for Next Mark
[2026-03-19T11:38:16.809+0800][413.298s][info][gc,marking  ] GC(864) Concurrent Cleanup for Next Mark 0.291ms
[2026-03-19T11:38:16.809+0800][413.298s][info][gc          ] GC(864) Concurrent Undo Cycle 0.498ms
[2026-03-19T11:38:17.743+0800][414.232s][info][gc,start    ] GC(865) Pause Young (Concurrent Start) (G1 Humongous Allocation)
[2026-03-19T11:38:17.743+0800][414.232s][info][gc,task     ] GC(865) Using 3 workers of 13 for evacuation
[2026-03-19T11:38:17.745+0800][414.235s][info][gc,phases   ] GC(865)   Pre Evacuate Collection Set: 0.3ms
[2026-03-19T11:38:17.746+0800][414.235s][info][gc,phases   ] GC(865)   Merge Heap Roots: 0.2ms
[2026-03-19T11:38:17.746+0800][414.235s][info][gc,phases   ] GC(865)   Evacuate Collection Set: 0.7ms
[2026-03-19T11:38:17.746+0800][414.235s][info][gc,phases   ] GC(865)   Post Evacuate Collection Set: 0.8ms
[2026-03-19T11:38:17.746+0800][414.235s][info][gc,phases   ] GC(865)   Other: 0.8ms
[2026-03-19T11:38:17.746+0800][414.235s][info][gc,heap     ] GC(865) Eden regions: 13->0(74)
[2026-03-19T11:38:17.746+0800][414.235s][info][gc,heap     ] GC(865) Survivor regions: 2->2(10)
[2026-03-19T11:38:17.746+0800][414.235s][info][gc,heap     ] GC(865) Old regions: 18->18
[2026-03-19T11:38:17.746+0800][414.235s][info][gc,heap     ] GC(865) Archive regions: 0->0
[2026-03-19T11:38:17.746+0800][414.235s][info][gc,heap     ] GC(865) Humongous regions: 39->9
[2026-03-19T11:38:17.746+0800][414.235s][info][gc,metaspace] GC(865) Metaspace: 22911K(23232K)->22911K(23232K) NonClass: 20301K(20480K)->20301K(20480K) Class: 2610K(2752K)->2610K(2752K)
[2026-03-19T11:38:17.746+0800][414.235s][info][gc          ] GC(865) Pause Young (Concurrent Start) (G1 Humongous Allocation) 70M->27M(128M) 3.242ms
[2026-03-19T11:38:17.746+0800][414.235s][info][gc,cpu      ] GC(865) User=0.00s Sys=0.00s Real=0.00s
[2026-03-19T11:38:17.746+0800][414.236s][info][gc          ] GC(866) Concurrent Undo Cycle
[2026-03-19T11:38:17.746+0800][414.236s][info][gc,marking  ] GC(866) Concurrent Cleanup for Next Mark
[2026-03-19T11:38:17.746+0800][414.236s][info][gc,marking  ] GC(866) Concurrent Cleanup for Next Mark 0.340ms
[2026-03-19T11:38:17.747+0800][414.236s][info][gc          ] GC(866) Concurrent Undo Cycle 0.540ms
[2026-03-19T11:38:18.669+0800][415.158s][info][gc,start    ] GC(867) Pause Young (Concurrent Start) (G1 Humongous Allocation)
[2026-03-19T11:38:18.669+0800][415.158s][info][gc,task     ] GC(867) Using 3 workers of 13 for evacuation
[2026-03-19T11:38:18.671+0800][415.161s][info][gc,phases   ] GC(867)   Pre Evacuate Collection Set: 0.3ms
[2026-03-19T11:38:18.672+0800][415.161s][info][gc,phases   ] GC(867)   Merge Heap Roots: 0.2ms
[2026-03-19T11:38:18.672+0800][415.161s][info][gc,phases   ] GC(867)   Evacuate Collection Set: 0.8ms
[2026-03-19T11:38:18.672+0800][415.161s][info][gc,phases   ] GC(867)   Post Evacuate Collection Set: 0.8ms
[2026-03-19T11:38:18.672+0800][415.161s][info][gc,phases   ] GC(867)   Other: 0.4ms
[2026-03-19T11:38:18.672+0800][415.161s][info][gc,heap     ] GC(867) Eden regions: 13->0(74)
[2026-03-19T11:38:18.672+0800][415.161s][info][gc,heap     ] GC(867) Survivor regions: 2->2(10)
[2026-03-19T11:38:18.672+0800][415.161s][info][gc,heap     ] GC(867) Old regions: 18->18
[2026-03-19T11:38:18.672+0800][415.161s][info][gc,heap     ] GC(867) Archive regions: 0->0
[2026-03-19T11:38:18.672+0800][415.161s][info][gc,heap     ] GC(867) Humongous regions: 39->9
[2026-03-19T11:38:18.672+0800][415.161s][info][gc,metaspace] GC(867) Metaspace: 22911K(23232K)->22911K(23232K) NonClass: 20301K(20480K)->20301K(20480K) Class: 2610K(2752K)->2610K(2752K)
[2026-03-19T11:38:18.672+0800][415.161s][info][gc          ] GC(867) Pause Young (Concurrent Start) (G1 Humongous Allocation) 70M->27M(128M) 3.320ms
[2026-03-19T11:38:18.672+0800][415.162s][info][gc,cpu      ] GC(867) User=0.00s Sys=0.00s Real=0.00s
[2026-03-19T11:38:18.673+0800][415.162s][info][gc          ] GC(868) Concurrent Undo Cycle
[2026-03-19T11:38:18.673+0800][415.162s][info][gc,marking  ] GC(868) Concurrent Cleanup for Next Mark
[2026-03-19T11:38:18.673+0800][415.162s][info][gc,marking  ] GC(868) Concurrent Cleanup for Next Mark 0.462ms
[2026-03-19T11:38:18.673+0800][415.163s][info][gc          ] GC(868) Concurrent Undo Cycle 0.927ms
[2026-03-19T11:38:19.599+0800][416.089s][info][gc,start    ] GC(869) Pause Young (Concurrent Start) (G1 Humongous Allocation)
[2026-03-19T11:38:19.601+0800][416.090s][info][gc,task     ] GC(869) Using 3 workers of 13 for evacuation
[2026-03-19T11:38:19.603+0800][416.092s][info][gc,phases   ] GC(869)   Pre Evacuate Collection Set: 0.3ms
[2026-03-19T11:38:19.603+0800][416.093s][info][gc,phases   ] GC(869)   Merge Heap Roots: 0.2ms
[2026-03-19T11:38:19.603+0800][416.093s][info][gc,phases   ] GC(869)   Evacuate Collection Set: 0.7ms
[2026-03-19T11:38:19.603+0800][416.093s][info][gc,phases   ] GC(869)   Post Evacuate Collection Set: 0.9ms
[2026-03-19T11:38:19.603+0800][416.093s][info][gc,phases   ] GC(869)   Other: 1.4ms
[2026-03-19T11:38:19.603+0800][416.093s][info][gc,heap     ] GC(869) Eden regions: 12->0(74)
[2026-03-19T11:38:19.603+0800][416.093s][info][gc,heap     ] GC(869) Survivor regions: 2->2(10)
[2026-03-19T11:38:19.604+0800][416.093s][info][gc,heap     ] GC(869) Old regions: 18->18
[2026-03-19T11:38:19.604+0800][416.093s][info][gc,heap     ] GC(869) Archive regions: 0->0
[2026-03-19T11:38:19.604+0800][416.093s][info][gc,heap     ] GC(869) Humongous regions: 39->9
[2026-03-19T11:38:19.604+0800][416.093s][info][gc,metaspace] GC(869) Metaspace: 22911K(23232K)->22911K(23232K) NonClass: 20301K(20480K)->20301K(20480K) Class: 2610K(2752K)->2610K(2752K)
[2026-03-19T11:38:19.604+0800][416.093s][info][gc          ] GC(869) Pause Young (Concurrent Start) (G1 Humongous Allocation) 69M->27M(128M) 4.302ms
[2026-03-19T11:38:19.604+0800][416.093s][info][gc,cpu      ] GC(869) User=0.00s Sys=0.00s Real=0.01s
[2026-03-19T11:38:19.604+0800][416.094s][info][gc          ] GC(870) Concurrent Undo Cycle
[2026-03-19T11:38:19.604+0800][416.094s][info][gc,marking  ] GC(870) Concurrent Cleanup for Next Mark
[2026-03-19T11:38:19.605+0800][416.094s][info][gc,marking  ] GC(870) Concurrent Cleanup for Next Mark 0.483ms
[2026-03-19T11:38:19.605+0800][416.094s][info][gc          ] GC(870) Concurrent Undo Cycle 0.841ms
[2026-03-19T11:38:20.538+0800][417.027s][info][gc,start    ] GC(871) Pause Young (Concurrent Start) (G1 Humongous Allocation)
[2026-03-19T11:38:20.538+0800][417.027s][info][gc,task     ] GC(871) Using 3 workers of 13 for evacuation
[2026-03-19T11:38:20.540+0800][417.030s][info][gc,phases   ] GC(871)   Pre Evacuate Collection Set: 0.2ms
[2026-03-19T11:38:20.540+0800][417.030s][info][gc,phases   ] GC(871)   Merge Heap Roots: 0.2ms
[2026-03-19T11:38:20.541+0800][417.030s][info][gc,phases   ] GC(871)   Evacuate Collection Set: 1.0ms
[2026-03-19T11:38:20.541+0800][417.030s][info][gc,phases   ] GC(871)   Post Evacuate Collection Set: 1.0ms
[2026-03-19T11:38:20.541+0800][417.030s][info][gc,phases   ] GC(871)   Other: 0.5ms
[2026-03-19T11:38:20.541+0800][417.030s][info][gc,heap     ] GC(871) Eden regions: 12->0(74)
[2026-03-19T11:38:20.541+0800][417.030s][info][gc,heap     ] GC(871) Survivor regions: 2->2(10)
[2026-03-19T11:38:20.541+0800][417.030s][info][gc,heap     ] GC(871) Old regions: 18->18
[2026-03-19T11:38:20.541+0800][417.030s][info][gc,heap     ] GC(871) Archive regions: 0->0
[2026-03-19T11:38:20.541+0800][417.030s][info][gc,heap     ] GC(871) Humongous regions: 39->9
[2026-03-19T11:38:20.541+0800][417.031s][info][gc,metaspace] GC(871) Metaspace: 22911K(23232K)->22911K(23232K) NonClass: 20301K(20480K)->20301K(20480K) Class: 2610K(2752K)->2610K(2752K)
[2026-03-19T11:38:20.541+0800][417.031s][info][gc          ] GC(871) Pause Young (Concurrent Start) (G1 Humongous Allocation) 69M->27M(128M) 3.750ms
[2026-03-19T11:38:20.541+0800][417.031s][info][gc,cpu      ] GC(871) User=0.00s Sys=0.00s Real=0.00s
[2026-03-19T11:38:20.541+0800][417.031s][info][gc          ] GC(872) Concurrent Undo Cycle
[2026-03-19T11:38:20.542+0800][417.031s][info][gc,marking  ] GC(872) Concurrent Cleanup for Next Mark
[2026-03-19T11:38:20.542+0800][417.031s][info][gc,marking  ] GC(872) Concurrent Cleanup for Next Mark 0.458ms
[2026-03-19T11:38:20.542+0800][417.032s][info][gc          ] GC(872) Concurrent Undo Cycle 0.798ms
[2026-03-19T11:38:21.490+0800][417.980s][info][gc,start    ] GC(873) Pause Young (Concurrent Start) (G1 Humongous Allocation)
[2026-03-19T11:38:21.490+0800][417.980s][info][gc,task     ] GC(873) Using 3 workers of 13 for evacuation
[2026-03-19T11:38:21.492+0800][417.982s][info][gc,phases   ] GC(873)   Pre Evacuate Collection Set: 0.3ms
[2026-03-19T11:38:21.492+0800][417.982s][info][gc,phases   ] GC(873)   Merge Heap Roots: 0.2ms
[2026-03-19T11:38:21.492+0800][417.982s][info][gc,phases   ] GC(873)   Evacuate Collection Set: 0.6ms
[2026-03-19T11:38:21.492+0800][417.982s][info][gc,phases   ] GC(873)   Post Evacuate Collection Set: 0.7ms
[2026-03-19T11:38:21.492+0800][417.982s][info][gc,phases   ] GC(873)   Other: 0.2ms
[2026-03-19T11:38:21.492+0800][417.982s][info][gc,heap     ] GC(873) Eden regions: 12->0(74)
[2026-03-19T11:38:21.492+0800][417.982s][info][gc,heap     ] GC(873) Survivor regions: 2->2(10)
[2026-03-19T11:38:21.492+0800][417.982s][info][gc,heap     ] GC(873) Old regions: 18->18
[2026-03-19T11:38:21.492+0800][417.982s][info][gc,heap     ] GC(873) Archive regions: 0->0
[2026-03-19T11:38:21.492+0800][417.982s][info][gc,heap     ] GC(873) Humongous regions: 39->9
[2026-03-19T11:38:21.492+0800][417.982s][info][gc,metaspace] GC(873) Metaspace: 22911K(23232K)->22911K(23232K) NonClass: 20301K(20480K)->20301K(20480K) Class: 2610K(2752K)->2610K(2752K)
[2026-03-19T11:38:21.492+0800][417.982s][info][gc          ] GC(873) Pause Young (Concurrent Start) (G1 Humongous Allocation) 69M->27M(128M) 2.497ms
[2026-03-19T11:38:21.493+0800][417.982s][info][gc,cpu      ] GC(873) User=0.00s Sys=0.00s Real=0.00s
[2026-03-19T11:38:21.493+0800][417.983s][info][gc          ] GC(874) Concurrent Undo Cycle
[2026-03-19T11:38:21.493+0800][417.983s][info][gc,marking  ] GC(874) Concurrent Cleanup for Next Mark
[2026-03-19T11:38:21.493+0800][417.983s][info][gc,marking  ] GC(874) Concurrent Cleanup for Next Mark 0.287ms
[2026-03-19T11:38:21.493+0800][417.983s][info][gc          ] GC(874) Concurrent Undo Cycle 0.447ms
[2026-03-19T11:38:22.423+0800][418.913s][info][gc,start    ] GC(875) Pause Young (Concurrent Start) (G1 Humongous Allocation)
[2026-03-19T11:38:22.424+0800][418.913s][info][gc,task     ] GC(875) Using 3 workers of 13 for evacuation
[2026-03-19T11:38:22.426+0800][418.916s][info][gc,phases   ] GC(875)   Pre Evacuate Collection Set: 0.3ms
[2026-03-19T11:38:22.426+0800][418.916s][info][gc,phases   ] GC(875)   Merge Heap Roots: 0.2ms
[2026-03-19T11:38:22.426+0800][418.916s][info][gc,phases   ] GC(875)   Evacuate Collection Set: 0.8ms
[2026-03-19T11:38:22.426+0800][418.916s][info][gc,phases   ] GC(875)   Post Evacuate Collection Set: 0.9ms
[2026-03-19T11:38:22.426+0800][418.916s][info][gc,phases   ] GC(875)   Other: 0.5ms
[2026-03-19T11:38:22.426+0800][418.916s][info][gc,heap     ] GC(875) Eden regions: 13->0(74)
[2026-03-19T11:38:22.426+0800][418.916s][info][gc,heap     ] GC(875) Survivor regions: 2->2(10)
[2026-03-19T11:38:22.426+0800][418.916s][info][gc,heap     ] GC(875) Old regions: 18->18
[2026-03-19T11:38:22.426+0800][418.916s][info][gc,heap     ] GC(875) Archive regions: 0->0
[2026-03-19T11:38:22.426+0800][418.916s][info][gc,heap     ] GC(875) Humongous regions: 39->9
[2026-03-19T11:38:22.426+0800][418.916s][info][gc,metaspace] GC(875) Metaspace: 22911K(23232K)->22911K(23232K) NonClass: 20301K(20480K)->20301K(20480K) Class: 2610K(2752K)->2610K(2752K)
[2026-03-19T11:38:22.428+0800][418.917s][info][gc          ] GC(875) Pause Young (Concurrent Start) (G1 Humongous Allocation) 70M->27M(128M) 3.596ms
[2026-03-19T11:38:22.428+0800][418.917s][info][gc,cpu      ] GC(875) User=0.00s Sys=0.00s Real=0.00s
[2026-03-19T11:38:22.428+0800][418.917s][info][gc          ] GC(876) Concurrent Undo Cycle
[2026-03-19T11:38:22.428+0800][418.917s][info][gc,marking  ] GC(876) Concurrent Cleanup for Next Mark
[2026-03-19T11:38:22.428+0800][418.917s][info][gc,marking  ] GC(876) Concurrent Cleanup for Next Mark 0.478ms
[2026-03-19T11:38:22.428+0800][418.918s][info][gc          ] GC(876) Concurrent Undo Cycle 0.870ms
[2026-03-19T11:38:23.362+0800][419.851s][info][gc,start    ] GC(877) Pause Young (Concurrent Start) (G1 Humongous Allocation)
[2026-03-19T11:38:23.362+0800][419.851s][info][gc,task     ] GC(877) Using 3 workers of 13 for evacuation
[2026-03-19T11:38:23.364+0800][419.854s][info][gc,phases   ] GC(877)   Pre Evacuate Collection Set: 0.2ms
[2026-03-19T11:38:23.365+0800][419.854s][info][gc,phases   ] GC(877)   Merge Heap Roots: 0.1ms
[2026-03-19T11:38:23.365+0800][419.854s][info][gc,phases   ] GC(877)   Evacuate Collection Set: 0.9ms
[2026-03-19T11:38:23.365+0800][419.854s][info][gc,phases   ] GC(877)   Post Evacuate Collection Set: 0.9ms
[2026-03-19T11:38:23.365+0800][419.854s][info][gc,phases   ] GC(877)   Other: 0.5ms
[2026-03-19T11:38:23.365+0800][419.854s][info][gc,heap     ] GC(877) Eden regions: 13->0(74)
[2026-03-19T11:38:23.365+0800][419.854s][info][gc,heap     ] GC(877) Survivor regions: 2->2(10)
[2026-03-19T11:38:23.365+0800][419.855s][info][gc,heap     ] GC(877) Old regions: 18->18
[2026-03-19T11:38:23.365+0800][419.855s][info][gc,heap     ] GC(877) Archive regions: 0->0
[2026-03-19T11:38:23.365+0800][419.855s][info][gc,heap     ] GC(877) Humongous regions: 39->9
[2026-03-19T11:38:23.365+0800][419.855s][info][gc,metaspace] GC(877) Metaspace: 22911K(23232K)->22911K(23232K) NonClass: 20301K(20480K)->20301K(20480K) Class: 2610K(2752K)->2610K(2752K)
[2026-03-19T11:38:23.365+0800][419.855s][info][gc          ] GC(877) Pause Young (Concurrent Start) (G1 Humongous Allocation) 70M->27M(128M) 3.545ms
[2026-03-19T11:38:23.365+0800][419.855s][info][gc,cpu      ] GC(877) User=0.00s Sys=0.00s Real=0.00s
[2026-03-19T11:38:23.365+0800][419.855s][info][gc          ] GC(878) Concurrent Undo Cycle
[2026-03-19T11:38:23.365+0800][419.855s][info][gc,marking  ] GC(878) Concurrent Cleanup for Next Mark
[2026-03-19T11:38:23.366+0800][419.855s][info][gc,marking  ] GC(878) Concurrent Cleanup for Next Mark 0.256ms
[2026-03-19T11:38:23.366+0800][419.855s][info][gc          ] GC(878) Concurrent Undo Cycle 0.401ms
[2026-03-19T11:38:24.293+0800][420.783s][info][gc,start    ] GC(879) Pause Young (Concurrent Start) (G1 Humongous Allocation)
[2026-03-19T11:38:24.293+0800][420.783s][info][gc,task     ] GC(879) Using 3 workers of 13 for evacuation
[2026-03-19T11:38:24.295+0800][420.785s][info][gc,phases   ] GC(879)   Pre Evacuate Collection Set: 0.2ms
[2026-03-19T11:38:24.295+0800][420.785s][info][gc,phases   ] GC(879)   Merge Heap Roots: 0.1ms
[2026-03-19T11:38:24.295+0800][420.785s][info][gc,phases   ] GC(879)   Evacuate Collection Set: 0.6ms
[2026-03-19T11:38:24.295+0800][420.785s][info][gc,phases   ] GC(879)   Post Evacuate Collection Set: 0.7ms
[2026-03-19T11:38:24.295+0800][420.785s][info][gc,phases   ] GC(879)   Other: 0.2ms
[2026-03-19T11:38:24.295+0800][420.785s][info][gc,heap     ] GC(879) Eden regions: 13->0(74)
[2026-03-19T11:38:24.295+0800][420.785s][info][gc,heap     ] GC(879) Survivor regions: 2->2(10)
[2026-03-19T11:38:24.295+0800][420.785s][info][gc,heap     ] GC(879) Old regions: 18->18
[2026-03-19T11:38:24.295+0800][420.785s][info][gc,heap     ] GC(879) Archive regions: 0->0
[2026-03-19T11:38:24.295+0800][420.785s][info][gc,heap     ] GC(879) Humongous regions: 39->9
[2026-03-19T11:38:24.295+0800][420.785s][info][gc,metaspace] GC(879) Metaspace: 22911K(23232K)->22911K(23232K) NonClass: 20301K(20480K)->20301K(20480K) Class: 2610K(2752K)->2610K(2752K)
[2026-03-19T11:38:24.295+0800][420.785s][info][gc          ] GC(879) Pause Young (Concurrent Start) (G1 Humongous Allocation) 70M->27M(128M) 2.160ms
[2026-03-19T11:38:24.295+0800][420.785s][info][gc,cpu      ] GC(879) User=0.00s Sys=0.00s Real=0.00s
[2026-03-19T11:38:24.295+0800][420.785s][info][gc          ] GC(880) Concurrent Undo Cycle
[2026-03-19T11:38:24.296+0800][420.785s][info][gc,marking  ] GC(880) Concurrent Cleanup for Next Mark
[2026-03-19T11:38:24.296+0800][420.786s][info][gc,marking  ] GC(880) Concurrent Cleanup for Next Mark 0.339ms
[2026-03-19T11:38:24.296+0800][420.786s][info][gc          ] GC(880) Concurrent Undo Cycle 0.508ms
[2026-03-19T11:38:25.229+0800][421.719s][info][gc,start    ] GC(881) Pause Young (Concurrent Start) (G1 Humongous Allocation)
[2026-03-19T11:38:25.229+0800][421.719s][info][gc,task     ] GC(881) Using 3 workers of 13 for evacuation
[2026-03-19T11:38:25.232+0800][421.721s][info][gc,phases   ] GC(881)   Pre Evacuate Collection Set: 0.2ms
[2026-03-19T11:38:25.232+0800][421.721s][info][gc,phases   ] GC(881)   Merge Heap Roots: 0.2ms
[2026-03-19T11:38:25.232+0800][421.721s][info][gc,phases   ] GC(881)   Evacuate Collection Set: 0.9ms
[2026-03-19T11:38:25.232+0800][421.721s][info][gc,phases   ] GC(881)   Post Evacuate Collection Set: 0.9ms
[2026-03-19T11:38:25.232+0800][421.721s][info][gc,phases   ] GC(881)   Other: 0.5ms
[2026-03-19T11:38:25.232+0800][421.722s][info][gc,heap     ] GC(881) Eden regions: 13->0(74)
[2026-03-19T11:38:25.232+0800][421.722s][info][gc,heap     ] GC(881) Survivor regions: 2->2(10)
[2026-03-19T11:38:25.232+0800][421.722s][info][gc,heap     ] GC(881) Old regions: 18->18
[2026-03-19T11:38:25.232+0800][421.722s][info][gc,heap     ] GC(881) Archive regions: 0->0
[2026-03-19T11:38:25.232+0800][421.722s][info][gc,heap     ] GC(881) Humongous regions: 39->9
[2026-03-19T11:38:25.232+0800][421.722s][info][gc,metaspace] GC(881) Metaspace: 22911K(23232K)->22911K(23232K) NonClass: 20301K(20480K)->20301K(20480K) Class: 2610K(2752K)->2610K(2752K)
[2026-03-19T11:38:25.232+0800][421.722s][info][gc          ] GC(881) Pause Young (Concurrent Start) (G1 Humongous Allocation) 70M->27M(128M) 3.392ms
[2026-03-19T11:38:25.232+0800][421.722s][info][gc,cpu      ] GC(881) User=0.03s Sys=0.02s Real=0.00s
[2026-03-19T11:38:25.232+0800][421.722s][info][gc          ] GC(882) Concurrent Undo Cycle
[2026-03-19T11:38:25.232+0800][421.722s][info][gc,marking  ] GC(882) Concurrent Cleanup for Next Mark
[2026-03-19T11:38:25.233+0800][421.723s][info][gc,marking  ] GC(882) Concurrent Cleanup for Next Mark 0.439ms
[2026-03-19T11:38:25.233+0800][421.723s][info][gc          ] GC(882) Concurrent Undo Cycle 0.763ms
[2026-03-19T11:38:26.164+0800][422.654s][info][gc,start    ] GC(883) Pause Young (Concurrent Start) (G1 Humongous Allocation)
[2026-03-19T11:38:26.165+0800][422.654s][info][gc,task     ] GC(883) Using 3 workers of 13 for evacuation
[2026-03-19T11:38:26.167+0800][422.656s][info][gc,phases   ] GC(883)   Pre Evacuate Collection Set: 0.2ms
[2026-03-19T11:38:26.167+0800][422.657s][info][gc,phases   ] GC(883)   Merge Heap Roots: 0.2ms
[2026-03-19T11:38:26.167+0800][422.657s][info][gc,phases   ] GC(883)   Evacuate Collection Set: 0.9ms
[2026-03-19T11:38:26.167+0800][422.657s][info][gc,phases   ] GC(883)   Post Evacuate Collection Set: 0.9ms
[2026-03-19T11:38:26.167+0800][422.657s][info][gc,phases   ] GC(883)   Other: 0.5ms
[2026-03-19T11:38:26.168+0800][422.657s][info][gc,heap     ] GC(883) Eden regions: 13->0(74)
[2026-03-19T11:38:26.168+0800][422.657s][info][gc,heap     ] GC(883) Survivor regions: 2->2(10)
[2026-03-19T11:38:26.168+0800][422.657s][info][gc,heap     ] GC(883) Old regions: 18->18
[2026-03-19T11:38:26.168+0800][422.657s][info][gc,heap     ] GC(883) Archive regions: 0->0
[2026-03-19T11:38:26.168+0800][422.657s][info][gc,heap     ] GC(883) Humongous regions: 39->9
[2026-03-19T11:38:26.168+0800][422.657s][info][gc,metaspace] GC(883) Metaspace: 22911K(23232K)->22911K(23232K) NonClass: 20301K(20480K)->20301K(20480K) Class: 2610K(2752K)->2610K(2752K)
[2026-03-19T11:38:26.168+0800][422.657s][info][gc          ] GC(883) Pause Young (Concurrent Start) (G1 Humongous Allocation) 70M->27M(128M) 3.622ms
[2026-03-19T11:38:26.168+0800][422.657s][info][gc,cpu      ] GC(883) User=0.00s Sys=0.00s Real=0.00s
[2026-03-19T11:38:26.168+0800][422.658s][info][gc          ] GC(884) Concurrent Undo Cycle
[2026-03-19T11:38:26.168+0800][422.658s][info][gc,marking  ] GC(884) Concurrent Cleanup for Next Mark
[2026-03-19T11:38:26.169+0800][422.658s][info][gc,marking  ] GC(884) Concurrent Cleanup for Next Mark 0.465ms
[2026-03-19T11:38:26.169+0800][422.658s][info][gc          ] GC(884) Concurrent Undo Cycle 0.852ms
[2026-03-19T11:38:27.112+0800][423.602s][info][gc,start    ] GC(885) Pause Young (Concurrent Start) (G1 Humongous Allocation)
[2026-03-19T11:38:27.112+0800][423.602s][info][gc,task     ] GC(885) Using 3 workers of 13 for evacuation
[2026-03-19T11:38:27.115+0800][423.604s][info][gc,phases   ] GC(885)   Pre Evacuate Collection Set: 0.3ms
[2026-03-19T11:38:27.115+0800][423.605s][info][gc,phases   ] GC(885)   Merge Heap Roots: 0.3ms
[2026-03-19T11:38:27.115+0800][423.605s][info][gc,phases   ] GC(885)   Evacuate Collection Set: 0.7ms
[2026-03-19T11:38:27.115+0800][423.605s][info][gc,phases   ] GC(885)   Post Evacuate Collection Set: 0.9ms
[2026-03-19T11:38:27.115+0800][423.605s][info][gc,phases   ] GC(885)   Other: 0.3ms
[2026-03-19T11:38:27.115+0800][423.605s][info][gc,heap     ] GC(885) Eden regions: 13->0(74)
[2026-03-19T11:38:27.115+0800][423.605s][info][gc,heap     ] GC(885) Survivor regions: 2->2(10)
[2026-03-19T11:38:27.115+0800][423.605s][info][gc,heap     ] GC(885) Old regions: 18->18
[2026-03-19T11:38:27.115+0800][423.605s][info][gc,heap     ] GC(885) Archive regions: 0->0
[2026-03-19T11:38:27.115+0800][423.605s][info][gc,heap     ] GC(885) Humongous regions: 39->9
[2026-03-19T11:38:27.115+0800][423.605s][info][gc,metaspace] GC(885) Metaspace: 22911K(23232K)->22911K(23232K) NonClass: 20301K(20480K)->20301K(20480K) Class: 2610K(2752K)->2610K(2752K)
[2026-03-19T11:38:27.115+0800][423.605s][info][gc          ] GC(885) Pause Young (Concurrent Start) (G1 Humongous Allocation) 70M->27M(128M) 2.867ms
[2026-03-19T11:38:27.115+0800][423.605s][info][gc,cpu      ] GC(885) User=0.00s Sys=0.00s Real=0.00s
[2026-03-19T11:38:27.115+0800][423.605s][info][gc          ] GC(886) Concurrent Undo Cycle
[2026-03-19T11:38:27.115+0800][423.605s][info][gc,marking  ] GC(886) Concurrent Cleanup for Next Mark
[2026-03-19T11:38:27.116+0800][423.605s][info][gc,marking  ] GC(886) Concurrent Cleanup for Next Mark 0.320ms
[2026-03-19T11:38:27.116+0800][423.606s][info][gc          ] GC(886) Concurrent Undo Cycle 0.502ms
[2026-03-19T11:38:28.049+0800][424.538s][info][gc,start    ] GC(887) Pause Young (Concurrent Start) (G1 Humongous Allocation)
[2026-03-19T11:38:28.049+0800][424.539s][info][gc,task     ] GC(887) Using 3 workers of 13 for evacuation
[2026-03-19T11:38:28.051+0800][424.541s][info][gc,phases   ] GC(887)   Pre Evacuate Collection Set: 0.2ms
[2026-03-19T11:38:28.051+0800][424.541s][info][gc,phases   ] GC(887)   Merge Heap Roots: 0.2ms
[2026-03-19T11:38:28.051+0800][424.541s][info][gc,phases   ] GC(887)   Evacuate Collection Set: 1.0ms
[2026-03-19T11:38:28.052+0800][424.541s][info][gc,phases   ] GC(887)   Post Evacuate Collection Set: 0.9ms
[2026-03-19T11:38:28.052+0800][424.541s][info][gc,phases   ] GC(887)   Other: 0.6ms
[2026-03-19T11:38:28.052+0800][424.541s][info][gc,heap     ] GC(887) Eden regions: 13->0(74)
[2026-03-19T11:38:28.052+0800][424.542s][info][gc,heap     ] GC(887) Survivor regions: 2->2(10)
[2026-03-19T11:38:28.052+0800][424.542s][info][gc,heap     ] GC(887) Old regions: 18->18
[2026-03-19T11:38:28.052+0800][424.542s][info][gc,heap     ] GC(887) Archive regions: 0->0
[2026-03-19T11:38:28.052+0800][424.542s][info][gc,heap     ] GC(887) Humongous regions: 39->9
[2026-03-19T11:38:28.052+0800][424.542s][info][gc,metaspace] GC(887) Metaspace: 22911K(23232K)->22911K(23232K) NonClass: 20301K(20480K)->20301K(20480K) Class: 2610K(2752K)->2610K(2752K)
[2026-03-19T11:38:28.052+0800][424.542s][info][gc          ] GC(887) Pause Young (Concurrent Start) (G1 Humongous Allocation) 70M->27M(128M) 3.690ms
[2026-03-19T11:38:28.052+0800][424.542s][info][gc,cpu      ] GC(887) User=0.00s Sys=0.00s Real=0.00s
[2026-03-19T11:38:28.052+0800][424.542s][info][gc          ] GC(888) Concurrent Undo Cycle
[2026-03-19T11:38:28.053+0800][424.542s][info][gc,marking  ] GC(888) Concurrent Cleanup for Next Mark
[2026-03-19T11:38:28.053+0800][424.543s][info][gc,marking  ] GC(888) Concurrent Cleanup for Next Mark 0.523ms
[2026-03-19T11:38:28.053+0800][424.543s][info][gc          ] GC(888) Concurrent Undo Cycle 0.864ms
[2026-03-19T11:38:29.000+0800][425.489s][info][gc,start    ] GC(889) Pause Young (Concurrent Start) (G1 Humongous Allocation)
[2026-03-19T11:38:29.000+0800][425.490s][info][gc,task     ] GC(889) Using 3 workers of 13 for evacuation
[2026-03-19T11:38:29.002+0800][425.492s][info][gc,phases   ] GC(889)   Pre Evacuate Collection Set: 0.2ms
[2026-03-19T11:38:29.003+0800][425.492s][info][gc,phases   ] GC(889)   Merge Heap Roots: 0.1ms
[2026-03-19T11:38:29.003+0800][425.492s][info][gc,phases   ] GC(889)   Evacuate Collection Set: 0.9ms
[2026-03-19T11:38:29.003+0800][425.492s][info][gc,phases   ] GC(889)   Post Evacuate Collection Set: 0.9ms
[2026-03-19T11:38:29.003+0800][425.493s][info][gc,phases   ] GC(889)   Other: 0.5ms
[2026-03-19T11:38:29.003+0800][425.493s][info][gc,heap     ] GC(889) Eden regions: 12->0(74)
[2026-03-19T11:38:29.003+0800][425.493s][info][gc,heap     ] GC(889) Survivor regions: 2->2(10)
[2026-03-19T11:38:29.003+0800][425.493s][info][gc,heap     ] GC(889) Old regions: 18->18
[2026-03-19T11:38:29.003+0800][425.493s][info][gc,heap     ] GC(889) Archive regions: 0->0
[2026-03-19T11:38:29.003+0800][425.493s][info][gc,heap     ] GC(889) Humongous regions: 39->9
[2026-03-19T11:38:29.003+0800][425.493s][info][gc,metaspace] GC(889) Metaspace: 22911K(23232K)->22911K(23232K) NonClass: 20301K(20480K)->20301K(20480K) Class: 2610K(2752K)->2610K(2752K)
[2026-03-19T11:38:29.003+0800][425.493s][info][gc          ] GC(889) Pause Young (Concurrent Start) (G1 Humongous Allocation) 69M->27M(128M) 3.758ms
[2026-03-19T11:38:29.004+0800][425.493s][info][gc,cpu      ] GC(889) User=0.00s Sys=0.00s Real=0.00s
[2026-03-19T11:38:29.004+0800][425.493s][info][gc          ] GC(890) Concurrent Undo Cycle
[2026-03-19T11:38:29.004+0800][425.493s][info][gc,marking  ] GC(890) Concurrent Cleanup for Next Mark
[2026-03-19T11:38:29.004+0800][425.494s][info][gc,marking  ] GC(890) Concurrent Cleanup for Next Mark 0.438ms
[2026-03-19T11:38:29.004+0800][425.494s][info][gc          ] GC(890) Concurrent Undo Cycle 0.751ms
[2026-03-19T11:38:29.946+0800][426.435s][info][gc,start    ] GC(891) Pause Young (Concurrent Start) (G1 Humongous Allocation)
[2026-03-19T11:38:29.946+0800][426.435s][info][gc,task     ] GC(891) Using 3 workers of 13 for evacuation
[2026-03-19T11:38:29.947+0800][426.437s][info][gc,phases   ] GC(891)   Pre Evacuate Collection Set: 0.1ms
[2026-03-19T11:38:29.948+0800][426.437s][info][gc,phases   ] GC(891)   Merge Heap Roots: 0.3ms
[2026-03-19T11:38:29.948+0800][426.437s][info][gc,phases   ] GC(891)   Evacuate Collection Set: 0.7ms
[2026-03-19T11:38:29.948+0800][426.437s][info][gc,phases   ] GC(891)   Post Evacuate Collection Set: 0.9ms
[2026-03-19T11:38:29.948+0800][426.437s][info][gc,phases   ] GC(891)   Other: 0.2ms
[2026-03-19T11:38:29.948+0800][426.438s][info][gc,heap     ] GC(891) Eden regions: 12->0(74)
[2026-03-19T11:38:29.948+0800][426.438s][info][gc,heap     ] GC(891) Survivor regions: 2->2(10)
[2026-03-19T11:38:29.948+0800][426.438s][info][gc,heap     ] GC(891) Old regions: 18->18
[2026-03-19T11:38:29.948+0800][426.438s][info][gc,heap     ] GC(891) Archive regions: 0->0
[2026-03-19T11:38:29.948+0800][426.438s][info][gc,heap     ] GC(891) Humongous regions: 39->9
[2026-03-19T11:38:29.948+0800][426.438s][info][gc,metaspace] GC(891) Metaspace: 22911K(23232K)->22911K(23232K) NonClass: 20301K(20480K)->20301K(20480K) Class: 2610K(2752K)->2610K(2752K)
[2026-03-19T11:38:29.948+0800][426.438s][info][gc          ] GC(891) Pause Young (Concurrent Start) (G1 Humongous Allocation) 69M->27M(128M) 2.581ms
[2026-03-19T11:38:29.948+0800][426.438s][info][gc,cpu      ] GC(891) User=0.00s Sys=0.00s Real=0.00s
[2026-03-19T11:38:29.948+0800][426.438s][info][gc          ] GC(892) Concurrent Undo Cycle
[2026-03-19T11:38:29.948+0800][426.438s][info][gc,marking  ] GC(892) Concurrent Cleanup for Next Mark
[2026-03-19T11:38:29.948+0800][426.438s][info][gc,marking  ] GC(892) Concurrent Cleanup for Next Mark 0.207ms
[2026-03-19T11:38:29.948+0800][426.438s][info][gc          ] GC(892) Concurrent Undo Cycle 0.399ms
[2026-03-19T11:38:30.881+0800][427.370s][info][gc,start    ] GC(893) Pause Young (Concurrent Start) (G1 Humongous Allocation)
[2026-03-19T11:38:30.881+0800][427.370s][info][gc,task     ] GC(893) Using 3 workers of 13 for evacuation
[2026-03-19T11:38:30.883+0800][427.373s][info][gc,phases   ] GC(893)   Pre Evacuate Collection Set: 0.3ms
[2026-03-19T11:38:30.883+0800][427.373s][info][gc,phases   ] GC(893)   Merge Heap Roots: 0.3ms
[2026-03-19T11:38:30.884+0800][427.373s][info][gc,phases   ] GC(893)   Evacuate Collection Set: 0.8ms
[2026-03-19T11:38:30.884+0800][427.373s][info][gc,phases   ] GC(893)   Post Evacuate Collection Set: 0.8ms
[2026-03-19T11:38:30.884+0800][427.373s][info][gc,phases   ] GC(893)   Other: 0.3ms
[2026-03-19T11:38:30.884+0800][427.373s][info][gc,heap     ] GC(893) Eden regions: 12->0(74)
[2026-03-19T11:38:30.884+0800][427.373s][info][gc,heap     ] GC(893) Survivor regions: 2->2(10)
[2026-03-19T11:38:30.884+0800][427.373s][info][gc,heap     ] GC(893) Old regions: 18->18
[2026-03-19T11:38:30.884+0800][427.373s][info][gc,heap     ] GC(893) Archive regions: 0->0
[2026-03-19T11:38:30.884+0800][427.373s][info][gc,heap     ] GC(893) Humongous regions: 39->9
[2026-03-19T11:38:30.884+0800][427.373s][info][gc,metaspace] GC(893) Metaspace: 22911K(23232K)->22911K(23232K) NonClass: 20301K(20480K)->20301K(20480K) Class: 2610K(2752K)->2610K(2752K)
[2026-03-19T11:38:30.884+0800][427.373s][info][gc          ] GC(893) Pause Young (Concurrent Start) (G1 Humongous Allocation) 69M->27M(128M) 2.789ms
[2026-03-19T11:38:30.884+0800][427.373s][info][gc,cpu      ] GC(893) User=0.00s Sys=0.00s Real=0.00s
[2026-03-19T11:38:30.884+0800][427.373s][info][gc          ] GC(894) Concurrent Undo Cycle
[2026-03-19T11:38:30.884+0800][427.373s][info][gc,marking  ] GC(894) Concurrent Cleanup for Next Mark
[2026-03-19T11:38:30.884+0800][427.373s][info][gc,marking  ] GC(894) Concurrent Cleanup for Next Mark 0.257ms
[2026-03-19T11:38:30.884+0800][427.373s][info][gc          ] GC(894) Concurrent Undo Cycle 0.365ms
[2026-03-19T11:38:31.817+0800][428.306s][info][gc,start    ] GC(895) Pause Young (Concurrent Start) (G1 Humongous Allocation)
[2026-03-19T11:38:31.817+0800][428.306s][info][gc,task     ] GC(895) Using 3 workers of 13 for evacuation
[2026-03-19T11:38:31.819+0800][428.308s][info][gc,phases   ] GC(895)   Pre Evacuate Collection Set: 0.2ms
[2026-03-19T11:38:31.819+0800][428.308s][info][gc,phases   ] GC(895)   Merge Heap Roots: 0.2ms
[2026-03-19T11:38:31.819+0800][428.308s][info][gc,phases   ] GC(895)   Evacuate Collection Set: 0.6ms
[2026-03-19T11:38:31.819+0800][428.308s][info][gc,phases   ] GC(895)   Post Evacuate Collection Set: 0.7ms
[2026-03-19T11:38:31.819+0800][428.308s][info][gc,phases   ] GC(895)   Other: 0.2ms
[2026-03-19T11:38:31.819+0800][428.308s][info][gc,heap     ] GC(895) Eden regions: 13->0(74)
[2026-03-19T11:38:31.819+0800][428.308s][info][gc,heap     ] GC(895) Survivor regions: 2->2(10)
[2026-03-19T11:38:31.819+0800][428.308s][info][gc,heap     ] GC(895) Old regions: 18->18
[2026-03-19T11:38:31.819+0800][428.308s][info][gc,heap     ] GC(895) Archive regions: 0->0
[2026-03-19T11:38:31.819+0800][428.308s][info][gc,heap     ] GC(895) Humongous regions: 39->9
[2026-03-19T11:38:31.819+0800][428.308s][info][gc,metaspace] GC(895) Metaspace: 22911K(23232K)->22911K(23232K) NonClass: 20301K(20480K)->20301K(20480K) Class: 2610K(2752K)->2610K(2752K)
[2026-03-19T11:38:31.819+0800][428.308s][info][gc          ] GC(895) Pause Young (Concurrent Start) (G1 Humongous Allocation) 70M->27M(128M) 2.268ms
[2026-03-19T11:38:31.819+0800][428.308s][info][gc,cpu      ] GC(895) User=0.00s Sys=0.00s Real=0.00s
[2026-03-19T11:38:31.819+0800][428.308s][info][gc          ] GC(896) Concurrent Undo Cycle
[2026-03-19T11:38:31.819+0800][428.308s][info][gc,marking  ] GC(896) Concurrent Cleanup for Next Mark
[2026-03-19T11:38:31.819+0800][428.309s][info][gc,marking  ] GC(896) Concurrent Cleanup for Next Mark 0.201ms
[2026-03-19T11:38:31.819+0800][428.309s][info][gc          ] GC(896) Concurrent Undo Cycle 0.308ms
[2026-03-19T11:38:32.730+0800][429.220s][info][gc,start    ] GC(897) Pause Young (Concurrent Start) (G1 Humongous Allocation)
[2026-03-19T11:38:32.730+0800][429.220s][info][gc,task     ] GC(897) Using 3 workers of 13 for evacuation
[2026-03-19T11:38:32.732+0800][429.222s][info][gc,phases   ] GC(897)   Pre Evacuate Collection Set: 0.1ms
[2026-03-19T11:38:32.732+0800][429.222s][info][gc,phases   ] GC(897)   Merge Heap Roots: 0.1ms
[2026-03-19T11:38:32.732+0800][429.222s][info][gc,phases   ] GC(897)   Evacuate Collection Set: 0.5ms
[2026-03-19T11:38:32.732+0800][429.222s][info][gc,phases   ] GC(897)   Post Evacuate Collection Set: 0.6ms
[2026-03-19T11:38:32.732+0800][429.222s][info][gc,phases   ] GC(897)   Other: 0.2ms
[2026-03-19T11:38:32.732+0800][429.222s][info][gc,heap     ] GC(897) Eden regions: 13->0(74)
[2026-03-19T11:38:32.732+0800][429.222s][info][gc,heap     ] GC(897) Survivor regions: 2->2(10)
[2026-03-19T11:38:32.732+0800][429.222s][info][gc,heap     ] GC(897) Old regions: 18->18
[2026-03-19T11:38:32.732+0800][429.222s][info][gc,heap     ] GC(897) Archive regions: 0->0
[2026-03-19T11:38:32.732+0800][429.222s][info][gc,heap     ] GC(897) Humongous regions: 39->9
[2026-03-19T11:38:32.732+0800][429.222s][info][gc,metaspace] GC(897) Metaspace: 22911K(23232K)->22911K(23232K) NonClass: 20301K(20480K)->20301K(20480K) Class: 2610K(2752K)->2610K(2752K)
[2026-03-19T11:38:32.732+0800][429.222s][info][gc          ] GC(897) Pause Young (Concurrent Start) (G1 Humongous Allocation) 70M->27M(128M) 1.742ms
[2026-03-19T11:38:32.732+0800][429.222s][info][gc,cpu      ] GC(897) User=0.00s Sys=0.00s Real=0.00s
[2026-03-19T11:38:32.732+0800][429.222s][info][gc          ] GC(898) Concurrent Undo Cycle
[2026-03-19T11:38:32.732+0800][429.222s][info][gc,marking  ] GC(898) Concurrent Cleanup for Next Mark
[2026-03-19T11:38:32.733+0800][429.222s][info][gc,marking  ] GC(898) Concurrent Cleanup for Next Mark 0.238ms
[2026-03-19T11:38:32.733+0800][429.222s][info][gc          ] GC(898) Concurrent Undo Cycle 0.395ms
[2026-03-19T11:38:33.642+0800][430.132s][info][gc,start    ] GC(899) Pause Young (Concurrent Start) (G1 Humongous Allocation)
[2026-03-19T11:38:33.643+0800][430.132s][info][gc,task     ] GC(899) Using 3 workers of 13 for evacuation
[2026-03-19T11:38:33.645+0800][430.134s][info][gc,phases   ] GC(899)   Pre Evacuate Collection Set: 0.4ms
[2026-03-19T11:38:33.645+0800][430.134s][info][gc,phases   ] GC(899)   Merge Heap Roots: 0.2ms
[2026-03-19T11:38:33.645+0800][430.134s][info][gc,phases   ] GC(899)   Evacuate Collection Set: 0.6ms
[2026-03-19T11:38:33.645+0800][430.134s][info][gc,phases   ] GC(899)   Post Evacuate Collection Set: 0.9ms
[2026-03-19T11:38:33.645+0800][430.134s][info][gc,phases   ] GC(899)   Other: 0.2ms
[2026-03-19T11:38:33.645+0800][430.134s][info][gc,heap     ] GC(899) Eden regions: 12->0(74)
[2026-03-19T11:38:33.645+0800][430.134s][info][gc,heap     ] GC(899) Survivor regions: 2->2(10)
[2026-03-19T11:38:33.645+0800][430.134s][info][gc,heap     ] GC(899) Old regions: 18->18
[2026-03-19T11:38:33.645+0800][430.134s][info][gc,heap     ] GC(899) Archive regions: 0->0
[2026-03-19T11:38:33.645+0800][430.134s][info][gc,heap     ] GC(899) Humongous regions: 39->9
[2026-03-19T11:38:33.645+0800][430.134s][info][gc,metaspace] GC(899) Metaspace: 22911K(23232K)->22911K(23232K) NonClass: 20301K(20480K)->20301K(20480K) Class: 2610K(2752K)->2610K(2752K)
[2026-03-19T11:38:33.645+0800][430.134s][info][gc          ] GC(899) Pause Young (Concurrent Start) (G1 Humongous Allocation) 69M->27M(128M) 2.557ms
[2026-03-19T11:38:33.645+0800][430.135s][info][gc,cpu      ] GC(899) User=0.00s Sys=0.00s Real=0.00s
[2026-03-19T11:38:33.645+0800][430.135s][info][gc          ] GC(900) Concurrent Undo Cycle
[2026-03-19T11:38:33.645+0800][430.135s][info][gc,marking  ] GC(900) Concurrent Cleanup for Next Mark
[2026-03-19T11:38:33.646+0800][430.135s][info][gc,marking  ] GC(900) Concurrent Cleanup for Next Mark 0.287ms
[2026-03-19T11:38:33.646+0800][430.135s][info][gc          ] GC(900) Concurrent Undo Cycle 0.415ms
[2026-03-19T11:38:34.573+0800][431.062s][info][gc,start    ] GC(901) Pause Young (Concurrent Start) (G1 Humongous Allocation)
[2026-03-19T11:38:34.573+0800][431.062s][info][gc,task     ] GC(901) Using 3 workers of 13 for evacuation
[2026-03-19T11:38:34.574+0800][431.064s][info][gc,phases   ] GC(901)   Pre Evacuate Collection Set: 0.2ms
[2026-03-19T11:38:34.574+0800][431.064s][info][gc,phases   ] GC(901)   Merge Heap Roots: 0.1ms
[2026-03-19T11:38:34.574+0800][431.064s][info][gc,phases   ] GC(901)   Evacuate Collection Set: 0.6ms
[2026-03-19T11:38:34.574+0800][431.064s][info][gc,phases   ] GC(901)   Post Evacuate Collection Set: 0.5ms
[2026-03-19T11:38:34.574+0800][431.064s][info][gc,phases   ] GC(901)   Other: 0.2ms
[2026-03-19T11:38:34.574+0800][431.064s][info][gc,heap     ] GC(901) Eden regions: 13->0(74)
[2026-03-19T11:38:34.574+0800][431.064s][info][gc,heap     ] GC(901) Survivor regions: 2->2(10)
[2026-03-19T11:38:34.574+0800][431.064s][info][gc,heap     ] GC(901) Old regions: 18->18
[2026-03-19T11:38:34.574+0800][431.064s][info][gc,heap     ] GC(901) Archive regions: 0->0
[2026-03-19T11:38:34.574+0800][431.064s][info][gc,heap     ] GC(901) Humongous regions: 39->9
[2026-03-19T11:38:34.574+0800][431.064s][info][gc,metaspace] GC(901) Metaspace: 22911K(23232K)->22911K(23232K) NonClass: 20301K(20480K)->20301K(20480K) Class: 2610K(2752K)->2610K(2752K)
[2026-03-19T11:38:34.574+0800][431.064s][info][gc          ] GC(901) Pause Young (Concurrent Start) (G1 Humongous Allocation) 70M->27M(128M) 1.664ms
[2026-03-19T11:38:34.575+0800][431.064s][info][gc,cpu      ] GC(901) User=0.00s Sys=0.00s Real=0.00s
[2026-03-19T11:38:34.575+0800][431.064s][info][gc          ] GC(902) Concurrent Undo Cycle
[2026-03-19T11:38:34.575+0800][431.064s][info][gc,marking  ] GC(902) Concurrent Cleanup for Next Mark
[2026-03-19T11:38:34.575+0800][431.064s][info][gc,marking  ] GC(902) Concurrent Cleanup for Next Mark 0.187ms
[2026-03-19T11:38:34.575+0800][431.064s][info][gc          ] GC(902) Concurrent Undo Cycle 0.282ms
[2026-03-19T11:38:35.500+0800][431.990s][info][gc,start    ] GC(903) Pause Young (Concurrent Start) (G1 Humongous Allocation)
[2026-03-19T11:38:35.501+0800][431.990s][info][gc,task     ] GC(903) Using 3 workers of 13 for evacuation
[2026-03-19T11:38:35.503+0800][431.993s][info][gc,phases   ] GC(903)   Pre Evacuate Collection Set: 0.2ms
[2026-03-19T11:38:35.503+0800][431.993s][info][gc,phases   ] GC(903)   Merge Heap Roots: 0.2ms
[2026-03-19T11:38:35.503+0800][431.993s][info][gc,phases   ] GC(903)   Evacuate Collection Set: 1.0ms
[2026-03-19T11:38:35.503+0800][431.993s][info][gc,phases   ] GC(903)   Post Evacuate Collection Set: 0.8ms
[2026-03-19T11:38:35.503+0800][431.993s][info][gc,phases   ] GC(903)   Other: 0.4ms
[2026-03-19T11:38:35.503+0800][431.993s][info][gc,heap     ] GC(903) Eden regions: 12->0(74)
[2026-03-19T11:38:35.503+0800][431.993s][info][gc,heap     ] GC(903) Survivor regions: 2->2(10)
[2026-03-19T11:38:35.503+0800][431.993s][info][gc,heap     ] GC(903) Old regions: 18->18
[2026-03-19T11:38:35.503+0800][431.993s][info][gc,heap     ] GC(903) Archive regions: 0->0
[2026-03-19T11:38:35.503+0800][431.993s][info][gc,heap     ] GC(903) Humongous regions: 39->9
[2026-03-19T11:38:35.503+0800][431.993s][info][gc,metaspace] GC(903) Metaspace: 22911K(23232K)->22911K(23232K) NonClass: 20301K(20480K)->20301K(20480K) Class: 2610K(2752K)->2610K(2752K)
[2026-03-19T11:38:35.503+0800][431.993s][info][gc          ] GC(903) Pause Young (Concurrent Start) (G1 Humongous Allocation) 69M->27M(128M) 2.903ms
[2026-03-19T11:38:35.503+0800][431.993s][info][gc,cpu      ] GC(903) User=0.00s Sys=0.00s Real=0.00s
[2026-03-19T11:38:35.503+0800][431.993s][info][gc          ] GC(904) Concurrent Undo Cycle
[2026-03-19T11:38:35.503+0800][431.993s][info][gc,marking  ] GC(904) Concurrent Cleanup for Next Mark
[2026-03-19T11:38:35.504+0800][431.994s][info][gc,marking  ] GC(904) Concurrent Cleanup for Next Mark 0.342ms
[2026-03-19T11:38:35.504+0800][431.994s][info][gc          ] GC(904) Concurrent Undo Cycle 0.644ms
[2026-03-19T11:38:36.423+0800][432.912s][info][gc,start    ] GC(905) Pause Young (Concurrent Start) (G1 Humongous Allocation)
[2026-03-19T11:38:36.423+0800][432.912s][info][gc,task     ] GC(905) Using 3 workers of 13 for evacuation
[2026-03-19T11:38:36.425+0800][432.914s][info][gc,phases   ] GC(905)   Pre Evacuate Collection Set: 0.2ms
[2026-03-19T11:38:36.425+0800][432.914s][info][gc,phases   ] GC(905)   Merge Heap Roots: 0.1ms
[2026-03-19T11:38:36.425+0800][432.914s][info][gc,phases   ] GC(905)   Evacuate Collection Set: 0.6ms
[2026-03-19T11:38:36.425+0800][432.914s][info][gc,phases   ] GC(905)   Post Evacuate Collection Set: 0.6ms
[2026-03-19T11:38:36.425+0800][432.914s][info][gc,phases   ] GC(905)   Other: 0.2ms
[2026-03-19T11:38:36.425+0800][432.914s][info][gc,heap     ] GC(905) Eden regions: 12->0(74)
[2026-03-19T11:38:36.425+0800][432.914s][info][gc,heap     ] GC(905) Survivor regions: 2->2(10)
[2026-03-19T11:38:36.425+0800][432.914s][info][gc,heap     ] GC(905) Old regions: 18->18
[2026-03-19T11:38:36.425+0800][432.914s][info][gc,heap     ] GC(905) Archive regions: 0->0
[2026-03-19T11:38:36.425+0800][432.914s][info][gc,heap     ] GC(905) Humongous regions: 39->9
[2026-03-19T11:38:36.425+0800][432.914s][info][gc,metaspace] GC(905) Metaspace: 22911K(23232K)->22911K(23232K) NonClass: 20301K(20480K)->20301K(20480K) Class: 2610K(2752K)->2610K(2752K)
[2026-03-19T11:38:36.425+0800][432.914s][info][gc          ] GC(905) Pause Young (Concurrent Start) (G1 Humongous Allocation) 69M->27M(128M) 1.911ms
[2026-03-19T11:38:36.425+0800][432.914s][info][gc,cpu      ] GC(905) User=0.00s Sys=0.00s Real=0.00s
[2026-03-19T11:38:36.425+0800][432.914s][info][gc          ] GC(906) Concurrent Undo Cycle
[2026-03-19T11:38:36.425+0800][432.915s][info][gc,marking  ] GC(906) Concurrent Cleanup for Next Mark
[2026-03-19T11:38:36.425+0800][432.915s][info][gc,marking  ] GC(906) Concurrent Cleanup for Next Mark 0.245ms
[2026-03-19T11:38:36.425+0800][432.915s][info][gc          ] GC(906) Concurrent Undo Cycle 0.383ms
[2026-03-19T11:38:37.360+0800][433.850s][info][gc,start    ] GC(907) Pause Young (Concurrent Start) (G1 Humongous Allocation)
[2026-03-19T11:38:37.360+0800][433.850s][info][gc,task     ] GC(907) Using 3 workers of 13 for evacuation
[2026-03-19T11:38:37.362+0800][433.852s][info][gc,phases   ] GC(907)   Pre Evacuate Collection Set: 0.1ms
[2026-03-19T11:38:37.362+0800][433.852s][info][gc,phases   ] GC(907)   Merge Heap Roots: 0.0ms
[2026-03-19T11:38:37.362+0800][433.852s][info][gc,phases   ] GC(907)   Evacuate Collection Set: 0.9ms
[2026-03-19T11:38:37.362+0800][433.852s][info][gc,phases   ] GC(907)   Post Evacuate Collection Set: 0.3ms
[2026-03-19T11:38:37.362+0800][433.852s][info][gc,phases   ] GC(907)   Other: 0.4ms
[2026-03-19T11:38:37.362+0800][433.852s][info][gc,heap     ] GC(907) Eden regions: 12->0(74)
[2026-03-19T11:38:37.362+0800][433.852s][info][gc,heap     ] GC(907) Survivor regions: 2->2(10)
[2026-03-19T11:38:37.362+0800][433.852s][info][gc,heap     ] GC(907) Old regions: 18->18
[2026-03-19T11:38:37.362+0800][433.852s][info][gc,heap     ] GC(907) Archive regions: 0->0
[2026-03-19T11:38:37.362+0800][433.852s][info][gc,heap     ] GC(907) Humongous regions: 39->9
[2026-03-19T11:38:37.362+0800][433.852s][info][gc,metaspace] GC(907) Metaspace: 22911K(23232K)->22911K(23232K) NonClass: 20301K(20480K)->20301K(20480K) Class: 2610K(2752K)->2610K(2752K)
[2026-03-19T11:38:37.363+0800][433.852s][info][gc          ] GC(907) Pause Young (Concurrent Start) (G1 Humongous Allocation) 69M->27M(128M) 2.520ms
[2026-03-19T11:38:37.363+0800][433.852s][info][gc,cpu      ] GC(907) User=0.00s Sys=0.00s Real=0.00s
[2026-03-19T11:38:37.363+0800][433.853s][info][gc          ] GC(908) Concurrent Undo Cycle
[2026-03-19T11:38:37.363+0800][433.853s][info][gc,marking  ] GC(908) Concurrent Cleanup for Next Mark
[2026-03-19T11:38:37.363+0800][433.853s][info][gc,marking  ] GC(908) Concurrent Cleanup for Next Mark 0.276ms
[2026-03-19T11:38:37.363+0800][433.853s][info][gc          ] GC(908) Concurrent Undo Cycle 0.531ms
[2026-03-19T11:38:38.299+0800][434.789s][info][gc,start    ] GC(909) Pause Young (Concurrent Start) (G1 Humongous Allocation)
[2026-03-19T11:38:38.299+0800][434.789s][info][gc,task     ] GC(909) Using 3 workers of 13 for evacuation
[2026-03-19T11:38:38.301+0800][434.790s][info][gc,phases   ] GC(909)   Pre Evacuate Collection Set: 0.1ms
[2026-03-19T11:38:38.301+0800][434.791s][info][gc,phases   ] GC(909)   Merge Heap Roots: 0.1ms
[2026-03-19T11:38:38.301+0800][434.791s][info][gc,phases   ] GC(909)   Evacuate Collection Set: 0.9ms
[2026-03-19T11:38:38.301+0800][434.791s][info][gc,phases   ] GC(909)   Post Evacuate Collection Set: 0.4ms
[2026-03-19T11:38:38.301+0800][434.791s][info][gc,phases   ] GC(909)   Other: 0.4ms
[2026-03-19T11:38:38.301+0800][434.791s][info][gc,heap     ] GC(909) Eden regions: 13->0(74)
[2026-03-19T11:38:38.301+0800][434.791s][info][gc,heap     ] GC(909) Survivor regions: 2->2(10)
[2026-03-19T11:38:38.301+0800][434.791s][info][gc,heap     ] GC(909) Old regions: 18->18
[2026-03-19T11:38:38.301+0800][434.791s][info][gc,heap     ] GC(909) Archive regions: 0->0
[2026-03-19T11:38:38.302+0800][434.791s][info][gc,heap     ] GC(909) Humongous regions: 39->9
[2026-03-19T11:38:38.302+0800][434.791s][info][gc,metaspace] GC(909) Metaspace: 22911K(23232K)->22911K(23232K) NonClass: 20301K(20480K)->20301K(20480K) Class: 2610K(2752K)->2610K(2752K)
[2026-03-19T11:38:38.302+0800][434.791s][info][gc          ] GC(909) Pause Young (Concurrent Start) (G1 Humongous Allocation) 70M->27M(128M) 2.720ms
[2026-03-19T11:38:38.302+0800][434.791s][info][gc,cpu      ] GC(909) User=0.00s Sys=0.00s Real=0.00s
[2026-03-19T11:38:38.302+0800][434.791s][info][gc          ] GC(910) Concurrent Undo Cycle
[2026-03-19T11:38:38.302+0800][434.792s][info][gc,marking  ] GC(910) Concurrent Cleanup for Next Mark
[2026-03-19T11:38:38.302+0800][434.792s][info][gc,marking  ] GC(910) Concurrent Cleanup for Next Mark 0.326ms
[2026-03-19T11:38:38.303+0800][434.792s][info][gc          ] GC(910) Concurrent Undo Cycle 0.673ms
[2026-03-19T11:38:39.327+0800][435.817s][info][gc,start    ] GC(911) Pause Young (Concurrent Start) (G1 Humongous Allocation)
[2026-03-19T11:38:39.328+0800][435.817s][info][gc,task     ] GC(911) Using 3 workers of 13 for evacuation
[2026-03-19T11:38:39.331+0800][435.822s][info][gc,phases   ] GC(911)   Pre Evacuate Collection Set: 0.2ms
[2026-03-19T11:38:39.333+0800][435.822s][info][gc,phases   ] GC(911)   Merge Heap Roots: 0.2ms
[2026-03-19T11:38:39.333+0800][435.823s][info][gc,phases   ] GC(911)   Evacuate Collection Set: 2.4ms
[2026-03-19T11:38:39.333+0800][435.823s][info][gc,phases   ] GC(911)   Post Evacuate Collection Set: 1.1ms
[2026-03-19T11:38:39.334+0800][435.823s][info][gc,phases   ] GC(911)   Other: 0.8ms
[2026-03-19T11:38:39.334+0800][435.823s][info][gc,heap     ] GC(911) Eden regions: 13->0(74)
[2026-03-19T11:38:39.334+0800][435.824s][info][gc,heap     ] GC(911) Survivor regions: 2->2(10)
[2026-03-19T11:38:39.335+0800][435.824s][info][gc,heap     ] GC(911) Old regions: 18->18
[2026-03-19T11:38:39.335+0800][435.824s][info][gc,heap     ] GC(911) Archive regions: 0->0
[2026-03-19T11:38:39.335+0800][435.825s][info][gc,heap     ] GC(911) Humongous regions: 39->9
[2026-03-19T11:38:39.335+0800][435.825s][info][gc,metaspace] GC(911) Metaspace: 22912K(23232K)->22912K(23232K) NonClass: 20302K(20480K)->20302K(20480K) Class: 2610K(2752K)->2610K(2752K)
[2026-03-19T11:38:39.336+0800][435.825s][info][gc          ] GC(911) Pause Young (Concurrent Start) (G1 Humongous Allocation) 70M->27M(128M) 7.816ms
[2026-03-19T11:38:39.336+0800][435.825s][info][gc,cpu      ] GC(911) User=0.00s Sys=0.00s Real=0.01s
[2026-03-19T11:38:39.336+0800][435.825s][info][gc          ] GC(912) Concurrent Undo Cycle
[2026-03-19T11:38:39.336+0800][435.826s][info][gc,marking  ] GC(912) Concurrent Cleanup for Next Mark
[2026-03-19T11:38:39.337+0800][435.827s][info][gc,marking  ] GC(912) Concurrent Cleanup for Next Mark 0.963ms
[2026-03-19T11:38:39.337+0800][435.827s][info][gc          ] GC(912) Concurrent Undo Cycle 1.723ms
[2026-03-19T11:38:40.320+0800][436.809s][info][gc,start    ] GC(913) Pause Young (Concurrent Start) (G1 Humongous Allocation)
[2026-03-19T11:38:40.320+0800][436.809s][info][gc,task     ] GC(913) Using 3 workers of 13 for evacuation
[2026-03-19T11:38:40.322+0800][436.811s][info][gc,phases   ] GC(913)   Pre Evacuate Collection Set: 0.1ms
[2026-03-19T11:38:40.322+0800][436.811s][info][gc,phases   ] GC(913)   Merge Heap Roots: 0.1ms
[2026-03-19T11:38:40.322+0800][436.811s][info][gc,phases   ] GC(913)   Evacuate Collection Set: 1.1ms
[2026-03-19T11:38:40.322+0800][436.811s][info][gc,phases   ] GC(913)   Post Evacuate Collection Set: 0.4ms
[2026-03-19T11:38:40.322+0800][436.811s][info][gc,phases   ] GC(913)   Other: 0.5ms
[2026-03-19T11:38:40.322+0800][436.811s][info][gc,heap     ] GC(913) Eden regions: 13->0(74)
[2026-03-19T11:38:40.322+0800][436.812s][info][gc,heap     ] GC(913) Survivor regions: 2->2(10)
[2026-03-19T11:38:40.322+0800][436.812s][info][gc,heap     ] GC(913) Old regions: 18->18
[2026-03-19T11:38:40.322+0800][436.812s][info][gc,heap     ] GC(913) Archive regions: 0->0
[2026-03-19T11:38:40.322+0800][436.812s][info][gc,heap     ] GC(913) Humongous regions: 39->9
[2026-03-19T11:38:40.322+0800][436.812s][info][gc,metaspace] GC(913) Metaspace: 22912K(23232K)->22912K(23232K) NonClass: 20302K(20480K)->20302K(20480K) Class: 2610K(2752K)->2610K(2752K)
[2026-03-19T11:38:40.322+0800][436.812s][info][gc          ] GC(913) Pause Young (Concurrent Start) (G1 Humongous Allocation) 70M->27M(128M) 2.838ms
[2026-03-19T11:38:40.322+0800][436.812s][info][gc,cpu      ] GC(913) User=0.00s Sys=0.00s Real=0.00s
[2026-03-19T11:38:40.322+0800][436.812s][info][gc          ] GC(914) Concurrent Undo Cycle
[2026-03-19T11:38:40.323+0800][436.812s][info][gc,marking  ] GC(914) Concurrent Cleanup for Next Mark
[2026-03-19T11:38:40.323+0800][436.812s][info][gc,marking  ] GC(914) Concurrent Cleanup for Next Mark 0.272ms
[2026-03-19T11:38:40.323+0800][436.813s][info][gc          ] GC(914) Concurrent Undo Cycle 0.545ms
[2026-03-19T11:38:41.253+0800][437.743s][info][gc,start    ] GC(915) Pause Young (Concurrent Start) (G1 Humongous Allocation)
[2026-03-19T11:38:41.253+0800][437.743s][info][gc,task     ] GC(915) Using 3 workers of 13 for evacuation
[2026-03-19T11:38:41.255+0800][437.745s][info][gc,phases   ] GC(915)   Pre Evacuate Collection Set: 0.3ms
[2026-03-19T11:38:41.256+0800][437.745s][info][gc,phases   ] GC(915)   Merge Heap Roots: 0.3ms
[2026-03-19T11:38:41.256+0800][437.745s][info][gc,phases   ] GC(915)   Evacuate Collection Set: 0.7ms
[2026-03-19T11:38:41.256+0800][437.746s][info][gc,phases   ] GC(915)   Post Evacuate Collection Set: 0.8ms
[2026-03-19T11:38:41.256+0800][437.746s][info][gc,phases   ] GC(915)   Other: 0.3ms
[2026-03-19T11:38:41.256+0800][437.746s][info][gc,heap     ] GC(915) Eden regions: 13->0(74)
[2026-03-19T11:38:41.256+0800][437.746s][info][gc,heap     ] GC(915) Survivor regions: 2->2(10)
[2026-03-19T11:38:41.256+0800][437.746s][info][gc,heap     ] GC(915) Old regions: 18->18
[2026-03-19T11:38:41.256+0800][437.746s][info][gc,heap     ] GC(915) Archive regions: 0->0
[2026-03-19T11:38:41.256+0800][437.746s][info][gc,heap     ] GC(915) Humongous regions: 39->9
[2026-03-19T11:38:41.256+0800][437.746s][info][gc,metaspace] GC(915) Metaspace: 22912K(23232K)->22912K(23232K) NonClass: 20302K(20480K)->20302K(20480K) Class: 2610K(2752K)->2610K(2752K)
[2026-03-19T11:38:41.256+0800][437.746s][info][gc          ] GC(915) Pause Young (Concurrent Start) (G1 Humongous Allocation) 70M->27M(128M) 2.703ms
[2026-03-19T11:38:41.256+0800][437.746s][info][gc,cpu      ] GC(915) User=0.00s Sys=0.00s Real=0.00s
[2026-03-19T11:38:41.256+0800][437.746s][info][gc          ] GC(916) Concurrent Undo Cycle
[2026-03-19T11:38:41.256+0800][437.746s][info][gc,marking  ] GC(916) Concurrent Cleanup for Next Mark
[2026-03-19T11:38:41.256+0800][437.746s][info][gc,marking  ] GC(916) Concurrent Cleanup for Next Mark 0.416ms
[2026-03-19T11:38:41.257+0800][437.746s][info][gc          ] GC(916) Concurrent Undo Cycle 0.638ms
[2026-03-19T11:38:42.191+0800][438.680s][info][gc,start    ] GC(917) Pause Young (Concurrent Start) (G1 Humongous Allocation)
[2026-03-19T11:38:42.191+0800][438.680s][info][gc,task     ] GC(917) Using 3 workers of 13 for evacuation
[2026-03-19T11:38:42.192+0800][438.682s][info][gc,phases   ] GC(917)   Pre Evacuate Collection Set: 0.2ms
[2026-03-19T11:38:42.192+0800][438.682s][info][gc,phases   ] GC(917)   Merge Heap Roots: 0.2ms
[2026-03-19T11:38:42.192+0800][438.682s][info][gc,phases   ] GC(917)   Evacuate Collection Set: 0.5ms
[2026-03-19T11:38:42.192+0800][438.682s][info][gc,phases   ] GC(917)   Post Evacuate Collection Set: 0.7ms
[2026-03-19T11:38:42.192+0800][438.682s][info][gc,phases   ] GC(917)   Other: 0.2ms
[2026-03-19T11:38:42.192+0800][438.682s][info][gc,heap     ] GC(917) Eden regions: 13->0(74)
[2026-03-19T11:38:42.192+0800][438.682s][info][gc,heap     ] GC(917) Survivor regions: 2->2(10)
[2026-03-19T11:38:42.192+0800][438.682s][info][gc,heap     ] GC(917) Old regions: 18->18
[2026-03-19T11:38:42.192+0800][438.682s][info][gc,heap     ] GC(917) Archive regions: 0->0
[2026-03-19T11:38:42.192+0800][438.682s][info][gc,heap     ] GC(917) Humongous regions: 39->9
[2026-03-19T11:38:42.192+0800][438.682s][info][gc,metaspace] GC(917) Metaspace: 22912K(23232K)->22912K(23232K) NonClass: 20302K(20480K)->20302K(20480K) Class: 2610K(2752K)->2610K(2752K)
[2026-03-19T11:38:42.192+0800][438.682s][info][gc          ] GC(917) Pause Young (Concurrent Start) (G1 Humongous Allocation) 70M->27M(128M) 1.901ms
[2026-03-19T11:38:42.193+0800][438.682s][info][gc,cpu      ] GC(917) User=0.00s Sys=0.00s Real=0.00s
[2026-03-19T11:38:42.193+0800][438.682s][info][gc          ] GC(918) Concurrent Undo Cycle
[2026-03-19T11:38:42.193+0800][438.682s][info][gc,marking  ] GC(918) Concurrent Cleanup for Next Mark
[2026-03-19T11:38:42.193+0800][438.682s][info][gc,marking  ] GC(918) Concurrent Cleanup for Next Mark 0.281ms
[2026-03-19T11:38:42.193+0800][438.683s][info][gc          ] GC(918) Concurrent Undo Cycle 0.456ms
[2026-03-19T11:38:43.127+0800][439.617s][info][gc,start    ] GC(919) Pause Young (Concurrent Start) (G1 Humongous Allocation)
[2026-03-19T11:38:43.127+0800][439.617s][info][gc,task     ] GC(919) Using 3 workers of 13 for evacuation
[2026-03-19T11:38:43.130+0800][439.619s][info][gc,phases   ] GC(919)   Pre Evacuate Collection Set: 0.2ms
[2026-03-19T11:38:43.130+0800][439.619s][info][gc,phases   ] GC(919)   Merge Heap Roots: 0.1ms
[2026-03-19T11:38:43.130+0800][439.619s][info][gc,phases   ] GC(919)   Evacuate Collection Set: 0.7ms
[2026-03-19T11:38:43.130+0800][439.619s][info][gc,phases   ] GC(919)   Post Evacuate Collection Set: 1.1ms
[2026-03-19T11:38:43.130+0800][439.619s][info][gc,phases   ] GC(919)   Other: 0.4ms
[2026-03-19T11:38:43.130+0800][439.619s][info][gc,heap     ] GC(919) Eden regions: 13->0(74)
[2026-03-19T11:38:43.130+0800][439.619s][info][gc,heap     ] GC(919) Survivor regions: 2->2(10)
[2026-03-19T11:38:43.130+0800][439.619s][info][gc,heap     ] GC(919) Old regions: 18->18
[2026-03-19T11:38:43.130+0800][439.619s][info][gc,heap     ] GC(919) Archive regions: 0->0
[2026-03-19T11:38:43.130+0800][439.620s][info][gc,heap     ] GC(919) Humongous regions: 39->9
[2026-03-19T11:38:43.130+0800][439.620s][info][gc,metaspace] GC(919) Metaspace: 22912K(23232K)->22912K(23232K) NonClass: 20302K(20480K)->20302K(20480K) Class: 2610K(2752K)->2610K(2752K)
[2026-03-19T11:38:43.130+0800][439.620s][info][gc          ] GC(919) Pause Young (Concurrent Start) (G1 Humongous Allocation) 70M->27M(128M) 3.100ms
[2026-03-19T11:38:43.131+0800][439.620s][info][gc,cpu      ] GC(919) User=0.00s Sys=0.00s Real=0.00s
[2026-03-19T11:38:43.131+0800][439.620s][info][gc          ] GC(920) Concurrent Undo Cycle
[2026-03-19T11:38:43.131+0800][439.620s][info][gc,marking  ] GC(920) Concurrent Cleanup for Next Mark
[2026-03-19T11:38:43.132+0800][439.621s][info][gc,marking  ] GC(920) Concurrent Cleanup for Next Mark 0.779ms
[2026-03-19T11:38:43.132+0800][439.621s][info][gc          ] GC(920) Concurrent Undo Cycle 1.182ms
[2026-03-19T11:38:44.064+0800][440.553s][info][gc,start    ] GC(921) Pause Young (Concurrent Start) (G1 Humongous Allocation)
[2026-03-19T11:38:44.064+0800][440.553s][info][gc,task     ] GC(921) Using 3 workers of 13 for evacuation
[2026-03-19T11:38:44.066+0800][440.555s][info][gc,phases   ] GC(921)   Pre Evacuate Collection Set: 0.2ms
[2026-03-19T11:38:44.066+0800][440.556s][info][gc,phases   ] GC(921)   Merge Heap Roots: 0.2ms
[2026-03-19T11:38:44.066+0800][440.556s][info][gc,phases   ] GC(921)   Evacuate Collection Set: 0.9ms
[2026-03-19T11:38:44.066+0800][440.556s][info][gc,phases   ] GC(921)   Post Evacuate Collection Set: 0.9ms
[2026-03-19T11:38:44.066+0800][440.556s][info][gc,phases   ] GC(921)   Other: 0.5ms
[2026-03-19T11:38:44.067+0800][440.556s][info][gc,heap     ] GC(921) Eden regions: 12->0(74)
[2026-03-19T11:38:44.067+0800][440.556s][info][gc,heap     ] GC(921) Survivor regions: 2->2(10)
[2026-03-19T11:38:44.067+0800][440.556s][info][gc,heap     ] GC(921) Old regions: 18->18
[2026-03-19T11:38:44.067+0800][440.556s][info][gc,heap     ] GC(921) Archive regions: 0->0
[2026-03-19T11:38:44.067+0800][440.556s][info][gc,heap     ] GC(921) Humongous regions: 39->9
[2026-03-19T11:38:44.067+0800][440.557s][info][gc,metaspace] GC(921) Metaspace: 22912K(23232K)->22912K(23232K) NonClass: 20302K(20480K)->20302K(20480K) Class: 2610K(2752K)->2610K(2752K)
[2026-03-19T11:38:44.067+0800][440.557s][info][gc          ] GC(921) Pause Young (Concurrent Start) (G1 Humongous Allocation) 69M->27M(128M) 3.713ms
[2026-03-19T11:38:44.067+0800][440.557s][info][gc,cpu      ] GC(921) User=0.00s Sys=0.00s Real=0.00s
[2026-03-19T11:38:44.067+0800][440.557s][info][gc          ] GC(922) Concurrent Undo Cycle
[2026-03-19T11:38:44.067+0800][440.557s][info][gc,marking  ] GC(922) Concurrent Cleanup for Next Mark
[2026-03-19T11:38:44.069+0800][440.558s][info][gc,marking  ] GC(922) Concurrent Cleanup for Next Mark 0.478ms
[2026-03-19T11:38:44.069+0800][440.558s][info][gc          ] GC(922) Concurrent Undo Cycle 0.930ms
[2026-03-19T11:38:45.002+0800][441.491s][info][gc,start    ] GC(923) Pause Young (Concurrent Start) (G1 Humongous Allocation)
[2026-03-19T11:38:45.002+0800][441.491s][info][gc,task     ] GC(923) Using 3 workers of 13 for evacuation
[2026-03-19T11:38:45.004+0800][441.493s][info][gc,phases   ] GC(923)   Pre Evacuate Collection Set: 0.1ms
[2026-03-19T11:38:45.004+0800][441.494s][info][gc,phases   ] GC(923)   Merge Heap Roots: 0.1ms
[2026-03-19T11:38:45.004+0800][441.494s][info][gc,phases   ] GC(923)   Evacuate Collection Set: 0.7ms
[2026-03-19T11:38:45.004+0800][441.494s][info][gc,phases   ] GC(923)   Post Evacuate Collection Set: 0.9ms
[2026-03-19T11:38:45.004+0800][441.494s][info][gc,phases   ] GC(923)   Other: 0.3ms
[2026-03-19T11:38:45.004+0800][441.494s][info][gc,heap     ] GC(923) Eden regions: 12->0(74)
[2026-03-19T11:38:45.004+0800][441.494s][info][gc,heap     ] GC(923) Survivor regions: 2->2(10)
[2026-03-19T11:38:45.004+0800][441.494s][info][gc,heap     ] GC(923) Old regions: 18->18
[2026-03-19T11:38:45.004+0800][441.494s][info][gc,heap     ] GC(923) Archive regions: 0->0
[2026-03-19T11:38:45.004+0800][441.494s][info][gc,heap     ] GC(923) Humongous regions: 39->9
[2026-03-19T11:38:45.004+0800][441.494s][info][gc,metaspace] GC(923) Metaspace: 22912K(23232K)->22912K(23232K) NonClass: 20302K(20480K)->20302K(20480K) Class: 2610K(2752K)->2610K(2752K)
[2026-03-19T11:38:45.004+0800][441.494s][info][gc          ] GC(923) Pause Young (Concurrent Start) (G1 Humongous Allocation) 69M->27M(128M) 2.594ms
[2026-03-19T11:38:45.005+0800][441.494s][info][gc,cpu      ] GC(923) User=0.00s Sys=0.00s Real=0.00s
[2026-03-19T11:38:45.005+0800][441.494s][info][gc          ] GC(924) Concurrent Undo Cycle
[2026-03-19T11:38:45.005+0800][441.494s][info][gc,marking  ] GC(924) Concurrent Cleanup for Next Mark
[2026-03-19T11:38:45.005+0800][441.495s][info][gc,marking  ] GC(924) Concurrent Cleanup for Next Mark 0.300ms
[2026-03-19T11:38:45.005+0800][441.495s][info][gc          ] GC(924) Concurrent Undo Cycle 0.538ms
[2026-03-19T11:38:45.939+0800][442.429s][info][gc,start    ] GC(925) Pause Young (Concurrent Start) (G1 Humongous Allocation)
[2026-03-19T11:38:45.939+0800][442.429s][info][gc,task     ] GC(925) Using 3 workers of 13 for evacuation
[2026-03-19T11:38:45.942+0800][442.431s][info][gc,phases   ] GC(925)   Pre Evacuate Collection Set: 0.3ms
[2026-03-19T11:38:45.942+0800][442.432s][info][gc,phases   ] GC(925)   Merge Heap Roots: 0.2ms
[2026-03-19T11:38:45.942+0800][442.432s][info][gc,phases   ] GC(925)   Evacuate Collection Set: 0.8ms
[2026-03-19T11:38:45.942+0800][442.432s][info][gc,phases   ] GC(925)   Post Evacuate Collection Set: 0.8ms
[2026-03-19T11:38:45.942+0800][442.432s][info][gc,phases   ] GC(925)   Other: 0.6ms
[2026-03-19T11:38:45.942+0800][442.432s][info][gc,heap     ] GC(925) Eden regions: 13->0(74)
[2026-03-19T11:38:45.942+0800][442.432s][info][gc,heap     ] GC(925) Survivor regions: 2->2(10)
[2026-03-19T11:38:45.942+0800][442.432s][info][gc,heap     ] GC(925) Old regions: 18->18
[2026-03-19T11:38:45.942+0800][442.432s][info][gc,heap     ] GC(925) Archive regions: 0->0
[2026-03-19T11:38:45.942+0800][442.432s][info][gc,heap     ] GC(925) Humongous regions: 39->9
[2026-03-19T11:38:45.943+0800][442.432s][info][gc,metaspace] GC(925) Metaspace: 22912K(23232K)->22912K(23232K) NonClass: 20302K(20480K)->20302K(20480K) Class: 2610K(2752K)->2610K(2752K)
[2026-03-19T11:38:45.943+0800][442.432s][info][gc          ] GC(925) Pause Young (Concurrent Start) (G1 Humongous Allocation) 70M->27M(128M) 3.595ms
[2026-03-19T11:38:45.943+0800][442.432s][info][gc,cpu      ] GC(925) User=0.00s Sys=0.00s Real=0.00s
[2026-03-19T11:38:45.943+0800][442.432s][info][gc          ] GC(926) Concurrent Undo Cycle
[2026-03-19T11:38:45.943+0800][442.433s][info][gc,marking  ] GC(926) Concurrent Cleanup for Next Mark
[2026-03-19T11:38:45.943+0800][442.433s][info][gc,marking  ] GC(926) Concurrent Cleanup for Next Mark 0.486ms
[2026-03-19T11:38:45.944+0800][442.433s][info][gc          ] GC(926) Concurrent Undo Cycle 0.805ms
[2026-03-19T11:38:46.891+0800][443.381s][info][gc,start    ] GC(927) Pause Young (Concurrent Start) (G1 Humongous Allocation)
[2026-03-19T11:38:46.892+0800][443.382s][info][gc,task     ] GC(927) Using 3 workers of 13 for evacuation
[2026-03-19T11:38:46.894+0800][443.384s][info][gc,phases   ] GC(927)   Pre Evacuate Collection Set: 0.2ms
[2026-03-19T11:38:46.894+0800][443.384s][info][gc,phases   ] GC(927)   Merge Heap Roots: 0.2ms
[2026-03-19T11:38:46.894+0800][443.384s][info][gc,phases   ] GC(927)   Evacuate Collection Set: 0.6ms
[2026-03-19T11:38:46.894+0800][443.384s][info][gc,phases   ] GC(927)   Post Evacuate Collection Set: 0.8ms
[2026-03-19T11:38:46.894+0800][443.384s][info][gc,phases   ] GC(927)   Other: 0.5ms
[2026-03-19T11:38:46.894+0800][443.384s][info][gc,heap     ] GC(927) Eden regions: 13->0(74)
[2026-03-19T11:38:46.894+0800][443.384s][info][gc,heap     ] GC(927) Survivor regions: 2->2(10)
[2026-03-19T11:38:46.894+0800][443.384s][info][gc,heap     ] GC(927) Old regions: 18->18
[2026-03-19T11:38:46.894+0800][443.384s][info][gc,heap     ] GC(927) Archive regions: 0->0
[2026-03-19T11:38:46.894+0800][443.384s][info][gc,heap     ] GC(927) Humongous regions: 39->9
[2026-03-19T11:38:46.894+0800][443.384s][info][gc,metaspace] GC(927) Metaspace: 22912K(23232K)->22912K(23232K) NonClass: 20302K(20480K)->20302K(20480K) Class: 2610K(2752K)->2610K(2752K)
[2026-03-19T11:38:46.894+0800][443.384s][info][gc          ] GC(927) Pause Young (Concurrent Start) (G1 Humongous Allocation) 70M->27M(128M) 2.801ms
[2026-03-19T11:38:46.894+0800][443.384s][info][gc,cpu      ] GC(927) User=0.00s Sys=0.00s Real=0.00s
[2026-03-19T11:38:46.895+0800][443.384s][info][gc          ] GC(928) Concurrent Undo Cycle
[2026-03-19T11:38:46.895+0800][443.385s][info][gc,marking  ] GC(928) Concurrent Cleanup for Next Mark
[2026-03-19T11:38:46.896+0800][443.386s][info][gc,marking  ] GC(928) Concurrent Cleanup for Next Mark 0.962ms
[2026-03-19T11:38:46.896+0800][443.386s][info][gc          ] GC(928) Concurrent Undo Cycle 1.610ms
[2026-03-19T11:38:47.812+0800][444.301s][info][gc,start    ] GC(929) Pause Young (Concurrent Start) (G1 Humongous Allocation)
[2026-03-19T11:38:47.812+0800][444.302s][info][gc,task     ] GC(929) Using 3 workers of 13 for evacuation
[2026-03-19T11:38:47.814+0800][444.304s][info][gc,phases   ] GC(929)   Pre Evacuate Collection Set: 0.2ms
[2026-03-19T11:38:47.814+0800][444.304s][info][gc,phases   ] GC(929)   Merge Heap Roots: 0.1ms
[2026-03-19T11:38:47.814+0800][444.304s][info][gc,phases   ] GC(929)   Evacuate Collection Set: 1.0ms
[2026-03-19T11:38:47.814+0800][444.304s][info][gc,phases   ] GC(929)   Post Evacuate Collection Set: 0.7ms
[2026-03-19T11:38:47.814+0800][444.304s][info][gc,phases   ] GC(929)   Other: 0.4ms
[2026-03-19T11:38:47.814+0800][444.304s][info][gc,heap     ] GC(929) Eden regions: 13->0(74)
[2026-03-19T11:38:47.814+0800][444.304s][info][gc,heap     ] GC(929) Survivor regions: 2->2(10)
[2026-03-19T11:38:47.814+0800][444.304s][info][gc,heap     ] GC(929) Old regions: 18->18
[2026-03-19T11:38:47.814+0800][444.304s][info][gc,heap     ] GC(929) Archive regions: 0->0
[2026-03-19T11:38:47.814+0800][444.304s][info][gc,heap     ] GC(929) Humongous regions: 39->9
[2026-03-19T11:38:47.814+0800][444.304s][info][gc,metaspace] GC(929) Metaspace: 22912K(23232K)->22912K(23232K) NonClass: 20302K(20480K)->20302K(20480K) Class: 2610K(2752K)->2610K(2752K)
[2026-03-19T11:38:47.814+0800][444.304s][info][gc          ] GC(929) Pause Young (Concurrent Start) (G1 Humongous Allocation) 70M->27M(128M) 2.867ms
[2026-03-19T11:38:47.814+0800][444.304s][info][gc,cpu      ] GC(929) User=0.00s Sys=0.00s Real=0.00s
[2026-03-19T11:38:47.815+0800][444.305s][info][gc          ] GC(930) Concurrent Undo Cycle
[2026-03-19T11:38:47.815+0800][444.305s][info][gc,marking  ] GC(930) Concurrent Cleanup for Next Mark
[2026-03-19T11:38:47.815+0800][444.305s][info][gc,marking  ] GC(930) Concurrent Cleanup for Next Mark 0.217ms
[2026-03-19T11:38:47.815+0800][444.305s][info][gc          ] GC(930) Concurrent Undo Cycle 0.436ms
[2026-03-19T11:38:48.747+0800][445.237s][info][gc,start    ] GC(931) Pause Young (Concurrent Start) (G1 Humongous Allocation)
[2026-03-19T11:38:48.747+0800][445.237s][info][gc,task     ] GC(931) Using 3 workers of 13 for evacuation
[2026-03-19T11:38:48.751+0800][445.241s][info][gc,phases   ] GC(931)   Pre Evacuate Collection Set: 0.3ms
[2026-03-19T11:38:48.751+0800][445.241s][info][gc,phases   ] GC(931)   Merge Heap Roots: 0.3ms
[2026-03-19T11:38:48.751+0800][445.241s][info][gc,phases   ] GC(931)   Evacuate Collection Set: 1.1ms
[2026-03-19T11:38:48.751+0800][445.241s][info][gc,phases   ] GC(931)   Post Evacuate Collection Set: 1.1ms
[2026-03-19T11:38:48.751+0800][445.241s][info][gc,phases   ] GC(931)   Other: 0.4ms
[2026-03-19T11:38:48.751+0800][445.241s][info][gc,heap     ] GC(931) Eden regions: 13->0(74)
[2026-03-19T11:38:48.751+0800][445.241s][info][gc,heap     ] GC(931) Survivor regions: 2->2(10)
[2026-03-19T11:38:48.751+0800][445.241s][info][gc,heap     ] GC(931) Old regions: 18->18
[2026-03-19T11:38:48.751+0800][445.241s][info][gc,heap     ] GC(931) Archive regions: 0->0
[2026-03-19T11:38:48.751+0800][445.241s][info][gc,heap     ] GC(931) Humongous regions: 39->9
[2026-03-19T11:38:48.751+0800][445.241s][info][gc,metaspace] GC(931) Metaspace: 22912K(23232K)->22912K(23232K) NonClass: 20302K(20480K)->20302K(20480K) Class: 2610K(2752K)->2610K(2752K)
[2026-03-19T11:38:48.751+0800][445.241s][info][gc          ] GC(931) Pause Young (Concurrent Start) (G1 Humongous Allocation) 70M->27M(128M) 3.905ms
[2026-03-19T11:38:48.751+0800][445.241s][info][gc,cpu      ] GC(931) User=0.00s Sys=0.00s Real=0.00s
[2026-03-19T11:38:48.751+0800][445.241s][info][gc          ] GC(932) Concurrent Undo Cycle
[2026-03-19T11:38:48.752+0800][445.242s][info][gc,marking  ] GC(932) Concurrent Cleanup for Next Mark
[2026-03-19T11:38:48.752+0800][445.242s][info][gc,marking  ] GC(932) Concurrent Cleanup for Next Mark 0.424ms
[2026-03-19T11:38:48.752+0800][445.242s][info][gc          ] GC(932) Concurrent Undo Cycle 0.756ms
[2026-03-19T11:38:49.682+0800][446.171s][info][gc,start    ] GC(933) Pause Young (Concurrent Start) (G1 Humongous Allocation)
[2026-03-19T11:38:49.682+0800][446.171s][info][gc,task     ] GC(933) Using 3 workers of 13 for evacuation
[2026-03-19T11:38:49.683+0800][446.172s][info][gc,phases   ] GC(933)   Pre Evacuate Collection Set: 0.1ms
[2026-03-19T11:38:49.683+0800][446.173s][info][gc,phases   ] GC(933)   Merge Heap Roots: 0.1ms
[2026-03-19T11:38:49.683+0800][446.173s][info][gc,phases   ] GC(933)   Evacuate Collection Set: 0.7ms
[2026-03-19T11:38:49.683+0800][446.173s][info][gc,phases   ] GC(933)   Post Evacuate Collection Set: 0.6ms
[2026-03-19T11:38:49.683+0800][446.173s][info][gc,phases   ] GC(933)   Other: 0.3ms
[2026-03-19T11:38:49.684+0800][446.173s][info][gc,heap     ] GC(933) Eden regions: 13->0(74)
[2026-03-19T11:38:49.684+0800][446.173s][info][gc,heap     ] GC(933) Survivor regions: 2->2(10)
[2026-03-19T11:38:49.684+0800][446.173s][info][gc,heap     ] GC(933) Old regions: 18->18
[2026-03-19T11:38:49.684+0800][446.173s][info][gc,heap     ] GC(933) Archive regions: 0->0
[2026-03-19T11:38:49.684+0800][446.173s][info][gc,heap     ] GC(933) Humongous regions: 39->9
[2026-03-19T11:38:49.684+0800][446.173s][info][gc,metaspace] GC(933) Metaspace: 22912K(23232K)->22912K(23232K) NonClass: 20302K(20480K)->20302K(20480K) Class: 2610K(2752K)->2610K(2752K)
[2026-03-19T11:38:49.684+0800][446.173s][info][gc          ] GC(933) Pause Young (Concurrent Start) (G1 Humongous Allocation) 70M->27M(128M) 2.235ms
[2026-03-19T11:38:49.684+0800][446.173s][info][gc,cpu      ] GC(933) User=0.00s Sys=0.00s Real=0.00s
[2026-03-19T11:38:49.684+0800][446.173s][info][gc          ] GC(934) Concurrent Undo Cycle
[2026-03-19T11:38:49.684+0800][446.173s][info][gc,marking  ] GC(934) Concurrent Cleanup for Next Mark
[2026-03-19T11:38:49.684+0800][446.173s][info][gc,marking  ] GC(934) Concurrent Cleanup for Next Mark 0.215ms
[2026-03-19T11:38:49.684+0800][446.173s][info][gc          ] GC(934) Concurrent Undo Cycle 0.369ms
[2026-03-19T11:38:50.601+0800][447.091s][info][gc,start    ] GC(935) Pause Young (Concurrent Start) (G1 Humongous Allocation)
[2026-03-19T11:38:50.601+0800][447.091s][info][gc,task     ] GC(935) Using 3 workers of 13 for evacuation
[2026-03-19T11:38:50.603+0800][447.093s][info][gc,phases   ] GC(935)   Pre Evacuate Collection Set: 0.2ms
[2026-03-19T11:38:50.603+0800][447.093s][info][gc,phases   ] GC(935)   Merge Heap Roots: 0.2ms
[2026-03-19T11:38:50.603+0800][447.093s][info][gc,phases   ] GC(935)   Evacuate Collection Set: 0.8ms
[2026-03-19T11:38:50.603+0800][447.093s][info][gc,phases   ] GC(935)   Post Evacuate Collection Set: 0.7ms
[2026-03-19T11:38:50.603+0800][447.093s][info][gc,phases   ] GC(935)   Other: 0.5ms
[2026-03-19T11:38:50.603+0800][447.093s][info][gc,heap     ] GC(935) Eden regions: 13->0(74)
[2026-03-19T11:38:50.603+0800][447.093s][info][gc,heap     ] GC(935) Survivor regions: 2->2(10)
[2026-03-19T11:38:50.603+0800][447.093s][info][gc,heap     ] GC(935) Old regions: 18->18
[2026-03-19T11:38:50.603+0800][447.093s][info][gc,heap     ] GC(935) Archive regions: 0->0
[2026-03-19T11:38:50.603+0800][447.093s][info][gc,heap     ] GC(935) Humongous regions: 39->9
[2026-03-19T11:38:50.603+0800][447.093s][info][gc,metaspace] GC(935) Metaspace: 22912K(23232K)->22912K(23232K) NonClass: 20302K(20480K)->20302K(20480K) Class: 2610K(2752K)->2610K(2752K)
[2026-03-19T11:38:50.603+0800][447.093s][info][gc          ] GC(935) Pause Young (Concurrent Start) (G1 Humongous Allocation) 70M->27M(128M) 2.751ms
[2026-03-19T11:38:50.603+0800][447.093s][info][gc,cpu      ] GC(935) User=0.00s Sys=0.00s Real=0.00s
[2026-03-19T11:38:50.604+0800][447.093s][info][gc          ] GC(936) Concurrent Undo Cycle
[2026-03-19T11:38:50.604+0800][447.094s][info][gc,marking  ] GC(936) Concurrent Cleanup for Next Mark
[2026-03-19T11:38:50.604+0800][447.094s][info][gc,marking  ] GC(936) Concurrent Cleanup for Next Mark 0.245ms
[2026-03-19T11:38:50.604+0800][447.094s][info][gc          ] GC(936) Concurrent Undo Cycle 0.507ms
[2026-03-19T11:38:51.523+0800][448.012s][info][gc,start    ] GC(937) Pause Young (Concurrent Start) (G1 Humongous Allocation)
[2026-03-19T11:38:51.523+0800][448.012s][info][gc,task     ] GC(937) Using 3 workers of 13 for evacuation
[2026-03-19T11:38:51.524+0800][448.014s][info][gc,phases   ] GC(937)   Pre Evacuate Collection Set: 0.2ms
[2026-03-19T11:38:51.524+0800][448.014s][info][gc,phases   ] GC(937)   Merge Heap Roots: 0.1ms
[2026-03-19T11:38:51.524+0800][448.014s][info][gc,phases   ] GC(937)   Evacuate Collection Set: 0.5ms
[2026-03-19T11:38:51.524+0800][448.014s][info][gc,phases   ] GC(937)   Post Evacuate Collection Set: 0.6ms
[2026-03-19T11:38:51.524+0800][448.014s][info][gc,phases   ] GC(937)   Other: 0.2ms
[2026-03-19T11:38:51.524+0800][448.014s][info][gc,heap     ] GC(937) Eden regions: 12->0(74)
[2026-03-19T11:38:51.524+0800][448.014s][info][gc,heap     ] GC(937) Survivor regions: 2->2(10)
[2026-03-19T11:38:51.524+0800][448.014s][info][gc,heap     ] GC(937) Old regions: 18->18
[2026-03-19T11:38:51.524+0800][448.014s][info][gc,heap     ] GC(937) Archive regions: 0->0
[2026-03-19T11:38:51.524+0800][448.014s][info][gc,heap     ] GC(937) Humongous regions: 39->9
[2026-03-19T11:38:51.524+0800][448.014s][info][gc,metaspace] GC(937) Metaspace: 22912K(23232K)->22912K(23232K) NonClass: 20302K(20480K)->20302K(20480K) Class: 2610K(2752K)->2610K(2752K)
[2026-03-19T11:38:51.524+0800][448.014s][info][gc          ] GC(937) Pause Young (Concurrent Start) (G1 Humongous Allocation) 69M->27M(128M) 1.799ms
[2026-03-19T11:38:51.524+0800][448.014s][info][gc,cpu      ] GC(937) User=0.00s Sys=0.00s Real=0.00s
[2026-03-19T11:38:51.524+0800][448.014s][info][gc          ] GC(938) Concurrent Undo Cycle
[2026-03-19T11:38:51.525+0800][448.014s][info][gc,marking  ] GC(938) Concurrent Cleanup for Next Mark
[2026-03-19T11:38:51.525+0800][448.014s][info][gc,marking  ] GC(938) Concurrent Cleanup for Next Mark 0.193ms
[2026-03-19T11:38:51.525+0800][448.015s][info][gc          ] GC(938) Concurrent Undo Cycle 0.315ms
[2026-03-19T11:38:52.464+0800][448.953s][info][gc,start    ] GC(939) Pause Young (Concurrent Start) (G1 Humongous Allocation)
[2026-03-19T11:38:52.464+0800][448.953s][info][gc,task     ] GC(939) Using 3 workers of 13 for evacuation
[2026-03-19T11:38:52.466+0800][448.956s][info][gc,phases   ] GC(939)   Pre Evacuate Collection Set: 0.3ms
[2026-03-19T11:38:52.467+0800][448.956s][info][gc,phases   ] GC(939)   Merge Heap Roots: 0.2ms
[2026-03-19T11:38:52.467+0800][448.956s][info][gc,phases   ] GC(939)   Evacuate Collection Set: 1.1ms
[2026-03-19T11:38:52.467+0800][448.956s][info][gc,phases   ] GC(939)   Post Evacuate Collection Set: 0.9ms
[2026-03-19T11:38:52.467+0800][448.956s][info][gc,phases   ] GC(939)   Other: 0.3ms
[2026-03-19T11:38:52.467+0800][448.956s][info][gc,heap     ] GC(939) Eden regions: 12->0(74)
[2026-03-19T11:38:52.467+0800][448.956s][info][gc,heap     ] GC(939) Survivor regions: 2->2(10)
[2026-03-19T11:38:52.467+0800][448.956s][info][gc,heap     ] GC(939) Old regions: 18->18
[2026-03-19T11:38:52.467+0800][448.956s][info][gc,heap     ] GC(939) Archive regions: 0->0
[2026-03-19T11:38:52.467+0800][448.956s][info][gc,heap     ] GC(939) Humongous regions: 39->9
[2026-03-19T11:38:52.467+0800][448.956s][info][gc,metaspace] GC(939) Metaspace: 22912K(23232K)->22912K(23232K) NonClass: 20302K(20480K)->20302K(20480K) Class: 2610K(2752K)->2610K(2752K)
[2026-03-19T11:38:52.467+0800][448.956s][info][gc          ] GC(939) Pause Young (Concurrent Start) (G1 Humongous Allocation) 69M->27M(128M) 3.148ms
[2026-03-19T11:38:52.467+0800][448.956s][info][gc,cpu      ] GC(939) User=0.03s Sys=0.02s Real=0.00s
[2026-03-19T11:38:52.467+0800][448.956s][info][gc          ] GC(940) Concurrent Undo Cycle
[2026-03-19T11:38:52.467+0800][448.956s][info][gc,marking  ] GC(940) Concurrent Cleanup for Next Mark
[2026-03-19T11:38:52.467+0800][448.956s][info][gc,marking  ] GC(940) Concurrent Cleanup for Next Mark 0.263ms
[2026-03-19T11:38:52.467+0800][448.957s][info][gc          ] GC(940) Concurrent Undo Cycle 0.438ms
[2026-03-19T11:38:53.399+0800][449.888s][info][gc,start    ] GC(941) Pause Young (Concurrent Start) (G1 Humongous Allocation)
[2026-03-19T11:38:53.399+0800][449.888s][info][gc,task     ] GC(941) Using 3 workers of 13 for evacuation
[2026-03-19T11:38:53.401+0800][449.890s][info][gc,phases   ] GC(941)   Pre Evacuate Collection Set: 0.2ms
[2026-03-19T11:38:53.401+0800][449.890s][info][gc,phases   ] GC(941)   Merge Heap Roots: 0.1ms
[2026-03-19T11:38:53.401+0800][449.890s][info][gc,phases   ] GC(941)   Evacuate Collection Set: 0.6ms
[2026-03-19T11:38:53.401+0800][449.890s][info][gc,phases   ] GC(941)   Post Evacuate Collection Set: 0.9ms
[2026-03-19T11:38:53.401+0800][449.890s][info][gc,phases   ] GC(941)   Other: 0.3ms
[2026-03-19T11:38:53.401+0800][449.890s][info][gc,heap     ] GC(941) Eden regions: 12->0(74)
[2026-03-19T11:38:53.401+0800][449.890s][info][gc,heap     ] GC(941) Survivor regions: 2->2(10)
[2026-03-19T11:38:53.401+0800][449.891s][info][gc,heap     ] GC(941) Old regions: 18->18
[2026-03-19T11:38:53.401+0800][449.891s][info][gc,heap     ] GC(941) Archive regions: 0->0
[2026-03-19T11:38:53.401+0800][449.891s][info][gc,heap     ] GC(941) Humongous regions: 39->9
[2026-03-19T11:38:53.401+0800][449.891s][info][gc,metaspace] GC(941) Metaspace: 22912K(23232K)->22912K(23232K) NonClass: 20302K(20480K)->20302K(20480K) Class: 2610K(2752K)->2610K(2752K)
[2026-03-19T11:38:53.401+0800][449.891s][info][gc          ] GC(941) Pause Young (Concurrent Start) (G1 Humongous Allocation) 69M->27M(128M) 2.576ms
[2026-03-19T11:38:53.401+0800][449.891s][info][gc,cpu      ] GC(941) User=0.00s Sys=0.00s Real=0.00s
[2026-03-19T11:38:53.401+0800][449.891s][info][gc          ] GC(942) Concurrent Undo Cycle
[2026-03-19T11:38:53.401+0800][449.891s][info][gc,marking  ] GC(942) Concurrent Cleanup for Next Mark
[2026-03-19T11:38:53.402+0800][449.891s][info][gc,marking  ] GC(942) Concurrent Cleanup for Next Mark 0.275ms
[2026-03-19T11:38:53.402+0800][449.891s][info][gc          ] GC(942) Concurrent Undo Cycle 0.501ms
[2026-03-19T11:38:54.331+0800][450.821s][info][gc,start    ] GC(943) Pause Young (Concurrent Start) (G1 Humongous Allocation)
[2026-03-19T11:38:54.331+0800][450.821s][info][gc,task     ] GC(943) Using 3 workers of 13 for evacuation
[2026-03-19T11:38:54.333+0800][450.823s][info][gc,phases   ] GC(943)   Pre Evacuate Collection Set: 0.3ms
[2026-03-19T11:38:54.333+0800][450.823s][info][gc,phases   ] GC(943)   Merge Heap Roots: 0.2ms
[2026-03-19T11:38:54.334+0800][450.823s][info][gc,phases   ] GC(943)   Evacuate Collection Set: 0.6ms
[2026-03-19T11:38:54.334+0800][450.823s][info][gc,phases   ] GC(943)   Post Evacuate Collection Set: 0.9ms
[2026-03-19T11:38:54.334+0800][450.823s][info][gc,phases   ] GC(943)   Other: 0.4ms
[2026-03-19T11:38:54.334+0800][450.823s][info][gc,heap     ] GC(943) Eden regions: 13->0(74)
[2026-03-19T11:38:54.334+0800][450.823s][info][gc,heap     ] GC(943) Survivor regions: 2->2(10)
[2026-03-19T11:38:54.334+0800][450.823s][info][gc,heap     ] GC(943) Old regions: 18->18
[2026-03-19T11:38:54.334+0800][450.823s][info][gc,heap     ] GC(943) Archive regions: 0->0
[2026-03-19T11:38:54.334+0800][450.823s][info][gc,heap     ] GC(943) Humongous regions: 39->9
[2026-03-19T11:38:54.334+0800][450.823s][info][gc,metaspace] GC(943) Metaspace: 22912K(23232K)->22912K(23232K) NonClass: 20302K(20480K)->20302K(20480K) Class: 2610K(2752K)->2610K(2752K)
[2026-03-19T11:38:54.334+0800][450.823s][info][gc          ] GC(943) Pause Young (Concurrent Start) (G1 Humongous Allocation) 70M->27M(128M) 2.874ms
[2026-03-19T11:38:54.334+0800][450.823s][info][gc,cpu      ] GC(943) User=0.00s Sys=0.00s Real=0.00s
[2026-03-19T11:38:54.334+0800][450.824s][info][gc          ] GC(944) Concurrent Undo Cycle
[2026-03-19T11:38:54.334+0800][450.824s][info][gc,marking  ] GC(944) Concurrent Cleanup for Next Mark
[2026-03-19T11:38:54.334+0800][450.824s][info][gc,marking  ] GC(944) Concurrent Cleanup for Next Mark 0.266ms
[2026-03-19T11:38:54.335+0800][450.824s][info][gc          ] GC(944) Concurrent Undo Cycle 0.533ms
[2026-03-19T11:38:55.270+0800][451.759s][info][gc,start    ] GC(945) Pause Young (Concurrent Start) (G1 Humongous Allocation)
[2026-03-19T11:38:55.270+0800][451.759s][info][gc,task     ] GC(945) Using 3 workers of 13 for evacuation
[2026-03-19T11:38:55.273+0800][451.762s][info][gc,phases   ] GC(945)   Pre Evacuate Collection Set: 0.3ms
[2026-03-19T11:38:55.273+0800][451.762s][info][gc,phases   ] GC(945)   Merge Heap Roots: 0.2ms
[2026-03-19T11:38:55.273+0800][451.762s][info][gc,phases   ] GC(945)   Evacuate Collection Set: 0.8ms
[2026-03-19T11:38:55.273+0800][451.762s][info][gc,phases   ] GC(945)   Post Evacuate Collection Set: 1.0ms
[2026-03-19T11:38:55.273+0800][451.762s][info][gc,phases   ] GC(945)   Other: 0.4ms
[2026-03-19T11:38:55.273+0800][451.763s][info][gc,heap     ] GC(945) Eden regions: 13->0(74)
[2026-03-19T11:38:55.273+0800][451.763s][info][gc,heap     ] GC(945) Survivor regions: 2->2(10)
[2026-03-19T11:38:55.273+0800][451.763s][info][gc,heap     ] GC(945) Old regions: 18->18
[2026-03-19T11:38:55.274+0800][451.763s][info][gc,heap     ] GC(945) Archive regions: 0->0
[2026-03-19T11:38:55.274+0800][451.763s][info][gc,heap     ] GC(945) Humongous regions: 39->9
[2026-03-19T11:38:55.274+0800][451.763s][info][gc,metaspace] GC(945) Metaspace: 22912K(23232K)->22912K(23232K) NonClass: 20302K(20480K)->20302K(20480K) Class: 2610K(2752K)->2610K(2752K)
[2026-03-19T11:38:55.274+0800][451.763s][info][gc          ] GC(945) Pause Young (Concurrent Start) (G1 Humongous Allocation) 70M->27M(128M) 3.688ms
[2026-03-19T11:38:55.274+0800][451.763s][info][gc,cpu      ] GC(945) User=0.00s Sys=0.00s Real=0.00s
[2026-03-19T11:38:55.274+0800][451.763s][info][gc          ] GC(946) Concurrent Undo Cycle
[2026-03-19T11:38:55.274+0800][451.763s][info][gc,marking  ] GC(946) Concurrent Cleanup for Next Mark
[2026-03-19T11:38:55.275+0800][451.764s][info][gc,marking  ] GC(946) Concurrent Cleanup for Next Mark 0.425ms
[2026-03-19T11:38:55.275+0800][451.764s][info][gc          ] GC(946) Concurrent Undo Cycle 0.803ms
[2026-03-19T11:38:56.206+0800][452.695s][info][gc,start    ] GC(947) Pause Young (Concurrent Start) (G1 Humongous Allocation)
[2026-03-19T11:38:56.206+0800][452.695s][info][gc,task     ] GC(947) Using 3 workers of 13 for evacuation
[2026-03-19T11:38:56.208+0800][452.697s][info][gc,phases   ] GC(947)   Pre Evacuate Collection Set: 0.2ms
[2026-03-19T11:38:56.208+0800][452.697s][info][gc,phases   ] GC(947)   Merge Heap Roots: 0.1ms
[2026-03-19T11:38:56.208+0800][452.697s][info][gc,phases   ] GC(947)   Evacuate Collection Set: 0.5ms
[2026-03-19T11:38:56.208+0800][452.697s][info][gc,phases   ] GC(947)   Post Evacuate Collection Set: 0.8ms
[2026-03-19T11:38:56.208+0800][452.697s][info][gc,phases   ] GC(947)   Other: 0.3ms
[2026-03-19T11:38:56.208+0800][452.697s][info][gc,heap     ] GC(947) Eden regions: 13->0(74)
[2026-03-19T11:38:56.208+0800][452.697s][info][gc,heap     ] GC(947) Survivor regions: 2->2(10)
[2026-03-19T11:38:56.208+0800][452.697s][info][gc,heap     ] GC(947) Old regions: 18->18
[2026-03-19T11:38:56.208+0800][452.697s][info][gc,heap     ] GC(947) Archive regions: 0->0
[2026-03-19T11:38:56.208+0800][452.697s][info][gc,heap     ] GC(947) Humongous regions: 39->9
[2026-03-19T11:38:56.208+0800][452.698s][info][gc,metaspace] GC(947) Metaspace: 22912K(23232K)->22912K(23232K) NonClass: 20302K(20480K)->20302K(20480K) Class: 2610K(2752K)->2610K(2752K)
[2026-03-19T11:38:56.208+0800][452.698s][info][gc          ] GC(947) Pause Young (Concurrent Start) (G1 Humongous Allocation) 70M->27M(128M) 2.392ms
[2026-03-19T11:38:56.208+0800][452.698s][info][gc,cpu      ] GC(947) User=0.00s Sys=0.00s Real=0.00s
[2026-03-19T11:38:56.209+0800][452.698s][info][gc          ] GC(948) Concurrent Undo Cycle
[2026-03-19T11:38:56.209+0800][452.698s][info][gc,marking  ] GC(948) Concurrent Cleanup for Next Mark
[2026-03-19T11:38:56.209+0800][452.698s][info][gc,marking  ] GC(948) Concurrent Cleanup for Next Mark 0.513ms
[2026-03-19T11:38:56.209+0800][452.698s][info][gc          ] GC(948) Concurrent Undo Cycle 0.691ms
[2026-03-19T11:38:57.140+0800][453.630s][info][gc,start    ] GC(949) Pause Young (Concurrent Start) (G1 Humongous Allocation)
[2026-03-19T11:38:57.140+0800][453.630s][info][gc,task     ] GC(949) Using 3 workers of 13 for evacuation
[2026-03-19T11:38:57.142+0800][453.631s][info][gc,phases   ] GC(949)   Pre Evacuate Collection Set: 0.2ms
[2026-03-19T11:38:57.142+0800][453.631s][info][gc,phases   ] GC(949)   Merge Heap Roots: 0.2ms
[2026-03-19T11:38:57.142+0800][453.632s][info][gc,phases   ] GC(949)   Evacuate Collection Set: 0.6ms
[2026-03-19T11:38:57.142+0800][453.632s][info][gc,phases   ] GC(949)   Post Evacuate Collection Set: 0.5ms
[2026-03-19T11:38:57.142+0800][453.632s][info][gc,phases   ] GC(949)   Other: 0.3ms
[2026-03-19T11:38:57.142+0800][453.632s][info][gc,heap     ] GC(949) Eden regions: 12->0(74)
[2026-03-19T11:38:57.142+0800][453.632s][info][gc,heap     ] GC(949) Survivor regions: 2->2(10)
[2026-03-19T11:38:57.142+0800][453.632s][info][gc,heap     ] GC(949) Old regions: 18->18
[2026-03-19T11:38:57.142+0800][453.632s][info][gc,heap     ] GC(949) Archive regions: 0->0
[2026-03-19T11:38:57.142+0800][453.632s][info][gc,heap     ] GC(949) Humongous regions: 39->9
[2026-03-19T11:38:57.142+0800][453.632s][info][gc,metaspace] GC(949) Metaspace: 22912K(23232K)->22912K(23232K) NonClass: 20302K(20480K)->20302K(20480K) Class: 2610K(2752K)->2610K(2752K)
[2026-03-19T11:38:57.142+0800][453.632s][info][gc          ] GC(949) Pause Young (Concurrent Start) (G1 Humongous Allocation) 69M->27M(128M) 2.343ms
[2026-03-19T11:38:57.143+0800][453.632s][info][gc,cpu      ] GC(949) User=0.00s Sys=0.00s Real=0.00s
[2026-03-19T11:38:57.143+0800][453.632s][info][gc          ] GC(950) Concurrent Undo Cycle
[2026-03-19T11:38:57.143+0800][453.632s][info][gc,marking  ] GC(950) Concurrent Cleanup for Next Mark
[2026-03-19T11:38:57.143+0800][453.632s][info][gc,marking  ] GC(950) Concurrent Cleanup for Next Mark 0.315ms
[2026-03-19T11:38:57.143+0800][453.632s][info][gc          ] GC(950) Concurrent Undo Cycle 0.485ms
[2026-03-19T11:38:58.081+0800][454.570s][info][gc,start    ] GC(951) Pause Young (Concurrent Start) (G1 Humongous Allocation)
[2026-03-19T11:38:58.081+0800][454.570s][info][gc,task     ] GC(951) Using 3 workers of 13 for evacuation
[2026-03-19T11:38:58.083+0800][454.572s][info][gc,phases   ] GC(951)   Pre Evacuate Collection Set: 0.1ms
[2026-03-19T11:38:58.083+0800][454.572s][info][gc,phases   ] GC(951)   Merge Heap Roots: 0.2ms
[2026-03-19T11:38:58.083+0800][454.572s][info][gc,phases   ] GC(951)   Evacuate Collection Set: 0.7ms
[2026-03-19T11:38:58.083+0800][454.572s][info][gc,phases   ] GC(951)   Post Evacuate Collection Set: 0.7ms
[2026-03-19T11:38:58.083+0800][454.572s][info][gc,phases   ] GC(951)   Other: 0.4ms
[2026-03-19T11:38:58.083+0800][454.572s][info][gc,heap     ] GC(951) Eden regions: 13->0(74)
[2026-03-19T11:38:58.083+0800][454.572s][info][gc,heap     ] GC(951) Survivor regions: 2->2(10)
[2026-03-19T11:38:58.083+0800][454.572s][info][gc,heap     ] GC(951) Old regions: 18->18
[2026-03-19T11:38:58.083+0800][454.572s][info][gc,heap     ] GC(951) Archive regions: 0->0
[2026-03-19T11:38:58.083+0800][454.572s][info][gc,heap     ] GC(951) Humongous regions: 39->9
[2026-03-19T11:38:58.083+0800][454.572s][info][gc,metaspace] GC(951) Metaspace: 22912K(23232K)->22912K(23232K) NonClass: 20302K(20480K)->20302K(20480K) Class: 2610K(2752K)->2610K(2752K)
[2026-03-19T11:38:58.083+0800][454.572s][info][gc          ] GC(951) Pause Young (Concurrent Start) (G1 Humongous Allocation) 70M->27M(128M) 2.530ms
[2026-03-19T11:38:58.083+0800][454.572s][info][gc,cpu      ] GC(951) User=0.00s Sys=0.00s Real=0.00s
[2026-03-19T11:38:58.083+0800][454.573s][info][gc          ] GC(952) Concurrent Undo Cycle
[2026-03-19T11:38:58.084+0800][454.573s][info][gc,marking  ] GC(952) Concurrent Cleanup for Next Mark
[2026-03-19T11:38:58.084+0800][454.573s][info][gc,marking  ] GC(952) Concurrent Cleanup for Next Mark 0.435ms
[2026-03-19T11:38:58.084+0800][454.573s][info][gc          ] GC(952) Concurrent Undo Cycle 0.790ms
[2026-03-19T11:38:59.017+0800][455.507s][info][gc,start    ] GC(953) Pause Young (Concurrent Start) (G1 Humongous Allocation)
[2026-03-19T11:38:59.017+0800][455.507s][info][gc,task     ] GC(953) Using 3 workers of 13 for evacuation
[2026-03-19T11:38:59.019+0800][455.509s][info][gc,phases   ] GC(953)   Pre Evacuate Collection Set: 0.1ms
[2026-03-19T11:38:59.019+0800][455.509s][info][gc,phases   ] GC(953)   Merge Heap Roots: 0.2ms
[2026-03-19T11:38:59.019+0800][455.509s][info][gc,phases   ] GC(953)   Evacuate Collection Set: 0.5ms
[2026-03-19T11:38:59.019+0800][455.509s][info][gc,phases   ] GC(953)   Post Evacuate Collection Set: 0.8ms
[2026-03-19T11:38:59.019+0800][455.509s][info][gc,phases   ] GC(953)   Other: 0.2ms
[2026-03-19T11:38:59.019+0800][455.509s][info][gc,heap     ] GC(953) Eden regions: 13->0(74)
[2026-03-19T11:38:59.019+0800][455.509s][info][gc,heap     ] GC(953) Survivor regions: 2->2(10)
[2026-03-19T11:38:59.019+0800][455.509s][info][gc,heap     ] GC(953) Old regions: 18->18
[2026-03-19T11:38:59.019+0800][455.509s][info][gc,heap     ] GC(953) Archive regions: 0->0
[2026-03-19T11:38:59.019+0800][455.509s][info][gc,heap     ] GC(953) Humongous regions: 39->9
[2026-03-19T11:38:59.019+0800][455.509s][info][gc,metaspace] GC(953) Metaspace: 22912K(23232K)->22912K(23232K) NonClass: 20302K(20480K)->20302K(20480K) Class: 2610K(2752K)->2610K(2752K)
[2026-03-19T11:38:59.019+0800][455.509s][info][gc          ] GC(953) Pause Young (Concurrent Start) (G1 Humongous Allocation) 70M->27M(128M) 2.171ms
[2026-03-19T11:38:59.019+0800][455.509s][info][gc,cpu      ] GC(953) User=0.00s Sys=0.00s Real=0.00s
[2026-03-19T11:38:59.019+0800][455.509s][info][gc          ] GC(954) Concurrent Undo Cycle
[2026-03-19T11:38:59.019+0800][455.509s][info][gc,marking  ] GC(954) Concurrent Cleanup for Next Mark
[2026-03-19T11:38:59.021+0800][455.510s][info][gc,marking  ] GC(954) Concurrent Cleanup for Next Mark 0.364ms
[2026-03-19T11:38:59.021+0800][455.510s][info][gc          ] GC(954) Concurrent Undo Cycle 0.510ms
[2026-03-19T11:38:59.956+0800][456.446s][info][gc,start    ] GC(955) Pause Young (Concurrent Start) (G1 Humongous Allocation)
[2026-03-19T11:38:59.956+0800][456.446s][info][gc,task     ] GC(955) Using 3 workers of 13 for evacuation
[2026-03-19T11:38:59.958+0800][456.448s][info][gc,phases   ] GC(955)   Pre Evacuate Collection Set: 0.1ms
[2026-03-19T11:38:59.959+0800][456.448s][info][gc,phases   ] GC(955)   Merge Heap Roots: 0.2ms
[2026-03-19T11:38:59.959+0800][456.448s][info][gc,phases   ] GC(955)   Evacuate Collection Set: 0.7ms
[2026-03-19T11:38:59.959+0800][456.448s][info][gc,phases   ] GC(955)   Post Evacuate Collection Set: 0.7ms
[2026-03-19T11:38:59.959+0800][456.448s][info][gc,phases   ] GC(955)   Other: 0.4ms
[2026-03-19T11:38:59.959+0800][456.448s][info][gc,heap     ] GC(955) Eden regions: 13->0(74)
[2026-03-19T11:38:59.959+0800][456.448s][info][gc,heap     ] GC(955) Survivor regions: 2->2(10)
[2026-03-19T11:38:59.959+0800][456.448s][info][gc,heap     ] GC(955) Old regions: 18->18
[2026-03-19T11:38:59.959+0800][456.448s][info][gc,heap     ] GC(955) Archive regions: 0->0
[2026-03-19T11:38:59.959+0800][456.448s][info][gc,heap     ] GC(955) Humongous regions: 39->9
[2026-03-19T11:38:59.959+0800][456.448s][info][gc,metaspace] GC(955) Metaspace: 22912K(23232K)->22912K(23232K) NonClass: 20302K(20480K)->20302K(20480K) Class: 2610K(2752K)->2610K(2752K)
[2026-03-19T11:38:59.959+0800][456.448s][info][gc          ] GC(955) Pause Young (Concurrent Start) (G1 Humongous Allocation) 70M->27M(128M) 2.436ms
[2026-03-19T11:38:59.959+0800][456.448s][info][gc,cpu      ] GC(955) User=0.00s Sys=0.00s Real=0.00s
[2026-03-19T11:38:59.959+0800][456.448s][info][gc          ] GC(956) Concurrent Undo Cycle
[2026-03-19T11:38:59.959+0800][456.448s][info][gc,marking  ] GC(956) Concurrent Cleanup for Next Mark
[2026-03-19T11:38:59.959+0800][456.449s][info][gc,marking  ] GC(956) Concurrent Cleanup for Next Mark 0.353ms
[2026-03-19T11:38:59.960+0800][456.449s][info][gc          ] GC(956) Concurrent Undo Cycle 0.534ms
[2026-03-19T11:39:00.882+0800][457.372s][info][gc,start    ] GC(957) Pause Young (Concurrent Start) (G1 Humongous Allocation)
[2026-03-19T11:39:00.882+0800][457.372s][info][gc,task     ] GC(957) Using 3 workers of 13 for evacuation
[2026-03-19T11:39:00.884+0800][457.374s][info][gc,phases   ] GC(957)   Pre Evacuate Collection Set: 0.2ms
[2026-03-19T11:39:00.885+0800][457.374s][info][gc,phases   ] GC(957)   Merge Heap Roots: 0.2ms
[2026-03-19T11:39:00.885+0800][457.374s][info][gc,phases   ] GC(957)   Evacuate Collection Set: 0.5ms
[2026-03-19T11:39:00.885+0800][457.374s][info][gc,phases   ] GC(957)   Post Evacuate Collection Set: 1.0ms
[2026-03-19T11:39:00.885+0800][457.374s][info][gc,phases   ] GC(957)   Other: 0.3ms
[2026-03-19T11:39:00.885+0800][457.374s][info][gc,heap     ] GC(957) Eden regions: 12->0(74)
[2026-03-19T11:39:00.885+0800][457.374s][info][gc,heap     ] GC(957) Survivor regions: 2->2(10)
[2026-03-19T11:39:00.885+0800][457.374s][info][gc,heap     ] GC(957) Old regions: 18->18
[2026-03-19T11:39:00.885+0800][457.374s][info][gc,heap     ] GC(957) Archive regions: 0->0
[2026-03-19T11:39:00.885+0800][457.374s][info][gc,heap     ] GC(957) Humongous regions: 39->9
[2026-03-19T11:39:00.885+0800][457.374s][info][gc,metaspace] GC(957) Metaspace: 22912K(23232K)->22912K(23232K) NonClass: 20302K(20480K)->20302K(20480K) Class: 2610K(2752K)->2610K(2752K)
[2026-03-19T11:39:00.885+0800][457.374s][info][gc          ] GC(957) Pause Young (Concurrent Start) (G1 Humongous Allocation) 69M->27M(128M) 2.478ms
[2026-03-19T11:39:00.885+0800][457.374s][info][gc,cpu      ] GC(957) User=0.00s Sys=0.00s Real=0.00s
[2026-03-19T11:39:00.885+0800][457.375s][info][gc          ] GC(958) Concurrent Undo Cycle
[2026-03-19T11:39:00.885+0800][457.375s][info][gc,marking  ] GC(958) Concurrent Cleanup for Next Mark
[2026-03-19T11:39:00.885+0800][457.375s][info][gc,marking  ] GC(958) Concurrent Cleanup for Next Mark 0.229ms
[2026-03-19T11:39:00.885+0800][457.375s][info][gc          ] GC(958) Concurrent Undo Cycle 0.310ms
[2026-03-19T11:39:01.809+0800][458.299s][info][gc,start    ] GC(959) Pause Young (Concurrent Start) (G1 Humongous Allocation)
[2026-03-19T11:39:01.809+0800][458.299s][info][gc,task     ] GC(959) Using 3 workers of 13 for evacuation
[2026-03-19T11:39:01.811+0800][458.301s][info][gc,phases   ] GC(959)   Pre Evacuate Collection Set: 0.2ms
[2026-03-19T11:39:01.811+0800][458.301s][info][gc,phases   ] GC(959)   Merge Heap Roots: 0.2ms
[2026-03-19T11:39:01.811+0800][458.301s][info][gc,phases   ] GC(959)   Evacuate Collection Set: 0.6ms
[2026-03-19T11:39:01.811+0800][458.301s][info][gc,phases   ] GC(959)   Post Evacuate Collection Set: 0.8ms
[2026-03-19T11:39:01.811+0800][458.301s][info][gc,phases   ] GC(959)   Other: 0.4ms
[2026-03-19T11:39:01.811+0800][458.301s][info][gc,heap     ] GC(959) Eden regions: 12->0(74)
[2026-03-19T11:39:01.811+0800][458.301s][info][gc,heap     ] GC(959) Survivor regions: 2->2(10)
[2026-03-19T11:39:01.811+0800][458.301s][info][gc,heap     ] GC(959) Old regions: 18->18
[2026-03-19T11:39:01.811+0800][458.301s][info][gc,heap     ] GC(959) Archive regions: 0->0
[2026-03-19T11:39:01.811+0800][458.301s][info][gc,heap     ] GC(959) Humongous regions: 39->9
[2026-03-19T11:39:01.811+0800][458.301s][info][gc,metaspace] GC(959) Metaspace: 22912K(23232K)->22912K(23232K) NonClass: 20302K(20480K)->20302K(20480K) Class: 2610K(2752K)->2610K(2752K)
[2026-03-19T11:39:01.811+0800][458.301s][info][gc          ] GC(959) Pause Young (Concurrent Start) (G1 Humongous Allocation) 69M->27M(128M) 2.545ms
[2026-03-19T11:39:01.811+0800][458.301s][info][gc,cpu      ] GC(959) User=0.00s Sys=0.00s Real=0.00s
[2026-03-19T11:39:01.813+0800][458.302s][info][gc          ] GC(960) Concurrent Undo Cycle
[2026-03-19T11:39:01.813+0800][458.302s][info][gc,marking  ] GC(960) Concurrent Cleanup for Next Mark
[2026-03-19T11:39:01.813+0800][458.302s][info][gc,marking  ] GC(960) Concurrent Cleanup for Next Mark 0.323ms
[2026-03-19T11:39:01.813+0800][458.302s][info][gc          ] GC(960) Concurrent Undo Cycle 0.503ms
[2026-03-19T11:39:02.744+0800][459.233s][info][gc,start    ] GC(961) Pause Young (Concurrent Start) (G1 Humongous Allocation)
[2026-03-19T11:39:02.744+0800][459.233s][info][gc,task     ] GC(961) Using 3 workers of 13 for evacuation
[2026-03-19T11:39:02.746+0800][459.236s][info][gc,phases   ] GC(961)   Pre Evacuate Collection Set: 0.2ms
[2026-03-19T11:39:02.746+0800][459.236s][info][gc,phases   ] GC(961)   Merge Heap Roots: 0.2ms
[2026-03-19T11:39:02.746+0800][459.236s][info][gc,phases   ] GC(961)   Evacuate Collection Set: 1.0ms
[2026-03-19T11:39:02.747+0800][459.236s][info][gc,phases   ] GC(961)   Post Evacuate Collection Set: 0.8ms
[2026-03-19T11:39:02.747+0800][459.236s][info][gc,phases   ] GC(961)   Other: 0.4ms
[2026-03-19T11:39:02.747+0800][459.236s][info][gc,heap     ] GC(961) Eden regions: 13->0(74)
[2026-03-19T11:39:02.747+0800][459.236s][info][gc,heap     ] GC(961) Survivor regions: 2->2(10)
[2026-03-19T11:39:02.747+0800][459.236s][info][gc,heap     ] GC(961) Old regions: 18->18
[2026-03-19T11:39:02.747+0800][459.236s][info][gc,heap     ] GC(961) Archive regions: 0->0
[2026-03-19T11:39:02.747+0800][459.236s][info][gc,heap     ] GC(961) Humongous regions: 39->9
[2026-03-19T11:39:02.747+0800][459.236s][info][gc,metaspace] GC(961) Metaspace: 22912K(23232K)->22912K(23232K) NonClass: 20302K(20480K)->20302K(20480K) Class: 2610K(2752K)->2610K(2752K)
[2026-03-19T11:39:02.747+0800][459.236s][info][gc          ] GC(961) Pause Young (Concurrent Start) (G1 Humongous Allocation) 69M->27M(128M) 3.346ms
[2026-03-19T11:39:02.747+0800][459.236s][info][gc,cpu      ] GC(961) User=0.02s Sys=0.00s Real=0.00s
[2026-03-19T11:39:02.747+0800][459.237s][info][gc          ] GC(962) Concurrent Undo Cycle
[2026-03-19T11:39:02.747+0800][459.237s][info][gc,marking  ] GC(962) Concurrent Cleanup for Next Mark
[2026-03-19T11:39:02.747+0800][459.237s][info][gc,marking  ] GC(962) Concurrent Cleanup for Next Mark 0.284ms
[2026-03-19T11:39:02.747+0800][459.237s][info][gc          ] GC(962) Concurrent Undo Cycle 0.477ms
[2026-03-19T11:39:03.678+0800][460.168s][info][gc,start    ] GC(963) Pause Young (Concurrent Start) (G1 Humongous Allocation)
[2026-03-19T11:39:03.678+0800][460.168s][info][gc,task     ] GC(963) Using 3 workers of 13 for evacuation
[2026-03-19T11:39:03.681+0800][460.170s][info][gc,phases   ] GC(963)   Pre Evacuate Collection Set: 0.2ms
[2026-03-19T11:39:03.681+0800][460.171s][info][gc,phases   ] GC(963)   Merge Heap Roots: 0.3ms
[2026-03-19T11:39:03.681+0800][460.171s][info][gc,phases   ] GC(963)   Evacuate Collection Set: 0.9ms
[2026-03-19T11:39:03.681+0800][460.171s][info][gc,phases   ] GC(963)   Post Evacuate Collection Set: 0.9ms
[2026-03-19T11:39:03.681+0800][460.171s][info][gc,phases   ] GC(963)   Other: 0.4ms
[2026-03-19T11:39:03.681+0800][460.171s][info][gc,heap     ] GC(963) Eden regions: 13->0(74)
[2026-03-19T11:39:03.681+0800][460.171s][info][gc,heap     ] GC(963) Survivor regions: 2->2(10)
[2026-03-19T11:39:03.681+0800][460.171s][info][gc,heap     ] GC(963) Old regions: 18->18
[2026-03-19T11:39:03.681+0800][460.171s][info][gc,heap     ] GC(963) Archive regions: 0->0
[2026-03-19T11:39:03.681+0800][460.171s][info][gc,heap     ] GC(963) Humongous regions: 39->9
[2026-03-19T11:39:03.681+0800][460.171s][info][gc,metaspace] GC(963) Metaspace: 22912K(23232K)->22912K(23232K) NonClass: 20302K(20480K)->20302K(20480K) Class: 2610K(2752K)->2610K(2752K)
[2026-03-19T11:39:03.681+0800][460.171s][info][gc          ] GC(963) Pause Young (Concurrent Start) (G1 Humongous Allocation) 70M->27M(128M) 3.208ms
[2026-03-19T11:39:03.681+0800][460.171s][info][gc,cpu      ] GC(963) User=0.00s Sys=0.00s Real=0.00s
[2026-03-19T11:39:03.682+0800][460.171s][info][gc          ] GC(964) Concurrent Undo Cycle
[2026-03-19T11:39:03.682+0800][460.171s][info][gc,marking  ] GC(964) Concurrent Cleanup for Next Mark
[2026-03-19T11:39:03.682+0800][460.172s][info][gc,marking  ] GC(964) Concurrent Cleanup for Next Mark 0.295ms
[2026-03-19T11:39:03.682+0800][460.172s][info][gc          ] GC(964) Concurrent Undo Cycle 0.467ms
[2026-03-19T11:39:04.613+0800][461.102s][info][gc,start    ] GC(965) Pause Young (Concurrent Start) (G1 Humongous Allocation)
[2026-03-19T11:39:04.613+0800][461.103s][info][gc,task     ] GC(965) Using 3 workers of 13 for evacuation
[2026-03-19T11:39:04.615+0800][461.105s][info][gc,phases   ] GC(965)   Pre Evacuate Collection Set: 0.2ms
[2026-03-19T11:39:04.616+0800][461.105s][info][gc,phases   ] GC(965)   Merge Heap Roots: 0.2ms
[2026-03-19T11:39:04.616+0800][461.106s][info][gc,phases   ] GC(965)   Evacuate Collection Set: 0.9ms
[2026-03-19T11:39:04.616+0800][461.106s][info][gc,phases   ] GC(965)   Post Evacuate Collection Set: 0.8ms
[2026-03-19T11:39:04.616+0800][461.106s][info][gc,phases   ] GC(965)   Other: 0.7ms
[2026-03-19T11:39:04.616+0800][461.106s][info][gc,heap     ] GC(965) Eden regions: 13->0(74)
[2026-03-19T11:39:04.616+0800][461.106s][info][gc,heap     ] GC(965) Survivor regions: 2->2(10)
[2026-03-19T11:39:04.616+0800][461.106s][info][gc,heap     ] GC(965) Old regions: 18->18
[2026-03-19T11:39:04.616+0800][461.106s][info][gc,heap     ] GC(965) Archive regions: 0->0
[2026-03-19T11:39:04.616+0800][461.106s][info][gc,heap     ] GC(965) Humongous regions: 39->9
[2026-03-19T11:39:04.616+0800][461.106s][info][gc,metaspace] GC(965) Metaspace: 22912K(23232K)->22912K(23232K) NonClass: 20302K(20480K)->20302K(20480K) Class: 2610K(2752K)->2610K(2752K)
[2026-03-19T11:39:04.616+0800][461.106s][info][gc          ] GC(965) Pause Young (Concurrent Start) (G1 Humongous Allocation) 70M->27M(128M) 3.521ms
[2026-03-19T11:39:04.616+0800][461.106s][info][gc,cpu      ] GC(965) User=0.00s Sys=0.00s Real=0.00s
[2026-03-19T11:39:04.616+0800][461.106s][info][gc          ] GC(966) Concurrent Undo Cycle
[2026-03-19T11:39:04.616+0800][461.106s][info][gc,marking  ] GC(966) Concurrent Cleanup for Next Mark
[2026-03-19T11:39:04.617+0800][461.107s][info][gc,marking  ] GC(966) Concurrent Cleanup for Next Mark 0.369ms
[2026-03-19T11:39:04.617+0800][461.107s][info][gc          ] GC(966) Concurrent Undo Cycle 0.584ms
[2026-03-19T11:39:05.552+0800][462.042s][info][gc,start    ] GC(967) Pause Young (Concurrent Start) (G1 Humongous Allocation)
[2026-03-19T11:39:05.553+0800][462.042s][info][gc,task     ] GC(967) Using 3 workers of 13 for evacuation
[2026-03-19T11:39:05.555+0800][462.045s][info][gc,phases   ] GC(967)   Pre Evacuate Collection Set: 0.2ms
[2026-03-19T11:39:05.555+0800][462.045s][info][gc,phases   ] GC(967)   Merge Heap Roots: 0.3ms
[2026-03-19T11:39:05.556+0800][462.046s][info][gc,phases   ] GC(967)   Evacuate Collection Set: 1.0ms
[2026-03-19T11:39:05.556+0800][462.046s][info][gc,phases   ] GC(967)   Post Evacuate Collection Set: 1.1ms
[2026-03-19T11:39:05.556+0800][462.046s][info][gc,phases   ] GC(967)   Other: 0.5ms
[2026-03-19T11:39:05.556+0800][462.046s][info][gc,heap     ] GC(967) Eden regions: 13->0(74)
[2026-03-19T11:39:05.556+0800][462.046s][info][gc,heap     ] GC(967) Survivor regions: 2->2(10)
[2026-03-19T11:39:05.556+0800][462.046s][info][gc,heap     ] GC(967) Old regions: 18->18
[2026-03-19T11:39:05.556+0800][462.046s][info][gc,heap     ] GC(967) Archive regions: 0->0
[2026-03-19T11:39:05.556+0800][462.046s][info][gc,heap     ] GC(967) Humongous regions: 39->9
[2026-03-19T11:39:05.557+0800][462.046s][info][gc,metaspace] GC(967) Metaspace: 22912K(23232K)->22912K(23232K) NonClass: 20302K(20480K)->20302K(20480K) Class: 2610K(2752K)->2610K(2752K)
[2026-03-19T11:39:05.557+0800][462.046s][info][gc          ] GC(967) Pause Young (Concurrent Start) (G1 Humongous Allocation) 70M->27M(128M) 4.596ms
[2026-03-19T11:39:05.557+0800][462.047s][info][gc,cpu      ] GC(967) User=0.00s Sys=0.00s Real=0.00s
[2026-03-19T11:39:05.557+0800][462.047s][info][gc          ] GC(968) Concurrent Undo Cycle
[2026-03-19T11:39:05.557+0800][462.047s][info][gc,marking  ] GC(968) Concurrent Cleanup for Next Mark
[2026-03-19T11:39:05.557+0800][462.047s][info][gc,marking  ] GC(968) Concurrent Cleanup for Next Mark 0.538ms
[2026-03-19T11:39:05.557+0800][462.048s][info][gc          ] GC(968) Concurrent Undo Cycle 0.941ms
[2026-03-19T11:39:06.502+0800][462.991s][info][gc,start    ] GC(969) Pause Young (Concurrent Start) (G1 Humongous Allocation)
[2026-03-19T11:39:06.502+0800][462.991s][info][gc,task     ] GC(969) Using 3 workers of 13 for evacuation
[2026-03-19T11:39:06.504+0800][462.993s][info][gc,phases   ] GC(969)   Pre Evacuate Collection Set: 0.2ms
[2026-03-19T11:39:06.504+0800][462.993s][info][gc,phases   ] GC(969)   Merge Heap Roots: 0.2ms
[2026-03-19T11:39:06.504+0800][462.993s][info][gc,phases   ] GC(969)   Evacuate Collection Set: 0.6ms
[2026-03-19T11:39:06.504+0800][462.993s][info][gc,phases   ] GC(969)   Post Evacuate Collection Set: 0.8ms
[2026-03-19T11:39:06.504+0800][462.994s][info][gc,phases   ] GC(969)   Other: 0.3ms
[2026-03-19T11:39:06.504+0800][462.994s][info][gc,heap     ] GC(969) Eden regions: 13->0(74)
[2026-03-19T11:39:06.505+0800][462.994s][info][gc,heap     ] GC(969) Survivor regions: 2->2(10)
[2026-03-19T11:39:06.505+0800][462.994s][info][gc,heap     ] GC(969) Old regions: 18->18
[2026-03-19T11:39:06.505+0800][462.994s][info][gc,heap     ] GC(969) Archive regions: 0->0
[2026-03-19T11:39:06.505+0800][462.994s][info][gc,heap     ] GC(969) Humongous regions: 39->9
[2026-03-19T11:39:06.505+0800][462.994s][info][gc,metaspace] GC(969) Metaspace: 22912K(23232K)->22912K(23232K) NonClass: 20302K(20480K)->20302K(20480K) Class: 2610K(2752K)->2610K(2752K)
[2026-03-19T11:39:06.505+0800][462.994s][info][gc          ] GC(969) Pause Young (Concurrent Start) (G1 Humongous Allocation) 70M->27M(128M) 2.612ms
[2026-03-19T11:39:06.505+0800][462.994s][info][gc,cpu      ] GC(969) User=0.00s Sys=0.00s Real=0.00s
[2026-03-19T11:39:06.505+0800][462.994s][info][gc          ] GC(970) Concurrent Undo Cycle
[2026-03-19T11:39:06.505+0800][462.994s][info][gc,marking  ] GC(970) Concurrent Cleanup for Next Mark
[2026-03-19T11:39:06.505+0800][462.994s][info][gc,marking  ] GC(970) Concurrent Cleanup for Next Mark 0.308ms
[2026-03-19T11:39:06.505+0800][462.994s][info][gc          ] GC(970) Concurrent Undo Cycle 0.476ms
[2026-03-19T11:39:07.438+0800][463.927s][info][gc,start    ] GC(971) Pause Young (Concurrent Start) (G1 Humongous Allocation)
[2026-03-19T11:39:07.438+0800][463.927s][info][gc,task     ] GC(971) Using 3 workers of 13 for evacuation
[2026-03-19T11:39:07.440+0800][463.930s][info][gc,phases   ] GC(971)   Pre Evacuate Collection Set: 0.2ms
[2026-03-19T11:39:07.441+0800][463.930s][info][gc,phases   ] GC(971)   Merge Heap Roots: 0.2ms
[2026-03-19T11:39:07.441+0800][463.930s][info][gc,phases   ] GC(971)   Evacuate Collection Set: 0.9ms
[2026-03-19T11:39:07.441+0800][463.930s][info][gc,phases   ] GC(971)   Post Evacuate Collection Set: 1.1ms
[2026-03-19T11:39:07.441+0800][463.930s][info][gc,phases   ] GC(971)   Other: 0.3ms
[2026-03-19T11:39:07.441+0800][463.930s][info][gc,heap     ] GC(971) Eden regions: 13->0(74)
[2026-03-19T11:39:07.441+0800][463.930s][info][gc,heap     ] GC(971) Survivor regions: 2->2(10)
[2026-03-19T11:39:07.441+0800][463.930s][info][gc,heap     ] GC(971) Old regions: 18->18
[2026-03-19T11:39:07.441+0800][463.930s][info][gc,heap     ] GC(971) Archive regions: 0->0
[2026-03-19T11:39:07.441+0800][463.930s][info][gc,heap     ] GC(971) Humongous regions: 39->9
[2026-03-19T11:39:07.441+0800][463.930s][info][gc,metaspace] GC(971) Metaspace: 22912K(23232K)->22912K(23232K) NonClass: 20302K(20480K)->20302K(20480K) Class: 2610K(2752K)->2610K(2752K)
[2026-03-19T11:39:07.441+0800][463.930s][info][gc          ] GC(971) Pause Young (Concurrent Start) (G1 Humongous Allocation) 70M->27M(128M) 3.116ms
[2026-03-19T11:39:07.441+0800][463.930s][info][gc,cpu      ] GC(971) User=0.00s Sys=0.00s Real=0.00s
[2026-03-19T11:39:07.441+0800][463.930s][info][gc          ] GC(972) Concurrent Undo Cycle
[2026-03-19T11:39:07.441+0800][463.930s][info][gc,marking  ] GC(972) Concurrent Cleanup for Next Mark
[2026-03-19T11:39:07.442+0800][463.931s][info][gc,marking  ] GC(972) Concurrent Cleanup for Next Mark 0.401ms
[2026-03-19T11:39:07.442+0800][463.931s][info][gc          ] GC(972) Concurrent Undo Cycle 0.679ms
[2026-03-19T11:39:08.373+0800][464.862s][info][gc,start    ] GC(973) Pause Young (Concurrent Start) (G1 Humongous Allocation)
[2026-03-19T11:39:08.373+0800][464.862s][info][gc,task     ] GC(973) Using 3 workers of 13 for evacuation
[2026-03-19T11:39:08.375+0800][464.864s][info][gc,phases   ] GC(973)   Pre Evacuate Collection Set: 0.1ms
[2026-03-19T11:39:08.375+0800][464.864s][info][gc,phases   ] GC(973)   Merge Heap Roots: 0.2ms
[2026-03-19T11:39:08.375+0800][464.864s][info][gc,phases   ] GC(973)   Evacuate Collection Set: 0.7ms
[2026-03-19T11:39:08.375+0800][464.864s][info][gc,phases   ] GC(973)   Post Evacuate Collection Set: 0.6ms
[2026-03-19T11:39:08.375+0800][464.864s][info][gc,phases   ] GC(973)   Other: 0.4ms
[2026-03-19T11:39:08.375+0800][464.865s][info][gc,heap     ] GC(973) Eden regions: 13->0(74)
[2026-03-19T11:39:08.375+0800][464.865s][info][gc,heap     ] GC(973) Survivor regions: 2->2(10)
[2026-03-19T11:39:08.375+0800][464.865s][info][gc,heap     ] GC(973) Old regions: 18->18
[2026-03-19T11:39:08.375+0800][464.865s][info][gc,heap     ] GC(973) Archive regions: 0->0
[2026-03-19T11:39:08.375+0800][464.865s][info][gc,heap     ] GC(973) Humongous regions: 39->9
[2026-03-19T11:39:08.375+0800][464.865s][info][gc,metaspace] GC(973) Metaspace: 22912K(23232K)->22912K(23232K) NonClass: 20302K(20480K)->20302K(20480K) Class: 2610K(2752K)->2610K(2752K)
[2026-03-19T11:39:08.375+0800][464.865s][info][gc          ] GC(973) Pause Young (Concurrent Start) (G1 Humongous Allocation) 70M->27M(128M) 2.875ms
[2026-03-19T11:39:08.376+0800][464.865s][info][gc,cpu      ] GC(973) User=0.00s Sys=0.00s Real=0.00s
[2026-03-19T11:39:08.376+0800][464.865s][info][gc          ] GC(974) Concurrent Undo Cycle
[2026-03-19T11:39:08.376+0800][464.865s][info][gc,marking  ] GC(974) Concurrent Cleanup for Next Mark
[2026-03-19T11:39:08.376+0800][464.866s][info][gc,marking  ] GC(974) Concurrent Cleanup for Next Mark 0.423ms
[2026-03-19T11:39:08.376+0800][464.866s][info][gc          ] GC(974) Concurrent Undo Cycle 0.757ms
[2026-03-19T11:39:09.309+0800][465.798s][info][gc,start    ] GC(975) Pause Young (Concurrent Start) (G1 Humongous Allocation)
[2026-03-19T11:39:09.310+0800][465.799s][info][gc,task     ] GC(975) Using 3 workers of 13 for evacuation
[2026-03-19T11:39:09.311+0800][465.800s][info][gc,phases   ] GC(975)   Pre Evacuate Collection Set: 0.1ms
[2026-03-19T11:39:09.311+0800][465.800s][info][gc,phases   ] GC(975)   Merge Heap Roots: 0.1ms
[2026-03-19T11:39:09.311+0800][465.800s][info][gc,phases   ] GC(975)   Evacuate Collection Set: 0.6ms
[2026-03-19T11:39:09.311+0800][465.800s][info][gc,phases   ] GC(975)   Post Evacuate Collection Set: 0.6ms
[2026-03-19T11:39:09.311+0800][465.801s][info][gc,phases   ] GC(975)   Other: 0.3ms
[2026-03-19T11:39:09.312+0800][465.801s][info][gc,heap     ] GC(975) Eden regions: 12->0(74)
[2026-03-19T11:39:09.312+0800][465.801s][info][gc,heap     ] GC(975) Survivor regions: 2->2(10)
[2026-03-19T11:39:09.312+0800][465.801s][info][gc,heap     ] GC(975) Old regions: 18->18
[2026-03-19T11:39:09.312+0800][465.801s][info][gc,heap     ] GC(975) Archive regions: 0->0
[2026-03-19T11:39:09.312+0800][465.801s][info][gc,heap     ] GC(975) Humongous regions: 39->9
[2026-03-19T11:39:09.312+0800][465.801s][info][gc,metaspace] GC(975) Metaspace: 22912K(23232K)->22912K(23232K) NonClass: 20302K(20480K)->20302K(20480K) Class: 2610K(2752K)->2610K(2752K)
[2026-03-19T11:39:09.312+0800][465.801s][info][gc          ] GC(975) Pause Young (Concurrent Start) (G1 Humongous Allocation) 69M->27M(128M) 2.406ms
[2026-03-19T11:39:09.312+0800][465.801s][info][gc,cpu      ] GC(975) User=0.00s Sys=0.00s Real=0.00s
[2026-03-19T11:39:09.312+0800][465.801s][info][gc          ] GC(976) Concurrent Undo Cycle
[2026-03-19T11:39:09.312+0800][465.801s][info][gc,marking  ] GC(976) Concurrent Cleanup for Next Mark
[2026-03-19T11:39:09.313+0800][465.802s][info][gc,marking  ] GC(976) Concurrent Cleanup for Next Mark 0.444ms
[2026-03-19T11:39:09.313+0800][465.802s][info][gc          ] GC(976) Concurrent Undo Cycle 0.666ms
[2026-03-19T11:39:10.251+0800][466.740s][info][gc,start    ] GC(977) Pause Young (Concurrent Start) (G1 Humongous Allocation)
[2026-03-19T11:39:10.251+0800][466.740s][info][gc,task     ] GC(977) Using 3 workers of 13 for evacuation
[2026-03-19T11:39:10.253+0800][466.742s][info][gc,phases   ] GC(977)   Pre Evacuate Collection Set: 0.1ms
[2026-03-19T11:39:10.253+0800][466.742s][info][gc,phases   ] GC(977)   Merge Heap Roots: 0.1ms
[2026-03-19T11:39:10.253+0800][466.742s][info][gc,phases   ] GC(977)   Evacuate Collection Set: 0.6ms
[2026-03-19T11:39:10.253+0800][466.742s][info][gc,phases   ] GC(977)   Post Evacuate Collection Set: 0.8ms
[2026-03-19T11:39:10.253+0800][466.742s][info][gc,phases   ] GC(977)   Other: 0.3ms
[2026-03-19T11:39:10.253+0800][466.742s][info][gc,heap     ] GC(977) Eden regions: 12->0(74)
[2026-03-19T11:39:10.253+0800][466.742s][info][gc,heap     ] GC(977) Survivor regions: 2->2(10)
[2026-03-19T11:39:10.253+0800][466.742s][info][gc,heap     ] GC(977) Old regions: 18->18
[2026-03-19T11:39:10.253+0800][466.742s][info][gc,heap     ] GC(977) Archive regions: 0->0
[2026-03-19T11:39:10.253+0800][466.742s][info][gc,heap     ] GC(977) Humongous regions: 39->9
[2026-03-19T11:39:10.253+0800][466.742s][info][gc,metaspace] GC(977) Metaspace: 22912K(23232K)->22912K(23232K) NonClass: 20302K(20480K)->20302K(20480K) Class: 2610K(2752K)->2610K(2752K)
[2026-03-19T11:39:10.253+0800][466.742s][info][gc          ] GC(977) Pause Young (Concurrent Start) (G1 Humongous Allocation) 69M->27M(128M) 2.280ms
[2026-03-19T11:39:10.253+0800][466.742s][info][gc,cpu      ] GC(977) User=0.00s Sys=0.00s Real=0.00s
[2026-03-19T11:39:10.253+0800][466.742s][info][gc          ] GC(978) Concurrent Undo Cycle
[2026-03-19T11:39:10.253+0800][466.742s][info][gc,marking  ] GC(978) Concurrent Cleanup for Next Mark
[2026-03-19T11:39:10.253+0800][466.743s][info][gc,marking  ] GC(978) Concurrent Cleanup for Next Mark 0.289ms
[2026-03-19T11:39:10.253+0800][466.743s][info][gc          ] GC(978) Concurrent Undo Cycle 0.454ms
[2026-03-19T11:39:11.186+0800][467.675s][info][gc,start    ] GC(979) Pause Young (Concurrent Start) (G1 Humongous Allocation)
[2026-03-19T11:39:11.186+0800][467.675s][info][gc,task     ] GC(979) Using 3 workers of 13 for evacuation
[2026-03-19T11:39:11.188+0800][467.678s][info][gc,phases   ] GC(979)   Pre Evacuate Collection Set: 0.4ms
[2026-03-19T11:39:11.188+0800][467.678s][info][gc,phases   ] GC(979)   Merge Heap Roots: 0.2ms
[2026-03-19T11:39:11.189+0800][467.678s][info][gc,phases   ] GC(979)   Evacuate Collection Set: 0.9ms
[2026-03-19T11:39:11.189+0800][467.678s][info][gc,phases   ] GC(979)   Post Evacuate Collection Set: 0.9ms
[2026-03-19T11:39:11.189+0800][467.678s][info][gc,phases   ] GC(979)   Other: 0.5ms
[2026-03-19T11:39:11.189+0800][467.678s][info][gc,heap     ] GC(979) Eden regions: 12->0(74)
[2026-03-19T11:39:11.189+0800][467.678s][info][gc,heap     ] GC(979) Survivor regions: 2->2(10)
[2026-03-19T11:39:11.189+0800][467.678s][info][gc,heap     ] GC(979) Old regions: 18->18
[2026-03-19T11:39:11.189+0800][467.678s][info][gc,heap     ] GC(979) Archive regions: 0->0
[2026-03-19T11:39:11.189+0800][467.678s][info][gc,heap     ] GC(979) Humongous regions: 39->9
[2026-03-19T11:39:11.189+0800][467.678s][info][gc,metaspace] GC(979) Metaspace: 22912K(23232K)->22912K(23232K) NonClass: 20302K(20480K)->20302K(20480K) Class: 2610K(2752K)->2610K(2752K)
[2026-03-19T11:39:11.189+0800][467.678s][info][gc          ] GC(979) Pause Young (Concurrent Start) (G1 Humongous Allocation) 69M->27M(128M) 3.578ms
[2026-03-19T11:39:11.189+0800][467.678s][info][gc,cpu      ] GC(979) User=0.00s Sys=0.00s Real=0.00s
[2026-03-19T11:39:11.189+0800][467.679s][info][gc          ] GC(980) Concurrent Undo Cycle
[2026-03-19T11:39:11.189+0800][467.679s][info][gc,marking  ] GC(980) Concurrent Cleanup for Next Mark
[2026-03-19T11:39:11.190+0800][467.679s][info][gc,marking  ] GC(980) Concurrent Cleanup for Next Mark 0.406ms
[2026-03-19T11:39:11.190+0800][467.679s][info][gc          ] GC(980) Concurrent Undo Cycle 0.615ms
[2026-03-19T11:39:12.118+0800][468.608s][info][gc,start    ] GC(981) Pause Young (Concurrent Start) (G1 Humongous Allocation)
[2026-03-19T11:39:12.118+0800][468.608s][info][gc,task     ] GC(981) Using 3 workers of 13 for evacuation
[2026-03-19T11:39:12.122+0800][468.611s][info][gc,phases   ] GC(981)   Pre Evacuate Collection Set: 0.3ms
[2026-03-19T11:39:12.122+0800][468.611s][info][gc,phases   ] GC(981)   Merge Heap Roots: 0.2ms
[2026-03-19T11:39:12.122+0800][468.611s][info][gc,phases   ] GC(981)   Evacuate Collection Set: 1.2ms
[2026-03-19T11:39:12.122+0800][468.611s][info][gc,phases   ] GC(981)   Post Evacuate Collection Set: 0.8ms
[2026-03-19T11:39:12.122+0800][468.611s][info][gc,phases   ] GC(981)   Other: 0.5ms
[2026-03-19T11:39:12.122+0800][468.611s][info][gc,heap     ] GC(981) Eden regions: 13->0(74)
[2026-03-19T11:39:12.122+0800][468.611s][info][gc,heap     ] GC(981) Survivor regions: 2->2(10)
[2026-03-19T11:39:12.122+0800][468.611s][info][gc,heap     ] GC(981) Old regions: 18->18
[2026-03-19T11:39:12.122+0800][468.611s][info][gc,heap     ] GC(981) Archive regions: 0->0
[2026-03-19T11:39:12.122+0800][468.611s][info][gc,heap     ] GC(981) Humongous regions: 39->9
[2026-03-19T11:39:12.122+0800][468.611s][info][gc,metaspace] GC(981) Metaspace: 22912K(23232K)->22912K(23232K) NonClass: 20302K(20480K)->20302K(20480K) Class: 2610K(2752K)->2610K(2752K)
[2026-03-19T11:39:12.122+0800][468.611s][info][gc          ] GC(981) Pause Young (Concurrent Start) (G1 Humongous Allocation) 70M->27M(128M) 3.346ms
[2026-03-19T11:39:12.122+0800][468.611s][info][gc,cpu      ] GC(981) User=0.00s Sys=0.00s Real=0.00s
[2026-03-19T11:39:12.122+0800][468.611s][info][gc          ] GC(982) Concurrent Undo Cycle
[2026-03-19T11:39:12.122+0800][468.611s][info][gc,marking  ] GC(982) Concurrent Cleanup for Next Mark
[2026-03-19T11:39:12.123+0800][468.612s][info][gc,marking  ] GC(982) Concurrent Cleanup for Next Mark 0.515ms
[2026-03-19T11:39:12.123+0800][468.612s][info][gc          ] GC(982) Concurrent Undo Cycle 0.880ms
[2026-03-19T11:39:13.051+0800][469.540s][info][gc,start    ] GC(983) Pause Young (Concurrent Start) (G1 Humongous Allocation)
[2026-03-19T11:39:13.051+0800][469.541s][info][gc,task     ] GC(983) Using 3 workers of 13 for evacuation
[2026-03-19T11:39:13.054+0800][469.543s][info][gc,phases   ] GC(983)   Pre Evacuate Collection Set: 0.3ms
[2026-03-19T11:39:13.054+0800][469.544s][info][gc,phases   ] GC(983)   Merge Heap Roots: 0.1ms
[2026-03-19T11:39:13.054+0800][469.544s][info][gc,phases   ] GC(983)   Evacuate Collection Set: 1.0ms
[2026-03-19T11:39:13.054+0800][469.544s][info][gc,phases   ] GC(983)   Post Evacuate Collection Set: 0.9ms
[2026-03-19T11:39:13.054+0800][469.544s][info][gc,phases   ] GC(983)   Other: 0.7ms
[2026-03-19T11:39:13.054+0800][469.544s][info][gc,heap     ] GC(983) Eden regions: 13->0(74)
[2026-03-19T11:39:13.054+0800][469.544s][info][gc,heap     ] GC(983) Survivor regions: 2->2(10)
[2026-03-19T11:39:13.054+0800][469.544s][info][gc,heap     ] GC(983) Old regions: 18->18
[2026-03-19T11:39:13.054+0800][469.544s][info][gc,heap     ] GC(983) Archive regions: 0->0
[2026-03-19T11:39:13.054+0800][469.544s][info][gc,heap     ] GC(983) Humongous regions: 39->9
[2026-03-19T11:39:13.054+0800][469.544s][info][gc,metaspace] GC(983) Metaspace: 22912K(23232K)->22912K(23232K) NonClass: 20302K(20480K)->20302K(20480K) Class: 2610K(2752K)->2610K(2752K)
[2026-03-19T11:39:13.054+0800][469.544s][info][gc          ] GC(983) Pause Young (Concurrent Start) (G1 Humongous Allocation) 70M->27M(128M) 3.548ms
[2026-03-19T11:39:13.054+0800][469.544s][info][gc,cpu      ] GC(983) User=0.00s Sys=0.00s Real=0.00s
[2026-03-19T11:39:13.054+0800][469.544s][info][gc          ] GC(984) Concurrent Undo Cycle
[2026-03-19T11:39:13.054+0800][469.544s][info][gc,marking  ] GC(984) Concurrent Cleanup for Next Mark
[2026-03-19T11:39:13.055+0800][469.545s][info][gc,marking  ] GC(984) Concurrent Cleanup for Next Mark 0.299ms
[2026-03-19T11:39:13.055+0800][469.545s][info][gc          ] GC(984) Concurrent Undo Cycle 0.487ms
[2026-03-19T11:39:13.989+0800][470.478s][info][gc,start    ] GC(985) Pause Young (Concurrent Start) (G1 Humongous Allocation)
[2026-03-19T11:39:13.989+0800][470.479s][info][gc,task     ] GC(985) Using 3 workers of 13 for evacuation
[2026-03-19T11:39:13.991+0800][470.481s][info][gc,phases   ] GC(985)   Pre Evacuate Collection Set: 0.1ms
[2026-03-19T11:39:13.991+0800][470.481s][info][gc,phases   ] GC(985)   Merge Heap Roots: 0.1ms
[2026-03-19T11:39:13.991+0800][470.481s][info][gc,phases   ] GC(985)   Evacuate Collection Set: 0.8ms
[2026-03-19T11:39:13.991+0800][470.481s][info][gc,phases   ] GC(985)   Post Evacuate Collection Set: 0.7ms
[2026-03-19T11:39:13.991+0800][470.481s][info][gc,phases   ] GC(985)   Other: 0.5ms
[2026-03-19T11:39:13.991+0800][470.481s][info][gc,heap     ] GC(985) Eden regions: 13->0(74)
[2026-03-19T11:39:13.992+0800][470.481s][info][gc,heap     ] GC(985) Survivor regions: 2->2(10)
[2026-03-19T11:39:13.992+0800][470.481s][info][gc,heap     ] GC(985) Old regions: 18->18
[2026-03-19T11:39:13.992+0800][470.481s][info][gc,heap     ] GC(985) Archive regions: 0->0
[2026-03-19T11:39:13.992+0800][470.481s][info][gc,heap     ] GC(985) Humongous regions: 39->9
[2026-03-19T11:39:13.992+0800][470.481s][info][gc,metaspace] GC(985) Metaspace: 22912K(23232K)->22912K(23232K) NonClass: 20302K(20480K)->20302K(20480K) Class: 2610K(2752K)->2610K(2752K)
[2026-03-19T11:39:13.992+0800][470.481s][info][gc          ] GC(985) Pause Young (Concurrent Start) (G1 Humongous Allocation) 70M->27M(128M) 2.721ms
[2026-03-19T11:39:13.992+0800][470.481s][info][gc,cpu      ] GC(985) User=0.00s Sys=0.00s Real=0.00s
[2026-03-19T11:39:13.992+0800][470.481s][info][gc          ] GC(986) Concurrent Undo Cycle
[2026-03-19T11:39:13.992+0800][470.481s][info][gc,marking  ] GC(986) Concurrent Cleanup for Next Mark
[2026-03-19T11:39:13.992+0800][470.482s][info][gc,marking  ] GC(986) Concurrent Cleanup for Next Mark 0.271ms
[2026-03-19T11:39:13.992+0800][470.482s][info][gc          ] GC(986) Concurrent Undo Cycle 0.459ms
[2026-03-19T11:39:14.930+0800][471.419s][info][gc,start    ] GC(987) Pause Young (Concurrent Start) (G1 Humongous Allocation)
[2026-03-19T11:39:14.930+0800][471.419s][info][gc,task     ] GC(987) Using 3 workers of 13 for evacuation
[2026-03-19T11:39:14.932+0800][471.421s][info][gc,phases   ] GC(987)   Pre Evacuate Collection Set: 0.2ms
[2026-03-19T11:39:14.932+0800][471.421s][info][gc,phases   ] GC(987)   Merge Heap Roots: 0.1ms
[2026-03-19T11:39:14.932+0800][471.421s][info][gc,phases   ] GC(987)   Evacuate Collection Set: 0.8ms
[2026-03-19T11:39:14.932+0800][471.421s][info][gc,phases   ] GC(987)   Post Evacuate Collection Set: 0.7ms
[2026-03-19T11:39:14.932+0800][471.421s][info][gc,phases   ] GC(987)   Other: 0.6ms
[2026-03-19T11:39:14.932+0800][471.421s][info][gc,heap     ] GC(987) Eden regions: 12->0(74)
[2026-03-19T11:39:14.932+0800][471.421s][info][gc,heap     ] GC(987) Survivor regions: 2->2(10)
[2026-03-19T11:39:14.932+0800][471.421s][info][gc,heap     ] GC(987) Old regions: 18->18
[2026-03-19T11:39:14.932+0800][471.421s][info][gc,heap     ] GC(987) Archive regions: 0->0
[2026-03-19T11:39:14.932+0800][471.422s][info][gc,heap     ] GC(987) Humongous regions: 39->9
[2026-03-19T11:39:14.932+0800][471.422s][info][gc,metaspace] GC(987) Metaspace: 22912K(23232K)->22912K(23232K) NonClass: 20302K(20480K)->20302K(20480K) Class: 2610K(2752K)->2610K(2752K)
[2026-03-19T11:39:14.932+0800][471.422s][info][gc          ] GC(987) Pause Young (Concurrent Start) (G1 Humongous Allocation) 69M->27M(128M) 2.854ms
[2026-03-19T11:39:14.932+0800][471.422s][info][gc,cpu      ] GC(987) User=0.00s Sys=0.00s Real=0.00s
[2026-03-19T11:39:14.932+0800][471.422s][info][gc          ] GC(988) Concurrent Undo Cycle
[2026-03-19T11:39:14.932+0800][471.422s][info][gc,marking  ] GC(988) Concurrent Cleanup for Next Mark
[2026-03-19T11:39:14.933+0800][471.422s][info][gc,marking  ] GC(988) Concurrent Cleanup for Next Mark 0.268ms
[2026-03-19T11:39:14.933+0800][471.422s][info][gc          ] GC(988) Concurrent Undo Cycle 0.531ms
[2026-03-19T11:39:15.862+0800][472.352s][info][gc,start    ] GC(989) Pause Young (Concurrent Start) (G1 Humongous Allocation)
[2026-03-19T11:39:15.862+0800][472.352s][info][gc,task     ] GC(989) Using 3 workers of 13 for evacuation
[2026-03-19T11:39:15.865+0800][472.355s][info][gc,phases   ] GC(989)   Pre Evacuate Collection Set: 0.4ms
[2026-03-19T11:39:15.865+0800][472.355s][info][gc,phases   ] GC(989)   Merge Heap Roots: 0.4ms
[2026-03-19T11:39:15.865+0800][472.355s][info][gc,phases   ] GC(989)   Evacuate Collection Set: 0.5ms
[2026-03-19T11:39:15.865+0800][472.355s][info][gc,phases   ] GC(989)   Post Evacuate Collection Set: 1.3ms
[2026-03-19T11:39:15.865+0800][472.355s][info][gc,phases   ] GC(989)   Other: 0.3ms
[2026-03-19T11:39:15.865+0800][472.355s][info][gc,heap     ] GC(989) Eden regions: 13->0(74)
[2026-03-19T11:39:15.865+0800][472.355s][info][gc,heap     ] GC(989) Survivor regions: 2->2(10)
[2026-03-19T11:39:15.865+0800][472.355s][info][gc,heap     ] GC(989) Old regions: 18->18
[2026-03-19T11:39:15.865+0800][472.355s][info][gc,heap     ] GC(989) Archive regions: 0->0
[2026-03-19T11:39:15.865+0800][472.355s][info][gc,heap     ] GC(989) Humongous regions: 39->9
[2026-03-19T11:39:15.865+0800][472.355s][info][gc,metaspace] GC(989) Metaspace: 22912K(23232K)->22912K(23232K) NonClass: 20302K(20480K)->20302K(20480K) Class: 2610K(2752K)->2610K(2752K)
[2026-03-19T11:39:15.865+0800][472.355s][info][gc          ] GC(989) Pause Young (Concurrent Start) (G1 Humongous Allocation) 70M->27M(128M) 3.292ms
[2026-03-19T11:39:15.865+0800][472.355s][info][gc,cpu      ] GC(989) User=0.00s Sys=0.00s Real=0.00s
[2026-03-19T11:39:15.865+0800][472.355s][info][gc          ] GC(990) Concurrent Undo Cycle
[2026-03-19T11:39:15.865+0800][472.355s][info][gc,marking  ] GC(990) Concurrent Cleanup for Next Mark
[2026-03-19T11:39:15.866+0800][472.356s][info][gc,marking  ] GC(990) Concurrent Cleanup for Next Mark 0.335ms
[2026-03-19T11:39:15.866+0800][472.356s][info][gc          ] GC(990) Concurrent Undo Cycle 0.496ms
[2026-03-19T11:39:16.786+0800][473.276s][info][gc,start    ] GC(991) Pause Young (Concurrent Start) (G1 Humongous Allocation)
[2026-03-19T11:39:16.787+0800][473.277s][info][gc,task     ] GC(991) Using 3 workers of 13 for evacuation
[2026-03-19T11:39:16.790+0800][473.279s][info][gc,phases   ] GC(991)   Pre Evacuate Collection Set: 0.2ms
[2026-03-19T11:39:16.790+0800][473.279s][info][gc,phases   ] GC(991)   Merge Heap Roots: 0.2ms
[2026-03-19T11:39:16.790+0800][473.279s][info][gc,phases   ] GC(991)   Evacuate Collection Set: 0.8ms
[2026-03-19T11:39:16.790+0800][473.279s][info][gc,phases   ] GC(991)   Post Evacuate Collection Set: 0.9ms
[2026-03-19T11:39:16.790+0800][473.279s][info][gc,phases   ] GC(991)   Other: 0.8ms
[2026-03-19T11:39:16.790+0800][473.279s][info][gc,heap     ] GC(991) Eden regions: 13->0(74)
[2026-03-19T11:39:16.790+0800][473.279s][info][gc,heap     ] GC(991) Survivor regions: 2->2(10)
[2026-03-19T11:39:16.790+0800][473.280s][info][gc,heap     ] GC(991) Old regions: 18->18
[2026-03-19T11:39:16.790+0800][473.280s][info][gc,heap     ] GC(991) Archive regions: 0->0
[2026-03-19T11:39:16.790+0800][473.280s][info][gc,heap     ] GC(991) Humongous regions: 39->9
[2026-03-19T11:39:16.790+0800][473.280s][info][gc,metaspace] GC(991) Metaspace: 22912K(23232K)->22912K(23232K) NonClass: 20302K(20480K)->20302K(20480K) Class: 2610K(2752K)->2610K(2752K)
[2026-03-19T11:39:16.790+0800][473.280s][info][gc          ] GC(991) Pause Young (Concurrent Start) (G1 Humongous Allocation) 70M->27M(128M) 3.784ms
[2026-03-19T11:39:16.790+0800][473.280s][info][gc,cpu      ] GC(991) User=0.00s Sys=0.00s Real=0.00s
[2026-03-19T11:39:16.791+0800][473.280s][info][gc          ] GC(992) Concurrent Undo Cycle
[2026-03-19T11:39:16.791+0800][473.280s][info][gc,marking  ] GC(992) Concurrent Cleanup for Next Mark
[2026-03-19T11:39:16.791+0800][473.281s][info][gc,marking  ] GC(992) Concurrent Cleanup for Next Mark 0.497ms
[2026-03-19T11:39:16.792+0800][473.281s][info][gc          ] GC(992) Concurrent Undo Cycle 0.873ms
[2026-03-19T11:39:17.728+0800][474.217s][info][gc,start    ] GC(993) Pause Young (Concurrent Start) (G1 Humongous Allocation)
[2026-03-19T11:39:17.728+0800][474.217s][info][gc,task     ] GC(993) Using 3 workers of 13 for evacuation
[2026-03-19T11:39:17.730+0800][474.219s][info][gc,phases   ] GC(993)   Pre Evacuate Collection Set: 0.3ms
[2026-03-19T11:39:17.730+0800][474.219s][info][gc,phases   ] GC(993)   Merge Heap Roots: 0.2ms
[2026-03-19T11:39:17.730+0800][474.219s][info][gc,phases   ] GC(993)   Evacuate Collection Set: 0.8ms
[2026-03-19T11:39:17.730+0800][474.220s][info][gc,phases   ] GC(993)   Post Evacuate Collection Set: 0.8ms
[2026-03-19T11:39:17.730+0800][474.220s][info][gc,phases   ] GC(993)   Other: 0.4ms
[2026-03-19T11:39:17.730+0800][474.220s][info][gc,heap     ] GC(993) Eden regions: 13->0(74)
[2026-03-19T11:39:17.730+0800][474.220s][info][gc,heap     ] GC(993) Survivor regions: 2->2(10)
[2026-03-19T11:39:17.730+0800][474.220s][info][gc,heap     ] GC(993) Old regions: 18->18
[2026-03-19T11:39:17.730+0800][474.220s][info][gc,heap     ] GC(993) Archive regions: 0->0
[2026-03-19T11:39:17.730+0800][474.220s][info][gc,heap     ] GC(993) Humongous regions: 39->9
[2026-03-19T11:39:17.730+0800][474.220s][info][gc,metaspace] GC(993) Metaspace: 22912K(23232K)->22912K(23232K) NonClass: 20302K(20480K)->20302K(20480K) Class: 2610K(2752K)->2610K(2752K)
[2026-03-19T11:39:17.730+0800][474.220s][info][gc          ] GC(993) Pause Young (Concurrent Start) (G1 Humongous Allocation) 70M->27M(128M) 3.260ms
[2026-03-19T11:39:17.731+0800][474.220s][info][gc,cpu      ] GC(993) User=0.00s Sys=0.00s Real=0.00s
[2026-03-19T11:39:17.731+0800][474.220s][info][gc          ] GC(994) Concurrent Undo Cycle
[2026-03-19T11:39:17.731+0800][474.220s][info][gc,marking  ] GC(994) Concurrent Cleanup for Next Mark
[2026-03-19T11:39:17.731+0800][474.221s][info][gc,marking  ] GC(994) Concurrent Cleanup for Next Mark 0.469ms
[2026-03-19T11:39:17.731+0800][474.221s][info][gc          ] GC(994) Concurrent Undo Cycle 0.807ms
[2026-03-19T11:39:18.664+0800][475.153s][info][gc,start    ] GC(995) Pause Young (Concurrent Start) (G1 Humongous Allocation)
[2026-03-19T11:39:18.664+0800][475.153s][info][gc,task     ] GC(995) Using 3 workers of 13 for evacuation
[2026-03-19T11:39:18.666+0800][475.156s][info][gc,phases   ] GC(995)   Pre Evacuate Collection Set: 0.3ms
[2026-03-19T11:39:18.666+0800][475.156s][info][gc,phases   ] GC(995)   Merge Heap Roots: 0.1ms
[2026-03-19T11:39:18.667+0800][475.156s][info][gc,phases   ] GC(995)   Evacuate Collection Set: 0.6ms
[2026-03-19T11:39:18.667+0800][475.156s][info][gc,phases   ] GC(995)   Post Evacuate Collection Set: 1.2ms
[2026-03-19T11:39:18.667+0800][475.156s][info][gc,phases   ] GC(995)   Other: 0.3ms
[2026-03-19T11:39:18.667+0800][475.156s][info][gc,heap     ] GC(995) Eden regions: 12->0(74)
[2026-03-19T11:39:18.667+0800][475.156s][info][gc,heap     ] GC(995) Survivor regions: 2->2(10)
[2026-03-19T11:39:18.667+0800][475.156s][info][gc,heap     ] GC(995) Old regions: 18->18
[2026-03-19T11:39:18.667+0800][475.156s][info][gc,heap     ] GC(995) Archive regions: 0->0
[2026-03-19T11:39:18.667+0800][475.156s][info][gc,heap     ] GC(995) Humongous regions: 39->9
[2026-03-19T11:39:18.667+0800][475.156s][info][gc,metaspace] GC(995) Metaspace: 22912K(23232K)->22912K(23232K) NonClass: 20302K(20480K)->20302K(20480K) Class: 2610K(2752K)->2610K(2752K)
[2026-03-19T11:39:18.667+0800][475.156s][info][gc          ] GC(995) Pause Young (Concurrent Start) (G1 Humongous Allocation) 69M->27M(128M) 2.908ms
[2026-03-19T11:39:18.667+0800][475.156s][info][gc,cpu      ] GC(995) User=0.00s Sys=0.00s Real=0.00s
[2026-03-19T11:39:18.667+0800][475.156s][info][gc          ] GC(996) Concurrent Undo Cycle
[2026-03-19T11:39:18.667+0800][475.156s][info][gc,marking  ] GC(996) Concurrent Cleanup for Next Mark
[2026-03-19T11:39:18.667+0800][475.157s][info][gc,marking  ] GC(996) Concurrent Cleanup for Next Mark 0.355ms
[2026-03-19T11:39:18.667+0800][475.157s][info][gc          ] GC(996) Concurrent Undo Cycle 0.524ms
[2026-03-19T11:39:19.602+0800][476.091s][info][gc,start    ] GC(997) Pause Young (Concurrent Start) (G1 Humongous Allocation)
[2026-03-19T11:39:19.602+0800][476.091s][info][gc,task     ] GC(997) Using 3 workers of 13 for evacuation
[2026-03-19T11:39:19.605+0800][476.094s][info][gc,phases   ] GC(997)   Pre Evacuate Collection Set: 0.2ms
[2026-03-19T11:39:19.605+0800][476.094s][info][gc,phases   ] GC(997)   Merge Heap Roots: 0.3ms
[2026-03-19T11:39:19.605+0800][476.094s][info][gc,phases   ] GC(997)   Evacuate Collection Set: 0.9ms
[2026-03-19T11:39:19.605+0800][476.094s][info][gc,phases   ] GC(997)   Post Evacuate Collection Set: 1.1ms
[2026-03-19T11:39:19.605+0800][476.094s][info][gc,phases   ] GC(997)   Other: 0.5ms
[2026-03-19T11:39:19.605+0800][476.094s][info][gc,heap     ] GC(997) Eden regions: 12->0(74)
[2026-03-19T11:39:19.605+0800][476.094s][info][gc,heap     ] GC(997) Survivor regions: 2->2(10)
[2026-03-19T11:39:19.605+0800][476.094s][info][gc,heap     ] GC(997) Old regions: 18->18
[2026-03-19T11:39:19.605+0800][476.094s][info][gc,heap     ] GC(997) Archive regions: 0->0
[2026-03-19T11:39:19.605+0800][476.094s][info][gc,heap     ] GC(997) Humongous regions: 39->9
[2026-03-19T11:39:19.605+0800][476.095s][info][gc,metaspace] GC(997) Metaspace: 22912K(23232K)->22912K(23232K) NonClass: 20302K(20480K)->20302K(20480K) Class: 2610K(2752K)->2610K(2752K)
[2026-03-19T11:39:19.605+0800][476.095s][info][gc          ] GC(997) Pause Young (Concurrent Start) (G1 Humongous Allocation) 69M->27M(128M) 4.006ms
[2026-03-19T11:39:19.606+0800][476.095s][info][gc,cpu      ] GC(997) User=0.00s Sys=0.00s Real=0.00s
[2026-03-19T11:39:19.606+0800][476.095s][info][gc          ] GC(998) Concurrent Undo Cycle
[2026-03-19T11:39:19.606+0800][476.095s][info][gc,marking  ] GC(998) Concurrent Cleanup for Next Mark
[2026-03-19T11:39:19.606+0800][476.096s][info][gc,marking  ] GC(998) Concurrent Cleanup for Next Mark 0.423ms
[2026-03-19T11:39:19.607+0800][476.096s][info][gc          ] GC(998) Concurrent Undo Cycle 0.768ms
[2026-03-19T11:39:20.534+0800][477.024s][info][gc,start    ] GC(999) Pause Young (Concurrent Start) (G1 Humongous Allocation)
[2026-03-19T11:39:20.535+0800][477.024s][info][gc,task     ] GC(999) Using 3 workers of 13 for evacuation
[2026-03-19T11:39:20.537+0800][477.026s][info][gc,phases   ] GC(999)   Pre Evacuate Collection Set: 0.3ms
[2026-03-19T11:39:20.537+0800][477.026s][info][gc,phases   ] GC(999)   Merge Heap Roots: 0.1ms
[2026-03-19T11:39:20.537+0800][477.026s][info][gc,phases   ] GC(999)   Evacuate Collection Set: 0.6ms
[2026-03-19T11:39:20.537+0800][477.026s][info][gc,phases   ] GC(999)   Post Evacuate Collection Set: 0.7ms
[2026-03-19T11:39:20.537+0800][477.026s][info][gc,phases   ] GC(999)   Other: 0.5ms
[2026-03-19T11:39:20.537+0800][477.026s][info][gc,heap     ] GC(999) Eden regions: 12->0(74)
[2026-03-19T11:39:20.537+0800][477.026s][info][gc,heap     ] GC(999) Survivor regions: 2->2(10)
[2026-03-19T11:39:20.537+0800][477.027s][info][gc,heap     ] GC(999) Old regions: 18->18
[2026-03-19T11:39:20.537+0800][477.027s][info][gc,heap     ] GC(999) Archive regions: 0->0
[2026-03-19T11:39:20.537+0800][477.027s][info][gc,heap     ] GC(999) Humongous regions: 39->9
[2026-03-19T11:39:20.537+0800][477.027s][info][gc,metaspace] GC(999) Metaspace: 22912K(23232K)->22912K(23232K) NonClass: 20302K(20480K)->20302K(20480K) Class: 2610K(2752K)->2610K(2752K)
[2026-03-19T11:39:20.537+0800][477.027s][info][gc          ] GC(999) Pause Young (Concurrent Start) (G1 Humongous Allocation) 69M->27M(128M) 2.707ms
[2026-03-19T11:39:20.537+0800][477.027s][info][gc,cpu      ] GC(999) User=0.00s Sys=0.00s Real=0.00s
[2026-03-19T11:39:20.537+0800][477.027s][info][gc          ] GC(1000) Concurrent Undo Cycle
[2026-03-19T11:39:20.537+0800][477.027s][info][gc,marking  ] GC(1000) Concurrent Cleanup for Next Mark
[2026-03-19T11:39:20.537+0800][477.027s][info][gc,marking  ] GC(1000) Concurrent Cleanup for Next Mark 0.236ms
[2026-03-19T11:39:20.537+0800][477.027s][info][gc          ] GC(1000) Concurrent Undo Cycle 0.416ms
[2026-03-19T11:39:21.472+0800][477.961s][info][gc,start    ] GC(1001) Pause Young (Concurrent Start) (G1 Humongous Allocation)
[2026-03-19T11:39:21.472+0800][477.961s][info][gc,task     ] GC(1001) Using 3 workers of 13 for evacuation
[2026-03-19T11:39:21.473+0800][477.963s][info][gc,phases   ] GC(1001)   Pre Evacuate Collection Set: 0.2ms
[2026-03-19T11:39:21.473+0800][477.963s][info][gc,phases   ] GC(1001)   Merge Heap Roots: 0.2ms
[2026-03-19T11:39:21.473+0800][477.963s][info][gc,phases   ] GC(1001)   Evacuate Collection Set: 0.5ms
[2026-03-19T11:39:21.474+0800][477.963s][info][gc,phases   ] GC(1001)   Post Evacuate Collection Set: 0.7ms
[2026-03-19T11:39:21.474+0800][477.963s][info][gc,phases   ] GC(1001)   Other: 0.2ms
[2026-03-19T11:39:21.474+0800][477.963s][info][gc,heap     ] GC(1001) Eden regions: 13->0(74)
[2026-03-19T11:39:21.474+0800][477.963s][info][gc,heap     ] GC(1001) Survivor regions: 2->2(10)
[2026-03-19T11:39:21.474+0800][477.963s][info][gc,heap     ] GC(1001) Old regions: 18->18
[2026-03-19T11:39:21.474+0800][477.963s][info][gc,heap     ] GC(1001) Archive regions: 0->0
[2026-03-19T11:39:21.474+0800][477.963s][info][gc,heap     ] GC(1001) Humongous regions: 39->9
[2026-03-19T11:39:21.474+0800][477.963s][info][gc,metaspace] GC(1001) Metaspace: 22912K(23232K)->22912K(23232K) NonClass: 20302K(20480K)->20302K(20480K) Class: 2610K(2752K)->2610K(2752K)
[2026-03-19T11:39:21.474+0800][477.963s][info][gc          ] GC(1001) Pause Young (Concurrent Start) (G1 Humongous Allocation) 69M->27M(128M) 2.102ms
[2026-03-19T11:39:21.474+0800][477.963s][info][gc,cpu      ] GC(1001) User=0.00s Sys=0.00s Real=0.00s
[2026-03-19T11:39:21.474+0800][477.963s][info][gc          ] GC(1002) Concurrent Undo Cycle
[2026-03-19T11:39:21.474+0800][477.963s][info][gc,marking  ] GC(1002) Concurrent Cleanup for Next Mark
[2026-03-19T11:39:21.475+0800][477.964s][info][gc,marking  ] GC(1002) Concurrent Cleanup for Next Mark 0.377ms
[2026-03-19T11:39:21.475+0800][477.964s][info][gc          ] GC(1002) Concurrent Undo Cycle 0.654ms
[2026-03-19T11:39:22.410+0800][478.899s][info][gc,start    ] GC(1003) Pause Young (Concurrent Start) (G1 Humongous Allocation)
[2026-03-19T11:39:22.410+0800][478.899s][info][gc,task     ] GC(1003) Using 3 workers of 13 for evacuation
[2026-03-19T11:39:22.412+0800][478.901s][info][gc,phases   ] GC(1003)   Pre Evacuate Collection Set: 0.3ms
[2026-03-19T11:39:22.412+0800][478.902s][info][gc,phases   ] GC(1003)   Merge Heap Roots: 0.2ms
[2026-03-19T11:39:22.412+0800][478.902s][info][gc,phases   ] GC(1003)   Evacuate Collection Set: 0.8ms
[2026-03-19T11:39:22.412+0800][478.902s][info][gc,phases   ] GC(1003)   Post Evacuate Collection Set: 0.8ms
[2026-03-19T11:39:22.412+0800][478.902s][info][gc,phases   ] GC(1003)   Other: 0.3ms
[2026-03-19T11:39:22.412+0800][478.902s][info][gc,heap     ] GC(1003) Eden regions: 13->0(74)
[2026-03-19T11:39:22.413+0800][478.902s][info][gc,heap     ] GC(1003) Survivor regions: 2->2(10)
[2026-03-19T11:39:22.413+0800][478.902s][info][gc,heap     ] GC(1003) Old regions: 18->18
[2026-03-19T11:39:22.413+0800][478.902s][info][gc,heap     ] GC(1003) Archive regions: 0->0
[2026-03-19T11:39:22.413+0800][478.902s][info][gc,heap     ] GC(1003) Humongous regions: 39->9
[2026-03-19T11:39:22.413+0800][478.902s][info][gc,metaspace] GC(1003) Metaspace: 22912K(23232K)->22912K(23232K) NonClass: 20302K(20480K)->20302K(20480K) Class: 2610K(2752K)->2610K(2752K)
[2026-03-19T11:39:22.413+0800][478.902s][info][gc          ] GC(1003) Pause Young (Concurrent Start) (G1 Humongous Allocation) 70M->27M(128M) 3.208ms
[2026-03-19T11:39:22.413+0800][478.902s][info][gc,cpu      ] GC(1003) User=0.00s Sys=0.00s Real=0.00s
[2026-03-19T11:39:22.413+0800][478.903s][info][gc          ] GC(1004) Concurrent Undo Cycle
[2026-03-19T11:39:22.413+0800][478.903s][info][gc,marking  ] GC(1004) Concurrent Cleanup for Next Mark
[2026-03-19T11:39:22.414+0800][478.903s][info][gc,marking  ] GC(1004) Concurrent Cleanup for Next Mark 0.410ms
[2026-03-19T11:39:22.414+0800][478.903s][info][gc          ] GC(1004) Concurrent Undo Cycle 0.645ms
[2026-03-19T11:39:23.348+0800][479.838s][info][gc,start    ] GC(1005) Pause Young (Concurrent Start) (G1 Humongous Allocation)
[2026-03-19T11:39:23.348+0800][479.838s][info][gc,task     ] GC(1005) Using 3 workers of 13 for evacuation
[2026-03-19T11:39:23.350+0800][479.840s][info][gc,phases   ] GC(1005)   Pre Evacuate Collection Set: 0.2ms
[2026-03-19T11:39:23.350+0800][479.840s][info][gc,phases   ] GC(1005)   Merge Heap Roots: 0.2ms
[2026-03-19T11:39:23.350+0800][479.840s][info][gc,phases   ] GC(1005)   Evacuate Collection Set: 0.8ms
[2026-03-19T11:39:23.350+0800][479.840s][info][gc,phases   ] GC(1005)   Post Evacuate Collection Set: 1.0ms
[2026-03-19T11:39:23.352+0800][479.841s][info][gc,phases   ] GC(1005)   Other: 0.4ms
[2026-03-19T11:39:23.352+0800][479.841s][info][gc,heap     ] GC(1005) Eden regions: 13->0(74)
[2026-03-19T11:39:23.352+0800][479.841s][info][gc,heap     ] GC(1005) Survivor regions: 2->2(10)
[2026-03-19T11:39:23.352+0800][479.841s][info][gc,heap     ] GC(1005) Old regions: 18->18
[2026-03-19T11:39:23.352+0800][479.841s][info][gc,heap     ] GC(1005) Archive regions: 0->0
[2026-03-19T11:39:23.352+0800][479.841s][info][gc,heap     ] GC(1005) Humongous regions: 39->9
[2026-03-19T11:39:23.352+0800][479.841s][info][gc,metaspace] GC(1005) Metaspace: 22912K(23232K)->22912K(23232K) NonClass: 20302K(20480K)->20302K(20480K) Class: 2610K(2752K)->2610K(2752K)
[2026-03-19T11:39:23.352+0800][479.841s][info][gc          ] GC(1005) Pause Young (Concurrent Start) (G1 Humongous Allocation) 70M->27M(128M) 3.421ms
[2026-03-19T11:39:23.352+0800][479.841s][info][gc,cpu      ] GC(1005) User=0.00s Sys=0.00s Real=0.00s
[2026-03-19T11:39:23.352+0800][479.841s][info][gc          ] GC(1006) Concurrent Undo Cycle
[2026-03-19T11:39:23.352+0800][479.842s][info][gc,marking  ] GC(1006) Concurrent Cleanup for Next Mark
[2026-03-19T11:39:23.353+0800][479.842s][info][gc,marking  ] GC(1006) Concurrent Cleanup for Next Mark 0.409ms
[2026-03-19T11:39:23.353+0800][479.842s][info][gc          ] GC(1006) Concurrent Undo Cycle 0.676ms
[2026-03-19T11:39:24.281+0800][480.771s][info][gc,start    ] GC(1007) Pause Young (Concurrent Start) (G1 Humongous Allocation)
[2026-03-19T11:39:24.281+0800][480.771s][info][gc,task     ] GC(1007) Using 3 workers of 13 for evacuation
[2026-03-19T11:39:24.283+0800][480.773s][info][gc,phases   ] GC(1007)   Pre Evacuate Collection Set: 0.2ms
[2026-03-19T11:39:24.283+0800][480.773s][info][gc,phases   ] GC(1007)   Merge Heap Roots: 0.1ms
[2026-03-19T11:39:24.283+0800][480.773s][info][gc,phases   ] GC(1007)   Evacuate Collection Set: 0.7ms
[2026-03-19T11:39:24.283+0800][480.773s][info][gc,phases   ] GC(1007)   Post Evacuate Collection Set: 0.8ms
[2026-03-19T11:39:24.283+0800][480.773s][info][gc,phases   ] GC(1007)   Other: 0.2ms
[2026-03-19T11:39:24.283+0800][480.773s][info][gc,heap     ] GC(1007) Eden regions: 13->0(74)
[2026-03-19T11:39:24.283+0800][480.773s][info][gc,heap     ] GC(1007) Survivor regions: 2->2(10)
[2026-03-19T11:39:24.283+0800][480.773s][info][gc,heap     ] GC(1007) Old regions: 18->18
[2026-03-19T11:39:24.283+0800][480.773s][info][gc,heap     ] GC(1007) Archive regions: 0->0
[2026-03-19T11:39:24.283+0800][480.773s][info][gc,heap     ] GC(1007) Humongous regions: 39->9
[2026-03-19T11:39:24.283+0800][480.773s][info][gc,metaspace] GC(1007) Metaspace: 22912K(23232K)->22912K(23232K) NonClass: 20302K(20480K)->20302K(20480K) Class: 2610K(2752K)->2610K(2752K)
[2026-03-19T11:39:24.283+0800][480.773s][info][gc          ] GC(1007) Pause Young (Concurrent Start) (G1 Humongous Allocation) 70M->27M(128M) 2.325ms
[2026-03-19T11:39:24.283+0800][480.773s][info][gc,cpu      ] GC(1007) User=0.00s Sys=0.00s Real=0.00s
[2026-03-19T11:39:24.284+0800][480.773s][info][gc          ] GC(1008) Concurrent Undo Cycle
[2026-03-19T11:39:24.284+0800][480.773s][info][gc,marking  ] GC(1008) Concurrent Cleanup for Next Mark
[2026-03-19T11:39:24.284+0800][480.774s][info][gc,marking  ] GC(1008) Concurrent Cleanup for Next Mark 0.312ms
[2026-03-19T11:39:24.284+0800][480.774s][info][gc          ] GC(1008) Concurrent Undo Cycle 0.543ms
[2026-03-19T11:39:25.219+0800][481.708s][info][gc,start    ] GC(1009) Pause Young (Concurrent Start) (G1 Humongous Allocation)
[2026-03-19T11:39:25.219+0800][481.708s][info][gc,task     ] GC(1009) Using 3 workers of 13 for evacuation
[2026-03-19T11:39:25.222+0800][481.711s][info][gc,phases   ] GC(1009)   Pre Evacuate Collection Set: 0.3ms
[2026-03-19T11:39:25.222+0800][481.711s][info][gc,phases   ] GC(1009)   Merge Heap Roots: 0.2ms
[2026-03-19T11:39:25.222+0800][481.711s][info][gc,phases   ] GC(1009)   Evacuate Collection Set: 0.9ms
[2026-03-19T11:39:25.222+0800][481.711s][info][gc,phases   ] GC(1009)   Post Evacuate Collection Set: 1.3ms
[2026-03-19T11:39:25.222+0800][481.711s][info][gc,phases   ] GC(1009)   Other: 0.6ms
[2026-03-19T11:39:25.222+0800][481.711s][info][gc,heap     ] GC(1009) Eden regions: 13->0(74)
[2026-03-19T11:39:25.222+0800][481.712s][info][gc,heap     ] GC(1009) Survivor regions: 2->2(10)
[2026-03-19T11:39:25.223+0800][481.712s][info][gc,heap     ] GC(1009) Old regions: 18->18
[2026-03-19T11:39:25.223+0800][481.712s][info][gc,heap     ] GC(1009) Archive regions: 0->0
[2026-03-19T11:39:25.223+0800][481.712s][info][gc,heap     ] GC(1009) Humongous regions: 39->9
[2026-03-19T11:39:25.223+0800][481.712s][info][gc,metaspace] GC(1009) Metaspace: 22912K(23232K)->22912K(23232K) NonClass: 20302K(20480K)->20302K(20480K) Class: 2610K(2752K)->2610K(2752K)
[2026-03-19T11:39:25.223+0800][481.712s][info][gc          ] GC(1009) Pause Young (Concurrent Start) (G1 Humongous Allocation) 70M->27M(128M) 4.205ms
[2026-03-19T11:39:25.223+0800][481.712s][info][gc,cpu      ] GC(1009) User=0.00s Sys=0.00s Real=0.00s
[2026-03-19T11:39:25.223+0800][481.712s][info][gc          ] GC(1010) Concurrent Undo Cycle
[2026-03-19T11:39:25.223+0800][481.712s][info][gc,marking  ] GC(1010) Concurrent Cleanup for Next Mark
[2026-03-19T11:39:25.224+0800][481.713s][info][gc,marking  ] GC(1010) Concurrent Cleanup for Next Mark 0.574ms
[2026-03-19T11:39:25.224+0800][481.713s][info][gc          ] GC(1010) Concurrent Undo Cycle 0.980ms
[2026-03-19T11:39:26.153+0800][482.643s][info][gc,start    ] GC(1011) Pause Young (Concurrent Start) (G1 Humongous Allocation)
[2026-03-19T11:39:26.154+0800][482.644s][info][gc,task     ] GC(1011) Using 3 workers of 13 for evacuation
[2026-03-19T11:39:26.156+0800][482.646s][info][gc,phases   ] GC(1011)   Pre Evacuate Collection Set: 0.2ms
[2026-03-19T11:39:26.156+0800][482.646s][info][gc,phases   ] GC(1011)   Merge Heap Roots: 0.2ms
[2026-03-19T11:39:26.156+0800][482.646s][info][gc,phases   ] GC(1011)   Evacuate Collection Set: 0.9ms
[2026-03-19T11:39:26.156+0800][482.646s][info][gc,phases   ] GC(1011)   Post Evacuate Collection Set: 0.9ms
[2026-03-19T11:39:26.156+0800][482.646s][info][gc,phases   ] GC(1011)   Other: 0.5ms
[2026-03-19T11:39:26.156+0800][482.646s][info][gc,heap     ] GC(1011) Eden regions: 13->0(74)
[2026-03-19T11:39:26.157+0800][482.646s][info][gc,heap     ] GC(1011) Survivor regions: 2->2(10)
[2026-03-19T11:39:26.157+0800][482.647s][info][gc,heap     ] GC(1011) Old regions: 18->18
[2026-03-19T11:39:26.157+0800][482.647s][info][gc,heap     ] GC(1011) Archive regions: 0->0
[2026-03-19T11:39:26.157+0800][482.647s][info][gc,heap     ] GC(1011) Humongous regions: 39->9
[2026-03-19T11:39:26.157+0800][482.647s][info][gc,metaspace] GC(1011) Metaspace: 22912K(23232K)->22912K(23232K) NonClass: 20302K(20480K)->20302K(20480K) Class: 2610K(2752K)->2610K(2752K)
[2026-03-19T11:39:26.157+0800][482.647s][info][gc          ] GC(1011) Pause Young (Concurrent Start) (G1 Humongous Allocation) 70M->27M(128M) 3.781ms
[2026-03-19T11:39:26.157+0800][482.647s][info][gc,cpu      ] GC(1011) User=0.00s Sys=0.00s Real=0.00s
[2026-03-19T11:39:26.157+0800][482.647s][info][gc          ] GC(1012) Concurrent Undo Cycle
[2026-03-19T11:39:26.157+0800][482.647s][info][gc,marking  ] GC(1012) Concurrent Cleanup for Next Mark
[2026-03-19T11:39:26.159+0800][482.648s][info][gc,marking  ] GC(1012) Concurrent Cleanup for Next Mark 0.284ms
[2026-03-19T11:39:26.159+0800][482.648s][info][gc          ] GC(1012) Concurrent Undo Cycle 0.519ms
[2026-03-19T11:39:27.089+0800][483.578s][info][gc,start    ] GC(1013) Pause Young (Concurrent Start) (G1 Humongous Allocation)
[2026-03-19T11:39:27.089+0800][483.578s][info][gc,task     ] GC(1013) Using 3 workers of 13 for evacuation
[2026-03-19T11:39:27.091+0800][483.580s][info][gc,phases   ] GC(1013)   Pre Evacuate Collection Set: 0.3ms
[2026-03-19T11:39:27.091+0800][483.580s][info][gc,phases   ] GC(1013)   Merge Heap Roots: 0.2ms
[2026-03-19T11:39:27.091+0800][483.580s][info][gc,phases   ] GC(1013)   Evacuate Collection Set: 0.6ms
[2026-03-19T11:39:27.091+0800][483.580s][info][gc,phases   ] GC(1013)   Post Evacuate Collection Set: 0.7ms
[2026-03-19T11:39:27.091+0800][483.580s][info][gc,phases   ] GC(1013)   Other: 0.4ms
[2026-03-19T11:39:27.091+0800][483.580s][info][gc,heap     ] GC(1013) Eden regions: 13->0(74)
[2026-03-19T11:39:27.091+0800][483.580s][info][gc,heap     ] GC(1013) Survivor regions: 2->2(10)
[2026-03-19T11:39:27.091+0800][483.580s][info][gc,heap     ] GC(1013) Old regions: 18->18
[2026-03-19T11:39:27.091+0800][483.581s][info][gc,heap     ] GC(1013) Archive regions: 0->0
[2026-03-19T11:39:27.091+0800][483.581s][info][gc,heap     ] GC(1013) Humongous regions: 39->9
[2026-03-19T11:39:27.091+0800][483.581s][info][gc,metaspace] GC(1013) Metaspace: 22912K(23232K)->22912K(23232K) NonClass: 20302K(20480K)->20302K(20480K) Class: 2610K(2752K)->2610K(2752K)
[2026-03-19T11:39:27.091+0800][483.581s][info][gc          ] GC(1013) Pause Young (Concurrent Start) (G1 Humongous Allocation) 70M->27M(128M) 2.409ms
[2026-03-19T11:39:27.091+0800][483.581s][info][gc,cpu      ] GC(1013) User=0.05s Sys=0.00s Real=0.00s
[2026-03-19T11:39:27.091+0800][483.581s][info][gc          ] GC(1014) Concurrent Undo Cycle
[2026-03-19T11:39:27.091+0800][483.581s][info][gc,marking  ] GC(1014) Concurrent Cleanup for Next Mark
[2026-03-19T11:39:27.091+0800][483.581s][info][gc,marking  ] GC(1014) Concurrent Cleanup for Next Mark 0.283ms
[2026-03-19T11:39:27.092+0800][483.581s][info][gc          ] GC(1014) Concurrent Undo Cycle 0.430ms
[2026-03-19T11:39:28.021+0800][484.511s][info][gc,start    ] GC(1015) Pause Young (Concurrent Start) (G1 Humongous Allocation)
[2026-03-19T11:39:28.021+0800][484.511s][info][gc,task     ] GC(1015) Using 3 workers of 13 for evacuation
[2026-03-19T11:39:28.024+0800][484.513s][info][gc,phases   ] GC(1015)   Pre Evacuate Collection Set: 0.2ms
[2026-03-19T11:39:28.024+0800][484.514s][info][gc,phases   ] GC(1015)   Merge Heap Roots: 0.1ms
[2026-03-19T11:39:28.024+0800][484.514s][info][gc,phases   ] GC(1015)   Evacuate Collection Set: 1.2ms
[2026-03-19T11:39:28.024+0800][484.514s][info][gc,phases   ] GC(1015)   Post Evacuate Collection Set: 0.8ms
[2026-03-19T11:39:28.024+0800][484.514s][info][gc,phases   ] GC(1015)   Other: 0.3ms
[2026-03-19T11:39:28.024+0800][484.514s][info][gc,heap     ] GC(1015) Eden regions: 13->0(74)
[2026-03-19T11:39:28.024+0800][484.514s][info][gc,heap     ] GC(1015) Survivor regions: 2->2(10)
[2026-03-19T11:39:28.024+0800][484.514s][info][gc,heap     ] GC(1015) Old regions: 18->18
[2026-03-19T11:39:28.024+0800][484.514s][info][gc,heap     ] GC(1015) Archive regions: 0->0
[2026-03-19T11:39:28.024+0800][484.514s][info][gc,heap     ] GC(1015) Humongous regions: 39->9
[2026-03-19T11:39:28.024+0800][484.514s][info][gc,metaspace] GC(1015) Metaspace: 22912K(23232K)->22912K(23232K) NonClass: 20302K(20480K)->20302K(20480K) Class: 2610K(2752K)->2610K(2752K)
[2026-03-19T11:39:28.024+0800][484.514s][info][gc          ] GC(1015) Pause Young (Concurrent Start) (G1 Humongous Allocation) 70M->27M(128M) 3.088ms
[2026-03-19T11:39:28.024+0800][484.514s][info][gc,cpu      ] GC(1015) User=0.00s Sys=0.00s Real=0.00s
[2026-03-19T11:39:28.024+0800][484.514s][info][gc          ] GC(1016) Concurrent Undo Cycle
[2026-03-19T11:39:28.024+0800][484.514s][info][gc,marking  ] GC(1016) Concurrent Cleanup for Next Mark
[2026-03-19T11:39:28.025+0800][484.515s][info][gc,marking  ] GC(1016) Concurrent Cleanup for Next Mark 0.377ms
[2026-03-19T11:39:28.025+0800][484.515s][info][gc          ] GC(1016) Concurrent Undo Cycle 0.569ms
[2026-03-19T11:39:28.956+0800][485.445s][info][gc,start    ] GC(1017) Pause Young (Concurrent Start) (G1 Humongous Allocation)
[2026-03-19T11:39:28.956+0800][485.445s][info][gc,task     ] GC(1017) Using 3 workers of 13 for evacuation
[2026-03-19T11:39:28.958+0800][485.447s][info][gc,phases   ] GC(1017)   Pre Evacuate Collection Set: 0.3ms
[2026-03-19T11:39:28.958+0800][485.447s][info][gc,phases   ] GC(1017)   Merge Heap Roots: 0.2ms
[2026-03-19T11:39:28.958+0800][485.447s][info][gc,phases   ] GC(1017)   Evacuate Collection Set: 0.6ms
[2026-03-19T11:39:28.958+0800][485.447s][info][gc,phases   ] GC(1017)   Post Evacuate Collection Set: 0.9ms
[2026-03-19T11:39:28.958+0800][485.447s][info][gc,phases   ] GC(1017)   Other: 0.3ms
[2026-03-19T11:39:28.958+0800][485.447s][info][gc,heap     ] GC(1017) Eden regions: 12->0(74)
[2026-03-19T11:39:28.958+0800][485.448s][info][gc,heap     ] GC(1017) Survivor regions: 2->2(10)
[2026-03-19T11:39:28.958+0800][485.448s][info][gc,heap     ] GC(1017) Old regions: 18->18
[2026-03-19T11:39:28.958+0800][485.448s][info][gc,heap     ] GC(1017) Archive regions: 0->0
[2026-03-19T11:39:28.958+0800][485.448s][info][gc,heap     ] GC(1017) Humongous regions: 39->9
[2026-03-19T11:39:28.958+0800][485.448s][info][gc,metaspace] GC(1017) Metaspace: 22912K(23232K)->22912K(23232K) NonClass: 20302K(20480K)->20302K(20480K) Class: 2610K(2752K)->2610K(2752K)
[2026-03-19T11:39:28.959+0800][485.448s][info][gc          ] GC(1017) Pause Young (Concurrent Start) (G1 Humongous Allocation) 69M->27M(128M) 2.672ms
[2026-03-19T11:39:28.959+0800][485.448s][info][gc,cpu      ] GC(1017) User=0.00s Sys=0.00s Real=0.00s
[2026-03-19T11:39:28.959+0800][485.448s][info][gc          ] GC(1018) Concurrent Undo Cycle
[2026-03-19T11:39:28.959+0800][485.448s][info][gc,marking  ] GC(1018) Concurrent Cleanup for Next Mark
[2026-03-19T11:39:28.959+0800][485.449s][info][gc,marking  ] GC(1018) Concurrent Cleanup for Next Mark 0.392ms
[2026-03-19T11:39:28.959+0800][485.449s][info][gc          ] GC(1018) Concurrent Undo Cycle 0.820ms
[2026-03-19T11:39:29.884+0800][486.373s][info][gc,start    ] GC(1019) Pause Young (Concurrent Start) (G1 Humongous Allocation)
[2026-03-19T11:39:29.884+0800][486.374s][info][gc,task     ] GC(1019) Using 3 workers of 13 for evacuation
[2026-03-19T11:39:29.886+0800][486.376s][info][gc,phases   ] GC(1019)   Pre Evacuate Collection Set: 0.2ms
[2026-03-19T11:39:29.886+0800][486.376s][info][gc,phases   ] GC(1019)   Merge Heap Roots: 0.2ms
[2026-03-19T11:39:29.887+0800][486.376s][info][gc,phases   ] GC(1019)   Evacuate Collection Set: 0.6ms
[2026-03-19T11:39:29.887+0800][486.376s][info][gc,phases   ] GC(1019)   Post Evacuate Collection Set: 0.8ms
[2026-03-19T11:39:29.887+0800][486.376s][info][gc,phases   ] GC(1019)   Other: 0.3ms
[2026-03-19T11:39:29.887+0800][486.376s][info][gc,heap     ] GC(1019) Eden regions: 12->0(74)
[2026-03-19T11:39:29.887+0800][486.376s][info][gc,heap     ] GC(1019) Survivor regions: 2->2(10)
[2026-03-19T11:39:29.887+0800][486.376s][info][gc,heap     ] GC(1019) Old regions: 18->18
[2026-03-19T11:39:29.887+0800][486.376s][info][gc,heap     ] GC(1019) Archive regions: 0->0
[2026-03-19T11:39:29.887+0800][486.376s][info][gc,heap     ] GC(1019) Humongous regions: 39->9
[2026-03-19T11:39:29.887+0800][486.376s][info][gc,metaspace] GC(1019) Metaspace: 22912K(23232K)->22912K(23232K) NonClass: 20302K(20480K)->20302K(20480K) Class: 2610K(2752K)->2610K(2752K)
[2026-03-19T11:39:29.887+0800][486.376s][info][gc          ] GC(1019) Pause Young (Concurrent Start) (G1 Humongous Allocation) 69M->27M(128M) 2.589ms
[2026-03-19T11:39:29.887+0800][486.376s][info][gc,cpu      ] GC(1019) User=0.00s Sys=0.00s Real=0.00s
[2026-03-19T11:39:29.887+0800][486.376s][info][gc          ] GC(1020) Concurrent Undo Cycle
[2026-03-19T11:39:29.887+0800][486.376s][info][gc,marking  ] GC(1020) Concurrent Cleanup for Next Mark
[2026-03-19T11:39:29.887+0800][486.377s][info][gc,marking  ] GC(1020) Concurrent Cleanup for Next Mark 0.351ms
[2026-03-19T11:39:29.888+0800][486.377s][info][gc          ] GC(1020) Concurrent Undo Cycle 0.552ms
[2026-03-19T11:39:30.823+0800][487.313s][info][gc,start    ] GC(1021) Pause Young (Concurrent Start) (G1 Humongous Allocation)
[2026-03-19T11:39:30.824+0800][487.313s][info][gc,task     ] GC(1021) Using 3 workers of 13 for evacuation
[2026-03-19T11:39:30.826+0800][487.315s][info][gc,phases   ] GC(1021)   Pre Evacuate Collection Set: 0.3ms
[2026-03-19T11:39:30.826+0800][487.315s][info][gc,phases   ] GC(1021)   Merge Heap Roots: 0.2ms
[2026-03-19T11:39:30.826+0800][487.315s][info][gc,phases   ] GC(1021)   Evacuate Collection Set: 0.5ms
[2026-03-19T11:39:30.826+0800][487.315s][info][gc,phases   ] GC(1021)   Post Evacuate Collection Set: 0.8ms
[2026-03-19T11:39:30.826+0800][487.315s][info][gc,phases   ] GC(1021)   Other: 0.3ms
[2026-03-19T11:39:30.826+0800][487.316s][info][gc,heap     ] GC(1021) Eden regions: 13->0(74)
[2026-03-19T11:39:30.826+0800][487.316s][info][gc,heap     ] GC(1021) Survivor regions: 2->2(10)
[2026-03-19T11:39:30.826+0800][487.316s][info][gc,heap     ] GC(1021) Old regions: 18->18
[2026-03-19T11:39:30.826+0800][487.316s][info][gc,heap     ] GC(1021) Archive regions: 0->0
[2026-03-19T11:39:30.826+0800][487.316s][info][gc,heap     ] GC(1021) Humongous regions: 39->9
[2026-03-19T11:39:30.826+0800][487.316s][info][gc,metaspace] GC(1021) Metaspace: 22912K(23232K)->22912K(23232K) NonClass: 20302K(20480K)->20302K(20480K) Class: 2610K(2752K)->2610K(2752K)
[2026-03-19T11:39:30.826+0800][487.316s][info][gc          ] GC(1021) Pause Young (Concurrent Start) (G1 Humongous Allocation) 70M->27M(128M) 2.548ms
[2026-03-19T11:39:30.826+0800][487.316s][info][gc,cpu      ] GC(1021) User=0.00s Sys=0.00s Real=0.00s
[2026-03-19T11:39:30.826+0800][487.316s][info][gc          ] GC(1022) Concurrent Undo Cycle
[2026-03-19T11:39:30.826+0800][487.316s][info][gc,marking  ] GC(1022) Concurrent Cleanup for Next Mark
[2026-03-19T11:39:30.827+0800][487.316s][info][gc,marking  ] GC(1022) Concurrent Cleanup for Next Mark 0.270ms
[2026-03-19T11:39:30.827+0800][487.316s][info][gc          ] GC(1022) Concurrent Undo Cycle 0.450ms
[2026-03-19T11:39:31.755+0800][488.244s][info][gc,start    ] GC(1023) Pause Young (Concurrent Start) (G1 Humongous Allocation)
[2026-03-19T11:39:31.756+0800][488.245s][info][gc,task     ] GC(1023) Using 3 workers of 13 for evacuation
[2026-03-19T11:39:31.758+0800][488.247s][info][gc,phases   ] GC(1023)   Pre Evacuate Collection Set: 0.3ms
[2026-03-19T11:39:31.759+0800][488.248s][info][gc,phases   ] GC(1023)   Merge Heap Roots: 0.2ms
[2026-03-19T11:39:31.759+0800][488.248s][info][gc,phases   ] GC(1023)   Evacuate Collection Set: 0.9ms
[2026-03-19T11:39:31.759+0800][488.248s][info][gc,phases   ] GC(1023)   Post Evacuate Collection Set: 0.9ms
[2026-03-19T11:39:31.759+0800][488.248s][info][gc,phases   ] GC(1023)   Other: 0.9ms
[2026-03-19T11:39:31.759+0800][488.248s][info][gc,heap     ] GC(1023) Eden regions: 13->0(74)
[2026-03-19T11:39:31.759+0800][488.248s][info][gc,heap     ] GC(1023) Survivor regions: 2->2(10)
[2026-03-19T11:39:31.759+0800][488.249s][info][gc,heap     ] GC(1023) Old regions: 18->18
[2026-03-19T11:39:31.759+0800][488.249s][info][gc,heap     ] GC(1023) Archive regions: 0->0
[2026-03-19T11:39:31.759+0800][488.249s][info][gc,heap     ] GC(1023) Humongous regions: 39->9
[2026-03-19T11:39:31.759+0800][488.249s][info][gc,metaspace] GC(1023) Metaspace: 22912K(23232K)->22912K(23232K) NonClass: 20302K(20480K)->20302K(20480K) Class: 2610K(2752K)->2610K(2752K)
[2026-03-19T11:39:31.759+0800][488.249s][info][gc          ] GC(1023) Pause Young (Concurrent Start) (G1 Humongous Allocation) 70M->27M(128M) 4.418ms
[2026-03-19T11:39:31.759+0800][488.249s][info][gc,cpu      ] GC(1023) User=0.00s Sys=0.00s Real=0.00s
[2026-03-19T11:39:31.759+0800][488.249s][info][gc          ] GC(1024) Concurrent Undo Cycle
[2026-03-19T11:39:31.760+0800][488.249s][info][gc,marking  ] GC(1024) Concurrent Cleanup for Next Mark
[2026-03-19T11:39:31.760+0800][488.250s][info][gc,marking  ] GC(1024) Concurrent Cleanup for Next Mark 0.477ms
[2026-03-19T11:39:31.760+0800][488.250s][info][gc          ] GC(1024) Concurrent Undo Cycle 1.001ms
[2026-03-19T11:39:32.706+0800][489.196s][info][gc,start    ] GC(1025) Pause Young (Concurrent Start) (G1 Humongous Allocation)
[2026-03-19T11:39:32.706+0800][489.196s][info][gc,task     ] GC(1025) Using 3 workers of 13 for evacuation
[2026-03-19T11:39:32.707+0800][489.197s][info][gc,phases   ] GC(1025)   Pre Evacuate Collection Set: 0.2ms
[2026-03-19T11:39:32.707+0800][489.198s][info][gc,phases   ] GC(1025)   Merge Heap Roots: 0.1ms
[2026-03-19T11:39:32.707+0800][489.198s][info][gc,phases   ] GC(1025)   Evacuate Collection Set: 0.6ms
[2026-03-19T11:39:32.707+0800][489.198s][info][gc,phases   ] GC(1025)   Post Evacuate Collection Set: 0.7ms
[2026-03-19T11:39:32.707+0800][489.198s][info][gc,phases   ] GC(1025)   Other: 0.2ms
[2026-03-19T11:39:32.707+0800][489.198s][info][gc,heap     ] GC(1025) Eden regions: 13->0(74)
[2026-03-19T11:39:32.707+0800][489.198s][info][gc,heap     ] GC(1025) Survivor regions: 2->2(10)
[2026-03-19T11:39:32.707+0800][489.198s][info][gc,heap     ] GC(1025) Old regions: 18->18
[2026-03-19T11:39:32.707+0800][489.198s][info][gc,heap     ] GC(1025) Archive regions: 0->0
[2026-03-19T11:39:32.707+0800][489.198s][info][gc,heap     ] GC(1025) Humongous regions: 39->9
[2026-03-19T11:39:32.707+0800][489.198s][info][gc,metaspace] GC(1025) Metaspace: 22912K(23232K)->22912K(23232K) NonClass: 20302K(20480K)->20302K(20480K) Class: 2610K(2752K)->2610K(2752K)
[2026-03-19T11:39:32.707+0800][489.198s][info][gc          ] GC(1025) Pause Young (Concurrent Start) (G1 Humongous Allocation) 70M->27M(128M) 2.323ms
[2026-03-19T11:39:32.707+0800][489.198s][info][gc,cpu      ] GC(1025) User=0.00s Sys=0.00s Real=0.00s
[2026-03-19T11:39:32.709+0800][489.198s][info][gc          ] GC(1026) Concurrent Undo Cycle
[2026-03-19T11:39:32.709+0800][489.198s][info][gc,marking  ] GC(1026) Concurrent Cleanup for Next Mark
[2026-03-19T11:39:32.709+0800][489.199s][info][gc,marking  ] GC(1026) Concurrent Cleanup for Next Mark 0.449ms
[2026-03-19T11:39:32.709+0800][489.199s][info][gc          ] GC(1026) Concurrent Undo Cycle 0.618ms
[2026-03-19T11:39:33.639+0800][490.129s][info][gc,start    ] GC(1027) Pause Young (Concurrent Start) (G1 Humongous Allocation)
[2026-03-19T11:39:33.640+0800][490.129s][info][gc,task     ] GC(1027) Using 3 workers of 13 for evacuation
[2026-03-19T11:39:33.642+0800][490.131s][info][gc,phases   ] GC(1027)   Pre Evacuate Collection Set: 0.2ms
[2026-03-19T11:39:33.642+0800][490.131s][info][gc,phases   ] GC(1027)   Merge Heap Roots: 0.1ms
[2026-03-19T11:39:33.642+0800][490.131s][info][gc,phases   ] GC(1027)   Evacuate Collection Set: 0.6ms
[2026-03-19T11:39:33.642+0800][490.131s][info][gc,phases   ] GC(1027)   Post Evacuate Collection Set: 0.7ms
[2026-03-19T11:39:33.642+0800][490.131s][info][gc,phases   ] GC(1027)   Other: 0.5ms
[2026-03-19T11:39:33.642+0800][490.131s][info][gc,heap     ] GC(1027) Eden regions: 12->0(74)
[2026-03-19T11:39:33.642+0800][490.131s][info][gc,heap     ] GC(1027) Survivor regions: 2->2(10)
[2026-03-19T11:39:33.642+0800][490.131s][info][gc,heap     ] GC(1027) Old regions: 18->18
[2026-03-19T11:39:33.642+0800][490.131s][info][gc,heap     ] GC(1027) Archive regions: 0->0
[2026-03-19T11:39:33.642+0800][490.131s][info][gc,heap     ] GC(1027) Humongous regions: 39->9
[2026-03-19T11:39:33.642+0800][490.131s][info][gc,metaspace] GC(1027) Metaspace: 22912K(23232K)->22912K(23232K) NonClass: 20302K(20480K)->20302K(20480K) Class: 2610K(2752K)->2610K(2752K)
[2026-03-19T11:39:33.642+0800][490.131s][info][gc          ] GC(1027) Pause Young (Concurrent Start) (G1 Humongous Allocation) 69M->27M(128M) 2.619ms
[2026-03-19T11:39:33.642+0800][490.131s][info][gc,cpu      ] GC(1027) User=0.00s Sys=0.00s Real=0.00s
[2026-03-19T11:39:33.642+0800][490.132s][info][gc          ] GC(1028) Concurrent Undo Cycle
[2026-03-19T11:39:33.642+0800][490.132s][info][gc,marking  ] GC(1028) Concurrent Cleanup for Next Mark
[2026-03-19T11:39:33.643+0800][490.132s][info][gc,marking  ] GC(1028) Concurrent Cleanup for Next Mark 0.276ms
[2026-03-19T11:39:33.643+0800][490.132s][info][gc          ] GC(1028) Concurrent Undo Cycle 0.450ms
[2026-03-19T11:39:34.576+0800][491.065s][info][gc,start    ] GC(1029) Pause Young (Concurrent Start) (G1 Humongous Allocation)
[2026-03-19T11:39:34.576+0800][491.065s][info][gc,task     ] GC(1029) Using 3 workers of 13 for evacuation
[2026-03-19T11:39:34.578+0800][491.067s][info][gc,phases   ] GC(1029)   Pre Evacuate Collection Set: 0.2ms
[2026-03-19T11:39:34.578+0800][491.068s][info][gc,phases   ] GC(1029)   Merge Heap Roots: 0.2ms
[2026-03-19T11:39:34.578+0800][491.068s][info][gc,phases   ] GC(1029)   Evacuate Collection Set: 0.7ms
[2026-03-19T11:39:34.578+0800][491.068s][info][gc,phases   ] GC(1029)   Post Evacuate Collection Set: 0.8ms
[2026-03-19T11:39:34.578+0800][491.068s][info][gc,phases   ] GC(1029)   Other: 0.4ms
[2026-03-19T11:39:34.578+0800][491.068s][info][gc,heap     ] GC(1029) Eden regions: 13->0(74)
[2026-03-19T11:39:34.578+0800][491.068s][info][gc,heap     ] GC(1029) Survivor regions: 2->2(10)
[2026-03-19T11:39:34.578+0800][491.068s][info][gc,heap     ] GC(1029) Old regions: 18->18
[2026-03-19T11:39:34.578+0800][491.068s][info][gc,heap     ] GC(1029) Archive regions: 0->0
[2026-03-19T11:39:34.578+0800][491.068s][info][gc,heap     ] GC(1029) Humongous regions: 39->9
[2026-03-19T11:39:34.578+0800][491.068s][info][gc,metaspace] GC(1029) Metaspace: 22912K(23232K)->22912K(23232K) NonClass: 20302K(20480K)->20302K(20480K) Class: 2610K(2752K)->2610K(2752K)
[2026-03-19T11:39:34.578+0800][491.068s][info][gc          ] GC(1029) Pause Young (Concurrent Start) (G1 Humongous Allocation) 70M->27M(128M) 2.906ms
[2026-03-19T11:39:34.578+0800][491.068s][info][gc,cpu      ] GC(1029) User=0.00s Sys=0.00s Real=0.00s
[2026-03-19T11:39:34.578+0800][491.068s][info][gc          ] GC(1030) Concurrent Undo Cycle
[2026-03-19T11:39:34.579+0800][491.068s][info][gc,marking  ] GC(1030) Concurrent Cleanup for Next Mark
[2026-03-19T11:39:34.579+0800][491.069s][info][gc,marking  ] GC(1030) Concurrent Cleanup for Next Mark 0.356ms
[2026-03-19T11:39:34.579+0800][491.069s][info][gc          ] GC(1030) Concurrent Undo Cycle 0.561ms
[2026-03-19T11:39:35.512+0800][492.001s][info][gc,start    ] GC(1031) Pause Young (Concurrent Start) (G1 Humongous Allocation)
[2026-03-19T11:39:35.512+0800][492.001s][info][gc,task     ] GC(1031) Using 3 workers of 13 for evacuation
[2026-03-19T11:39:35.514+0800][492.003s][info][gc,phases   ] GC(1031)   Pre Evacuate Collection Set: 0.3ms
[2026-03-19T11:39:35.514+0800][492.004s][info][gc,phases   ] GC(1031)   Merge Heap Roots: 0.2ms
[2026-03-19T11:39:35.514+0800][492.004s][info][gc,phases   ] GC(1031)   Evacuate Collection Set: 0.6ms
[2026-03-19T11:39:35.514+0800][492.004s][info][gc,phases   ] GC(1031)   Post Evacuate Collection Set: 0.9ms
[2026-03-19T11:39:35.514+0800][492.004s][info][gc,phases   ] GC(1031)   Other: 0.5ms
[2026-03-19T11:39:35.514+0800][492.004s][info][gc,heap     ] GC(1031) Eden regions: 13->0(74)
[2026-03-19T11:39:35.515+0800][492.004s][info][gc,heap     ] GC(1031) Survivor regions: 2->2(10)
[2026-03-19T11:39:35.515+0800][492.004s][info][gc,heap     ] GC(1031) Old regions: 18->18
[2026-03-19T11:39:35.515+0800][492.004s][info][gc,heap     ] GC(1031) Archive regions: 0->0
[2026-03-19T11:39:35.515+0800][492.004s][info][gc,heap     ] GC(1031) Humongous regions: 39->9
[2026-03-19T11:39:35.515+0800][492.004s][info][gc,metaspace] GC(1031) Metaspace: 22912K(23232K)->22912K(23232K) NonClass: 20302K(20480K)->20302K(20480K) Class: 2610K(2752K)->2610K(2752K)
[2026-03-19T11:39:35.515+0800][492.004s][info][gc          ] GC(1031) Pause Young (Concurrent Start) (G1 Humongous Allocation) 70M->27M(128M) 3.122ms
[2026-03-19T11:39:35.515+0800][492.004s][info][gc,cpu      ] GC(1031) User=0.02s Sys=0.00s Real=0.00s
[2026-03-19T11:39:35.515+0800][492.004s][info][gc          ] GC(1032) Concurrent Undo Cycle
[2026-03-19T11:39:35.515+0800][492.004s][info][gc,marking  ] GC(1032) Concurrent Cleanup for Next Mark
[2026-03-19T11:39:35.515+0800][492.005s][info][gc,marking  ] GC(1032) Concurrent Cleanup for Next Mark 0.441ms
[2026-03-19T11:39:35.515+0800][492.005s][info][gc          ] GC(1032) Concurrent Undo Cycle 0.626ms
[2026-03-19T11:39:36.452+0800][492.941s][info][gc,start    ] GC(1033) Pause Young (Concurrent Start) (G1 Humongous Allocation)
[2026-03-19T11:39:36.452+0800][492.941s][info][gc,task     ] GC(1033) Using 3 workers of 13 for evacuation
[2026-03-19T11:39:36.455+0800][492.944s][info][gc,phases   ] GC(1033)   Pre Evacuate Collection Set: 0.2ms
[2026-03-19T11:39:36.455+0800][492.944s][info][gc,phases   ] GC(1033)   Merge Heap Roots: 0.2ms
[2026-03-19T11:39:36.455+0800][492.944s][info][gc,phases   ] GC(1033)   Evacuate Collection Set: 0.9ms
[2026-03-19T11:39:36.455+0800][492.944s][info][gc,phases   ] GC(1033)   Post Evacuate Collection Set: 1.0ms
[2026-03-19T11:39:36.455+0800][492.944s][info][gc,phases   ] GC(1033)   Other: 0.4ms
[2026-03-19T11:39:36.455+0800][492.944s][info][gc,heap     ] GC(1033) Eden regions: 13->0(74)
[2026-03-19T11:39:36.455+0800][492.944s][info][gc,heap     ] GC(1033) Survivor regions: 2->2(10)
[2026-03-19T11:39:36.455+0800][492.944s][info][gc,heap     ] GC(1033) Old regions: 18->18
[2026-03-19T11:39:36.455+0800][492.944s][info][gc,heap     ] GC(1033) Archive regions: 0->0
[2026-03-19T11:39:36.455+0800][492.944s][info][gc,heap     ] GC(1033) Humongous regions: 39->9
[2026-03-19T11:39:36.455+0800][492.944s][info][gc,metaspace] GC(1033) Metaspace: 22912K(23232K)->22912K(23232K) NonClass: 20302K(20480K)->20302K(20480K) Class: 2610K(2752K)->2610K(2752K)
[2026-03-19T11:39:36.455+0800][492.944s][info][gc          ] GC(1033) Pause Young (Concurrent Start) (G1 Humongous Allocation) 70M->27M(128M) 3.548ms
[2026-03-19T11:39:36.456+0800][492.945s][info][gc,cpu      ] GC(1033) User=0.00s Sys=0.00s Real=0.00s
[2026-03-19T11:39:36.456+0800][492.945s][info][gc          ] GC(1034) Concurrent Undo Cycle
[2026-03-19T11:39:36.456+0800][492.945s][info][gc,marking  ] GC(1034) Concurrent Cleanup for Next Mark
[2026-03-19T11:39:36.456+0800][492.945s][info][gc,marking  ] GC(1034) Concurrent Cleanup for Next Mark 0.267ms
[2026-03-19T11:39:36.456+0800][492.945s][info][gc          ] GC(1034) Concurrent Undo Cycle 0.468ms
[2026-03-19T11:39:37.386+0800][493.876s][info][gc,start    ] GC(1035) Pause Young (Concurrent Start) (G1 Humongous Allocation)
[2026-03-19T11:39:37.386+0800][493.876s][info][gc,task     ] GC(1035) Using 3 workers of 13 for evacuation
[2026-03-19T11:39:37.389+0800][493.878s][info][gc,phases   ] GC(1035)   Pre Evacuate Collection Set: 0.2ms
[2026-03-19T11:39:37.389+0800][493.878s][info][gc,phases   ] GC(1035)   Merge Heap Roots: 0.2ms
[2026-03-19T11:39:37.389+0800][493.878s][info][gc,phases   ] GC(1035)   Evacuate Collection Set: 0.7ms
[2026-03-19T11:39:37.389+0800][493.878s][info][gc,phases   ] GC(1035)   Post Evacuate Collection Set: 1.0ms
[2026-03-19T11:39:37.389+0800][493.879s][info][gc,phases   ] GC(1035)   Other: 0.3ms
[2026-03-19T11:39:37.389+0800][493.879s][info][gc,heap     ] GC(1035) Eden regions: 12->0(74)
[2026-03-19T11:39:37.389+0800][493.879s][info][gc,heap     ] GC(1035) Survivor regions: 2->2(10)
[2026-03-19T11:39:37.389+0800][493.879s][info][gc,heap     ] GC(1035) Old regions: 18->18
[2026-03-19T11:39:37.389+0800][493.879s][info][gc,heap     ] GC(1035) Archive regions: 0->0
[2026-03-19T11:39:37.389+0800][493.879s][info][gc,heap     ] GC(1035) Humongous regions: 39->9
[2026-03-19T11:39:37.389+0800][493.879s][info][gc,metaspace] GC(1035) Metaspace: 22912K(23232K)->22912K(23232K) NonClass: 20302K(20480K)->20302K(20480K) Class: 2610K(2752K)->2610K(2752K)
[2026-03-19T11:39:37.389+0800][493.879s][info][gc          ] GC(1035) Pause Young (Concurrent Start) (G1 Humongous Allocation) 69M->27M(128M) 2.814ms
[2026-03-19T11:39:37.389+0800][493.879s][info][gc,cpu      ] GC(1035) User=0.02s Sys=0.00s Real=0.00s
[2026-03-19T11:39:37.389+0800][493.879s][info][gc          ] GC(1036) Concurrent Undo Cycle
[2026-03-19T11:39:37.389+0800][493.879s][info][gc,marking  ] GC(1036) Concurrent Cleanup for Next Mark
[2026-03-19T11:39:37.390+0800][493.879s][info][gc,marking  ] GC(1036) Concurrent Cleanup for Next Mark 0.349ms
[2026-03-19T11:39:37.390+0800][493.879s][info][gc          ] GC(1036) Concurrent Undo Cycle 0.540ms
[2026-03-19T11:39:38.323+0800][494.813s][info][gc,start    ] GC(1037) Pause Young (Concurrent Start) (G1 Humongous Allocation)
[2026-03-19T11:39:38.323+0800][494.813s][info][gc,task     ] GC(1037) Using 3 workers of 13 for evacuation
[2026-03-19T11:39:38.326+0800][494.815s][info][gc,phases   ] GC(1037)   Pre Evacuate Collection Set: 0.2ms
[2026-03-19T11:39:38.326+0800][494.815s][info][gc,phases   ] GC(1037)   Merge Heap Roots: 0.2ms
[2026-03-19T11:39:38.326+0800][494.815s][info][gc,phases   ] GC(1037)   Evacuate Collection Set: 0.8ms
[2026-03-19T11:39:38.326+0800][494.815s][info][gc,phases   ] GC(1037)   Post Evacuate Collection Set: 0.8ms
[2026-03-19T11:39:38.326+0800][494.816s][info][gc,phases   ] GC(1037)   Other: 0.5ms
[2026-03-19T11:39:38.326+0800][494.816s][info][gc,heap     ] GC(1037) Eden regions: 12->0(74)
[2026-03-19T11:39:38.327+0800][494.816s][info][gc,heap     ] GC(1037) Survivor regions: 2->2(10)
[2026-03-19T11:39:38.327+0800][494.816s][info][gc,heap     ] GC(1037) Old regions: 18->18
[2026-03-19T11:39:38.327+0800][494.816s][info][gc,heap     ] GC(1037) Archive regions: 0->0
[2026-03-19T11:39:38.327+0800][494.816s][info][gc,heap     ] GC(1037) Humongous regions: 39->9
[2026-03-19T11:39:38.327+0800][494.816s][info][gc,metaspace] GC(1037) Metaspace: 22912K(23232K)->22912K(23232K) NonClass: 20302K(20480K)->20302K(20480K) Class: 2610K(2752K)->2610K(2752K)
[2026-03-19T11:39:38.327+0800][494.816s][info][gc          ] GC(1037) Pause Young (Concurrent Start) (G1 Humongous Allocation) 69M->27M(128M) 3.256ms
[2026-03-19T11:39:38.327+0800][494.816s][info][gc,cpu      ] GC(1037) User=0.03s Sys=0.02s Real=0.00s
[2026-03-19T11:39:38.327+0800][494.816s][info][gc          ] GC(1038) Concurrent Undo Cycle
[2026-03-19T11:39:38.327+0800][494.816s][info][gc,marking  ] GC(1038) Concurrent Cleanup for Next Mark
[2026-03-19T11:39:38.328+0800][494.817s][info][gc,marking  ] GC(1038) Concurrent Cleanup for Next Mark 0.360ms
[2026-03-19T11:39:38.328+0800][494.817s][info][gc          ] GC(1038) Concurrent Undo Cycle 0.618ms
[2026-03-19T11:39:39.261+0800][495.751s][info][gc,start    ] GC(1039) Pause Young (Concurrent Start) (G1 Humongous Allocation)
[2026-03-19T11:39:39.261+0800][495.751s][info][gc,task     ] GC(1039) Using 3 workers of 13 for evacuation
[2026-03-19T11:39:39.263+0800][495.753s][info][gc,phases   ] GC(1039)   Pre Evacuate Collection Set: 0.2ms
[2026-03-19T11:39:39.263+0800][495.753s][info][gc,phases   ] GC(1039)   Merge Heap Roots: 0.2ms
[2026-03-19T11:39:39.263+0800][495.753s][info][gc,phases   ] GC(1039)   Evacuate Collection Set: 0.4ms
[2026-03-19T11:39:39.263+0800][495.753s][info][gc,phases   ] GC(1039)   Post Evacuate Collection Set: 1.1ms
[2026-03-19T11:39:39.263+0800][495.753s][info][gc,phases   ] GC(1039)   Other: 0.5ms
[2026-03-19T11:39:39.263+0800][495.753s][info][gc,heap     ] GC(1039) Eden regions: 12->0(74)
[2026-03-19T11:39:39.263+0800][495.753s][info][gc,heap     ] GC(1039) Survivor regions: 2->2(10)
[2026-03-19T11:39:39.263+0800][495.753s][info][gc,heap     ] GC(1039) Old regions: 18->18
[2026-03-19T11:39:39.263+0800][495.753s][info][gc,heap     ] GC(1039) Archive regions: 0->0
[2026-03-19T11:39:39.263+0800][495.753s][info][gc,heap     ] GC(1039) Humongous regions: 39->9
[2026-03-19T11:39:39.263+0800][495.753s][info][gc,metaspace] GC(1039) Metaspace: 22912K(23232K)->22912K(23232K) NonClass: 20302K(20480K)->20302K(20480K) Class: 2610K(2752K)->2610K(2752K)
[2026-03-19T11:39:39.263+0800][495.753s][info][gc          ] GC(1039) Pause Young (Concurrent Start) (G1 Humongous Allocation) 69M->27M(128M) 2.718ms
[2026-03-19T11:39:39.263+0800][495.753s][info][gc,cpu      ] GC(1039) User=0.00s Sys=0.00s Real=0.00s
[2026-03-19T11:39:39.265+0800][495.754s][info][gc          ] GC(1040) Concurrent Undo Cycle
[2026-03-19T11:39:39.265+0800][495.754s][info][gc,marking  ] GC(1040) Concurrent Cleanup for Next Mark
[2026-03-19T11:39:39.265+0800][495.754s][info][gc,marking  ] GC(1040) Concurrent Cleanup for Next Mark 0.275ms
[2026-03-19T11:39:39.265+0800][495.754s][info][gc          ] GC(1040) Concurrent Undo Cycle 0.426ms
[2026-03-19T11:39:40.203+0800][496.693s][info][gc,start    ] GC(1041) Pause Young (Concurrent Start) (G1 Humongous Allocation)
[2026-03-19T11:39:40.204+0800][496.693s][info][gc,task     ] GC(1041) Using 3 workers of 13 for evacuation
[2026-03-19T11:39:40.206+0800][496.695s][info][gc,phases   ] GC(1041)   Pre Evacuate Collection Set: 0.2ms
[2026-03-19T11:39:40.206+0800][496.695s][info][gc,phases   ] GC(1041)   Merge Heap Roots: 0.2ms
[2026-03-19T11:39:40.206+0800][496.695s][info][gc,phases   ] GC(1041)   Evacuate Collection Set: 0.5ms
[2026-03-19T11:39:40.206+0800][496.695s][info][gc,phases   ] GC(1041)   Post Evacuate Collection Set: 0.9ms
[2026-03-19T11:39:40.206+0800][496.695s][info][gc,phases   ] GC(1041)   Other: 0.4ms
[2026-03-19T11:39:40.206+0800][496.695s][info][gc,heap     ] GC(1041) Eden regions: 13->0(74)
[2026-03-19T11:39:40.206+0800][496.695s][info][gc,heap     ] GC(1041) Survivor regions: 2->2(10)
[2026-03-19T11:39:40.206+0800][496.695s][info][gc,heap     ] GC(1041) Old regions: 18->18
[2026-03-19T11:39:40.206+0800][496.695s][info][gc,heap     ] GC(1041) Archive regions: 0->0
[2026-03-19T11:39:40.206+0800][496.695s][info][gc,heap     ] GC(1041) Humongous regions: 39->9
[2026-03-19T11:39:40.206+0800][496.695s][info][gc,metaspace] GC(1041) Metaspace: 22913K(23232K)->22913K(23232K) NonClass: 20303K(20480K)->20303K(20480K) Class: 2610K(2752K)->2610K(2752K)
[2026-03-19T11:39:40.206+0800][496.695s][info][gc          ] GC(1041) Pause Young (Concurrent Start) (G1 Humongous Allocation) 70M->27M(128M) 2.407ms
[2026-03-19T11:39:40.206+0800][496.695s][info][gc,cpu      ] GC(1041) User=0.00s Sys=0.00s Real=0.00s
[2026-03-19T11:39:40.206+0800][496.695s][info][gc          ] GC(1042) Concurrent Undo Cycle
[2026-03-19T11:39:40.206+0800][496.695s][info][gc,marking  ] GC(1042) Concurrent Cleanup for Next Mark
[2026-03-19T11:39:40.206+0800][496.696s][info][gc,marking  ] GC(1042) Concurrent Cleanup for Next Mark 0.248ms
[2026-03-19T11:39:40.206+0800][496.696s][info][gc          ] GC(1042) Concurrent Undo Cycle 0.429ms
[2026-03-19T11:39:41.142+0800][497.632s][info][gc,start    ] GC(1043) Pause Young (Concurrent Start) (G1 Humongous Allocation)
[2026-03-19T11:39:41.143+0800][497.632s][info][gc,task     ] GC(1043) Using 3 workers of 13 for evacuation
[2026-03-19T11:39:41.144+0800][497.634s][info][gc,phases   ] GC(1043)   Pre Evacuate Collection Set: 0.2ms
[2026-03-19T11:39:41.145+0800][497.634s][info][gc,phases   ] GC(1043)   Merge Heap Roots: 0.2ms
[2026-03-19T11:39:41.145+0800][497.634s][info][gc,phases   ] GC(1043)   Evacuate Collection Set: 0.5ms
[2026-03-19T11:39:41.145+0800][497.634s][info][gc,phases   ] GC(1043)   Post Evacuate Collection Set: 0.8ms
[2026-03-19T11:39:41.145+0800][497.634s][info][gc,phases   ] GC(1043)   Other: 0.3ms
[2026-03-19T11:39:41.145+0800][497.634s][info][gc,heap     ] GC(1043) Eden regions: 13->0(74)
[2026-03-19T11:39:41.145+0800][497.634s][info][gc,heap     ] GC(1043) Survivor regions: 2->2(10)
[2026-03-19T11:39:41.145+0800][497.634s][info][gc,heap     ] GC(1043) Old regions: 18->18
[2026-03-19T11:39:41.145+0800][497.634s][info][gc,heap     ] GC(1043) Archive regions: 0->0
[2026-03-19T11:39:41.145+0800][497.634s][info][gc,heap     ] GC(1043) Humongous regions: 39->9
[2026-03-19T11:39:41.145+0800][497.634s][info][gc,metaspace] GC(1043) Metaspace: 22913K(23232K)->22913K(23232K) NonClass: 20303K(20480K)->20303K(20480K) Class: 2610K(2752K)->2610K(2752K)
[2026-03-19T11:39:41.145+0800][497.634s][info][gc          ] GC(1043) Pause Young (Concurrent Start) (G1 Humongous Allocation) 70M->27M(128M) 2.383ms
[2026-03-19T11:39:41.145+0800][497.634s][info][gc,cpu      ] GC(1043) User=0.00s Sys=0.00s Real=0.00s
[2026-03-19T11:39:41.145+0800][497.634s][info][gc          ] GC(1044) Concurrent Undo Cycle
[2026-03-19T11:39:41.145+0800][497.634s][info][gc,marking  ] GC(1044) Concurrent Cleanup for Next Mark
[2026-03-19T11:39:41.145+0800][497.635s][info][gc,marking  ] GC(1044) Concurrent Cleanup for Next Mark 0.301ms
[2026-03-19T11:39:41.145+0800][497.635s][info][gc          ] GC(1044) Concurrent Undo Cycle 0.439ms
[2026-03-19T11:39:42.072+0800][498.562s][info][gc,start    ] GC(1045) Pause Young (Concurrent Start) (G1 Humongous Allocation)
[2026-03-19T11:39:42.073+0800][498.562s][info][gc,task     ] GC(1045) Using 3 workers of 13 for evacuation
[2026-03-19T11:39:42.075+0800][498.564s][info][gc,phases   ] GC(1045)   Pre Evacuate Collection Set: 0.3ms
[2026-03-19T11:39:42.075+0800][498.565s][info][gc,phases   ] GC(1045)   Merge Heap Roots: 0.2ms
[2026-03-19T11:39:42.075+0800][498.565s][info][gc,phases   ] GC(1045)   Evacuate Collection Set: 0.8ms
[2026-03-19T11:39:42.075+0800][498.565s][info][gc,phases   ] GC(1045)   Post Evacuate Collection Set: 1.0ms
[2026-03-19T11:39:42.075+0800][498.565s][info][gc,phases   ] GC(1045)   Other: 0.5ms
[2026-03-19T11:39:42.076+0800][498.565s][info][gc,heap     ] GC(1045) Eden regions: 13->0(74)
[2026-03-19T11:39:42.076+0800][498.565s][info][gc,heap     ] GC(1045) Survivor regions: 2->2(10)
[2026-03-19T11:39:42.076+0800][498.565s][info][gc,heap     ] GC(1045) Old regions: 18->18
[2026-03-19T11:39:42.076+0800][498.565s][info][gc,heap     ] GC(1045) Archive regions: 0->0
[2026-03-19T11:39:42.076+0800][498.565s][info][gc,heap     ] GC(1045) Humongous regions: 39->9
[2026-03-19T11:39:42.076+0800][498.565s][info][gc,metaspace] GC(1045) Metaspace: 22913K(23232K)->22913K(23232K) NonClass: 20303K(20480K)->20303K(20480K) Class: 2610K(2752K)->2610K(2752K)
[2026-03-19T11:39:42.076+0800][498.565s][info][gc          ] GC(1045) Pause Young (Concurrent Start) (G1 Humongous Allocation) 70M->27M(128M) 3.636ms
[2026-03-19T11:39:42.076+0800][498.565s][info][gc,cpu      ] GC(1045) User=0.05s Sys=0.00s Real=0.00s
[2026-03-19T11:39:42.076+0800][498.566s][info][gc          ] GC(1046) Concurrent Undo Cycle
[2026-03-19T11:39:42.076+0800][498.566s][info][gc,marking  ] GC(1046) Concurrent Cleanup for Next Mark
[2026-03-19T11:39:42.077+0800][498.566s][info][gc,marking  ] GC(1046) Concurrent Cleanup for Next Mark 0.462ms
[2026-03-19T11:39:42.077+0800][498.566s][info][gc          ] GC(1046) Concurrent Undo Cycle 0.790ms
[2026-03-19T11:39:43.004+0800][499.493s][info][gc,start    ] GC(1047) Pause Young (Concurrent Start) (G1 Humongous Allocation)
[2026-03-19T11:39:43.004+0800][499.493s][info][gc,task     ] GC(1047) Using 3 workers of 13 for evacuation
[2026-03-19T11:39:43.006+0800][499.495s][info][gc,phases   ] GC(1047)   Pre Evacuate Collection Set: 0.3ms
[2026-03-19T11:39:43.006+0800][499.495s][info][gc,phases   ] GC(1047)   Merge Heap Roots: 0.1ms
[2026-03-19T11:39:43.006+0800][499.495s][info][gc,phases   ] GC(1047)   Evacuate Collection Set: 0.6ms
[2026-03-19T11:39:43.006+0800][499.496s][info][gc,phases   ] GC(1047)   Post Evacuate Collection Set: 0.8ms
[2026-03-19T11:39:43.006+0800][499.496s][info][gc,phases   ] GC(1047)   Other: 0.4ms
[2026-03-19T11:39:43.006+0800][499.496s][info][gc,heap     ] GC(1047) Eden regions: 13->0(74)
[2026-03-19T11:39:43.007+0800][499.496s][info][gc,heap     ] GC(1047) Survivor regions: 2->2(10)
[2026-03-19T11:39:43.007+0800][499.496s][info][gc,heap     ] GC(1047) Old regions: 18->18
[2026-03-19T11:39:43.007+0800][499.496s][info][gc,heap     ] GC(1047) Archive regions: 0->0
[2026-03-19T11:39:43.007+0800][499.496s][info][gc,heap     ] GC(1047) Humongous regions: 39->9
[2026-03-19T11:39:43.007+0800][499.496s][info][gc,metaspace] GC(1047) Metaspace: 22913K(23232K)->22913K(23232K) NonClass: 20303K(20480K)->20303K(20480K) Class: 2610K(2752K)->2610K(2752K)
[2026-03-19T11:39:43.007+0800][499.496s][info][gc          ] GC(1047) Pause Young (Concurrent Start) (G1 Humongous Allocation) 70M->27M(128M) 2.609ms
[2026-03-19T11:39:43.007+0800][499.496s][info][gc,cpu      ] GC(1047) User=0.00s Sys=0.00s Real=0.00s
[2026-03-19T11:39:43.007+0800][499.496s][info][gc          ] GC(1048) Concurrent Undo Cycle
[2026-03-19T11:39:43.007+0800][499.496s][info][gc,marking  ] GC(1048) Concurrent Cleanup for Next Mark
[2026-03-19T11:39:43.007+0800][499.496s][info][gc,marking  ] GC(1048) Concurrent Cleanup for Next Mark 0.242ms
[2026-03-19T11:39:43.007+0800][499.496s][info][gc          ] GC(1048) Concurrent Undo Cycle 0.471ms
[2026-03-19T11:39:43.942+0800][500.432s][info][gc,start    ] GC(1049) Pause Young (Concurrent Start) (G1 Humongous Allocation)
[2026-03-19T11:39:43.943+0800][500.432s][info][gc,task     ] GC(1049) Using 3 workers of 13 for evacuation
[2026-03-19T11:39:43.945+0800][500.434s][info][gc,phases   ] GC(1049)   Pre Evacuate Collection Set: 0.2ms
[2026-03-19T11:39:43.945+0800][500.434s][info][gc,phases   ] GC(1049)   Merge Heap Roots: 0.2ms
[2026-03-19T11:39:43.945+0800][500.434s][info][gc,phases   ] GC(1049)   Evacuate Collection Set: 0.9ms
[2026-03-19T11:39:43.945+0800][500.435s][info][gc,phases   ] GC(1049)   Post Evacuate Collection Set: 0.9ms
[2026-03-19T11:39:43.945+0800][500.435s][info][gc,phases   ] GC(1049)   Other: 0.6ms
[2026-03-19T11:39:43.945+0800][500.435s][info][gc,heap     ] GC(1049) Eden regions: 13->0(74)
[2026-03-19T11:39:43.945+0800][500.435s][info][gc,heap     ] GC(1049) Survivor regions: 2->2(10)
[2026-03-19T11:39:43.945+0800][500.435s][info][gc,heap     ] GC(1049) Old regions: 18->18
[2026-03-19T11:39:43.946+0800][500.435s][info][gc,heap     ] GC(1049) Archive regions: 0->0
[2026-03-19T11:39:43.946+0800][500.435s][info][gc,heap     ] GC(1049) Humongous regions: 39->9
[2026-03-19T11:39:43.946+0800][500.435s][info][gc,metaspace] GC(1049) Metaspace: 22913K(23232K)->22913K(23232K) NonClass: 20303K(20480K)->20303K(20480K) Class: 2610K(2752K)->2610K(2752K)
[2026-03-19T11:39:43.946+0800][500.435s][info][gc          ] GC(1049) Pause Young (Concurrent Start) (G1 Humongous Allocation) 70M->27M(128M) 3.324ms
[2026-03-19T11:39:43.946+0800][500.435s][info][gc,cpu      ] GC(1049) User=0.00s Sys=0.00s Real=0.00s
[2026-03-19T11:39:43.946+0800][500.435s][info][gc          ] GC(1050) Concurrent Undo Cycle
[2026-03-19T11:39:43.946+0800][500.435s][info][gc,marking  ] GC(1050) Concurrent Cleanup for Next Mark
[2026-03-19T11:39:43.946+0800][500.435s][info][gc,marking  ] GC(1050) Concurrent Cleanup for Next Mark 0.347ms
[2026-03-19T11:39:43.946+0800][500.436s][info][gc          ] GC(1050) Concurrent Undo Cycle 0.653ms
[2026-03-19T11:39:44.877+0800][501.366s][info][gc,start    ] GC(1051) Pause Young (Concurrent Start) (G1 Humongous Allocation)
[2026-03-19T11:39:44.877+0800][501.367s][info][gc,task     ] GC(1051) Using 3 workers of 13 for evacuation
[2026-03-19T11:39:44.879+0800][501.369s][info][gc,phases   ] GC(1051)   Pre Evacuate Collection Set: 0.2ms
[2026-03-19T11:39:44.879+0800][501.369s][info][gc,phases   ] GC(1051)   Merge Heap Roots: 0.1ms
[2026-03-19T11:39:44.880+0800][501.369s][info][gc,phases   ] GC(1051)   Evacuate Collection Set: 0.7ms
[2026-03-19T11:39:44.880+0800][501.369s][info][gc,phases   ] GC(1051)   Post Evacuate Collection Set: 1.0ms
[2026-03-19T11:39:44.880+0800][501.369s][info][gc,phases   ] GC(1051)   Other: 0.3ms
[2026-03-19T11:39:44.880+0800][501.369s][info][gc,heap     ] GC(1051) Eden regions: 13->0(74)
[2026-03-19T11:39:44.880+0800][501.369s][info][gc,heap     ] GC(1051) Survivor regions: 2->2(10)
[2026-03-19T11:39:44.880+0800][501.369s][info][gc,heap     ] GC(1051) Old regions: 18->18
[2026-03-19T11:39:44.880+0800][501.369s][info][gc,heap     ] GC(1051) Archive regions: 0->0
[2026-03-19T11:39:44.880+0800][501.369s][info][gc,heap     ] GC(1051) Humongous regions: 39->9
[2026-03-19T11:39:44.880+0800][501.369s][info][gc,metaspace] GC(1051) Metaspace: 22913K(23232K)->22913K(23232K) NonClass: 20303K(20480K)->20303K(20480K) Class: 2610K(2752K)->2610K(2752K)
[2026-03-19T11:39:44.880+0800][501.370s][info][gc          ] GC(1051) Pause Young (Concurrent Start) (G1 Humongous Allocation) 70M->27M(128M) 3.101ms
[2026-03-19T11:39:44.880+0800][501.370s][info][gc,cpu      ] GC(1051) User=0.00s Sys=0.00s Real=0.00s
[2026-03-19T11:39:44.880+0800][501.370s][info][gc          ] GC(1052) Concurrent Undo Cycle
[2026-03-19T11:39:44.881+0800][501.370s][info][gc,marking  ] GC(1052) Concurrent Cleanup for Next Mark
[2026-03-19T11:39:44.881+0800][501.370s][info][gc,marking  ] GC(1052) Concurrent Cleanup for Next Mark 0.405ms
[2026-03-19T11:39:44.881+0800][501.370s][info][gc          ] GC(1052) Concurrent Undo Cycle 0.678ms
[2026-03-19T11:39:45.813+0800][502.303s][info][gc,start    ] GC(1053) Pause Young (Concurrent Start) (G1 Humongous Allocation)
[2026-03-19T11:39:45.814+0800][502.303s][info][gc,task     ] GC(1053) Using 3 workers of 13 for evacuation
[2026-03-19T11:39:45.815+0800][502.305s][info][gc,phases   ] GC(1053)   Pre Evacuate Collection Set: 0.1ms
[2026-03-19T11:39:45.815+0800][502.305s][info][gc,phases   ] GC(1053)   Merge Heap Roots: 0.1ms
[2026-03-19T11:39:45.816+0800][502.305s][info][gc,phases   ] GC(1053)   Evacuate Collection Set: 0.5ms
[2026-03-19T11:39:45.816+0800][502.305s][info][gc,phases   ] GC(1053)   Post Evacuate Collection Set: 0.8ms
[2026-03-19T11:39:45.816+0800][502.305s][info][gc,phases   ] GC(1053)   Other: 0.5ms
[2026-03-19T11:39:45.816+0800][502.305s][info][gc,heap     ] GC(1053) Eden regions: 13->0(74)
[2026-03-19T11:39:45.816+0800][502.305s][info][gc,heap     ] GC(1053) Survivor regions: 2->2(10)
[2026-03-19T11:39:45.816+0800][502.305s][info][gc,heap     ] GC(1053) Old regions: 18->18
[2026-03-19T11:39:45.816+0800][502.305s][info][gc,heap     ] GC(1053) Archive regions: 0->0
[2026-03-19T11:39:45.816+0800][502.305s][info][gc,heap     ] GC(1053) Humongous regions: 39->9
[2026-03-19T11:39:45.816+0800][502.306s][info][gc,metaspace] GC(1053) Metaspace: 22913K(23232K)->22913K(23232K) NonClass: 20303K(20480K)->20303K(20480K) Class: 2610K(2752K)->2610K(2752K)
[2026-03-19T11:39:45.816+0800][502.306s][info][gc          ] GC(1053) Pause Young (Concurrent Start) (G1 Humongous Allocation) 70M->27M(128M) 2.498ms
[2026-03-19T11:39:45.816+0800][502.306s][info][gc,cpu      ] GC(1053) User=0.00s Sys=0.00s Real=0.00s
[2026-03-19T11:39:45.816+0800][502.306s][info][gc          ] GC(1054) Concurrent Undo Cycle
[2026-03-19T11:39:45.816+0800][502.306s][info][gc,marking  ] GC(1054) Concurrent Cleanup for Next Mark
[2026-03-19T11:39:45.816+0800][502.306s][info][gc,marking  ] GC(1054) Concurrent Cleanup for Next Mark 0.351ms
[2026-03-19T11:39:45.816+0800][502.306s][info][gc          ] GC(1054) Concurrent Undo Cycle 0.531ms
[2026-03-19T11:39:46.755+0800][503.244s][info][gc,start    ] GC(1055) Pause Young (Concurrent Start) (G1 Humongous Allocation)
[2026-03-19T11:39:46.755+0800][503.245s][info][gc,task     ] GC(1055) Using 3 workers of 13 for evacuation
[2026-03-19T11:39:46.757+0800][503.247s][info][gc,phases   ] GC(1055)   Pre Evacuate Collection Set: 0.3ms
[2026-03-19T11:39:46.757+0800][503.247s][info][gc,phases   ] GC(1055)   Merge Heap Roots: 0.2ms
[2026-03-19T11:39:46.757+0800][503.247s][info][gc,phases   ] GC(1055)   Evacuate Collection Set: 0.7ms
[2026-03-19T11:39:46.757+0800][503.248s][info][gc,phases   ] GC(1055)   Post Evacuate Collection Set: 1.3ms
[2026-03-19T11:39:46.759+0800][503.248s][info][gc,phases   ] GC(1055)   Other: 0.4ms
[2026-03-19T11:39:46.759+0800][503.248s][info][gc,heap     ] GC(1055) Eden regions: 13->0(74)
[2026-03-19T11:39:46.759+0800][503.248s][info][gc,heap     ] GC(1055) Survivor regions: 2->2(10)
[2026-03-19T11:39:46.759+0800][503.248s][info][gc,heap     ] GC(1055) Old regions: 18->18
[2026-03-19T11:39:46.759+0800][503.248s][info][gc,heap     ] GC(1055) Archive regions: 0->0
[2026-03-19T11:39:46.759+0800][503.248s][info][gc,heap     ] GC(1055) Humongous regions: 39->9
[2026-03-19T11:39:46.759+0800][503.248s][info][gc,metaspace] GC(1055) Metaspace: 22913K(23232K)->22913K(23232K) NonClass: 20303K(20480K)->20303K(20480K) Class: 2610K(2752K)->2610K(2752K)
[2026-03-19T11:39:46.759+0800][503.248s][info][gc          ] GC(1055) Pause Young (Concurrent Start) (G1 Humongous Allocation) 70M->27M(128M) 3.739ms
[2026-03-19T11:39:46.759+0800][503.248s][info][gc,cpu      ] GC(1055) User=0.00s Sys=0.00s Real=0.00s
[2026-03-19T11:39:46.759+0800][503.248s][info][gc          ] GC(1056) Concurrent Undo Cycle
[2026-03-19T11:39:46.759+0800][503.249s][info][gc,marking  ] GC(1056) Concurrent Cleanup for Next Mark
[2026-03-19T11:39:46.760+0800][503.249s][info][gc,marking  ] GC(1056) Concurrent Cleanup for Next Mark 0.467ms
[2026-03-19T11:39:46.760+0800][503.249s][info][gc          ] GC(1056) Concurrent Undo Cycle 0.908ms
[2026-03-19T11:39:47.691+0800][504.180s][info][gc,start    ] GC(1057) Pause Young (Concurrent Start) (G1 Humongous Allocation)
[2026-03-19T11:39:47.691+0800][504.180s][info][gc,task     ] GC(1057) Using 3 workers of 13 for evacuation
[2026-03-19T11:39:47.693+0800][504.182s][info][gc,phases   ] GC(1057)   Pre Evacuate Collection Set: 0.1ms
[2026-03-19T11:39:47.693+0800][504.182s][info][gc,phases   ] GC(1057)   Merge Heap Roots: 0.1ms
[2026-03-19T11:39:47.693+0800][504.182s][info][gc,phases   ] GC(1057)   Evacuate Collection Set: 0.5ms
[2026-03-19T11:39:47.693+0800][504.182s][info][gc,phases   ] GC(1057)   Post Evacuate Collection Set: 0.7ms
[2026-03-19T11:39:47.693+0800][504.182s][info][gc,phases   ] GC(1057)   Other: 0.2ms
[2026-03-19T11:39:47.693+0800][504.182s][info][gc,heap     ] GC(1057) Eden regions: 12->0(74)
[2026-03-19T11:39:47.693+0800][504.182s][info][gc,heap     ] GC(1057) Survivor regions: 2->2(10)
[2026-03-19T11:39:47.693+0800][504.182s][info][gc,heap     ] GC(1057) Old regions: 18->18
[2026-03-19T11:39:47.693+0800][504.182s][info][gc,heap     ] GC(1057) Archive regions: 0->0
[2026-03-19T11:39:47.693+0800][504.182s][info][gc,heap     ] GC(1057) Humongous regions: 39->9
[2026-03-19T11:39:47.693+0800][504.182s][info][gc,metaspace] GC(1057) Metaspace: 22913K(23232K)->22913K(23232K) NonClass: 20303K(20480K)->20303K(20480K) Class: 2610K(2752K)->2610K(2752K)
[2026-03-19T11:39:47.693+0800][504.182s][info][gc          ] GC(1057) Pause Young (Concurrent Start) (G1 Humongous Allocation) 69M->27M(128M) 2.150ms
[2026-03-19T11:39:47.693+0800][504.182s][info][gc,cpu      ] GC(1057) User=0.00s Sys=0.00s Real=0.00s
[2026-03-19T11:39:47.693+0800][504.182s][info][gc          ] GC(1058) Concurrent Undo Cycle
[2026-03-19T11:39:47.693+0800][504.182s][info][gc,marking  ] GC(1058) Concurrent Cleanup for Next Mark
[2026-03-19T11:39:47.693+0800][504.182s][info][gc,marking  ] GC(1058) Concurrent Cleanup for Next Mark 0.281ms
[2026-03-19T11:39:47.693+0800][504.183s][info][gc          ] GC(1058) Concurrent Undo Cycle 0.428ms
[2026-03-19T11:39:48.625+0800][505.114s][info][gc,start    ] GC(1059) Pause Young (Concurrent Start) (G1 Humongous Allocation)
[2026-03-19T11:39:48.625+0800][505.115s][info][gc,task     ] GC(1059) Using 3 workers of 13 for evacuation
[2026-03-19T11:39:48.627+0800][505.117s][info][gc,phases   ] GC(1059)   Pre Evacuate Collection Set: 0.1ms
[2026-03-19T11:39:48.627+0800][505.117s][info][gc,phases   ] GC(1059)   Merge Heap Roots: 0.2ms
[2026-03-19T11:39:48.627+0800][505.117s][info][gc,phases   ] GC(1059)   Evacuate Collection Set: 0.9ms
[2026-03-19T11:39:48.627+0800][505.117s][info][gc,phases   ] GC(1059)   Post Evacuate Collection Set: 0.9ms
[2026-03-19T11:39:48.627+0800][505.117s][info][gc,phases   ] GC(1059)   Other: 0.5ms
[2026-03-19T11:39:48.627+0800][505.117s][info][gc,heap     ] GC(1059) Eden regions: 12->0(74)
[2026-03-19T11:39:48.628+0800][505.117s][info][gc,heap     ] GC(1059) Survivor regions: 2->2(10)
[2026-03-19T11:39:48.628+0800][505.117s][info][gc,heap     ] GC(1059) Old regions: 18->18
[2026-03-19T11:39:48.628+0800][505.117s][info][gc,heap     ] GC(1059) Archive regions: 0->0
[2026-03-19T11:39:48.628+0800][505.117s][info][gc,heap     ] GC(1059) Humongous regions: 39->9
[2026-03-19T11:39:48.628+0800][505.117s][info][gc,metaspace] GC(1059) Metaspace: 22913K(23232K)->22913K(23232K) NonClass: 20303K(20480K)->20303K(20480K) Class: 2610K(2752K)->2610K(2752K)
[2026-03-19T11:39:48.628+0800][505.118s][info][gc          ] GC(1059) Pause Young (Concurrent Start) (G1 Humongous Allocation) 69M->27M(128M) 3.310ms
[2026-03-19T11:39:48.628+0800][505.118s][info][gc,cpu      ] GC(1059) User=0.00s Sys=0.00s Real=0.00s
[2026-03-19T11:39:48.628+0800][505.118s][info][gc          ] GC(1060) Concurrent Undo Cycle
[2026-03-19T11:39:48.628+0800][505.118s][info][gc,marking  ] GC(1060) Concurrent Cleanup for Next Mark
[2026-03-19T11:39:48.629+0800][505.118s][info][gc,marking  ] GC(1060) Concurrent Cleanup for Next Mark 0.430ms
[2026-03-19T11:39:48.629+0800][505.119s][info][gc          ] GC(1060) Concurrent Undo Cycle 0.720ms
[2026-03-19T11:39:49.562+0800][506.051s][info][gc,start    ] GC(1061) Pause Young (Concurrent Start) (G1 Humongous Allocation)
[2026-03-19T11:39:49.565+0800][506.054s][info][gc,task     ] GC(1061) Using 3 workers of 13 for evacuation
[2026-03-19T11:39:49.569+0800][506.059s][info][gc,phases   ] GC(1061)   Pre Evacuate Collection Set: 0.5ms
[2026-03-19T11:39:49.569+0800][506.059s][info][gc,phases   ] GC(1061)   Merge Heap Roots: 0.3ms
[2026-03-19T11:39:49.569+0800][506.059s][info][gc,phases   ] GC(1061)   Evacuate Collection Set: 1.0ms
[2026-03-19T11:39:49.569+0800][506.059s][info][gc,phases   ] GC(1061)   Post Evacuate Collection Set: 1.0ms
[2026-03-19T11:39:49.569+0800][506.059s][info][gc,phases   ] GC(1061)   Other: 5.0ms
[2026-03-19T11:39:49.569+0800][506.059s][info][gc,heap     ] GC(1061) Eden regions: 13->0(74)
[2026-03-19T11:39:49.569+0800][506.059s][info][gc,heap     ] GC(1061) Survivor regions: 2->2(10)
[2026-03-19T11:39:49.569+0800][506.059s][info][gc,heap     ] GC(1061) Old regions: 18->18
[2026-03-19T11:39:49.569+0800][506.059s][info][gc,heap     ] GC(1061) Archive regions: 0->0
[2026-03-19T11:39:49.569+0800][506.059s][info][gc,heap     ] GC(1061) Humongous regions: 39->9
[2026-03-19T11:39:49.569+0800][506.059s][info][gc,metaspace] GC(1061) Metaspace: 22913K(23232K)->22913K(23232K) NonClass: 20303K(20480K)->20303K(20480K) Class: 2610K(2752K)->2610K(2752K)
[2026-03-19T11:39:49.569+0800][506.059s][info][gc          ] GC(1061) Pause Young (Concurrent Start) (G1 Humongous Allocation) 70M->27M(128M) 8.081ms
[2026-03-19T11:39:49.569+0800][506.059s][info][gc,cpu      ] GC(1061) User=0.00s Sys=0.00s Real=0.01s
[2026-03-19T11:39:49.569+0800][506.059s][info][gc          ] GC(1062) Concurrent Undo Cycle
[2026-03-19T11:39:49.569+0800][506.059s][info][gc,marking  ] GC(1062) Concurrent Cleanup for Next Mark
[2026-03-19T11:39:49.570+0800][506.060s][info][gc,marking  ] GC(1062) Concurrent Cleanup for Next Mark 0.367ms
[2026-03-19T11:39:49.570+0800][506.060s][info][gc          ] GC(1062) Concurrent Undo Cycle 0.615ms
[2026-03-19T11:39:50.508+0800][506.998s][info][gc,start    ] GC(1063) Pause Young (Concurrent Start) (G1 Humongous Allocation)
[2026-03-19T11:39:50.508+0800][506.998s][info][gc,task     ] GC(1063) Using 3 workers of 13 for evacuation
[2026-03-19T11:39:50.510+0800][507.000s][info][gc,phases   ] GC(1063)   Pre Evacuate Collection Set: 0.2ms
[2026-03-19T11:39:50.510+0800][507.000s][info][gc,phases   ] GC(1063)   Merge Heap Roots: 0.2ms
[2026-03-19T11:39:50.510+0800][507.000s][info][gc,phases   ] GC(1063)   Evacuate Collection Set: 0.7ms
[2026-03-19T11:39:50.510+0800][507.000s][info][gc,phases   ] GC(1063)   Post Evacuate Collection Set: 0.9ms
[2026-03-19T11:39:50.510+0800][507.000s][info][gc,phases   ] GC(1063)   Other: 0.2ms
[2026-03-19T11:39:50.510+0800][507.000s][info][gc,heap     ] GC(1063) Eden regions: 13->0(74)
[2026-03-19T11:39:50.510+0800][507.000s][info][gc,heap     ] GC(1063) Survivor regions: 2->2(10)
[2026-03-19T11:39:50.510+0800][507.000s][info][gc,heap     ] GC(1063) Old regions: 18->18
[2026-03-19T11:39:50.510+0800][507.000s][info][gc,heap     ] GC(1063) Archive regions: 0->0
[2026-03-19T11:39:50.510+0800][507.000s][info][gc,heap     ] GC(1063) Humongous regions: 39->9
[2026-03-19T11:39:50.512+0800][507.000s][info][gc,metaspace] GC(1063) Metaspace: 22913K(23232K)->22913K(23232K) NonClass: 20303K(20480K)->20303K(20480K) Class: 2610K(2752K)->2610K(2752K)
[2026-03-19T11:39:50.512+0800][507.001s][info][gc          ] GC(1063) Pause Young (Concurrent Start) (G1 Humongous Allocation) 70M->27M(128M) 2.828ms
[2026-03-19T11:39:50.512+0800][507.001s][info][gc,cpu      ] GC(1063) User=0.00s Sys=0.00s Real=0.00s
[2026-03-19T11:39:50.512+0800][507.001s][info][gc          ] GC(1064) Concurrent Undo Cycle
[2026-03-19T11:39:50.512+0800][507.001s][info][gc,marking  ] GC(1064) Concurrent Cleanup for Next Mark
[2026-03-19T11:39:50.512+0800][507.001s][info][gc,marking  ] GC(1064) Concurrent Cleanup for Next Mark 0.352ms
[2026-03-19T11:39:50.512+0800][507.001s][info][gc          ] GC(1064) Concurrent Undo Cycle 0.547ms
[2026-03-19T11:39:51.447+0800][507.936s][info][gc,start    ] GC(1065) Pause Young (Concurrent Start) (G1 Humongous Allocation)
[2026-03-19T11:39:51.447+0800][507.936s][info][gc,task     ] GC(1065) Using 3 workers of 13 for evacuation
[2026-03-19T11:39:51.449+0800][507.938s][info][gc,phases   ] GC(1065)   Pre Evacuate Collection Set: 0.2ms
[2026-03-19T11:39:51.449+0800][507.938s][info][gc,phases   ] GC(1065)   Merge Heap Roots: 0.1ms
[2026-03-19T11:39:51.449+0800][507.938s][info][gc,phases   ] GC(1065)   Evacuate Collection Set: 0.8ms
[2026-03-19T11:39:51.449+0800][507.938s][info][gc,phases   ] GC(1065)   Post Evacuate Collection Set: 0.9ms
[2026-03-19T11:39:51.449+0800][507.938s][info][gc,phases   ] GC(1065)   Other: 0.4ms
[2026-03-19T11:39:51.449+0800][507.938s][info][gc,heap     ] GC(1065) Eden regions: 13->0(74)
[2026-03-19T11:39:51.449+0800][507.938s][info][gc,heap     ] GC(1065) Survivor regions: 2->2(10)
[2026-03-19T11:39:51.449+0800][507.938s][info][gc,heap     ] GC(1065) Old regions: 18->18
[2026-03-19T11:39:51.449+0800][507.938s][info][gc,heap     ] GC(1065) Archive regions: 0->0
[2026-03-19T11:39:51.449+0800][507.938s][info][gc,heap     ] GC(1065) Humongous regions: 39->9
[2026-03-19T11:39:51.449+0800][507.938s][info][gc,metaspace] GC(1065) Metaspace: 22913K(23232K)->22913K(23232K) NonClass: 20303K(20480K)->20303K(20480K) Class: 2610K(2752K)->2610K(2752K)
[2026-03-19T11:39:51.449+0800][507.938s][info][gc          ] GC(1065) Pause Young (Concurrent Start) (G1 Humongous Allocation) 70M->27M(128M) 2.851ms
[2026-03-19T11:39:51.449+0800][507.938s][info][gc,cpu      ] GC(1065) User=0.00s Sys=0.00s Real=0.00s
[2026-03-19T11:39:51.449+0800][507.939s][info][gc          ] GC(1066) Concurrent Undo Cycle
[2026-03-19T11:39:51.450+0800][507.939s][info][gc,marking  ] GC(1066) Concurrent Cleanup for Next Mark
[2026-03-19T11:39:51.450+0800][507.939s][info][gc,marking  ] GC(1066) Concurrent Cleanup for Next Mark 0.291ms
[2026-03-19T11:39:51.450+0800][507.939s][info][gc          ] GC(1066) Concurrent Undo Cycle 0.562ms
[2026-03-19T11:39:52.383+0800][508.873s][info][gc,start    ] GC(1067) Pause Young (Concurrent Start) (G1 Humongous Allocation)
[2026-03-19T11:39:52.383+0800][508.873s][info][gc,task     ] GC(1067) Using 3 workers of 13 for evacuation
[2026-03-19T11:39:52.386+0800][508.876s][info][gc,phases   ] GC(1067)   Pre Evacuate Collection Set: 0.2ms
[2026-03-19T11:39:52.387+0800][508.876s][info][gc,phases   ] GC(1067)   Merge Heap Roots: 0.2ms
[2026-03-19T11:39:52.387+0800][508.877s][info][gc,phases   ] GC(1067)   Evacuate Collection Set: 1.1ms
[2026-03-19T11:39:52.387+0800][508.877s][info][gc,phases   ] GC(1067)   Post Evacuate Collection Set: 1.2ms
[2026-03-19T11:39:52.387+0800][508.877s][info][gc,phases   ] GC(1067)   Other: 1.1ms
[2026-03-19T11:39:52.387+0800][508.877s][info][gc,heap     ] GC(1067) Eden regions: 13->0(74)
[2026-03-19T11:39:52.387+0800][508.877s][info][gc,heap     ] GC(1067) Survivor regions: 2->2(10)
[2026-03-19T11:39:52.387+0800][508.877s][info][gc,heap     ] GC(1067) Old regions: 18->18
[2026-03-19T11:39:52.387+0800][508.877s][info][gc,heap     ] GC(1067) Archive regions: 0->0
[2026-03-19T11:39:52.387+0800][508.877s][info][gc,heap     ] GC(1067) Humongous regions: 39->9
[2026-03-19T11:39:52.388+0800][508.877s][info][gc,metaspace] GC(1067) Metaspace: 22913K(23232K)->22913K(23232K) NonClass: 20303K(20480K)->20303K(20480K) Class: 2610K(2752K)->2610K(2752K)
[2026-03-19T11:39:52.388+0800][508.877s][info][gc          ] GC(1067) Pause Young (Concurrent Start) (G1 Humongous Allocation) 70M->27M(128M) 4.711ms
[2026-03-19T11:39:52.388+0800][508.878s][info][gc,cpu      ] GC(1067) User=0.00s Sys=0.02s Real=0.01s
[2026-03-19T11:39:52.388+0800][508.878s][info][gc          ] GC(1068) Concurrent Undo Cycle
[2026-03-19T11:39:52.389+0800][508.878s][info][gc,marking  ] GC(1068) Concurrent Cleanup for Next Mark
[2026-03-19T11:39:52.390+0800][508.879s][info][gc,marking  ] GC(1068) Concurrent Cleanup for Next Mark 0.701ms
[2026-03-19T11:39:52.390+0800][508.879s][info][gc          ] GC(1068) Concurrent Undo Cycle 1.340ms
[2026-03-19T11:39:53.333+0800][509.822s][info][gc,start    ] GC(1069) Pause Young (Concurrent Start) (G1 Humongous Allocation)
[2026-03-19T11:39:53.333+0800][509.822s][info][gc,task     ] GC(1069) Using 3 workers of 13 for evacuation
[2026-03-19T11:39:53.335+0800][509.824s][info][gc,phases   ] GC(1069)   Pre Evacuate Collection Set: 0.4ms
[2026-03-19T11:39:53.335+0800][509.824s][info][gc,phases   ] GC(1069)   Merge Heap Roots: 0.2ms
[2026-03-19T11:39:53.335+0800][509.824s][info][gc,phases   ] GC(1069)   Evacuate Collection Set: 0.7ms
[2026-03-19T11:39:53.335+0800][509.825s][info][gc,phases   ] GC(1069)   Post Evacuate Collection Set: 0.7ms
[2026-03-19T11:39:53.336+0800][509.825s][info][gc,phases   ] GC(1069)   Other: 0.5ms
[2026-03-19T11:39:53.336+0800][509.825s][info][gc,heap     ] GC(1069) Eden regions: 13->0(74)
[2026-03-19T11:39:53.336+0800][509.825s][info][gc,heap     ] GC(1069) Survivor regions: 2->2(10)
[2026-03-19T11:39:53.336+0800][509.825s][info][gc,heap     ] GC(1069) Old regions: 18->18
[2026-03-19T11:39:53.336+0800][509.825s][info][gc,heap     ] GC(1069) Archive regions: 0->0
[2026-03-19T11:39:53.336+0800][509.825s][info][gc,heap     ] GC(1069) Humongous regions: 39->9
[2026-03-19T11:39:53.336+0800][509.825s][info][gc,metaspace] GC(1069) Metaspace: 22913K(23232K)->22913K(23232K) NonClass: 20303K(20480K)->20303K(20480K) Class: 2610K(2752K)->2610K(2752K)
[2026-03-19T11:39:53.336+0800][509.825s][info][gc          ] GC(1069) Pause Young (Concurrent Start) (G1 Humongous Allocation) 70M->27M(128M) 2.952ms
[2026-03-19T11:39:53.336+0800][509.825s][info][gc,cpu      ] GC(1069) User=0.00s Sys=0.00s Real=0.00s
[2026-03-19T11:39:53.336+0800][509.825s][info][gc          ] GC(1070) Concurrent Undo Cycle
[2026-03-19T11:39:53.336+0800][509.825s][info][gc,marking  ] GC(1070) Concurrent Cleanup for Next Mark
[2026-03-19T11:39:53.337+0800][509.826s][info][gc,marking  ] GC(1070) Concurrent Cleanup for Next Mark 0.381ms
[2026-03-19T11:39:53.337+0800][509.826s][info][gc          ] GC(1070) Concurrent Undo Cycle 0.587ms
[2026-03-19T11:39:54.269+0800][510.758s][info][gc,start    ] GC(1071) Pause Young (Concurrent Start) (G1 Humongous Allocation)
[2026-03-19T11:39:54.269+0800][510.758s][info][gc,task     ] GC(1071) Using 3 workers of 13 for evacuation
[2026-03-19T11:39:54.272+0800][510.761s][info][gc,phases   ] GC(1071)   Pre Evacuate Collection Set: 0.2ms
[2026-03-19T11:39:54.272+0800][510.761s][info][gc,phases   ] GC(1071)   Merge Heap Roots: 0.2ms
[2026-03-19T11:39:54.272+0800][510.761s][info][gc,phases   ] GC(1071)   Evacuate Collection Set: 1.0ms
[2026-03-19T11:39:54.272+0800][510.761s][info][gc,phases   ] GC(1071)   Post Evacuate Collection Set: 1.0ms
[2026-03-19T11:39:54.272+0800][510.761s][info][gc,phases   ] GC(1071)   Other: 0.4ms
[2026-03-19T11:39:54.272+0800][510.761s][info][gc,heap     ] GC(1071) Eden regions: 13->0(74)
[2026-03-19T11:39:54.272+0800][510.761s][info][gc,heap     ] GC(1071) Survivor regions: 2->2(10)
[2026-03-19T11:39:54.272+0800][510.761s][info][gc,heap     ] GC(1071) Old regions: 18->18
[2026-03-19T11:39:54.272+0800][510.761s][info][gc,heap     ] GC(1071) Archive regions: 0->0
[2026-03-19T11:39:54.272+0800][510.761s][info][gc,heap     ] GC(1071) Humongous regions: 39->9
[2026-03-19T11:39:54.272+0800][510.761s][info][gc,metaspace] GC(1071) Metaspace: 22913K(23232K)->22913K(23232K) NonClass: 20303K(20480K)->20303K(20480K) Class: 2610K(2752K)->2610K(2752K)
[2026-03-19T11:39:54.272+0800][510.762s][info][gc          ] GC(1071) Pause Young (Concurrent Start) (G1 Humongous Allocation) 70M->27M(128M) 3.484ms
[2026-03-19T11:39:54.272+0800][510.762s][info][gc,cpu      ] GC(1071) User=0.00s Sys=0.00s Real=0.00s
[2026-03-19T11:39:54.272+0800][510.762s][info][gc          ] GC(1072) Concurrent Undo Cycle
[2026-03-19T11:39:54.272+0800][510.762s][info][gc,marking  ] GC(1072) Concurrent Cleanup for Next Mark
[2026-03-19T11:39:54.273+0800][510.762s][info][gc,marking  ] GC(1072) Concurrent Cleanup for Next Mark 0.302ms
[2026-03-19T11:39:54.273+0800][510.762s][info][gc          ] GC(1072) Concurrent Undo Cycle 0.542ms
[2026-03-19T11:39:55.207+0800][511.696s][info][gc,start    ] GC(1073) Pause Young (Concurrent Start) (G1 Humongous Allocation)
[2026-03-19T11:39:55.207+0800][511.696s][info][gc,task     ] GC(1073) Using 3 workers of 13 for evacuation
[2026-03-19T11:39:55.209+0800][511.699s][info][gc,phases   ] GC(1073)   Pre Evacuate Collection Set: 0.2ms
[2026-03-19T11:39:55.210+0800][511.699s][info][gc,phases   ] GC(1073)   Merge Heap Roots: 0.2ms
[2026-03-19T11:39:55.210+0800][511.699s][info][gc,phases   ] GC(1073)   Evacuate Collection Set: 1.0ms
[2026-03-19T11:39:55.210+0800][511.699s][info][gc,phases   ] GC(1073)   Post Evacuate Collection Set: 0.6ms
[2026-03-19T11:39:55.210+0800][511.699s][info][gc,phases   ] GC(1073)   Other: 0.4ms
[2026-03-19T11:39:55.210+0800][511.699s][info][gc,heap     ] GC(1073) Eden regions: 13->0(74)
[2026-03-19T11:39:55.210+0800][511.699s][info][gc,heap     ] GC(1073) Survivor regions: 2->2(10)
[2026-03-19T11:39:55.210+0800][511.699s][info][gc,heap     ] GC(1073) Old regions: 18->18
[2026-03-19T11:39:55.210+0800][511.699s][info][gc,heap     ] GC(1073) Archive regions: 0->0
[2026-03-19T11:39:55.210+0800][511.699s][info][gc,heap     ] GC(1073) Humongous regions: 39->9
[2026-03-19T11:39:55.210+0800][511.699s][info][gc,metaspace] GC(1073) Metaspace: 22913K(23232K)->22913K(23232K) NonClass: 20303K(20480K)->20303K(20480K) Class: 2610K(2752K)->2610K(2752K)
[2026-03-19T11:39:55.210+0800][511.699s][info][gc          ] GC(1073) Pause Young (Concurrent Start) (G1 Humongous Allocation) 70M->27M(128M) 2.963ms
[2026-03-19T11:39:55.210+0800][511.699s][info][gc,cpu      ] GC(1073) User=0.00s Sys=0.00s Real=0.00s
[2026-03-19T11:39:55.210+0800][511.699s][info][gc          ] GC(1074) Concurrent Undo Cycle
[2026-03-19T11:39:55.210+0800][511.699s][info][gc,marking  ] GC(1074) Concurrent Cleanup for Next Mark
[2026-03-19T11:39:55.210+0800][511.700s][info][gc,marking  ] GC(1074) Concurrent Cleanup for Next Mark 0.294ms
[2026-03-19T11:39:55.211+0800][511.700s][info][gc          ] GC(1074) Concurrent Undo Cycle 0.492ms
[2026-03-19T11:39:56.147+0800][512.636s][info][gc,start    ] GC(1075) Pause Young (Concurrent Start) (G1 Humongous Allocation)
[2026-03-19T11:39:56.147+0800][512.636s][info][gc,task     ] GC(1075) Using 3 workers of 13 for evacuation
[2026-03-19T11:39:56.149+0800][512.637s][info][gc,phases   ] GC(1075)   Pre Evacuate Collection Set: 0.3ms
[2026-03-19T11:39:56.149+0800][512.638s][info][gc,phases   ] GC(1075)   Merge Heap Roots: 0.1ms
[2026-03-19T11:39:56.149+0800][512.638s][info][gc,phases   ] GC(1075)   Evacuate Collection Set: 0.5ms
[2026-03-19T11:39:56.149+0800][512.638s][info][gc,phases   ] GC(1075)   Post Evacuate Collection Set: 0.7ms
[2026-03-19T11:39:56.149+0800][512.638s][info][gc,phases   ] GC(1075)   Other: 0.5ms
[2026-03-19T11:39:56.149+0800][512.638s][info][gc,heap     ] GC(1075) Eden regions: 13->0(74)
[2026-03-19T11:39:56.149+0800][512.638s][info][gc,heap     ] GC(1075) Survivor regions: 2->2(10)
[2026-03-19T11:39:56.149+0800][512.638s][info][gc,heap     ] GC(1075) Old regions: 18->18
[2026-03-19T11:39:56.149+0800][512.638s][info][gc,heap     ] GC(1075) Archive regions: 0->0
[2026-03-19T11:39:56.149+0800][512.638s][info][gc,heap     ] GC(1075) Humongous regions: 39->9
[2026-03-19T11:39:56.149+0800][512.638s][info][gc,metaspace] GC(1075) Metaspace: 22913K(23232K)->22913K(23232K) NonClass: 20303K(20480K)->20303K(20480K) Class: 2610K(2752K)->2610K(2752K)
[2026-03-19T11:39:56.149+0800][512.638s][info][gc          ] GC(1075) Pause Young (Concurrent Start) (G1 Humongous Allocation) 70M->27M(128M) 2.539ms
[2026-03-19T11:39:56.149+0800][512.638s][info][gc,cpu      ] GC(1075) User=0.00s Sys=0.00s Real=0.00s
[2026-03-19T11:39:56.149+0800][512.638s][info][gc          ] GC(1076) Concurrent Undo Cycle
[2026-03-19T11:39:56.149+0800][512.638s][info][gc,marking  ] GC(1076) Concurrent Cleanup for Next Mark
[2026-03-19T11:39:56.149+0800][512.639s][info][gc,marking  ] GC(1076) Concurrent Cleanup for Next Mark 0.283ms
[2026-03-19T11:39:56.149+0800][512.639s][info][gc          ] GC(1076) Concurrent Undo Cycle 0.543ms
[2026-03-19T11:39:57.082+0800][513.572s][info][gc,start    ] GC(1077) Pause Young (Concurrent Start) (G1 Humongous Allocation)
[2026-03-19T11:39:57.083+0800][513.573s][info][gc,task     ] GC(1077) Using 3 workers of 13 for evacuation
[2026-03-19T11:39:57.086+0800][513.575s][info][gc,phases   ] GC(1077)   Pre Evacuate Collection Set: 0.2ms
[2026-03-19T11:39:57.086+0800][513.575s][info][gc,phases   ] GC(1077)   Merge Heap Roots: 0.3ms
[2026-03-19T11:39:57.086+0800][513.575s][info][gc,phases   ] GC(1077)   Evacuate Collection Set: 0.7ms
[2026-03-19T11:39:57.086+0800][513.575s][info][gc,phases   ] GC(1077)   Post Evacuate Collection Set: 0.7ms
[2026-03-19T11:39:57.086+0800][513.575s][info][gc,phases   ] GC(1077)   Other: 0.7ms
[2026-03-19T11:39:57.086+0800][513.575s][info][gc,heap     ] GC(1077) Eden regions: 12->0(74)
[2026-03-19T11:39:57.086+0800][513.575s][info][gc,heap     ] GC(1077) Survivor regions: 2->2(10)
[2026-03-19T11:39:57.086+0800][513.575s][info][gc,heap     ] GC(1077) Old regions: 18->18
[2026-03-19T11:39:57.086+0800][513.575s][info][gc,heap     ] GC(1077) Archive regions: 0->0
[2026-03-19T11:39:57.086+0800][513.575s][info][gc,heap     ] GC(1077) Humongous regions: 39->9
[2026-03-19T11:39:57.086+0800][513.575s][info][gc,metaspace] GC(1077) Metaspace: 22913K(23232K)->22913K(23232K) NonClass: 20303K(20480K)->20303K(20480K) Class: 2610K(2752K)->2610K(2752K)
[2026-03-19T11:39:57.086+0800][513.575s][info][gc          ] GC(1077) Pause Young (Concurrent Start) (G1 Humongous Allocation) 69M->27M(128M) 3.073ms
[2026-03-19T11:39:57.086+0800][513.575s][info][gc,cpu      ] GC(1077) User=0.00s Sys=0.00s Real=0.00s
[2026-03-19T11:39:57.087+0800][513.576s][info][gc          ] GC(1078) Concurrent Undo Cycle
[2026-03-19T11:39:57.087+0800][513.576s][info][gc,marking  ] GC(1078) Concurrent Cleanup for Next Mark
[2026-03-19T11:39:57.087+0800][513.576s][info][gc,marking  ] GC(1078) Concurrent Cleanup for Next Mark 0.310ms
[2026-03-19T11:39:57.087+0800][513.576s][info][gc          ] GC(1078) Concurrent Undo Cycle 0.522ms
[2026-03-19T11:39:58.021+0800][514.510s][info][gc,start    ] GC(1079) Pause Young (Concurrent Start) (G1 Humongous Allocation)
[2026-03-19T11:39:58.021+0800][514.510s][info][gc,task     ] GC(1079) Using 3 workers of 13 for evacuation
[2026-03-19T11:39:58.022+0800][514.512s][info][gc,phases   ] GC(1079)   Pre Evacuate Collection Set: 0.2ms
[2026-03-19T11:39:58.023+0800][514.512s][info][gc,phases   ] GC(1079)   Merge Heap Roots: 0.1ms
[2026-03-19T11:39:58.023+0800][514.512s][info][gc,phases   ] GC(1079)   Evacuate Collection Set: 0.6ms
[2026-03-19T11:39:58.023+0800][514.512s][info][gc,phases   ] GC(1079)   Post Evacuate Collection Set: 0.6ms
[2026-03-19T11:39:58.023+0800][514.512s][info][gc,phases   ] GC(1079)   Other: 0.4ms
[2026-03-19T11:39:58.023+0800][514.512s][info][gc,heap     ] GC(1079) Eden regions: 12->0(74)
[2026-03-19T11:39:58.023+0800][514.512s][info][gc,heap     ] GC(1079) Survivor regions: 2->2(10)
[2026-03-19T11:39:58.023+0800][514.512s][info][gc,heap     ] GC(1079) Old regions: 18->18
[2026-03-19T11:39:58.023+0800][514.512s][info][gc,heap     ] GC(1079) Archive regions: 0->0
[2026-03-19T11:39:58.023+0800][514.512s][info][gc,heap     ] GC(1079) Humongous regions: 39->9
[2026-03-19T11:39:58.023+0800][514.512s][info][gc,metaspace] GC(1079) Metaspace: 22913K(23232K)->22913K(23232K) NonClass: 20303K(20480K)->20303K(20480K) Class: 2610K(2752K)->2610K(2752K)
[2026-03-19T11:39:58.023+0800][514.512s][info][gc          ] GC(1079) Pause Young (Concurrent Start) (G1 Humongous Allocation) 69M->27M(128M) 2.538ms
[2026-03-19T11:39:58.023+0800][514.512s][info][gc,cpu      ] GC(1079) User=0.00s Sys=0.00s Real=0.00s
[2026-03-19T11:39:58.023+0800][514.512s][info][gc          ] GC(1080) Concurrent Undo Cycle
[2026-03-19T11:39:58.023+0800][514.513s][info][gc,marking  ] GC(1080) Concurrent Cleanup for Next Mark
[2026-03-19T11:39:58.024+0800][514.513s][info][gc,marking  ] GC(1080) Concurrent Cleanup for Next Mark 0.271ms
[2026-03-19T11:39:58.024+0800][514.513s][info][gc          ] GC(1080) Concurrent Undo Cycle 0.443ms
[2026-03-19T11:39:58.960+0800][515.449s][info][gc,start    ] GC(1081) Pause Young (Concurrent Start) (G1 Humongous Allocation)
[2026-03-19T11:39:58.960+0800][515.449s][info][gc,task     ] GC(1081) Using 3 workers of 13 for evacuation
[2026-03-19T11:39:58.962+0800][515.452s][info][gc,phases   ] GC(1081)   Pre Evacuate Collection Set: 0.2ms
[2026-03-19T11:39:58.962+0800][515.452s][info][gc,phases   ] GC(1081)   Merge Heap Roots: 0.2ms
[2026-03-19T11:39:58.963+0800][515.452s][info][gc,phases   ] GC(1081)   Evacuate Collection Set: 0.9ms
[2026-03-19T11:39:58.963+0800][515.452s][info][gc,phases   ] GC(1081)   Post Evacuate Collection Set: 1.1ms
[2026-03-19T11:39:58.963+0800][515.452s][info][gc,phases   ] GC(1081)   Other: 0.5ms
[2026-03-19T11:39:58.963+0800][515.452s][info][gc,heap     ] GC(1081) Eden regions: 13->0(74)
[2026-03-19T11:39:58.963+0800][515.452s][info][gc,heap     ] GC(1081) Survivor regions: 2->2(10)
[2026-03-19T11:39:58.963+0800][515.452s][info][gc,heap     ] GC(1081) Old regions: 18->18
[2026-03-19T11:39:58.963+0800][515.452s][info][gc,heap     ] GC(1081) Archive regions: 0->0
[2026-03-19T11:39:58.963+0800][515.453s][info][gc,heap     ] GC(1081) Humongous regions: 39->9
[2026-03-19T11:39:58.963+0800][515.453s][info][gc,metaspace] GC(1081) Metaspace: 22913K(23232K)->22913K(23232K) NonClass: 20303K(20480K)->20303K(20480K) Class: 2610K(2752K)->2610K(2752K)
[2026-03-19T11:39:58.963+0800][515.453s][info][gc          ] GC(1081) Pause Young (Concurrent Start) (G1 Humongous Allocation) 69M->27M(128M) 3.639ms
[2026-03-19T11:39:58.963+0800][515.453s][info][gc,cpu      ] GC(1081) User=0.00s Sys=0.00s Real=0.00s
[2026-03-19T11:39:58.963+0800][515.453s][info][gc          ] GC(1082) Concurrent Undo Cycle
[2026-03-19T11:39:58.963+0800][515.453s][info][gc,marking  ] GC(1082) Concurrent Cleanup for Next Mark
[2026-03-19T11:39:58.964+0800][515.453s][info][gc,marking  ] GC(1082) Concurrent Cleanup for Next Mark 0.274ms
[2026-03-19T11:39:58.964+0800][515.453s][info][gc          ] GC(1082) Concurrent Undo Cycle 0.481ms
[2026-03-19T11:39:59.897+0800][516.387s][info][gc,start    ] GC(1083) Pause Young (Concurrent Start) (G1 Humongous Allocation)
[2026-03-19T11:39:59.897+0800][516.387s][info][gc,task     ] GC(1083) Using 3 workers of 13 for evacuation
[2026-03-19T11:39:59.901+0800][516.390s][info][gc,phases   ] GC(1083)   Pre Evacuate Collection Set: 0.3ms
[2026-03-19T11:39:59.901+0800][516.390s][info][gc,phases   ] GC(1083)   Merge Heap Roots: 0.2ms
[2026-03-19T11:39:59.901+0800][516.390s][info][gc,phases   ] GC(1083)   Evacuate Collection Set: 0.8ms
[2026-03-19T11:39:59.901+0800][516.390s][info][gc,phases   ] GC(1083)   Post Evacuate Collection Set: 1.2ms
[2026-03-19T11:39:59.901+0800][516.390s][info][gc,phases   ] GC(1083)   Other: 0.5ms
[2026-03-19T11:39:59.901+0800][516.390s][info][gc,heap     ] GC(1083) Eden regions: 13->0(74)
[2026-03-19T11:39:59.901+0800][516.390s][info][gc,heap     ] GC(1083) Survivor regions: 2->2(10)
[2026-03-19T11:39:59.901+0800][516.390s][info][gc,heap     ] GC(1083) Old regions: 18->18
[2026-03-19T11:39:59.902+0800][516.390s][info][gc,heap     ] GC(1083) Archive regions: 0->0
[2026-03-19T11:39:59.902+0800][516.391s][info][gc,heap     ] GC(1083) Humongous regions: 39->9
[2026-03-19T11:39:59.902+0800][516.391s][info][gc,metaspace] GC(1083) Metaspace: 22913K(23232K)->22913K(23232K) NonClass: 20303K(20480K)->20303K(20480K) Class: 2610K(2752K)->2610K(2752K)
[2026-03-19T11:39:59.902+0800][516.391s][info][gc          ] GC(1083) Pause Young (Concurrent Start) (G1 Humongous Allocation) 70M->27M(128M) 3.766ms
[2026-03-19T11:39:59.902+0800][516.391s][info][gc,cpu      ] GC(1083) User=0.00s Sys=0.00s Real=0.00s
[2026-03-19T11:39:59.902+0800][516.391s][info][gc          ] GC(1084) Concurrent Undo Cycle
[2026-03-19T11:39:59.902+0800][516.391s][info][gc,marking  ] GC(1084) Concurrent Cleanup for Next Mark
[2026-03-19T11:39:59.903+0800][516.391s][info][gc,marking  ] GC(1084) Concurrent Cleanup for Next Mark 0.455ms
[2026-03-19T11:39:59.903+0800][516.392s][info][gc          ] GC(1084) Concurrent Undo Cycle 0.876ms
[2026-03-19T11:40:00.830+0800][517.319s][info][gc,start    ] GC(1085) Pause Young (Concurrent Start) (G1 Humongous Allocation)
[2026-03-19T11:40:00.830+0800][517.320s][info][gc,task     ] GC(1085) Using 3 workers of 13 for evacuation
[2026-03-19T11:40:00.832+0800][517.322s][info][gc,phases   ] GC(1085)   Pre Evacuate Collection Set: 0.3ms
[2026-03-19T11:40:00.832+0800][517.322s][info][gc,phases   ] GC(1085)   Merge Heap Roots: 0.2ms
[2026-03-19T11:40:00.832+0800][517.322s][info][gc,phases   ] GC(1085)   Evacuate Collection Set: 0.7ms
[2026-03-19T11:40:00.832+0800][517.322s][info][gc,phases   ] GC(1085)   Post Evacuate Collection Set: 0.8ms
[2026-03-19T11:40:00.832+0800][517.322s][info][gc,phases   ] GC(1085)   Other: 0.5ms
[2026-03-19T11:40:00.832+0800][517.322s][info][gc,heap     ] GC(1085) Eden regions: 13->0(74)
[2026-03-19T11:40:00.832+0800][517.322s][info][gc,heap     ] GC(1085) Survivor regions: 2->2(10)
[2026-03-19T11:40:00.832+0800][517.322s][info][gc,heap     ] GC(1085) Old regions: 18->18
[2026-03-19T11:40:00.832+0800][517.322s][info][gc,heap     ] GC(1085) Archive regions: 0->0
[2026-03-19T11:40:00.832+0800][517.322s][info][gc,heap     ] GC(1085) Humongous regions: 39->9
[2026-03-19T11:40:00.832+0800][517.322s][info][gc,metaspace] GC(1085) Metaspace: 22913K(23232K)->22913K(23232K) NonClass: 20303K(20480K)->20303K(20480K) Class: 2610K(2752K)->2610K(2752K)
[2026-03-19T11:40:00.834+0800][517.322s][info][gc          ] GC(1085) Pause Young (Concurrent Start) (G1 Humongous Allocation) 70M->27M(128M) 3.180ms
[2026-03-19T11:40:00.834+0800][517.323s][info][gc,cpu      ] GC(1085) User=0.00s Sys=0.00s Real=0.00s
[2026-03-19T11:40:00.834+0800][517.323s][info][gc          ] GC(1086) Concurrent Undo Cycle
[2026-03-19T11:40:00.834+0800][517.323s][info][gc,marking  ] GC(1086) Concurrent Cleanup for Next Mark
[2026-03-19T11:40:00.834+0800][517.323s][info][gc,marking  ] GC(1086) Concurrent Cleanup for Next Mark 0.445ms
[2026-03-19T11:40:00.835+0800][517.323s][info][gc          ] GC(1086) Concurrent Undo Cycle 0.773ms
[2026-03-19T11:40:01.770+0800][518.259s][info][gc,start    ] GC(1087) Pause Young (Concurrent Start) (G1 Humongous Allocation)
[2026-03-19T11:40:01.770+0800][518.259s][info][gc,task     ] GC(1087) Using 3 workers of 13 for evacuation
[2026-03-19T11:40:01.772+0800][518.261s][info][gc,phases   ] GC(1087)   Pre Evacuate Collection Set: 0.2ms
[2026-03-19T11:40:01.772+0800][518.261s][info][gc,phases   ] GC(1087)   Merge Heap Roots: 0.1ms
[2026-03-19T11:40:01.772+0800][518.261s][info][gc,phases   ] GC(1087)   Evacuate Collection Set: 0.7ms
[2026-03-19T11:40:01.772+0800][518.261s][info][gc,phases   ] GC(1087)   Post Evacuate Collection Set: 0.9ms
[2026-03-19T11:40:01.772+0800][518.261s][info][gc,phases   ] GC(1087)   Other: 0.3ms
[2026-03-19T11:40:01.772+0800][518.261s][info][gc,heap     ] GC(1087) Eden regions: 13->0(74)
[2026-03-19T11:40:01.772+0800][518.261s][info][gc,heap     ] GC(1087) Survivor regions: 2->2(10)
[2026-03-19T11:40:01.772+0800][518.261s][info][gc,heap     ] GC(1087) Old regions: 18->18
[2026-03-19T11:40:01.772+0800][518.261s][info][gc,heap     ] GC(1087) Archive regions: 0->0
[2026-03-19T11:40:01.772+0800][518.261s][info][gc,heap     ] GC(1087) Humongous regions: 39->9
[2026-03-19T11:40:01.772+0800][518.261s][info][gc,metaspace] GC(1087) Metaspace: 22913K(23232K)->22913K(23232K) NonClass: 20303K(20480K)->20303K(20480K) Class: 2610K(2752K)->2610K(2752K)
[2026-03-19T11:40:01.772+0800][518.261s][info][gc          ] GC(1087) Pause Young (Concurrent Start) (G1 Humongous Allocation) 70M->27M(128M) 2.492ms
[2026-03-19T11:40:01.772+0800][518.261s][info][gc,cpu      ] GC(1087) User=0.00s Sys=0.00s Real=0.00s
[2026-03-19T11:40:01.772+0800][518.262s][info][gc          ] GC(1088) Concurrent Undo Cycle
[2026-03-19T11:40:01.773+0800][518.262s][info][gc,marking  ] GC(1088) Concurrent Cleanup for Next Mark
[2026-03-19T11:40:01.773+0800][518.262s][info][gc,marking  ] GC(1088) Concurrent Cleanup for Next Mark 0.614ms
[2026-03-19T11:40:01.773+0800][518.262s][info][gc          ] GC(1088) Concurrent Undo Cycle 0.871ms
[2026-03-19T11:40:02.702+0800][519.191s][info][gc,start    ] GC(1089) Pause Young (Concurrent Start) (G1 Humongous Allocation)
[2026-03-19T11:40:02.702+0800][519.191s][info][gc,task     ] GC(1089) Using 3 workers of 13 for evacuation
[2026-03-19T11:40:02.704+0800][519.194s][info][gc,phases   ] GC(1089)   Pre Evacuate Collection Set: 0.2ms
[2026-03-19T11:40:02.704+0800][519.194s][info][gc,phases   ] GC(1089)   Merge Heap Roots: 0.2ms
[2026-03-19T11:40:02.704+0800][519.194s][info][gc,phases   ] GC(1089)   Evacuate Collection Set: 0.6ms
[2026-03-19T11:40:02.704+0800][519.194s][info][gc,phases   ] GC(1089)   Post Evacuate Collection Set: 1.0ms
[2026-03-19T11:40:02.704+0800][519.194s][info][gc,phases   ] GC(1089)   Other: 0.2ms
[2026-03-19T11:40:02.704+0800][519.194s][info][gc,heap     ] GC(1089) Eden regions: 12->0(74)
[2026-03-19T11:40:02.704+0800][519.194s][info][gc,heap     ] GC(1089) Survivor regions: 2->2(10)
[2026-03-19T11:40:02.704+0800][519.194s][info][gc,heap     ] GC(1089) Old regions: 18->18
[2026-03-19T11:40:02.704+0800][519.194s][info][gc,heap     ] GC(1089) Archive regions: 0->0
[2026-03-19T11:40:02.704+0800][519.194s][info][gc,heap     ] GC(1089) Humongous regions: 39->9
[2026-03-19T11:40:02.704+0800][519.194s][info][gc,metaspace] GC(1089) Metaspace: 22913K(23232K)->22913K(23232K) NonClass: 20303K(20480K)->20303K(20480K) Class: 2610K(2752K)->2610K(2752K)
[2026-03-19T11:40:02.704+0800][519.194s][info][gc          ] GC(1089) Pause Young (Concurrent Start) (G1 Humongous Allocation) 69M->27M(128M) 2.384ms
[2026-03-19T11:40:02.704+0800][519.194s][info][gc,cpu      ] GC(1089) User=0.00s Sys=0.00s Real=0.00s
[2026-03-19T11:40:02.704+0800][519.194s][info][gc          ] GC(1090) Concurrent Undo Cycle
[2026-03-19T11:40:02.704+0800][519.194s][info][gc,marking  ] GC(1090) Concurrent Cleanup for Next Mark
[2026-03-19T11:40:02.705+0800][519.194s][info][gc,marking  ] GC(1090) Concurrent Cleanup for Next Mark 0.236ms
[2026-03-19T11:40:02.705+0800][519.194s][info][gc          ] GC(1090) Concurrent Undo Cycle 0.315ms
[2026-03-19T11:40:03.639+0800][520.128s][info][gc,start    ] GC(1091) Pause Young (Concurrent Start) (G1 Humongous Allocation)
[2026-03-19T11:40:03.639+0800][520.128s][info][gc,task     ] GC(1091) Using 3 workers of 13 for evacuation
[2026-03-19T11:40:03.641+0800][520.130s][info][gc,phases   ] GC(1091)   Pre Evacuate Collection Set: 0.3ms
[2026-03-19T11:40:03.641+0800][520.131s][info][gc,phases   ] GC(1091)   Merge Heap Roots: 0.3ms
[2026-03-19T11:40:03.641+0800][520.131s][info][gc,phases   ] GC(1091)   Evacuate Collection Set: 0.6ms
[2026-03-19T11:40:03.641+0800][520.131s][info][gc,phases   ] GC(1091)   Post Evacuate Collection Set: 0.8ms
[2026-03-19T11:40:03.641+0800][520.131s][info][gc,phases   ] GC(1091)   Other: 0.3ms
[2026-03-19T11:40:03.641+0800][520.131s][info][gc,heap     ] GC(1091) Eden regions: 13->0(74)
[2026-03-19T11:40:03.641+0800][520.131s][info][gc,heap     ] GC(1091) Survivor regions: 2->2(10)
[2026-03-19T11:40:03.641+0800][520.131s][info][gc,heap     ] GC(1091) Old regions: 18->18
[2026-03-19T11:40:03.641+0800][520.131s][info][gc,heap     ] GC(1091) Archive regions: 0->0
[2026-03-19T11:40:03.641+0800][520.131s][info][gc,heap     ] GC(1091) Humongous regions: 39->9
[2026-03-19T11:40:03.641+0800][520.131s][info][gc,metaspace] GC(1091) Metaspace: 22913K(23232K)->22913K(23232K) NonClass: 20303K(20480K)->20303K(20480K) Class: 2610K(2752K)->2610K(2752K)
[2026-03-19T11:40:03.641+0800][520.131s][info][gc          ] GC(1091) Pause Young (Concurrent Start) (G1 Humongous Allocation) 70M->27M(128M) 2.348ms
[2026-03-19T11:40:03.641+0800][520.131s][info][gc,cpu      ] GC(1091) User=0.00s Sys=0.00s Real=0.00s
[2026-03-19T11:40:03.641+0800][520.131s][info][gc          ] GC(1092) Concurrent Undo Cycle
[2026-03-19T11:40:03.641+0800][520.131s][info][gc,marking  ] GC(1092) Concurrent Cleanup for Next Mark
[2026-03-19T11:40:03.641+0800][520.131s][info][gc,marking  ] GC(1092) Concurrent Cleanup for Next Mark 0.234ms
[2026-03-19T11:40:03.641+0800][520.131s][info][gc          ] GC(1092) Concurrent Undo Cycle 0.358ms
[2026-03-19T11:40:04.575+0800][521.064s][info][gc,start    ] GC(1093) Pause Young (Concurrent Start) (G1 Humongous Allocation)
[2026-03-19T11:40:04.575+0800][521.064s][info][gc,task     ] GC(1093) Using 3 workers of 13 for evacuation
[2026-03-19T11:40:04.577+0800][521.066s][info][gc,phases   ] GC(1093)   Pre Evacuate Collection Set: 0.2ms
[2026-03-19T11:40:04.577+0800][521.066s][info][gc,phases   ] GC(1093)   Merge Heap Roots: 0.3ms
[2026-03-19T11:40:04.577+0800][521.066s][info][gc,phases   ] GC(1093)   Evacuate Collection Set: 0.6ms
[2026-03-19T11:40:04.578+0800][521.067s][info][gc,phases   ] GC(1093)   Post Evacuate Collection Set: 0.9ms
[2026-03-19T11:40:04.578+0800][521.067s][info][gc,phases   ] GC(1093)   Other: 0.2ms
[2026-03-19T11:40:04.578+0800][521.067s][info][gc,heap     ] GC(1093) Eden regions: 13->0(74)
[2026-03-19T11:40:04.578+0800][521.067s][info][gc,heap     ] GC(1093) Survivor regions: 2->2(10)
[2026-03-19T11:40:04.578+0800][521.067s][info][gc,heap     ] GC(1093) Old regions: 18->18
[2026-03-19T11:40:04.578+0800][521.067s][info][gc,heap     ] GC(1093) Archive regions: 0->0
[2026-03-19T11:40:04.578+0800][521.067s][info][gc,heap     ] GC(1093) Humongous regions: 39->9
[2026-03-19T11:40:04.578+0800][521.067s][info][gc,metaspace] GC(1093) Metaspace: 22913K(23232K)->22913K(23232K) NonClass: 20303K(20480K)->20303K(20480K) Class: 2610K(2752K)->2610K(2752K)
[2026-03-19T11:40:04.578+0800][521.067s][info][gc          ] GC(1093) Pause Young (Concurrent Start) (G1 Humongous Allocation) 70M->27M(128M) 2.667ms
[2026-03-19T11:40:04.578+0800][521.067s][info][gc,cpu      ] GC(1093) User=0.00s Sys=0.00s Real=0.00s
[2026-03-19T11:40:04.578+0800][521.067s][info][gc          ] GC(1094) Concurrent Undo Cycle
[2026-03-19T11:40:04.578+0800][521.067s][info][gc,marking  ] GC(1094) Concurrent Cleanup for Next Mark
[2026-03-19T11:40:04.578+0800][521.067s][info][gc,marking  ] GC(1094) Concurrent Cleanup for Next Mark 0.294ms
[2026-03-19T11:40:04.578+0800][521.067s][info][gc          ] GC(1094) Concurrent Undo Cycle 0.429ms
[2026-03-19T11:40:05.514+0800][522.003s][info][gc,start    ] GC(1095) Pause Young (Concurrent Start) (G1 Humongous Allocation)
[2026-03-19T11:40:05.514+0800][522.003s][info][gc,task     ] GC(1095) Using 3 workers of 13 for evacuation
[2026-03-19T11:40:05.515+0800][522.005s][info][gc,phases   ] GC(1095)   Pre Evacuate Collection Set: 0.3ms
[2026-03-19T11:40:05.515+0800][522.005s][info][gc,phases   ] GC(1095)   Merge Heap Roots: 0.1ms
[2026-03-19T11:40:05.515+0800][522.005s][info][gc,phases   ] GC(1095)   Evacuate Collection Set: 0.5ms
[2026-03-19T11:40:05.515+0800][522.005s][info][gc,phases   ] GC(1095)   Post Evacuate Collection Set: 0.7ms
[2026-03-19T11:40:05.515+0800][522.005s][info][gc,phases   ] GC(1095)   Other: 0.3ms
[2026-03-19T11:40:05.515+0800][522.005s][info][gc,heap     ] GC(1095) Eden regions: 13->0(74)
[2026-03-19T11:40:05.515+0800][522.005s][info][gc,heap     ] GC(1095) Survivor regions: 2->2(10)
[2026-03-19T11:40:05.515+0800][522.005s][info][gc,heap     ] GC(1095) Old regions: 18->18
[2026-03-19T11:40:05.515+0800][522.005s][info][gc,heap     ] GC(1095) Archive regions: 0->0
[2026-03-19T11:40:05.515+0800][522.005s][info][gc,heap     ] GC(1095) Humongous regions: 39->9
[2026-03-19T11:40:05.515+0800][522.005s][info][gc,metaspace] GC(1095) Metaspace: 22913K(23232K)->22913K(23232K) NonClass: 20303K(20480K)->20303K(20480K) Class: 2610K(2752K)->2610K(2752K)
[2026-03-19T11:40:05.515+0800][522.005s][info][gc          ] GC(1095) Pause Young (Concurrent Start) (G1 Humongous Allocation) 70M->27M(128M) 2.397ms
[2026-03-19T11:40:05.515+0800][522.005s][info][gc,cpu      ] GC(1095) User=0.00s Sys=0.00s Real=0.00s
[2026-03-19T11:40:05.515+0800][522.005s][info][gc          ] GC(1096) Concurrent Undo Cycle
[2026-03-19T11:40:05.515+0800][522.005s][info][gc,marking  ] GC(1096) Concurrent Cleanup for Next Mark
[2026-03-19T11:40:05.517+0800][522.006s][info][gc,marking  ] GC(1096) Concurrent Cleanup for Next Mark 0.372ms
[2026-03-19T11:40:05.517+0800][522.006s][info][gc          ] GC(1096) Concurrent Undo Cycle 0.526ms
[2026-03-19T11:40:06.449+0800][522.938s][info][gc,start    ] GC(1097) Pause Young (Concurrent Start) (G1 Humongous Allocation)
[2026-03-19T11:40:06.449+0800][522.938s][info][gc,task     ] GC(1097) Using 3 workers of 13 for evacuation
[2026-03-19T11:40:06.451+0800][522.941s][info][gc,phases   ] GC(1097)   Pre Evacuate Collection Set: 0.2ms
[2026-03-19T11:40:06.451+0800][522.941s][info][gc,phases   ] GC(1097)   Merge Heap Roots: 0.1ms
[2026-03-19T11:40:06.452+0800][522.941s][info][gc,phases   ] GC(1097)   Evacuate Collection Set: 0.8ms
[2026-03-19T11:40:06.452+0800][522.941s][info][gc,phases   ] GC(1097)   Post Evacuate Collection Set: 1.1ms
[2026-03-19T11:40:06.452+0800][522.941s][info][gc,phases   ] GC(1097)   Other: 0.6ms
[2026-03-19T11:40:06.452+0800][522.941s][info][gc,heap     ] GC(1097) Eden regions: 12->0(74)
[2026-03-19T11:40:06.452+0800][522.941s][info][gc,heap     ] GC(1097) Survivor regions: 2->2(10)
[2026-03-19T11:40:06.452+0800][522.941s][info][gc,heap     ] GC(1097) Old regions: 18->18
[2026-03-19T11:40:06.452+0800][522.942s][info][gc,heap     ] GC(1097) Archive regions: 0->0
[2026-03-19T11:40:06.452+0800][522.942s][info][gc,heap     ] GC(1097) Humongous regions: 39->9
[2026-03-19T11:40:06.452+0800][522.942s][info][gc,metaspace] GC(1097) Metaspace: 22913K(23232K)->22913K(23232K) NonClass: 20303K(20480K)->20303K(20480K) Class: 2610K(2752K)->2610K(2752K)
[2026-03-19T11:40:06.452+0800][522.942s][info][gc          ] GC(1097) Pause Young (Concurrent Start) (G1 Humongous Allocation) 69M->27M(128M) 3.678ms
[2026-03-19T11:40:06.452+0800][522.942s][info][gc,cpu      ] GC(1097) User=0.00s Sys=0.00s Real=0.00s
[2026-03-19T11:40:06.452+0800][522.942s][info][gc          ] GC(1098) Concurrent Undo Cycle
[2026-03-19T11:40:06.453+0800][522.942s][info][gc,marking  ] GC(1098) Concurrent Cleanup for Next Mark
[2026-03-19T11:40:06.453+0800][522.943s][info][gc,marking  ] GC(1098) Concurrent Cleanup for Next Mark 0.420ms
[2026-03-19T11:40:06.453+0800][522.943s][info][gc          ] GC(1098) Concurrent Undo Cycle 0.744ms
[2026-03-19T11:40:07.382+0800][523.871s][info][gc,start    ] GC(1099) Pause Young (Concurrent Start) (G1 Humongous Allocation)
[2026-03-19T11:40:07.382+0800][523.872s][info][gc,task     ] GC(1099) Using 3 workers of 13 for evacuation
[2026-03-19T11:40:07.385+0800][523.874s][info][gc,phases   ] GC(1099)   Pre Evacuate Collection Set: 0.2ms
[2026-03-19T11:40:07.385+0800][523.874s][info][gc,phases   ] GC(1099)   Merge Heap Roots: 0.3ms
[2026-03-19T11:40:07.385+0800][523.874s][info][gc,phases   ] GC(1099)   Evacuate Collection Set: 0.6ms
[2026-03-19T11:40:07.385+0800][523.874s][info][gc,phases   ] GC(1099)   Post Evacuate Collection Set: 1.4ms
[2026-03-19T11:40:07.385+0800][523.874s][info][gc,phases   ] GC(1099)   Other: 0.4ms
[2026-03-19T11:40:07.385+0800][523.875s][info][gc,heap     ] GC(1099) Eden regions: 12->0(74)
[2026-03-19T11:40:07.385+0800][523.875s][info][gc,heap     ] GC(1099) Survivor regions: 2->2(10)
[2026-03-19T11:40:07.385+0800][523.875s][info][gc,heap     ] GC(1099) Old regions: 18->18
[2026-03-19T11:40:07.385+0800][523.875s][info][gc,heap     ] GC(1099) Archive regions: 0->0
[2026-03-19T11:40:07.385+0800][523.875s][info][gc,heap     ] GC(1099) Humongous regions: 39->9
[2026-03-19T11:40:07.385+0800][523.875s][info][gc,metaspace] GC(1099) Metaspace: 22913K(23232K)->22913K(23232K) NonClass: 20303K(20480K)->20303K(20480K) Class: 2610K(2752K)->2610K(2752K)
[2026-03-19T11:40:07.385+0800][523.875s][info][gc          ] GC(1099) Pause Young (Concurrent Start) (G1 Humongous Allocation) 69M->27M(128M) 3.337ms
[2026-03-19T11:40:07.386+0800][523.875s][info][gc,cpu      ] GC(1099) User=0.00s Sys=0.00s Real=0.00s
[2026-03-19T11:40:07.386+0800][523.875s][info][gc          ] GC(1100) Concurrent Undo Cycle
[2026-03-19T11:40:07.386+0800][523.875s][info][gc,marking  ] GC(1100) Concurrent Cleanup for Next Mark
[2026-03-19T11:40:07.386+0800][523.875s][info][gc,marking  ] GC(1100) Concurrent Cleanup for Next Mark 0.372ms
[2026-03-19T11:40:07.386+0800][523.875s][info][gc          ] GC(1100) Concurrent Undo Cycle 0.571ms
[2026-03-19T11:40:08.317+0800][524.807s][info][gc,start    ] GC(1101) Pause Young (Concurrent Start) (G1 Humongous Allocation)
[2026-03-19T11:40:08.318+0800][524.808s][info][gc,task     ] GC(1101) Using 3 workers of 13 for evacuation
[2026-03-19T11:40:08.321+0800][524.810s][info][gc,phases   ] GC(1101)   Pre Evacuate Collection Set: 0.3ms
[2026-03-19T11:40:08.321+0800][524.810s][info][gc,phases   ] GC(1101)   Merge Heap Roots: 0.2ms
[2026-03-19T11:40:08.321+0800][524.810s][info][gc,phases   ] GC(1101)   Evacuate Collection Set: 0.9ms
[2026-03-19T11:40:08.321+0800][524.810s][info][gc,phases   ] GC(1101)   Post Evacuate Collection Set: 0.8ms
[2026-03-19T11:40:08.321+0800][524.810s][info][gc,phases   ] GC(1101)   Other: 0.7ms
[2026-03-19T11:40:08.321+0800][524.810s][info][gc,heap     ] GC(1101) Eden regions: 12->0(74)
[2026-03-19T11:40:08.321+0800][524.810s][info][gc,heap     ] GC(1101) Survivor regions: 2->2(10)
[2026-03-19T11:40:08.321+0800][524.810s][info][gc,heap     ] GC(1101) Old regions: 18->18
[2026-03-19T11:40:08.321+0800][524.810s][info][gc,heap     ] GC(1101) Archive regions: 0->0
[2026-03-19T11:40:08.321+0800][524.810s][info][gc,heap     ] GC(1101) Humongous regions: 39->9
[2026-03-19T11:40:08.321+0800][524.811s][info][gc,metaspace] GC(1101) Metaspace: 22913K(23232K)->22913K(23232K) NonClass: 20303K(20480K)->20303K(20480K) Class: 2610K(2752K)->2610K(2752K)
[2026-03-19T11:40:08.321+0800][524.811s][info][gc          ] GC(1101) Pause Young (Concurrent Start) (G1 Humongous Allocation) 69M->27M(128M) 3.255ms
[2026-03-19T11:40:08.321+0800][524.811s][info][gc,cpu      ] GC(1101) User=0.00s Sys=0.00s Real=0.00s
[2026-03-19T11:40:08.321+0800][524.811s][info][gc          ] GC(1102) Concurrent Undo Cycle
[2026-03-19T11:40:08.322+0800][524.811s][info][gc,marking  ] GC(1102) Concurrent Cleanup for Next Mark
[2026-03-19T11:40:08.322+0800][524.811s][info][gc,marking  ] GC(1102) Concurrent Cleanup for Next Mark 0.289ms
[2026-03-19T11:40:08.322+0800][524.811s][info][gc          ] GC(1102) Concurrent Undo Cycle 0.503ms
[2026-03-19T11:40:09.257+0800][525.746s][info][gc,start    ] GC(1103) Pause Young (Concurrent Start) (G1 Humongous Allocation)
[2026-03-19T11:40:09.257+0800][525.746s][info][gc,task     ] GC(1103) Using 3 workers of 13 for evacuation
[2026-03-19T11:40:09.260+0800][525.749s][info][gc,phases   ] GC(1103)   Pre Evacuate Collection Set: 0.3ms
[2026-03-19T11:40:09.260+0800][525.749s][info][gc,phases   ] GC(1103)   Merge Heap Roots: 0.1ms
[2026-03-19T11:40:09.260+0800][525.750s][info][gc,phases   ] GC(1103)   Evacuate Collection Set: 0.9ms
[2026-03-19T11:40:09.261+0800][525.750s][info][gc,phases   ] GC(1103)   Post Evacuate Collection Set: 1.2ms
[2026-03-19T11:40:09.261+0800][525.750s][info][gc,phases   ] GC(1103)   Other: 0.6ms
[2026-03-19T11:40:09.261+0800][525.750s][info][gc,heap     ] GC(1103) Eden regions: 13->0(74)
[2026-03-19T11:40:09.261+0800][525.750s][info][gc,heap     ] GC(1103) Survivor regions: 2->2(10)
[2026-03-19T11:40:09.261+0800][525.750s][info][gc,heap     ] GC(1103) Old regions: 18->18
[2026-03-19T11:40:09.261+0800][525.750s][info][gc,heap     ] GC(1103) Archive regions: 0->0
[2026-03-19T11:40:09.261+0800][525.750s][info][gc,heap     ] GC(1103) Humongous regions: 39->9
[2026-03-19T11:40:09.261+0800][525.750s][info][gc,metaspace] GC(1103) Metaspace: 22913K(23232K)->22913K(23232K) NonClass: 20303K(20480K)->20303K(20480K) Class: 2610K(2752K)->2610K(2752K)
[2026-03-19T11:40:09.261+0800][525.750s][info][gc          ] GC(1103) Pause Young (Concurrent Start) (G1 Humongous Allocation) 70M->27M(128M) 4.073ms
[2026-03-19T11:40:09.261+0800][525.750s][info][gc,cpu      ] GC(1103) User=0.00s Sys=0.00s Real=0.00s
[2026-03-19T11:40:09.261+0800][525.751s][info][gc          ] GC(1104) Concurrent Undo Cycle
[2026-03-19T11:40:09.261+0800][525.751s][info][gc,marking  ] GC(1104) Concurrent Cleanup for Next Mark
[2026-03-19T11:40:09.262+0800][525.751s][info][gc,marking  ] GC(1104) Concurrent Cleanup for Next Mark 0.379ms
[2026-03-19T11:40:09.262+0800][525.751s][info][gc          ] GC(1104) Concurrent Undo Cycle 0.685ms
[2026-03-19T11:40:10.192+0800][526.681s][info][gc,start    ] GC(1105) Pause Young (Concurrent Start) (G1 Humongous Allocation)
[2026-03-19T11:40:10.192+0800][526.682s][info][gc,task     ] GC(1105) Using 3 workers of 13 for evacuation
[2026-03-19T11:40:10.194+0800][526.684s][info][gc,phases   ] GC(1105)   Pre Evacuate Collection Set: 0.1ms
[2026-03-19T11:40:10.194+0800][526.684s][info][gc,phases   ] GC(1105)   Merge Heap Roots: 0.2ms
[2026-03-19T11:40:10.194+0800][526.684s][info][gc,phases   ] GC(1105)   Evacuate Collection Set: 1.0ms
[2026-03-19T11:40:10.195+0800][526.684s][info][gc,phases   ] GC(1105)   Post Evacuate Collection Set: 0.8ms
[2026-03-19T11:40:10.195+0800][526.684s][info][gc,phases   ] GC(1105)   Other: 0.4ms
[2026-03-19T11:40:10.195+0800][526.684s][info][gc,heap     ] GC(1105) Eden regions: 13->0(74)
[2026-03-19T11:40:10.195+0800][526.684s][info][gc,heap     ] GC(1105) Survivor regions: 2->2(10)
[2026-03-19T11:40:10.195+0800][526.684s][info][gc,heap     ] GC(1105) Old regions: 18->18
[2026-03-19T11:40:10.195+0800][526.684s][info][gc,heap     ] GC(1105) Archive regions: 0->0
[2026-03-19T11:40:10.195+0800][526.684s][info][gc,heap     ] GC(1105) Humongous regions: 39->9
[2026-03-19T11:40:10.195+0800][526.684s][info][gc,metaspace] GC(1105) Metaspace: 22913K(23232K)->22913K(23232K) NonClass: 20303K(20480K)->20303K(20480K) Class: 2610K(2752K)->2610K(2752K)
[2026-03-19T11:40:10.195+0800][526.684s][info][gc          ] GC(1105) Pause Young (Concurrent Start) (G1 Humongous Allocation) 70M->27M(128M) 2.925ms
[2026-03-19T11:40:10.195+0800][526.684s][info][gc,cpu      ] GC(1105) User=0.00s Sys=0.00s Real=0.00s
[2026-03-19T11:40:10.195+0800][526.684s][info][gc          ] GC(1106) Concurrent Undo Cycle
[2026-03-19T11:40:10.195+0800][526.685s][info][gc,marking  ] GC(1106) Concurrent Cleanup for Next Mark
[2026-03-19T11:40:10.195+0800][526.685s][info][gc,marking  ] GC(1106) Concurrent Cleanup for Next Mark 0.343ms
[2026-03-19T11:40:10.196+0800][526.685s][info][gc          ] GC(1106) Concurrent Undo Cycle 0.591ms
[2026-03-19T11:40:11.130+0800][527.619s][info][gc,start    ] GC(1107) Pause Young (Concurrent Start) (G1 Humongous Allocation)
[2026-03-19T11:40:11.130+0800][527.619s][info][gc,task     ] GC(1107) Using 3 workers of 13 for evacuation
[2026-03-19T11:40:11.132+0800][527.621s][info][gc,phases   ] GC(1107)   Pre Evacuate Collection Set: 0.3ms
[2026-03-19T11:40:11.132+0800][527.621s][info][gc,phases   ] GC(1107)   Merge Heap Roots: 0.2ms
[2026-03-19T11:40:11.132+0800][527.621s][info][gc,phases   ] GC(1107)   Evacuate Collection Set: 0.8ms
[2026-03-19T11:40:11.132+0800][527.621s][info][gc,phases   ] GC(1107)   Post Evacuate Collection Set: 0.7ms
[2026-03-19T11:40:11.132+0800][527.621s][info][gc,phases   ] GC(1107)   Other: 0.4ms
[2026-03-19T11:40:11.132+0800][527.621s][info][gc,heap     ] GC(1107) Eden regions: 13->0(74)
[2026-03-19T11:40:11.132+0800][527.621s][info][gc,heap     ] GC(1107) Survivor regions: 2->2(10)
[2026-03-19T11:40:11.132+0800][527.621s][info][gc,heap     ] GC(1107) Old regions: 18->18
[2026-03-19T11:40:11.132+0800][527.621s][info][gc,heap     ] GC(1107) Archive regions: 0->0
[2026-03-19T11:40:11.132+0800][527.622s][info][gc,heap     ] GC(1107) Humongous regions: 39->9
[2026-03-19T11:40:11.132+0800][527.622s][info][gc,metaspace] GC(1107) Metaspace: 22913K(23232K)->22913K(23232K) NonClass: 20303K(20480K)->20303K(20480K) Class: 2610K(2752K)->2610K(2752K)
[2026-03-19T11:40:11.132+0800][527.622s][info][gc          ] GC(1107) Pause Young (Concurrent Start) (G1 Humongous Allocation) 70M->27M(128M) 2.786ms
[2026-03-19T11:40:11.132+0800][527.622s][info][gc,cpu      ] GC(1107) User=0.00s Sys=0.00s Real=0.00s
[2026-03-19T11:40:11.133+0800][527.622s][info][gc          ] GC(1108) Concurrent Undo Cycle
[2026-03-19T11:40:11.133+0800][527.622s][info][gc,marking  ] GC(1108) Concurrent Cleanup for Next Mark
[2026-03-19T11:40:11.133+0800][527.623s][info][gc,marking  ] GC(1108) Concurrent Cleanup for Next Mark 0.887ms
[2026-03-19T11:40:11.134+0800][527.623s][info][gc          ] GC(1108) Concurrent Undo Cycle 1.073ms
[2026-03-19T11:40:12.055+0800][528.544s][info][gc,start    ] GC(1109) Pause Young (Concurrent Start) (G1 Humongous Allocation)
[2026-03-19T11:40:12.055+0800][528.545s][info][gc,task     ] GC(1109) Using 3 workers of 13 for evacuation
[2026-03-19T11:40:12.057+0800][528.547s][info][gc,phases   ] GC(1109)   Pre Evacuate Collection Set: 0.3ms
[2026-03-19T11:40:12.058+0800][528.548s][info][gc,phases   ] GC(1109)   Merge Heap Roots: 0.2ms
[2026-03-19T11:40:12.058+0800][528.548s][info][gc,phases   ] GC(1109)   Evacuate Collection Set: 0.9ms
[2026-03-19T11:40:12.058+0800][528.548s][info][gc,phases   ] GC(1109)   Post Evacuate Collection Set: 1.0ms
[2026-03-19T11:40:12.058+0800][528.548s][info][gc,phases   ] GC(1109)   Other: 0.5ms
[2026-03-19T11:40:12.058+0800][528.548s][info][gc,heap     ] GC(1109) Eden regions: 13->0(74)
[2026-03-19T11:40:12.058+0800][528.548s][info][gc,heap     ] GC(1109) Survivor regions: 2->2(10)
[2026-03-19T11:40:12.058+0800][528.548s][info][gc,heap     ] GC(1109) Old regions: 18->18
[2026-03-19T11:40:12.058+0800][528.548s][info][gc,heap     ] GC(1109) Archive regions: 0->0
[2026-03-19T11:40:12.058+0800][528.548s][info][gc,heap     ] GC(1109) Humongous regions: 39->9
[2026-03-19T11:40:12.058+0800][528.548s][info][gc,metaspace] GC(1109) Metaspace: 22913K(23232K)->22913K(23232K) NonClass: 20303K(20480K)->20303K(20480K) Class: 2610K(2752K)->2610K(2752K)
[2026-03-19T11:40:12.058+0800][528.548s][info][gc          ] GC(1109) Pause Young (Concurrent Start) (G1 Humongous Allocation) 70M->27M(128M) 3.734ms
[2026-03-19T11:40:12.058+0800][528.548s][info][gc,cpu      ] GC(1109) User=0.00s Sys=0.00s Real=0.00s
[2026-03-19T11:40:12.059+0800][528.548s][info][gc          ] GC(1110) Concurrent Undo Cycle
[2026-03-19T11:40:12.059+0800][528.549s][info][gc,marking  ] GC(1110) Concurrent Cleanup for Next Mark
[2026-03-19T11:40:12.059+0800][528.549s][info][gc,marking  ] GC(1110) Concurrent Cleanup for Next Mark 0.510ms
[2026-03-19T11:40:12.059+0800][528.549s][info][gc          ] GC(1110) Concurrent Undo Cycle 0.828ms
[2026-03-19T11:40:12.987+0800][529.476s][info][gc,start    ] GC(1111) Pause Young (Concurrent Start) (G1 Humongous Allocation)
[2026-03-19T11:40:12.987+0800][529.476s][info][gc,task     ] GC(1111) Using 3 workers of 13 for evacuation
[2026-03-19T11:40:12.989+0800][529.478s][info][gc,phases   ] GC(1111)   Pre Evacuate Collection Set: 0.2ms
[2026-03-19T11:40:12.989+0800][529.478s][info][gc,phases   ] GC(1111)   Merge Heap Roots: 0.2ms
[2026-03-19T11:40:12.989+0800][529.478s][info][gc,phases   ] GC(1111)   Evacuate Collection Set: 0.7ms
[2026-03-19T11:40:12.989+0800][529.478s][info][gc,phases   ] GC(1111)   Post Evacuate Collection Set: 0.9ms
[2026-03-19T11:40:12.989+0800][529.478s][info][gc,phases   ] GC(1111)   Other: 0.4ms
[2026-03-19T11:40:12.989+0800][529.478s][info][gc,heap     ] GC(1111) Eden regions: 13->0(74)
[2026-03-19T11:40:12.989+0800][529.478s][info][gc,heap     ] GC(1111) Survivor regions: 2->2(10)
[2026-03-19T11:40:12.989+0800][529.478s][info][gc,heap     ] GC(1111) Old regions: 18->18
[2026-03-19T11:40:12.989+0800][529.479s][info][gc,heap     ] GC(1111) Archive regions: 0->0
[2026-03-19T11:40:12.990+0800][529.479s][info][gc,heap     ] GC(1111) Humongous regions: 39->9
[2026-03-19T11:40:12.990+0800][529.479s][info][gc,metaspace] GC(1111) Metaspace: 22913K(23232K)->22913K(23232K) NonClass: 20303K(20480K)->20303K(20480K) Class: 2610K(2752K)->2610K(2752K)
[2026-03-19T11:40:12.990+0800][529.479s][info][gc          ] GC(1111) Pause Young (Concurrent Start) (G1 Humongous Allocation) 70M->27M(128M) 3.230ms
[2026-03-19T11:40:12.990+0800][529.479s][info][gc,cpu      ] GC(1111) User=0.00s Sys=0.00s Real=0.00s
[2026-03-19T11:40:12.990+0800][529.479s][info][gc          ] GC(1112) Concurrent Undo Cycle
[2026-03-19T11:40:12.990+0800][529.479s][info][gc,marking  ] GC(1112) Concurrent Cleanup for Next Mark
[2026-03-19T11:40:12.991+0800][529.480s][info][gc,marking  ] GC(1112) Concurrent Cleanup for Next Mark 0.517ms
[2026-03-19T11:40:12.991+0800][529.480s][info][gc          ] GC(1112) Concurrent Undo Cycle 0.803ms
[2026-03-19T11:40:13.904+0800][530.393s][info][gc,start    ] GC(1113) Pause Young (Concurrent Start) (G1 Humongous Allocation)
[2026-03-19T11:40:13.904+0800][530.393s][info][gc,task     ] GC(1113) Using 3 workers of 13 for evacuation
[2026-03-19T11:40:13.905+0800][530.395s][info][gc,phases   ] GC(1113)   Pre Evacuate Collection Set: 0.2ms
[2026-03-19T11:40:13.905+0800][530.395s][info][gc,phases   ] GC(1113)   Merge Heap Roots: 0.1ms
[2026-03-19T11:40:13.905+0800][530.395s][info][gc,phases   ] GC(1113)   Evacuate Collection Set: 0.4ms
[2026-03-19T11:40:13.905+0800][530.395s][info][gc,phases   ] GC(1113)   Post Evacuate Collection Set: 0.8ms
[2026-03-19T11:40:13.905+0800][530.395s][info][gc,phases   ] GC(1113)   Other: 0.2ms
[2026-03-19T11:40:13.905+0800][530.395s][info][gc,heap     ] GC(1113) Eden regions: 13->0(74)
[2026-03-19T11:40:13.905+0800][530.395s][info][gc,heap     ] GC(1113) Survivor regions: 2->2(10)
[2026-03-19T11:40:13.905+0800][530.395s][info][gc,heap     ] GC(1113) Old regions: 18->18
[2026-03-19T11:40:13.905+0800][530.395s][info][gc,heap     ] GC(1113) Archive regions: 0->0
[2026-03-19T11:40:13.905+0800][530.395s][info][gc,heap     ] GC(1113) Humongous regions: 39->9
[2026-03-19T11:40:13.905+0800][530.395s][info][gc,metaspace] GC(1113) Metaspace: 22913K(23232K)->22913K(23232K) NonClass: 20303K(20480K)->20303K(20480K) Class: 2610K(2752K)->2610K(2752K)
[2026-03-19T11:40:13.905+0800][530.395s][info][gc          ] GC(1113) Pause Young (Concurrent Start) (G1 Humongous Allocation) 70M->27M(128M) 2.137ms
[2026-03-19T11:40:13.907+0800][530.396s][info][gc,cpu      ] GC(1113) User=0.00s Sys=0.00s Real=0.00s
[2026-03-19T11:40:13.907+0800][530.396s][info][gc          ] GC(1114) Concurrent Undo Cycle
[2026-03-19T11:40:13.907+0800][530.396s][info][gc,marking  ] GC(1114) Concurrent Cleanup for Next Mark
[2026-03-19T11:40:13.907+0800][530.396s][info][gc,marking  ] GC(1114) Concurrent Cleanup for Next Mark 0.261ms
[2026-03-19T11:40:13.907+0800][530.396s][info][gc          ] GC(1114) Concurrent Undo Cycle 0.407ms
[2026-03-19T11:40:14.826+0800][531.316s][info][gc,start    ] GC(1115) Pause Young (Concurrent Start) (G1 Humongous Allocation)
[2026-03-19T11:40:14.827+0800][531.316s][info][gc,task     ] GC(1115) Using 3 workers of 13 for evacuation
[2026-03-19T11:40:14.828+0800][531.318s][info][gc,phases   ] GC(1115)   Pre Evacuate Collection Set: 0.1ms
[2026-03-19T11:40:14.828+0800][531.318s][info][gc,phases   ] GC(1115)   Merge Heap Roots: 0.2ms
[2026-03-19T11:40:14.828+0800][531.318s][info][gc,phases   ] GC(1115)   Evacuate Collection Set: 0.7ms
[2026-03-19T11:40:14.828+0800][531.318s][info][gc,phases   ] GC(1115)   Post Evacuate Collection Set: 0.8ms
[2026-03-19T11:40:14.828+0800][531.318s][info][gc,phases   ] GC(1115)   Other: 0.5ms
[2026-03-19T11:40:14.828+0800][531.318s][info][gc,heap     ] GC(1115) Eden regions: 12->0(74)
[2026-03-19T11:40:14.828+0800][531.318s][info][gc,heap     ] GC(1115) Survivor regions: 2->2(10)
[2026-03-19T11:40:14.828+0800][531.318s][info][gc,heap     ] GC(1115) Old regions: 18->18
[2026-03-19T11:40:14.828+0800][531.319s][info][gc,heap     ] GC(1115) Archive regions: 0->0
[2026-03-19T11:40:14.830+0800][531.319s][info][gc,heap     ] GC(1115) Humongous regions: 39->9
[2026-03-19T11:40:14.830+0800][531.319s][info][gc,metaspace] GC(1115) Metaspace: 22913K(23232K)->22913K(23232K) NonClass: 20303K(20480K)->20303K(20480K) Class: 2610K(2752K)->2610K(2752K)
[2026-03-19T11:40:14.830+0800][531.319s][info][gc          ] GC(1115) Pause Young (Concurrent Start) (G1 Humongous Allocation) 69M->27M(128M) 2.564ms
[2026-03-19T11:40:14.830+0800][531.319s][info][gc,cpu      ] GC(1115) User=0.00s Sys=0.00s Real=0.00s
[2026-03-19T11:40:14.830+0800][531.319s][info][gc          ] GC(1116) Concurrent Undo Cycle
[2026-03-19T11:40:14.830+0800][531.319s][info][gc,marking  ] GC(1116) Concurrent Cleanup for Next Mark
[2026-03-19T11:40:14.830+0800][531.319s][info][gc,marking  ] GC(1116) Concurrent Cleanup for Next Mark 0.405ms
[2026-03-19T11:40:14.831+0800][531.320s][info][gc          ] GC(1116) Concurrent Undo Cycle 0.719ms
[2026-03-19T11:40:15.766+0800][532.255s][info][gc,start    ] GC(1117) Pause Young (Concurrent Start) (G1 Humongous Allocation)
[2026-03-19T11:40:15.766+0800][532.255s][info][gc,task     ] GC(1117) Using 3 workers of 13 for evacuation
[2026-03-19T11:40:15.768+0800][532.257s][info][gc,phases   ] GC(1117)   Pre Evacuate Collection Set: 0.2ms
[2026-03-19T11:40:15.768+0800][532.257s][info][gc,phases   ] GC(1117)   Merge Heap Roots: 0.1ms
[2026-03-19T11:40:15.768+0800][532.257s][info][gc,phases   ] GC(1117)   Evacuate Collection Set: 0.9ms
[2026-03-19T11:40:15.768+0800][532.257s][info][gc,phases   ] GC(1117)   Post Evacuate Collection Set: 0.7ms
[2026-03-19T11:40:15.768+0800][532.257s][info][gc,phases   ] GC(1117)   Other: 0.5ms
[2026-03-19T11:40:15.768+0800][532.257s][info][gc,heap     ] GC(1117) Eden regions: 12->0(74)
[2026-03-19T11:40:15.768+0800][532.257s][info][gc,heap     ] GC(1117) Survivor regions: 2->2(10)
[2026-03-19T11:40:15.768+0800][532.258s][info][gc,heap     ] GC(1117) Old regions: 18->18
[2026-03-19T11:40:15.768+0800][532.258s][info][gc,heap     ] GC(1117) Archive regions: 0->0
[2026-03-19T11:40:15.768+0800][532.258s][info][gc,heap     ] GC(1117) Humongous regions: 39->9
[2026-03-19T11:40:15.768+0800][532.258s][info][gc,metaspace] GC(1117) Metaspace: 22913K(23232K)->22913K(23232K) NonClass: 20303K(20480K)->20303K(20480K) Class: 2610K(2752K)->2610K(2752K)
[2026-03-19T11:40:15.769+0800][532.258s][info][gc          ] GC(1117) Pause Young (Concurrent Start) (G1 Humongous Allocation) 69M->27M(128M) 2.936ms
[2026-03-19T11:40:15.769+0800][532.258s][info][gc,cpu      ] GC(1117) User=0.00s Sys=0.00s Real=0.00s
[2026-03-19T11:40:15.769+0800][532.258s][info][gc          ] GC(1118) Concurrent Undo Cycle
[2026-03-19T11:40:15.769+0800][532.258s][info][gc,marking  ] GC(1118) Concurrent Cleanup for Next Mark
[2026-03-19T11:40:15.769+0800][532.259s][info][gc,marking  ] GC(1118) Concurrent Cleanup for Next Mark 0.379ms
[2026-03-19T11:40:15.769+0800][532.259s][info][gc          ] GC(1118) Concurrent Undo Cycle 0.750ms
[2026-03-19T11:40:16.707+0800][533.196s][info][gc,start    ] GC(1119) Pause Young (Concurrent Start) (G1 Humongous Allocation)
[2026-03-19T11:40:16.707+0800][533.196s][info][gc,task     ] GC(1119) Using 3 workers of 13 for evacuation
[2026-03-19T11:40:16.709+0800][533.199s][info][gc,phases   ] GC(1119)   Pre Evacuate Collection Set: 0.2ms
[2026-03-19T11:40:16.709+0800][533.199s][info][gc,phases   ] GC(1119)   Merge Heap Roots: 0.2ms
[2026-03-19T11:40:16.709+0800][533.199s][info][gc,phases   ] GC(1119)   Evacuate Collection Set: 0.8ms
[2026-03-19T11:40:16.709+0800][533.199s][info][gc,phases   ] GC(1119)   Post Evacuate Collection Set: 1.0ms
[2026-03-19T11:40:16.709+0800][533.199s][info][gc,phases   ] GC(1119)   Other: 0.4ms
[2026-03-19T11:40:16.710+0800][533.199s][info][gc,heap     ] GC(1119) Eden regions: 12->0(74)
[2026-03-19T11:40:16.710+0800][533.199s][info][gc,heap     ] GC(1119) Survivor regions: 2->2(10)
[2026-03-19T11:40:16.710+0800][533.199s][info][gc,heap     ] GC(1119) Old regions: 18->18
[2026-03-19T11:40:16.710+0800][533.199s][info][gc,heap     ] GC(1119) Archive regions: 0->0
[2026-03-19T11:40:16.710+0800][533.199s][info][gc,heap     ] GC(1119) Humongous regions: 39->9
[2026-03-19T11:40:16.710+0800][533.199s][info][gc,metaspace] GC(1119) Metaspace: 22913K(23232K)->22913K(23232K) NonClass: 20303K(20480K)->20303K(20480K) Class: 2610K(2752K)->2610K(2752K)
[2026-03-19T11:40:16.710+0800][533.199s][info][gc          ] GC(1119) Pause Young (Concurrent Start) (G1 Humongous Allocation) 69M->27M(128M) 3.025ms
[2026-03-19T11:40:16.710+0800][533.199s][info][gc,cpu      ] GC(1119) User=0.00s Sys=0.00s Real=0.00s
[2026-03-19T11:40:16.710+0800][533.199s][info][gc          ] GC(1120) Concurrent Undo Cycle
[2026-03-19T11:40:16.710+0800][533.199s][info][gc,marking  ] GC(1120) Concurrent Cleanup for Next Mark
[2026-03-19T11:40:16.710+0800][533.200s][info][gc,marking  ] GC(1120) Concurrent Cleanup for Next Mark 0.191ms
[2026-03-19T11:40:16.710+0800][533.200s][info][gc          ] GC(1120) Concurrent Undo Cycle 0.309ms
[2026-03-19T11:40:17.644+0800][534.134s][info][gc,start    ] GC(1121) Pause Young (Concurrent Start) (G1 Humongous Allocation)
[2026-03-19T11:40:17.644+0800][534.134s][info][gc,task     ] GC(1121) Using 3 workers of 13 for evacuation
[2026-03-19T11:40:17.646+0800][534.136s][info][gc,phases   ] GC(1121)   Pre Evacuate Collection Set: 0.1ms
[2026-03-19T11:40:17.647+0800][534.136s][info][gc,phases   ] GC(1121)   Merge Heap Roots: 0.2ms
[2026-03-19T11:40:17.647+0800][534.136s][info][gc,phases   ] GC(1121)   Evacuate Collection Set: 0.8ms
[2026-03-19T11:40:17.647+0800][534.136s][info][gc,phases   ] GC(1121)   Post Evacuate Collection Set: 0.9ms
[2026-03-19T11:40:17.647+0800][534.137s][info][gc,phases   ] GC(1121)   Other: 0.4ms
[2026-03-19T11:40:17.647+0800][534.137s][info][gc,heap     ] GC(1121) Eden regions: 13->0(74)
[2026-03-19T11:40:17.647+0800][534.137s][info][gc,heap     ] GC(1121) Survivor regions: 2->2(10)
[2026-03-19T11:40:17.647+0800][534.137s][info][gc,heap     ] GC(1121) Old regions: 18->18
[2026-03-19T11:40:17.647+0800][534.137s][info][gc,heap     ] GC(1121) Archive regions: 0->0
[2026-03-19T11:40:17.647+0800][534.137s][info][gc,heap     ] GC(1121) Humongous regions: 39->9
[2026-03-19T11:40:17.647+0800][534.137s][info][gc,metaspace] GC(1121) Metaspace: 22913K(23232K)->22913K(23232K) NonClass: 20303K(20480K)->20303K(20480K) Class: 2610K(2752K)->2610K(2752K)
[2026-03-19T11:40:17.647+0800][534.137s][info][gc          ] GC(1121) Pause Young (Concurrent Start) (G1 Humongous Allocation) 70M->27M(128M) 3.365ms
[2026-03-19T11:40:17.647+0800][534.137s][info][gc,cpu      ] GC(1121) User=0.00s Sys=0.00s Real=0.00s
[2026-03-19T11:40:17.648+0800][534.137s][info][gc          ] GC(1122) Concurrent Undo Cycle
[2026-03-19T11:40:17.648+0800][534.138s][info][gc,marking  ] GC(1122) Concurrent Cleanup for Next Mark
[2026-03-19T11:40:17.649+0800][534.138s][info][gc,marking  ] GC(1122) Concurrent Cleanup for Next Mark 0.436ms
[2026-03-19T11:40:17.649+0800][534.138s][info][gc          ] GC(1122) Concurrent Undo Cycle 0.994ms
[2026-03-19T11:40:18.582+0800][535.072s][info][gc,start    ] GC(1123) Pause Young (Concurrent Start) (G1 Humongous Allocation)
[2026-03-19T11:40:18.583+0800][535.073s][info][gc,task     ] GC(1123) Using 3 workers of 13 for evacuation
[2026-03-19T11:40:18.586+0800][535.076s][info][gc,phases   ] GC(1123)   Pre Evacuate Collection Set: 0.2ms
[2026-03-19T11:40:18.586+0800][535.076s][info][gc,phases   ] GC(1123)   Merge Heap Roots: 0.2ms
[2026-03-19T11:40:18.586+0800][535.076s][info][gc,phases   ] GC(1123)   Evacuate Collection Set: 1.4ms
[2026-03-19T11:40:18.586+0800][535.076s][info][gc,phases   ] GC(1123)   Post Evacuate Collection Set: 0.9ms
[2026-03-19T11:40:18.586+0800][535.076s][info][gc,phases   ] GC(1123)   Other: 0.7ms
[2026-03-19T11:40:18.586+0800][535.076s][info][gc,heap     ] GC(1123) Eden regions: 13->0(74)
[2026-03-19T11:40:18.586+0800][535.076s][info][gc,heap     ] GC(1123) Survivor regions: 2->2(10)
[2026-03-19T11:40:18.586+0800][535.076s][info][gc,heap     ] GC(1123) Old regions: 18->18
[2026-03-19T11:40:18.586+0800][535.076s][info][gc,heap     ] GC(1123) Archive regions: 0->0
[2026-03-19T11:40:18.586+0800][535.076s][info][gc,heap     ] GC(1123) Humongous regions: 39->9
[2026-03-19T11:40:18.586+0800][535.076s][info][gc,metaspace] GC(1123) Metaspace: 22913K(23232K)->22913K(23232K) NonClass: 20303K(20480K)->20303K(20480K) Class: 2610K(2752K)->2610K(2752K)
[2026-03-19T11:40:18.586+0800][535.076s][info][gc          ] GC(1123) Pause Young (Concurrent Start) (G1 Humongous Allocation) 70M->27M(128M) 3.673ms
[2026-03-19T11:40:18.586+0800][535.076s][info][gc,cpu      ] GC(1123) User=0.00s Sys=0.00s Real=0.00s
[2026-03-19T11:40:18.586+0800][535.076s][info][gc          ] GC(1124) Concurrent Undo Cycle
[2026-03-19T11:40:18.586+0800][535.076s][info][gc,marking  ] GC(1124) Concurrent Cleanup for Next Mark
[2026-03-19T11:40:18.587+0800][535.076s][info][gc,marking  ] GC(1124) Concurrent Cleanup for Next Mark 0.265ms
[2026-03-19T11:40:18.587+0800][535.077s][info][gc          ] GC(1124) Concurrent Undo Cycle 0.489ms
[2026-03-19T11:40:19.527+0800][536.017s][info][gc,start    ] GC(1125) Pause Young (Concurrent Start) (G1 Humongous Allocation)
[2026-03-19T11:40:19.527+0800][536.017s][info][gc,task     ] GC(1125) Using 3 workers of 13 for evacuation
[2026-03-19T11:40:19.530+0800][536.020s][info][gc,phases   ] GC(1125)   Pre Evacuate Collection Set: 0.2ms
[2026-03-19T11:40:19.530+0800][536.020s][info][gc,phases   ] GC(1125)   Merge Heap Roots: 0.3ms
[2026-03-19T11:40:19.530+0800][536.020s][info][gc,phases   ] GC(1125)   Evacuate Collection Set: 0.6ms
[2026-03-19T11:40:19.530+0800][536.020s][info][gc,phases   ] GC(1125)   Post Evacuate Collection Set: 1.2ms
[2026-03-19T11:40:19.530+0800][536.020s][info][gc,phases   ] GC(1125)   Other: 0.3ms
[2026-03-19T11:40:19.530+0800][536.020s][info][gc,heap     ] GC(1125) Eden regions: 13->0(74)
[2026-03-19T11:40:19.530+0800][536.020s][info][gc,heap     ] GC(1125) Survivor regions: 2->2(10)
[2026-03-19T11:40:19.530+0800][536.020s][info][gc,heap     ] GC(1125) Old regions: 18->18
[2026-03-19T11:40:19.531+0800][536.020s][info][gc,heap     ] GC(1125) Archive regions: 0->0
[2026-03-19T11:40:19.531+0800][536.020s][info][gc,heap     ] GC(1125) Humongous regions: 39->9
[2026-03-19T11:40:19.531+0800][536.020s][info][gc,metaspace] GC(1125) Metaspace: 22913K(23232K)->22913K(23232K) NonClass: 20303K(20480K)->20303K(20480K) Class: 2610K(2752K)->2610K(2752K)
[2026-03-19T11:40:19.531+0800][536.020s][info][gc          ] GC(1125) Pause Young (Concurrent Start) (G1 Humongous Allocation) 70M->27M(128M) 3.107ms
[2026-03-19T11:40:19.531+0800][536.020s][info][gc,cpu      ] GC(1125) User=0.00s Sys=0.00s Real=0.00s
[2026-03-19T11:40:19.531+0800][536.020s][info][gc          ] GC(1126) Concurrent Undo Cycle
[2026-03-19T11:40:19.531+0800][536.020s][info][gc,marking  ] GC(1126) Concurrent Cleanup for Next Mark
[2026-03-19T11:40:19.531+0800][536.021s][info][gc,marking  ] GC(1126) Concurrent Cleanup for Next Mark 0.319ms
[2026-03-19T11:40:19.531+0800][536.021s][info][gc          ] GC(1126) Concurrent Undo Cycle 0.517ms
[2026-03-19T11:40:20.460+0800][536.949s][info][gc,start    ] GC(1127) Pause Young (Concurrent Start) (G1 Humongous Allocation)
[2026-03-19T11:40:20.460+0800][536.949s][info][gc,task     ] GC(1127) Using 3 workers of 13 for evacuation
[2026-03-19T11:40:20.461+0800][536.951s][info][gc,phases   ] GC(1127)   Pre Evacuate Collection Set: 0.1ms
[2026-03-19T11:40:20.461+0800][536.951s][info][gc,phases   ] GC(1127)   Merge Heap Roots: 0.1ms
[2026-03-19T11:40:20.461+0800][536.951s][info][gc,phases   ] GC(1127)   Evacuate Collection Set: 0.5ms
[2026-03-19T11:40:20.461+0800][536.951s][info][gc,phases   ] GC(1127)   Post Evacuate Collection Set: 0.7ms
[2026-03-19T11:40:20.461+0800][536.951s][info][gc,phases   ] GC(1127)   Other: 0.3ms
[2026-03-19T11:40:20.461+0800][536.951s][info][gc,heap     ] GC(1127) Eden regions: 13->0(74)
[2026-03-19T11:40:20.461+0800][536.951s][info][gc,heap     ] GC(1127) Survivor regions: 2->2(10)
[2026-03-19T11:40:20.461+0800][536.951s][info][gc,heap     ] GC(1127) Old regions: 18->18
[2026-03-19T11:40:20.461+0800][536.951s][info][gc,heap     ] GC(1127) Archive regions: 0->0
[2026-03-19T11:40:20.461+0800][536.951s][info][gc,heap     ] GC(1127) Humongous regions: 39->9
[2026-03-19T11:40:20.461+0800][536.951s][info][gc,metaspace] GC(1127) Metaspace: 22913K(23232K)->22913K(23232K) NonClass: 20303K(20480K)->20303K(20480K) Class: 2610K(2752K)->2610K(2752K)
[2026-03-19T11:40:20.461+0800][536.951s][info][gc          ] GC(1127) Pause Young (Concurrent Start) (G1 Humongous Allocation) 70M->27M(128M) 1.864ms
[2026-03-19T11:40:20.461+0800][536.951s][info][gc,cpu      ] GC(1127) User=0.00s Sys=0.00s Real=0.00s
[2026-03-19T11:40:20.462+0800][536.951s][info][gc          ] GC(1128) Concurrent Undo Cycle
[2026-03-19T11:40:20.462+0800][536.951s][info][gc,marking  ] GC(1128) Concurrent Cleanup for Next Mark
[2026-03-19T11:40:20.462+0800][536.951s][info][gc,marking  ] GC(1128) Concurrent Cleanup for Next Mark 0.270ms
[2026-03-19T11:40:20.462+0800][536.951s][info][gc          ] GC(1128) Concurrent Undo Cycle 0.492ms
[2026-03-19T11:40:21.397+0800][537.887s][info][gc,start    ] GC(1129) Pause Young (Concurrent Start) (G1 Humongous Allocation)
[2026-03-19T11:40:21.397+0800][537.887s][info][gc,task     ] GC(1129) Using 3 workers of 13 for evacuation
[2026-03-19T11:40:21.400+0800][537.889s][info][gc,phases   ] GC(1129)   Pre Evacuate Collection Set: 0.3ms
[2026-03-19T11:40:21.400+0800][537.890s][info][gc,phases   ] GC(1129)   Merge Heap Roots: 0.2ms
[2026-03-19T11:40:21.400+0800][537.890s][info][gc,phases   ] GC(1129)   Evacuate Collection Set: 0.8ms
[2026-03-19T11:40:21.400+0800][537.890s][info][gc,phases   ] GC(1129)   Post Evacuate Collection Set: 0.9ms
[2026-03-19T11:40:21.400+0800][537.890s][info][gc,phases   ] GC(1129)   Other: 0.4ms
[2026-03-19T11:40:21.400+0800][537.890s][info][gc,heap     ] GC(1129) Eden regions: 13->0(74)
[2026-03-19T11:40:21.400+0800][537.890s][info][gc,heap     ] GC(1129) Survivor regions: 2->2(10)
[2026-03-19T11:40:21.400+0800][537.890s][info][gc,heap     ] GC(1129) Old regions: 18->18
[2026-03-19T11:40:21.400+0800][537.890s][info][gc,heap     ] GC(1129) Archive regions: 0->0
[2026-03-19T11:40:21.400+0800][537.890s][info][gc,heap     ] GC(1129) Humongous regions: 39->9
[2026-03-19T11:40:21.400+0800][537.890s][info][gc,metaspace] GC(1129) Metaspace: 22913K(23232K)->22913K(23232K) NonClass: 20303K(20480K)->20303K(20480K) Class: 2610K(2752K)->2610K(2752K)
[2026-03-19T11:40:21.400+0800][537.890s][info][gc          ] GC(1129) Pause Young (Concurrent Start) (G1 Humongous Allocation) 70M->27M(128M) 3.558ms
[2026-03-19T11:40:21.400+0800][537.890s][info][gc,cpu      ] GC(1129) User=0.00s Sys=0.00s Real=0.00s
[2026-03-19T11:40:21.400+0800][537.891s][info][gc          ] GC(1130) Concurrent Undo Cycle
[2026-03-19T11:40:21.402+0800][537.891s][info][gc,marking  ] GC(1130) Concurrent Cleanup for Next Mark
[2026-03-19T11:40:21.402+0800][537.891s][info][gc,marking  ] GC(1130) Concurrent Cleanup for Next Mark 0.464ms
[2026-03-19T11:40:21.402+0800][537.891s][info][gc          ] GC(1130) Concurrent Undo Cycle 0.834ms
[2026-03-19T11:40:22.332+0800][538.821s][info][gc,start    ] GC(1131) Pause Young (Concurrent Start) (G1 Humongous Allocation)
[2026-03-19T11:40:22.332+0800][538.821s][info][gc,task     ] GC(1131) Using 3 workers of 13 for evacuation
[2026-03-19T11:40:22.334+0800][538.823s][info][gc,phases   ] GC(1131)   Pre Evacuate Collection Set: 0.3ms
[2026-03-19T11:40:22.334+0800][538.824s][info][gc,phases   ] GC(1131)   Merge Heap Roots: 0.1ms
[2026-03-19T11:40:22.334+0800][538.824s][info][gc,phases   ] GC(1131)   Evacuate Collection Set: 0.8ms
[2026-03-19T11:40:22.334+0800][538.824s][info][gc,phases   ] GC(1131)   Post Evacuate Collection Set: 0.8ms
[2026-03-19T11:40:22.334+0800][538.824s][info][gc,phases   ] GC(1131)   Other: 0.3ms
[2026-03-19T11:40:22.334+0800][538.824s][info][gc,heap     ] GC(1131) Eden regions: 13->0(74)
[2026-03-19T11:40:22.334+0800][538.824s][info][gc,heap     ] GC(1131) Survivor regions: 2->2(10)
[2026-03-19T11:40:22.334+0800][538.824s][info][gc,heap     ] GC(1131) Old regions: 18->18
[2026-03-19T11:40:22.334+0800][538.824s][info][gc,heap     ] GC(1131) Archive regions: 0->0
[2026-03-19T11:40:22.335+0800][538.824s][info][gc,heap     ] GC(1131) Humongous regions: 39->9
[2026-03-19T11:40:22.335+0800][538.824s][info][gc,metaspace] GC(1131) Metaspace: 22913K(23232K)->22913K(23232K) NonClass: 20303K(20480K)->20303K(20480K) Class: 2610K(2752K)->2610K(2752K)
[2026-03-19T11:40:22.335+0800][538.824s][info][gc          ] GC(1131) Pause Young (Concurrent Start) (G1 Humongous Allocation) 70M->27M(128M) 2.832ms
[2026-03-19T11:40:22.335+0800][538.824s][info][gc,cpu      ] GC(1131) User=0.00s Sys=0.00s Real=0.00s
[2026-03-19T11:40:22.335+0800][538.824s][info][gc          ] GC(1132) Concurrent Undo Cycle
[2026-03-19T11:40:22.335+0800][538.824s][info][gc,marking  ] GC(1132) Concurrent Cleanup for Next Mark
[2026-03-19T11:40:22.335+0800][538.825s][info][gc,marking  ] GC(1132) Concurrent Cleanup for Next Mark 0.274ms
[2026-03-19T11:40:22.335+0800][538.825s][info][gc          ] GC(1132) Concurrent Undo Cycle 0.480ms
[2026-03-19T11:40:23.265+0800][539.755s][info][gc,start    ] GC(1133) Pause Young (Concurrent Start) (G1 Humongous Allocation)
[2026-03-19T11:40:23.266+0800][539.755s][info][gc,task     ] GC(1133) Using 3 workers of 13 for evacuation
[2026-03-19T11:40:23.267+0800][539.757s][info][gc,phases   ] GC(1133)   Pre Evacuate Collection Set: 0.2ms
[2026-03-19T11:40:23.267+0800][539.758s][info][gc,phases   ] GC(1133)   Merge Heap Roots: 0.2ms
[2026-03-19T11:40:23.269+0800][539.758s][info][gc,phases   ] GC(1133)   Evacuate Collection Set: 0.6ms
[2026-03-19T11:40:23.269+0800][539.758s][info][gc,phases   ] GC(1133)   Post Evacuate Collection Set: 0.8ms
[2026-03-19T11:40:23.269+0800][539.758s][info][gc,phases   ] GC(1133)   Other: 0.6ms
[2026-03-19T11:40:23.269+0800][539.758s][info][gc,heap     ] GC(1133) Eden regions: 13->0(74)
[2026-03-19T11:40:23.269+0800][539.758s][info][gc,heap     ] GC(1133) Survivor regions: 2->2(10)
[2026-03-19T11:40:23.269+0800][539.758s][info][gc,heap     ] GC(1133) Old regions: 18->18
[2026-03-19T11:40:23.269+0800][539.758s][info][gc,heap     ] GC(1133) Archive regions: 0->0
[2026-03-19T11:40:23.269+0800][539.758s][info][gc,heap     ] GC(1133) Humongous regions: 39->9
[2026-03-19T11:40:23.269+0800][539.758s][info][gc,metaspace] GC(1133) Metaspace: 22913K(23232K)->22913K(23232K) NonClass: 20303K(20480K)->20303K(20480K) Class: 2610K(2752K)->2610K(2752K)
[2026-03-19T11:40:23.269+0800][539.758s][info][gc          ] GC(1133) Pause Young (Concurrent Start) (G1 Humongous Allocation) 70M->27M(128M) 3.045ms
[2026-03-19T11:40:23.269+0800][539.758s][info][gc,cpu      ] GC(1133) User=0.00s Sys=0.00s Real=0.00s
[2026-03-19T11:40:23.269+0800][539.758s][info][gc          ] GC(1134) Concurrent Undo Cycle
[2026-03-19T11:40:23.269+0800][539.758s][info][gc,marking  ] GC(1134) Concurrent Cleanup for Next Mark
[2026-03-19T11:40:23.270+0800][539.759s][info][gc,marking  ] GC(1134) Concurrent Cleanup for Next Mark 0.424ms
[2026-03-19T11:40:23.270+0800][539.759s][info][gc          ] GC(1134) Concurrent Undo Cycle 0.633ms
[2026-03-19T11:40:24.202+0800][540.691s][info][gc,start    ] GC(1135) Pause Young (Concurrent Start) (G1 Humongous Allocation)
[2026-03-19T11:40:24.202+0800][540.691s][info][gc,task     ] GC(1135) Using 3 workers of 13 for evacuation
[2026-03-19T11:40:24.204+0800][540.694s][info][gc,phases   ] GC(1135)   Pre Evacuate Collection Set: 0.3ms
[2026-03-19T11:40:24.204+0800][540.694s][info][gc,phases   ] GC(1135)   Merge Heap Roots: 0.2ms
[2026-03-19T11:40:24.204+0800][540.694s][info][gc,phases   ] GC(1135)   Evacuate Collection Set: 0.9ms
[2026-03-19T11:40:24.204+0800][540.694s][info][gc,phases   ] GC(1135)   Post Evacuate Collection Set: 0.8ms
[2026-03-19T11:40:24.204+0800][540.694s][info][gc,phases   ] GC(1135)   Other: 0.5ms
[2026-03-19T11:40:24.204+0800][540.694s][info][gc,heap     ] GC(1135) Eden regions: 13->0(74)
[2026-03-19T11:40:24.204+0800][540.694s][info][gc,heap     ] GC(1135) Survivor regions: 2->2(10)
[2026-03-19T11:40:24.204+0800][540.694s][info][gc,heap     ] GC(1135) Old regions: 18->18
[2026-03-19T11:40:24.205+0800][540.694s][info][gc,heap     ] GC(1135) Archive regions: 0->0
[2026-03-19T11:40:24.205+0800][540.694s][info][gc,heap     ] GC(1135) Humongous regions: 39->9
[2026-03-19T11:40:24.205+0800][540.695s][info][gc,metaspace] GC(1135) Metaspace: 22913K(23232K)->22913K(23232K) NonClass: 20303K(20480K)->20303K(20480K) Class: 2610K(2752K)->2610K(2752K)
[2026-03-19T11:40:24.205+0800][540.695s][info][gc          ] GC(1135) Pause Young (Concurrent Start) (G1 Humongous Allocation) 70M->27M(128M) 3.470ms
[2026-03-19T11:40:24.205+0800][540.695s][info][gc,cpu      ] GC(1135) User=0.00s Sys=0.00s Real=0.00s
[2026-03-19T11:40:24.205+0800][540.695s][info][gc          ] GC(1136) Concurrent Undo Cycle
[2026-03-19T11:40:24.205+0800][540.695s][info][gc,marking  ] GC(1136) Concurrent Cleanup for Next Mark
[2026-03-19T11:40:24.205+0800][540.695s][info][gc,marking  ] GC(1136) Concurrent Cleanup for Next Mark 0.462ms
[2026-03-19T11:40:24.207+0800][540.696s][info][gc          ] GC(1136) Concurrent Undo Cycle 0.832ms
[2026-03-19T11:40:25.152+0800][541.641s][info][gc,start    ] GC(1137) Pause Young (Concurrent Start) (G1 Humongous Allocation)
[2026-03-19T11:40:25.152+0800][541.641s][info][gc,task     ] GC(1137) Using 3 workers of 13 for evacuation
[2026-03-19T11:40:25.155+0800][541.644s][info][gc,phases   ] GC(1137)   Pre Evacuate Collection Set: 0.1ms
[2026-03-19T11:40:25.155+0800][541.644s][info][gc,phases   ] GC(1137)   Merge Heap Roots: 0.2ms
[2026-03-19T11:40:25.155+0800][541.644s][info][gc,phases   ] GC(1137)   Evacuate Collection Set: 1.0ms
[2026-03-19T11:40:25.155+0800][541.644s][info][gc,phases   ] GC(1137)   Post Evacuate Collection Set: 0.9ms
[2026-03-19T11:40:25.155+0800][541.644s][info][gc,phases   ] GC(1137)   Other: 0.3ms
[2026-03-19T11:40:25.155+0800][541.644s][info][gc,heap     ] GC(1137) Eden regions: 13->0(74)
[2026-03-19T11:40:25.155+0800][541.644s][info][gc,heap     ] GC(1137) Survivor regions: 2->2(10)
[2026-03-19T11:40:25.155+0800][541.644s][info][gc,heap     ] GC(1137) Old regions: 18->18
[2026-03-19T11:40:25.155+0800][541.644s][info][gc,heap     ] GC(1137) Archive regions: 0->0
[2026-03-19T11:40:25.155+0800][541.644s][info][gc,heap     ] GC(1137) Humongous regions: 39->9
[2026-03-19T11:40:25.155+0800][541.644s][info][gc,metaspace] GC(1137) Metaspace: 22913K(23232K)->22913K(23232K) NonClass: 20303K(20480K)->20303K(20480K) Class: 2610K(2752K)->2610K(2752K)
[2026-03-19T11:40:25.155+0800][541.644s][info][gc          ] GC(1137) Pause Young (Concurrent Start) (G1 Humongous Allocation) 70M->27M(128M) 2.867ms
[2026-03-19T11:40:25.155+0800][541.644s][info][gc,cpu      ] GC(1137) User=0.00s Sys=0.02s Real=0.00s
[2026-03-19T11:40:25.155+0800][541.644s][info][gc          ] GC(1138) Concurrent Undo Cycle
[2026-03-19T11:40:25.155+0800][541.645s][info][gc,marking  ] GC(1138) Concurrent Cleanup for Next Mark
[2026-03-19T11:40:25.156+0800][541.645s][info][gc,marking  ] GC(1138) Concurrent Cleanup for Next Mark 0.477ms
[2026-03-19T11:40:25.156+0800][541.645s][info][gc          ] GC(1138) Concurrent Undo Cycle 0.708ms
[2026-03-19T11:40:26.091+0800][542.581s][info][gc,start    ] GC(1139) Pause Young (Concurrent Start) (G1 Humongous Allocation)
[2026-03-19T11:40:26.091+0800][542.581s][info][gc,task     ] GC(1139) Using 3 workers of 13 for evacuation
[2026-03-19T11:40:26.093+0800][542.583s][info][gc,phases   ] GC(1139)   Pre Evacuate Collection Set: 0.1ms
[2026-03-19T11:40:26.093+0800][542.583s][info][gc,phases   ] GC(1139)   Merge Heap Roots: 0.2ms
[2026-03-19T11:40:26.093+0800][542.583s][info][gc,phases   ] GC(1139)   Evacuate Collection Set: 0.6ms
[2026-03-19T11:40:26.093+0800][542.583s][info][gc,phases   ] GC(1139)   Post Evacuate Collection Set: 0.8ms
[2026-03-19T11:40:26.094+0800][542.583s][info][gc,phases   ] GC(1139)   Other: 0.3ms
[2026-03-19T11:40:26.094+0800][542.583s][info][gc,heap     ] GC(1139) Eden regions: 12->0(74)
[2026-03-19T11:40:26.094+0800][542.583s][info][gc,heap     ] GC(1139) Survivor regions: 2->2(10)
[2026-03-19T11:40:26.094+0800][542.583s][info][gc,heap     ] GC(1139) Old regions: 18->18
[2026-03-19T11:40:26.094+0800][542.583s][info][gc,heap     ] GC(1139) Archive regions: 0->0
[2026-03-19T11:40:26.094+0800][542.583s][info][gc,heap     ] GC(1139) Humongous regions: 39->9
[2026-03-19T11:40:26.094+0800][542.584s][info][gc,metaspace] GC(1139) Metaspace: 22913K(23232K)->22913K(23232K) NonClass: 20303K(20480K)->20303K(20480K) Class: 2610K(2752K)->2610K(2752K)
[2026-03-19T11:40:26.094+0800][542.584s][info][gc          ] GC(1139) Pause Young (Concurrent Start) (G1 Humongous Allocation) 69M->27M(128M) 2.463ms
[2026-03-19T11:40:26.094+0800][542.584s][info][gc,cpu      ] GC(1139) User=0.00s Sys=0.00s Real=0.00s
[2026-03-19T11:40:26.094+0800][542.584s][info][gc          ] GC(1140) Concurrent Undo Cycle
[2026-03-19T11:40:26.094+0800][542.584s][info][gc,marking  ] GC(1140) Concurrent Cleanup for Next Mark
[2026-03-19T11:40:26.094+0800][542.584s][info][gc,marking  ] GC(1140) Concurrent Cleanup for Next Mark 0.388ms
[2026-03-19T11:40:26.094+0800][542.584s][info][gc          ] GC(1140) Concurrent Undo Cycle 0.551ms
[2026-03-19T11:40:27.027+0800][543.517s][info][gc,start    ] GC(1141) Pause Young (Concurrent Start) (G1 Humongous Allocation)
[2026-03-19T11:40:27.028+0800][543.518s][info][gc,task     ] GC(1141) Using 3 workers of 13 for evacuation
[2026-03-19T11:40:27.031+0800][543.520s][info][gc,phases   ] GC(1141)   Pre Evacuate Collection Set: 0.2ms
[2026-03-19T11:40:27.031+0800][543.520s][info][gc,phases   ] GC(1141)   Merge Heap Roots: 0.2ms
[2026-03-19T11:40:27.031+0800][543.520s][info][gc,phases   ] GC(1141)   Evacuate Collection Set: 0.8ms
[2026-03-19T11:40:27.031+0800][543.521s][info][gc,phases   ] GC(1141)   Post Evacuate Collection Set: 1.2ms
[2026-03-19T11:40:27.031+0800][543.521s][info][gc,phases   ] GC(1141)   Other: 0.6ms
[2026-03-19T11:40:27.031+0800][543.521s][info][gc,heap     ] GC(1141) Eden regions: 12->0(74)
[2026-03-19T11:40:27.031+0800][543.521s][info][gc,heap     ] GC(1141) Survivor regions: 2->2(10)
[2026-03-19T11:40:27.031+0800][543.521s][info][gc,heap     ] GC(1141) Old regions: 18->18
[2026-03-19T11:40:27.031+0800][543.521s][info][gc,heap     ] GC(1141) Archive regions: 0->0
[2026-03-19T11:40:27.032+0800][543.521s][info][gc,heap     ] GC(1141) Humongous regions: 39->9
[2026-03-19T11:40:27.032+0800][543.521s][info][gc,metaspace] GC(1141) Metaspace: 22913K(23232K)->22913K(23232K) NonClass: 20303K(20480K)->20303K(20480K) Class: 2610K(2752K)->2610K(2752K)
[2026-03-19T11:40:27.032+0800][543.521s][info][gc          ] GC(1141) Pause Young (Concurrent Start) (G1 Humongous Allocation) 69M->27M(128M) 3.929ms
[2026-03-19T11:40:27.032+0800][543.521s][info][gc,cpu      ] GC(1141) User=0.00s Sys=0.00s Real=0.01s
[2026-03-19T11:40:27.032+0800][543.521s][info][gc          ] GC(1142) Concurrent Undo Cycle
[2026-03-19T11:40:27.032+0800][543.522s][info][gc,marking  ] GC(1142) Concurrent Cleanup for Next Mark
[2026-03-19T11:40:27.033+0800][543.522s][info][gc,marking  ] GC(1142) Concurrent Cleanup for Next Mark 0.565ms
[2026-03-19T11:40:27.033+0800][543.523s][info][gc          ] GC(1142) Concurrent Undo Cycle 1.071ms
[2026-03-19T11:40:27.980+0800][544.470s][info][gc,start    ] GC(1143) Pause Young (Concurrent Start) (G1 Humongous Allocation)
[2026-03-19T11:40:27.981+0800][544.470s][info][gc,task     ] GC(1143) Using 3 workers of 13 for evacuation
[2026-03-19T11:40:27.984+0800][544.473s][info][gc,phases   ] GC(1143)   Pre Evacuate Collection Set: 0.3ms
[2026-03-19T11:40:27.984+0800][544.473s][info][gc,phases   ] GC(1143)   Merge Heap Roots: 0.3ms
[2026-03-19T11:40:27.984+0800][544.473s][info][gc,phases   ] GC(1143)   Evacuate Collection Set: 0.9ms
[2026-03-19T11:40:27.984+0800][544.473s][info][gc,phases   ] GC(1143)   Post Evacuate Collection Set: 1.1ms
[2026-03-19T11:40:27.984+0800][544.473s][info][gc,phases   ] GC(1143)   Other: 0.6ms
[2026-03-19T11:40:27.984+0800][544.474s][info][gc,heap     ] GC(1143) Eden regions: 13->0(74)
[2026-03-19T11:40:27.984+0800][544.474s][info][gc,heap     ] GC(1143) Survivor regions: 2->2(10)
[2026-03-19T11:40:27.984+0800][544.474s][info][gc,heap     ] GC(1143) Old regions: 18->18
[2026-03-19T11:40:27.984+0800][544.474s][info][gc,heap     ] GC(1143) Archive regions: 0->0
[2026-03-19T11:40:27.984+0800][544.474s][info][gc,heap     ] GC(1143) Humongous regions: 39->9
[2026-03-19T11:40:27.984+0800][544.474s][info][gc,metaspace] GC(1143) Metaspace: 22913K(23232K)->22913K(23232K) NonClass: 20303K(20480K)->20303K(20480K) Class: 2610K(2752K)->2610K(2752K)
[2026-03-19T11:40:27.984+0800][544.474s][info][gc          ] GC(1143) Pause Young (Concurrent Start) (G1 Humongous Allocation) 70M->27M(128M) 3.957ms
[2026-03-19T11:40:27.985+0800][544.474s][info][gc,cpu      ] GC(1143) User=0.00s Sys=0.00s Real=0.00s
[2026-03-19T11:40:27.985+0800][544.474s][info][gc          ] GC(1144) Concurrent Undo Cycle
[2026-03-19T11:40:27.985+0800][544.474s][info][gc,marking  ] GC(1144) Concurrent Cleanup for Next Mark
[2026-03-19T11:40:27.985+0800][544.475s][info][gc,marking  ] GC(1144) Concurrent Cleanup for Next Mark 0.443ms
[2026-03-19T11:40:27.985+0800][544.475s][info][gc          ] GC(1144) Concurrent Undo Cycle 0.765ms
[2026-03-19T11:40:28.933+0800][545.422s][info][gc,start    ] GC(1145) Pause Young (Concurrent Start) (G1 Humongous Allocation)
[2026-03-19T11:40:28.933+0800][545.422s][info][gc,task     ] GC(1145) Using 3 workers of 13 for evacuation
[2026-03-19T11:40:28.935+0800][545.424s][info][gc,phases   ] GC(1145)   Pre Evacuate Collection Set: 0.2ms
[2026-03-19T11:40:28.935+0800][545.424s][info][gc,phases   ] GC(1145)   Merge Heap Roots: 0.1ms
[2026-03-19T11:40:28.935+0800][545.424s][info][gc,phases   ] GC(1145)   Evacuate Collection Set: 0.9ms
[2026-03-19T11:40:28.935+0800][545.424s][info][gc,phases   ] GC(1145)   Post Evacuate Collection Set: 0.9ms
[2026-03-19T11:40:28.935+0800][545.424s][info][gc,phases   ] GC(1145)   Other: 0.4ms
[2026-03-19T11:40:28.935+0800][545.424s][info][gc,heap     ] GC(1145) Eden regions: 13->0(74)
[2026-03-19T11:40:28.935+0800][545.425s][info][gc,heap     ] GC(1145) Survivor regions: 2->2(10)
[2026-03-19T11:40:28.936+0800][545.425s][info][gc,heap     ] GC(1145) Old regions: 18->18
[2026-03-19T11:40:28.936+0800][545.425s][info][gc,heap     ] GC(1145) Archive regions: 0->0
[2026-03-19T11:40:28.936+0800][545.425s][info][gc,heap     ] GC(1145) Humongous regions: 39->9
[2026-03-19T11:40:28.936+0800][545.425s][info][gc,metaspace] GC(1145) Metaspace: 22913K(23232K)->22913K(23232K) NonClass: 20303K(20480K)->20303K(20480K) Class: 2610K(2752K)->2610K(2752K)
[2026-03-19T11:40:28.936+0800][545.425s][info][gc          ] GC(1145) Pause Young (Concurrent Start) (G1 Humongous Allocation) 70M->27M(128M) 3.249ms
[2026-03-19T11:40:28.936+0800][545.425s][info][gc,cpu      ] GC(1145) User=0.02s Sys=0.02s Real=0.00s
[2026-03-19T11:40:28.936+0800][545.425s][info][gc          ] GC(1146) Concurrent Undo Cycle
[2026-03-19T11:40:28.936+0800][545.425s][info][gc,marking  ] GC(1146) Concurrent Cleanup for Next Mark
[2026-03-19T11:40:28.937+0800][545.426s][info][gc,marking  ] GC(1146) Concurrent Cleanup for Next Mark 0.451ms
[2026-03-19T11:40:28.937+0800][545.426s][info][gc          ] GC(1146) Concurrent Undo Cycle 0.780ms
[2026-03-19T11:40:29.873+0800][546.362s][info][gc,start    ] GC(1147) Pause Young (Concurrent Start) (G1 Humongous Allocation)
[2026-03-19T11:40:29.873+0800][546.362s][info][gc,task     ] GC(1147) Using 3 workers of 13 for evacuation
[2026-03-19T11:40:29.875+0800][546.364s][info][gc,phases   ] GC(1147)   Pre Evacuate Collection Set: 0.2ms
[2026-03-19T11:40:29.875+0800][546.364s][info][gc,phases   ] GC(1147)   Merge Heap Roots: 0.2ms
[2026-03-19T11:40:29.875+0800][546.364s][info][gc,phases   ] GC(1147)   Evacuate Collection Set: 0.9ms
[2026-03-19T11:40:29.876+0800][546.365s][info][gc,phases   ] GC(1147)   Post Evacuate Collection Set: 1.0ms
[2026-03-19T11:40:29.876+0800][546.365s][info][gc,phases   ] GC(1147)   Other: 0.3ms
[2026-03-19T11:40:29.876+0800][546.365s][info][gc,heap     ] GC(1147) Eden regions: 13->0(74)
[2026-03-19T11:40:29.876+0800][546.365s][info][gc,heap     ] GC(1147) Survivor regions: 2->2(10)
[2026-03-19T11:40:29.876+0800][546.365s][info][gc,heap     ] GC(1147) Old regions: 18->18
[2026-03-19T11:40:29.876+0800][546.365s][info][gc,heap     ] GC(1147) Archive regions: 0->0
[2026-03-19T11:40:29.876+0800][546.365s][info][gc,heap     ] GC(1147) Humongous regions: 39->9
[2026-03-19T11:40:29.876+0800][546.365s][info][gc,metaspace] GC(1147) Metaspace: 22913K(23232K)->22913K(23232K) NonClass: 20303K(20480K)->20303K(20480K) Class: 2610K(2752K)->2610K(2752K)
[2026-03-19T11:40:29.876+0800][546.365s][info][gc          ] GC(1147) Pause Young (Concurrent Start) (G1 Humongous Allocation) 70M->27M(128M) 3.425ms
[2026-03-19T11:40:29.876+0800][546.365s][info][gc,cpu      ] GC(1147) User=0.00s Sys=0.00s Real=0.00s
[2026-03-19T11:40:29.876+0800][546.365s][info][gc          ] GC(1148) Concurrent Undo Cycle
[2026-03-19T11:40:29.877+0800][546.365s][info][gc,marking  ] GC(1148) Concurrent Cleanup for Next Mark
[2026-03-19T11:40:29.877+0800][546.366s][info][gc,marking  ] GC(1148) Concurrent Cleanup for Next Mark 0.431ms
[2026-03-19T11:40:29.877+0800][546.366s][info][gc          ] GC(1148) Concurrent Undo Cycle 0.717ms
[2026-03-19T11:40:30.813+0800][547.302s][info][gc,start    ] GC(1149) Pause Young (Concurrent Start) (G1 Humongous Allocation)
[2026-03-19T11:40:30.813+0800][547.302s][info][gc,task     ] GC(1149) Using 3 workers of 13 for evacuation
[2026-03-19T11:40:30.815+0800][547.304s][info][gc,phases   ] GC(1149)   Pre Evacuate Collection Set: 0.2ms
[2026-03-19T11:40:30.815+0800][547.305s][info][gc,phases   ] GC(1149)   Merge Heap Roots: 0.1ms
[2026-03-19T11:40:30.815+0800][547.305s][info][gc,phases   ] GC(1149)   Evacuate Collection Set: 0.8ms
[2026-03-19T11:40:30.815+0800][547.305s][info][gc,phases   ] GC(1149)   Post Evacuate Collection Set: 0.8ms
[2026-03-19T11:40:30.816+0800][547.305s][info][gc,phases   ] GC(1149)   Other: 0.4ms
[2026-03-19T11:40:30.816+0800][547.305s][info][gc,heap     ] GC(1149) Eden regions: 13->0(74)
[2026-03-19T11:40:30.816+0800][547.305s][info][gc,heap     ] GC(1149) Survivor regions: 2->2(10)
[2026-03-19T11:40:30.816+0800][547.305s][info][gc,heap     ] GC(1149) Old regions: 18->18
[2026-03-19T11:40:30.816+0800][547.305s][info][gc,heap     ] GC(1149) Archive regions: 0->0
[2026-03-19T11:40:30.816+0800][547.305s][info][gc,heap     ] GC(1149) Humongous regions: 39->9
[2026-03-19T11:40:30.816+0800][547.305s][info][gc,metaspace] GC(1149) Metaspace: 22913K(23232K)->22913K(23232K) NonClass: 20303K(20480K)->20303K(20480K) Class: 2610K(2752K)->2610K(2752K)
[2026-03-19T11:40:30.816+0800][547.305s][info][gc          ] GC(1149) Pause Young (Concurrent Start) (G1 Humongous Allocation) 70M->27M(128M) 2.753ms
[2026-03-19T11:40:30.816+0800][547.305s][info][gc,cpu      ] GC(1149) User=0.00s Sys=0.00s Real=0.00s
[2026-03-19T11:40:30.816+0800][547.305s][info][gc          ] GC(1150) Concurrent Undo Cycle
[2026-03-19T11:40:30.816+0800][547.305s][info][gc,marking  ] GC(1150) Concurrent Cleanup for Next Mark
[2026-03-19T11:40:30.817+0800][547.306s][info][gc,marking  ] GC(1150) Concurrent Cleanup for Next Mark 0.290ms
[2026-03-19T11:40:30.817+0800][547.306s][info][gc          ] GC(1150) Concurrent Undo Cycle 0.625ms
[2026-03-19T11:40:31.750+0800][548.239s][info][gc,start    ] GC(1151) Pause Young (Concurrent Start) (G1 Humongous Allocation)
[2026-03-19T11:40:31.750+0800][548.240s][info][gc,task     ] GC(1151) Using 3 workers of 13 for evacuation
[2026-03-19T11:40:31.752+0800][548.241s][info][gc,phases   ] GC(1151)   Pre Evacuate Collection Set: 0.1ms
[2026-03-19T11:40:31.752+0800][548.242s][info][gc,phases   ] GC(1151)   Merge Heap Roots: 0.1ms
[2026-03-19T11:40:31.752+0800][548.242s][info][gc,phases   ] GC(1151)   Evacuate Collection Set: 0.7ms
[2026-03-19T11:40:31.752+0800][548.242s][info][gc,phases   ] GC(1151)   Post Evacuate Collection Set: 0.7ms
[2026-03-19T11:40:31.752+0800][548.242s][info][gc,phases   ] GC(1151)   Other: 0.4ms
[2026-03-19T11:40:31.752+0800][548.242s][info][gc,heap     ] GC(1151) Eden regions: 13->0(74)
[2026-03-19T11:40:31.752+0800][548.242s][info][gc,heap     ] GC(1151) Survivor regions: 2->2(10)
[2026-03-19T11:40:31.752+0800][548.242s][info][gc,heap     ] GC(1151) Old regions: 18->18
[2026-03-19T11:40:31.752+0800][548.242s][info][gc,heap     ] GC(1151) Archive regions: 0->0
[2026-03-19T11:40:31.752+0800][548.242s][info][gc,heap     ] GC(1151) Humongous regions: 39->9
[2026-03-19T11:40:31.752+0800][548.242s][info][gc,metaspace] GC(1151) Metaspace: 22913K(23232K)->22913K(23232K) NonClass: 20303K(20480K)->20303K(20480K) Class: 2610K(2752K)->2610K(2752K)
[2026-03-19T11:40:31.753+0800][548.242s][info][gc          ] GC(1151) Pause Young (Concurrent Start) (G1 Humongous Allocation) 70M->27M(128M) 2.769ms
[2026-03-19T11:40:31.753+0800][548.242s][info][gc,cpu      ] GC(1151) User=0.00s Sys=0.00s Real=0.00s
[2026-03-19T11:40:31.753+0800][548.242s][info][gc          ] GC(1152) Concurrent Undo Cycle
[2026-03-19T11:40:31.753+0800][548.242s][info][gc,marking  ] GC(1152) Concurrent Cleanup for Next Mark
[2026-03-19T11:40:31.753+0800][548.243s][info][gc,marking  ] GC(1152) Concurrent Cleanup for Next Mark 0.432ms
[2026-03-19T11:40:31.753+0800][548.243s][info][gc          ] GC(1152) Concurrent Undo Cycle 0.639ms
[2026-03-19T11:40:32.688+0800][549.178s][info][gc,start    ] GC(1153) Pause Young (Concurrent Start) (G1 Humongous Allocation)
[2026-03-19T11:40:32.688+0800][549.178s][info][gc,task     ] GC(1153) Using 3 workers of 13 for evacuation
[2026-03-19T11:40:32.692+0800][549.181s][info][gc,phases   ] GC(1153)   Pre Evacuate Collection Set: 0.3ms
[2026-03-19T11:40:32.692+0800][549.181s][info][gc,phases   ] GC(1153)   Merge Heap Roots: 0.2ms
[2026-03-19T11:40:32.692+0800][549.181s][info][gc,phases   ] GC(1153)   Evacuate Collection Set: 1.0ms
[2026-03-19T11:40:32.692+0800][549.181s][info][gc,phases   ] GC(1153)   Post Evacuate Collection Set: 0.9ms
[2026-03-19T11:40:32.692+0800][549.181s][info][gc,phases   ] GC(1153)   Other: 0.4ms
[2026-03-19T11:40:32.692+0800][549.181s][info][gc,heap     ] GC(1153) Eden regions: 13->0(74)
[2026-03-19T11:40:32.692+0800][549.181s][info][gc,heap     ] GC(1153) Survivor regions: 2->2(10)
[2026-03-19T11:40:32.692+0800][549.181s][info][gc,heap     ] GC(1153) Old regions: 18->18
[2026-03-19T11:40:32.692+0800][549.182s][info][gc,heap     ] GC(1153) Archive regions: 0->0
[2026-03-19T11:40:32.692+0800][549.182s][info][gc,heap     ] GC(1153) Humongous regions: 39->9
[2026-03-19T11:40:32.693+0800][549.182s][info][gc,metaspace] GC(1153) Metaspace: 22913K(23232K)->22913K(23232K) NonClass: 20303K(20480K)->20303K(20480K) Class: 2610K(2752K)->2610K(2752K)
[2026-03-19T11:40:32.693+0800][549.182s][info][gc          ] GC(1153) Pause Young (Concurrent Start) (G1 Humongous Allocation) 70M->27M(128M) 3.649ms
[2026-03-19T11:40:32.693+0800][549.182s][info][gc,cpu      ] GC(1153) User=0.00s Sys=0.00s Real=0.01s
[2026-03-19T11:40:32.693+0800][549.182s][info][gc          ] GC(1154) Concurrent Undo Cycle
[2026-03-19T11:40:32.693+0800][549.182s][info][gc,marking  ] GC(1154) Concurrent Cleanup for Next Mark
[2026-03-19T11:40:32.694+0800][549.183s][info][gc,marking  ] GC(1154) Concurrent Cleanup for Next Mark 0.481ms
[2026-03-19T11:40:32.694+0800][549.183s][info][gc          ] GC(1154) Concurrent Undo Cycle 0.974ms
[2026-03-19T11:40:33.627+0800][550.116s][info][gc,start    ] GC(1155) Pause Young (Concurrent Start) (G1 Humongous Allocation)
[2026-03-19T11:40:33.627+0800][550.116s][info][gc,task     ] GC(1155) Using 3 workers of 13 for evacuation
[2026-03-19T11:40:33.628+0800][550.119s][info][gc,phases   ] GC(1155)   Pre Evacuate Collection Set: 0.2ms
[2026-03-19T11:40:33.630+0800][550.119s][info][gc,phases   ] GC(1155)   Merge Heap Roots: 0.2ms
[2026-03-19T11:40:33.630+0800][550.119s][info][gc,phases   ] GC(1155)   Evacuate Collection Set: 0.8ms
[2026-03-19T11:40:33.630+0800][550.119s][info][gc,phases   ] GC(1155)   Post Evacuate Collection Set: 0.8ms
[2026-03-19T11:40:33.630+0800][550.119s][info][gc,phases   ] GC(1155)   Other: 0.5ms
[2026-03-19T11:40:33.630+0800][550.119s][info][gc,heap     ] GC(1155) Eden regions: 13->0(74)
[2026-03-19T11:40:33.630+0800][550.119s][info][gc,heap     ] GC(1155) Survivor regions: 2->2(10)
[2026-03-19T11:40:33.630+0800][550.119s][info][gc,heap     ] GC(1155) Old regions: 18->18
[2026-03-19T11:40:33.630+0800][550.119s][info][gc,heap     ] GC(1155) Archive regions: 0->0
[2026-03-19T11:40:33.630+0800][550.120s][info][gc,heap     ] GC(1155) Humongous regions: 39->9
[2026-03-19T11:40:33.630+0800][550.120s][info][gc,metaspace] GC(1155) Metaspace: 22913K(23232K)->22913K(23232K) NonClass: 20303K(20480K)->20303K(20480K) Class: 2610K(2752K)->2610K(2752K)
[2026-03-19T11:40:33.630+0800][550.120s][info][gc          ] GC(1155) Pause Young (Concurrent Start) (G1 Humongous Allocation) 70M->27M(128M) 3.475ms
[2026-03-19T11:40:33.630+0800][550.120s][info][gc,cpu      ] GC(1155) User=0.00s Sys=0.00s Real=0.00s
[2026-03-19T11:40:33.630+0800][550.120s][info][gc          ] GC(1156) Concurrent Undo Cycle
[2026-03-19T11:40:33.631+0800][550.120s][info][gc,marking  ] GC(1156) Concurrent Cleanup for Next Mark
[2026-03-19T11:40:33.631+0800][550.121s][info][gc,marking  ] GC(1156) Concurrent Cleanup for Next Mark 0.463ms
[2026-03-19T11:40:33.631+0800][550.121s][info][gc          ] GC(1156) Concurrent Undo Cycle 0.872ms
[2026-03-19T11:40:34.561+0800][551.050s][info][gc,start    ] GC(1157) Pause Young (Concurrent Start) (G1 Humongous Allocation)
[2026-03-19T11:40:34.561+0800][551.050s][info][gc,task     ] GC(1157) Using 3 workers of 13 for evacuation
[2026-03-19T11:40:34.562+0800][551.052s][info][gc,phases   ] GC(1157)   Pre Evacuate Collection Set: 0.1ms
[2026-03-19T11:40:34.562+0800][551.052s][info][gc,phases   ] GC(1157)   Merge Heap Roots: 0.1ms
[2026-03-19T11:40:34.562+0800][551.052s][info][gc,phases   ] GC(1157)   Evacuate Collection Set: 0.6ms
[2026-03-19T11:40:34.562+0800][551.052s][info][gc,phases   ] GC(1157)   Post Evacuate Collection Set: 0.6ms
[2026-03-19T11:40:34.562+0800][551.052s][info][gc,phases   ] GC(1157)   Other: 0.3ms
[2026-03-19T11:40:34.562+0800][551.052s][info][gc,heap     ] GC(1157) Eden regions: 13->0(74)
[2026-03-19T11:40:34.562+0800][551.052s][info][gc,heap     ] GC(1157) Survivor regions: 2->2(10)
[2026-03-19T11:40:34.562+0800][551.052s][info][gc,heap     ] GC(1157) Old regions: 18->18
[2026-03-19T11:40:34.562+0800][551.052s][info][gc,heap     ] GC(1157) Archive regions: 0->0
[2026-03-19T11:40:34.562+0800][551.052s][info][gc,heap     ] GC(1157) Humongous regions: 39->9
[2026-03-19T11:40:34.562+0800][551.052s][info][gc,metaspace] GC(1157) Metaspace: 22913K(23232K)->22913K(23232K) NonClass: 20303K(20480K)->20303K(20480K) Class: 2610K(2752K)->2610K(2752K)
[2026-03-19T11:40:34.562+0800][551.052s][info][gc          ] GC(1157) Pause Young (Concurrent Start) (G1 Humongous Allocation) 70M->27M(128M) 1.861ms
[2026-03-19T11:40:34.562+0800][551.052s][info][gc,cpu      ] GC(1157) User=0.00s Sys=0.00s Real=0.00s
[2026-03-19T11:40:34.562+0800][551.052s][info][gc          ] GC(1158) Concurrent Undo Cycle
[2026-03-19T11:40:34.562+0800][551.052s][info][gc,marking  ] GC(1158) Concurrent Cleanup for Next Mark
[2026-03-19T11:40:34.563+0800][551.053s][info][gc,marking  ] GC(1158) Concurrent Cleanup for Next Mark 0.247ms
[2026-03-19T11:40:34.563+0800][551.053s][info][gc          ] GC(1158) Concurrent Undo Cycle 0.344ms
[2026-03-19T11:40:35.501+0800][551.991s][info][gc,start    ] GC(1159) Pause Young (Concurrent Start) (G1 Humongous Allocation)
[2026-03-19T11:40:35.502+0800][551.991s][info][gc,task     ] GC(1159) Using 3 workers of 13 for evacuation
[2026-03-19T11:40:35.504+0800][551.993s][info][gc,phases   ] GC(1159)   Pre Evacuate Collection Set: 0.3ms
[2026-03-19T11:40:35.504+0800][551.993s][info][gc,phases   ] GC(1159)   Merge Heap Roots: 0.2ms
[2026-03-19T11:40:35.504+0800][551.993s][info][gc,phases   ] GC(1159)   Evacuate Collection Set: 0.8ms
[2026-03-19T11:40:35.504+0800][551.994s][info][gc,phases   ] GC(1159)   Post Evacuate Collection Set: 0.8ms
[2026-03-19T11:40:35.504+0800][551.994s][info][gc,phases   ] GC(1159)   Other: 0.6ms
[2026-03-19T11:40:35.505+0800][551.994s][info][gc,heap     ] GC(1159) Eden regions: 12->0(74)
[2026-03-19T11:40:35.505+0800][551.994s][info][gc,heap     ] GC(1159) Survivor regions: 2->2(10)
[2026-03-19T11:40:35.505+0800][551.994s][info][gc,heap     ] GC(1159) Old regions: 18->18
[2026-03-19T11:40:35.505+0800][551.994s][info][gc,heap     ] GC(1159) Archive regions: 0->0
[2026-03-19T11:40:35.505+0800][551.994s][info][gc,heap     ] GC(1159) Humongous regions: 39->9
[2026-03-19T11:40:35.505+0800][551.994s][info][gc,metaspace] GC(1159) Metaspace: 22913K(23232K)->22913K(23232K) NonClass: 20303K(20480K)->20303K(20480K) Class: 2610K(2752K)->2610K(2752K)
[2026-03-19T11:40:35.505+0800][551.994s][info][gc          ] GC(1159) Pause Young (Concurrent Start) (G1 Humongous Allocation) 69M->27M(128M) 3.527ms
[2026-03-19T11:40:35.505+0800][551.994s][info][gc,cpu      ] GC(1159) User=0.00s Sys=0.00s Real=0.00s
[2026-03-19T11:40:35.505+0800][551.994s][info][gc          ] GC(1160) Concurrent Undo Cycle
[2026-03-19T11:40:35.506+0800][551.995s][info][gc,marking  ] GC(1160) Concurrent Cleanup for Next Mark
[2026-03-19T11:40:35.506+0800][551.995s][info][gc,marking  ] GC(1160) Concurrent Cleanup for Next Mark 0.426ms
[2026-03-19T11:40:35.506+0800][551.995s][info][gc          ] GC(1160) Concurrent Undo Cycle 0.880ms
[2026-03-19T11:40:36.435+0800][552.924s][info][gc,start    ] GC(1161) Pause Young (Concurrent Start) (G1 Humongous Allocation)
[2026-03-19T11:40:36.435+0800][552.925s][info][gc,task     ] GC(1161) Using 3 workers of 13 for evacuation
[2026-03-19T11:40:36.438+0800][552.927s][info][gc,phases   ] GC(1161)   Pre Evacuate Collection Set: 0.3ms
[2026-03-19T11:40:36.438+0800][552.927s][info][gc,phases   ] GC(1161)   Merge Heap Roots: 0.2ms
[2026-03-19T11:40:36.438+0800][552.927s][info][gc,phases   ] GC(1161)   Evacuate Collection Set: 0.8ms
[2026-03-19T11:40:36.438+0800][552.927s][info][gc,phases   ] GC(1161)   Post Evacuate Collection Set: 0.9ms
[2026-03-19T11:40:36.438+0800][552.927s][info][gc,phases   ] GC(1161)   Other: 0.7ms
[2026-03-19T11:40:36.438+0800][552.927s][info][gc,heap     ] GC(1161) Eden regions: 12->0(74)
[2026-03-19T11:40:36.438+0800][552.927s][info][gc,heap     ] GC(1161) Survivor regions: 2->2(10)
[2026-03-19T11:40:36.438+0800][552.927s][info][gc,heap     ] GC(1161) Old regions: 18->18
[2026-03-19T11:40:36.438+0800][552.928s][info][gc,heap     ] GC(1161) Archive regions: 0->0
[2026-03-19T11:40:36.439+0800][552.928s][info][gc,heap     ] GC(1161) Humongous regions: 39->9
[2026-03-19T11:40:36.439+0800][552.928s][info][gc,metaspace] GC(1161) Metaspace: 22913K(23232K)->22913K(23232K) NonClass: 20303K(20480K)->20303K(20480K) Class: 2610K(2752K)->2610K(2752K)
[2026-03-19T11:40:36.439+0800][552.928s][info][gc          ] GC(1161) Pause Young (Concurrent Start) (G1 Humongous Allocation) 69M->27M(128M) 3.469ms
[2026-03-19T11:40:36.439+0800][552.928s][info][gc,cpu      ] GC(1161) User=0.00s Sys=0.00s Real=0.00s
[2026-03-19T11:40:36.439+0800][552.928s][info][gc          ] GC(1162) Concurrent Undo Cycle
[2026-03-19T11:40:36.439+0800][552.928s][info][gc,marking  ] GC(1162) Concurrent Cleanup for Next Mark
[2026-03-19T11:40:36.439+0800][552.928s][info][gc,marking  ] GC(1162) Concurrent Cleanup for Next Mark 0.394ms
[2026-03-19T11:40:36.439+0800][552.928s][info][gc          ] GC(1162) Concurrent Undo Cycle 0.716ms
[2026-03-19T11:40:37.371+0800][553.861s][info][gc,start    ] GC(1163) Pause Young (Concurrent Start) (G1 Humongous Allocation)
[2026-03-19T11:40:37.371+0800][553.861s][info][gc,task     ] GC(1163) Using 3 workers of 13 for evacuation
[2026-03-19T11:40:37.373+0800][553.862s][info][gc,phases   ] GC(1163)   Pre Evacuate Collection Set: 0.1ms
[2026-03-19T11:40:37.373+0800][553.863s][info][gc,phases   ] GC(1163)   Merge Heap Roots: 0.1ms
[2026-03-19T11:40:37.373+0800][553.863s][info][gc,phases   ] GC(1163)   Evacuate Collection Set: 0.6ms
[2026-03-19T11:40:37.373+0800][553.863s][info][gc,phases   ] GC(1163)   Post Evacuate Collection Set: 0.6ms
[2026-03-19T11:40:37.373+0800][553.863s][info][gc,phases   ] GC(1163)   Other: 0.3ms
[2026-03-19T11:40:37.373+0800][553.863s][info][gc,heap     ] GC(1163) Eden regions: 12->0(74)
[2026-03-19T11:40:37.373+0800][553.863s][info][gc,heap     ] GC(1163) Survivor regions: 2->2(10)
[2026-03-19T11:40:37.373+0800][553.863s][info][gc,heap     ] GC(1163) Old regions: 18->18
[2026-03-19T11:40:37.373+0800][553.863s][info][gc,heap     ] GC(1163) Archive regions: 0->0
[2026-03-19T11:40:37.373+0800][553.863s][info][gc,heap     ] GC(1163) Humongous regions: 39->9
[2026-03-19T11:40:37.373+0800][553.863s][info][gc,metaspace] GC(1163) Metaspace: 22913K(23232K)->22913K(23232K) NonClass: 20303K(20480K)->20303K(20480K) Class: 2610K(2752K)->2610K(2752K)
[2026-03-19T11:40:37.373+0800][553.863s][info][gc          ] GC(1163) Pause Young (Concurrent Start) (G1 Humongous Allocation) 69M->27M(128M) 2.324ms
[2026-03-19T11:40:37.374+0800][553.863s][info][gc,cpu      ] GC(1163) User=0.00s Sys=0.00s Real=0.00s
[2026-03-19T11:40:37.374+0800][553.863s][info][gc          ] GC(1164) Concurrent Undo Cycle
[2026-03-19T11:40:37.374+0800][553.863s][info][gc,marking  ] GC(1164) Concurrent Cleanup for Next Mark
[2026-03-19T11:40:37.374+0800][553.864s][info][gc,marking  ] GC(1164) Concurrent Cleanup for Next Mark 0.246ms
[2026-03-19T11:40:37.374+0800][553.864s][info][gc          ] GC(1164) Concurrent Undo Cycle 0.445ms
[2026-03-19T11:40:38.307+0800][554.797s][info][gc,start    ] GC(1165) Pause Young (Concurrent Start) (G1 Humongous Allocation)
[2026-03-19T11:40:38.307+0800][554.797s][info][gc,task     ] GC(1165) Using 3 workers of 13 for evacuation
[2026-03-19T11:40:38.310+0800][554.800s][info][gc,phases   ] GC(1165)   Pre Evacuate Collection Set: 0.2ms
[2026-03-19T11:40:38.311+0800][554.800s][info][gc,phases   ] GC(1165)   Merge Heap Roots: 0.3ms
[2026-03-19T11:40:38.311+0800][554.800s][info][gc,phases   ] GC(1165)   Evacuate Collection Set: 0.7ms
[2026-03-19T11:40:38.311+0800][554.800s][info][gc,phases   ] GC(1165)   Post Evacuate Collection Set: 0.9ms
[2026-03-19T11:40:38.311+0800][554.800s][info][gc,phases   ] GC(1165)   Other: 0.6ms
[2026-03-19T11:40:38.311+0800][554.800s][info][gc,heap     ] GC(1165) Eden regions: 13->0(74)
[2026-03-19T11:40:38.311+0800][554.800s][info][gc,heap     ] GC(1165) Survivor regions: 2->2(10)
[2026-03-19T11:40:38.311+0800][554.800s][info][gc,heap     ] GC(1165) Old regions: 18->18
[2026-03-19T11:40:38.311+0800][554.800s][info][gc,heap     ] GC(1165) Archive regions: 0->0
[2026-03-19T11:40:38.311+0800][554.800s][info][gc,heap     ] GC(1165) Humongous regions: 39->9
[2026-03-19T11:40:38.311+0800][554.801s][info][gc,metaspace] GC(1165) Metaspace: 22913K(23232K)->22913K(23232K) NonClass: 20303K(20480K)->20303K(20480K) Class: 2610K(2752K)->2610K(2752K)
[2026-03-19T11:40:38.311+0800][554.801s][info][gc          ] GC(1165) Pause Young (Concurrent Start) (G1 Humongous Allocation) 70M->27M(128M) 3.514ms
[2026-03-19T11:40:38.311+0800][554.801s][info][gc,cpu      ] GC(1165) User=0.00s Sys=0.00s Real=0.00s
[2026-03-19T11:40:38.312+0800][554.801s][info][gc          ] GC(1166) Concurrent Undo Cycle
[2026-03-19T11:40:38.312+0800][554.801s][info][gc,marking  ] GC(1166) Concurrent Cleanup for Next Mark
[2026-03-19T11:40:38.312+0800][554.802s][info][gc,marking  ] GC(1166) Concurrent Cleanup for Next Mark 0.474ms
[2026-03-19T11:40:38.312+0800][554.802s][info][gc          ] GC(1166) Concurrent Undo Cycle 0.810ms
[2026-03-19T11:40:39.242+0800][555.732s][info][gc,start    ] GC(1167) Pause Young (Concurrent Start) (G1 Humongous Allocation)
[2026-03-19T11:40:39.243+0800][555.732s][info][gc,task     ] GC(1167) Using 3 workers of 13 for evacuation
[2026-03-19T11:40:39.245+0800][555.734s][info][gc,phases   ] GC(1167)   Pre Evacuate Collection Set: 0.2ms
[2026-03-19T11:40:39.245+0800][555.734s][info][gc,phases   ] GC(1167)   Merge Heap Roots: 0.2ms
[2026-03-19T11:40:39.245+0800][555.734s][info][gc,phases   ] GC(1167)   Evacuate Collection Set: 0.8ms
[2026-03-19T11:40:39.245+0800][555.734s][info][gc,phases   ] GC(1167)   Post Evacuate Collection Set: 0.9ms
[2026-03-19T11:40:39.245+0800][555.734s][info][gc,phases   ] GC(1167)   Other: 0.5ms
[2026-03-19T11:40:39.245+0800][555.734s][info][gc,heap     ] GC(1167) Eden regions: 13->0(74)
[2026-03-19T11:40:39.245+0800][555.735s][info][gc,heap     ] GC(1167) Survivor regions: 2->2(10)
[2026-03-19T11:40:39.245+0800][555.735s][info][gc,heap     ] GC(1167) Old regions: 18->18
[2026-03-19T11:40:39.245+0800][555.735s][info][gc,heap     ] GC(1167) Archive regions: 0->0
[2026-03-19T11:40:39.245+0800][555.735s][info][gc,heap     ] GC(1167) Humongous regions: 39->9
[2026-03-19T11:40:39.245+0800][555.735s][info][gc,metaspace] GC(1167) Metaspace: 22913K(23232K)->22913K(23232K) NonClass: 20303K(20480K)->20303K(20480K) Class: 2610K(2752K)->2610K(2752K)
[2026-03-19T11:40:39.245+0800][555.735s][info][gc          ] GC(1167) Pause Young (Concurrent Start) (G1 Humongous Allocation) 70M->27M(128M) 3.074ms
[2026-03-19T11:40:39.245+0800][555.735s][info][gc,cpu      ] GC(1167) User=0.00s Sys=0.00s Real=0.00s
[2026-03-19T11:40:39.245+0800][555.735s][info][gc          ] GC(1168) Concurrent Undo Cycle
[2026-03-19T11:40:39.245+0800][555.735s][info][gc,marking  ] GC(1168) Concurrent Cleanup for Next Mark
[2026-03-19T11:40:39.246+0800][555.735s][info][gc,marking  ] GC(1168) Concurrent Cleanup for Next Mark 0.326ms
[2026-03-19T11:40:39.246+0800][555.735s][info][gc          ] GC(1168) Concurrent Undo Cycle 0.541ms
[2026-03-19T11:40:40.177+0800][556.666s][info][gc,start    ] GC(1169) Pause Young (Concurrent Start) (G1 Humongous Allocation)
[2026-03-19T11:40:40.177+0800][556.666s][info][gc,task     ] GC(1169) Using 3 workers of 13 for evacuation
[2026-03-19T11:40:40.179+0800][556.668s][info][gc,phases   ] GC(1169)   Pre Evacuate Collection Set: 0.2ms
[2026-03-19T11:40:40.179+0800][556.668s][info][gc,phases   ] GC(1169)   Merge Heap Roots: 0.2ms
[2026-03-19T11:40:40.179+0800][556.668s][info][gc,phases   ] GC(1169)   Evacuate Collection Set: 0.5ms
[2026-03-19T11:40:40.179+0800][556.668s][info][gc,phases   ] GC(1169)   Post Evacuate Collection Set: 0.8ms
[2026-03-19T11:40:40.179+0800][556.669s][info][gc,phases   ] GC(1169)   Other: 0.3ms
[2026-03-19T11:40:40.179+0800][556.669s][info][gc,heap     ] GC(1169) Eden regions: 13->0(74)
[2026-03-19T11:40:40.179+0800][556.669s][info][gc,heap     ] GC(1169) Survivor regions: 2->2(10)
[2026-03-19T11:40:40.180+0800][556.669s][info][gc,heap     ] GC(1169) Old regions: 18->18
[2026-03-19T11:40:40.180+0800][556.669s][info][gc,heap     ] GC(1169) Archive regions: 0->0
[2026-03-19T11:40:40.180+0800][556.669s][info][gc,heap     ] GC(1169) Humongous regions: 39->9
[2026-03-19T11:40:40.180+0800][556.669s][info][gc,metaspace] GC(1169) Metaspace: 22913K(23232K)->22913K(23232K) NonClass: 20303K(20480K)->20303K(20480K) Class: 2610K(2752K)->2610K(2752K)
[2026-03-19T11:40:40.180+0800][556.669s][info][gc          ] GC(1169) Pause Young (Concurrent Start) (G1 Humongous Allocation) 70M->27M(128M) 2.740ms
[2026-03-19T11:40:40.180+0800][556.669s][info][gc,cpu      ] GC(1169) User=0.00s Sys=0.00s Real=0.00s
[2026-03-19T11:40:40.180+0800][556.669s][info][gc          ] GC(1170) Concurrent Undo Cycle
[2026-03-19T11:40:40.180+0800][556.669s][info][gc,marking  ] GC(1170) Concurrent Cleanup for Next Mark
[2026-03-19T11:40:40.181+0800][556.670s][info][gc,marking  ] GC(1170) Concurrent Cleanup for Next Mark 0.464ms
[2026-03-19T11:40:40.181+0800][556.670s][info][gc          ] GC(1170) Concurrent Undo Cycle 0.820ms
[2026-03-19T11:40:41.112+0800][557.602s][info][gc,start    ] GC(1171) Pause Young (Concurrent Start) (G1 Humongous Allocation)
[2026-03-19T11:40:41.112+0800][557.602s][info][gc,task     ] GC(1171) Using 3 workers of 13 for evacuation
[2026-03-19T11:40:41.115+0800][557.604s][info][gc,phases   ] GC(1171)   Pre Evacuate Collection Set: 0.2ms
[2026-03-19T11:40:41.115+0800][557.605s][info][gc,phases   ] GC(1171)   Merge Heap Roots: 0.2ms
[2026-03-19T11:40:41.115+0800][557.605s][info][gc,phases   ] GC(1171)   Evacuate Collection Set: 0.8ms
[2026-03-19T11:40:41.115+0800][557.605s][info][gc,phases   ] GC(1171)   Post Evacuate Collection Set: 1.0ms
[2026-03-19T11:40:41.115+0800][557.605s][info][gc,phases   ] GC(1171)   Other: 0.4ms
[2026-03-19T11:40:41.115+0800][557.605s][info][gc,heap     ] GC(1171) Eden regions: 12->0(74)
[2026-03-19T11:40:41.115+0800][557.605s][info][gc,heap     ] GC(1171) Survivor regions: 2->2(10)
[2026-03-19T11:40:41.115+0800][557.605s][info][gc,heap     ] GC(1171) Old regions: 18->18
[2026-03-19T11:40:41.115+0800][557.605s][info][gc,heap     ] GC(1171) Archive regions: 0->0
[2026-03-19T11:40:41.115+0800][557.605s][info][gc,heap     ] GC(1171) Humongous regions: 39->9
[2026-03-19T11:40:41.116+0800][557.605s][info][gc,metaspace] GC(1171) Metaspace: 22913K(23232K)->22913K(23232K) NonClass: 20303K(20480K)->20303K(20480K) Class: 2610K(2752K)->2610K(2752K)
[2026-03-19T11:40:41.116+0800][557.605s][info][gc          ] GC(1171) Pause Young (Concurrent Start) (G1 Humongous Allocation) 69M->27M(128M) 3.411ms
[2026-03-19T11:40:41.116+0800][557.605s][info][gc,cpu      ] GC(1171) User=0.00s Sys=0.00s Real=0.00s
[2026-03-19T11:40:41.116+0800][557.605s][info][gc          ] GC(1172) Concurrent Undo Cycle
[2026-03-19T11:40:41.116+0800][557.605s][info][gc,marking  ] GC(1172) Concurrent Cleanup for Next Mark
[2026-03-19T11:40:41.117+0800][557.606s][info][gc,marking  ] GC(1172) Concurrent Cleanup for Next Mark 0.460ms
[2026-03-19T11:40:41.117+0800][557.606s][info][gc          ] GC(1172) Concurrent Undo Cycle 0.749ms
[2026-03-19T11:40:42.045+0800][558.534s][info][gc,start    ] GC(1173) Pause Young (Concurrent Start) (G1 Humongous Allocation)
[2026-03-19T11:40:42.045+0800][558.534s][info][gc,task     ] GC(1173) Using 3 workers of 13 for evacuation
[2026-03-19T11:40:42.047+0800][558.537s][info][gc,phases   ] GC(1173)   Pre Evacuate Collection Set: 0.1ms
[2026-03-19T11:40:42.047+0800][558.537s][info][gc,phases   ] GC(1173)   Merge Heap Roots: 0.3ms
[2026-03-19T11:40:42.047+0800][558.537s][info][gc,phases   ] GC(1173)   Evacuate Collection Set: 1.3ms
[2026-03-19T11:40:42.047+0800][558.537s][info][gc,phases   ] GC(1173)   Post Evacuate Collection Set: 0.8ms
[2026-03-19T11:40:42.047+0800][558.537s][info][gc,phases   ] GC(1173)   Other: 0.5ms
[2026-03-19T11:40:42.047+0800][558.537s][info][gc,heap     ] GC(1173) Eden regions: 13->0(74)
[2026-03-19T11:40:42.047+0800][558.537s][info][gc,heap     ] GC(1173) Survivor regions: 2->2(10)
[2026-03-19T11:40:42.047+0800][558.537s][info][gc,heap     ] GC(1173) Old regions: 18->18
[2026-03-19T11:40:42.047+0800][558.537s][info][gc,heap     ] GC(1173) Archive regions: 0->0
[2026-03-19T11:40:42.047+0800][558.537s][info][gc,heap     ] GC(1173) Humongous regions: 39->9
[2026-03-19T11:40:42.047+0800][558.537s][info][gc,metaspace] GC(1173) Metaspace: 22913K(23232K)->22913K(23232K) NonClass: 20303K(20480K)->20303K(20480K) Class: 2610K(2752K)->2610K(2752K)
[2026-03-19T11:40:42.047+0800][558.538s][info][gc          ] GC(1173) Pause Young (Concurrent Start) (G1 Humongous Allocation) 70M->27M(128M) 3.465ms
[2026-03-19T11:40:42.047+0800][558.538s][info][gc,cpu      ] GC(1173) User=0.00s Sys=0.00s Real=0.00s
[2026-03-19T11:40:42.049+0800][558.538s][info][gc          ] GC(1174) Concurrent Undo Cycle
[2026-03-19T11:40:42.049+0800][558.538s][info][gc,marking  ] GC(1174) Concurrent Cleanup for Next Mark
[2026-03-19T11:40:42.049+0800][558.538s][info][gc,marking  ] GC(1174) Concurrent Cleanup for Next Mark 0.429ms
[2026-03-19T11:40:42.049+0800][558.538s][info][gc          ] GC(1174) Concurrent Undo Cycle 0.744ms
[2026-03-19T11:40:42.982+0800][559.471s][info][gc,start    ] GC(1175) Pause Young (Concurrent Start) (G1 Humongous Allocation)
[2026-03-19T11:40:42.982+0800][559.471s][info][gc,task     ] GC(1175) Using 3 workers of 13 for evacuation
[2026-03-19T11:40:42.985+0800][559.474s][info][gc,phases   ] GC(1175)   Pre Evacuate Collection Set: 0.2ms
[2026-03-19T11:40:42.985+0800][559.474s][info][gc,phases   ] GC(1175)   Merge Heap Roots: 0.2ms
[2026-03-19T11:40:42.985+0800][559.474s][info][gc,phases   ] GC(1175)   Evacuate Collection Set: 0.9ms
[2026-03-19T11:40:42.985+0800][559.474s][info][gc,phases   ] GC(1175)   Post Evacuate Collection Set: 1.2ms
[2026-03-19T11:40:42.985+0800][559.474s][info][gc,phases   ] GC(1175)   Other: 0.6ms
[2026-03-19T11:40:42.985+0800][559.474s][info][gc,heap     ] GC(1175) Eden regions: 13->0(74)
[2026-03-19T11:40:42.985+0800][559.474s][info][gc,heap     ] GC(1175) Survivor regions: 2->2(10)
[2026-03-19T11:40:42.985+0800][559.474s][info][gc,heap     ] GC(1175) Old regions: 18->18
[2026-03-19T11:40:42.985+0800][559.475s][info][gc,heap     ] GC(1175) Archive regions: 0->0
[2026-03-19T11:40:42.985+0800][559.475s][info][gc,heap     ] GC(1175) Humongous regions: 39->9
[2026-03-19T11:40:42.986+0800][559.475s][info][gc,metaspace] GC(1175) Metaspace: 22913K(23232K)->22913K(23232K) NonClass: 20303K(20480K)->20303K(20480K) Class: 2610K(2752K)->2610K(2752K)
[2026-03-19T11:40:42.986+0800][559.475s][info][gc          ] GC(1175) Pause Young (Concurrent Start) (G1 Humongous Allocation) 70M->27M(128M) 3.975ms
[2026-03-19T11:40:42.986+0800][559.475s][info][gc,cpu      ] GC(1175) User=0.00s Sys=0.00s Real=0.00s
[2026-03-19T11:40:42.986+0800][559.475s][info][gc          ] GC(1176) Concurrent Undo Cycle
[2026-03-19T11:40:42.986+0800][559.475s][info][gc,marking  ] GC(1176) Concurrent Cleanup for Next Mark
[2026-03-19T11:40:42.987+0800][559.476s][info][gc,marking  ] GC(1176) Concurrent Cleanup for Next Mark 0.617ms
[2026-03-19T11:40:42.987+0800][559.476s][info][gc          ] GC(1176) Concurrent Undo Cycle 1.095ms
[2026-03-19T11:40:43.928+0800][560.418s][info][gc,start    ] GC(1177) Pause Young (Concurrent Start) (G1 Humongous Allocation)
[2026-03-19T11:40:43.928+0800][560.418s][info][gc,task     ] GC(1177) Using 3 workers of 13 for evacuation
[2026-03-19T11:40:43.930+0800][560.420s][info][gc,phases   ] GC(1177)   Pre Evacuate Collection Set: 0.2ms
[2026-03-19T11:40:43.930+0800][560.420s][info][gc,phases   ] GC(1177)   Merge Heap Roots: 0.2ms
[2026-03-19T11:40:43.930+0800][560.420s][info][gc,phases   ] GC(1177)   Evacuate Collection Set: 0.7ms
[2026-03-19T11:40:43.931+0800][560.420s][info][gc,phases   ] GC(1177)   Post Evacuate Collection Set: 0.8ms
[2026-03-19T11:40:43.931+0800][560.420s][info][gc,phases   ] GC(1177)   Other: 0.3ms
[2026-03-19T11:40:43.931+0800][560.420s][info][gc,heap     ] GC(1177) Eden regions: 13->0(74)
[2026-03-19T11:40:43.931+0800][560.420s][info][gc,heap     ] GC(1177) Survivor regions: 2->2(10)
[2026-03-19T11:40:43.931+0800][560.420s][info][gc,heap     ] GC(1177) Old regions: 18->18
[2026-03-19T11:40:43.931+0800][560.420s][info][gc,heap     ] GC(1177) Archive regions: 0->0
[2026-03-19T11:40:43.931+0800][560.420s][info][gc,heap     ] GC(1177) Humongous regions: 39->9
[2026-03-19T11:40:43.931+0800][560.420s][info][gc,metaspace] GC(1177) Metaspace: 22913K(23232K)->22913K(23232K) NonClass: 20303K(20480K)->20303K(20480K) Class: 2610K(2752K)->2610K(2752K)
[2026-03-19T11:40:43.931+0800][560.420s][info][gc          ] GC(1177) Pause Young (Concurrent Start) (G1 Humongous Allocation) 70M->27M(128M) 2.712ms
[2026-03-19T11:40:43.931+0800][560.420s][info][gc,cpu      ] GC(1177) User=0.00s Sys=0.00s Real=0.00s
[2026-03-19T11:40:43.931+0800][560.421s][info][gc          ] GC(1178) Concurrent Undo Cycle
[2026-03-19T11:40:43.931+0800][560.421s][info][gc,marking  ] GC(1178) Concurrent Cleanup for Next Mark
[2026-03-19T11:40:43.932+0800][560.421s][info][gc,marking  ] GC(1178) Concurrent Cleanup for Next Mark 0.397ms
[2026-03-19T11:40:43.932+0800][560.421s][info][gc          ] GC(1178) Concurrent Undo Cycle 0.594ms
[2026-03-19T11:40:44.865+0800][561.355s][info][gc,start    ] GC(1179) Pause Young (Concurrent Start) (G1 Humongous Allocation)
[2026-03-19T11:40:44.865+0800][561.355s][info][gc,task     ] GC(1179) Using 3 workers of 13 for evacuation
[2026-03-19T11:40:44.868+0800][561.357s][info][gc,phases   ] GC(1179)   Pre Evacuate Collection Set: 0.3ms
[2026-03-19T11:40:44.868+0800][561.358s][info][gc,phases   ] GC(1179)   Merge Heap Roots: 0.3ms
[2026-03-19T11:40:44.868+0800][561.358s][info][gc,phases   ] GC(1179)   Evacuate Collection Set: 0.9ms
[2026-03-19T11:40:44.868+0800][561.358s][info][gc,phases   ] GC(1179)   Post Evacuate Collection Set: 0.9ms
[2026-03-19T11:40:44.868+0800][561.358s][info][gc,phases   ] GC(1179)   Other: 0.6ms
[2026-03-19T11:40:44.868+0800][561.358s][info][gc,heap     ] GC(1179) Eden regions: 12->0(74)
[2026-03-19T11:40:44.868+0800][561.358s][info][gc,heap     ] GC(1179) Survivor regions: 2->2(10)
[2026-03-19T11:40:44.868+0800][561.358s][info][gc,heap     ] GC(1179) Old regions: 18->18
[2026-03-19T11:40:44.868+0800][561.358s][info][gc,heap     ] GC(1179) Archive regions: 0->0
[2026-03-19T11:40:44.868+0800][561.358s][info][gc,heap     ] GC(1179) Humongous regions: 39->9
[2026-03-19T11:40:44.868+0800][561.358s][info][gc,metaspace] GC(1179) Metaspace: 22913K(23232K)->22913K(23232K) NonClass: 20303K(20480K)->20303K(20480K) Class: 2610K(2752K)->2610K(2752K)
[2026-03-19T11:40:44.868+0800][561.358s][info][gc          ] GC(1179) Pause Young (Concurrent Start) (G1 Humongous Allocation) 69M->27M(128M) 3.476ms
[2026-03-19T11:40:44.869+0800][561.358s][info][gc,cpu      ] GC(1179) User=0.00s Sys=0.00s Real=0.00s
[2026-03-19T11:40:44.869+0800][561.358s][info][gc          ] GC(1180) Concurrent Undo Cycle
[2026-03-19T11:40:44.869+0800][561.358s][info][gc,marking  ] GC(1180) Concurrent Cleanup for Next Mark
[2026-03-19T11:40:44.869+0800][561.359s][info][gc,marking  ] GC(1180) Concurrent Cleanup for Next Mark 0.398ms
[2026-03-19T11:40:44.869+0800][561.359s][info][gc          ] GC(1180) Concurrent Undo Cycle 0.749ms
[2026-03-19T11:40:45.801+0800][562.290s][info][gc,start    ] GC(1181) Pause Young (Concurrent Start) (G1 Humongous Allocation)
[2026-03-19T11:40:45.801+0800][562.290s][info][gc,task     ] GC(1181) Using 3 workers of 13 for evacuation
[2026-03-19T11:40:45.803+0800][562.292s][info][gc,phases   ] GC(1181)   Pre Evacuate Collection Set: 0.2ms
[2026-03-19T11:40:45.803+0800][562.292s][info][gc,phases   ] GC(1181)   Merge Heap Roots: 0.1ms
[2026-03-19T11:40:45.803+0800][562.292s][info][gc,phases   ] GC(1181)   Evacuate Collection Set: 0.6ms
[2026-03-19T11:40:45.803+0800][562.292s][info][gc,phases   ] GC(1181)   Post Evacuate Collection Set: 0.7ms
[2026-03-19T11:40:45.803+0800][562.292s][info][gc,phases   ] GC(1181)   Other: 0.6ms
[2026-03-19T11:40:45.803+0800][562.292s][info][gc,heap     ] GC(1181) Eden regions: 12->0(74)
[2026-03-19T11:40:45.803+0800][562.292s][info][gc,heap     ] GC(1181) Survivor regions: 2->2(10)
[2026-03-19T11:40:45.803+0800][562.292s][info][gc,heap     ] GC(1181) Old regions: 18->18
[2026-03-19T11:40:45.803+0800][562.292s][info][gc,heap     ] GC(1181) Archive regions: 0->0
[2026-03-19T11:40:45.803+0800][562.292s][info][gc,heap     ] GC(1181) Humongous regions: 39->9
[2026-03-19T11:40:45.803+0800][562.292s][info][gc,metaspace] GC(1181) Metaspace: 22913K(23232K)->22913K(23232K) NonClass: 20303K(20480K)->20303K(20480K) Class: 2610K(2752K)->2610K(2752K)
[2026-03-19T11:40:45.803+0800][562.292s][info][gc          ] GC(1181) Pause Young (Concurrent Start) (G1 Humongous Allocation) 69M->27M(128M) 2.534ms
[2026-03-19T11:40:45.803+0800][562.292s][info][gc,cpu      ] GC(1181) User=0.00s Sys=0.00s Real=0.00s
[2026-03-19T11:40:45.803+0800][562.292s][info][gc          ] GC(1182) Concurrent Undo Cycle
[2026-03-19T11:40:45.803+0800][562.292s][info][gc,marking  ] GC(1182) Concurrent Cleanup for Next Mark
[2026-03-19T11:40:45.803+0800][562.293s][info][gc,marking  ] GC(1182) Concurrent Cleanup for Next Mark 0.268ms
[2026-03-19T11:40:45.804+0800][562.293s][info][gc          ] GC(1182) Concurrent Undo Cycle 0.425ms
[2026-03-19T11:40:46.732+0800][563.221s][info][gc,start    ] GC(1183) Pause Young (Concurrent Start) (G1 Humongous Allocation)
[2026-03-19T11:40:46.732+0800][563.222s][info][gc,task     ] GC(1183) Using 3 workers of 13 for evacuation
[2026-03-19T11:40:46.735+0800][563.224s][info][gc,phases   ] GC(1183)   Pre Evacuate Collection Set: 0.3ms
[2026-03-19T11:40:46.735+0800][563.224s][info][gc,phases   ] GC(1183)   Merge Heap Roots: 0.3ms
[2026-03-19T11:40:46.735+0800][563.224s][info][gc,phases   ] GC(1183)   Evacuate Collection Set: 0.7ms
[2026-03-19T11:40:46.735+0800][563.224s][info][gc,phases   ] GC(1183)   Post Evacuate Collection Set: 0.9ms
[2026-03-19T11:40:46.735+0800][563.224s][info][gc,phases   ] GC(1183)   Other: 0.4ms
[2026-03-19T11:40:46.735+0800][563.224s][info][gc,heap     ] GC(1183) Eden regions: 12->0(74)
[2026-03-19T11:40:46.735+0800][563.225s][info][gc,heap     ] GC(1183) Survivor regions: 2->2(10)
[2026-03-19T11:40:46.735+0800][563.225s][info][gc,heap     ] GC(1183) Old regions: 18->18
[2026-03-19T11:40:46.735+0800][563.225s][info][gc,heap     ] GC(1183) Archive regions: 0->0
[2026-03-19T11:40:46.736+0800][563.225s][info][gc,heap     ] GC(1183) Humongous regions: 39->9
[2026-03-19T11:40:46.736+0800][563.225s][info][gc,metaspace] GC(1183) Metaspace: 22913K(23232K)->22913K(23232K) NonClass: 20303K(20480K)->20303K(20480K) Class: 2610K(2752K)->2610K(2752K)
[2026-03-19T11:40:46.736+0800][563.225s][info][gc          ] GC(1183) Pause Young (Concurrent Start) (G1 Humongous Allocation) 69M->27M(128M) 3.615ms
[2026-03-19T11:40:46.736+0800][563.225s][info][gc,cpu      ] GC(1183) User=0.00s Sys=0.00s Real=0.00s
[2026-03-19T11:40:46.736+0800][563.225s][info][gc          ] GC(1184) Concurrent Undo Cycle
[2026-03-19T11:40:46.736+0800][563.226s][info][gc,marking  ] GC(1184) Concurrent Cleanup for Next Mark
[2026-03-19T11:40:46.737+0800][563.226s][info][gc,marking  ] GC(1184) Concurrent Cleanup for Next Mark 0.657ms
[2026-03-19T11:40:46.737+0800][563.226s][info][gc          ] GC(1184) Concurrent Undo Cycle 1.069ms
[2026-03-19T11:40:47.669+0800][564.158s][info][gc,start    ] GC(1185) Pause Young (Concurrent Start) (G1 Humongous Allocation)
[2026-03-19T11:40:47.669+0800][564.159s][info][gc,task     ] GC(1185) Using 3 workers of 13 for evacuation
[2026-03-19T11:40:47.671+0800][564.160s][info][gc,phases   ] GC(1185)   Pre Evacuate Collection Set: 0.2ms
[2026-03-19T11:40:47.671+0800][564.160s][info][gc,phases   ] GC(1185)   Merge Heap Roots: 0.1ms
[2026-03-19T11:40:47.671+0800][564.160s][info][gc,phases   ] GC(1185)   Evacuate Collection Set: 0.5ms
[2026-03-19T11:40:47.671+0800][564.160s][info][gc,phases   ] GC(1185)   Post Evacuate Collection Set: 0.7ms
[2026-03-19T11:40:47.671+0800][564.160s][info][gc,phases   ] GC(1185)   Other: 0.4ms
[2026-03-19T11:40:47.671+0800][564.160s][info][gc,heap     ] GC(1185) Eden regions: 13->0(74)
[2026-03-19T11:40:47.671+0800][564.160s][info][gc,heap     ] GC(1185) Survivor regions: 2->2(10)
[2026-03-19T11:40:47.671+0800][564.160s][info][gc,heap     ] GC(1185) Old regions: 18->18
[2026-03-19T11:40:47.671+0800][564.161s][info][gc,heap     ] GC(1185) Archive regions: 0->0
[2026-03-19T11:40:47.671+0800][564.161s][info][gc,heap     ] GC(1185) Humongous regions: 39->9
[2026-03-19T11:40:47.671+0800][564.161s][info][gc,metaspace] GC(1185) Metaspace: 22913K(23232K)->22913K(23232K) NonClass: 20303K(20480K)->20303K(20480K) Class: 2610K(2752K)->2610K(2752K)
[2026-03-19T11:40:47.671+0800][564.161s][info][gc          ] GC(1185) Pause Young (Concurrent Start) (G1 Humongous Allocation) 70M->27M(128M) 2.317ms
[2026-03-19T11:40:47.671+0800][564.161s][info][gc,cpu      ] GC(1185) User=0.00s Sys=0.00s Real=0.00s
[2026-03-19T11:40:47.671+0800][564.161s][info][gc          ] GC(1186) Concurrent Undo Cycle
[2026-03-19T11:40:47.671+0800][564.161s][info][gc,marking  ] GC(1186) Concurrent Cleanup for Next Mark
[2026-03-19T11:40:47.672+0800][564.161s][info][gc,marking  ] GC(1186) Concurrent Cleanup for Next Mark 0.360ms
[2026-03-19T11:40:47.672+0800][564.161s][info][gc          ] GC(1186) Concurrent Undo Cycle 0.529ms
[2026-03-19T11:40:48.606+0800][565.096s][info][gc,start    ] GC(1187) Pause Young (Concurrent Start) (G1 Humongous Allocation)
[2026-03-19T11:40:48.607+0800][565.096s][info][gc,task     ] GC(1187) Using 3 workers of 13 for evacuation
[2026-03-19T11:40:48.609+0800][565.098s][info][gc,phases   ] GC(1187)   Pre Evacuate Collection Set: 0.2ms
[2026-03-19T11:40:48.609+0800][565.099s][info][gc,phases   ] GC(1187)   Merge Heap Roots: 0.2ms
[2026-03-19T11:40:48.609+0800][565.099s][info][gc,phases   ] GC(1187)   Evacuate Collection Set: 1.0ms
[2026-03-19T11:40:48.609+0800][565.099s][info][gc,phases   ] GC(1187)   Post Evacuate Collection Set: 0.8ms
[2026-03-19T11:40:48.609+0800][565.099s][info][gc,phases   ] GC(1187)   Other: 0.7ms
[2026-03-19T11:40:48.609+0800][565.099s][info][gc,heap     ] GC(1187) Eden regions: 13->0(74)
[2026-03-19T11:40:48.609+0800][565.099s][info][gc,heap     ] GC(1187) Survivor regions: 2->2(10)
[2026-03-19T11:40:48.609+0800][565.099s][info][gc,heap     ] GC(1187) Old regions: 18->18
[2026-03-19T11:40:48.609+0800][565.099s][info][gc,heap     ] GC(1187) Archive regions: 0->0
[2026-03-19T11:40:48.609+0800][565.099s][info][gc,heap     ] GC(1187) Humongous regions: 39->9
[2026-03-19T11:40:48.610+0800][565.099s][info][gc,metaspace] GC(1187) Metaspace: 22913K(23232K)->22913K(23232K) NonClass: 20303K(20480K)->20303K(20480K) Class: 2610K(2752K)->2610K(2752K)
[2026-03-19T11:40:48.610+0800][565.099s][info][gc          ] GC(1187) Pause Young (Concurrent Start) (G1 Humongous Allocation) 70M->27M(128M) 3.726ms
[2026-03-19T11:40:48.610+0800][565.099s][info][gc,cpu      ] GC(1187) User=0.00s Sys=0.00s Real=0.00s
[2026-03-19T11:40:48.610+0800][565.100s][info][gc          ] GC(1188) Concurrent Undo Cycle
[2026-03-19T11:40:48.610+0800][565.100s][info][gc,marking  ] GC(1188) Concurrent Cleanup for Next Mark
[2026-03-19T11:40:48.610+0800][565.100s][info][gc,marking  ] GC(1188) Concurrent Cleanup for Next Mark 0.463ms
[2026-03-19T11:40:48.611+0800][565.100s][info][gc          ] GC(1188) Concurrent Undo Cycle 0.802ms
[2026-03-19T11:40:49.556+0800][566.046s][info][gc,start    ] GC(1189) Pause Young (Concurrent Start) (G1 Humongous Allocation)
[2026-03-19T11:40:49.556+0800][566.046s][info][gc,task     ] GC(1189) Using 3 workers of 13 for evacuation
[2026-03-19T11:40:49.558+0800][566.048s][info][gc,phases   ] GC(1189)   Pre Evacuate Collection Set: 0.1ms
[2026-03-19T11:40:49.559+0800][566.048s][info][gc,phases   ] GC(1189)   Merge Heap Roots: 0.2ms
[2026-03-19T11:40:49.559+0800][566.048s][info][gc,phases   ] GC(1189)   Evacuate Collection Set: 0.5ms
[2026-03-19T11:40:49.559+0800][566.048s][info][gc,phases   ] GC(1189)   Post Evacuate Collection Set: 0.9ms
[2026-03-19T11:40:49.559+0800][566.048s][info][gc,phases   ] GC(1189)   Other: 0.2ms
[2026-03-19T11:40:49.559+0800][566.048s][info][gc,heap     ] GC(1189) Eden regions: 13->0(74)
[2026-03-19T11:40:49.559+0800][566.048s][info][gc,heap     ] GC(1189) Survivor regions: 2->2(10)
[2026-03-19T11:40:49.559+0800][566.048s][info][gc,heap     ] GC(1189) Old regions: 18->18
[2026-03-19T11:40:49.559+0800][566.048s][info][gc,heap     ] GC(1189) Archive regions: 0->0
[2026-03-19T11:40:49.559+0800][566.048s][info][gc,heap     ] GC(1189) Humongous regions: 39->9
[2026-03-19T11:40:49.559+0800][566.048s][info][gc,metaspace] GC(1189) Metaspace: 22913K(23232K)->22913K(23232K) NonClass: 20303K(20480K)->20303K(20480K) Class: 2610K(2752K)->2610K(2752K)
[2026-03-19T11:40:49.559+0800][566.048s][info][gc          ] GC(1189) Pause Young (Concurrent Start) (G1 Humongous Allocation) 70M->27M(128M) 2.394ms
[2026-03-19T11:40:49.559+0800][566.048s][info][gc,cpu      ] GC(1189) User=0.00s Sys=0.00s Real=0.00s
[2026-03-19T11:40:49.559+0800][566.048s][info][gc          ] GC(1190) Concurrent Undo Cycle
[2026-03-19T11:40:49.559+0800][566.048s][info][gc,marking  ] GC(1190) Concurrent Cleanup for Next Mark
[2026-03-19T11:40:49.560+0800][566.049s][info][gc,marking  ] GC(1190) Concurrent Cleanup for Next Mark 0.418ms
[2026-03-19T11:40:49.560+0800][566.049s][info][gc          ] GC(1190) Concurrent Undo Cycle 0.678ms
[2026-03-19T11:40:50.480+0800][566.969s][info][gc,start    ] GC(1191) Pause Young (Concurrent Start) (G1 Humongous Allocation)
[2026-03-19T11:40:50.480+0800][566.970s][info][gc,task     ] GC(1191) Using 3 workers of 13 for evacuation
[2026-03-19T11:40:50.482+0800][566.972s][info][gc,phases   ] GC(1191)   Pre Evacuate Collection Set: 0.2ms
[2026-03-19T11:40:50.483+0800][566.972s][info][gc,phases   ] GC(1191)   Merge Heap Roots: 0.2ms
[2026-03-19T11:40:50.483+0800][566.972s][info][gc,phases   ] GC(1191)   Evacuate Collection Set: 0.8ms
[2026-03-19T11:40:50.483+0800][566.972s][info][gc,phases   ] GC(1191)   Post Evacuate Collection Set: 0.9ms
[2026-03-19T11:40:50.483+0800][566.972s][info][gc,phases   ] GC(1191)   Other: 0.5ms
[2026-03-19T11:40:50.483+0800][566.972s][info][gc,heap     ] GC(1191) Eden regions: 12->0(74)
[2026-03-19T11:40:50.483+0800][566.972s][info][gc,heap     ] GC(1191) Survivor regions: 2->2(10)
[2026-03-19T11:40:50.483+0800][566.972s][info][gc,heap     ] GC(1191) Old regions: 18->18
[2026-03-19T11:40:50.483+0800][566.973s][info][gc,heap     ] GC(1191) Archive regions: 0->0
[2026-03-19T11:40:50.483+0800][566.973s][info][gc,heap     ] GC(1191) Humongous regions: 39->9
[2026-03-19T11:40:50.483+0800][566.973s][info][gc,metaspace] GC(1191) Metaspace: 22913K(23232K)->22913K(23232K) NonClass: 20303K(20480K)->20303K(20480K) Class: 2610K(2752K)->2610K(2752K)
[2026-03-19T11:40:50.483+0800][566.973s][info][gc          ] GC(1191) Pause Young (Concurrent Start) (G1 Humongous Allocation) 69M->27M(128M) 3.273ms
[2026-03-19T11:40:50.483+0800][566.973s][info][gc,cpu      ] GC(1191) User=0.00s Sys=0.02s Real=0.00s
[2026-03-19T11:40:50.483+0800][566.973s][info][gc          ] GC(1192) Concurrent Undo Cycle
[2026-03-19T11:40:50.484+0800][566.973s][info][gc,marking  ] GC(1192) Concurrent Cleanup for Next Mark
[2026-03-19T11:40:50.484+0800][566.974s][info][gc,marking  ] GC(1192) Concurrent Cleanup for Next Mark 0.431ms
[2026-03-19T11:40:50.484+0800][566.974s][info][gc          ] GC(1192) Concurrent Undo Cycle 0.749ms
[2026-03-19T11:40:51.416+0800][567.906s][info][gc,start    ] GC(1193) Pause Young (Concurrent Start) (G1 Humongous Allocation)
[2026-03-19T11:40:51.417+0800][567.906s][info][gc,task     ] GC(1193) Using 3 workers of 13 for evacuation
[2026-03-19T11:40:51.419+0800][567.909s][info][gc,phases   ] GC(1193)   Pre Evacuate Collection Set: 0.2ms
[2026-03-19T11:40:51.419+0800][567.909s][info][gc,phases   ] GC(1193)   Merge Heap Roots: 0.2ms
[2026-03-19T11:40:51.419+0800][567.909s][info][gc,phases   ] GC(1193)   Evacuate Collection Set: 0.9ms
[2026-03-19T11:40:51.419+0800][567.909s][info][gc,phases   ] GC(1193)   Post Evacuate Collection Set: 0.9ms
[2026-03-19T11:40:51.419+0800][567.909s][info][gc,phases   ] GC(1193)   Other: 0.7ms
[2026-03-19T11:40:51.419+0800][567.909s][info][gc,heap     ] GC(1193) Eden regions: 13->0(74)
[2026-03-19T11:40:51.419+0800][567.909s][info][gc,heap     ] GC(1193) Survivor regions: 2->2(10)
[2026-03-19T11:40:51.419+0800][567.909s][info][gc,heap     ] GC(1193) Old regions: 18->18
[2026-03-19T11:40:51.419+0800][567.909s][info][gc,heap     ] GC(1193) Archive regions: 0->0
[2026-03-19T11:40:51.421+0800][567.910s][info][gc,heap     ] GC(1193) Humongous regions: 39->9
[2026-03-19T11:40:51.421+0800][567.910s][info][gc,metaspace] GC(1193) Metaspace: 22913K(23232K)->22913K(23232K) NonClass: 20303K(20480K)->20303K(20480K) Class: 2610K(2752K)->2610K(2752K)
[2026-03-19T11:40:51.421+0800][567.910s][info][gc          ] GC(1193) Pause Young (Concurrent Start) (G1 Humongous Allocation) 70M->27M(128M) 4.090ms
[2026-03-19T11:40:51.421+0800][567.910s][info][gc,cpu      ] GC(1193) User=0.03s Sys=0.02s Real=0.01s
[2026-03-19T11:40:51.421+0800][567.910s][info][gc          ] GC(1194) Concurrent Undo Cycle
[2026-03-19T11:40:51.421+0800][567.910s][info][gc,marking  ] GC(1194) Concurrent Cleanup for Next Mark
[2026-03-19T11:40:51.421+0800][567.911s][info][gc,marking  ] GC(1194) Concurrent Cleanup for Next Mark 0.666ms
[2026-03-19T11:40:51.421+0800][567.911s][info][gc          ] GC(1194) Concurrent Undo Cycle 1.184ms
[2026-03-19T11:40:52.351+0800][568.840s][info][gc,start    ] GC(1195) Pause Young (Concurrent Start) (G1 Humongous Allocation)
[2026-03-19T11:40:52.351+0800][568.841s][info][gc,task     ] GC(1195) Using 3 workers of 13 for evacuation
[2026-03-19T11:40:52.354+0800][568.843s][info][gc,phases   ] GC(1195)   Pre Evacuate Collection Set: 0.2ms
[2026-03-19T11:40:52.354+0800][568.843s][info][gc,phases   ] GC(1195)   Merge Heap Roots: 0.2ms
[2026-03-19T11:40:52.354+0800][568.843s][info][gc,phases   ] GC(1195)   Evacuate Collection Set: 0.7ms
[2026-03-19T11:40:52.354+0800][568.843s][info][gc,phases   ] GC(1195)   Post Evacuate Collection Set: 0.9ms
[2026-03-19T11:40:52.354+0800][568.843s][info][gc,phases   ] GC(1195)   Other: 0.3ms
[2026-03-19T11:40:52.354+0800][568.843s][info][gc,heap     ] GC(1195) Eden regions: 13->0(74)
[2026-03-19T11:40:52.354+0800][568.843s][info][gc,heap     ] GC(1195) Survivor regions: 2->2(10)
[2026-03-19T11:40:52.354+0800][568.843s][info][gc,heap     ] GC(1195) Old regions: 18->18
[2026-03-19T11:40:52.354+0800][568.843s][info][gc,heap     ] GC(1195) Archive regions: 0->0
[2026-03-19T11:40:52.354+0800][568.843s][info][gc,heap     ] GC(1195) Humongous regions: 39->9
[2026-03-19T11:40:52.354+0800][568.843s][info][gc,metaspace] GC(1195) Metaspace: 22913K(23232K)->22913K(23232K) NonClass: 20303K(20480K)->20303K(20480K) Class: 2610K(2752K)->2610K(2752K)
[2026-03-19T11:40:52.354+0800][568.843s][info][gc          ] GC(1195) Pause Young (Concurrent Start) (G1 Humongous Allocation) 70M->27M(128M) 2.768ms
[2026-03-19T11:40:52.354+0800][568.843s][info][gc,cpu      ] GC(1195) User=0.00s Sys=0.00s Real=0.00s
[2026-03-19T11:40:52.354+0800][568.843s][info][gc          ] GC(1196) Concurrent Undo Cycle
[2026-03-19T11:40:52.354+0800][568.843s][info][gc,marking  ] GC(1196) Concurrent Cleanup for Next Mark
[2026-03-19T11:40:52.355+0800][568.844s][info][gc,marking  ] GC(1196) Concurrent Cleanup for Next Mark 0.310ms
[2026-03-19T11:40:52.355+0800][568.844s][info][gc          ] GC(1196) Concurrent Undo Cycle 0.493ms
[2026-03-19T11:40:53.288+0800][569.777s][info][gc,start    ] GC(1197) Pause Young (Concurrent Start) (G1 Humongous Allocation)
[2026-03-19T11:40:53.288+0800][569.777s][info][gc,task     ] GC(1197) Using 3 workers of 13 for evacuation
[2026-03-19T11:40:53.291+0800][569.780s][info][gc,phases   ] GC(1197)   Pre Evacuate Collection Set: 0.3ms
[2026-03-19T11:40:53.291+0800][569.780s][info][gc,phases   ] GC(1197)   Merge Heap Roots: 0.3ms
[2026-03-19T11:40:53.291+0800][569.781s][info][gc,phases   ] GC(1197)   Evacuate Collection Set: 1.1ms
[2026-03-19T11:40:53.291+0800][569.781s][info][gc,phases   ] GC(1197)   Post Evacuate Collection Set: 1.0ms
[2026-03-19T11:40:53.291+0800][569.781s][info][gc,phases   ] GC(1197)   Other: 0.8ms
[2026-03-19T11:40:53.292+0800][569.781s][info][gc,heap     ] GC(1197) Eden regions: 13->0(74)
[2026-03-19T11:40:53.292+0800][569.781s][info][gc,heap     ] GC(1197) Survivor regions: 2->2(10)
[2026-03-19T11:40:53.292+0800][569.781s][info][gc,heap     ] GC(1197) Old regions: 18->18
[2026-03-19T11:40:53.292+0800][569.781s][info][gc,heap     ] GC(1197) Archive regions: 0->0
[2026-03-19T11:40:53.292+0800][569.781s][info][gc,heap     ] GC(1197) Humongous regions: 39->9
[2026-03-19T11:40:53.292+0800][569.781s][info][gc,metaspace] GC(1197) Metaspace: 22913K(23232K)->22913K(23232K) NonClass: 20303K(20480K)->20303K(20480K) Class: 2610K(2752K)->2610K(2752K)
[2026-03-19T11:40:53.292+0800][569.781s][info][gc          ] GC(1197) Pause Young (Concurrent Start) (G1 Humongous Allocation) 70M->27M(128M) 4.375ms
[2026-03-19T11:40:53.292+0800][569.781s][info][gc,cpu      ] GC(1197) User=0.00s Sys=0.00s Real=0.00s
[2026-03-19T11:40:53.292+0800][569.781s][info][gc          ] GC(1198) Concurrent Undo Cycle
[2026-03-19T11:40:53.292+0800][569.782s][info][gc,marking  ] GC(1198) Concurrent Cleanup for Next Mark
[2026-03-19T11:40:53.293+0800][569.782s][info][gc,marking  ] GC(1198) Concurrent Cleanup for Next Mark 0.414ms
[2026-03-19T11:40:53.293+0800][569.782s][info][gc          ] GC(1198) Concurrent Undo Cycle 0.746ms
[2026-03-19T11:40:54.239+0800][570.728s][info][gc,start    ] GC(1199) Pause Young (Concurrent Start) (G1 Humongous Allocation)
[2026-03-19T11:40:54.239+0800][570.728s][info][gc,task     ] GC(1199) Using 3 workers of 13 for evacuation
[2026-03-19T11:40:54.241+0800][570.730s][info][gc,phases   ] GC(1199)   Pre Evacuate Collection Set: 0.2ms
[2026-03-19T11:40:54.242+0800][570.731s][info][gc,phases   ] GC(1199)   Merge Heap Roots: 0.2ms
[2026-03-19T11:40:54.242+0800][570.731s][info][gc,phases   ] GC(1199)   Evacuate Collection Set: 0.9ms
[2026-03-19T11:40:54.242+0800][570.731s][info][gc,phases   ] GC(1199)   Post Evacuate Collection Set: 0.8ms
[2026-03-19T11:40:54.242+0800][570.731s][info][gc,phases   ] GC(1199)   Other: 0.6ms
[2026-03-19T11:40:54.242+0800][570.731s][info][gc,heap     ] GC(1199) Eden regions: 12->0(74)
[2026-03-19T11:40:54.242+0800][570.731s][info][gc,heap     ] GC(1199) Survivor regions: 2->2(10)
[2026-03-19T11:40:54.242+0800][570.731s][info][gc,heap     ] GC(1199) Old regions: 18->18
[2026-03-19T11:40:54.242+0800][570.731s][info][gc,heap     ] GC(1199) Archive regions: 0->0
[2026-03-19T11:40:54.242+0800][570.731s][info][gc,heap     ] GC(1199) Humongous regions: 39->9
[2026-03-19T11:40:54.242+0800][570.731s][info][gc,metaspace] GC(1199) Metaspace: 22913K(23232K)->22913K(23232K) NonClass: 20303K(20480K)->20303K(20480K) Class: 2610K(2752K)->2610K(2752K)
[2026-03-19T11:40:54.242+0800][570.731s][info][gc          ] GC(1199) Pause Young (Concurrent Start) (G1 Humongous Allocation) 69M->27M(128M) 3.587ms
[2026-03-19T11:40:54.242+0800][570.731s][info][gc,cpu      ] GC(1199) User=0.00s Sys=0.00s Real=0.00s
[2026-03-19T11:40:54.242+0800][570.732s][info][gc          ] GC(1200) Concurrent Undo Cycle
[2026-03-19T11:40:54.243+0800][570.732s][info][gc,marking  ] GC(1200) Concurrent Cleanup for Next Mark
[2026-03-19T11:40:54.243+0800][570.732s][info][gc,marking  ] GC(1200) Concurrent Cleanup for Next Mark 0.542ms
[2026-03-19T11:40:54.243+0800][570.733s][info][gc          ] GC(1200) Concurrent Undo Cycle 1.019ms
[2026-03-19T11:40:55.188+0800][571.677s][info][gc,start    ] GC(1201) Pause Young (Concurrent Start) (G1 Humongous Allocation)
[2026-03-19T11:40:55.188+0800][571.677s][info][gc,task     ] GC(1201) Using 3 workers of 13 for evacuation
[2026-03-19T11:40:55.189+0800][571.679s][info][gc,phases   ] GC(1201)   Pre Evacuate Collection Set: 0.2ms
[2026-03-19T11:40:55.190+0800][571.679s][info][gc,phases   ] GC(1201)   Merge Heap Roots: 0.2ms
[2026-03-19T11:40:55.190+0800][571.679s][info][gc,phases   ] GC(1201)   Evacuate Collection Set: 0.5ms
[2026-03-19T11:40:55.190+0800][571.679s][info][gc,phases   ] GC(1201)   Post Evacuate Collection Set: 0.7ms
[2026-03-19T11:40:55.190+0800][571.679s][info][gc,phases   ] GC(1201)   Other: 0.2ms
[2026-03-19T11:40:55.190+0800][571.679s][info][gc,heap     ] GC(1201) Eden regions: 12->0(74)
[2026-03-19T11:40:55.190+0800][571.679s][info][gc,heap     ] GC(1201) Survivor regions: 2->2(10)
[2026-03-19T11:40:55.190+0800][571.679s][info][gc,heap     ] GC(1201) Old regions: 18->18
[2026-03-19T11:40:55.190+0800][571.679s][info][gc,heap     ] GC(1201) Archive regions: 0->0
[2026-03-19T11:40:55.190+0800][571.679s][info][gc,heap     ] GC(1201) Humongous regions: 39->9
[2026-03-19T11:40:55.190+0800][571.679s][info][gc,metaspace] GC(1201) Metaspace: 22913K(23232K)->22913K(23232K) NonClass: 20303K(20480K)->20303K(20480K) Class: 2610K(2752K)->2610K(2752K)
[2026-03-19T11:40:55.190+0800][571.679s][info][gc          ] GC(1201) Pause Young (Concurrent Start) (G1 Humongous Allocation) 69M->27M(128M) 2.271ms
[2026-03-19T11:40:55.190+0800][571.679s][info][gc,cpu      ] GC(1201) User=0.00s Sys=0.00s Real=0.00s
[2026-03-19T11:40:55.190+0800][571.679s][info][gc          ] GC(1202) Concurrent Undo Cycle
[2026-03-19T11:40:55.190+0800][571.679s][info][gc,marking  ] GC(1202) Concurrent Cleanup for Next Mark
[2026-03-19T11:40:55.191+0800][571.680s][info][gc,marking  ] GC(1202) Concurrent Cleanup for Next Mark 0.330ms
[2026-03-19T11:40:55.191+0800][571.680s][info][gc          ] GC(1202) Concurrent Undo Cycle 0.480ms
[2026-03-19T11:40:56.124+0800][572.614s][info][gc,start    ] GC(1203) Pause Young (Concurrent Start) (G1 Humongous Allocation)
[2026-03-19T11:40:56.124+0800][572.614s][info][gc,task     ] GC(1203) Using 3 workers of 13 for evacuation
[2026-03-19T11:40:56.126+0800][572.615s][info][gc,phases   ] GC(1203)   Pre Evacuate Collection Set: 0.1ms
[2026-03-19T11:40:56.126+0800][572.615s][info][gc,phases   ] GC(1203)   Merge Heap Roots: 0.2ms
[2026-03-19T11:40:56.126+0800][572.616s][info][gc,phases   ] GC(1203)   Evacuate Collection Set: 0.5ms
[2026-03-19T11:40:56.126+0800][572.616s][info][gc,phases   ] GC(1203)   Post Evacuate Collection Set: 0.7ms
[2026-03-19T11:40:56.126+0800][572.616s][info][gc,phases   ] GC(1203)   Other: 0.3ms
[2026-03-19T11:40:56.126+0800][572.616s][info][gc,heap     ] GC(1203) Eden regions: 13->0(74)
[2026-03-19T11:40:56.126+0800][572.616s][info][gc,heap     ] GC(1203) Survivor regions: 2->2(10)
[2026-03-19T11:40:56.126+0800][572.616s][info][gc,heap     ] GC(1203) Old regions: 18->18
[2026-03-19T11:40:56.126+0800][572.616s][info][gc,heap     ] GC(1203) Archive regions: 0->0
[2026-03-19T11:40:56.126+0800][572.616s][info][gc,heap     ] GC(1203) Humongous regions: 39->9
[2026-03-19T11:40:56.126+0800][572.616s][info][gc,metaspace] GC(1203) Metaspace: 22913K(23232K)->22913K(23232K) NonClass: 20303K(20480K)->20303K(20480K) Class: 2610K(2752K)->2610K(2752K)
[2026-03-19T11:40:56.126+0800][572.616s][info][gc          ] GC(1203) Pause Young (Concurrent Start) (G1 Humongous Allocation) 69M->27M(128M) 2.283ms
[2026-03-19T11:40:56.126+0800][572.616s][info][gc,cpu      ] GC(1203) User=0.00s Sys=0.00s Real=0.00s
[2026-03-19T11:40:56.126+0800][572.616s][info][gc          ] GC(1204) Concurrent Undo Cycle
[2026-03-19T11:40:56.126+0800][572.616s][info][gc,marking  ] GC(1204) Concurrent Cleanup for Next Mark
[2026-03-19T11:40:56.127+0800][572.616s][info][gc,marking  ] GC(1204) Concurrent Cleanup for Next Mark 0.278ms
[2026-03-19T11:40:56.127+0800][572.617s][info][gc          ] GC(1204) Concurrent Undo Cycle 0.516ms
[2026-03-19T11:40:57.056+0800][573.545s][info][gc,start    ] GC(1205) Pause Young (Concurrent Start) (G1 Humongous Allocation)
[2026-03-19T11:40:57.056+0800][573.546s][info][gc,task     ] GC(1205) Using 3 workers of 13 for evacuation
[2026-03-19T11:40:57.058+0800][573.547s][info][gc,phases   ] GC(1205)   Pre Evacuate Collection Set: 0.3ms
[2026-03-19T11:40:57.058+0800][573.548s][info][gc,phases   ] GC(1205)   Merge Heap Roots: 0.2ms
[2026-03-19T11:40:57.058+0800][573.548s][info][gc,phases   ] GC(1205)   Evacuate Collection Set: 0.6ms
[2026-03-19T11:40:57.058+0800][573.548s][info][gc,phases   ] GC(1205)   Post Evacuate Collection Set: 0.8ms
[2026-03-19T11:40:57.058+0800][573.548s][info][gc,phases   ] GC(1205)   Other: 0.3ms
[2026-03-19T11:40:57.058+0800][573.548s][info][gc,heap     ] GC(1205) Eden regions: 13->0(74)
[2026-03-19T11:40:57.058+0800][573.548s][info][gc,heap     ] GC(1205) Survivor regions: 2->2(10)
[2026-03-19T11:40:57.058+0800][573.548s][info][gc,heap     ] GC(1205) Old regions: 18->18
[2026-03-19T11:40:57.058+0800][573.548s][info][gc,heap     ] GC(1205) Archive regions: 0->0
[2026-03-19T11:40:57.058+0800][573.548s][info][gc,heap     ] GC(1205) Humongous regions: 39->9
[2026-03-19T11:40:57.058+0800][573.548s][info][gc,metaspace] GC(1205) Metaspace: 22913K(23232K)->22913K(23232K) NonClass: 20303K(20480K)->20303K(20480K) Class: 2610K(2752K)->2610K(2752K)
[2026-03-19T11:40:57.058+0800][573.548s][info][gc          ] GC(1205) Pause Young (Concurrent Start) (G1 Humongous Allocation) 70M->27M(128M) 2.512ms
[2026-03-19T11:40:57.058+0800][573.548s][info][gc,cpu      ] GC(1205) User=0.00s Sys=0.00s Real=0.00s
[2026-03-19T11:40:57.058+0800][573.548s][info][gc          ] GC(1206) Concurrent Undo Cycle
[2026-03-19T11:40:57.058+0800][573.548s][info][gc,marking  ] GC(1206) Concurrent Cleanup for Next Mark
[2026-03-19T11:40:57.060+0800][573.549s][info][gc,marking  ] GC(1206) Concurrent Cleanup for Next Mark 0.370ms
[2026-03-19T11:40:57.060+0800][573.549s][info][gc          ] GC(1206) Concurrent Undo Cycle 0.800ms
[2026-03-19T11:40:57.999+0800][574.488s][info][gc,start    ] GC(1207) Pause Young (Concurrent Start) (G1 Humongous Allocation)
[2026-03-19T11:40:57.999+0800][574.488s][info][gc,task     ] GC(1207) Using 3 workers of 13 for evacuation
[2026-03-19T11:40:58.001+0800][574.491s][info][gc,phases   ] GC(1207)   Pre Evacuate Collection Set: 0.3ms
[2026-03-19T11:40:58.002+0800][574.491s][info][gc,phases   ] GC(1207)   Merge Heap Roots: 0.2ms
[2026-03-19T11:40:58.002+0800][574.491s][info][gc,phases   ] GC(1207)   Evacuate Collection Set: 0.9ms
[2026-03-19T11:40:58.002+0800][574.491s][info][gc,phases   ] GC(1207)   Post Evacuate Collection Set: 0.9ms
[2026-03-19T11:40:58.002+0800][574.491s][info][gc,phases   ] GC(1207)   Other: 0.5ms
[2026-03-19T11:40:58.002+0800][574.491s][info][gc,heap     ] GC(1207) Eden regions: 13->0(74)
[2026-03-19T11:40:58.002+0800][574.491s][info][gc,heap     ] GC(1207) Survivor regions: 2->2(10)
[2026-03-19T11:40:58.002+0800][574.491s][info][gc,heap     ] GC(1207) Old regions: 18->18
[2026-03-19T11:40:58.002+0800][574.491s][info][gc,heap     ] GC(1207) Archive regions: 0->0
[2026-03-19T11:40:58.002+0800][574.492s][info][gc,heap     ] GC(1207) Humongous regions: 39->9
[2026-03-19T11:40:58.002+0800][574.492s][info][gc,metaspace] GC(1207) Metaspace: 22913K(23232K)->22913K(23232K) NonClass: 20303K(20480K)->20303K(20480K) Class: 2610K(2752K)->2610K(2752K)
[2026-03-19T11:40:58.002+0800][574.492s][info][gc          ] GC(1207) Pause Young (Concurrent Start) (G1 Humongous Allocation) 70M->27M(128M) 3.524ms
[2026-03-19T11:40:58.002+0800][574.492s][info][gc,cpu      ] GC(1207) User=0.00s Sys=0.00s Real=0.00s
[2026-03-19T11:40:58.002+0800][574.492s][info][gc          ] GC(1208) Concurrent Undo Cycle
[2026-03-19T11:40:58.003+0800][574.492s][info][gc,marking  ] GC(1208) Concurrent Cleanup for Next Mark
[2026-03-19T11:40:58.003+0800][574.493s][info][gc,marking  ] GC(1208) Concurrent Cleanup for Next Mark 0.540ms
[2026-03-19T11:40:58.003+0800][574.493s][info][gc          ] GC(1208) Concurrent Undo Cycle 0.833ms
[2026-03-19T11:40:58.936+0800][575.425s][info][gc,start    ] GC(1209) Pause Young (Concurrent Start) (G1 Humongous Allocation)
[2026-03-19T11:40:58.936+0800][575.425s][info][gc,task     ] GC(1209) Using 3 workers of 13 for evacuation
[2026-03-19T11:40:58.938+0800][575.427s][info][gc,phases   ] GC(1209)   Pre Evacuate Collection Set: 0.1ms
[2026-03-19T11:40:58.938+0800][575.427s][info][gc,phases   ] GC(1209)   Merge Heap Roots: 0.1ms
[2026-03-19T11:40:58.938+0800][575.427s][info][gc,phases   ] GC(1209)   Evacuate Collection Set: 0.6ms
[2026-03-19T11:40:58.938+0800][575.427s][info][gc,phases   ] GC(1209)   Post Evacuate Collection Set: 0.9ms
[2026-03-19T11:40:58.938+0800][575.427s][info][gc,phases   ] GC(1209)   Other: 0.3ms
[2026-03-19T11:40:58.938+0800][575.427s][info][gc,heap     ] GC(1209) Eden regions: 13->0(74)
[2026-03-19T11:40:58.938+0800][575.427s][info][gc,heap     ] GC(1209) Survivor regions: 2->2(10)
[2026-03-19T11:40:58.938+0800][575.427s][info][gc,heap     ] GC(1209) Old regions: 18->18
[2026-03-19T11:40:58.938+0800][575.427s][info][gc,heap     ] GC(1209) Archive regions: 0->0
[2026-03-19T11:40:58.938+0800][575.427s][info][gc,heap     ] GC(1209) Humongous regions: 39->9
[2026-03-19T11:40:58.938+0800][575.427s][info][gc,metaspace] GC(1209) Metaspace: 22913K(23232K)->22913K(23232K) NonClass: 20303K(20480K)->20303K(20480K) Class: 2610K(2752K)->2610K(2752K)
[2026-03-19T11:40:58.938+0800][575.427s][info][gc          ] GC(1209) Pause Young (Concurrent Start) (G1 Humongous Allocation) 70M->27M(128M) 2.572ms
[2026-03-19T11:40:58.938+0800][575.427s][info][gc,cpu      ] GC(1209) User=0.00s Sys=0.00s Real=0.00s
[2026-03-19T11:40:58.938+0800][575.428s][info][gc          ] GC(1210) Concurrent Undo Cycle
[2026-03-19T11:40:58.938+0800][575.428s][info][gc,marking  ] GC(1210) Concurrent Cleanup for Next Mark
[2026-03-19T11:40:58.939+0800][575.428s][info][gc,marking  ] GC(1210) Concurrent Cleanup for Next Mark 0.325ms
[2026-03-19T11:40:58.939+0800][575.428s][info][gc          ] GC(1210) Concurrent Undo Cycle 0.532ms
[2026-03-19T11:40:59.871+0800][576.360s][info][gc,start    ] GC(1211) Pause Young (Concurrent Start) (G1 Humongous Allocation)
[2026-03-19T11:40:59.871+0800][576.360s][info][gc,task     ] GC(1211) Using 3 workers of 13 for evacuation
[2026-03-19T11:40:59.874+0800][576.363s][info][gc,phases   ] GC(1211)   Pre Evacuate Collection Set: 0.4ms
[2026-03-19T11:40:59.874+0800][576.364s][info][gc,phases   ] GC(1211)   Merge Heap Roots: 0.3ms
[2026-03-19T11:40:59.874+0800][576.364s][info][gc,phases   ] GC(1211)   Evacuate Collection Set: 1.0ms
[2026-03-19T11:40:59.874+0800][576.364s][info][gc,phases   ] GC(1211)   Post Evacuate Collection Set: 1.1ms
[2026-03-19T11:40:59.874+0800][576.364s][info][gc,phases   ] GC(1211)   Other: 0.7ms
[2026-03-19T11:40:59.875+0800][576.364s][info][gc,heap     ] GC(1211) Eden regions: 13->0(74)
[2026-03-19T11:40:59.875+0800][576.364s][info][gc,heap     ] GC(1211) Survivor regions: 2->2(10)
[2026-03-19T11:40:59.875+0800][576.364s][info][gc,heap     ] GC(1211) Old regions: 18->18
[2026-03-19T11:40:59.875+0800][576.364s][info][gc,heap     ] GC(1211) Archive regions: 0->0
[2026-03-19T11:40:59.875+0800][576.364s][info][gc,heap     ] GC(1211) Humongous regions: 39->9
[2026-03-19T11:40:59.875+0800][576.364s][info][gc,metaspace] GC(1211) Metaspace: 22913K(23232K)->22913K(23232K) NonClass: 20303K(20480K)->20303K(20480K) Class: 2610K(2752K)->2610K(2752K)
[2026-03-19T11:40:59.875+0800][576.364s][info][gc          ] GC(1211) Pause Young (Concurrent Start) (G1 Humongous Allocation) 70M->27M(128M) 4.429ms
[2026-03-19T11:40:59.875+0800][576.365s][info][gc,cpu      ] GC(1211) User=0.00s Sys=0.02s Real=0.00s
[2026-03-19T11:40:59.875+0800][576.365s][info][gc          ] GC(1212) Concurrent Undo Cycle
[2026-03-19T11:40:59.876+0800][576.365s][info][gc,marking  ] GC(1212) Concurrent Cleanup for Next Mark
[2026-03-19T11:40:59.876+0800][576.366s][info][gc,marking  ] GC(1212) Concurrent Cleanup for Next Mark 0.592ms
[2026-03-19T11:40:59.876+0800][576.366s][info][gc          ] GC(1212) Concurrent Undo Cycle 0.971ms
[2026-03-19T11:41:00.806+0800][577.295s][info][gc,start    ] GC(1213) Pause Young (Concurrent Start) (G1 Humongous Allocation)
[2026-03-19T11:41:00.806+0800][577.295s][info][gc,task     ] GC(1213) Using 3 workers of 13 for evacuation
[2026-03-19T11:41:00.808+0800][577.297s][info][gc,phases   ] GC(1213)   Pre Evacuate Collection Set: 0.3ms
[2026-03-19T11:41:00.809+0800][577.298s][info][gc,phases   ] GC(1213)   Merge Heap Roots: 0.1ms
[2026-03-19T11:41:00.809+0800][577.298s][info][gc,phases   ] GC(1213)   Evacuate Collection Set: 1.0ms
[2026-03-19T11:41:00.809+0800][577.298s][info][gc,phases   ] GC(1213)   Post Evacuate Collection Set: 0.8ms
[2026-03-19T11:41:00.809+0800][577.298s][info][gc,phases   ] GC(1213)   Other: 0.5ms
[2026-03-19T11:41:00.809+0800][577.298s][info][gc,heap     ] GC(1213) Eden regions: 13->0(74)
[2026-03-19T11:41:00.809+0800][577.298s][info][gc,heap     ] GC(1213) Survivor regions: 2->2(10)
[2026-03-19T11:41:00.809+0800][577.298s][info][gc,heap     ] GC(1213) Old regions: 18->18
[2026-03-19T11:41:00.809+0800][577.298s][info][gc,heap     ] GC(1213) Archive regions: 0->0
[2026-03-19T11:41:00.809+0800][577.298s][info][gc,heap     ] GC(1213) Humongous regions: 39->9
[2026-03-19T11:41:00.809+0800][577.298s][info][gc,metaspace] GC(1213) Metaspace: 22913K(23232K)->22913K(23232K) NonClass: 20303K(20480K)->20303K(20480K) Class: 2610K(2752K)->2610K(2752K)
[2026-03-19T11:41:00.809+0800][577.298s][info][gc          ] GC(1213) Pause Young (Concurrent Start) (G1 Humongous Allocation) 70M->27M(128M) 3.648ms
[2026-03-19T11:41:00.809+0800][577.299s][info][gc,cpu      ] GC(1213) User=0.00s Sys=0.00s Real=0.00s
[2026-03-19T11:41:00.809+0800][577.299s][info][gc          ] GC(1214) Concurrent Undo Cycle
[2026-03-19T11:41:00.809+0800][577.299s][info][gc,marking  ] GC(1214) Concurrent Cleanup for Next Mark
[2026-03-19T11:41:00.810+0800][577.299s][info][gc,marking  ] GC(1214) Concurrent Cleanup for Next Mark 0.610ms
[2026-03-19T11:41:00.810+0800][577.300s][info][gc          ] GC(1214) Concurrent Undo Cycle 0.969ms
[2026-03-19T11:41:01.739+0800][578.228s][info][gc,start    ] GC(1215) Pause Young (Concurrent Start) (G1 Humongous Allocation)
[2026-03-19T11:41:01.739+0800][578.228s][info][gc,task     ] GC(1215) Using 3 workers of 13 for evacuation
[2026-03-19T11:41:01.741+0800][578.230s][info][gc,phases   ] GC(1215)   Pre Evacuate Collection Set: 0.1ms
[2026-03-19T11:41:01.741+0800][578.230s][info][gc,phases   ] GC(1215)   Merge Heap Roots: 0.1ms
[2026-03-19T11:41:01.741+0800][578.230s][info][gc,phases   ] GC(1215)   Evacuate Collection Set: 0.7ms
[2026-03-19T11:41:01.741+0800][578.230s][info][gc,phases   ] GC(1215)   Post Evacuate Collection Set: 0.8ms
[2026-03-19T11:41:01.741+0800][578.230s][info][gc,phases   ] GC(1215)   Other: 0.3ms
[2026-03-19T11:41:01.741+0800][578.230s][info][gc,heap     ] GC(1215) Eden regions: 13->0(74)
[2026-03-19T11:41:01.741+0800][578.230s][info][gc,heap     ] GC(1215) Survivor regions: 2->2(10)
[2026-03-19T11:41:01.741+0800][578.230s][info][gc,heap     ] GC(1215) Old regions: 18->18
[2026-03-19T11:41:01.741+0800][578.230s][info][gc,heap     ] GC(1215) Archive regions: 0->0
[2026-03-19T11:41:01.741+0800][578.230s][info][gc,heap     ] GC(1215) Humongous regions: 39->9
[2026-03-19T11:41:01.741+0800][578.230s][info][gc,metaspace] GC(1215) Metaspace: 22913K(23232K)->22913K(23232K) NonClass: 20303K(20480K)->20303K(20480K) Class: 2610K(2752K)->2610K(2752K)
[2026-03-19T11:41:01.741+0800][578.230s][info][gc          ] GC(1215) Pause Young (Concurrent Start) (G1 Humongous Allocation) 70M->27M(128M) 2.526ms
[2026-03-19T11:41:01.741+0800][578.231s][info][gc,cpu      ] GC(1215) User=0.00s Sys=0.00s Real=0.00s
[2026-03-19T11:41:01.741+0800][578.231s][info][gc          ] GC(1216) Concurrent Undo Cycle
[2026-03-19T11:41:01.742+0800][578.231s][info][gc,marking  ] GC(1216) Concurrent Cleanup for Next Mark
[2026-03-19T11:41:01.742+0800][578.231s][info][gc,marking  ] GC(1216) Concurrent Cleanup for Next Mark 0.320ms
[2026-03-19T11:41:01.742+0800][578.231s][info][gc          ] GC(1216) Concurrent Undo Cycle 0.496ms
[2026-03-19T11:41:02.678+0800][579.167s][info][gc,start    ] GC(1217) Pause Young (Concurrent Start) (G1 Humongous Allocation)
[2026-03-19T11:41:02.678+0800][579.167s][info][gc,task     ] GC(1217) Using 3 workers of 13 for evacuation
[2026-03-19T11:41:02.680+0800][579.170s][info][gc,phases   ] GC(1217)   Pre Evacuate Collection Set: 0.2ms
[2026-03-19T11:41:02.681+0800][579.170s][info][gc,phases   ] GC(1217)   Merge Heap Roots: 0.3ms
[2026-03-19T11:41:02.681+0800][579.170s][info][gc,phases   ] GC(1217)   Evacuate Collection Set: 0.7ms
[2026-03-19T11:41:02.681+0800][579.170s][info][gc,phases   ] GC(1217)   Post Evacuate Collection Set: 0.8ms
[2026-03-19T11:41:02.681+0800][579.170s][info][gc,phases   ] GC(1217)   Other: 0.6ms
[2026-03-19T11:41:02.681+0800][579.170s][info][gc,heap     ] GC(1217) Eden regions: 12->0(74)
[2026-03-19T11:41:02.681+0800][579.170s][info][gc,heap     ] GC(1217) Survivor regions: 2->2(10)
[2026-03-19T11:41:02.681+0800][579.170s][info][gc,heap     ] GC(1217) Old regions: 18->18
[2026-03-19T11:41:02.681+0800][579.170s][info][gc,heap     ] GC(1217) Archive regions: 0->0
[2026-03-19T11:41:02.681+0800][579.170s][info][gc,heap     ] GC(1217) Humongous regions: 39->9
[2026-03-19T11:41:02.681+0800][579.170s][info][gc,metaspace] GC(1217) Metaspace: 22913K(23232K)->22913K(23232K) NonClass: 20303K(20480K)->20303K(20480K) Class: 2610K(2752K)->2610K(2752K)
[2026-03-19T11:41:02.681+0800][579.170s][info][gc          ] GC(1217) Pause Young (Concurrent Start) (G1 Humongous Allocation) 69M->27M(128M) 3.171ms
[2026-03-19T11:41:02.681+0800][579.170s][info][gc,cpu      ] GC(1217) User=0.00s Sys=0.00s Real=0.00s
[2026-03-19T11:41:02.681+0800][579.170s][info][gc          ] GC(1218) Concurrent Undo Cycle
[2026-03-19T11:41:02.681+0800][579.171s][info][gc,marking  ] GC(1218) Concurrent Cleanup for Next Mark
[2026-03-19T11:41:02.682+0800][579.171s][info][gc,marking  ] GC(1218) Concurrent Cleanup for Next Mark 0.380ms
[2026-03-19T11:41:02.682+0800][579.171s][info][gc          ] GC(1218) Concurrent Undo Cycle 0.575ms
[2026-03-19T11:41:03.613+0800][580.102s][info][gc,start    ] GC(1219) Pause Young (Concurrent Start) (G1 Humongous Allocation)
[2026-03-19T11:41:03.613+0800][580.102s][info][gc,task     ] GC(1219) Using 3 workers of 13 for evacuation
[2026-03-19T11:41:03.615+0800][580.104s][info][gc,phases   ] GC(1219)   Pre Evacuate Collection Set: 0.2ms
[2026-03-19T11:41:03.615+0800][580.104s][info][gc,phases   ] GC(1219)   Merge Heap Roots: 0.1ms
[2026-03-19T11:41:03.615+0800][580.104s][info][gc,phases   ] GC(1219)   Evacuate Collection Set: 0.5ms
[2026-03-19T11:41:03.615+0800][580.104s][info][gc,phases   ] GC(1219)   Post Evacuate Collection Set: 0.7ms
[2026-03-19T11:41:03.615+0800][580.104s][info][gc,phases   ] GC(1219)   Other: 0.2ms
[2026-03-19T11:41:03.615+0800][580.104s][info][gc,heap     ] GC(1219) Eden regions: 12->0(74)
[2026-03-19T11:41:03.615+0800][580.104s][info][gc,heap     ] GC(1219) Survivor regions: 2->2(10)
[2026-03-19T11:41:03.615+0800][580.104s][info][gc,heap     ] GC(1219) Old regions: 18->18
[2026-03-19T11:41:03.615+0800][580.105s][info][gc,heap     ] GC(1219) Archive regions: 0->0
[2026-03-19T11:41:03.615+0800][580.105s][info][gc,heap     ] GC(1219) Humongous regions: 39->9
[2026-03-19T11:41:03.615+0800][580.105s][info][gc,metaspace] GC(1219) Metaspace: 22913K(23232K)->22913K(23232K) NonClass: 20303K(20480K)->20303K(20480K) Class: 2610K(2752K)->2610K(2752K)
[2026-03-19T11:41:03.615+0800][580.105s][info][gc          ] GC(1219) Pause Young (Concurrent Start) (G1 Humongous Allocation) 69M->27M(128M) 2.282ms
[2026-03-19T11:41:03.615+0800][580.105s][info][gc,cpu      ] GC(1219) User=0.00s Sys=0.00s Real=0.00s
[2026-03-19T11:41:03.615+0800][580.105s][info][gc          ] GC(1220) Concurrent Undo Cycle
[2026-03-19T11:41:03.615+0800][580.105s][info][gc,marking  ] GC(1220) Concurrent Cleanup for Next Mark
[2026-03-19T11:41:03.616+0800][580.105s][info][gc,marking  ] GC(1220) Concurrent Cleanup for Next Mark 0.351ms
[2026-03-19T11:41:03.616+0800][580.105s][info][gc          ] GC(1220) Concurrent Undo Cycle 0.506ms
[2026-03-19T11:41:04.543+0800][581.032s][info][gc,start    ] GC(1221) Pause Young (Concurrent Start) (G1 Humongous Allocation)
[2026-03-19T11:41:04.543+0800][581.032s][info][gc,task     ] GC(1221) Using 3 workers of 13 for evacuation
[2026-03-19T11:41:04.545+0800][581.034s][info][gc,phases   ] GC(1221)   Pre Evacuate Collection Set: 0.3ms
[2026-03-19T11:41:04.545+0800][581.034s][info][gc,phases   ] GC(1221)   Merge Heap Roots: 0.1ms
[2026-03-19T11:41:04.545+0800][581.034s][info][gc,phases   ] GC(1221)   Evacuate Collection Set: 0.6ms
[2026-03-19T11:41:04.545+0800][581.035s][info][gc,phases   ] GC(1221)   Post Evacuate Collection Set: 0.9ms
[2026-03-19T11:41:04.545+0800][581.035s][info][gc,phases   ] GC(1221)   Other: 0.3ms
[2026-03-19T11:41:04.545+0800][581.035s][info][gc,heap     ] GC(1221) Eden regions: 12->0(74)
[2026-03-19T11:41:04.545+0800][581.035s][info][gc,heap     ] GC(1221) Survivor regions: 2->2(10)
[2026-03-19T11:41:04.545+0800][581.035s][info][gc,heap     ] GC(1221) Old regions: 18->18
[2026-03-19T11:41:04.545+0800][581.035s][info][gc,heap     ] GC(1221) Archive regions: 0->0
[2026-03-19T11:41:04.545+0800][581.035s][info][gc,heap     ] GC(1221) Humongous regions: 39->9
[2026-03-19T11:41:04.546+0800][581.035s][info][gc,metaspace] GC(1221) Metaspace: 22913K(23232K)->22913K(23232K) NonClass: 20303K(20480K)->20303K(20480K) Class: 2610K(2752K)->2610K(2752K)
[2026-03-19T11:41:04.546+0800][581.035s][info][gc          ] GC(1221) Pause Young (Concurrent Start) (G1 Humongous Allocation) 69M->27M(128M) 2.668ms
[2026-03-19T11:41:04.546+0800][581.035s][info][gc,cpu      ] GC(1221) User=0.00s Sys=0.02s Real=0.00s
[2026-03-19T11:41:04.546+0800][581.035s][info][gc          ] GC(1222) Concurrent Undo Cycle
[2026-03-19T11:41:04.546+0800][581.035s][info][gc,marking  ] GC(1222) Concurrent Cleanup for Next Mark
[2026-03-19T11:41:04.546+0800][581.035s][info][gc,marking  ] GC(1222) Concurrent Cleanup for Next Mark 0.317ms
[2026-03-19T11:41:04.546+0800][581.036s][info][gc          ] GC(1222) Concurrent Undo Cycle 0.514ms
[2026-03-19T11:41:05.481+0800][581.970s][info][gc,start    ] GC(1223) Pause Young (Concurrent Start) (G1 Humongous Allocation)
[2026-03-19T11:41:05.481+0800][581.970s][info][gc,task     ] GC(1223) Using 3 workers of 13 for evacuation
[2026-03-19T11:41:05.483+0800][581.972s][info][gc,phases   ] GC(1223)   Pre Evacuate Collection Set: 0.2ms
[2026-03-19T11:41:05.483+0800][581.972s][info][gc,phases   ] GC(1223)   Merge Heap Roots: 0.1ms
[2026-03-19T11:41:05.483+0800][581.972s][info][gc,phases   ] GC(1223)   Evacuate Collection Set: 0.5ms
[2026-03-19T11:41:05.483+0800][581.972s][info][gc,phases   ] GC(1223)   Post Evacuate Collection Set: 0.6ms
[2026-03-19T11:41:05.483+0800][581.972s][info][gc,phases   ] GC(1223)   Other: 0.3ms
[2026-03-19T11:41:05.483+0800][581.972s][info][gc,heap     ] GC(1223) Eden regions: 13->0(74)
[2026-03-19T11:41:05.483+0800][581.972s][info][gc,heap     ] GC(1223) Survivor regions: 2->2(10)
[2026-03-19T11:41:05.483+0800][581.972s][info][gc,heap     ] GC(1223) Old regions: 18->18
[2026-03-19T11:41:05.483+0800][581.972s][info][gc,heap     ] GC(1223) Archive regions: 0->0
[2026-03-19T11:41:05.483+0800][581.972s][info][gc,heap     ] GC(1223) Humongous regions: 39->9
[2026-03-19T11:41:05.483+0800][581.972s][info][gc,metaspace] GC(1223) Metaspace: 22913K(23232K)->22913K(23232K) NonClass: 20303K(20480K)->20303K(20480K) Class: 2610K(2752K)->2610K(2752K)
[2026-03-19T11:41:05.483+0800][581.972s][info][gc          ] GC(1223) Pause Young (Concurrent Start) (G1 Humongous Allocation) 69M->27M(128M) 2.177ms
[2026-03-19T11:41:05.483+0800][581.972s][info][gc,cpu      ] GC(1223) User=0.00s Sys=0.00s Real=0.00s
[2026-03-19T11:41:05.483+0800][581.972s][info][gc          ] GC(1224) Concurrent Undo Cycle
[2026-03-19T11:41:05.483+0800][581.972s][info][gc,marking  ] GC(1224) Concurrent Cleanup for Next Mark
[2026-03-19T11:41:05.484+0800][581.973s][info][gc,marking  ] GC(1224) Concurrent Cleanup for Next Mark 0.296ms
[2026-03-19T11:41:05.484+0800][581.973s][info][gc          ] GC(1224) Concurrent Undo Cycle 0.459ms
[2026-03-19T11:41:06.422+0800][582.911s][info][gc,start    ] GC(1225) Pause Young (Concurrent Start) (G1 Humongous Allocation)
[2026-03-19T11:41:06.422+0800][582.912s][info][gc,task     ] GC(1225) Using 3 workers of 13 for evacuation
[2026-03-19T11:41:06.424+0800][582.914s][info][gc,phases   ] GC(1225)   Pre Evacuate Collection Set: 0.3ms
[2026-03-19T11:41:06.425+0800][582.914s][info][gc,phases   ] GC(1225)   Merge Heap Roots: 0.2ms
[2026-03-19T11:41:06.425+0800][582.914s][info][gc,phases   ] GC(1225)   Evacuate Collection Set: 0.8ms
[2026-03-19T11:41:06.425+0800][582.914s][info][gc,phases   ] GC(1225)   Post Evacuate Collection Set: 1.0ms
[2026-03-19T11:41:06.425+0800][582.915s][info][gc,phases   ] GC(1225)   Other: 0.6ms
[2026-03-19T11:41:06.425+0800][582.915s][info][gc,heap     ] GC(1225) Eden regions: 13->0(74)
[2026-03-19T11:41:06.425+0800][582.915s][info][gc,heap     ] GC(1225) Survivor regions: 2->2(10)
[2026-03-19T11:41:06.425+0800][582.915s][info][gc,heap     ] GC(1225) Old regions: 18->18
[2026-03-19T11:41:06.425+0800][582.915s][info][gc,heap     ] GC(1225) Archive regions: 0->0
[2026-03-19T11:41:06.425+0800][582.915s][info][gc,heap     ] GC(1225) Humongous regions: 39->9
[2026-03-19T11:41:06.425+0800][582.915s][info][gc,metaspace] GC(1225) Metaspace: 22913K(23232K)->22913K(23232K) NonClass: 20303K(20480K)->20303K(20480K) Class: 2610K(2752K)->2610K(2752K)
[2026-03-19T11:41:06.425+0800][582.915s][info][gc          ] GC(1225) Pause Young (Concurrent Start) (G1 Humongous Allocation) 70M->27M(128M) 3.862ms
[2026-03-19T11:41:06.426+0800][582.915s][info][gc,cpu      ] GC(1225) User=0.00s Sys=0.00s Real=0.00s
[2026-03-19T11:41:06.426+0800][582.915s][info][gc          ] GC(1226) Concurrent Undo Cycle
[2026-03-19T11:41:06.426+0800][582.916s][info][gc,marking  ] GC(1226) Concurrent Cleanup for Next Mark
[2026-03-19T11:41:06.427+0800][582.916s][info][gc,marking  ] GC(1226) Concurrent Cleanup for Next Mark 0.564ms
[2026-03-19T11:41:06.427+0800][582.917s][info][gc          ] GC(1226) Concurrent Undo Cycle 1.140ms
[2026-03-19T11:41:07.355+0800][583.845s][info][gc,start    ] GC(1227) Pause Young (Concurrent Start) (G1 Humongous Allocation)
[2026-03-19T11:41:07.355+0800][583.845s][info][gc,task     ] GC(1227) Using 3 workers of 13 for evacuation
[2026-03-19T11:41:07.357+0800][583.847s][info][gc,phases   ] GC(1227)   Pre Evacuate Collection Set: 0.2ms
[2026-03-19T11:41:07.357+0800][583.847s][info][gc,phases   ] GC(1227)   Merge Heap Roots: 0.1ms
[2026-03-19T11:41:07.357+0800][583.847s][info][gc,phases   ] GC(1227)   Evacuate Collection Set: 0.7ms
[2026-03-19T11:41:07.357+0800][583.847s][info][gc,phases   ] GC(1227)   Post Evacuate Collection Set: 0.8ms
[2026-03-19T11:41:07.357+0800][583.847s][info][gc,phases   ] GC(1227)   Other: 0.5ms
[2026-03-19T11:41:07.357+0800][583.847s][info][gc,heap     ] GC(1227) Eden regions: 13->0(74)
[2026-03-19T11:41:07.357+0800][583.847s][info][gc,heap     ] GC(1227) Survivor regions: 2->2(10)
[2026-03-19T11:41:07.357+0800][583.847s][info][gc,heap     ] GC(1227) Old regions: 18->18
[2026-03-19T11:41:07.357+0800][583.847s][info][gc,heap     ] GC(1227) Archive regions: 0->0
[2026-03-19T11:41:07.357+0800][583.847s][info][gc,heap     ] GC(1227) Humongous regions: 39->9
[2026-03-19T11:41:07.359+0800][583.848s][info][gc,metaspace] GC(1227) Metaspace: 22913K(23232K)->22913K(23232K) NonClass: 20303K(20480K)->20303K(20480K) Class: 2610K(2752K)->2610K(2752K)
[2026-03-19T11:41:07.359+0800][583.848s][info][gc          ] GC(1227) Pause Young (Concurrent Start) (G1 Humongous Allocation) 70M->27M(128M) 2.989ms
[2026-03-19T11:41:07.359+0800][583.848s][info][gc,cpu      ] GC(1227) User=0.00s Sys=0.02s Real=0.00s
[2026-03-19T11:41:07.359+0800][583.848s][info][gc          ] GC(1228) Concurrent Undo Cycle
[2026-03-19T11:41:07.359+0800][583.848s][info][gc,marking  ] GC(1228) Concurrent Cleanup for Next Mark
[2026-03-19T11:41:07.359+0800][583.848s][info][gc,marking  ] GC(1228) Concurrent Cleanup for Next Mark 0.389ms
[2026-03-19T11:41:07.359+0800][583.848s][info][gc          ] GC(1228) Concurrent Undo Cycle 0.670ms
[2026-03-19T11:41:08.289+0800][584.778s][info][gc,start    ] GC(1229) Pause Young (Concurrent Start) (G1 Humongous Allocation)
[2026-03-19T11:41:08.289+0800][584.778s][info][gc,task     ] GC(1229) Using 3 workers of 13 for evacuation
[2026-03-19T11:41:08.291+0800][584.780s][info][gc,phases   ] GC(1229)   Pre Evacuate Collection Set: 0.2ms
[2026-03-19T11:41:08.291+0800][584.780s][info][gc,phases   ] GC(1229)   Merge Heap Roots: 0.1ms
[2026-03-19T11:41:08.291+0800][584.780s][info][gc,phases   ] GC(1229)   Evacuate Collection Set: 0.6ms
[2026-03-19T11:41:08.291+0800][584.780s][info][gc,phases   ] GC(1229)   Post Evacuate Collection Set: 0.9ms
[2026-03-19T11:41:08.291+0800][584.780s][info][gc,phases   ] GC(1229)   Other: 0.2ms
[2026-03-19T11:41:08.291+0800][584.780s][info][gc,heap     ] GC(1229) Eden regions: 12->0(74)
[2026-03-19T11:41:08.291+0800][584.780s][info][gc,heap     ] GC(1229) Survivor regions: 2->2(10)
[2026-03-19T11:41:08.291+0800][584.780s][info][gc,heap     ] GC(1229) Old regions: 18->18
[2026-03-19T11:41:08.291+0800][584.780s][info][gc,heap     ] GC(1229) Archive regions: 0->0
[2026-03-19T11:41:08.291+0800][584.780s][info][gc,heap     ] GC(1229) Humongous regions: 39->9
[2026-03-19T11:41:08.291+0800][584.780s][info][gc,metaspace] GC(1229) Metaspace: 22913K(23232K)->22913K(23232K) NonClass: 20303K(20480K)->20303K(20480K) Class: 2610K(2752K)->2610K(2752K)
[2026-03-19T11:41:08.291+0800][584.780s][info][gc          ] GC(1229) Pause Young (Concurrent Start) (G1 Humongous Allocation) 69M->27M(128M) 2.455ms
[2026-03-19T11:41:08.291+0800][584.780s][info][gc,cpu      ] GC(1229) User=0.00s Sys=0.00s Real=0.00s
[2026-03-19T11:41:08.291+0800][584.780s][info][gc          ] GC(1230) Concurrent Undo Cycle
[2026-03-19T11:41:08.291+0800][584.780s][info][gc,marking  ] GC(1230) Concurrent Cleanup for Next Mark
[2026-03-19T11:41:08.292+0800][584.781s][info][gc,marking  ] GC(1230) Concurrent Cleanup for Next Mark 0.351ms
[2026-03-19T11:41:08.292+0800][584.781s][info][gc          ] GC(1230) Concurrent Undo Cycle 0.503ms
[2026-03-19T11:41:09.225+0800][585.715s][info][gc,start    ] GC(1231) Pause Young (Concurrent Start) (G1 Humongous Allocation)
[2026-03-19T11:41:09.225+0800][585.715s][info][gc,task     ] GC(1231) Using 3 workers of 13 for evacuation
[2026-03-19T11:41:09.227+0800][585.716s][info][gc,phases   ] GC(1231)   Pre Evacuate Collection Set: 0.1ms
[2026-03-19T11:41:09.227+0800][585.716s][info][gc,phases   ] GC(1231)   Merge Heap Roots: 0.1ms
[2026-03-19T11:41:09.227+0800][585.716s][info][gc,phases   ] GC(1231)   Evacuate Collection Set: 0.5ms
[2026-03-19T11:41:09.227+0800][585.716s][info][gc,phases   ] GC(1231)   Post Evacuate Collection Set: 0.7ms
[2026-03-19T11:41:09.227+0800][585.717s][info][gc,phases   ] GC(1231)   Other: 0.2ms
[2026-03-19T11:41:09.227+0800][585.717s][info][gc,heap     ] GC(1231) Eden regions: 13->0(74)
[2026-03-19T11:41:09.227+0800][585.717s][info][gc,heap     ] GC(1231) Survivor regions: 2->2(10)
[2026-03-19T11:41:09.227+0800][585.717s][info][gc,heap     ] GC(1231) Old regions: 18->18
[2026-03-19T11:41:09.227+0800][585.717s][info][gc,heap     ] GC(1231) Archive regions: 0->0
[2026-03-19T11:41:09.227+0800][585.717s][info][gc,heap     ] GC(1231) Humongous regions: 39->9
[2026-03-19T11:41:09.227+0800][585.717s][info][gc,metaspace] GC(1231) Metaspace: 22914K(23232K)->22914K(23232K) NonClass: 20304K(20480K)->20304K(20480K) Class: 2610K(2752K)->2610K(2752K)
[2026-03-19T11:41:09.227+0800][585.717s][info][gc          ] GC(1231) Pause Young (Concurrent Start) (G1 Humongous Allocation) 70M->27M(128M) 2.127ms
[2026-03-19T11:41:09.227+0800][585.717s][info][gc,cpu      ] GC(1231) User=0.00s Sys=0.00s Real=0.00s
[2026-03-19T11:41:09.227+0800][585.717s][info][gc          ] GC(1232) Concurrent Undo Cycle
[2026-03-19T11:41:09.227+0800][585.717s][info][gc,marking  ] GC(1232) Concurrent Cleanup for Next Mark
[2026-03-19T11:41:09.228+0800][585.717s][info][gc,marking  ] GC(1232) Concurrent Cleanup for Next Mark 0.328ms
[2026-03-19T11:41:09.228+0800][585.717s][info][gc          ] GC(1232) Concurrent Undo Cycle 0.484ms
[2026-03-19T11:41:10.157+0800][586.647s][info][gc,start    ] GC(1233) Pause Young (Concurrent Start) (G1 Humongous Allocation)
[2026-03-19T11:41:10.158+0800][586.647s][info][gc,task     ] GC(1233) Using 3 workers of 13 for evacuation
[2026-03-19T11:41:10.160+0800][586.649s][info][gc,phases   ] GC(1233)   Pre Evacuate Collection Set: 0.2ms
[2026-03-19T11:41:10.160+0800][586.649s][info][gc,phases   ] GC(1233)   Merge Heap Roots: 0.2ms
[2026-03-19T11:41:10.160+0800][586.649s][info][gc,phases   ] GC(1233)   Evacuate Collection Set: 0.7ms
[2026-03-19T11:41:10.160+0800][586.649s][info][gc,phases   ] GC(1233)   Post Evacuate Collection Set: 0.7ms
[2026-03-19T11:41:10.160+0800][586.649s][info][gc,phases   ] GC(1233)   Other: 0.4ms
[2026-03-19T11:41:10.160+0800][586.649s][info][gc,heap     ] GC(1233) Eden regions: 13->0(74)
[2026-03-19T11:41:10.160+0800][586.650s][info][gc,heap     ] GC(1233) Survivor regions: 2->2(10)
[2026-03-19T11:41:10.160+0800][586.650s][info][gc,heap     ] GC(1233) Old regions: 18->18
[2026-03-19T11:41:10.160+0800][586.650s][info][gc,heap     ] GC(1233) Archive regions: 0->0
[2026-03-19T11:41:10.160+0800][586.650s][info][gc,heap     ] GC(1233) Humongous regions: 39->9
[2026-03-19T11:41:10.160+0800][586.650s][info][gc,metaspace] GC(1233) Metaspace: 22914K(23232K)->22914K(23232K) NonClass: 20304K(20480K)->20304K(20480K) Class: 2610K(2752K)->2610K(2752K)
[2026-03-19T11:41:10.160+0800][586.650s][info][gc          ] GC(1233) Pause Young (Concurrent Start) (G1 Humongous Allocation) 70M->27M(128M) 2.647ms
[2026-03-19T11:41:10.160+0800][586.650s][info][gc,cpu      ] GC(1233) User=0.00s Sys=0.00s Real=0.00s
[2026-03-19T11:41:10.160+0800][586.650s][info][gc          ] GC(1234) Concurrent Undo Cycle
[2026-03-19T11:41:10.160+0800][586.650s][info][gc,marking  ] GC(1234) Concurrent Cleanup for Next Mark
[2026-03-19T11:41:10.161+0800][586.650s][info][gc,marking  ] GC(1234) Concurrent Cleanup for Next Mark 0.300ms
[2026-03-19T11:41:10.161+0800][586.650s][info][gc          ] GC(1234) Concurrent Undo Cycle 0.465ms
[2026-03-19T11:41:11.095+0800][587.585s][info][gc,start    ] GC(1235) Pause Young (Concurrent Start) (G1 Humongous Allocation)
[2026-03-19T11:41:11.095+0800][587.585s][info][gc,task     ] GC(1235) Using 3 workers of 13 for evacuation
[2026-03-19T11:41:11.097+0800][587.587s][info][gc,phases   ] GC(1235)   Pre Evacuate Collection Set: 0.2ms
[2026-03-19T11:41:11.097+0800][587.587s][info][gc,phases   ] GC(1235)   Merge Heap Roots: 0.2ms
[2026-03-19T11:41:11.097+0800][587.587s][info][gc,phases   ] GC(1235)   Evacuate Collection Set: 0.7ms
[2026-03-19T11:41:11.097+0800][587.587s][info][gc,phases   ] GC(1235)   Post Evacuate Collection Set: 0.9ms
[2026-03-19T11:41:11.098+0800][587.587s][info][gc,phases   ] GC(1235)   Other: 0.3ms
[2026-03-19T11:41:11.098+0800][587.587s][info][gc,heap     ] GC(1235) Eden regions: 13->0(74)
[2026-03-19T11:41:11.098+0800][587.587s][info][gc,heap     ] GC(1235) Survivor regions: 2->2(10)
[2026-03-19T11:41:11.098+0800][587.587s][info][gc,heap     ] GC(1235) Old regions: 18->18
[2026-03-19T11:41:11.098+0800][587.587s][info][gc,heap     ] GC(1235) Archive regions: 0->0
[2026-03-19T11:41:11.098+0800][587.587s][info][gc,heap     ] GC(1235) Humongous regions: 39->9
[2026-03-19T11:41:11.098+0800][587.587s][info][gc,metaspace] GC(1235) Metaspace: 22914K(23232K)->22914K(23232K) NonClass: 20304K(20480K)->20304K(20480K) Class: 2610K(2752K)->2610K(2752K)
[2026-03-19T11:41:11.098+0800][587.587s][info][gc          ] GC(1235) Pause Young (Concurrent Start) (G1 Humongous Allocation) 70M->27M(128M) 2.581ms
[2026-03-19T11:41:11.098+0800][587.587s][info][gc,cpu      ] GC(1235) User=0.00s Sys=0.00s Real=0.00s
[2026-03-19T11:41:11.098+0800][587.588s][info][gc          ] GC(1236) Concurrent Undo Cycle
[2026-03-19T11:41:11.098+0800][587.588s][info][gc,marking  ] GC(1236) Concurrent Cleanup for Next Mark
[2026-03-19T11:41:11.099+0800][587.588s][info][gc,marking  ] GC(1236) Concurrent Cleanup for Next Mark 0.311ms
[2026-03-19T11:41:11.099+0800][587.588s][info][gc          ] GC(1236) Concurrent Undo Cycle 0.507ms
[2026-03-19T11:41:12.041+0800][588.531s][info][gc,start    ] GC(1237) Pause Young (Concurrent Start) (G1 Humongous Allocation)
[2026-03-19T11:41:12.041+0800][588.531s][info][gc,task     ] GC(1237) Using 3 workers of 13 for evacuation
[2026-03-19T11:41:12.044+0800][588.534s][info][gc,phases   ] GC(1237)   Pre Evacuate Collection Set: 0.2ms
[2026-03-19T11:41:12.044+0800][588.534s][info][gc,phases   ] GC(1237)   Merge Heap Roots: 0.2ms
[2026-03-19T11:41:12.044+0800][588.534s][info][gc,phases   ] GC(1237)   Evacuate Collection Set: 0.9ms
[2026-03-19T11:41:12.044+0800][588.534s][info][gc,phases   ] GC(1237)   Post Evacuate Collection Set: 1.1ms
[2026-03-19T11:41:12.044+0800][588.534s][info][gc,phases   ] GC(1237)   Other: 0.6ms
[2026-03-19T11:41:12.044+0800][588.534s][info][gc,heap     ] GC(1237) Eden regions: 12->0(74)
[2026-03-19T11:41:12.044+0800][588.534s][info][gc,heap     ] GC(1237) Survivor regions: 2->2(10)
[2026-03-19T11:41:12.044+0800][588.534s][info][gc,heap     ] GC(1237) Old regions: 18->18
[2026-03-19T11:41:12.044+0800][588.534s][info][gc,heap     ] GC(1237) Archive regions: 0->0
[2026-03-19T11:41:12.044+0800][588.534s][info][gc,heap     ] GC(1237) Humongous regions: 39->9
[2026-03-19T11:41:12.045+0800][588.534s][info][gc,metaspace] GC(1237) Metaspace: 22914K(23232K)->22914K(23232K) NonClass: 20304K(20480K)->20304K(20480K) Class: 2610K(2752K)->2610K(2752K)
[2026-03-19T11:41:12.045+0800][588.534s][info][gc          ] GC(1237) Pause Young (Concurrent Start) (G1 Humongous Allocation) 69M->27M(128M) 3.683ms
[2026-03-19T11:41:12.045+0800][588.534s][info][gc,cpu      ] GC(1237) User=0.00s Sys=0.00s Real=0.00s
[2026-03-19T11:41:12.045+0800][588.534s][info][gc          ] GC(1238) Concurrent Undo Cycle
[2026-03-19T11:41:12.045+0800][588.535s][info][gc,marking  ] GC(1238) Concurrent Cleanup for Next Mark
[2026-03-19T11:41:12.045+0800][588.535s][info][gc,marking  ] GC(1238) Concurrent Cleanup for Next Mark 0.588ms
[2026-03-19T11:41:12.046+0800][588.535s][info][gc          ] GC(1238) Concurrent Undo Cycle 0.903ms
[2026-03-19T11:41:12.979+0800][589.468s][info][gc,start    ] GC(1239) Pause Young (Concurrent Start) (G1 Humongous Allocation)
[2026-03-19T11:41:12.979+0800][589.468s][info][gc,task     ] GC(1239) Using 3 workers of 13 for evacuation
[2026-03-19T11:41:12.980+0800][589.469s][info][gc,phases   ] GC(1239)   Pre Evacuate Collection Set: 0.1ms
[2026-03-19T11:41:12.980+0800][589.469s][info][gc,phases   ] GC(1239)   Merge Heap Roots: 0.1ms
[2026-03-19T11:41:12.980+0800][589.469s][info][gc,phases   ] GC(1239)   Evacuate Collection Set: 0.5ms
[2026-03-19T11:41:12.980+0800][589.469s][info][gc,phases   ] GC(1239)   Post Evacuate Collection Set: 0.4ms
[2026-03-19T11:41:12.980+0800][589.469s][info][gc,phases   ] GC(1239)   Other: 0.4ms
[2026-03-19T11:41:12.980+0800][589.469s][info][gc,heap     ] GC(1239) Eden regions: 12->0(74)
[2026-03-19T11:41:12.980+0800][589.469s][info][gc,heap     ] GC(1239) Survivor regions: 2->2(10)
[2026-03-19T11:41:12.980+0800][589.470s][info][gc,heap     ] GC(1239) Old regions: 18->18
[2026-03-19T11:41:12.980+0800][589.470s][info][gc,heap     ] GC(1239) Archive regions: 0->0
[2026-03-19T11:41:12.980+0800][589.470s][info][gc,heap     ] GC(1239) Humongous regions: 39->9
[2026-03-19T11:41:12.980+0800][589.470s][info][gc,metaspace] GC(1239) Metaspace: 22914K(23232K)->22914K(23232K) NonClass: 20304K(20480K)->20304K(20480K) Class: 2610K(2752K)->2610K(2752K)
[2026-03-19T11:41:12.980+0800][589.470s][info][gc          ] GC(1239) Pause Young (Concurrent Start) (G1 Humongous Allocation) 69M->27M(128M) 1.932ms
[2026-03-19T11:41:12.980+0800][589.470s][info][gc,cpu      ] GC(1239) User=0.00s Sys=0.00s Real=0.00s
[2026-03-19T11:41:12.980+0800][589.470s][info][gc          ] GC(1240) Concurrent Undo Cycle
[2026-03-19T11:41:12.980+0800][589.470s][info][gc,marking  ] GC(1240) Concurrent Cleanup for Next Mark
[2026-03-19T11:41:12.981+0800][589.470s][info][gc,marking  ] GC(1240) Concurrent Cleanup for Next Mark 0.242ms
[2026-03-19T11:41:12.981+0800][589.470s][info][gc          ] GC(1240) Concurrent Undo Cycle 0.462ms
[2026-03-19T11:41:13.906+0800][590.396s][info][gc,start    ] GC(1241) Pause Young (Concurrent Start) (G1 Humongous Allocation)
[2026-03-19T11:41:13.906+0800][590.396s][info][gc,task     ] GC(1241) Using 3 workers of 13 for evacuation
[2026-03-19T11:41:13.907+0800][590.397s][info][gc,phases   ] GC(1241)   Pre Evacuate Collection Set: 0.1ms
[2026-03-19T11:41:13.908+0800][590.397s][info][gc,phases   ] GC(1241)   Merge Heap Roots: 0.0ms
[2026-03-19T11:41:13.908+0800][590.397s][info][gc,phases   ] GC(1241)   Evacuate Collection Set: 0.5ms
[2026-03-19T11:41:13.908+0800][590.397s][info][gc,phases   ] GC(1241)   Post Evacuate Collection Set: 0.4ms
[2026-03-19T11:41:13.908+0800][590.397s][info][gc,phases   ] GC(1241)   Other: 0.3ms
[2026-03-19T11:41:13.908+0800][590.397s][info][gc,heap     ] GC(1241) Eden regions: 12->0(74)
[2026-03-19T11:41:13.908+0800][590.397s][info][gc,heap     ] GC(1241) Survivor regions: 2->2(10)
[2026-03-19T11:41:13.908+0800][590.397s][info][gc,heap     ] GC(1241) Old regions: 18->18
[2026-03-19T11:41:13.908+0800][590.398s][info][gc,heap     ] GC(1241) Archive regions: 0->0
[2026-03-19T11:41:13.908+0800][590.398s][info][gc,heap     ] GC(1241) Humongous regions: 39->9
[2026-03-19T11:41:13.908+0800][590.398s][info][gc,metaspace] GC(1241) Metaspace: 22914K(23232K)->22914K(23232K) NonClass: 20304K(20480K)->20304K(20480K) Class: 2610K(2752K)->2610K(2752K)
[2026-03-19T11:41:13.908+0800][590.398s][info][gc          ] GC(1241) Pause Young (Concurrent Start) (G1 Humongous Allocation) 69M->27M(128M) 1.487ms
[2026-03-19T11:41:13.908+0800][590.398s][info][gc,cpu      ] GC(1241) User=0.00s Sys=0.00s Real=0.00s
[2026-03-19T11:41:13.908+0800][590.398s][info][gc          ] GC(1242) Concurrent Undo Cycle
[2026-03-19T11:41:13.908+0800][590.398s][info][gc,marking  ] GC(1242) Concurrent Cleanup for Next Mark
[2026-03-19T11:41:13.908+0800][590.398s][info][gc,marking  ] GC(1242) Concurrent Cleanup for Next Mark 0.175ms
[2026-03-19T11:41:13.908+0800][590.398s][info][gc          ] GC(1242) Concurrent Undo Cycle 0.302ms
[2026-03-19T11:41:14.828+0800][591.318s][info][gc,start    ] GC(1243) Pause Young (Concurrent Start) (G1 Humongous Allocation)
[2026-03-19T11:41:14.828+0800][591.318s][info][gc,task     ] GC(1243) Using 3 workers of 13 for evacuation
[2026-03-19T11:41:14.831+0800][591.320s][info][gc,phases   ] GC(1243)   Pre Evacuate Collection Set: 0.2ms
[2026-03-19T11:41:14.832+0800][591.320s][info][gc,phases   ] GC(1243)   Merge Heap Roots: 0.1ms
[2026-03-19T11:41:14.832+0800][591.321s][info][gc,phases   ] GC(1243)   Evacuate Collection Set: 1.0ms
[2026-03-19T11:41:14.832+0800][591.321s][info][gc,phases   ] GC(1243)   Post Evacuate Collection Set: 0.9ms
[2026-03-19T11:41:14.832+0800][591.321s][info][gc,phases   ] GC(1243)   Other: 0.5ms
[2026-03-19T11:41:14.832+0800][591.321s][info][gc,heap     ] GC(1243) Eden regions: 13->0(74)
[2026-03-19T11:41:14.832+0800][591.321s][info][gc,heap     ] GC(1243) Survivor regions: 2->2(10)
[2026-03-19T11:41:14.832+0800][591.321s][info][gc,heap     ] GC(1243) Old regions: 18->18
[2026-03-19T11:41:14.832+0800][591.321s][info][gc,heap     ] GC(1243) Archive regions: 0->0
[2026-03-19T11:41:14.832+0800][591.321s][info][gc,heap     ] GC(1243) Humongous regions: 39->9
[2026-03-19T11:41:14.832+0800][591.321s][info][gc,metaspace] GC(1243) Metaspace: 22914K(23232K)->22914K(23232K) NonClass: 20304K(20480K)->20304K(20480K) Class: 2610K(2752K)->2610K(2752K)
[2026-03-19T11:41:14.832+0800][591.321s][info][gc          ] GC(1243) Pause Young (Concurrent Start) (G1 Humongous Allocation) 70M->27M(128M) 3.484ms
[2026-03-19T11:41:14.832+0800][591.321s][info][gc,cpu      ] GC(1243) User=0.00s Sys=0.00s Real=0.00s
[2026-03-19T11:41:14.832+0800][591.321s][info][gc          ] GC(1244) Concurrent Undo Cycle
[2026-03-19T11:41:14.833+0800][591.322s][info][gc,marking  ] GC(1244) Concurrent Cleanup for Next Mark
[2026-03-19T11:41:14.833+0800][591.322s][info][gc,marking  ] GC(1244) Concurrent Cleanup for Next Mark 0.492ms
[2026-03-19T11:41:14.833+0800][591.322s][info][gc          ] GC(1244) Concurrent Undo Cycle 0.922ms
[2026-03-19T11:41:15.779+0800][592.269s][info][gc,start    ] GC(1245) Pause Young (Concurrent Start) (G1 Humongous Allocation)
[2026-03-19T11:41:15.780+0800][592.269s][info][gc,task     ] GC(1245) Using 3 workers of 13 for evacuation
[2026-03-19T11:41:15.782+0800][592.271s][info][gc,phases   ] GC(1245)   Pre Evacuate Collection Set: 0.2ms
[2026-03-19T11:41:15.782+0800][592.271s][info][gc,phases   ] GC(1245)   Merge Heap Roots: 0.2ms
[2026-03-19T11:41:15.782+0800][592.272s][info][gc,phases   ] GC(1245)   Evacuate Collection Set: 0.9ms
[2026-03-19T11:41:15.782+0800][592.272s][info][gc,phases   ] GC(1245)   Post Evacuate Collection Set: 0.8ms
[2026-03-19T11:41:15.782+0800][592.272s][info][gc,phases   ] GC(1245)   Other: 0.7ms
[2026-03-19T11:41:15.783+0800][592.272s][info][gc,heap     ] GC(1245) Eden regions: 13->0(74)
[2026-03-19T11:41:15.783+0800][592.272s][info][gc,heap     ] GC(1245) Survivor regions: 2->2(10)
[2026-03-19T11:41:15.783+0800][592.272s][info][gc,heap     ] GC(1245) Old regions: 18->18
[2026-03-19T11:41:15.783+0800][592.272s][info][gc,heap     ] GC(1245) Archive regions: 0->0
[2026-03-19T11:41:15.783+0800][592.272s][info][gc,heap     ] GC(1245) Humongous regions: 39->9
[2026-03-19T11:41:15.783+0800][592.272s][info][gc,metaspace] GC(1245) Metaspace: 22914K(23232K)->22914K(23232K) NonClass: 20304K(20480K)->20304K(20480K) Class: 2610K(2752K)->2610K(2752K)
[2026-03-19T11:41:15.783+0800][592.272s][info][gc          ] GC(1245) Pause Young (Concurrent Start) (G1 Humongous Allocation) 70M->27M(128M) 3.768ms
[2026-03-19T11:41:15.783+0800][592.272s][info][gc,cpu      ] GC(1245) User=0.00s Sys=0.00s Real=0.00s
[2026-03-19T11:41:15.783+0800][592.273s][info][gc          ] GC(1246) Concurrent Undo Cycle
[2026-03-19T11:41:15.783+0800][592.273s][info][gc,marking  ] GC(1246) Concurrent Cleanup for Next Mark
[2026-03-19T11:41:15.784+0800][592.273s][info][gc,marking  ] GC(1246) Concurrent Cleanup for Next Mark 0.584ms
[2026-03-19T11:41:15.784+0800][592.273s][info][gc          ] GC(1246) Concurrent Undo Cycle 0.944ms
[2026-03-19T11:41:16.729+0800][593.218s][info][gc,start    ] GC(1247) Pause Young (Concurrent Start) (G1 Humongous Allocation)
[2026-03-19T11:41:16.729+0800][593.218s][info][gc,task     ] GC(1247) Using 3 workers of 13 for evacuation
[2026-03-19T11:41:16.732+0800][593.221s][info][gc,phases   ] GC(1247)   Pre Evacuate Collection Set: 0.3ms
[2026-03-19T11:41:16.732+0800][593.221s][info][gc,phases   ] GC(1247)   Merge Heap Roots: 0.2ms
[2026-03-19T11:41:16.732+0800][593.221s][info][gc,phases   ] GC(1247)   Evacuate Collection Set: 0.8ms
[2026-03-19T11:41:16.732+0800][593.221s][info][gc,phases   ] GC(1247)   Post Evacuate Collection Set: 0.9ms
[2026-03-19T11:41:16.732+0800][593.221s][info][gc,phases   ] GC(1247)   Other: 0.7ms
[2026-03-19T11:41:16.732+0800][593.221s][info][gc,heap     ] GC(1247) Eden regions: 13->0(74)
[2026-03-19T11:41:16.732+0800][593.222s][info][gc,heap     ] GC(1247) Survivor regions: 2->2(10)
[2026-03-19T11:41:16.732+0800][593.222s][info][gc,heap     ] GC(1247) Old regions: 18->18
[2026-03-19T11:41:16.732+0800][593.222s][info][gc,heap     ] GC(1247) Archive regions: 0->0
[2026-03-19T11:41:16.732+0800][593.222s][info][gc,heap     ] GC(1247) Humongous regions: 39->9
[2026-03-19T11:41:16.733+0800][593.222s][info][gc,metaspace] GC(1247) Metaspace: 22914K(23232K)->22914K(23232K) NonClass: 20304K(20480K)->20304K(20480K) Class: 2610K(2752K)->2610K(2752K)
[2026-03-19T11:41:16.733+0800][593.222s][info][gc          ] GC(1247) Pause Young (Concurrent Start) (G1 Humongous Allocation) 70M->27M(128M) 3.920ms
[2026-03-19T11:41:16.733+0800][593.222s][info][gc,cpu      ] GC(1247) User=0.03s Sys=0.02s Real=0.00s
[2026-03-19T11:41:16.733+0800][593.222s][info][gc          ] GC(1248) Concurrent Undo Cycle
[2026-03-19T11:41:16.733+0800][593.223s][info][gc,marking  ] GC(1248) Concurrent Cleanup for Next Mark
[2026-03-19T11:41:16.734+0800][593.223s][info][gc,marking  ] GC(1248) Concurrent Cleanup for Next Mark 0.584ms
[2026-03-19T11:41:16.734+0800][593.223s][info][gc          ] GC(1248) Concurrent Undo Cycle 1.068ms
[2026-03-19T11:41:17.666+0800][594.156s][info][gc,start    ] GC(1249) Pause Young (Concurrent Start) (G1 Humongous Allocation)
[2026-03-19T11:41:17.666+0800][594.156s][info][gc,task     ] GC(1249) Using 3 workers of 13 for evacuation
[2026-03-19T11:41:17.669+0800][594.158s][info][gc,phases   ] GC(1249)   Pre Evacuate Collection Set: 0.3ms
[2026-03-19T11:41:17.669+0800][594.158s][info][gc,phases   ] GC(1249)   Merge Heap Roots: 0.3ms
[2026-03-19T11:41:17.669+0800][594.158s][info][gc,phases   ] GC(1249)   Evacuate Collection Set: 0.8ms
[2026-03-19T11:41:17.669+0800][594.159s][info][gc,phases   ] GC(1249)   Post Evacuate Collection Set: 1.0ms
[2026-03-19T11:41:17.669+0800][594.159s][info][gc,phases   ] GC(1249)   Other: 0.4ms
[2026-03-19T11:41:17.669+0800][594.159s][info][gc,heap     ] GC(1249) Eden regions: 13->0(74)
[2026-03-19T11:41:17.669+0800][594.159s][info][gc,heap     ] GC(1249) Survivor regions: 2->2(10)
[2026-03-19T11:41:17.669+0800][594.159s][info][gc,heap     ] GC(1249) Old regions: 18->18
[2026-03-19T11:41:17.669+0800][594.159s][info][gc,heap     ] GC(1249) Archive regions: 0->0
[2026-03-19T11:41:17.669+0800][594.159s][info][gc,heap     ] GC(1249) Humongous regions: 39->9
[2026-03-19T11:41:17.670+0800][594.159s][info][gc,metaspace] GC(1249) Metaspace: 22914K(23232K)->22914K(23232K) NonClass: 20304K(20480K)->20304K(20480K) Class: 2610K(2752K)->2610K(2752K)
[2026-03-19T11:41:17.670+0800][594.159s][info][gc          ] GC(1249) Pause Young (Concurrent Start) (G1 Humongous Allocation) 70M->27M(128M) 3.616ms
[2026-03-19T11:41:17.670+0800][594.159s][info][gc,cpu      ] GC(1249) User=0.03s Sys=0.00s Real=0.00s
[2026-03-19T11:41:17.670+0800][594.159s][info][gc          ] GC(1250) Concurrent Undo Cycle
[2026-03-19T11:41:17.670+0800][594.160s][info][gc,marking  ] GC(1250) Concurrent Cleanup for Next Mark
[2026-03-19T11:41:17.670+0800][594.160s][info][gc,marking  ] GC(1250) Concurrent Cleanup for Next Mark 0.441ms
[2026-03-19T11:41:17.671+0800][594.160s][info][gc          ] GC(1250) Concurrent Undo Cycle 0.766ms
[2026-03-19T11:41:18.600+0800][595.090s][info][gc,start    ] GC(1251) Pause Young (Concurrent Start) (G1 Humongous Allocation)
[2026-03-19T11:41:18.601+0800][595.090s][info][gc,task     ] GC(1251) Using 3 workers of 13 for evacuation
[2026-03-19T11:41:18.603+0800][595.093s][info][gc,phases   ] GC(1251)   Pre Evacuate Collection Set: 0.2ms
[2026-03-19T11:41:18.603+0800][595.093s][info][gc,phases   ] GC(1251)   Merge Heap Roots: 0.2ms
[2026-03-19T11:41:18.603+0800][595.093s][info][gc,phases   ] GC(1251)   Evacuate Collection Set: 0.9ms
[2026-03-19T11:41:18.603+0800][595.093s][info][gc,phases   ] GC(1251)   Post Evacuate Collection Set: 0.8ms
[2026-03-19T11:41:18.604+0800][595.093s][info][gc,phases   ] GC(1251)   Other: 0.8ms
[2026-03-19T11:41:18.604+0800][595.093s][info][gc,heap     ] GC(1251) Eden regions: 13->0(74)
[2026-03-19T11:41:18.604+0800][595.093s][info][gc,heap     ] GC(1251) Survivor regions: 2->2(10)
[2026-03-19T11:41:18.604+0800][595.093s][info][gc,heap     ] GC(1251) Old regions: 18->18
[2026-03-19T11:41:18.604+0800][595.093s][info][gc,heap     ] GC(1251) Archive regions: 0->0
[2026-03-19T11:41:18.604+0800][595.094s][info][gc,heap     ] GC(1251) Humongous regions: 39->9
[2026-03-19T11:41:18.604+0800][595.094s][info][gc,metaspace] GC(1251) Metaspace: 22914K(23232K)->22914K(23232K) NonClass: 20304K(20480K)->20304K(20480K) Class: 2610K(2752K)->2610K(2752K)
[2026-03-19T11:41:18.604+0800][595.094s][info][gc          ] GC(1251) Pause Young (Concurrent Start) (G1 Humongous Allocation) 70M->27M(128M) 3.661ms
[2026-03-19T11:41:18.604+0800][595.094s][info][gc,cpu      ] GC(1251) User=0.00s Sys=0.00s Real=0.00s
[2026-03-19T11:41:18.604+0800][595.094s][info][gc          ] GC(1252) Concurrent Undo Cycle
[2026-03-19T11:41:18.604+0800][595.094s][info][gc,marking  ] GC(1252) Concurrent Cleanup for Next Mark
[2026-03-19T11:41:18.605+0800][595.094s][info][gc,marking  ] GC(1252) Concurrent Cleanup for Next Mark 0.428ms
[2026-03-19T11:41:18.605+0800][595.095s][info][gc          ] GC(1252) Concurrent Undo Cycle 0.746ms
[2026-03-19T11:41:19.550+0800][596.040s][info][gc,start    ] GC(1253) Pause Young (Concurrent Start) (G1 Humongous Allocation)
[2026-03-19T11:41:19.550+0800][596.040s][info][gc,task     ] GC(1253) Using 3 workers of 13 for evacuation
[2026-03-19T11:41:19.554+0800][596.042s][info][gc,phases   ] GC(1253)   Pre Evacuate Collection Set: 0.2ms
[2026-03-19T11:41:19.554+0800][596.043s][info][gc,phases   ] GC(1253)   Merge Heap Roots: 0.2ms
[2026-03-19T11:41:19.554+0800][596.043s][info][gc,phases   ] GC(1253)   Evacuate Collection Set: 0.8ms
[2026-03-19T11:41:19.554+0800][596.043s][info][gc,phases   ] GC(1253)   Post Evacuate Collection Set: 0.8ms
[2026-03-19T11:41:19.554+0800][596.043s][info][gc,phases   ] GC(1253)   Other: 0.6ms
[2026-03-19T11:41:19.554+0800][596.043s][info][gc,heap     ] GC(1253) Eden regions: 13->0(74)
[2026-03-19T11:41:19.554+0800][596.043s][info][gc,heap     ] GC(1253) Survivor regions: 2->2(10)
[2026-03-19T11:41:19.554+0800][596.043s][info][gc,heap     ] GC(1253) Old regions: 18->18
[2026-03-19T11:41:19.554+0800][596.043s][info][gc,heap     ] GC(1253) Archive regions: 0->0
[2026-03-19T11:41:19.554+0800][596.043s][info][gc,heap     ] GC(1253) Humongous regions: 39->9
[2026-03-19T11:41:19.554+0800][596.043s][info][gc,metaspace] GC(1253) Metaspace: 22914K(23232K)->22914K(23232K) NonClass: 20304K(20480K)->20304K(20480K) Class: 2610K(2752K)->2610K(2752K)
[2026-03-19T11:41:19.554+0800][596.043s][info][gc          ] GC(1253) Pause Young (Concurrent Start) (G1 Humongous Allocation) 70M->27M(128M) 3.381ms
[2026-03-19T11:41:19.554+0800][596.043s][info][gc,cpu      ] GC(1253) User=0.00s Sys=0.00s Real=0.00s
[2026-03-19T11:41:19.554+0800][596.043s][info][gc          ] GC(1254) Concurrent Undo Cycle
[2026-03-19T11:41:19.554+0800][596.044s][info][gc,marking  ] GC(1254) Concurrent Cleanup for Next Mark
[2026-03-19T11:41:19.554+0800][596.044s][info][gc,marking  ] GC(1254) Concurrent Cleanup for Next Mark 0.518ms
[2026-03-19T11:41:19.555+0800][596.044s][info][gc          ] GC(1254) Concurrent Undo Cycle 0.888ms
[2026-03-19T11:41:20.500+0800][596.990s][info][gc,start    ] GC(1255) Pause Young (Concurrent Start) (G1 Humongous Allocation)
[2026-03-19T11:41:20.501+0800][596.990s][info][gc,task     ] GC(1255) Using 3 workers of 13 for evacuation
[2026-03-19T11:41:20.503+0800][596.992s][info][gc,phases   ] GC(1255)   Pre Evacuate Collection Set: 0.1ms
[2026-03-19T11:41:20.503+0800][596.992s][info][gc,phases   ] GC(1255)   Merge Heap Roots: 0.1ms
[2026-03-19T11:41:20.503+0800][596.992s][info][gc,phases   ] GC(1255)   Evacuate Collection Set: 0.6ms
[2026-03-19T11:41:20.503+0800][596.992s][info][gc,phases   ] GC(1255)   Post Evacuate Collection Set: 0.9ms
[2026-03-19T11:41:20.503+0800][596.992s][info][gc,phases   ] GC(1255)   Other: 0.5ms
[2026-03-19T11:41:20.503+0800][596.992s][info][gc,heap     ] GC(1255) Eden regions: 12->0(74)
[2026-03-19T11:41:20.503+0800][596.993s][info][gc,heap     ] GC(1255) Survivor regions: 2->2(10)
[2026-03-19T11:41:20.503+0800][596.993s][info][gc,heap     ] GC(1255) Old regions: 18->18
[2026-03-19T11:41:20.503+0800][596.993s][info][gc,heap     ] GC(1255) Archive regions: 0->0
[2026-03-19T11:41:20.503+0800][596.993s][info][gc,heap     ] GC(1255) Humongous regions: 39->9
[2026-03-19T11:41:20.503+0800][596.993s][info][gc,metaspace] GC(1255) Metaspace: 22914K(23232K)->22914K(23232K) NonClass: 20304K(20480K)->20304K(20480K) Class: 2610K(2752K)->2610K(2752K)
[2026-03-19T11:41:20.503+0800][596.993s][info][gc          ] GC(1255) Pause Young (Concurrent Start) (G1 Humongous Allocation) 69M->27M(128M) 2.835ms
[2026-03-19T11:41:20.503+0800][596.993s][info][gc,cpu      ] GC(1255) User=0.00s Sys=0.00s Real=0.00s
[2026-03-19T11:41:20.503+0800][596.993s][info][gc          ] GC(1256) Concurrent Undo Cycle
[2026-03-19T11:41:20.503+0800][596.993s][info][gc,marking  ] GC(1256) Concurrent Cleanup for Next Mark
[2026-03-19T11:41:20.504+0800][596.993s][info][gc,marking  ] GC(1256) Concurrent Cleanup for Next Mark 0.358ms
[2026-03-19T11:41:20.504+0800][596.993s][info][gc          ] GC(1256) Concurrent Undo Cycle 0.569ms
[2026-03-19T11:41:21.437+0800][597.927s][info][gc,start    ] GC(1257) Pause Young (Concurrent Start) (G1 Humongous Allocation)
[2026-03-19T11:41:21.437+0800][597.927s][info][gc,task     ] GC(1257) Using 3 workers of 13 for evacuation
[2026-03-19T11:41:21.439+0800][597.929s][info][gc,phases   ] GC(1257)   Pre Evacuate Collection Set: 0.2ms
[2026-03-19T11:41:21.439+0800][597.929s][info][gc,phases   ] GC(1257)   Merge Heap Roots: 0.2ms
[2026-03-19T11:41:21.439+0800][597.929s][info][gc,phases   ] GC(1257)   Evacuate Collection Set: 0.6ms
[2026-03-19T11:41:21.439+0800][597.929s][info][gc,phases   ] GC(1257)   Post Evacuate Collection Set: 0.9ms
[2026-03-19T11:41:21.439+0800][597.929s][info][gc,phases   ] GC(1257)   Other: 0.5ms
[2026-03-19T11:41:21.441+0800][597.929s][info][gc,heap     ] GC(1257) Eden regions: 12->0(74)
[2026-03-19T11:41:21.441+0800][597.930s][info][gc,heap     ] GC(1257) Survivor regions: 2->2(10)
[2026-03-19T11:41:21.441+0800][597.930s][info][gc,heap     ] GC(1257) Old regions: 18->18
[2026-03-19T11:41:21.441+0800][597.930s][info][gc,heap     ] GC(1257) Archive regions: 0->0
[2026-03-19T11:41:21.441+0800][597.930s][info][gc,heap     ] GC(1257) Humongous regions: 39->9
[2026-03-19T11:41:21.441+0800][597.930s][info][gc,metaspace] GC(1257) Metaspace: 22914K(23232K)->22914K(23232K) NonClass: 20304K(20480K)->20304K(20480K) Class: 2610K(2752K)->2610K(2752K)
[2026-03-19T11:41:21.441+0800][597.930s][info][gc          ] GC(1257) Pause Young (Concurrent Start) (G1 Humongous Allocation) 69M->27M(128M) 3.090ms
[2026-03-19T11:41:21.441+0800][597.930s][info][gc,cpu      ] GC(1257) User=0.00s Sys=0.00s Real=0.00s
[2026-03-19T11:41:21.441+0800][597.930s][info][gc          ] GC(1258) Concurrent Undo Cycle
[2026-03-19T11:41:21.441+0800][597.930s][info][gc,marking  ] GC(1258) Concurrent Cleanup for Next Mark
[2026-03-19T11:41:21.442+0800][597.930s][info][gc,marking  ] GC(1258) Concurrent Cleanup for Next Mark 0.308ms
[2026-03-19T11:41:21.442+0800][597.931s][info][gc          ] GC(1258) Concurrent Undo Cycle 0.528ms
[2026-03-19T11:41:22.373+0800][598.863s][info][gc,start    ] GC(1259) Pause Young (Concurrent Start) (G1 Humongous Allocation)
[2026-03-19T11:41:22.373+0800][598.863s][info][gc,task     ] GC(1259) Using 3 workers of 13 for evacuation
[2026-03-19T11:41:22.375+0800][598.865s][info][gc,phases   ] GC(1259)   Pre Evacuate Collection Set: 0.2ms
[2026-03-19T11:41:22.375+0800][598.865s][info][gc,phases   ] GC(1259)   Merge Heap Roots: 0.1ms
[2026-03-19T11:41:22.375+0800][598.865s][info][gc,phases   ] GC(1259)   Evacuate Collection Set: 0.6ms
[2026-03-19T11:41:22.375+0800][598.865s][info][gc,phases   ] GC(1259)   Post Evacuate Collection Set: 0.9ms
[2026-03-19T11:41:22.375+0800][598.865s][info][gc,phases   ] GC(1259)   Other: 0.3ms
[2026-03-19T11:41:22.375+0800][598.865s][info][gc,heap     ] GC(1259) Eden regions: 12->0(74)
[2026-03-19T11:41:22.375+0800][598.865s][info][gc,heap     ] GC(1259) Survivor regions: 2->2(10)
[2026-03-19T11:41:22.375+0800][598.865s][info][gc,heap     ] GC(1259) Old regions: 18->18
[2026-03-19T11:41:22.375+0800][598.865s][info][gc,heap     ] GC(1259) Archive regions: 0->0
[2026-03-19T11:41:22.375+0800][598.865s][info][gc,heap     ] GC(1259) Humongous regions: 39->9
[2026-03-19T11:41:22.375+0800][598.865s][info][gc,metaspace] GC(1259) Metaspace: 22914K(23232K)->22914K(23232K) NonClass: 20304K(20480K)->20304K(20480K) Class: 2610K(2752K)->2610K(2752K)
[2026-03-19T11:41:22.375+0800][598.865s][info][gc          ] GC(1259) Pause Young (Concurrent Start) (G1 Humongous Allocation) 69M->27M(128M) 2.493ms
[2026-03-19T11:41:22.375+0800][598.865s][info][gc,cpu      ] GC(1259) User=0.00s Sys=0.00s Real=0.00s
[2026-03-19T11:41:22.376+0800][598.865s][info][gc          ] GC(1260) Concurrent Undo Cycle
[2026-03-19T11:41:22.376+0800][598.866s][info][gc,marking  ] GC(1260) Concurrent Cleanup for Next Mark
[2026-03-19T11:41:22.376+0800][598.866s][info][gc,marking  ] GC(1260) Concurrent Cleanup for Next Mark 0.376ms
[2026-03-19T11:41:22.376+0800][598.866s][info][gc          ] GC(1260) Concurrent Undo Cycle 0.581ms
[2026-03-19T11:41:23.311+0800][599.800s][info][gc,start    ] GC(1261) Pause Young (Concurrent Start) (G1 Humongous Allocation)
[2026-03-19T11:41:23.311+0800][599.801s][info][gc,task     ] GC(1261) Using 3 workers of 13 for evacuation
[2026-03-19T11:41:23.313+0800][599.802s][info][gc,phases   ] GC(1261)   Pre Evacuate Collection Set: 0.2ms
[2026-03-19T11:41:23.313+0800][599.803s][info][gc,phases   ] GC(1261)   Merge Heap Roots: 0.1ms
[2026-03-19T11:41:23.313+0800][599.803s][info][gc,phases   ] GC(1261)   Evacuate Collection Set: 0.6ms
[2026-03-19T11:41:23.313+0800][599.803s][info][gc,phases   ] GC(1261)   Post Evacuate Collection Set: 0.8ms
[2026-03-19T11:41:23.313+0800][599.803s][info][gc,phases   ] GC(1261)   Other: 0.3ms
[2026-03-19T11:41:23.313+0800][599.803s][info][gc,heap     ] GC(1261) Eden regions: 13->0(74)
[2026-03-19T11:41:23.313+0800][599.803s][info][gc,heap     ] GC(1261) Survivor regions: 2->2(10)
[2026-03-19T11:41:23.313+0800][599.803s][info][gc,heap     ] GC(1261) Old regions: 18->18
[2026-03-19T11:41:23.313+0800][599.803s][info][gc,heap     ] GC(1261) Archive regions: 0->0
[2026-03-19T11:41:23.314+0800][599.803s][info][gc,heap     ] GC(1261) Humongous regions: 39->9
[2026-03-19T11:41:23.314+0800][599.803s][info][gc,metaspace] GC(1261) Metaspace: 22914K(23232K)->22914K(23232K) NonClass: 20304K(20480K)->20304K(20480K) Class: 2610K(2752K)->2610K(2752K)
[2026-03-19T11:41:23.314+0800][599.803s][info][gc          ] GC(1261) Pause Young (Concurrent Start) (G1 Humongous Allocation) 70M->27M(128M) 2.512ms
[2026-03-19T11:41:23.314+0800][599.803s][info][gc,cpu      ] GC(1261) User=0.00s Sys=0.00s Real=0.00s
[2026-03-19T11:41:23.314+0800][599.803s][info][gc          ] GC(1262) Concurrent Undo Cycle
[2026-03-19T11:41:23.314+0800][599.803s][info][gc,marking  ] GC(1262) Concurrent Cleanup for Next Mark
[2026-03-19T11:41:23.314+0800][599.804s][info][gc,marking  ] GC(1262) Concurrent Cleanup for Next Mark 0.350ms
[2026-03-19T11:41:23.314+0800][599.804s][info][gc          ] GC(1262) Concurrent Undo Cycle 0.606ms
[2026-03-19T11:41:24.246+0800][600.735s][info][gc,start    ] GC(1263) Pause Young (Concurrent Start) (G1 Humongous Allocation)
[2026-03-19T11:41:24.246+0800][600.736s][info][gc,task     ] GC(1263) Using 3 workers of 13 for evacuation
[2026-03-19T11:41:24.248+0800][600.738s][info][gc,phases   ] GC(1263)   Pre Evacuate Collection Set: 0.2ms
[2026-03-19T11:41:24.248+0800][600.738s][info][gc,phases   ] GC(1263)   Merge Heap Roots: 0.2ms
[2026-03-19T11:41:24.248+0800][600.738s][info][gc,phases   ] GC(1263)   Evacuate Collection Set: 0.6ms
[2026-03-19T11:41:24.248+0800][600.738s][info][gc,phases   ] GC(1263)   Post Evacuate Collection Set: 1.0ms
[2026-03-19T11:41:24.248+0800][600.738s][info][gc,phases   ] GC(1263)   Other: 0.4ms
[2026-03-19T11:41:24.248+0800][600.738s][info][gc,heap     ] GC(1263) Eden regions: 13->0(74)
[2026-03-19T11:41:24.248+0800][600.738s][info][gc,heap     ] GC(1263) Survivor regions: 2->2(10)
[2026-03-19T11:41:24.248+0800][600.738s][info][gc,heap     ] GC(1263) Old regions: 18->18
[2026-03-19T11:41:24.249+0800][600.738s][info][gc,heap     ] GC(1263) Archive regions: 0->0
[2026-03-19T11:41:24.249+0800][600.738s][info][gc,heap     ] GC(1263) Humongous regions: 39->9
[2026-03-19T11:41:24.249+0800][600.738s][info][gc,metaspace] GC(1263) Metaspace: 22914K(23232K)->22914K(23232K) NonClass: 20304K(20480K)->20304K(20480K) Class: 2610K(2752K)->2610K(2752K)
[2026-03-19T11:41:24.249+0800][600.738s][info][gc          ] GC(1263) Pause Young (Concurrent Start) (G1 Humongous Allocation) 70M->27M(128M) 2.686ms
[2026-03-19T11:41:24.249+0800][600.738s][info][gc,cpu      ] GC(1263) User=0.00s Sys=0.02s Real=0.00s
[2026-03-19T11:41:24.249+0800][600.738s][info][gc          ] GC(1264) Concurrent Undo Cycle
[2026-03-19T11:41:24.249+0800][600.738s][info][gc,marking  ] GC(1264) Concurrent Cleanup for Next Mark
[2026-03-19T11:41:24.249+0800][600.739s][info][gc,marking  ] GC(1264) Concurrent Cleanup for Next Mark 0.346ms
[2026-03-19T11:41:24.249+0800][600.739s][info][gc          ] GC(1264) Concurrent Undo Cycle 0.504ms
[2026-03-19T11:41:25.183+0800][601.672s][info][gc,start    ] GC(1265) Pause Young (Concurrent Start) (G1 Humongous Allocation)
[2026-03-19T11:41:25.183+0800][601.672s][info][gc,task     ] GC(1265) Using 3 workers of 13 for evacuation
[2026-03-19T11:41:25.186+0800][601.675s][info][gc,phases   ] GC(1265)   Pre Evacuate Collection Set: 0.2ms
[2026-03-19T11:41:25.186+0800][601.675s][info][gc,phases   ] GC(1265)   Merge Heap Roots: 0.2ms
[2026-03-19T11:41:25.186+0800][601.675s][info][gc,phases   ] GC(1265)   Evacuate Collection Set: 1.0ms
[2026-03-19T11:41:25.186+0800][601.675s][info][gc,phases   ] GC(1265)   Post Evacuate Collection Set: 0.6ms
[2026-03-19T11:41:25.186+0800][601.675s][info][gc,phases   ] GC(1265)   Other: 0.4ms
[2026-03-19T11:41:25.186+0800][601.675s][info][gc,heap     ] GC(1265) Eden regions: 13->0(74)
[2026-03-19T11:41:25.186+0800][601.675s][info][gc,heap     ] GC(1265) Survivor regions: 2->2(10)
[2026-03-19T11:41:25.186+0800][601.675s][info][gc,heap     ] GC(1265) Old regions: 18->18
[2026-03-19T11:41:25.186+0800][601.675s][info][gc,heap     ] GC(1265) Archive regions: 0->0
[2026-03-19T11:41:25.186+0800][601.675s][info][gc,heap     ] GC(1265) Humongous regions: 39->9
[2026-03-19T11:41:25.186+0800][601.675s][info][gc,metaspace] GC(1265) Metaspace: 22914K(23232K)->22914K(23232K) NonClass: 20304K(20480K)->20304K(20480K) Class: 2610K(2752K)->2610K(2752K)
[2026-03-19T11:41:25.186+0800][601.675s][info][gc          ] GC(1265) Pause Young (Concurrent Start) (G1 Humongous Allocation) 70M->27M(128M) 2.733ms
[2026-03-19T11:41:25.186+0800][601.675s][info][gc,cpu      ] GC(1265) User=0.00s Sys=0.02s Real=0.00s
[2026-03-19T11:41:25.186+0800][601.675s][info][gc          ] GC(1266) Concurrent Undo Cycle
[2026-03-19T11:41:25.186+0800][601.675s][info][gc,marking  ] GC(1266) Concurrent Cleanup for Next Mark
[2026-03-19T11:41:25.187+0800][601.676s][info][gc,marking  ] GC(1266) Concurrent Cleanup for Next Mark 0.459ms
[2026-03-19T11:41:25.187+0800][601.676s][info][gc          ] GC(1266) Concurrent Undo Cycle 0.667ms
[2026-03-19T11:41:26.117+0800][602.607s][info][gc,start    ] GC(1267) Pause Young (Concurrent Start) (G1 Humongous Allocation)
[2026-03-19T11:41:26.118+0800][602.607s][info][gc,task     ] GC(1267) Using 3 workers of 13 for evacuation
[2026-03-19T11:41:26.120+0800][602.610s][info][gc,phases   ] GC(1267)   Pre Evacuate Collection Set: 0.2ms
[2026-03-19T11:41:26.120+0800][602.610s][info][gc,phases   ] GC(1267)   Merge Heap Roots: 0.2ms
[2026-03-19T11:41:26.120+0800][602.610s][info][gc,phases   ] GC(1267)   Evacuate Collection Set: 0.9ms
[2026-03-19T11:41:26.120+0800][602.610s][info][gc,phases   ] GC(1267)   Post Evacuate Collection Set: 0.9ms
[2026-03-19T11:41:26.120+0800][602.610s][info][gc,phases   ] GC(1267)   Other: 0.6ms
[2026-03-19T11:41:26.120+0800][602.610s][info][gc,heap     ] GC(1267) Eden regions: 13->0(74)
[2026-03-19T11:41:26.120+0800][602.610s][info][gc,heap     ] GC(1267) Survivor regions: 2->2(10)
[2026-03-19T11:41:26.120+0800][602.610s][info][gc,heap     ] GC(1267) Old regions: 18->18
[2026-03-19T11:41:26.120+0800][602.610s][info][gc,heap     ] GC(1267) Archive regions: 0->0
[2026-03-19T11:41:26.121+0800][602.610s][info][gc,heap     ] GC(1267) Humongous regions: 39->9
[2026-03-19T11:41:26.121+0800][602.610s][info][gc,metaspace] GC(1267) Metaspace: 22914K(23232K)->22914K(23232K) NonClass: 20304K(20480K)->20304K(20480K) Class: 2610K(2752K)->2610K(2752K)
[2026-03-19T11:41:26.121+0800][602.610s][info][gc          ] GC(1267) Pause Young (Concurrent Start) (G1 Humongous Allocation) 70M->27M(128M) 3.261ms
[2026-03-19T11:41:26.121+0800][602.610s][info][gc,cpu      ] GC(1267) User=0.00s Sys=0.00s Real=0.00s
[2026-03-19T11:41:26.121+0800][602.611s][info][gc          ] GC(1268) Concurrent Undo Cycle
[2026-03-19T11:41:26.121+0800][602.611s][info][gc,marking  ] GC(1268) Concurrent Cleanup for Next Mark
[2026-03-19T11:41:26.121+0800][602.611s][info][gc,marking  ] GC(1268) Concurrent Cleanup for Next Mark 0.360ms
[2026-03-19T11:41:26.121+0800][602.611s][info][gc          ] GC(1268) Concurrent Undo Cycle 0.593ms
[2026-03-19T11:41:27.068+0800][603.558s][info][gc,start    ] GC(1269) Pause Young (Concurrent Start) (G1 Humongous Allocation)
[2026-03-19T11:41:27.068+0800][603.558s][info][gc,task     ] GC(1269) Using 3 workers of 13 for evacuation
[2026-03-19T11:41:27.071+0800][603.560s][info][gc,phases   ] GC(1269)   Pre Evacuate Collection Set: 0.2ms
[2026-03-19T11:41:27.072+0800][603.561s][info][gc,phases   ] GC(1269)   Merge Heap Roots: 0.2ms
[2026-03-19T11:41:27.072+0800][603.561s][info][gc,phases   ] GC(1269)   Evacuate Collection Set: 0.9ms
[2026-03-19T11:41:27.072+0800][603.561s][info][gc,phases   ] GC(1269)   Post Evacuate Collection Set: 0.9ms
[2026-03-19T11:41:27.072+0800][603.561s][info][gc,phases   ] GC(1269)   Other: 0.5ms
[2026-03-19T11:41:27.072+0800][603.561s][info][gc,heap     ] GC(1269) Eden regions: 13->0(74)
[2026-03-19T11:41:27.072+0800][603.561s][info][gc,heap     ] GC(1269) Survivor regions: 2->2(10)
[2026-03-19T11:41:27.072+0800][603.561s][info][gc,heap     ] GC(1269) Old regions: 18->18
[2026-03-19T11:41:27.072+0800][603.561s][info][gc,heap     ] GC(1269) Archive regions: 0->0
[2026-03-19T11:41:27.072+0800][603.561s][info][gc,heap     ] GC(1269) Humongous regions: 39->9
[2026-03-19T11:41:27.072+0800][603.561s][info][gc,metaspace] GC(1269) Metaspace: 22914K(23232K)->22914K(23232K) NonClass: 20304K(20480K)->20304K(20480K) Class: 2610K(2752K)->2610K(2752K)
[2026-03-19T11:41:27.072+0800][603.561s][info][gc          ] GC(1269) Pause Young (Concurrent Start) (G1 Humongous Allocation) 70M->27M(128M) 3.622ms
[2026-03-19T11:41:27.072+0800][603.562s][info][gc,cpu      ] GC(1269) User=0.00s Sys=0.00s Real=0.00s
[2026-03-19T11:41:27.073+0800][603.562s][info][gc          ] GC(1270) Concurrent Undo Cycle
[2026-03-19T11:41:27.073+0800][603.562s][info][gc,marking  ] GC(1270) Concurrent Cleanup for Next Mark
[2026-03-19T11:41:27.073+0800][603.562s][info][gc,marking  ] GC(1270) Concurrent Cleanup for Next Mark 0.487ms
[2026-03-19T11:41:27.073+0800][603.562s][info][gc          ] GC(1270) Concurrent Undo Cycle 0.820ms
[2026-03-19T11:41:27.992+0800][604.482s][info][gc,start    ] GC(1271) Pause Young (Concurrent Start) (G1 Humongous Allocation)
[2026-03-19T11:41:27.992+0800][604.482s][info][gc,task     ] GC(1271) Using 3 workers of 13 for evacuation
[2026-03-19T11:41:27.994+0800][604.484s][info][gc,phases   ] GC(1271)   Pre Evacuate Collection Set: 0.2ms
[2026-03-19T11:41:27.994+0800][604.484s][info][gc,phases   ] GC(1271)   Merge Heap Roots: 0.1ms
[2026-03-19T11:41:27.994+0800][604.484s][info][gc,phases   ] GC(1271)   Evacuate Collection Set: 0.6ms
[2026-03-19T11:41:27.994+0800][604.484s][info][gc,phases   ] GC(1271)   Post Evacuate Collection Set: 0.7ms
[2026-03-19T11:41:27.994+0800][604.484s][info][gc,phases   ] GC(1271)   Other: 0.3ms
[2026-03-19T11:41:27.994+0800][604.484s][info][gc,heap     ] GC(1271) Eden regions: 13->0(74)
[2026-03-19T11:41:27.994+0800][604.484s][info][gc,heap     ] GC(1271) Survivor regions: 2->2(10)
[2026-03-19T11:41:27.994+0800][604.484s][info][gc,heap     ] GC(1271) Old regions: 18->18
[2026-03-19T11:41:27.994+0800][604.484s][info][gc,heap     ] GC(1271) Archive regions: 0->0
[2026-03-19T11:41:27.995+0800][604.484s][info][gc,heap     ] GC(1271) Humongous regions: 39->9
[2026-03-19T11:41:27.995+0800][604.484s][info][gc,metaspace] GC(1271) Metaspace: 22914K(23232K)->22914K(23232K) NonClass: 20304K(20480K)->20304K(20480K) Class: 2610K(2752K)->2610K(2752K)
[2026-03-19T11:41:27.995+0800][604.484s][info][gc          ] GC(1271) Pause Young (Concurrent Start) (G1 Humongous Allocation) 70M->27M(128M) 2.560ms
[2026-03-19T11:41:27.995+0800][604.484s][info][gc,cpu      ] GC(1271) User=0.00s Sys=0.00s Real=0.00s
[2026-03-19T11:41:27.995+0800][604.484s][info][gc          ] GC(1272) Concurrent Undo Cycle
[2026-03-19T11:41:27.995+0800][604.485s][info][gc,marking  ] GC(1272) Concurrent Cleanup for Next Mark
[2026-03-19T11:41:27.997+0800][604.486s][info][gc,marking  ] GC(1272) Concurrent Cleanup for Next Mark 1.419ms
[2026-03-19T11:41:27.997+0800][604.486s][info][gc          ] GC(1272) Concurrent Undo Cycle 1.940ms
[2026-03-19T11:41:28.923+0800][605.412s][info][gc,start    ] GC(1273) Pause Young (Concurrent Start) (G1 Humongous Allocation)
[2026-03-19T11:41:28.923+0800][605.412s][info][gc,task     ] GC(1273) Using 3 workers of 13 for evacuation
[2026-03-19T11:41:28.926+0800][605.414s][info][gc,phases   ] GC(1273)   Pre Evacuate Collection Set: 0.2ms
[2026-03-19T11:41:28.926+0800][605.415s][info][gc,phases   ] GC(1273)   Merge Heap Roots: 0.2ms
[2026-03-19T11:41:28.926+0800][605.415s][info][gc,phases   ] GC(1273)   Evacuate Collection Set: 0.8ms
[2026-03-19T11:41:28.926+0800][605.415s][info][gc,phases   ] GC(1273)   Post Evacuate Collection Set: 0.9ms
[2026-03-19T11:41:28.926+0800][605.415s][info][gc,phases   ] GC(1273)   Other: 0.5ms
[2026-03-19T11:41:28.926+0800][605.415s][info][gc,heap     ] GC(1273) Eden regions: 13->0(74)
[2026-03-19T11:41:28.926+0800][605.415s][info][gc,heap     ] GC(1273) Survivor regions: 2->2(10)
[2026-03-19T11:41:28.926+0800][605.415s][info][gc,heap     ] GC(1273) Old regions: 18->18
[2026-03-19T11:41:28.926+0800][605.415s][info][gc,heap     ] GC(1273) Archive regions: 0->0
[2026-03-19T11:41:28.926+0800][605.415s][info][gc,heap     ] GC(1273) Humongous regions: 39->9
[2026-03-19T11:41:28.926+0800][605.415s][info][gc,metaspace] GC(1273) Metaspace: 22914K(23232K)->22914K(23232K) NonClass: 20304K(20480K)->20304K(20480K) Class: 2610K(2752K)->2610K(2752K)
[2026-03-19T11:41:28.926+0800][605.415s][info][gc          ] GC(1273) Pause Young (Concurrent Start) (G1 Humongous Allocation) 70M->27M(128M) 3.192ms
[2026-03-19T11:41:28.926+0800][605.415s][info][gc,cpu      ] GC(1273) User=0.00s Sys=0.00s Real=0.00s
[2026-03-19T11:41:28.926+0800][605.415s][info][gc          ] GC(1274) Concurrent Undo Cycle
[2026-03-19T11:41:28.926+0800][605.415s][info][gc,marking  ] GC(1274) Concurrent Cleanup for Next Mark
[2026-03-19T11:41:28.927+0800][605.416s][info][gc,marking  ] GC(1274) Concurrent Cleanup for Next Mark 0.382ms
[2026-03-19T11:41:28.927+0800][605.416s][info][gc          ] GC(1274) Concurrent Undo Cycle 0.728ms
[2026-03-19T11:41:29.861+0800][606.351s][info][gc,start    ] GC(1275) Pause Young (Concurrent Start) (G1 Humongous Allocation)
[2026-03-19T11:41:29.861+0800][606.351s][info][gc,task     ] GC(1275) Using 3 workers of 13 for evacuation
[2026-03-19T11:41:29.863+0800][606.353s][info][gc,phases   ] GC(1275)   Pre Evacuate Collection Set: 0.2ms
[2026-03-19T11:41:29.864+0800][606.353s][info][gc,phases   ] GC(1275)   Merge Heap Roots: 0.2ms
[2026-03-19T11:41:29.864+0800][606.353s][info][gc,phases   ] GC(1275)   Evacuate Collection Set: 0.6ms
[2026-03-19T11:41:29.864+0800][606.353s][info][gc,phases   ] GC(1275)   Post Evacuate Collection Set: 0.9ms
[2026-03-19T11:41:29.864+0800][606.353s][info][gc,phases   ] GC(1275)   Other: 0.2ms
[2026-03-19T11:41:29.864+0800][606.353s][info][gc,heap     ] GC(1275) Eden regions: 12->0(74)
[2026-03-19T11:41:29.864+0800][606.353s][info][gc,heap     ] GC(1275) Survivor regions: 2->2(10)
[2026-03-19T11:41:29.864+0800][606.353s][info][gc,heap     ] GC(1275) Old regions: 18->18
[2026-03-19T11:41:29.864+0800][606.353s][info][gc,heap     ] GC(1275) Archive regions: 0->0
[2026-03-19T11:41:29.864+0800][606.353s][info][gc,heap     ] GC(1275) Humongous regions: 39->9
[2026-03-19T11:41:29.864+0800][606.353s][info][gc,metaspace] GC(1275) Metaspace: 22914K(23232K)->22914K(23232K) NonClass: 20304K(20480K)->20304K(20480K) Class: 2610K(2752K)->2610K(2752K)
[2026-03-19T11:41:29.864+0800][606.353s][info][gc          ] GC(1275) Pause Young (Concurrent Start) (G1 Humongous Allocation) 69M->27M(128M) 2.435ms
[2026-03-19T11:41:29.864+0800][606.353s][info][gc,cpu      ] GC(1275) User=0.00s Sys=0.00s Real=0.00s
[2026-03-19T11:41:29.864+0800][606.353s][info][gc          ] GC(1276) Concurrent Undo Cycle
[2026-03-19T11:41:29.864+0800][606.353s][info][gc,marking  ] GC(1276) Concurrent Cleanup for Next Mark
[2026-03-19T11:41:29.864+0800][606.354s][info][gc,marking  ] GC(1276) Concurrent Cleanup for Next Mark 0.356ms
[2026-03-19T11:41:29.864+0800][606.354s][info][gc          ] GC(1276) Concurrent Undo Cycle 0.587ms
[2026-03-19T11:41:30.798+0800][607.287s][info][gc,start    ] GC(1277) Pause Young (Concurrent Start) (G1 Humongous Allocation)
[2026-03-19T11:41:30.798+0800][607.288s][info][gc,task     ] GC(1277) Using 3 workers of 13 for evacuation
[2026-03-19T11:41:30.800+0800][607.290s][info][gc,phases   ] GC(1277)   Pre Evacuate Collection Set: 0.3ms
[2026-03-19T11:41:30.800+0800][607.290s][info][gc,phases   ] GC(1277)   Merge Heap Roots: 0.2ms
[2026-03-19T11:41:30.800+0800][607.290s][info][gc,phases   ] GC(1277)   Evacuate Collection Set: 0.7ms
[2026-03-19T11:41:30.800+0800][607.290s][info][gc,phases   ] GC(1277)   Post Evacuate Collection Set: 0.8ms
[2026-03-19T11:41:30.800+0800][607.290s][info][gc,phases   ] GC(1277)   Other: 0.4ms
[2026-03-19T11:41:30.800+0800][607.290s][info][gc,heap     ] GC(1277) Eden regions: 12->0(74)
[2026-03-19T11:41:30.800+0800][607.290s][info][gc,heap     ] GC(1277) Survivor regions: 2->2(10)
[2026-03-19T11:41:30.800+0800][607.290s][info][gc,heap     ] GC(1277) Old regions: 18->18
[2026-03-19T11:41:30.801+0800][607.290s][info][gc,heap     ] GC(1277) Archive regions: 0->0
[2026-03-19T11:41:30.801+0800][607.290s][info][gc,heap     ] GC(1277) Humongous regions: 39->9
[2026-03-19T11:41:30.801+0800][607.290s][info][gc,metaspace] GC(1277) Metaspace: 22914K(23232K)->22914K(23232K) NonClass: 20304K(20480K)->20304K(20480K) Class: 2610K(2752K)->2610K(2752K)
[2026-03-19T11:41:30.801+0800][607.290s][info][gc          ] GC(1277) Pause Young (Concurrent Start) (G1 Humongous Allocation) 69M->27M(128M) 2.893ms
[2026-03-19T11:41:30.801+0800][607.290s][info][gc,cpu      ] GC(1277) User=0.00s Sys=0.00s Real=0.00s
[2026-03-19T11:41:30.801+0800][607.290s][info][gc          ] GC(1278) Concurrent Undo Cycle
[2026-03-19T11:41:30.801+0800][607.290s][info][gc,marking  ] GC(1278) Concurrent Cleanup for Next Mark
[2026-03-19T11:41:30.801+0800][607.291s][info][gc,marking  ] GC(1278) Concurrent Cleanup for Next Mark 0.346ms
[2026-03-19T11:41:30.801+0800][607.291s][info][gc          ] GC(1278) Concurrent Undo Cycle 0.598ms
[2026-03-19T11:41:31.734+0800][608.224s][info][gc,start    ] GC(1279) Pause Young (Concurrent Start) (G1 Humongous Allocation)
[2026-03-19T11:41:31.734+0800][608.224s][info][gc,task     ] GC(1279) Using 3 workers of 13 for evacuation
[2026-03-19T11:41:31.735+0800][608.225s][info][gc,phases   ] GC(1279)   Pre Evacuate Collection Set: 0.0ms
[2026-03-19T11:41:31.735+0800][608.225s][info][gc,phases   ] GC(1279)   Merge Heap Roots: 0.2ms
[2026-03-19T11:41:31.735+0800][608.225s][info][gc,phases   ] GC(1279)   Evacuate Collection Set: 0.4ms
[2026-03-19T11:41:31.735+0800][608.225s][info][gc,phases   ] GC(1279)   Post Evacuate Collection Set: 0.3ms
[2026-03-19T11:41:31.735+0800][608.225s][info][gc,phases   ] GC(1279)   Other: 0.2ms
[2026-03-19T11:41:31.735+0800][608.225s][info][gc,heap     ] GC(1279) Eden regions: 13->0(74)
[2026-03-19T11:41:31.735+0800][608.225s][info][gc,heap     ] GC(1279) Survivor regions: 2->2(10)
[2026-03-19T11:41:31.735+0800][608.225s][info][gc,heap     ] GC(1279) Old regions: 18->18
[2026-03-19T11:41:31.736+0800][608.225s][info][gc,heap     ] GC(1279) Archive regions: 0->0
[2026-03-19T11:41:31.736+0800][608.225s][info][gc,heap     ] GC(1279) Humongous regions: 39->9
[2026-03-19T11:41:31.736+0800][608.225s][info][gc,metaspace] GC(1279) Metaspace: 22914K(23232K)->22914K(23232K) NonClass: 20304K(20480K)->20304K(20480K) Class: 2610K(2752K)->2610K(2752K)
[2026-03-19T11:41:31.736+0800][608.225s][info][gc          ] GC(1279) Pause Young (Concurrent Start) (G1 Humongous Allocation) 70M->27M(128M) 1.277ms
[2026-03-19T11:41:31.736+0800][608.225s][info][gc,cpu      ] GC(1279) User=0.00s Sys=0.00s Real=0.00s
[2026-03-19T11:41:31.736+0800][608.225s][info][gc          ] GC(1280) Concurrent Undo Cycle
[2026-03-19T11:41:31.736+0800][608.225s][info][gc,marking  ] GC(1280) Concurrent Cleanup for Next Mark
[2026-03-19T11:41:31.736+0800][608.226s][info][gc,marking  ] GC(1280) Concurrent Cleanup for Next Mark 0.227ms
[2026-03-19T11:41:31.736+0800][608.226s][info][gc          ] GC(1280) Concurrent Undo Cycle 0.395ms
[2026-03-19T11:41:32.674+0800][609.163s][info][gc,start    ] GC(1281) Pause Young (Concurrent Start) (G1 Humongous Allocation)
[2026-03-19T11:41:32.674+0800][609.163s][info][gc,task     ] GC(1281) Using 3 workers of 13 for evacuation
[2026-03-19T11:41:32.675+0800][609.165s][info][gc,phases   ] GC(1281)   Pre Evacuate Collection Set: 0.2ms
[2026-03-19T11:41:32.675+0800][609.165s][info][gc,phases   ] GC(1281)   Merge Heap Roots: 0.1ms
[2026-03-19T11:41:32.675+0800][609.165s][info][gc,phases   ] GC(1281)   Evacuate Collection Set: 0.4ms
[2026-03-19T11:41:32.675+0800][609.165s][info][gc,phases   ] GC(1281)   Post Evacuate Collection Set: 0.4ms
[2026-03-19T11:41:32.675+0800][609.165s][info][gc,phases   ] GC(1281)   Other: 0.2ms
[2026-03-19T11:41:32.675+0800][609.165s][info][gc,heap     ] GC(1281) Eden regions: 13->0(74)
[2026-03-19T11:41:32.675+0800][609.165s][info][gc,heap     ] GC(1281) Survivor regions: 2->2(10)
[2026-03-19T11:41:32.675+0800][609.165s][info][gc,heap     ] GC(1281) Old regions: 18->18
[2026-03-19T11:41:32.675+0800][609.165s][info][gc,heap     ] GC(1281) Archive regions: 0->0
[2026-03-19T11:41:32.675+0800][609.165s][info][gc,heap     ] GC(1281) Humongous regions: 39->9
[2026-03-19T11:41:32.675+0800][609.165s][info][gc,metaspace] GC(1281) Metaspace: 22914K(23232K)->22914K(23232K) NonClass: 20304K(20480K)->20304K(20480K) Class: 2610K(2752K)->2610K(2752K)
[2026-03-19T11:41:32.675+0800][609.165s][info][gc          ] GC(1281) Pause Young (Concurrent Start) (G1 Humongous Allocation) 70M->27M(128M) 1.680ms
[2026-03-19T11:41:32.675+0800][609.165s][info][gc,cpu      ] GC(1281) User=0.00s Sys=0.00s Real=0.00s
[2026-03-19T11:41:32.675+0800][609.165s][info][gc          ] GC(1282) Concurrent Undo Cycle
[2026-03-19T11:41:32.676+0800][609.165s][info][gc,marking  ] GC(1282) Concurrent Cleanup for Next Mark
[2026-03-19T11:41:32.676+0800][609.165s][info][gc,marking  ] GC(1282) Concurrent Cleanup for Next Mark 0.189ms
[2026-03-19T11:41:32.676+0800][609.165s][info][gc          ] GC(1282) Concurrent Undo Cycle 0.350ms
[2026-03-19T11:41:33.616+0800][610.106s][info][gc,start    ] GC(1283) Pause Young (Concurrent Start) (G1 Humongous Allocation)
[2026-03-19T11:41:33.616+0800][610.106s][info][gc,task     ] GC(1283) Using 3 workers of 13 for evacuation
[2026-03-19T11:41:33.619+0800][610.108s][info][gc,phases   ] GC(1283)   Pre Evacuate Collection Set: 0.1ms
[2026-03-19T11:41:33.619+0800][610.108s][info][gc,phases   ] GC(1283)   Merge Heap Roots: 0.1ms
[2026-03-19T11:41:33.619+0800][610.108s][info][gc,phases   ] GC(1283)   Evacuate Collection Set: 1.0ms
[2026-03-19T11:41:33.619+0800][610.108s][info][gc,phases   ] GC(1283)   Post Evacuate Collection Set: 0.7ms
[2026-03-19T11:41:33.619+0800][610.108s][info][gc,phases   ] GC(1283)   Other: 0.4ms
[2026-03-19T11:41:33.619+0800][610.109s][info][gc,heap     ] GC(1283) Eden regions: 13->0(74)
[2026-03-19T11:41:33.620+0800][610.109s][info][gc,heap     ] GC(1283) Survivor regions: 2->2(10)
[2026-03-19T11:41:33.620+0800][610.109s][info][gc,heap     ] GC(1283) Old regions: 18->18
[2026-03-19T11:41:33.620+0800][610.109s][info][gc,heap     ] GC(1283) Archive regions: 0->0
[2026-03-19T11:41:33.620+0800][610.109s][info][gc,heap     ] GC(1283) Humongous regions: 39->9
[2026-03-19T11:41:33.620+0800][610.109s][info][gc,metaspace] GC(1283) Metaspace: 22914K(23232K)->22914K(23232K) NonClass: 20304K(20480K)->20304K(20480K) Class: 2610K(2752K)->2610K(2752K)
[2026-03-19T11:41:33.620+0800][610.109s][info][gc          ] GC(1283) Pause Young (Concurrent Start) (G1 Humongous Allocation) 70M->27M(128M) 3.683ms
[2026-03-19T11:41:33.620+0800][610.110s][info][gc,cpu      ] GC(1283) User=0.00s Sys=0.00s Real=0.00s
[2026-03-19T11:41:33.621+0800][610.110s][info][gc          ] GC(1284) Concurrent Undo Cycle
[2026-03-19T11:41:33.621+0800][610.110s][info][gc,marking  ] GC(1284) Concurrent Cleanup for Next Mark
[2026-03-19T11:41:33.621+0800][610.111s][info][gc,marking  ] GC(1284) Concurrent Cleanup for Next Mark 0.563ms
[2026-03-19T11:41:33.622+0800][610.111s][info][gc          ] GC(1284) Concurrent Undo Cycle 1.033ms
[2026-03-19T11:41:34.557+0800][611.047s][info][gc,start    ] GC(1285) Pause Young (Concurrent Start) (G1 Humongous Allocation)
[2026-03-19T11:41:34.557+0800][611.047s][info][gc,task     ] GC(1285) Using 3 workers of 13 for evacuation
[2026-03-19T11:41:34.559+0800][611.049s][info][gc,phases   ] GC(1285)   Pre Evacuate Collection Set: 0.2ms
[2026-03-19T11:41:34.560+0800][611.049s][info][gc,phases   ] GC(1285)   Merge Heap Roots: 0.2ms
[2026-03-19T11:41:34.560+0800][611.049s][info][gc,phases   ] GC(1285)   Evacuate Collection Set: 0.7ms
[2026-03-19T11:41:34.560+0800][611.049s][info][gc,phases   ] GC(1285)   Post Evacuate Collection Set: 0.8ms
[2026-03-19T11:41:34.560+0800][611.049s][info][gc,phases   ] GC(1285)   Other: 0.2ms
[2026-03-19T11:41:34.560+0800][611.049s][info][gc,heap     ] GC(1285) Eden regions: 12->0(74)
[2026-03-19T11:41:34.560+0800][611.049s][info][gc,heap     ] GC(1285) Survivor regions: 2->2(10)
[2026-03-19T11:41:34.560+0800][611.049s][info][gc,heap     ] GC(1285) Old regions: 18->18
[2026-03-19T11:41:34.560+0800][611.049s][info][gc,heap     ] GC(1285) Archive regions: 0->0
[2026-03-19T11:41:34.560+0800][611.049s][info][gc,heap     ] GC(1285) Humongous regions: 39->9
[2026-03-19T11:41:34.560+0800][611.049s][info][gc,metaspace] GC(1285) Metaspace: 22914K(23232K)->22914K(23232K) NonClass: 20304K(20480K)->20304K(20480K) Class: 2610K(2752K)->2610K(2752K)
[2026-03-19T11:41:34.560+0800][611.049s][info][gc          ] GC(1285) Pause Young (Concurrent Start) (G1 Humongous Allocation) 69M->27M(128M) 2.470ms
[2026-03-19T11:41:34.560+0800][611.049s][info][gc,cpu      ] GC(1285) User=0.02s Sys=0.02s Real=0.00s
[2026-03-19T11:41:34.560+0800][611.049s][info][gc          ] GC(1286) Concurrent Undo Cycle
[2026-03-19T11:41:34.560+0800][611.049s][info][gc,marking  ] GC(1286) Concurrent Cleanup for Next Mark
[2026-03-19T11:41:34.560+0800][611.050s][info][gc,marking  ] GC(1286) Concurrent Cleanup for Next Mark 0.268ms
[2026-03-19T11:41:34.560+0800][611.050s][info][gc          ] GC(1286) Concurrent Undo Cycle 0.409ms
[2026-03-19T11:41:35.487+0800][611.976s][info][gc,start    ] GC(1287) Pause Young (Concurrent Start) (G1 Humongous Allocation)
[2026-03-19T11:41:35.487+0800][611.976s][info][gc,task     ] GC(1287) Using 3 workers of 13 for evacuation
[2026-03-19T11:41:35.488+0800][611.978s][info][gc,phases   ] GC(1287)   Pre Evacuate Collection Set: 0.1ms
[2026-03-19T11:41:35.488+0800][611.978s][info][gc,phases   ] GC(1287)   Merge Heap Roots: 0.1ms
[2026-03-19T11:41:35.488+0800][611.978s][info][gc,phases   ] GC(1287)   Evacuate Collection Set: 0.7ms
[2026-03-19T11:41:35.488+0800][611.978s][info][gc,phases   ] GC(1287)   Post Evacuate Collection Set: 0.5ms
[2026-03-19T11:41:35.488+0800][611.978s][info][gc,phases   ] GC(1287)   Other: 0.4ms
[2026-03-19T11:41:35.488+0800][611.978s][info][gc,heap     ] GC(1287) Eden regions: 13->0(74)
[2026-03-19T11:41:35.488+0800][611.978s][info][gc,heap     ] GC(1287) Survivor regions: 2->2(10)
[2026-03-19T11:41:35.488+0800][611.978s][info][gc,heap     ] GC(1287) Old regions: 18->18
[2026-03-19T11:41:35.488+0800][611.978s][info][gc,heap     ] GC(1287) Archive regions: 0->0
[2026-03-19T11:41:35.489+0800][611.978s][info][gc,heap     ] GC(1287) Humongous regions: 39->9
[2026-03-19T11:41:35.489+0800][611.978s][info][gc,metaspace] GC(1287) Metaspace: 22914K(23232K)->22914K(23232K) NonClass: 20304K(20480K)->20304K(20480K) Class: 2610K(2752K)->2610K(2752K)
[2026-03-19T11:41:35.489+0800][611.978s][info][gc          ] GC(1287) Pause Young (Concurrent Start) (G1 Humongous Allocation) 70M->27M(128M) 2.150ms
[2026-03-19T11:41:35.489+0800][611.978s][info][gc,cpu      ] GC(1287) User=0.00s Sys=0.00s Real=0.00s
[2026-03-19T11:41:35.489+0800][611.978s][info][gc          ] GC(1288) Concurrent Undo Cycle
[2026-03-19T11:41:35.489+0800][611.978s][info][gc,marking  ] GC(1288) Concurrent Cleanup for Next Mark
[2026-03-19T11:41:35.489+0800][611.979s][info][gc,marking  ] GC(1288) Concurrent Cleanup for Next Mark 0.206ms
[2026-03-19T11:41:35.489+0800][611.979s][info][gc          ] GC(1288) Concurrent Undo Cycle 0.361ms
[2026-03-19T11:41:36.433+0800][612.923s][info][gc,start    ] GC(1289) Pause Young (Concurrent Start) (G1 Humongous Allocation)
[2026-03-19T11:41:36.434+0800][612.923s][info][gc,task     ] GC(1289) Using 3 workers of 13 for evacuation
[2026-03-19T11:41:36.435+0800][612.924s][info][gc,phases   ] GC(1289)   Pre Evacuate Collection Set: 0.2ms
[2026-03-19T11:41:36.435+0800][612.924s][info][gc,phases   ] GC(1289)   Merge Heap Roots: 0.1ms
[2026-03-19T11:41:36.435+0800][612.924s][info][gc,phases   ] GC(1289)   Evacuate Collection Set: 0.4ms
[2026-03-19T11:41:36.435+0800][612.924s][info][gc,phases   ] GC(1289)   Post Evacuate Collection Set: 0.4ms
[2026-03-19T11:41:36.435+0800][612.924s][info][gc,phases   ] GC(1289)   Other: 0.2ms
[2026-03-19T11:41:36.435+0800][612.924s][info][gc,heap     ] GC(1289) Eden regions: 13->0(74)
[2026-03-19T11:41:36.435+0800][612.924s][info][gc,heap     ] GC(1289) Survivor regions: 2->2(10)
[2026-03-19T11:41:36.435+0800][612.924s][info][gc,heap     ] GC(1289) Old regions: 18->18
[2026-03-19T11:41:36.435+0800][612.924s][info][gc,heap     ] GC(1289) Archive regions: 0->0
[2026-03-19T11:41:36.435+0800][612.924s][info][gc,heap     ] GC(1289) Humongous regions: 39->9
[2026-03-19T11:41:36.435+0800][612.924s][info][gc,metaspace] GC(1289) Metaspace: 22914K(23232K)->22914K(23232K) NonClass: 20304K(20480K)->20304K(20480K) Class: 2610K(2752K)->2610K(2752K)
[2026-03-19T11:41:36.435+0800][612.924s][info][gc          ] GC(1289) Pause Young (Concurrent Start) (G1 Humongous Allocation) 70M->27M(128M) 1.455ms
[2026-03-19T11:41:36.435+0800][612.924s][info][gc,cpu      ] GC(1289) User=0.00s Sys=0.00s Real=0.00s
[2026-03-19T11:41:36.435+0800][612.924s][info][gc          ] GC(1290) Concurrent Undo Cycle
[2026-03-19T11:41:36.435+0800][612.924s][info][gc,marking  ] GC(1290) Concurrent Cleanup for Next Mark
[2026-03-19T11:41:36.435+0800][612.924s][info][gc,marking  ] GC(1290) Concurrent Cleanup for Next Mark 0.188ms
[2026-03-19T11:41:36.435+0800][612.924s][info][gc          ] GC(1290) Concurrent Undo Cycle 0.310ms
[2026-03-19T11:41:37.365+0800][613.854s][info][gc,start    ] GC(1291) Pause Young (Concurrent Start) (G1 Humongous Allocation)
[2026-03-19T11:41:37.365+0800][613.854s][info][gc,task     ] GC(1291) Using 3 workers of 13 for evacuation
[2026-03-19T11:41:37.365+0800][613.855s][info][gc,phases   ] GC(1291)   Pre Evacuate Collection Set: 0.2ms
[2026-03-19T11:41:37.366+0800][613.855s][info][gc,phases   ] GC(1291)   Merge Heap Roots: 0.1ms
[2026-03-19T11:41:37.366+0800][613.855s][info][gc,phases   ] GC(1291)   Evacuate Collection Set: 0.4ms
[2026-03-19T11:41:37.366+0800][613.855s][info][gc,phases   ] GC(1291)   Post Evacuate Collection Set: 0.7ms
[2026-03-19T11:41:37.366+0800][613.855s][info][gc,phases   ] GC(1291)   Other: 0.2ms
[2026-03-19T11:41:37.366+0800][613.855s][info][gc,heap     ] GC(1291) Eden regions: 13->0(74)
[2026-03-19T11:41:37.366+0800][613.855s][info][gc,heap     ] GC(1291) Survivor regions: 2->2(10)
[2026-03-19T11:41:37.366+0800][613.855s][info][gc,heap     ] GC(1291) Old regions: 18->18
[2026-03-19T11:41:37.366+0800][613.855s][info][gc,heap     ] GC(1291) Archive regions: 0->0
[2026-03-19T11:41:37.366+0800][613.855s][info][gc,heap     ] GC(1291) Humongous regions: 39->9
[2026-03-19T11:41:37.366+0800][613.855s][info][gc,metaspace] GC(1291) Metaspace: 22914K(23232K)->22914K(23232K) NonClass: 20304K(20480K)->20304K(20480K) Class: 2610K(2752K)->2610K(2752K)
[2026-03-19T11:41:37.366+0800][613.855s][info][gc          ] GC(1291) Pause Young (Concurrent Start) (G1 Humongous Allocation) 70M->27M(128M) 1.809ms
[2026-03-19T11:41:37.366+0800][613.855s][info][gc,cpu      ] GC(1291) User=0.00s Sys=0.00s Real=0.00s
[2026-03-19T11:41:37.366+0800][613.856s][info][gc          ] GC(1292) Concurrent Undo Cycle
[2026-03-19T11:41:37.366+0800][613.856s][info][gc,marking  ] GC(1292) Concurrent Cleanup for Next Mark
[2026-03-19T11:41:37.366+0800][613.856s][info][gc,marking  ] GC(1292) Concurrent Cleanup for Next Mark 0.273ms
[2026-03-19T11:41:37.366+0800][613.856s][info][gc          ] GC(1292) Concurrent Undo Cycle 0.396ms
[2026-03-19T11:41:38.301+0800][614.790s][info][gc,start    ] GC(1293) Pause Young (Concurrent Start) (G1 Humongous Allocation)
[2026-03-19T11:41:38.301+0800][614.790s][info][gc,task     ] GC(1293) Using 3 workers of 13 for evacuation
[2026-03-19T11:41:38.302+0800][614.791s][info][gc,phases   ] GC(1293)   Pre Evacuate Collection Set: 0.1ms
[2026-03-19T11:41:38.303+0800][614.792s][info][gc,phases   ] GC(1293)   Merge Heap Roots: 0.1ms
[2026-03-19T11:41:38.303+0800][614.792s][info][gc,phases   ] GC(1293)   Evacuate Collection Set: 0.7ms
[2026-03-19T11:41:38.303+0800][614.792s][info][gc,phases   ] GC(1293)   Post Evacuate Collection Set: 0.4ms
[2026-03-19T11:41:38.303+0800][614.792s][info][gc,phases   ] GC(1293)   Other: 0.4ms
[2026-03-19T11:41:38.303+0800][614.792s][info][gc,heap     ] GC(1293) Eden regions: 12->0(74)
[2026-03-19T11:41:38.303+0800][614.792s][info][gc,heap     ] GC(1293) Survivor regions: 2->2(10)
[2026-03-19T11:41:38.303+0800][614.792s][info][gc,heap     ] GC(1293) Old regions: 18->18
[2026-03-19T11:41:38.303+0800][614.792s][info][gc,heap     ] GC(1293) Archive regions: 0->0
[2026-03-19T11:41:38.303+0800][614.792s][info][gc,heap     ] GC(1293) Humongous regions: 39->9
[2026-03-19T11:41:38.303+0800][614.792s][info][gc,metaspace] GC(1293) Metaspace: 22914K(23232K)->22914K(23232K) NonClass: 20304K(20480K)->20304K(20480K) Class: 2610K(2752K)->2610K(2752K)
[2026-03-19T11:41:38.303+0800][614.792s][info][gc          ] GC(1293) Pause Young (Concurrent Start) (G1 Humongous Allocation) 69M->27M(128M) 2.618ms
[2026-03-19T11:41:38.303+0800][614.792s][info][gc,cpu      ] GC(1293) User=0.00s Sys=0.00s Real=0.00s
[2026-03-19T11:41:38.303+0800][614.793s][info][gc          ] GC(1294) Concurrent Undo Cycle
[2026-03-19T11:41:38.303+0800][614.793s][info][gc,marking  ] GC(1294) Concurrent Cleanup for Next Mark
[2026-03-19T11:41:38.304+0800][614.793s][info][gc,marking  ] GC(1294) Concurrent Cleanup for Next Mark 0.433ms
[2026-03-19T11:41:38.304+0800][614.793s][info][gc          ] GC(1294) Concurrent Undo Cycle 0.751ms
[2026-03-19T11:41:39.232+0800][615.721s][info][gc,start    ] GC(1295) Pause Young (Concurrent Start) (G1 Humongous Allocation)
[2026-03-19T11:41:39.232+0800][615.722s][info][gc,task     ] GC(1295) Using 3 workers of 13 for evacuation
[2026-03-19T11:41:39.235+0800][615.724s][info][gc,phases   ] GC(1295)   Pre Evacuate Collection Set: 0.3ms
[2026-03-19T11:41:39.235+0800][615.724s][info][gc,phases   ] GC(1295)   Merge Heap Roots: 0.2ms
[2026-03-19T11:41:39.235+0800][615.724s][info][gc,phases   ] GC(1295)   Evacuate Collection Set: 0.8ms
[2026-03-19T11:41:39.235+0800][615.724s][info][gc,phases   ] GC(1295)   Post Evacuate Collection Set: 0.8ms
[2026-03-19T11:41:39.235+0800][615.724s][info][gc,phases   ] GC(1295)   Other: 0.6ms
[2026-03-19T11:41:39.235+0800][615.724s][info][gc,heap     ] GC(1295) Eden regions: 12->0(74)
[2026-03-19T11:41:39.235+0800][615.724s][info][gc,heap     ] GC(1295) Survivor regions: 2->2(10)
[2026-03-19T11:41:39.235+0800][615.724s][info][gc,heap     ] GC(1295) Old regions: 18->18
[2026-03-19T11:41:39.235+0800][615.725s][info][gc,heap     ] GC(1295) Archive regions: 0->0
[2026-03-19T11:41:39.235+0800][615.725s][info][gc,heap     ] GC(1295) Humongous regions: 39->9
[2026-03-19T11:41:39.235+0800][615.725s][info][gc,metaspace] GC(1295) Metaspace: 22914K(23232K)->22914K(23232K) NonClass: 20304K(20480K)->20304K(20480K) Class: 2610K(2752K)->2610K(2752K)
[2026-03-19T11:41:39.235+0800][615.725s][info][gc          ] GC(1295) Pause Young (Concurrent Start) (G1 Humongous Allocation) 69M->27M(128M) 3.360ms
[2026-03-19T11:41:39.235+0800][615.725s][info][gc,cpu      ] GC(1295) User=0.00s Sys=0.00s Real=0.00s
[2026-03-19T11:41:39.236+0800][615.725s][info][gc          ] GC(1296) Concurrent Undo Cycle
[2026-03-19T11:41:39.236+0800][615.725s][info][gc,marking  ] GC(1296) Concurrent Cleanup for Next Mark
[2026-03-19T11:41:39.236+0800][615.725s][info][gc,marking  ] GC(1296) Concurrent Cleanup for Next Mark 0.352ms
[2026-03-19T11:41:39.236+0800][615.726s][info][gc          ] GC(1296) Concurrent Undo Cycle 0.717ms
[2026-03-19T11:41:40.169+0800][616.658s][info][gc,start    ] GC(1297) Pause Young (Concurrent Start) (G1 Humongous Allocation)
[2026-03-19T11:41:40.169+0800][616.659s][info][gc,task     ] GC(1297) Using 3 workers of 13 for evacuation
[2026-03-19T11:41:40.171+0800][616.660s][info][gc,phases   ] GC(1297)   Pre Evacuate Collection Set: 0.2ms
[2026-03-19T11:41:40.171+0800][616.660s][info][gc,phases   ] GC(1297)   Merge Heap Roots: 0.1ms
[2026-03-19T11:41:40.171+0800][616.660s][info][gc,phases   ] GC(1297)   Evacuate Collection Set: 0.6ms
[2026-03-19T11:41:40.171+0800][616.661s][info][gc,phases   ] GC(1297)   Post Evacuate Collection Set: 0.7ms
[2026-03-19T11:41:40.171+0800][616.661s][info][gc,phases   ] GC(1297)   Other: 0.7ms
[2026-03-19T11:41:40.171+0800][616.661s][info][gc,heap     ] GC(1297) Eden regions: 13->0(74)
[2026-03-19T11:41:40.171+0800][616.661s][info][gc,heap     ] GC(1297) Survivor regions: 2->2(10)
[2026-03-19T11:41:40.171+0800][616.661s][info][gc,heap     ] GC(1297) Old regions: 18->18
[2026-03-19T11:41:40.171+0800][616.661s][info][gc,heap     ] GC(1297) Archive regions: 0->0
[2026-03-19T11:41:40.171+0800][616.661s][info][gc,heap     ] GC(1297) Humongous regions: 39->9
[2026-03-19T11:41:40.171+0800][616.661s][info][gc,metaspace] GC(1297) Metaspace: 22914K(23232K)->22914K(23232K) NonClass: 20304K(20480K)->20304K(20480K) Class: 2610K(2752K)->2610K(2752K)
[2026-03-19T11:41:40.171+0800][616.661s][info][gc          ] GC(1297) Pause Young (Concurrent Start) (G1 Humongous Allocation) 69M->27M(128M) 2.421ms
[2026-03-19T11:41:40.171+0800][616.661s][info][gc,cpu      ] GC(1297) User=0.00s Sys=0.00s Real=0.00s
[2026-03-19T11:41:40.172+0800][616.661s][info][gc          ] GC(1298) Concurrent Undo Cycle
[2026-03-19T11:41:40.172+0800][616.661s][info][gc,marking  ] GC(1298) Concurrent Cleanup for Next Mark
[2026-03-19T11:41:40.172+0800][616.661s][info][gc,marking  ] GC(1298) Concurrent Cleanup for Next Mark 0.247ms
[2026-03-19T11:41:40.172+0800][616.661s][info][gc          ] GC(1298) Concurrent Undo Cycle 0.415ms
[2026-03-19T11:41:41.106+0800][617.595s][info][gc,start    ] GC(1299) Pause Young (Concurrent Start) (G1 Humongous Allocation)
[2026-03-19T11:41:41.106+0800][617.595s][info][gc,task     ] GC(1299) Using 3 workers of 13 for evacuation
[2026-03-19T11:41:41.107+0800][617.597s][info][gc,phases   ] GC(1299)   Pre Evacuate Collection Set: 0.2ms
[2026-03-19T11:41:41.107+0800][617.597s][info][gc,phases   ] GC(1299)   Merge Heap Roots: 0.2ms
[2026-03-19T11:41:41.107+0800][617.597s][info][gc,phases   ] GC(1299)   Evacuate Collection Set: 0.7ms
[2026-03-19T11:41:41.107+0800][617.597s][info][gc,phases   ] GC(1299)   Post Evacuate Collection Set: 0.8ms
[2026-03-19T11:41:41.108+0800][617.597s][info][gc,phases   ] GC(1299)   Other: 0.3ms
[2026-03-19T11:41:41.108+0800][617.597s][info][gc,heap     ] GC(1299) Eden regions: 13->0(74)
[2026-03-19T11:41:41.108+0800][617.597s][info][gc,heap     ] GC(1299) Survivor regions: 2->2(10)
[2026-03-19T11:41:41.108+0800][617.598s][info][gc,heap     ] GC(1299) Old regions: 18->18
[2026-03-19T11:41:41.108+0800][617.598s][info][gc,heap     ] GC(1299) Archive regions: 0->0
[2026-03-19T11:41:41.108+0800][617.598s][info][gc,heap     ] GC(1299) Humongous regions: 39->9
[2026-03-19T11:41:41.108+0800][617.598s][info][gc,metaspace] GC(1299) Metaspace: 22914K(23232K)->22914K(23232K) NonClass: 20304K(20480K)->20304K(20480K) Class: 2610K(2752K)->2610K(2752K)
[2026-03-19T11:41:41.108+0800][617.598s][info][gc          ] GC(1299) Pause Young (Concurrent Start) (G1 Humongous Allocation) 70M->27M(128M) 2.915ms
[2026-03-19T11:41:41.108+0800][617.598s][info][gc,cpu      ] GC(1299) User=0.00s Sys=0.02s Real=0.00s
[2026-03-19T11:41:41.108+0800][617.598s][info][gc          ] GC(1300) Concurrent Undo Cycle
[2026-03-19T11:41:41.108+0800][617.598s][info][gc,marking  ] GC(1300) Concurrent Cleanup for Next Mark
[2026-03-19T11:41:41.110+0800][617.599s][info][gc,marking  ] GC(1300) Concurrent Cleanup for Next Mark 0.525ms
[2026-03-19T11:41:41.110+0800][617.599s][info][gc          ] GC(1300) Concurrent Undo Cycle 0.949ms
[2026-03-19T11:41:42.047+0800][618.537s][info][gc,start    ] GC(1301) Pause Young (Concurrent Start) (G1 Humongous Allocation)
[2026-03-19T11:41:42.047+0800][618.537s][info][gc,task     ] GC(1301) Using 3 workers of 13 for evacuation
[2026-03-19T11:41:42.050+0800][618.539s][info][gc,phases   ] GC(1301)   Pre Evacuate Collection Set: 0.2ms
[2026-03-19T11:41:42.050+0800][618.539s][info][gc,phases   ] GC(1301)   Merge Heap Roots: 0.2ms
[2026-03-19T11:41:42.050+0800][618.539s][info][gc,phases   ] GC(1301)   Evacuate Collection Set: 0.6ms
[2026-03-19T11:41:42.050+0800][618.539s][info][gc,phases   ] GC(1301)   Post Evacuate Collection Set: 1.1ms
[2026-03-19T11:41:42.050+0800][618.539s][info][gc,phases   ] GC(1301)   Other: 0.4ms
[2026-03-19T11:41:42.050+0800][618.539s][info][gc,heap     ] GC(1301) Eden regions: 13->0(74)
[2026-03-19T11:41:42.050+0800][618.539s][info][gc,heap     ] GC(1301) Survivor regions: 2->2(10)
[2026-03-19T11:41:42.050+0800][618.539s][info][gc,heap     ] GC(1301) Old regions: 18->18
[2026-03-19T11:41:42.050+0800][618.539s][info][gc,heap     ] GC(1301) Archive regions: 0->0
[2026-03-19T11:41:42.050+0800][618.539s][info][gc,heap     ] GC(1301) Humongous regions: 39->9
[2026-03-19T11:41:42.050+0800][618.539s][info][gc,metaspace] GC(1301) Metaspace: 22914K(23232K)->22914K(23232K) NonClass: 20304K(20480K)->20304K(20480K) Class: 2610K(2752K)->2610K(2752K)
[2026-03-19T11:41:42.050+0800][618.539s][info][gc          ] GC(1301) Pause Young (Concurrent Start) (G1 Humongous Allocation) 70M->27M(128M) 2.823ms
[2026-03-19T11:41:42.050+0800][618.540s][info][gc,cpu      ] GC(1301) User=0.00s Sys=0.00s Real=0.00s
[2026-03-19T11:41:42.051+0800][618.540s][info][gc          ] GC(1302) Concurrent Undo Cycle
[2026-03-19T11:41:42.051+0800][618.540s][info][gc,marking  ] GC(1302) Concurrent Cleanup for Next Mark
[2026-03-19T11:41:42.051+0800][618.540s][info][gc,marking  ] GC(1302) Concurrent Cleanup for Next Mark 0.347ms
[2026-03-19T11:41:42.051+0800][618.540s][info][gc          ] GC(1302) Concurrent Undo Cycle 0.507ms
[2026-03-19T11:41:42.982+0800][619.472s][info][gc,start    ] GC(1303) Pause Young (Concurrent Start) (G1 Humongous Allocation)
[2026-03-19T11:41:42.982+0800][619.472s][info][gc,task     ] GC(1303) Using 3 workers of 13 for evacuation
[2026-03-19T11:41:42.984+0800][619.474s][info][gc,phases   ] GC(1303)   Pre Evacuate Collection Set: 0.1ms
[2026-03-19T11:41:42.984+0800][619.474s][info][gc,phases   ] GC(1303)   Merge Heap Roots: 0.1ms
[2026-03-19T11:41:42.984+0800][619.474s][info][gc,phases   ] GC(1303)   Evacuate Collection Set: 0.6ms
[2026-03-19T11:41:42.984+0800][619.474s][info][gc,phases   ] GC(1303)   Post Evacuate Collection Set: 0.9ms
[2026-03-19T11:41:42.984+0800][619.474s][info][gc,phases   ] GC(1303)   Other: 0.3ms
[2026-03-19T11:41:42.984+0800][619.474s][info][gc,heap     ] GC(1303) Eden regions: 13->0(74)
[2026-03-19T11:41:42.984+0800][619.474s][info][gc,heap     ] GC(1303) Survivor regions: 2->2(10)
[2026-03-19T11:41:42.984+0800][619.474s][info][gc,heap     ] GC(1303) Old regions: 18->18
[2026-03-19T11:41:42.984+0800][619.474s][info][gc,heap     ] GC(1303) Archive regions: 0->0
[2026-03-19T11:41:42.984+0800][619.474s][info][gc,heap     ] GC(1303) Humongous regions: 39->9
[2026-03-19T11:41:42.984+0800][619.474s][info][gc,metaspace] GC(1303) Metaspace: 22914K(23232K)->22914K(23232K) NonClass: 20304K(20480K)->20304K(20480K) Class: 2610K(2752K)->2610K(2752K)
[2026-03-19T11:41:42.984+0800][619.474s][info][gc          ] GC(1303) Pause Young (Concurrent Start) (G1 Humongous Allocation) 70M->27M(128M) 2.485ms
[2026-03-19T11:41:42.984+0800][619.474s][info][gc,cpu      ] GC(1303) User=0.00s Sys=0.00s Real=0.00s
[2026-03-19T11:41:42.985+0800][619.474s][info][gc          ] GC(1304) Concurrent Undo Cycle
[2026-03-19T11:41:42.985+0800][619.474s][info][gc,marking  ] GC(1304) Concurrent Cleanup for Next Mark
[2026-03-19T11:41:42.985+0800][619.475s][info][gc,marking  ] GC(1304) Concurrent Cleanup for Next Mark 0.312ms
[2026-03-19T11:41:42.985+0800][619.475s][info][gc          ] GC(1304) Concurrent Undo Cycle 0.492ms
[2026-03-19T11:41:43.918+0800][620.408s][info][gc,start    ] GC(1305) Pause Young (Concurrent Start) (G1 Humongous Allocation)
[2026-03-19T11:41:43.918+0800][620.408s][info][gc,task     ] GC(1305) Using 3 workers of 13 for evacuation
[2026-03-19T11:41:43.921+0800][620.410s][info][gc,phases   ] GC(1305)   Pre Evacuate Collection Set: 0.1ms
[2026-03-19T11:41:43.921+0800][620.410s][info][gc,phases   ] GC(1305)   Merge Heap Roots: 0.1ms
[2026-03-19T11:41:43.921+0800][620.410s][info][gc,phases   ] GC(1305)   Evacuate Collection Set: 0.9ms
[2026-03-19T11:41:43.921+0800][620.410s][info][gc,phases   ] GC(1305)   Post Evacuate Collection Set: 1.0ms
[2026-03-19T11:41:43.921+0800][620.411s][info][gc,phases   ] GC(1305)   Other: 0.6ms
[2026-03-19T11:41:43.921+0800][620.411s][info][gc,heap     ] GC(1305) Eden regions: 13->0(74)
[2026-03-19T11:41:43.921+0800][620.411s][info][gc,heap     ] GC(1305) Survivor regions: 2->2(10)
[2026-03-19T11:41:43.921+0800][620.411s][info][gc,heap     ] GC(1305) Old regions: 18->18
[2026-03-19T11:41:43.921+0800][620.411s][info][gc,heap     ] GC(1305) Archive regions: 0->0
[2026-03-19T11:41:43.921+0800][620.411s][info][gc,heap     ] GC(1305) Humongous regions: 39->9
[2026-03-19T11:41:43.921+0800][620.411s][info][gc,metaspace] GC(1305) Metaspace: 22914K(23232K)->22914K(23232K) NonClass: 20304K(20480K)->20304K(20480K) Class: 2610K(2752K)->2610K(2752K)
[2026-03-19T11:41:43.922+0800][620.411s][info][gc          ] GC(1305) Pause Young (Concurrent Start) (G1 Humongous Allocation) 70M->27M(128M) 3.402ms
[2026-03-19T11:41:43.922+0800][620.411s][info][gc,cpu      ] GC(1305) User=0.00s Sys=0.00s Real=0.00s
[2026-03-19T11:41:43.922+0800][620.411s][info][gc          ] GC(1306) Concurrent Undo Cycle
[2026-03-19T11:41:43.922+0800][620.411s][info][gc,marking  ] GC(1306) Concurrent Cleanup for Next Mark
[2026-03-19T11:41:43.922+0800][620.412s][info][gc,marking  ] GC(1306) Concurrent Cleanup for Next Mark 0.386ms
[2026-03-19T11:41:43.923+0800][620.412s][info][gc          ] GC(1306) Concurrent Undo Cycle 0.784ms
[2026-03-19T11:41:44.852+0800][621.341s][info][gc,start    ] GC(1307) Pause Young (Concurrent Start) (G1 Humongous Allocation)
[2026-03-19T11:41:44.852+0800][621.341s][info][gc,task     ] GC(1307) Using 3 workers of 13 for evacuation
[2026-03-19T11:41:44.853+0800][621.343s][info][gc,phases   ] GC(1307)   Pre Evacuate Collection Set: 0.2ms
[2026-03-19T11:41:44.853+0800][621.343s][info][gc,phases   ] GC(1307)   Merge Heap Roots: 0.2ms
[2026-03-19T11:41:44.853+0800][621.343s][info][gc,phases   ] GC(1307)   Evacuate Collection Set: 0.6ms
[2026-03-19T11:41:44.853+0800][621.343s][info][gc,phases   ] GC(1307)   Post Evacuate Collection Set: 0.6ms
[2026-03-19T11:41:44.854+0800][621.343s][info][gc,phases   ] GC(1307)   Other: 0.2ms
[2026-03-19T11:41:44.854+0800][621.343s][info][gc,heap     ] GC(1307) Eden regions: 13->0(74)
[2026-03-19T11:41:44.854+0800][621.343s][info][gc,heap     ] GC(1307) Survivor regions: 2->2(10)
[2026-03-19T11:41:44.854+0800][621.343s][info][gc,heap     ] GC(1307) Old regions: 18->18
[2026-03-19T11:41:44.854+0800][621.343s][info][gc,heap     ] GC(1307) Archive regions: 0->0
[2026-03-19T11:41:44.854+0800][621.343s][info][gc,heap     ] GC(1307) Humongous regions: 39->9
[2026-03-19T11:41:44.854+0800][621.343s][info][gc,metaspace] GC(1307) Metaspace: 22914K(23232K)->22914K(23232K) NonClass: 20304K(20480K)->20304K(20480K) Class: 2610K(2752K)->2610K(2752K)
[2026-03-19T11:41:44.854+0800][621.343s][info][gc          ] GC(1307) Pause Young (Concurrent Start) (G1 Humongous Allocation) 70M->27M(128M) 2.008ms
[2026-03-19T11:41:44.854+0800][621.343s][info][gc,cpu      ] GC(1307) User=0.00s Sys=0.00s Real=0.00s
[2026-03-19T11:41:44.854+0800][621.343s][info][gc          ] GC(1308) Concurrent Undo Cycle
[2026-03-19T11:41:44.854+0800][621.343s][info][gc,marking  ] GC(1308) Concurrent Cleanup for Next Mark
[2026-03-19T11:41:44.854+0800][621.344s][info][gc,marking  ] GC(1308) Concurrent Cleanup for Next Mark 0.168ms
[2026-03-19T11:41:44.854+0800][621.344s][info][gc          ] GC(1308) Concurrent Undo Cycle 0.271ms
[2026-03-19T11:41:45.786+0800][622.275s][info][gc,start    ] GC(1309) Pause Young (Concurrent Start) (G1 Humongous Allocation)
[2026-03-19T11:41:45.786+0800][622.276s][info][gc,task     ] GC(1309) Using 3 workers of 13 for evacuation
[2026-03-19T11:41:45.789+0800][622.279s][info][gc,phases   ] GC(1309)   Pre Evacuate Collection Set: 0.4ms
[2026-03-19T11:41:45.789+0800][622.279s][info][gc,phases   ] GC(1309)   Merge Heap Roots: 0.2ms
[2026-03-19T11:41:45.789+0800][622.279s][info][gc,phases   ] GC(1309)   Evacuate Collection Set: 1.1ms
[2026-03-19T11:41:45.789+0800][622.279s][info][gc,phases   ] GC(1309)   Post Evacuate Collection Set: 1.2ms
[2026-03-19T11:41:45.790+0800][622.279s][info][gc,phases   ] GC(1309)   Other: 0.8ms
[2026-03-19T11:41:45.790+0800][622.279s][info][gc,heap     ] GC(1309) Eden regions: 13->0(74)
[2026-03-19T11:41:45.790+0800][622.279s][info][gc,heap     ] GC(1309) Survivor regions: 2->2(10)
[2026-03-19T11:41:45.790+0800][622.279s][info][gc,heap     ] GC(1309) Old regions: 18->18
[2026-03-19T11:41:45.790+0800][622.279s][info][gc,heap     ] GC(1309) Archive regions: 0->0
[2026-03-19T11:41:45.790+0800][622.279s][info][gc,heap     ] GC(1309) Humongous regions: 39->9
[2026-03-19T11:41:45.790+0800][622.279s][info][gc,metaspace] GC(1309) Metaspace: 22914K(23232K)->22914K(23232K) NonClass: 20304K(20480K)->20304K(20480K) Class: 2610K(2752K)->2610K(2752K)
[2026-03-19T11:41:45.790+0800][622.279s][info][gc          ] GC(1309) Pause Young (Concurrent Start) (G1 Humongous Allocation) 70M->27M(128M) 4.121ms
[2026-03-19T11:41:45.790+0800][622.279s][info][gc,cpu      ] GC(1309) User=0.00s Sys=0.00s Real=0.00s
[2026-03-19T11:41:45.790+0800][622.279s][info][gc          ] GC(1310) Concurrent Undo Cycle
[2026-03-19T11:41:45.790+0800][622.279s][info][gc,marking  ] GC(1310) Concurrent Cleanup for Next Mark
[2026-03-19T11:41:45.790+0800][622.280s][info][gc,marking  ] GC(1310) Concurrent Cleanup for Next Mark 0.332ms
[2026-03-19T11:41:45.790+0800][622.280s][info][gc          ] GC(1310) Concurrent Undo Cycle 0.489ms
[2026-03-19T11:41:46.725+0800][623.214s][info][gc,start    ] GC(1311) Pause Young (Concurrent Start) (G1 Humongous Allocation)
[2026-03-19T11:41:46.725+0800][623.214s][info][gc,task     ] GC(1311) Using 3 workers of 13 for evacuation
[2026-03-19T11:41:46.727+0800][623.216s][info][gc,phases   ] GC(1311)   Pre Evacuate Collection Set: 0.1ms
[2026-03-19T11:41:46.727+0800][623.216s][info][gc,phases   ] GC(1311)   Merge Heap Roots: 0.2ms
[2026-03-19T11:41:46.727+0800][623.217s][info][gc,phases   ] GC(1311)   Evacuate Collection Set: 0.8ms
[2026-03-19T11:41:46.727+0800][623.217s][info][gc,phases   ] GC(1311)   Post Evacuate Collection Set: 0.9ms
[2026-03-19T11:41:46.727+0800][623.217s][info][gc,phases   ] GC(1311)   Other: 0.4ms
[2026-03-19T11:41:46.727+0800][623.217s][info][gc,heap     ] GC(1311) Eden regions: 13->0(74)
[2026-03-19T11:41:46.727+0800][623.217s][info][gc,heap     ] GC(1311) Survivor regions: 2->2(10)
[2026-03-19T11:41:46.727+0800][623.217s][info][gc,heap     ] GC(1311) Old regions: 18->18
[2026-03-19T11:41:46.727+0800][623.217s][info][gc,heap     ] GC(1311) Archive regions: 0->0
[2026-03-19T11:41:46.727+0800][623.217s][info][gc,heap     ] GC(1311) Humongous regions: 39->9
[2026-03-19T11:41:46.727+0800][623.217s][info][gc,metaspace] GC(1311) Metaspace: 22914K(23232K)->22914K(23232K) NonClass: 20304K(20480K)->20304K(20480K) Class: 2610K(2752K)->2610K(2752K)
[2026-03-19T11:41:46.727+0800][623.217s][info][gc          ] GC(1311) Pause Young (Concurrent Start) (G1 Humongous Allocation) 70M->27M(128M) 3.223ms
[2026-03-19T11:41:46.727+0800][623.217s][info][gc,cpu      ] GC(1311) User=0.00s Sys=0.00s Real=0.00s
[2026-03-19T11:41:46.728+0800][623.217s][info][gc          ] GC(1312) Concurrent Undo Cycle
[2026-03-19T11:41:46.728+0800][623.218s][info][gc,marking  ] GC(1312) Concurrent Cleanup for Next Mark
[2026-03-19T11:41:46.728+0800][623.218s][info][gc,marking  ] GC(1312) Concurrent Cleanup for Next Mark 0.424ms
[2026-03-19T11:41:46.728+0800][623.218s][info][gc          ] GC(1312) Concurrent Undo Cycle 0.767ms
[2026-03-19T11:41:47.662+0800][624.151s][info][gc,start    ] GC(1313) Pause Young (Concurrent Start) (G1 Humongous Allocation)
[2026-03-19T11:41:47.662+0800][624.151s][info][gc,task     ] GC(1313) Using 3 workers of 13 for evacuation
[2026-03-19T11:41:47.663+0800][624.153s][info][gc,phases   ] GC(1313)   Pre Evacuate Collection Set: 0.4ms
[2026-03-19T11:41:47.664+0800][624.153s][info][gc,phases   ] GC(1313)   Merge Heap Roots: 0.3ms
[2026-03-19T11:41:47.664+0800][624.153s][info][gc,phases   ] GC(1313)   Evacuate Collection Set: 0.8ms
[2026-03-19T11:41:47.664+0800][624.153s][info][gc,phases   ] GC(1313)   Post Evacuate Collection Set: 0.9ms
[2026-03-19T11:41:47.664+0800][624.153s][info][gc,phases   ] GC(1313)   Other: 0.4ms
[2026-03-19T11:41:47.664+0800][624.154s][info][gc,heap     ] GC(1313) Eden regions: 12->0(74)
[2026-03-19T11:41:47.664+0800][624.154s][info][gc,heap     ] GC(1313) Survivor regions: 2->2(10)
[2026-03-19T11:41:47.664+0800][624.154s][info][gc,heap     ] GC(1313) Old regions: 18->18
[2026-03-19T11:41:47.664+0800][624.154s][info][gc,heap     ] GC(1313) Archive regions: 0->0
[2026-03-19T11:41:47.664+0800][624.154s][info][gc,heap     ] GC(1313) Humongous regions: 39->9
[2026-03-19T11:41:47.664+0800][624.154s][info][gc,metaspace] GC(1313) Metaspace: 22914K(23232K)->22914K(23232K) NonClass: 20304K(20480K)->20304K(20480K) Class: 2610K(2752K)->2610K(2752K)
[2026-03-19T11:41:47.664+0800][624.154s][info][gc          ] GC(1313) Pause Young (Concurrent Start) (G1 Humongous Allocation) 69M->27M(128M) 3.176ms
[2026-03-19T11:41:47.664+0800][624.154s][info][gc,cpu      ] GC(1313) User=0.00s Sys=0.00s Real=0.00s
[2026-03-19T11:41:47.664+0800][624.154s][info][gc          ] GC(1314) Concurrent Undo Cycle
[2026-03-19T11:41:47.664+0800][624.154s][info][gc,marking  ] GC(1314) Concurrent Cleanup for Next Mark
[2026-03-19T11:41:47.665+0800][624.154s][info][gc,marking  ] GC(1314) Concurrent Cleanup for Next Mark 0.353ms
[2026-03-19T11:41:47.665+0800][624.155s][info][gc          ] GC(1314) Concurrent Undo Cycle 0.625ms
[2026-03-19T11:41:48.601+0800][625.090s][info][gc,start    ] GC(1315) Pause Young (Concurrent Start) (G1 Humongous Allocation)
[2026-03-19T11:41:48.602+0800][625.091s][info][gc,task     ] GC(1315) Using 3 workers of 13 for evacuation
[2026-03-19T11:41:48.604+0800][625.093s][info][gc,phases   ] GC(1315)   Pre Evacuate Collection Set: 0.2ms
[2026-03-19T11:41:48.604+0800][625.093s][info][gc,phases   ] GC(1315)   Merge Heap Roots: 0.2ms
[2026-03-19T11:41:48.604+0800][625.093s][info][gc,phases   ] GC(1315)   Evacuate Collection Set: 0.9ms
[2026-03-19T11:41:48.604+0800][625.093s][info][gc,phases   ] GC(1315)   Post Evacuate Collection Set: 0.9ms
[2026-03-19T11:41:48.604+0800][625.093s][info][gc,phases   ] GC(1315)   Other: 0.5ms
[2026-03-19T11:41:48.604+0800][625.093s][info][gc,heap     ] GC(1315) Eden regions: 12->0(74)
[2026-03-19T11:41:48.605+0800][625.093s][info][gc,heap     ] GC(1315) Survivor regions: 2->2(10)
[2026-03-19T11:41:48.605+0800][625.094s][info][gc,heap     ] GC(1315) Old regions: 18->18
[2026-03-19T11:41:48.605+0800][625.094s][info][gc,heap     ] GC(1315) Archive regions: 0->0
[2026-03-19T11:41:48.605+0800][625.094s][info][gc,heap     ] GC(1315) Humongous regions: 39->9
[2026-03-19T11:41:48.605+0800][625.094s][info][gc,metaspace] GC(1315) Metaspace: 22914K(23232K)->22914K(23232K) NonClass: 20304K(20480K)->20304K(20480K) Class: 2610K(2752K)->2610K(2752K)
[2026-03-19T11:41:48.605+0800][625.094s][info][gc          ] GC(1315) Pause Young (Concurrent Start) (G1 Humongous Allocation) 69M->27M(128M) 3.442ms
[2026-03-19T11:41:48.605+0800][625.094s][info][gc,cpu      ] GC(1315) User=0.00s Sys=0.00s Real=0.00s
[2026-03-19T11:41:48.605+0800][625.094s][info][gc          ] GC(1316) Concurrent Undo Cycle
[2026-03-19T11:41:48.605+0800][625.094s][info][gc,marking  ] GC(1316) Concurrent Cleanup for Next Mark
[2026-03-19T11:41:48.606+0800][625.095s][info][gc,marking  ] GC(1316) Concurrent Cleanup for Next Mark 0.559ms
[2026-03-19T11:41:48.606+0800][625.095s][info][gc          ] GC(1316) Concurrent Undo Cycle 0.905ms
[2026-03-19T11:41:49.553+0800][626.042s][info][gc,start    ] GC(1317) Pause Young (Concurrent Start) (G1 Humongous Allocation)
[2026-03-19T11:41:49.553+0800][626.042s][info][gc,task     ] GC(1317) Using 3 workers of 13 for evacuation
[2026-03-19T11:41:49.555+0800][626.044s][info][gc,phases   ] GC(1317)   Pre Evacuate Collection Set: 0.2ms
[2026-03-19T11:41:49.556+0800][626.045s][info][gc,phases   ] GC(1317)   Merge Heap Roots: 0.2ms
[2026-03-19T11:41:49.556+0800][626.045s][info][gc,phases   ] GC(1317)   Evacuate Collection Set: 0.7ms
[2026-03-19T11:41:49.556+0800][626.045s][info][gc,phases   ] GC(1317)   Post Evacuate Collection Set: 0.8ms
[2026-03-19T11:41:49.556+0800][626.045s][info][gc,phases   ] GC(1317)   Other: 0.4ms
[2026-03-19T11:41:49.556+0800][626.045s][info][gc,heap     ] GC(1317) Eden regions: 13->0(74)
[2026-03-19T11:41:49.556+0800][626.045s][info][gc,heap     ] GC(1317) Survivor regions: 2->2(10)
[2026-03-19T11:41:49.556+0800][626.045s][info][gc,heap     ] GC(1317) Old regions: 18->18
[2026-03-19T11:41:49.556+0800][626.045s][info][gc,heap     ] GC(1317) Archive regions: 0->0
[2026-03-19T11:41:49.556+0800][626.045s][info][gc,heap     ] GC(1317) Humongous regions: 39->9
[2026-03-19T11:41:49.556+0800][626.045s][info][gc,metaspace] GC(1317) Metaspace: 22914K(23232K)->22914K(23232K) NonClass: 20304K(20480K)->20304K(20480K) Class: 2610K(2752K)->2610K(2752K)
[2026-03-19T11:41:49.556+0800][626.045s][info][gc          ] GC(1317) Pause Young (Concurrent Start) (G1 Humongous Allocation) 70M->27M(128M) 3.150ms
[2026-03-19T11:41:49.556+0800][626.045s][info][gc,cpu      ] GC(1317) User=0.00s Sys=0.00s Real=0.00s
[2026-03-19T11:41:49.557+0800][626.046s][info][gc          ] GC(1318) Concurrent Undo Cycle
[2026-03-19T11:41:49.557+0800][626.046s][info][gc,marking  ] GC(1318) Concurrent Cleanup for Next Mark
[2026-03-19T11:41:49.557+0800][626.046s][info][gc,marking  ] GC(1318) Concurrent Cleanup for Next Mark 0.462ms
[2026-03-19T11:41:49.557+0800][626.046s][info][gc          ] GC(1318) Concurrent Undo Cycle 0.813ms
[2026-03-19T11:41:50.492+0800][626.981s][info][gc,start    ] GC(1319) Pause Young (Concurrent Start) (G1 Humongous Allocation)
[2026-03-19T11:41:50.492+0800][626.982s][info][gc,task     ] GC(1319) Using 3 workers of 13 for evacuation
[2026-03-19T11:41:50.495+0800][626.984s][info][gc,phases   ] GC(1319)   Pre Evacuate Collection Set: 0.2ms
[2026-03-19T11:41:50.495+0800][626.984s][info][gc,phases   ] GC(1319)   Merge Heap Roots: 0.1ms
[2026-03-19T11:41:50.495+0800][626.984s][info][gc,phases   ] GC(1319)   Evacuate Collection Set: 0.8ms
[2026-03-19T11:41:50.495+0800][626.984s][info][gc,phases   ] GC(1319)   Post Evacuate Collection Set: 0.9ms
[2026-03-19T11:41:50.495+0800][626.984s][info][gc,phases   ] GC(1319)   Other: 0.6ms
[2026-03-19T11:41:50.495+0800][626.984s][info][gc,heap     ] GC(1319) Eden regions: 13->0(74)
[2026-03-19T11:41:50.495+0800][626.984s][info][gc,heap     ] GC(1319) Survivor regions: 2->2(10)
[2026-03-19T11:41:50.495+0800][626.984s][info][gc,heap     ] GC(1319) Old regions: 18->18
[2026-03-19T11:41:50.495+0800][626.984s][info][gc,heap     ] GC(1319) Archive regions: 0->0
[2026-03-19T11:41:50.495+0800][626.985s][info][gc,heap     ] GC(1319) Humongous regions: 39->9
[2026-03-19T11:41:50.495+0800][626.985s][info][gc,metaspace] GC(1319) Metaspace: 22915K(23232K)->22915K(23232K) NonClass: 20305K(20480K)->20305K(20480K) Class: 2610K(2752K)->2610K(2752K)
[2026-03-19T11:41:50.495+0800][626.985s][info][gc          ] GC(1319) Pause Young (Concurrent Start) (G1 Humongous Allocation) 70M->27M(128M) 3.339ms
[2026-03-19T11:41:50.496+0800][626.985s][info][gc,cpu      ] GC(1319) User=0.00s Sys=0.00s Real=0.00s
[2026-03-19T11:41:50.496+0800][626.985s][info][gc          ] GC(1320) Concurrent Undo Cycle
[2026-03-19T11:41:50.496+0800][626.985s][info][gc,marking  ] GC(1320) Concurrent Cleanup for Next Mark
[2026-03-19T11:41:50.496+0800][626.985s][info][gc,marking  ] GC(1320) Concurrent Cleanup for Next Mark 0.393ms
[2026-03-19T11:41:50.496+0800][626.986s][info][gc          ] GC(1320) Concurrent Undo Cycle 0.615ms
[2026-03-19T11:41:51.431+0800][627.920s][info][gc,start    ] GC(1321) Pause Young (Concurrent Start) (G1 Humongous Allocation)
[2026-03-19T11:41:51.431+0800][627.921s][info][gc,task     ] GC(1321) Using 3 workers of 13 for evacuation
[2026-03-19T11:41:51.433+0800][627.922s][info][gc,phases   ] GC(1321)   Pre Evacuate Collection Set: 0.2ms
[2026-03-19T11:41:51.433+0800][627.922s][info][gc,phases   ] GC(1321)   Merge Heap Roots: 0.1ms
[2026-03-19T11:41:51.433+0800][627.923s][info][gc,phases   ] GC(1321)   Evacuate Collection Set: 0.6ms
[2026-03-19T11:41:51.433+0800][627.923s][info][gc,phases   ] GC(1321)   Post Evacuate Collection Set: 0.7ms
[2026-03-19T11:41:51.433+0800][627.923s][info][gc,phases   ] GC(1321)   Other: 0.4ms
[2026-03-19T11:41:51.433+0800][627.923s][info][gc,heap     ] GC(1321) Eden regions: 13->0(74)
[2026-03-19T11:41:51.433+0800][627.923s][info][gc,heap     ] GC(1321) Survivor regions: 2->2(10)
[2026-03-19T11:41:51.433+0800][627.923s][info][gc,heap     ] GC(1321) Old regions: 18->18
[2026-03-19T11:41:51.433+0800][627.923s][info][gc,heap     ] GC(1321) Archive regions: 0->0
[2026-03-19T11:41:51.433+0800][627.923s][info][gc,heap     ] GC(1321) Humongous regions: 39->9
[2026-03-19T11:41:51.433+0800][627.923s][info][gc,metaspace] GC(1321) Metaspace: 22915K(23232K)->22915K(23232K) NonClass: 20305K(20480K)->20305K(20480K) Class: 2610K(2752K)->2610K(2752K)
[2026-03-19T11:41:51.433+0800][627.923s][info][gc          ] GC(1321) Pause Young (Concurrent Start) (G1 Humongous Allocation) 70M->27M(128M) 2.580ms
[2026-03-19T11:41:51.434+0800][627.923s][info][gc,cpu      ] GC(1321) User=0.00s Sys=0.00s Real=0.00s
[2026-03-19T11:41:51.434+0800][627.923s][info][gc          ] GC(1322) Concurrent Undo Cycle
[2026-03-19T11:41:51.434+0800][627.923s][info][gc,marking  ] GC(1322) Concurrent Cleanup for Next Mark
[2026-03-19T11:41:51.434+0800][627.923s][info][gc,marking  ] GC(1322) Concurrent Cleanup for Next Mark 0.256ms
[2026-03-19T11:41:51.434+0800][627.924s][info][gc          ] GC(1322) Concurrent Undo Cycle 0.506ms
[2026-03-19T11:41:52.363+0800][628.852s][info][gc,start    ] GC(1323) Pause Young (Concurrent Start) (G1 Humongous Allocation)
[2026-03-19T11:41:52.363+0800][628.852s][info][gc,task     ] GC(1323) Using 3 workers of 13 for evacuation
[2026-03-19T11:41:52.366+0800][628.855s][info][gc,phases   ] GC(1323)   Pre Evacuate Collection Set: 0.3ms
[2026-03-19T11:41:52.366+0800][628.855s][info][gc,phases   ] GC(1323)   Merge Heap Roots: 0.3ms
[2026-03-19T11:41:52.366+0800][628.855s][info][gc,phases   ] GC(1323)   Evacuate Collection Set: 0.6ms
[2026-03-19T11:41:52.366+0800][628.855s][info][gc,phases   ] GC(1323)   Post Evacuate Collection Set: 1.0ms
[2026-03-19T11:41:52.366+0800][628.855s][info][gc,phases   ] GC(1323)   Other: 0.7ms
[2026-03-19T11:41:52.366+0800][628.855s][info][gc,heap     ] GC(1323) Eden regions: 12->0(74)
[2026-03-19T11:41:52.366+0800][628.855s][info][gc,heap     ] GC(1323) Survivor regions: 2->2(10)
[2026-03-19T11:41:52.366+0800][628.855s][info][gc,heap     ] GC(1323) Old regions: 18->18
[2026-03-19T11:41:52.366+0800][628.855s][info][gc,heap     ] GC(1323) Archive regions: 0->0
[2026-03-19T11:41:52.366+0800][628.855s][info][gc,heap     ] GC(1323) Humongous regions: 39->9
[2026-03-19T11:41:52.366+0800][628.855s][info][gc,metaspace] GC(1323) Metaspace: 22915K(23232K)->22915K(23232K) NonClass: 20305K(20480K)->20305K(20480K) Class: 2610K(2752K)->2610K(2752K)
[2026-03-19T11:41:52.366+0800][628.855s][info][gc          ] GC(1323) Pause Young (Concurrent Start) (G1 Humongous Allocation) 69M->27M(128M) 3.296ms
[2026-03-19T11:41:52.366+0800][628.855s][info][gc,cpu      ] GC(1323) User=0.00s Sys=0.00s Real=0.00s
[2026-03-19T11:41:52.366+0800][628.855s][info][gc          ] GC(1324) Concurrent Undo Cycle
[2026-03-19T11:41:52.366+0800][628.855s][info][gc,marking  ] GC(1324) Concurrent Cleanup for Next Mark
[2026-03-19T11:41:52.367+0800][628.856s][info][gc,marking  ] GC(1324) Concurrent Cleanup for Next Mark 0.400ms
[2026-03-19T11:41:52.367+0800][628.856s][info][gc          ] GC(1324) Concurrent Undo Cycle 0.689ms
[2026-03-19T11:41:53.299+0800][629.788s][info][gc,start    ] GC(1325) Pause Young (Concurrent Start) (G1 Humongous Allocation)
[2026-03-19T11:41:53.299+0800][629.788s][info][gc,task     ] GC(1325) Using 3 workers of 13 for evacuation
[2026-03-19T11:41:53.301+0800][629.790s][info][gc,phases   ] GC(1325)   Pre Evacuate Collection Set: 0.2ms
[2026-03-19T11:41:53.301+0800][629.790s][info][gc,phases   ] GC(1325)   Merge Heap Roots: 0.1ms
[2026-03-19T11:41:53.301+0800][629.790s][info][gc,phases   ] GC(1325)   Evacuate Collection Set: 0.8ms
[2026-03-19T11:41:53.301+0800][629.790s][info][gc,phases   ] GC(1325)   Post Evacuate Collection Set: 0.6ms
[2026-03-19T11:41:53.301+0800][629.790s][info][gc,phases   ] GC(1325)   Other: 0.2ms
[2026-03-19T11:41:53.301+0800][629.790s][info][gc,heap     ] GC(1325) Eden regions: 13->0(74)
[2026-03-19T11:41:53.301+0800][629.790s][info][gc,heap     ] GC(1325) Survivor regions: 2->2(10)
[2026-03-19T11:41:53.301+0800][629.790s][info][gc,heap     ] GC(1325) Old regions: 18->18
[2026-03-19T11:41:53.301+0800][629.790s][info][gc,heap     ] GC(1325) Archive regions: 0->0
[2026-03-19T11:41:53.301+0800][629.790s][info][gc,heap     ] GC(1325) Humongous regions: 39->9
[2026-03-19T11:41:53.301+0800][629.790s][info][gc,metaspace] GC(1325) Metaspace: 22915K(23232K)->22915K(23232K) NonClass: 20305K(20480K)->20305K(20480K) Class: 2610K(2752K)->2610K(2752K)
[2026-03-19T11:41:53.301+0800][629.790s][info][gc          ] GC(1325) Pause Young (Concurrent Start) (G1 Humongous Allocation) 70M->27M(128M) 2.336ms
[2026-03-19T11:41:53.301+0800][629.790s][info][gc,cpu      ] GC(1325) User=0.00s Sys=0.00s Real=0.00s
[2026-03-19T11:41:53.301+0800][629.790s][info][gc          ] GC(1326) Concurrent Undo Cycle
[2026-03-19T11:41:53.301+0800][629.790s][info][gc,marking  ] GC(1326) Concurrent Cleanup for Next Mark
[2026-03-19T11:41:53.302+0800][629.791s][info][gc,marking  ] GC(1326) Concurrent Cleanup for Next Mark 0.354ms
[2026-03-19T11:41:53.302+0800][629.791s][info][gc          ] GC(1326) Concurrent Undo Cycle 0.556ms
[2026-03-19T11:41:54.232+0800][630.722s][info][gc,start    ] GC(1327) Pause Young (Concurrent Start) (G1 Humongous Allocation)
[2026-03-19T11:41:54.233+0800][630.722s][info][gc,task     ] GC(1327) Using 3 workers of 13 for evacuation
[2026-03-19T11:41:54.234+0800][630.723s][info][gc,phases   ] GC(1327)   Pre Evacuate Collection Set: 0.1ms
[2026-03-19T11:41:54.234+0800][630.723s][info][gc,phases   ] GC(1327)   Merge Heap Roots: 0.1ms
[2026-03-19T11:41:54.234+0800][630.723s][info][gc,phases   ] GC(1327)   Evacuate Collection Set: 0.7ms
[2026-03-19T11:41:54.234+0800][630.723s][info][gc,phases   ] GC(1327)   Post Evacuate Collection Set: 0.6ms
[2026-03-19T11:41:54.234+0800][630.723s][info][gc,phases   ] GC(1327)   Other: 0.2ms
[2026-03-19T11:41:54.234+0800][630.723s][info][gc,heap     ] GC(1327) Eden regions: 13->0(74)
[2026-03-19T11:41:54.234+0800][630.723s][info][gc,heap     ] GC(1327) Survivor regions: 2->2(10)
[2026-03-19T11:41:54.234+0800][630.723s][info][gc,heap     ] GC(1327) Old regions: 18->18
[2026-03-19T11:41:54.234+0800][630.723s][info][gc,heap     ] GC(1327) Archive regions: 0->0
[2026-03-19T11:41:54.234+0800][630.723s][info][gc,heap     ] GC(1327) Humongous regions: 39->9
[2026-03-19T11:41:54.234+0800][630.723s][info][gc,metaspace] GC(1327) Metaspace: 22915K(23232K)->22915K(23232K) NonClass: 20305K(20480K)->20305K(20480K) Class: 2610K(2752K)->2610K(2752K)
[2026-03-19T11:41:54.234+0800][630.723s][info][gc          ] GC(1327) Pause Young (Concurrent Start) (G1 Humongous Allocation) 70M->27M(128M) 1.953ms
[2026-03-19T11:41:54.234+0800][630.724s][info][gc,cpu      ] GC(1327) User=0.00s Sys=0.00s Real=0.00s
[2026-03-19T11:41:54.235+0800][630.724s][info][gc          ] GC(1328) Concurrent Undo Cycle
[2026-03-19T11:41:54.235+0800][630.724s][info][gc,marking  ] GC(1328) Concurrent Cleanup for Next Mark
[2026-03-19T11:41:54.235+0800][630.724s][info][gc,marking  ] GC(1328) Concurrent Cleanup for Next Mark 0.218ms
[2026-03-19T11:41:54.235+0800][630.724s][info][gc          ] GC(1328) Concurrent Undo Cycle 0.426ms
[2026-03-19T11:41:55.170+0800][631.659s][info][gc,start    ] GC(1329) Pause Young (Concurrent Start) (G1 Humongous Allocation)
[2026-03-19T11:41:55.170+0800][631.659s][info][gc,task     ] GC(1329) Using 3 workers of 13 for evacuation
[2026-03-19T11:41:55.173+0800][631.662s][info][gc,phases   ] GC(1329)   Pre Evacuate Collection Set: 0.3ms
[2026-03-19T11:41:55.173+0800][631.662s][info][gc,phases   ] GC(1329)   Merge Heap Roots: 0.3ms
[2026-03-19T11:41:55.173+0800][631.662s][info][gc,phases   ] GC(1329)   Evacuate Collection Set: 1.0ms
[2026-03-19T11:41:55.173+0800][631.662s][info][gc,phases   ] GC(1329)   Post Evacuate Collection Set: 1.0ms
[2026-03-19T11:41:55.173+0800][631.662s][info][gc,phases   ] GC(1329)   Other: 0.6ms
[2026-03-19T11:41:55.173+0800][631.662s][info][gc,heap     ] GC(1329) Eden regions: 13->0(74)
[2026-03-19T11:41:55.173+0800][631.662s][info][gc,heap     ] GC(1329) Survivor regions: 2->2(10)
[2026-03-19T11:41:55.173+0800][631.662s][info][gc,heap     ] GC(1329) Old regions: 18->18
[2026-03-19T11:41:55.174+0800][631.663s][info][gc,heap     ] GC(1329) Archive regions: 0->0
[2026-03-19T11:41:55.174+0800][631.663s][info][gc,heap     ] GC(1329) Humongous regions: 39->9
[2026-03-19T11:41:55.174+0800][631.663s][info][gc,metaspace] GC(1329) Metaspace: 22915K(23232K)->22915K(23232K) NonClass: 20305K(20480K)->20305K(20480K) Class: 2610K(2752K)->2610K(2752K)
[2026-03-19T11:41:55.174+0800][631.663s][info][gc          ] GC(1329) Pause Young (Concurrent Start) (G1 Humongous Allocation) 70M->27M(128M) 3.775ms
[2026-03-19T11:41:55.174+0800][631.663s][info][gc,cpu      ] GC(1329) User=0.00s Sys=0.00s Real=0.00s
[2026-03-19T11:41:55.174+0800][631.663s][info][gc          ] GC(1330) Concurrent Undo Cycle
[2026-03-19T11:41:55.174+0800][631.663s][info][gc,marking  ] GC(1330) Concurrent Cleanup for Next Mark
[2026-03-19T11:41:55.175+0800][631.664s][info][gc,marking  ] GC(1330) Concurrent Cleanup for Next Mark 0.528ms
[2026-03-19T11:41:55.175+0800][631.664s][info][gc          ] GC(1330) Concurrent Undo Cycle 0.885ms
[2026-03-19T11:41:56.126+0800][632.615s][info][gc,start    ] GC(1331) Pause Young (Concurrent Start) (G1 Humongous Allocation)
[2026-03-19T11:41:56.126+0800][632.615s][info][gc,task     ] GC(1331) Using 3 workers of 13 for evacuation
[2026-03-19T11:41:56.129+0800][632.618s][info][gc,phases   ] GC(1331)   Pre Evacuate Collection Set: 0.3ms
[2026-03-19T11:41:56.129+0800][632.618s][info][gc,phases   ] GC(1331)   Merge Heap Roots: 0.3ms
[2026-03-19T11:41:56.129+0800][632.618s][info][gc,phases   ] GC(1331)   Evacuate Collection Set: 0.9ms
[2026-03-19T11:41:56.129+0800][632.618s][info][gc,phases   ] GC(1331)   Post Evacuate Collection Set: 1.2ms
[2026-03-19T11:41:56.129+0800][632.618s][info][gc,phases   ] GC(1331)   Other: 0.5ms
[2026-03-19T11:41:56.129+0800][632.618s][info][gc,heap     ] GC(1331) Eden regions: 12->0(74)
[2026-03-19T11:41:56.129+0800][632.618s][info][gc,heap     ] GC(1331) Survivor regions: 2->2(10)
[2026-03-19T11:41:56.129+0800][632.618s][info][gc,heap     ] GC(1331) Old regions: 18->18
[2026-03-19T11:41:56.129+0800][632.618s][info][gc,heap     ] GC(1331) Archive regions: 0->0
[2026-03-19T11:41:56.129+0800][632.618s][info][gc,heap     ] GC(1331) Humongous regions: 39->9
[2026-03-19T11:41:56.129+0800][632.618s][info][gc,metaspace] GC(1331) Metaspace: 22915K(23232K)->22915K(23232K) NonClass: 20305K(20480K)->20305K(20480K) Class: 2610K(2752K)->2610K(2752K)
[2026-03-19T11:41:56.129+0800][632.618s][info][gc          ] GC(1331) Pause Young (Concurrent Start) (G1 Humongous Allocation) 69M->27M(128M) 3.704ms
[2026-03-19T11:41:56.129+0800][632.618s][info][gc,cpu      ] GC(1331) User=0.00s Sys=0.00s Real=0.00s
[2026-03-19T11:41:56.130+0800][632.618s][info][gc          ] GC(1332) Concurrent Undo Cycle
[2026-03-19T11:41:56.130+0800][632.619s][info][gc,marking  ] GC(1332) Concurrent Cleanup for Next Mark
[2026-03-19T11:41:56.130+0800][632.619s][info][gc,marking  ] GC(1332) Concurrent Cleanup for Next Mark 0.364ms
[2026-03-19T11:41:56.130+0800][632.619s][info][gc          ] GC(1332) Concurrent Undo Cycle 0.681ms
[2026-03-19T11:41:57.065+0800][633.554s][info][gc,start    ] GC(1333) Pause Young (Concurrent Start) (G1 Humongous Allocation)
[2026-03-19T11:41:57.065+0800][633.554s][info][gc,task     ] GC(1333) Using 3 workers of 13 for evacuation
[2026-03-19T11:41:57.067+0800][633.557s][info][gc,phases   ] GC(1333)   Pre Evacuate Collection Set: 0.3ms
[2026-03-19T11:41:57.067+0800][633.557s][info][gc,phases   ] GC(1333)   Merge Heap Roots: 0.3ms
[2026-03-19T11:41:57.067+0800][633.557s][info][gc,phases   ] GC(1333)   Evacuate Collection Set: 0.8ms
[2026-03-19T11:41:57.067+0800][633.557s][info][gc,phases   ] GC(1333)   Post Evacuate Collection Set: 1.1ms
[2026-03-19T11:41:57.067+0800][633.557s][info][gc,phases   ] GC(1333)   Other: 0.3ms
[2026-03-19T11:41:57.067+0800][633.557s][info][gc,heap     ] GC(1333) Eden regions: 12->0(74)
[2026-03-19T11:41:57.067+0800][633.557s][info][gc,heap     ] GC(1333) Survivor regions: 2->2(10)
[2026-03-19T11:41:57.067+0800][633.557s][info][gc,heap     ] GC(1333) Old regions: 18->18
[2026-03-19T11:41:57.067+0800][633.557s][info][gc,heap     ] GC(1333) Archive regions: 0->0
[2026-03-19T11:41:57.067+0800][633.557s][info][gc,heap     ] GC(1333) Humongous regions: 39->9
[2026-03-19T11:41:57.067+0800][633.557s][info][gc,metaspace] GC(1333) Metaspace: 22915K(23232K)->22915K(23232K) NonClass: 20305K(20480K)->20305K(20480K) Class: 2610K(2752K)->2610K(2752K)
[2026-03-19T11:41:57.067+0800][633.557s][info][gc          ] GC(1333) Pause Young (Concurrent Start) (G1 Humongous Allocation) 69M->27M(128M) 2.933ms
[2026-03-19T11:41:57.067+0800][633.557s][info][gc,cpu      ] GC(1333) User=0.00s Sys=0.00s Real=0.00s
[2026-03-19T11:41:57.068+0800][633.557s][info][gc          ] GC(1334) Concurrent Undo Cycle
[2026-03-19T11:41:57.068+0800][633.557s][info][gc,marking  ] GC(1334) Concurrent Cleanup for Next Mark
[2026-03-19T11:41:57.068+0800][633.558s][info][gc,marking  ] GC(1334) Concurrent Cleanup for Next Mark 0.280ms
[2026-03-19T11:41:57.068+0800][633.558s][info][gc          ] GC(1334) Concurrent Undo Cycle 0.399ms
[2026-03-19T11:41:58.001+0800][634.491s][info][gc,start    ] GC(1335) Pause Young (Concurrent Start) (G1 Humongous Allocation)
[2026-03-19T11:41:58.002+0800][634.491s][info][gc,task     ] GC(1335) Using 3 workers of 13 for evacuation
[2026-03-19T11:41:58.003+0800][634.492s][info][gc,phases   ] GC(1335)   Pre Evacuate Collection Set: 0.0ms
[2026-03-19T11:41:58.003+0800][634.492s][info][gc,phases   ] GC(1335)   Merge Heap Roots: 0.1ms
[2026-03-19T11:41:58.003+0800][634.492s][info][gc,phases   ] GC(1335)   Evacuate Collection Set: 0.4ms
[2026-03-19T11:41:58.003+0800][634.492s][info][gc,phases   ] GC(1335)   Post Evacuate Collection Set: 0.5ms
[2026-03-19T11:41:58.003+0800][634.492s][info][gc,phases   ] GC(1335)   Other: 0.2ms
[2026-03-19T11:41:58.003+0800][634.492s][info][gc,heap     ] GC(1335) Eden regions: 12->0(74)
[2026-03-19T11:41:58.003+0800][634.492s][info][gc,heap     ] GC(1335) Survivor regions: 2->2(10)
[2026-03-19T11:41:58.003+0800][634.492s][info][gc,heap     ] GC(1335) Old regions: 18->18
[2026-03-19T11:41:58.003+0800][634.492s][info][gc,heap     ] GC(1335) Archive regions: 0->0
[2026-03-19T11:41:58.003+0800][634.492s][info][gc,heap     ] GC(1335) Humongous regions: 39->9
[2026-03-19T11:41:58.003+0800][634.492s][info][gc,metaspace] GC(1335) Metaspace: 22915K(23232K)->22915K(23232K) NonClass: 20305K(20480K)->20305K(20480K) Class: 2610K(2752K)->2610K(2752K)
[2026-03-19T11:41:58.003+0800][634.492s][info][gc          ] GC(1335) Pause Young (Concurrent Start) (G1 Humongous Allocation) 69M->27M(128M) 1.410ms
[2026-03-19T11:41:58.003+0800][634.492s][info][gc,cpu      ] GC(1335) User=0.00s Sys=0.00s Real=0.00s
[2026-03-19T11:41:58.003+0800][634.492s][info][gc          ] GC(1336) Concurrent Undo Cycle
[2026-03-19T11:41:58.003+0800][634.492s][info][gc,marking  ] GC(1336) Concurrent Cleanup for Next Mark
[2026-03-19T11:41:58.003+0800][634.493s][info][gc,marking  ] GC(1336) Concurrent Cleanup for Next Mark 0.232ms
[2026-03-19T11:41:58.003+0800][634.493s][info][gc          ] GC(1336) Concurrent Undo Cycle 0.358ms
[2026-03-19T11:41:58.935+0800][635.425s][info][gc,start    ] GC(1337) Pause Young (Concurrent Start) (G1 Humongous Allocation)
[2026-03-19T11:41:58.935+0800][635.425s][info][gc,task     ] GC(1337) Using 3 workers of 13 for evacuation
[2026-03-19T11:41:58.938+0800][635.428s][info][gc,phases   ] GC(1337)   Pre Evacuate Collection Set: 0.3ms
[2026-03-19T11:41:58.938+0800][635.428s][info][gc,phases   ] GC(1337)   Merge Heap Roots: 0.2ms
[2026-03-19T11:41:58.938+0800][635.428s][info][gc,phases   ] GC(1337)   Evacuate Collection Set: 0.8ms
[2026-03-19T11:41:58.938+0800][635.428s][info][gc,phases   ] GC(1337)   Post Evacuate Collection Set: 1.2ms
[2026-03-19T11:41:58.938+0800][635.428s][info][gc,phases   ] GC(1337)   Other: 0.4ms
[2026-03-19T11:41:58.938+0800][635.428s][info][gc,heap     ] GC(1337) Eden regions: 13->0(74)
[2026-03-19T11:41:58.938+0800][635.428s][info][gc,heap     ] GC(1337) Survivor regions: 2->2(10)
[2026-03-19T11:41:58.938+0800][635.428s][info][gc,heap     ] GC(1337) Old regions: 18->18
[2026-03-19T11:41:58.938+0800][635.428s][info][gc,heap     ] GC(1337) Archive regions: 0->0
[2026-03-19T11:41:58.938+0800][635.428s][info][gc,heap     ] GC(1337) Humongous regions: 39->9
[2026-03-19T11:41:58.938+0800][635.428s][info][gc,metaspace] GC(1337) Metaspace: 22915K(23232K)->22915K(23232K) NonClass: 20305K(20480K)->20305K(20480K) Class: 2610K(2752K)->2610K(2752K)
[2026-03-19T11:41:58.938+0800][635.428s][info][gc          ] GC(1337) Pause Young (Concurrent Start) (G1 Humongous Allocation) 70M->27M(128M) 3.325ms
[2026-03-19T11:41:58.938+0800][635.428s][info][gc,cpu      ] GC(1337) User=0.00s Sys=0.00s Real=0.00s
[2026-03-19T11:41:58.939+0800][635.428s][info][gc          ] GC(1338) Concurrent Undo Cycle
[2026-03-19T11:41:58.939+0800][635.428s][info][gc,marking  ] GC(1338) Concurrent Cleanup for Next Mark
[2026-03-19T11:41:58.939+0800][635.429s][info][gc,marking  ] GC(1338) Concurrent Cleanup for Next Mark 0.380ms
[2026-03-19T11:41:58.939+0800][635.429s][info][gc          ] GC(1338) Concurrent Undo Cycle 0.606ms
[2026-03-19T11:41:59.885+0800][636.374s][info][gc,start    ] GC(1339) Pause Young (Concurrent Start) (G1 Humongous Allocation)
[2026-03-19T11:41:59.885+0800][636.375s][info][gc,task     ] GC(1339) Using 3 workers of 13 for evacuation
[2026-03-19T11:41:59.887+0800][636.376s][info][gc,phases   ] GC(1339)   Pre Evacuate Collection Set: 0.1ms
[2026-03-19T11:41:59.887+0800][636.376s][info][gc,phases   ] GC(1339)   Merge Heap Roots: 0.0ms
[2026-03-19T11:41:59.887+0800][636.376s][info][gc,phases   ] GC(1339)   Evacuate Collection Set: 0.9ms
[2026-03-19T11:41:59.887+0800][636.376s][info][gc,phases   ] GC(1339)   Post Evacuate Collection Set: 0.2ms
[2026-03-19T11:41:59.887+0800][636.376s][info][gc,phases   ] GC(1339)   Other: 0.4ms
[2026-03-19T11:41:59.887+0800][636.376s][info][gc,heap     ] GC(1339) Eden regions: 13->0(74)
[2026-03-19T11:41:59.887+0800][636.376s][info][gc,heap     ] GC(1339) Survivor regions: 2->2(10)
[2026-03-19T11:41:59.887+0800][636.376s][info][gc,heap     ] GC(1339) Old regions: 18->18
[2026-03-19T11:41:59.887+0800][636.376s][info][gc,heap     ] GC(1339) Archive regions: 0->0
[2026-03-19T11:41:59.887+0800][636.376s][info][gc,heap     ] GC(1339) Humongous regions: 39->9
[2026-03-19T11:41:59.887+0800][636.376s][info][gc,metaspace] GC(1339) Metaspace: 22915K(23232K)->22915K(23232K) NonClass: 20305K(20480K)->20305K(20480K) Class: 2610K(2752K)->2610K(2752K)
[2026-03-19T11:41:59.887+0800][636.376s][info][gc          ] GC(1339) Pause Young (Concurrent Start) (G1 Humongous Allocation) 70M->27M(128M) 1.946ms
[2026-03-19T11:41:59.887+0800][636.376s][info][gc,cpu      ] GC(1339) User=0.00s Sys=0.00s Real=0.00s
[2026-03-19T11:41:59.887+0800][636.376s][info][gc          ] GC(1340) Concurrent Undo Cycle
[2026-03-19T11:41:59.887+0800][636.377s][info][gc,marking  ] GC(1340) Concurrent Cleanup for Next Mark
[2026-03-19T11:41:59.887+0800][636.377s][info][gc,marking  ] GC(1340) Concurrent Cleanup for Next Mark 0.173ms
[2026-03-19T11:41:59.887+0800][636.377s][info][gc          ] GC(1340) Concurrent Undo Cycle 0.297ms
[2026-03-19T11:42:00.827+0800][637.317s][info][gc,start    ] GC(1341) Pause Young (Concurrent Start) (G1 Humongous Allocation)
[2026-03-19T11:42:00.827+0800][637.317s][info][gc,task     ] GC(1341) Using 3 workers of 13 for evacuation
[2026-03-19T11:42:00.833+0800][637.322s][info][gc,phases   ] GC(1341)   Pre Evacuate Collection Set: 0.2ms
[2026-03-19T11:42:00.834+0800][637.322s][info][gc,phases   ] GC(1341)   Merge Heap Roots: 0.1ms
[2026-03-19T11:42:00.834+0800][637.322s][info][gc,phases   ] GC(1341)   Evacuate Collection Set: 0.8ms
[2026-03-19T11:42:00.834+0800][637.322s][info][gc,phases   ] GC(1341)   Post Evacuate Collection Set: 3.9ms
[2026-03-19T11:42:00.834+0800][637.323s][info][gc,phases   ] GC(1341)   Other: 0.3ms
[2026-03-19T11:42:00.834+0800][637.323s][info][gc,heap     ] GC(1341) Eden regions: 13->0(74)
[2026-03-19T11:42:00.834+0800][637.323s][info][gc,heap     ] GC(1341) Survivor regions: 2->2(10)
[2026-03-19T11:42:00.834+0800][637.323s][info][gc,heap     ] GC(1341) Old regions: 18->18
[2026-03-19T11:42:00.834+0800][637.323s][info][gc,heap     ] GC(1341) Archive regions: 0->0
[2026-03-19T11:42:00.834+0800][637.323s][info][gc,heap     ] GC(1341) Humongous regions: 39->9
[2026-03-19T11:42:00.834+0800][637.323s][info][gc,metaspace] GC(1341) Metaspace: 22915K(23232K)->22915K(23232K) NonClass: 20305K(20480K)->20305K(20480K) Class: 2610K(2752K)->2610K(2752K)
[2026-03-19T11:42:00.834+0800][637.323s][info][gc          ] GC(1341) Pause Young (Concurrent Start) (G1 Humongous Allocation) 70M->27M(128M) 6.132ms
[2026-03-19T11:42:00.834+0800][637.323s][info][gc,cpu      ] GC(1341) User=0.00s Sys=0.00s Real=0.01s
[2026-03-19T11:42:00.839+0800][637.328s][info][gc          ] GC(1342) Concurrent Undo Cycle
[2026-03-19T11:42:00.839+0800][637.328s][info][gc,marking  ] GC(1342) Concurrent Cleanup for Next Mark
[2026-03-19T11:42:00.839+0800][637.328s][info][gc,marking  ] GC(1342) Concurrent Cleanup for Next Mark 0.224ms
[2026-03-19T11:42:00.839+0800][637.328s][info][gc          ] GC(1342) Concurrent Undo Cycle 0.626ms
[2026-03-19T11:42:01.786+0800][638.275s][info][gc,start    ] GC(1343) Pause Young (Concurrent Start) (G1 Humongous Allocation)
[2026-03-19T11:42:01.791+0800][638.280s][info][gc,task     ] GC(1343) Using 3 workers of 13 for evacuation
[2026-03-19T11:42:01.792+0800][638.282s][info][gc,phases   ] GC(1343)   Pre Evacuate Collection Set: 0.1ms
[2026-03-19T11:42:01.792+0800][638.282s][info][gc,phases   ] GC(1343)   Merge Heap Roots: 0.0ms
[2026-03-19T11:42:01.792+0800][638.282s][info][gc,phases   ] GC(1343)   Evacuate Collection Set: 0.4ms
[2026-03-19T11:42:01.792+0800][638.282s][info][gc,phases   ] GC(1343)   Post Evacuate Collection Set: 0.7ms
[2026-03-19T11:42:01.792+0800][638.282s][info][gc,phases   ] GC(1343)   Other: 5.1ms
[2026-03-19T11:42:01.792+0800][638.282s][info][gc,heap     ] GC(1343) Eden regions: 13->0(74)
[2026-03-19T11:42:01.792+0800][638.282s][info][gc,heap     ] GC(1343) Survivor regions: 2->2(10)
[2026-03-19T11:42:01.792+0800][638.282s][info][gc,heap     ] GC(1343) Old regions: 18->18
[2026-03-19T11:42:01.792+0800][638.282s][info][gc,heap     ] GC(1343) Archive regions: 0->0
[2026-03-19T11:42:01.793+0800][638.282s][info][gc,heap     ] GC(1343) Humongous regions: 39->9
[2026-03-19T11:42:01.793+0800][638.282s][info][gc,metaspace] GC(1343) Metaspace: 22915K(23232K)->22915K(23232K) NonClass: 20305K(20480K)->20305K(20480K) Class: 2610K(2752K)->2610K(2752K)
[2026-03-19T11:42:01.793+0800][638.282s][info][gc          ] GC(1343) Pause Young (Concurrent Start) (G1 Humongous Allocation) 70M->27M(128M) 6.872ms
[2026-03-19T11:42:01.793+0800][638.282s][info][gc,cpu      ] GC(1343) User=0.00s Sys=0.00s Real=0.01s
[2026-03-19T11:42:01.793+0800][638.282s][info][gc          ] GC(1344) Concurrent Undo Cycle
[2026-03-19T11:42:01.793+0800][638.282s][info][gc,marking  ] GC(1344) Concurrent Cleanup for Next Mark
[2026-03-19T11:42:01.793+0800][638.283s][info][gc,marking  ] GC(1344) Concurrent Cleanup for Next Mark 0.211ms
[2026-03-19T11:42:01.793+0800][638.283s][info][gc          ] GC(1344) Concurrent Undo Cycle 0.322ms
[2026-03-19T11:42:02.727+0800][639.217s][info][gc,start    ] GC(1345) Pause Young (Concurrent Start) (G1 Humongous Allocation)
[2026-03-19T11:42:02.727+0800][639.217s][info][gc,task     ] GC(1345) Using 3 workers of 13 for evacuation
[2026-03-19T11:42:02.730+0800][639.219s][info][gc,phases   ] GC(1345)   Pre Evacuate Collection Set: 0.3ms
[2026-03-19T11:42:02.730+0800][639.219s][info][gc,phases   ] GC(1345)   Merge Heap Roots: 0.4ms
[2026-03-19T11:42:02.730+0800][639.219s][info][gc,phases   ] GC(1345)   Evacuate Collection Set: 0.6ms
[2026-03-19T11:42:02.730+0800][639.219s][info][gc,phases   ] GC(1345)   Post Evacuate Collection Set: 0.9ms
[2026-03-19T11:42:02.730+0800][639.219s][info][gc,phases   ] GC(1345)   Other: 0.3ms
[2026-03-19T11:42:02.730+0800][639.219s][info][gc,heap     ] GC(1345) Eden regions: 13->0(74)
[2026-03-19T11:42:02.730+0800][639.219s][info][gc,heap     ] GC(1345) Survivor regions: 2->2(10)
[2026-03-19T11:42:02.730+0800][639.219s][info][gc,heap     ] GC(1345) Old regions: 18->18
[2026-03-19T11:42:02.730+0800][639.219s][info][gc,heap     ] GC(1345) Archive regions: 0->0
[2026-03-19T11:42:02.730+0800][639.219s][info][gc,heap     ] GC(1345) Humongous regions: 39->9
[2026-03-19T11:42:02.730+0800][639.219s][info][gc,metaspace] GC(1345) Metaspace: 22915K(23232K)->22915K(23232K) NonClass: 20305K(20480K)->20305K(20480K) Class: 2610K(2752K)->2610K(2752K)
[2026-03-19T11:42:02.730+0800][639.219s][info][gc          ] GC(1345) Pause Young (Concurrent Start) (G1 Humongous Allocation) 70M->27M(128M) 2.644ms
[2026-03-19T11:42:02.730+0800][639.220s][info][gc,cpu      ] GC(1345) User=0.00s Sys=0.00s Real=0.00s
[2026-03-19T11:42:02.730+0800][639.220s][info][gc          ] GC(1346) Concurrent Undo Cycle
[2026-03-19T11:42:02.730+0800][639.220s][info][gc,marking  ] GC(1346) Concurrent Cleanup for Next Mark
[2026-03-19T11:42:02.731+0800][639.220s][info][gc,marking  ] GC(1346) Concurrent Cleanup for Next Mark 0.342ms
[2026-03-19T11:42:02.731+0800][639.220s][info][gc          ] GC(1346) Concurrent Undo Cycle 0.487ms
[2026-03-19T11:42:03.664+0800][640.154s][info][gc,start    ] GC(1347) Pause Young (Concurrent Start) (G1 Humongous Allocation)
[2026-03-19T11:42:03.664+0800][640.154s][info][gc,task     ] GC(1347) Using 3 workers of 13 for evacuation
[2026-03-19T11:42:03.666+0800][640.155s][info][gc,phases   ] GC(1347)   Pre Evacuate Collection Set: 0.1ms
[2026-03-19T11:42:03.666+0800][640.155s][info][gc,phases   ] GC(1347)   Merge Heap Roots: 0.1ms
[2026-03-19T11:42:03.666+0800][640.155s][info][gc,phases   ] GC(1347)   Evacuate Collection Set: 0.7ms
[2026-03-19T11:42:03.666+0800][640.156s][info][gc,phases   ] GC(1347)   Post Evacuate Collection Set: 0.4ms
[2026-03-19T11:42:03.666+0800][640.156s][info][gc,phases   ] GC(1347)   Other: 0.4ms
[2026-03-19T11:42:03.666+0800][640.156s][info][gc,heap     ] GC(1347) Eden regions: 13->0(74)
[2026-03-19T11:42:03.666+0800][640.156s][info][gc,heap     ] GC(1347) Survivor regions: 2->2(10)
[2026-03-19T11:42:03.666+0800][640.156s][info][gc,heap     ] GC(1347) Old regions: 18->18
[2026-03-19T11:42:03.666+0800][640.156s][info][gc,heap     ] GC(1347) Archive regions: 0->0
[2026-03-19T11:42:03.666+0800][640.156s][info][gc,heap     ] GC(1347) Humongous regions: 39->9
[2026-03-19T11:42:03.666+0800][640.156s][info][gc,metaspace] GC(1347) Metaspace: 22915K(23232K)->22915K(23232K) NonClass: 20305K(20480K)->20305K(20480K) Class: 2610K(2752K)->2610K(2752K)
[2026-03-19T11:42:03.666+0800][640.156s][info][gc          ] GC(1347) Pause Young (Concurrent Start) (G1 Humongous Allocation) 70M->27M(128M) 2.303ms
[2026-03-19T11:42:03.666+0800][640.156s][info][gc,cpu      ] GC(1347) User=0.00s Sys=0.00s Real=0.00s
[2026-03-19T11:42:03.667+0800][640.156s][info][gc          ] GC(1348) Concurrent Undo Cycle
[2026-03-19T11:42:03.667+0800][640.156s][info][gc,marking  ] GC(1348) Concurrent Cleanup for Next Mark
[2026-03-19T11:42:03.667+0800][640.156s][info][gc,marking  ] GC(1348) Concurrent Cleanup for Next Mark 0.282ms
[2026-03-19T11:42:03.667+0800][640.157s][info][gc          ] GC(1348) Concurrent Undo Cycle 0.463ms
[2026-03-19T11:42:04.604+0800][641.094s][info][gc,start    ] GC(1349) Pause Young (Concurrent Start) (G1 Humongous Allocation)
[2026-03-19T11:42:04.604+0800][641.094s][info][gc,task     ] GC(1349) Using 3 workers of 13 for evacuation
[2026-03-19T11:42:04.606+0800][641.096s][info][gc,phases   ] GC(1349)   Pre Evacuate Collection Set: 0.1ms
[2026-03-19T11:42:04.607+0800][641.096s][info][gc,phases   ] GC(1349)   Merge Heap Roots: 0.1ms
[2026-03-19T11:42:04.607+0800][641.096s][info][gc,phases   ] GC(1349)   Evacuate Collection Set: 0.6ms
[2026-03-19T11:42:04.607+0800][641.096s][info][gc,phases   ] GC(1349)   Post Evacuate Collection Set: 0.8ms
[2026-03-19T11:42:04.607+0800][641.096s][info][gc,phases   ] GC(1349)   Other: 0.3ms
[2026-03-19T11:42:04.607+0800][641.096s][info][gc,heap     ] GC(1349) Eden regions: 12->0(74)
[2026-03-19T11:42:04.607+0800][641.096s][info][gc,heap     ] GC(1349) Survivor regions: 2->2(10)
[2026-03-19T11:42:04.607+0800][641.096s][info][gc,heap     ] GC(1349) Old regions: 18->18
[2026-03-19T11:42:04.607+0800][641.096s][info][gc,heap     ] GC(1349) Archive regions: 0->0
[2026-03-19T11:42:04.607+0800][641.097s][info][gc,heap     ] GC(1349) Humongous regions: 39->9
[2026-03-19T11:42:04.607+0800][641.097s][info][gc,metaspace] GC(1349) Metaspace: 22915K(23232K)->22915K(23232K) NonClass: 20305K(20480K)->20305K(20480K) Class: 2610K(2752K)->2610K(2752K)
[2026-03-19T11:42:04.607+0800][641.097s][info][gc          ] GC(1349) Pause Young (Concurrent Start) (G1 Humongous Allocation) 69M->27M(128M) 2.572ms
[2026-03-19T11:42:04.607+0800][641.097s][info][gc,cpu      ] GC(1349) User=0.03s Sys=0.00s Real=0.00s
[2026-03-19T11:42:04.607+0800][641.097s][info][gc          ] GC(1350) Concurrent Undo Cycle
[2026-03-19T11:42:04.607+0800][641.097s][info][gc,marking  ] GC(1350) Concurrent Cleanup for Next Mark
[2026-03-19T11:42:04.608+0800][641.097s][info][gc,marking  ] GC(1350) Concurrent Cleanup for Next Mark 0.476ms
[2026-03-19T11:42:04.608+0800][641.098s][info][gc          ] GC(1350) Concurrent Undo Cycle 0.787ms
[2026-03-19T11:42:05.541+0800][642.030s][info][gc,start    ] GC(1351) Pause Young (Concurrent Start) (G1 Humongous Allocation)
[2026-03-19T11:42:05.541+0800][642.030s][info][gc,task     ] GC(1351) Using 3 workers of 13 for evacuation
[2026-03-19T11:42:05.542+0800][642.031s][info][gc,phases   ] GC(1351)   Pre Evacuate Collection Set: 0.2ms
[2026-03-19T11:42:05.543+0800][642.032s][info][gc,phases   ] GC(1351)   Merge Heap Roots: 0.1ms
[2026-03-19T11:42:05.543+0800][642.032s][info][gc,phases   ] GC(1351)   Evacuate Collection Set: 0.7ms
[2026-03-19T11:42:05.543+0800][642.032s][info][gc,phases   ] GC(1351)   Post Evacuate Collection Set: 0.3ms
[2026-03-19T11:42:05.543+0800][642.032s][info][gc,phases   ] GC(1351)   Other: 0.4ms
[2026-03-19T11:42:05.543+0800][642.032s][info][gc,heap     ] GC(1351) Eden regions: 12->0(74)
[2026-03-19T11:42:05.543+0800][642.032s][info][gc,heap     ] GC(1351) Survivor regions: 2->2(10)
[2026-03-19T11:42:05.543+0800][642.032s][info][gc,heap     ] GC(1351) Old regions: 18->18
[2026-03-19T11:42:05.543+0800][642.032s][info][gc,heap     ] GC(1351) Archive regions: 0->0
[2026-03-19T11:42:05.543+0800][642.032s][info][gc,heap     ] GC(1351) Humongous regions: 39->9
[2026-03-19T11:42:05.543+0800][642.032s][info][gc,metaspace] GC(1351) Metaspace: 22915K(23232K)->22915K(23232K) NonClass: 20305K(20480K)->20305K(20480K) Class: 2610K(2752K)->2610K(2752K)
[2026-03-19T11:42:05.543+0800][642.032s][info][gc          ] GC(1351) Pause Young (Concurrent Start) (G1 Humongous Allocation) 69M->27M(128M) 2.437ms
[2026-03-19T11:42:05.543+0800][642.032s][info][gc,cpu      ] GC(1351) User=0.00s Sys=0.00s Real=0.00s
[2026-03-19T11:42:05.543+0800][642.032s][info][gc          ] GC(1352) Concurrent Undo Cycle
[2026-03-19T11:42:05.543+0800][642.032s][info][gc,marking  ] GC(1352) Concurrent Cleanup for Next Mark
[2026-03-19T11:42:05.544+0800][642.033s][info][gc,marking  ] GC(1352) Concurrent Cleanup for Next Mark 0.333ms
[2026-03-19T11:42:05.544+0800][642.033s][info][gc          ] GC(1352) Concurrent Undo Cycle 0.524ms
[2026-03-19T11:42:06.483+0800][642.972s][info][gc,start    ] GC(1353) Pause Young (Concurrent Start) (G1 Humongous Allocation)
[2026-03-19T11:42:06.483+0800][642.973s][info][gc,task     ] GC(1353) Using 3 workers of 13 for evacuation
[2026-03-19T11:42:06.485+0800][642.974s][info][gc,phases   ] GC(1353)   Pre Evacuate Collection Set: 0.1ms
[2026-03-19T11:42:06.485+0800][642.974s][info][gc,phases   ] GC(1353)   Merge Heap Roots: 0.1ms
[2026-03-19T11:42:06.485+0800][642.974s][info][gc,phases   ] GC(1353)   Evacuate Collection Set: 0.6ms
[2026-03-19T11:42:06.485+0800][642.974s][info][gc,phases   ] GC(1353)   Post Evacuate Collection Set: 0.4ms
[2026-03-19T11:42:06.485+0800][642.974s][info][gc,phases   ] GC(1353)   Other: 0.5ms
[2026-03-19T11:42:06.485+0800][642.974s][info][gc,heap     ] GC(1353) Eden regions: 13->0(74)
[2026-03-19T11:42:06.485+0800][642.974s][info][gc,heap     ] GC(1353) Survivor regions: 2->2(10)
[2026-03-19T11:42:06.485+0800][642.974s][info][gc,heap     ] GC(1353) Old regions: 18->18
[2026-03-19T11:42:06.485+0800][642.974s][info][gc,heap     ] GC(1353) Archive regions: 0->0
[2026-03-19T11:42:06.485+0800][642.974s][info][gc,heap     ] GC(1353) Humongous regions: 39->9
[2026-03-19T11:42:06.485+0800][642.974s][info][gc,metaspace] GC(1353) Metaspace: 22915K(23232K)->22915K(23232K) NonClass: 20305K(20480K)->20305K(20480K) Class: 2610K(2752K)->2610K(2752K)
[2026-03-19T11:42:06.485+0800][642.974s][info][gc          ] GC(1353) Pause Young (Concurrent Start) (G1 Humongous Allocation) 69M->27M(128M) 2.096ms
[2026-03-19T11:42:06.485+0800][642.974s][info][gc,cpu      ] GC(1353) User=0.00s Sys=0.00s Real=0.00s
[2026-03-19T11:42:06.485+0800][642.974s][info][gc          ] GC(1354) Concurrent Undo Cycle
[2026-03-19T11:42:06.485+0800][642.975s][info][gc,marking  ] GC(1354) Concurrent Cleanup for Next Mark
[2026-03-19T11:42:06.486+0800][642.975s][info][gc,marking  ] GC(1354) Concurrent Cleanup for Next Mark 0.223ms
[2026-03-19T11:42:06.486+0800][642.975s][info][gc          ] GC(1354) Concurrent Undo Cycle 0.379ms
[2026-03-19T11:42:07.418+0800][643.906s][info][gc,start    ] GC(1355) Pause Young (Concurrent Start) (G1 Humongous Allocation)
[2026-03-19T11:42:07.418+0800][643.907s][info][gc,task     ] GC(1355) Using 3 workers of 13 for evacuation
[2026-03-19T11:42:07.419+0800][643.908s][info][gc,phases   ] GC(1355)   Pre Evacuate Collection Set: 0.2ms
[2026-03-19T11:42:07.419+0800][643.908s][info][gc,phases   ] GC(1355)   Merge Heap Roots: 0.2ms
[2026-03-19T11:42:07.419+0800][643.909s][info][gc,phases   ] GC(1355)   Evacuate Collection Set: 0.5ms
[2026-03-19T11:42:07.419+0800][643.909s][info][gc,phases   ] GC(1355)   Post Evacuate Collection Set: 0.7ms
[2026-03-19T11:42:07.419+0800][643.909s][info][gc,phases   ] GC(1355)   Other: 0.3ms
[2026-03-19T11:42:07.419+0800][643.909s][info][gc,heap     ] GC(1355) Eden regions: 13->0(74)
[2026-03-19T11:42:07.420+0800][643.909s][info][gc,heap     ] GC(1355) Survivor regions: 2->2(10)
[2026-03-19T11:42:07.420+0800][643.909s][info][gc,heap     ] GC(1355) Old regions: 18->18
[2026-03-19T11:42:07.420+0800][643.909s][info][gc,heap     ] GC(1355) Archive regions: 0->0
[2026-03-19T11:42:07.420+0800][643.909s][info][gc,heap     ] GC(1355) Humongous regions: 39->9
[2026-03-19T11:42:07.420+0800][643.909s][info][gc,metaspace] GC(1355) Metaspace: 22915K(23232K)->22915K(23232K) NonClass: 20305K(20480K)->20305K(20480K) Class: 2610K(2752K)->2610K(2752K)
[2026-03-19T11:42:07.420+0800][643.909s][info][gc          ] GC(1355) Pause Young (Concurrent Start) (G1 Humongous Allocation) 70M->27M(128M) 2.343ms
[2026-03-19T11:42:07.420+0800][643.909s][info][gc,cpu      ] GC(1355) User=0.02s Sys=0.03s Real=0.00s
[2026-03-19T11:42:07.420+0800][643.909s][info][gc          ] GC(1356) Concurrent Undo Cycle
[2026-03-19T11:42:07.420+0800][643.909s][info][gc,marking  ] GC(1356) Concurrent Cleanup for Next Mark
[2026-03-19T11:42:07.420+0800][643.909s][info][gc,marking  ] GC(1356) Concurrent Cleanup for Next Mark 0.288ms
[2026-03-19T11:42:07.420+0800][643.910s][info][gc          ] GC(1356) Concurrent Undo Cycle 0.525ms
[2026-03-19T11:42:08.352+0800][644.842s][info][gc,start    ] GC(1357) Pause Young (Concurrent Start) (G1 Humongous Allocation)
[2026-03-19T11:42:08.352+0800][644.842s][info][gc,task     ] GC(1357) Using 3 workers of 13 for evacuation
[2026-03-19T11:42:08.354+0800][644.843s][info][gc,phases   ] GC(1357)   Pre Evacuate Collection Set: 0.1ms
[2026-03-19T11:42:08.354+0800][644.843s][info][gc,phases   ] GC(1357)   Merge Heap Roots: 0.1ms
[2026-03-19T11:42:08.354+0800][644.843s][info][gc,phases   ] GC(1357)   Evacuate Collection Set: 0.5ms
[2026-03-19T11:42:08.354+0800][644.843s][info][gc,phases   ] GC(1357)   Post Evacuate Collection Set: 0.5ms
[2026-03-19T11:42:08.354+0800][644.843s][info][gc,phases   ] GC(1357)   Other: 0.2ms
[2026-03-19T11:42:08.354+0800][644.844s][info][gc,heap     ] GC(1357) Eden regions: 13->0(74)
[2026-03-19T11:42:08.354+0800][644.844s][info][gc,heap     ] GC(1357) Survivor regions: 2->2(10)
[2026-03-19T11:42:08.354+0800][644.844s][info][gc,heap     ] GC(1357) Old regions: 18->18
[2026-03-19T11:42:08.354+0800][644.844s][info][gc,heap     ] GC(1357) Archive regions: 0->0
[2026-03-19T11:42:08.354+0800][644.844s][info][gc,heap     ] GC(1357) Humongous regions: 39->9
[2026-03-19T11:42:08.354+0800][644.844s][info][gc,metaspace] GC(1357) Metaspace: 22915K(23232K)->22915K(23232K) NonClass: 20305K(20480K)->20305K(20480K) Class: 2610K(2752K)->2610K(2752K)
[2026-03-19T11:42:08.354+0800][644.844s][info][gc          ] GC(1357) Pause Young (Concurrent Start) (G1 Humongous Allocation) 70M->27M(128M) 1.588ms
[2026-03-19T11:42:08.354+0800][644.844s][info][gc,cpu      ] GC(1357) User=0.00s Sys=0.00s Real=0.00s
[2026-03-19T11:42:08.354+0800][644.844s][info][gc          ] GC(1358) Concurrent Undo Cycle
[2026-03-19T11:42:08.354+0800][644.844s][info][gc,marking  ] GC(1358) Concurrent Cleanup for Next Mark
[2026-03-19T11:42:08.354+0800][644.844s][info][gc,marking  ] GC(1358) Concurrent Cleanup for Next Mark 0.200ms
[2026-03-19T11:42:08.354+0800][644.844s][info][gc          ] GC(1358) Concurrent Undo Cycle 0.351ms
[2026-03-19T11:42:09.286+0800][645.775s][info][gc,start    ] GC(1359) Pause Young (Concurrent Start) (G1 Humongous Allocation)
[2026-03-19T11:42:09.286+0800][645.776s][info][gc,task     ] GC(1359) Using 3 workers of 13 for evacuation
[2026-03-19T11:42:09.289+0800][645.778s][info][gc,phases   ] GC(1359)   Pre Evacuate Collection Set: 0.2ms
[2026-03-19T11:42:09.289+0800][645.778s][info][gc,phases   ] GC(1359)   Merge Heap Roots: 0.2ms
[2026-03-19T11:42:09.289+0800][645.778s][info][gc,phases   ] GC(1359)   Evacuate Collection Set: 0.8ms
[2026-03-19T11:42:09.289+0800][645.778s][info][gc,phases   ] GC(1359)   Post Evacuate Collection Set: 1.0ms
[2026-03-19T11:42:09.289+0800][645.778s][info][gc,phases   ] GC(1359)   Other: 0.3ms
[2026-03-19T11:42:09.289+0800][645.778s][info][gc,heap     ] GC(1359) Eden regions: 12->0(74)
[2026-03-19T11:42:09.289+0800][645.778s][info][gc,heap     ] GC(1359) Survivor regions: 2->2(10)
[2026-03-19T11:42:09.289+0800][645.778s][info][gc,heap     ] GC(1359) Old regions: 18->18
[2026-03-19T11:42:09.289+0800][645.778s][info][gc,heap     ] GC(1359) Archive regions: 0->0
[2026-03-19T11:42:09.289+0800][645.778s][info][gc,heap     ] GC(1359) Humongous regions: 39->9
[2026-03-19T11:42:09.289+0800][645.778s][info][gc,metaspace] GC(1359) Metaspace: 22915K(23232K)->22915K(23232K) NonClass: 20305K(20480K)->20305K(20480K) Class: 2610K(2752K)->2610K(2752K)
[2026-03-19T11:42:09.289+0800][645.778s][info][gc          ] GC(1359) Pause Young (Concurrent Start) (G1 Humongous Allocation) 69M->27M(128M) 2.831ms
[2026-03-19T11:42:09.289+0800][645.778s][info][gc,cpu      ] GC(1359) User=0.00s Sys=0.00s Real=0.00s
[2026-03-19T11:42:09.290+0800][645.778s][info][gc          ] GC(1360) Concurrent Undo Cycle
[2026-03-19T11:42:09.290+0800][645.778s][info][gc,marking  ] GC(1360) Concurrent Cleanup for Next Mark
[2026-03-19T11:42:09.290+0800][645.779s][info][gc,marking  ] GC(1360) Concurrent Cleanup for Next Mark 0.333ms
[2026-03-19T11:42:09.290+0800][645.779s][info][gc          ] GC(1360) Concurrent Undo Cycle 0.486ms
[2026-03-19T11:42:10.222+0800][646.711s][info][gc,start    ] GC(1361) Pause Young (Concurrent Start) (G1 Humongous Allocation)
[2026-03-19T11:42:10.222+0800][646.711s][info][gc,task     ] GC(1361) Using 3 workers of 13 for evacuation
[2026-03-19T11:42:10.224+0800][646.713s][info][gc,phases   ] GC(1361)   Pre Evacuate Collection Set: 0.2ms
[2026-03-19T11:42:10.224+0800][646.713s][info][gc,phases   ] GC(1361)   Merge Heap Roots: 0.2ms
[2026-03-19T11:42:10.224+0800][646.713s][info][gc,phases   ] GC(1361)   Evacuate Collection Set: 0.5ms
[2026-03-19T11:42:10.224+0800][646.713s][info][gc,phases   ] GC(1361)   Post Evacuate Collection Set: 0.8ms
[2026-03-19T11:42:10.224+0800][646.713s][info][gc,phases   ] GC(1361)   Other: 0.2ms
[2026-03-19T11:42:10.224+0800][646.713s][info][gc,heap     ] GC(1361) Eden regions: 13->0(74)
[2026-03-19T11:42:10.224+0800][646.713s][info][gc,heap     ] GC(1361) Survivor regions: 2->2(10)
[2026-03-19T11:42:10.224+0800][646.713s][info][gc,heap     ] GC(1361) Old regions: 18->18
[2026-03-19T11:42:10.224+0800][646.713s][info][gc,heap     ] GC(1361) Archive regions: 0->0
[2026-03-19T11:42:10.224+0800][646.713s][info][gc,heap     ] GC(1361) Humongous regions: 39->9
[2026-03-19T11:42:10.224+0800][646.713s][info][gc,metaspace] GC(1361) Metaspace: 22915K(23232K)->22915K(23232K) NonClass: 20305K(20480K)->20305K(20480K) Class: 2610K(2752K)->2610K(2752K)
[2026-03-19T11:42:10.224+0800][646.713s][info][gc          ] GC(1361) Pause Young (Concurrent Start) (G1 Humongous Allocation) 70M->27M(128M) 2.297ms
[2026-03-19T11:42:10.224+0800][646.713s][info][gc,cpu      ] GC(1361) User=0.00s Sys=0.00s Real=0.00s
[2026-03-19T11:42:10.224+0800][646.714s][info][gc          ] GC(1362) Concurrent Undo Cycle
[2026-03-19T11:42:10.224+0800][646.714s][info][gc,marking  ] GC(1362) Concurrent Cleanup for Next Mark
[2026-03-19T11:42:10.225+0800][646.714s][info][gc,marking  ] GC(1362) Concurrent Cleanup for Next Mark 0.402ms
[2026-03-19T11:42:10.225+0800][646.714s][info][gc          ] GC(1362) Concurrent Undo Cycle 0.564ms
[2026-03-19T11:42:11.164+0800][647.654s][info][gc,start    ] GC(1363) Pause Young (Concurrent Start) (G1 Humongous Allocation)
[2026-03-19T11:42:11.165+0800][647.654s][info][gc,task     ] GC(1363) Using 3 workers of 13 for evacuation
[2026-03-19T11:42:11.167+0800][647.656s][info][gc,phases   ] GC(1363)   Pre Evacuate Collection Set: 0.2ms
[2026-03-19T11:42:11.167+0800][647.656s][info][gc,phases   ] GC(1363)   Merge Heap Roots: 0.2ms
[2026-03-19T11:42:11.167+0800][647.656s][info][gc,phases   ] GC(1363)   Evacuate Collection Set: 0.8ms
[2026-03-19T11:42:11.167+0800][647.656s][info][gc,phases   ] GC(1363)   Post Evacuate Collection Set: 1.0ms
[2026-03-19T11:42:11.167+0800][647.656s][info][gc,phases   ] GC(1363)   Other: 0.3ms
[2026-03-19T11:42:11.167+0800][647.656s][info][gc,heap     ] GC(1363) Eden regions: 13->0(74)
[2026-03-19T11:42:11.167+0800][647.656s][info][gc,heap     ] GC(1363) Survivor regions: 2->2(10)
[2026-03-19T11:42:11.167+0800][647.656s][info][gc,heap     ] GC(1363) Old regions: 18->18
[2026-03-19T11:42:11.167+0800][647.656s][info][gc,heap     ] GC(1363) Archive regions: 0->0
[2026-03-19T11:42:11.167+0800][647.656s][info][gc,heap     ] GC(1363) Humongous regions: 39->9
[2026-03-19T11:42:11.167+0800][647.656s][info][gc,metaspace] GC(1363) Metaspace: 22915K(23232K)->22915K(23232K) NonClass: 20305K(20480K)->20305K(20480K) Class: 2610K(2752K)->2610K(2752K)
[2026-03-19T11:42:11.167+0800][647.657s][info][gc          ] GC(1363) Pause Young (Concurrent Start) (G1 Humongous Allocation) 70M->27M(128M) 2.962ms
[2026-03-19T11:42:11.167+0800][647.657s][info][gc,cpu      ] GC(1363) User=0.00s Sys=0.00s Real=0.00s
[2026-03-19T11:42:11.167+0800][647.657s][info][gc          ] GC(1364) Concurrent Undo Cycle
[2026-03-19T11:42:11.167+0800][647.657s][info][gc,marking  ] GC(1364) Concurrent Cleanup for Next Mark
[2026-03-19T11:42:11.167+0800][647.657s][info][gc,marking  ] GC(1364) Concurrent Cleanup for Next Mark 0.287ms
[2026-03-19T11:42:11.168+0800][647.657s][info][gc          ] GC(1364) Concurrent Undo Cycle 0.543ms
[2026-03-19T11:42:12.107+0800][648.597s][info][gc,start    ] GC(1365) Pause Young (Concurrent Start) (G1 Humongous Allocation)
[2026-03-19T11:42:12.107+0800][648.597s][info][gc,task     ] GC(1365) Using 3 workers of 13 for evacuation
[2026-03-19T11:42:12.109+0800][648.598s][info][gc,phases   ] GC(1365)   Pre Evacuate Collection Set: 0.2ms
[2026-03-19T11:42:12.109+0800][648.598s][info][gc,phases   ] GC(1365)   Merge Heap Roots: 0.1ms
[2026-03-19T11:42:12.109+0800][648.598s][info][gc,phases   ] GC(1365)   Evacuate Collection Set: 0.6ms
[2026-03-19T11:42:12.109+0800][648.598s][info][gc,phases   ] GC(1365)   Post Evacuate Collection Set: 0.4ms
[2026-03-19T11:42:12.109+0800][648.598s][info][gc,phases   ] GC(1365)   Other: 0.3ms
[2026-03-19T11:42:12.109+0800][648.598s][info][gc,heap     ] GC(1365) Eden regions: 13->0(74)
[2026-03-19T11:42:12.109+0800][648.598s][info][gc,heap     ] GC(1365) Survivor regions: 2->2(10)
[2026-03-19T11:42:12.109+0800][648.598s][info][gc,heap     ] GC(1365) Old regions: 18->18
[2026-03-19T11:42:12.109+0800][648.598s][info][gc,heap     ] GC(1365) Archive regions: 0->0
[2026-03-19T11:42:12.109+0800][648.598s][info][gc,heap     ] GC(1365) Humongous regions: 39->9
[2026-03-19T11:42:12.109+0800][648.598s][info][gc,metaspace] GC(1365) Metaspace: 22915K(23232K)->22915K(23232K) NonClass: 20305K(20480K)->20305K(20480K) Class: 2610K(2752K)->2610K(2752K)
[2026-03-19T11:42:12.109+0800][648.598s][info][gc          ] GC(1365) Pause Young (Concurrent Start) (G1 Humongous Allocation) 70M->27M(128M) 1.720ms
[2026-03-19T11:42:12.109+0800][648.598s][info][gc,cpu      ] GC(1365) User=0.00s Sys=0.00s Real=0.00s
[2026-03-19T11:42:12.109+0800][648.598s][info][gc          ] GC(1366) Concurrent Undo Cycle
[2026-03-19T11:42:12.109+0800][648.598s][info][gc,marking  ] GC(1366) Concurrent Cleanup for Next Mark
[2026-03-19T11:42:12.109+0800][648.599s][info][gc,marking  ] GC(1366) Concurrent Cleanup for Next Mark 0.282ms
[2026-03-19T11:42:12.109+0800][648.599s][info][gc          ] GC(1366) Concurrent Undo Cycle 0.452ms
[2026-03-19T11:42:13.046+0800][649.535s][info][gc,start    ] GC(1367) Pause Young (Concurrent Start) (G1 Humongous Allocation)
[2026-03-19T11:42:13.046+0800][649.536s][info][gc,task     ] GC(1367) Using 3 workers of 13 for evacuation
[2026-03-19T11:42:13.048+0800][649.538s][info][gc,phases   ] GC(1367)   Pre Evacuate Collection Set: 0.3ms
[2026-03-19T11:42:13.048+0800][649.538s][info][gc,phases   ] GC(1367)   Merge Heap Roots: 0.2ms
[2026-03-19T11:42:13.048+0800][649.538s][info][gc,phases   ] GC(1367)   Evacuate Collection Set: 0.7ms
[2026-03-19T11:42:13.048+0800][649.538s][info][gc,phases   ] GC(1367)   Post Evacuate Collection Set: 0.8ms
[2026-03-19T11:42:13.048+0800][649.538s][info][gc,phases   ] GC(1367)   Other: 0.3ms
[2026-03-19T11:42:13.048+0800][649.538s][info][gc,heap     ] GC(1367) Eden regions: 12->0(74)
[2026-03-19T11:42:13.048+0800][649.538s][info][gc,heap     ] GC(1367) Survivor regions: 2->2(10)
[2026-03-19T11:42:13.048+0800][649.538s][info][gc,heap     ] GC(1367) Old regions: 18->18
[2026-03-19T11:42:13.048+0800][649.538s][info][gc,heap     ] GC(1367) Archive regions: 0->0
[2026-03-19T11:42:13.048+0800][649.538s][info][gc,heap     ] GC(1367) Humongous regions: 39->9
[2026-03-19T11:42:13.048+0800][649.538s][info][gc,metaspace] GC(1367) Metaspace: 22915K(23232K)->22915K(23232K) NonClass: 20305K(20480K)->20305K(20480K) Class: 2610K(2752K)->2610K(2752K)
[2026-03-19T11:42:13.048+0800][649.538s][info][gc          ] GC(1367) Pause Young (Concurrent Start) (G1 Humongous Allocation) 69M->27M(128M) 2.486ms
[2026-03-19T11:42:13.048+0800][649.538s][info][gc,cpu      ] GC(1367) User=0.00s Sys=0.00s Real=0.00s
[2026-03-19T11:42:13.048+0800][649.538s][info][gc          ] GC(1368) Concurrent Undo Cycle
[2026-03-19T11:42:13.049+0800][649.538s][info][gc,marking  ] GC(1368) Concurrent Cleanup for Next Mark
[2026-03-19T11:42:13.049+0800][649.538s][info][gc,marking  ] GC(1368) Concurrent Cleanup for Next Mark 0.228ms
[2026-03-19T11:42:13.049+0800][649.539s][info][gc          ] GC(1368) Concurrent Undo Cycle 0.410ms
[2026-03-19T11:42:13.982+0800][650.471s][info][gc,start    ] GC(1369) Pause Young (Concurrent Start) (G1 Humongous Allocation)
[2026-03-19T11:42:13.982+0800][650.472s][info][gc,task     ] GC(1369) Using 3 workers of 13 for evacuation
[2026-03-19T11:42:13.984+0800][650.473s][info][gc,phases   ] GC(1369)   Pre Evacuate Collection Set: 0.2ms
[2026-03-19T11:42:13.984+0800][650.473s][info][gc,phases   ] GC(1369)   Merge Heap Roots: 0.2ms
[2026-03-19T11:42:13.984+0800][650.473s][info][gc,phases   ] GC(1369)   Evacuate Collection Set: 0.7ms
[2026-03-19T11:42:13.984+0800][650.473s][info][gc,phases   ] GC(1369)   Post Evacuate Collection Set: 0.6ms
[2026-03-19T11:42:13.984+0800][650.473s][info][gc,phases   ] GC(1369)   Other: 0.4ms
[2026-03-19T11:42:13.984+0800][650.473s][info][gc,heap     ] GC(1369) Eden regions: 12->0(74)
[2026-03-19T11:42:13.984+0800][650.474s][info][gc,heap     ] GC(1369) Survivor regions: 2->2(10)
[2026-03-19T11:42:13.984+0800][650.474s][info][gc,heap     ] GC(1369) Old regions: 18->18
[2026-03-19T11:42:13.984+0800][650.474s][info][gc,heap     ] GC(1369) Archive regions: 0->0
[2026-03-19T11:42:13.984+0800][650.474s][info][gc,heap     ] GC(1369) Humongous regions: 39->9
[2026-03-19T11:42:13.984+0800][650.474s][info][gc,metaspace] GC(1369) Metaspace: 22915K(23232K)->22915K(23232K) NonClass: 20305K(20480K)->20305K(20480K) Class: 2610K(2752K)->2610K(2752K)
[2026-03-19T11:42:13.984+0800][650.474s][info][gc          ] GC(1369) Pause Young (Concurrent Start) (G1 Humongous Allocation) 69M->27M(128M) 2.211ms
[2026-03-19T11:42:13.984+0800][650.474s][info][gc,cpu      ] GC(1369) User=0.00s Sys=0.00s Real=0.00s
[2026-03-19T11:42:13.984+0800][650.474s][info][gc          ] GC(1370) Concurrent Undo Cycle
[2026-03-19T11:42:13.984+0800][650.474s][info][gc,marking  ] GC(1370) Concurrent Cleanup for Next Mark
[2026-03-19T11:42:13.984+0800][650.474s][info][gc,marking  ] GC(1370) Concurrent Cleanup for Next Mark 0.208ms
[2026-03-19T11:42:13.984+0800][650.474s][info][gc          ] GC(1370) Concurrent Undo Cycle 0.337ms
[2026-03-19T11:42:14.916+0800][651.405s][info][gc,start    ] GC(1371) Pause Young (Concurrent Start) (G1 Humongous Allocation)
[2026-03-19T11:42:14.916+0800][651.405s][info][gc,task     ] GC(1371) Using 3 workers of 13 for evacuation
[2026-03-19T11:42:14.918+0800][651.407s][info][gc,phases   ] GC(1371)   Pre Evacuate Collection Set: 0.1ms
[2026-03-19T11:42:14.918+0800][651.407s][info][gc,phases   ] GC(1371)   Merge Heap Roots: 0.2ms
[2026-03-19T11:42:14.918+0800][651.407s][info][gc,phases   ] GC(1371)   Evacuate Collection Set: 0.6ms
[2026-03-19T11:42:14.918+0800][651.407s][info][gc,phases   ] GC(1371)   Post Evacuate Collection Set: 0.7ms
[2026-03-19T11:42:14.918+0800][651.407s][info][gc,phases   ] GC(1371)   Other: 0.3ms
[2026-03-19T11:42:14.918+0800][651.407s][info][gc,heap     ] GC(1371) Eden regions: 12->0(74)
[2026-03-19T11:42:14.918+0800][651.407s][info][gc,heap     ] GC(1371) Survivor regions: 2->2(10)
[2026-03-19T11:42:14.918+0800][651.407s][info][gc,heap     ] GC(1371) Old regions: 18->18
[2026-03-19T11:42:14.918+0800][651.407s][info][gc,heap     ] GC(1371) Archive regions: 0->0
[2026-03-19T11:42:14.918+0800][651.407s][info][gc,heap     ] GC(1371) Humongous regions: 39->9
[2026-03-19T11:42:14.918+0800][651.407s][info][gc,metaspace] GC(1371) Metaspace: 22915K(23232K)->22915K(23232K) NonClass: 20305K(20480K)->20305K(20480K) Class: 2610K(2752K)->2610K(2752K)
[2026-03-19T11:42:14.918+0800][651.407s][info][gc          ] GC(1371) Pause Young (Concurrent Start) (G1 Humongous Allocation) 69M->27M(128M) 2.419ms
[2026-03-19T11:42:14.918+0800][651.407s][info][gc,cpu      ] GC(1371) User=0.00s Sys=0.00s Real=0.00s
[2026-03-19T11:42:14.918+0800][651.407s][info][gc          ] GC(1372) Concurrent Undo Cycle
[2026-03-19T11:42:14.919+0800][651.408s][info][gc,marking  ] GC(1372) Concurrent Cleanup for Next Mark
[2026-03-19T11:42:14.919+0800][651.408s][info][gc,marking  ] GC(1372) Concurrent Cleanup for Next Mark 0.374ms
[2026-03-19T11:42:14.919+0800][651.408s][info][gc          ] GC(1372) Concurrent Undo Cycle 0.643ms
[2026-03-19T11:42:15.853+0800][652.342s][info][gc,start    ] GC(1373) Pause Young (Concurrent Start) (G1 Humongous Allocation)
[2026-03-19T11:42:15.853+0800][652.342s][info][gc,task     ] GC(1373) Using 3 workers of 13 for evacuation
[2026-03-19T11:42:15.854+0800][652.343s][info][gc,phases   ] GC(1373)   Pre Evacuate Collection Set: 0.1ms
[2026-03-19T11:42:15.854+0800][652.343s][info][gc,phases   ] GC(1373)   Merge Heap Roots: 0.1ms
[2026-03-19T11:42:15.854+0800][652.343s][info][gc,phases   ] GC(1373)   Evacuate Collection Set: 0.4ms
[2026-03-19T11:42:15.854+0800][652.343s][info][gc,phases   ] GC(1373)   Post Evacuate Collection Set: 0.5ms
[2026-03-19T11:42:15.854+0800][652.343s][info][gc,phases   ] GC(1373)   Other: 0.3ms
[2026-03-19T11:42:15.854+0800][652.343s][info][gc,heap     ] GC(1373) Eden regions: 13->0(74)
[2026-03-19T11:42:15.854+0800][652.343s][info][gc,heap     ] GC(1373) Survivor regions: 2->2(10)
[2026-03-19T11:42:15.854+0800][652.343s][info][gc,heap     ] GC(1373) Old regions: 18->18
[2026-03-19T11:42:15.854+0800][652.343s][info][gc,heap     ] GC(1373) Archive regions: 0->0
[2026-03-19T11:42:15.854+0800][652.343s][info][gc,heap     ] GC(1373) Humongous regions: 39->9
[2026-03-19T11:42:15.854+0800][652.343s][info][gc,metaspace] GC(1373) Metaspace: 22915K(23232K)->22915K(23232K) NonClass: 20305K(20480K)->20305K(20480K) Class: 2610K(2752K)->2610K(2752K)
[2026-03-19T11:42:15.854+0800][652.343s][info][gc          ] GC(1373) Pause Young (Concurrent Start) (G1 Humongous Allocation) 70M->27M(128M) 1.612ms
[2026-03-19T11:42:15.854+0800][652.343s][info][gc,cpu      ] GC(1373) User=0.00s Sys=0.00s Real=0.00s
[2026-03-19T11:42:15.854+0800][652.343s][info][gc          ] GC(1374) Concurrent Undo Cycle
[2026-03-19T11:42:15.854+0800][652.343s][info][gc,marking  ] GC(1374) Concurrent Cleanup for Next Mark
[2026-03-19T11:42:15.854+0800][652.344s][info][gc,marking  ] GC(1374) Concurrent Cleanup for Next Mark 0.211ms
[2026-03-19T11:42:15.854+0800][652.344s][info][gc          ] GC(1374) Concurrent Undo Cycle 0.352ms
[2026-03-19T11:42:16.787+0800][653.277s][info][gc,start    ] GC(1375) Pause Young (Concurrent Start) (G1 Humongous Allocation)
[2026-03-19T11:42:16.788+0800][653.277s][info][gc,task     ] GC(1375) Using 3 workers of 13 for evacuation
[2026-03-19T11:42:16.790+0800][653.280s][info][gc,phases   ] GC(1375)   Pre Evacuate Collection Set: 0.3ms
[2026-03-19T11:42:16.790+0800][653.280s][info][gc,phases   ] GC(1375)   Merge Heap Roots: 0.3ms
[2026-03-19T11:42:16.790+0800][653.280s][info][gc,phases   ] GC(1375)   Evacuate Collection Set: 1.1ms
[2026-03-19T11:42:16.790+0800][653.280s][info][gc,phases   ] GC(1375)   Post Evacuate Collection Set: 0.8ms
[2026-03-19T11:42:16.790+0800][653.280s][info][gc,phases   ] GC(1375)   Other: 0.4ms
[2026-03-19T11:42:16.790+0800][653.280s][info][gc,heap     ] GC(1375) Eden regions: 13->0(74)
[2026-03-19T11:42:16.790+0800][653.280s][info][gc,heap     ] GC(1375) Survivor regions: 2->2(10)
[2026-03-19T11:42:16.790+0800][653.280s][info][gc,heap     ] GC(1375) Old regions: 18->18
[2026-03-19T11:42:16.790+0800][653.280s][info][gc,heap     ] GC(1375) Archive regions: 0->0
[2026-03-19T11:42:16.790+0800][653.280s][info][gc,heap     ] GC(1375) Humongous regions: 39->9
[2026-03-19T11:42:16.790+0800][653.280s][info][gc,metaspace] GC(1375) Metaspace: 22915K(23232K)->22915K(23232K) NonClass: 20305K(20480K)->20305K(20480K) Class: 2610K(2752K)->2610K(2752K)
[2026-03-19T11:42:16.790+0800][653.280s][info][gc          ] GC(1375) Pause Young (Concurrent Start) (G1 Humongous Allocation) 70M->27M(128M) 3.085ms
[2026-03-19T11:42:16.790+0800][653.280s][info][gc,cpu      ] GC(1375) User=0.00s Sys=0.00s Real=0.00s
[2026-03-19T11:42:16.791+0800][653.280s][info][gc          ] GC(1376) Concurrent Undo Cycle
[2026-03-19T11:42:16.791+0800][653.280s][info][gc,marking  ] GC(1376) Concurrent Cleanup for Next Mark
[2026-03-19T11:42:16.791+0800][653.280s][info][gc,marking  ] GC(1376) Concurrent Cleanup for Next Mark 0.164ms
[2026-03-19T11:42:16.791+0800][653.281s][info][gc          ] GC(1376) Concurrent Undo Cycle 0.337ms
[2026-03-19T11:42:17.726+0800][654.214s][info][gc,start    ] GC(1377) Pause Young (Concurrent Start) (G1 Humongous Allocation)
[2026-03-19T11:42:17.726+0800][654.215s][info][gc,task     ] GC(1377) Using 3 workers of 13 for evacuation
[2026-03-19T11:42:17.727+0800][654.216s][info][gc,phases   ] GC(1377)   Pre Evacuate Collection Set: 0.2ms
[2026-03-19T11:42:17.728+0800][654.216s][info][gc,phases   ] GC(1377)   Merge Heap Roots: 0.1ms
[2026-03-19T11:42:17.728+0800][654.216s][info][gc,phases   ] GC(1377)   Evacuate Collection Set: 0.7ms
[2026-03-19T11:42:17.728+0800][654.217s][info][gc,phases   ] GC(1377)   Post Evacuate Collection Set: 0.6ms
[2026-03-19T11:42:17.728+0800][654.217s][info][gc,phases   ] GC(1377)   Other: 0.3ms
[2026-03-19T11:42:17.728+0800][654.217s][info][gc,heap     ] GC(1377) Eden regions: 13->0(74)
[2026-03-19T11:42:17.728+0800][654.217s][info][gc,heap     ] GC(1377) Survivor regions: 2->2(10)
[2026-03-19T11:42:17.728+0800][654.217s][info][gc,heap     ] GC(1377) Old regions: 18->18
[2026-03-19T11:42:17.728+0800][654.217s][info][gc,heap     ] GC(1377) Archive regions: 0->0
[2026-03-19T11:42:17.728+0800][654.217s][info][gc,heap     ] GC(1377) Humongous regions: 39->9
[2026-03-19T11:42:17.728+0800][654.217s][info][gc,metaspace] GC(1377) Metaspace: 22915K(23232K)->22915K(23232K) NonClass: 20305K(20480K)->20305K(20480K) Class: 2610K(2752K)->2610K(2752K)
[2026-03-19T11:42:17.728+0800][654.217s][info][gc          ] GC(1377) Pause Young (Concurrent Start) (G1 Humongous Allocation) 70M->27M(128M) 2.489ms
[2026-03-19T11:42:17.728+0800][654.217s][info][gc,cpu      ] GC(1377) User=0.00s Sys=0.00s Real=0.00s
[2026-03-19T11:42:17.728+0800][654.217s][info][gc          ] GC(1378) Concurrent Undo Cycle
[2026-03-19T11:42:17.728+0800][654.217s][info][gc,marking  ] GC(1378) Concurrent Cleanup for Next Mark
[2026-03-19T11:42:17.729+0800][654.217s][info][gc,marking  ] GC(1378) Concurrent Cleanup for Next Mark 0.277ms
[2026-03-19T11:42:17.729+0800][654.218s][info][gc          ] GC(1378) Concurrent Undo Cycle 0.476ms
[2026-03-19T11:42:18.664+0800][655.153s][info][gc,start    ] GC(1379) Pause Young (Concurrent Start) (G1 Humongous Allocation)
[2026-03-19T11:42:18.664+0800][655.153s][info][gc,task     ] GC(1379) Using 3 workers of 13 for evacuation
[2026-03-19T11:42:18.665+0800][655.155s][info][gc,phases   ] GC(1379)   Pre Evacuate Collection Set: 0.3ms
[2026-03-19T11:42:18.665+0800][655.155s][info][gc,phases   ] GC(1379)   Merge Heap Roots: 0.1ms
[2026-03-19T11:42:18.665+0800][655.155s][info][gc,phases   ] GC(1379)   Evacuate Collection Set: 0.5ms
[2026-03-19T11:42:18.665+0800][655.155s][info][gc,phases   ] GC(1379)   Post Evacuate Collection Set: 0.9ms
[2026-03-19T11:42:18.665+0800][655.155s][info][gc,phases   ] GC(1379)   Other: 0.2ms
[2026-03-19T11:42:18.665+0800][655.155s][info][gc,heap     ] GC(1379) Eden regions: 12->0(74)
[2026-03-19T11:42:18.665+0800][655.155s][info][gc,heap     ] GC(1379) Survivor regions: 2->2(10)
[2026-03-19T11:42:18.665+0800][655.155s][info][gc,heap     ] GC(1379) Old regions: 18->18
[2026-03-19T11:42:18.665+0800][655.155s][info][gc,heap     ] GC(1379) Archive regions: 0->0
[2026-03-19T11:42:18.665+0800][655.155s][info][gc,heap     ] GC(1379) Humongous regions: 39->9
[2026-03-19T11:42:18.665+0800][655.155s][info][gc,metaspace] GC(1379) Metaspace: 22915K(23232K)->22915K(23232K) NonClass: 20305K(20480K)->20305K(20480K) Class: 2610K(2752K)->2610K(2752K)
[2026-03-19T11:42:18.665+0800][655.155s][info][gc          ] GC(1379) Pause Young (Concurrent Start) (G1 Humongous Allocation) 69M->27M(128M) 2.215ms
[2026-03-19T11:42:18.665+0800][655.155s][info][gc,cpu      ] GC(1379) User=0.00s Sys=0.00s Real=0.00s
[2026-03-19T11:42:18.665+0800][655.155s][info][gc          ] GC(1380) Concurrent Undo Cycle
[2026-03-19T11:42:18.665+0800][655.155s][info][gc,marking  ] GC(1380) Concurrent Cleanup for Next Mark
[2026-03-19T11:42:18.666+0800][655.155s][info][gc,marking  ] GC(1380) Concurrent Cleanup for Next Mark 0.256ms
[2026-03-19T11:42:18.666+0800][655.155s][info][gc          ] GC(1380) Concurrent Undo Cycle 0.400ms
[2026-03-19T11:42:19.600+0800][656.090s][info][gc,start    ] GC(1381) Pause Young (Concurrent Start) (G1 Humongous Allocation)
[2026-03-19T11:42:19.600+0800][656.090s][info][gc,task     ] GC(1381) Using 3 workers of 13 for evacuation
[2026-03-19T11:42:19.603+0800][656.092s][info][gc,phases   ] GC(1381)   Pre Evacuate Collection Set: 0.3ms
[2026-03-19T11:42:19.603+0800][656.092s][info][gc,phases   ] GC(1381)   Merge Heap Roots: 0.2ms
[2026-03-19T11:42:19.603+0800][656.092s][info][gc,phases   ] GC(1381)   Evacuate Collection Set: 0.7ms
[2026-03-19T11:42:19.603+0800][656.092s][info][gc,phases   ] GC(1381)   Post Evacuate Collection Set: 0.7ms
[2026-03-19T11:42:19.603+0800][656.092s][info][gc,phases   ] GC(1381)   Other: 0.4ms
[2026-03-19T11:42:19.603+0800][656.092s][info][gc,heap     ] GC(1381) Eden regions: 13->0(74)
[2026-03-19T11:42:19.603+0800][656.092s][info][gc,heap     ] GC(1381) Survivor regions: 2->2(10)
[2026-03-19T11:42:19.603+0800][656.092s][info][gc,heap     ] GC(1381) Old regions: 18->18
[2026-03-19T11:42:19.603+0800][656.092s][info][gc,heap     ] GC(1381) Archive regions: 0->0
[2026-03-19T11:42:19.603+0800][656.092s][info][gc,heap     ] GC(1381) Humongous regions: 39->9
[2026-03-19T11:42:19.603+0800][656.092s][info][gc,metaspace] GC(1381) Metaspace: 22915K(23232K)->22915K(23232K) NonClass: 20305K(20480K)->20305K(20480K) Class: 2610K(2752K)->2610K(2752K)
[2026-03-19T11:42:19.603+0800][656.092s][info][gc          ] GC(1381) Pause Young (Concurrent Start) (G1 Humongous Allocation) 70M->27M(128M) 2.578ms
[2026-03-19T11:42:19.603+0800][656.093s][info][gc,cpu      ] GC(1381) User=0.00s Sys=0.00s Real=0.00s
[2026-03-19T11:42:19.603+0800][656.093s][info][gc          ] GC(1382) Concurrent Undo Cycle
[2026-03-19T11:42:19.603+0800][656.093s][info][gc,marking  ] GC(1382) Concurrent Cleanup for Next Mark
[2026-03-19T11:42:19.603+0800][656.093s][info][gc,marking  ] GC(1382) Concurrent Cleanup for Next Mark 0.293ms
[2026-03-19T11:42:19.603+0800][656.093s][info][gc          ] GC(1382) Concurrent Undo Cycle 0.427ms
[2026-03-19T11:42:20.073+0800][656.562s][info][gc,heap,exit] Heap
[2026-03-19T11:42:20.073+0800][656.562s][info][gc,heap,exit]  garbage-first heap   total 131072K, used 81767K [0x00000000f8000000, 0x0000000100000000)
[2026-03-19T11:42:20.073+0800][656.562s][info][gc,heap,exit]   region size 1024K, 34 young (34816K), 2 survivors (2048K)
[2026-03-19T11:42:20.073+0800][656.562s][info][gc,heap,exit]  Metaspace       used 23022K, committed 23296K, reserved 1114112K
[2026-03-19T11:42:20.073+0800][656.562s][info][gc,heap,exit]   class space    used 2620K, committed 2752K, reserved 1048576K
