[2026-03-19T11:21:51.411+0800][0.062s][info][gc] Using G1
[2026-03-19T11:21:51.416+0800][0.068s][info][gc,init] Version: 17.0.11+7-LTS-207 (release)
[2026-03-19T11:21:51.416+0800][0.068s][info][gc,init] CPUs: 16 total, 16 available
[2026-03-19T11:21:51.416+0800][0.068s][info][gc,init] Memory: 32451M
[2026-03-19T11:21:51.416+0800][0.068s][info][gc,init] Large Page Support: Disabled
[2026-03-19T11:21:51.416+0800][0.068s][info][gc,init] NUMA Support: Disabled
[2026-03-19T11:21:51.417+0800][0.069s][info][gc,init] Compressed Oops: Enabled (32-bit)
[2026-03-19T11:21:51.417+0800][0.069s][info][gc,init] Heap Region Size: 1M
[2026-03-19T11:21:51.417+0800][0.069s][info][gc,init] Heap Min Capacity: 128M
[2026-03-19T11:21:51.417+0800][0.069s][info][gc,init] Heap Initial Capacity: 128M
[2026-03-19T11:21:51.420+0800][0.072s][info][gc,init] Heap Max Capacity: 128M
[2026-03-19T11:21:51.420+0800][0.072s][info][gc,init] Pre-touch: Disabled
[2026-03-19T11:21:51.420+0800][0.072s][info][gc,init] Parallel Workers: 13
[2026-03-19T11:21:51.420+0800][0.072s][info][gc,init] Concurrent Workers: 3
[2026-03-19T11:21:51.420+0800][0.072s][info][gc,init] Concurrent Refinement Workers: 13
[2026-03-19T11:21:51.420+0800][0.072s][info][gc,init] Periodic GC: Disabled
[2026-03-19T11:21:51.437+0800][0.088s][info][gc,metaspace] CDS archive(s) mapped at: [0x0000027100000000-0x0000027100bd0000-0x0000027100bd0000), size 12386304, SharedBaseAddress: 0x0000027100000000, ArchiveRelocationMode: 1.
[2026-03-19T11:21:51.437+0800][0.089s][info][gc,metaspace] Compressed class space mapped at: 0x0000027101000000-0x0000027141000000, reserved size: 1073741824
[2026-03-19T11:21:51.437+0800][0.089s][info][gc,metaspace] Narrow klass base: 0x0000027100000000, Narrow klass shift: 0, Narrow klass range: 0x100000000
[2026-03-19T11:21:52.365+0800][1.017s][info][gc,start    ] GC(0) Pause Young (Normal) (G1 Evacuation Pause)
[2026-03-19T11:21:52.366+0800][1.018s][info][gc,task     ] GC(0) Using 3 workers of 13 for evacuation
[2026-03-19T11:21:52.372+0800][1.024s][info][gc,phases   ] GC(0)   Pre Evacuate Collection Set: 0.1ms
[2026-03-19T11:21:52.372+0800][1.024s][info][gc,phases   ] GC(0)   Merge Heap Roots: 0.2ms
[2026-03-19T11:21:52.372+0800][1.024s][info][gc,phases   ] GC(0)   Evacuate Collection Set: 3.9ms
[2026-03-19T11:21:52.372+0800][1.024s][info][gc,phases   ] GC(0)   Post Evacuate Collection Set: 1.6ms
[2026-03-19T11:21:52.372+0800][1.024s][info][gc,phases   ] GC(0)   Other: 0.7ms
[2026-03-19T11:21:52.372+0800][1.024s][info][gc,heap     ] GC(0) Eden regions: 23->0(27)
[2026-03-19T11:21:52.372+0800][1.024s][info][gc,heap     ] GC(0) Survivor regions: 0->3(3)
[2026-03-19T11:21:52.372+0800][1.024s][info][gc,heap     ] GC(0) Old regions: 0->3
[2026-03-19T11:21:52.372+0800][1.024s][info][gc,heap     ] GC(0) Archive regions: 0->0
[2026-03-19T11:21:52.372+0800][1.024s][info][gc,heap     ] GC(0) Humongous regions: 20->0
[2026-03-19T11:21:52.372+0800][1.024s][info][gc,metaspace] GC(0) Metaspace: 5900K(6144K)->5900K(6144K) NonClass: 5244K(5376K)->5244K(5376K) Class: 655K(768K)->655K(768K)
[2026-03-19T11:21:52.372+0800][1.024s][info][gc          ] GC(0) Pause Young (Normal) (G1 Evacuation Pause) 42M->5M(128M) 6.676ms
[2026-03-19T11:21:52.372+0800][1.024s][info][gc,cpu      ] GC(0) User=0.00s Sys=0.00s Real=0.01s
[2026-03-19T11:21:53.931+0800][2.582s][info][gc,start    ] GC(1) Pause Young (Concurrent Start) (G1 Humongous Allocation)
[2026-03-19T11:21:53.931+0800][2.582s][info][gc,task     ] GC(1) Using 3 workers of 13 for evacuation
[2026-03-19T11:21:53.935+0800][2.586s][info][gc,phases   ] GC(1)   Pre Evacuate Collection Set: 0.2ms
[2026-03-19T11:21:53.935+0800][2.586s][info][gc,phases   ] GC(1)   Merge Heap Roots: 0.3ms
[2026-03-19T11:21:53.935+0800][2.586s][info][gc,phases   ] GC(1)   Evacuate Collection Set: 2.2ms
[2026-03-19T11:21:53.935+0800][2.586s][info][gc,phases   ] GC(1)   Post Evacuate Collection Set: 0.9ms
[2026-03-19T11:21:53.935+0800][2.586s][info][gc,phases   ] GC(1)   Other: 0.5ms
[2026-03-19T11:21:53.935+0800][2.586s][info][gc,heap     ] GC(1) Eden regions: 22->0(51)
[2026-03-19T11:21:53.935+0800][2.586s][info][gc,heap     ] GC(1) Survivor regions: 3->2(4)
[2026-03-19T11:21:53.935+0800][2.586s][info][gc,heap     ] GC(1) Old regions: 3->6
[2026-03-19T11:21:53.935+0800][2.586s][info][gc,heap     ] GC(1) Archive regions: 0->0
[2026-03-19T11:21:53.935+0800][2.586s][info][gc,heap     ] GC(1) Humongous regions: 54->2
[2026-03-19T11:21:53.935+0800][2.586s][info][gc,metaspace] GC(1) Metaspace: 5962K(6144K)->5962K(6144K) NonClass: 5299K(5376K)->5299K(5376K) Class: 662K(768K)->662K(768K)
[2026-03-19T11:21:53.935+0800][2.586s][info][gc          ] GC(1) Pause Young (Concurrent Start) (G1 Humongous Allocation) 81M->9M(128M) 4.384ms
[2026-03-19T11:21:53.935+0800][2.586s][info][gc,cpu      ] GC(1) User=0.00s Sys=0.00s Real=0.00s
[2026-03-19T11:21:53.935+0800][2.587s][info][gc          ] GC(2) Concurrent Undo Cycle
[2026-03-19T11:21:53.935+0800][2.587s][info][gc,marking  ] GC(2) Concurrent Cleanup for Next Mark
[2026-03-19T11:21:53.936+0800][2.588s][info][gc,marking  ] GC(2) Concurrent Cleanup for Next Mark 0.875ms
[2026-03-19T11:21:53.936+0800][2.588s][info][gc          ] GC(2) Concurrent Undo Cycle 0.984ms
[2026-03-19T11:21:55.504+0800][4.155s][info][gc,start    ] GC(3) Pause Young (Concurrent Start) (G1 Humongous Allocation)
[2026-03-19T11:21:55.504+0800][4.155s][info][gc,task     ] GC(3) Using 3 workers of 13 for evacuation
[2026-03-19T11:21:55.506+0800][4.157s][info][gc,phases   ] GC(3)   Pre Evacuate Collection Set: 0.3ms
[2026-03-19T11:21:55.506+0800][4.157s][info][gc,phases   ] GC(3)   Merge Heap Roots: 0.2ms
[2026-03-19T11:21:55.506+0800][4.157s][info][gc,phases   ] GC(3)   Evacuate Collection Set: 0.6ms
[2026-03-19T11:21:55.506+0800][4.157s][info][gc,phases   ] GC(3)   Post Evacuate Collection Set: 0.7ms
[2026-03-19T11:21:55.506+0800][4.157s][info][gc,phases   ] GC(3)   Other: 0.4ms
[2026-03-19T11:21:55.506+0800][4.157s][info][gc,heap     ] GC(3) Eden regions: 21->0(63)
[2026-03-19T11:21:55.506+0800][4.158s][info][gc,heap     ] GC(3) Survivor regions: 2->2(7)
[2026-03-19T11:21:55.506+0800][4.158s][info][gc,heap     ] GC(3) Old regions: 6->6
[2026-03-19T11:21:55.506+0800][4.158s][info][gc,heap     ] GC(3) Archive regions: 0->0
[2026-03-19T11:21:55.506+0800][4.158s][info][gc,heap     ] GC(3) Humongous regions: 52->2
[2026-03-19T11:21:55.506+0800][4.158s][info][gc,metaspace] GC(3) Metaspace: 5994K(6208K)->5994K(6208K) NonClass: 5331K(5440K)->5331K(5440K) Class: 663K(768K)->663K(768K)
[2026-03-19T11:21:55.506+0800][4.158s][info][gc          ] GC(3) Pause Young (Concurrent Start) (G1 Humongous Allocation) 80M->8M(128M) 2.759ms
[2026-03-19T11:21:55.506+0800][4.158s][info][gc,cpu      ] GC(3) User=0.02s Sys=0.00s Real=0.00s
[2026-03-19T11:21:55.507+0800][4.158s][info][gc          ] GC(4) Concurrent Undo Cycle
[2026-03-19T11:21:55.507+0800][4.158s][info][gc,marking  ] GC(4) Concurrent Cleanup for Next Mark
[2026-03-19T11:21:55.507+0800][4.159s][info][gc,marking  ] GC(4) Concurrent Cleanup for Next Mark 0.530ms
[2026-03-19T11:21:55.507+0800][4.159s][info][gc          ] GC(4) Concurrent Undo Cycle 0.815ms
[2026-03-19T11:21:57.111+0800][5.763s][info][gc,start    ] GC(5) Pause Young (Concurrent Start) (G1 Humongous Allocation)
[2026-03-19T11:21:57.112+0800][5.763s][info][gc,task     ] GC(5) Using 3 workers of 13 for evacuation
[2026-03-19T11:21:57.113+0800][5.765s][info][gc,phases   ] GC(5)   Pre Evacuate Collection Set: 0.3ms
[2026-03-19T11:21:57.113+0800][5.765s][info][gc,phases   ] GC(5)   Merge Heap Roots: 0.1ms
[2026-03-19T11:21:57.113+0800][5.765s][info][gc,phases   ] GC(5)   Evacuate Collection Set: 0.5ms
[2026-03-19T11:21:57.113+0800][5.765s][info][gc,phases   ] GC(5)   Post Evacuate Collection Set: 0.6ms
[2026-03-19T11:21:57.113+0800][5.765s][info][gc,phases   ] GC(5)   Other: 0.4ms
[2026-03-19T11:21:57.113+0800][5.765s][info][gc,heap     ] GC(5) Eden regions: 21->0(68)
[2026-03-19T11:21:57.114+0800][5.765s][info][gc,heap     ] GC(5) Survivor regions: 2->2(9)
[2026-03-19T11:21:57.114+0800][5.765s][info][gc,heap     ] GC(5) Old regions: 6->6
[2026-03-19T11:21:57.114+0800][5.765s][info][gc,heap     ] GC(5) Archive regions: 0->0
[2026-03-19T11:21:57.114+0800][5.765s][info][gc,heap     ] GC(5) Humongous regions: 52->2
[2026-03-19T11:21:57.114+0800][5.765s][info][gc,metaspace] GC(5) Metaspace: 6012K(6208K)->6012K(6208K) NonClass: 5348K(5440K)->5348K(5440K) Class: 664K(768K)->664K(768K)
[2026-03-19T11:21:57.114+0800][5.765s][info][gc          ] GC(5) Pause Young (Concurrent Start) (G1 Humongous Allocation) 79M->8M(128M) 2.509ms
[2026-03-19T11:21:57.114+0800][5.765s][info][gc,cpu      ] GC(5) User=0.00s Sys=0.00s Real=0.00s
[2026-03-19T11:21:57.114+0800][5.766s][info][gc          ] GC(6) Concurrent Undo Cycle
[2026-03-19T11:21:57.114+0800][5.766s][info][gc,marking  ] GC(6) Concurrent Cleanup for Next Mark
[2026-03-19T11:21:57.115+0800][5.766s][info][gc,marking  ] GC(6) Concurrent Cleanup for Next Mark 0.559ms
[2026-03-19T11:21:57.115+0800][5.766s][info][gc          ] GC(6) Concurrent Undo Cycle 0.843ms
[2026-03-19T11:21:58.681+0800][7.332s][info][gc,start    ] GC(7) Pause Young (Concurrent Start) (G1 Humongous Allocation)
[2026-03-19T11:21:58.681+0800][7.332s][info][gc,task     ] GC(7) Using 3 workers of 13 for evacuation
[2026-03-19T11:21:58.682+0800][7.334s][info][gc,phases   ] GC(7)   Pre Evacuate Collection Set: 0.1ms
[2026-03-19T11:21:58.683+0800][7.334s][info][gc,phases   ] GC(7)   Merge Heap Roots: 0.2ms
[2026-03-19T11:21:58.683+0800][7.334s][info][gc,phases   ] GC(7)   Evacuate Collection Set: 0.5ms
[2026-03-19T11:21:58.683+0800][7.334s][info][gc,phases   ] GC(7)   Post Evacuate Collection Set: 0.7ms
[2026-03-19T11:21:58.683+0800][7.334s][info][gc,phases   ] GC(7)   Other: 0.3ms
[2026-03-19T11:21:58.683+0800][7.334s][info][gc,heap     ] GC(7) Eden regions: 21->0(73)
[2026-03-19T11:21:58.683+0800][7.334s][info][gc,heap     ] GC(7) Survivor regions: 2->2(9)
[2026-03-19T11:21:58.683+0800][7.334s][info][gc,heap     ] GC(7) Old regions: 6->6
[2026-03-19T11:21:58.683+0800][7.334s][info][gc,heap     ] GC(7) Archive regions: 0->0
[2026-03-19T11:21:58.683+0800][7.334s][info][gc,heap     ] GC(7) Humongous regions: 52->2
[2026-03-19T11:21:58.683+0800][7.334s][info][gc,metaspace] GC(7) Metaspace: 6029K(6208K)->6029K(6208K) NonClass: 5365K(5440K)->5365K(5440K) Class: 664K(768K)->664K(768K)
[2026-03-19T11:21:58.683+0800][7.334s][info][gc          ] GC(7) Pause Young (Concurrent Start) (G1 Humongous Allocation) 79M->9M(128M) 2.205ms
[2026-03-19T11:21:58.683+0800][7.335s][info][gc,cpu      ] GC(7) User=0.00s Sys=0.00s Real=0.00s
[2026-03-19T11:21:58.683+0800][7.335s][info][gc          ] GC(8) Concurrent Undo Cycle
[2026-03-19T11:21:58.683+0800][7.335s][info][gc,marking  ] GC(8) Concurrent Cleanup for Next Mark
[2026-03-19T11:21:58.684+0800][7.335s][info][gc,marking  ] GC(8) Concurrent Cleanup for Next Mark 0.566ms
[2026-03-19T11:21:58.684+0800][7.335s][info][gc          ] GC(8) Concurrent Undo Cycle 0.737ms
[2026-03-19T11:22:00.240+0800][8.891s][info][gc,start    ] GC(9) Pause Young (Concurrent Start) (G1 Humongous Allocation)
[2026-03-19T11:22:00.240+0800][8.891s][info][gc,task     ] GC(9) Using 3 workers of 13 for evacuation
[2026-03-19T11:22:00.242+0800][8.894s][info][gc,phases   ] GC(9)   Pre Evacuate Collection Set: 0.3ms
[2026-03-19T11:22:00.242+0800][8.894s][info][gc,phases   ] GC(9)   Merge Heap Roots: 0.2ms
[2026-03-19T11:22:00.242+0800][8.894s][info][gc,phases   ] GC(9)   Evacuate Collection Set: 0.7ms
[2026-03-19T11:22:00.242+0800][8.894s][info][gc,phases   ] GC(9)   Post Evacuate Collection Set: 0.8ms
[2026-03-19T11:22:00.242+0800][8.894s][info][gc,phases   ] GC(9)   Other: 0.5ms
[2026-03-19T11:22:00.242+0800][8.894s][info][gc,heap     ] GC(9) Eden regions: 21->0(74)
[2026-03-19T11:22:00.243+0800][8.894s][info][gc,heap     ] GC(9) Survivor regions: 2->2(10)
[2026-03-19T11:22:00.243+0800][8.894s][info][gc,heap     ] GC(9) Old regions: 6->6
[2026-03-19T11:22:00.243+0800][8.894s][info][gc,heap     ] GC(9) Archive regions: 0->0
[2026-03-19T11:22:00.243+0800][8.894s][info][gc,heap     ] GC(9) Humongous regions: 52->2
[2026-03-19T11:22:00.243+0800][8.895s][info][gc,metaspace] GC(9) Metaspace: 6035K(6208K)->6035K(6208K) NonClass: 5370K(5440K)->5370K(5440K) Class: 664K(768K)->664K(768K)
[2026-03-19T11:22:00.243+0800][8.895s][info][gc          ] GC(9) Pause Young (Concurrent Start) (G1 Humongous Allocation) 79M->8M(128M) 3.508ms
[2026-03-19T11:22:00.243+0800][8.895s][info][gc,cpu      ] GC(9) User=0.00s Sys=0.00s Real=0.00s
[2026-03-19T11:22:00.243+0800][8.895s][info][gc          ] GC(10) Concurrent Undo Cycle
[2026-03-19T11:22:00.243+0800][8.895s][info][gc,marking  ] GC(10) Concurrent Cleanup for Next Mark
[2026-03-19T11:22:00.244+0800][8.896s][info][gc,marking  ] GC(10) Concurrent Cleanup for Next Mark 0.625ms
[2026-03-19T11:22:00.244+0800][8.896s][info][gc          ] GC(10) Concurrent Undo Cycle 0.981ms
[2026-03-19T11:22:01.804+0800][10.456s][info][gc,start    ] GC(11) Pause Young (Concurrent Start) (G1 Humongous Allocation)
[2026-03-19T11:22:01.804+0800][10.456s][info][gc,task     ] GC(11) Using 3 workers of 13 for evacuation
[2026-03-19T11:22:01.805+0800][10.457s][info][gc,phases   ] GC(11)   Pre Evacuate Collection Set: 0.1ms
[2026-03-19T11:22:01.805+0800][10.457s][info][gc,phases   ] GC(11)   Merge Heap Roots: 0.1ms
[2026-03-19T11:22:01.805+0800][10.457s][info][gc,phases   ] GC(11)   Evacuate Collection Set: 0.6ms
[2026-03-19T11:22:01.805+0800][10.457s][info][gc,phases   ] GC(11)   Post Evacuate Collection Set: 0.3ms
[2026-03-19T11:22:01.805+0800][10.457s][info][gc,phases   ] GC(11)   Other: 0.4ms
[2026-03-19T11:22:01.805+0800][10.457s][info][gc,heap     ] GC(11) Eden regions: 21->0(74)
[2026-03-19T11:22:01.805+0800][10.457s][info][gc,heap     ] GC(11) Survivor regions: 2->2(10)
[2026-03-19T11:22:01.805+0800][10.457s][info][gc,heap     ] GC(11) Old regions: 6->6
[2026-03-19T11:22:01.805+0800][10.457s][info][gc,heap     ] GC(11) Archive regions: 0->0
[2026-03-19T11:22:01.805+0800][10.457s][info][gc,heap     ] GC(11) Humongous regions: 52->2
[2026-03-19T11:22:01.805+0800][10.457s][info][gc,metaspace] GC(11) Metaspace: 6061K(6272K)->6061K(6272K) NonClass: 5394K(5504K)->5394K(5504K) Class: 667K(768K)->667K(768K)
[2026-03-19T11:22:01.805+0800][10.457s][info][gc          ] GC(11) Pause Young (Concurrent Start) (G1 Humongous Allocation) 79M->8M(128M) 1.909ms
[2026-03-19T11:22:01.805+0800][10.457s][info][gc,cpu      ] GC(11) User=0.00s Sys=0.00s Real=0.00s
[2026-03-19T11:22:01.805+0800][10.458s][info][gc          ] GC(12) Concurrent Undo Cycle
[2026-03-19T11:22:01.807+0800][10.458s][info][gc,marking  ] GC(12) Concurrent Cleanup for Next Mark
[2026-03-19T11:22:01.807+0800][10.458s][info][gc,marking  ] GC(12) Concurrent Cleanup for Next Mark 0.676ms
[2026-03-19T11:22:01.807+0800][10.459s][info][gc          ] GC(12) Concurrent Undo Cycle 0.983ms
[2026-03-19T11:22:03.376+0800][12.028s][info][gc,start    ] GC(13) Pause Young (Concurrent Start) (G1 Humongous Allocation)
[2026-03-19T11:22:03.376+0800][12.028s][info][gc,task     ] GC(13) Using 3 workers of 13 for evacuation
[2026-03-19T11:22:03.378+0800][12.030s][info][gc,phases   ] GC(13)   Pre Evacuate Collection Set: 0.1ms
[2026-03-19T11:22:03.378+0800][12.030s][info][gc,phases   ] GC(13)   Merge Heap Roots: 0.1ms
[2026-03-19T11:22:03.378+0800][12.030s][info][gc,phases   ] GC(13)   Evacuate Collection Set: 0.5ms
[2026-03-19T11:22:03.378+0800][12.030s][info][gc,phases   ] GC(13)   Post Evacuate Collection Set: 0.6ms
[2026-03-19T11:22:03.378+0800][12.030s][info][gc,phases   ] GC(13)   Other: 0.3ms
[2026-03-19T11:22:03.378+0800][12.030s][info][gc,heap     ] GC(13) Eden regions: 21->0(74)
[2026-03-19T11:22:03.378+0800][12.030s][info][gc,heap     ] GC(13) Survivor regions: 2->2(10)
[2026-03-19T11:22:03.378+0800][12.030s][info][gc,heap     ] GC(13) Old regions: 6->6
[2026-03-19T11:22:03.378+0800][12.030s][info][gc,heap     ] GC(13) Archive regions: 0->0
[2026-03-19T11:22:03.378+0800][12.030s][info][gc,heap     ] GC(13) Humongous regions: 52->2
[2026-03-19T11:22:03.378+0800][12.030s][info][gc,metaspace] GC(13) Metaspace: 6078K(6272K)->6078K(6272K) NonClass: 5411K(5504K)->5411K(5504K) Class: 667K(768K)->667K(768K)
[2026-03-19T11:22:03.379+0800][12.030s][info][gc          ] GC(13) Pause Young (Concurrent Start) (G1 Humongous Allocation) 79M->8M(128M) 2.192ms
[2026-03-19T11:22:03.379+0800][12.030s][info][gc,cpu      ] GC(13) User=0.00s Sys=0.00s Real=0.00s
[2026-03-19T11:22:03.379+0800][12.031s][info][gc          ] GC(14) Concurrent Undo Cycle
[2026-03-19T11:22:03.379+0800][12.031s][info][gc,marking  ] GC(14) Concurrent Cleanup for Next Mark
[2026-03-19T11:22:03.379+0800][12.031s][info][gc,marking  ] GC(14) Concurrent Cleanup for Next Mark 0.394ms
[2026-03-19T11:22:03.379+0800][12.031s][info][gc          ] GC(14) Concurrent Undo Cycle 0.648ms
[2026-03-19T11:22:04.952+0800][13.603s][info][gc,start    ] GC(15) Pause Young (Concurrent Start) (G1 Humongous Allocation)
[2026-03-19T11:22:04.952+0800][13.603s][info][gc,task     ] GC(15) Using 3 workers of 13 for evacuation
[2026-03-19T11:22:04.953+0800][13.605s][info][gc,phases   ] GC(15)   Pre Evacuate Collection Set: 0.1ms
[2026-03-19T11:22:04.953+0800][13.605s][info][gc,phases   ] GC(15)   Merge Heap Roots: 0.1ms
[2026-03-19T11:22:04.954+0800][13.605s][info][gc,phases   ] GC(15)   Evacuate Collection Set: 0.7ms
[2026-03-19T11:22:04.954+0800][13.605s][info][gc,phases   ] GC(15)   Post Evacuate Collection Set: 0.5ms
[2026-03-19T11:22:04.954+0800][13.605s][info][gc,phases   ] GC(15)   Other: 0.6ms
[2026-03-19T11:22:04.954+0800][13.605s][info][gc,heap     ] GC(15) Eden regions: 21->0(74)
[2026-03-19T11:22:04.954+0800][13.605s][info][gc,heap     ] GC(15) Survivor regions: 2->2(10)
[2026-03-19T11:22:04.954+0800][13.605s][info][gc,heap     ] GC(15) Old regions: 6->6
[2026-03-19T11:22:04.954+0800][13.605s][info][gc,heap     ] GC(15) Archive regions: 0->0
[2026-03-19T11:22:04.954+0800][13.605s][info][gc,heap     ] GC(15) Humongous regions: 52->2
[2026-03-19T11:22:04.954+0800][13.605s][info][gc,metaspace] GC(15) Metaspace: 6079K(6272K)->6079K(6272K) NonClass: 5411K(5504K)->5411K(5504K) Class: 667K(768K)->667K(768K)
[2026-03-19T11:22:04.954+0800][13.605s][info][gc          ] GC(15) Pause Young (Concurrent Start) (G1 Humongous Allocation) 79M->8M(128M) 2.487ms
[2026-03-19T11:22:04.954+0800][13.606s][info][gc,cpu      ] GC(15) User=0.00s Sys=0.00s Real=0.00s
[2026-03-19T11:22:04.954+0800][13.606s][info][gc          ] GC(16) Concurrent Undo Cycle
[2026-03-19T11:22:04.954+0800][13.606s][info][gc,marking  ] GC(16) Concurrent Cleanup for Next Mark
[2026-03-19T11:22:04.955+0800][13.607s][info][gc,marking  ] GC(16) Concurrent Cleanup for Next Mark 0.766ms
[2026-03-19T11:22:04.955+0800][13.607s][info][gc          ] GC(16) Concurrent Undo Cycle 1.099ms
[2026-03-19T11:22:06.514+0800][15.165s][info][gc,start    ] GC(17) Pause Young (Concurrent Start) (G1 Humongous Allocation)
[2026-03-19T11:22:06.514+0800][15.165s][info][gc,task     ] GC(17) Using 3 workers of 13 for evacuation
[2026-03-19T11:22:06.516+0800][15.167s][info][gc,phases   ] GC(17)   Pre Evacuate Collection Set: 0.2ms
[2026-03-19T11:22:06.516+0800][15.168s][info][gc,phases   ] GC(17)   Merge Heap Roots: 0.2ms
[2026-03-19T11:22:06.516+0800][15.168s][info][gc,phases   ] GC(17)   Evacuate Collection Set: 0.6ms
[2026-03-19T11:22:06.516+0800][15.168s][info][gc,phases   ] GC(17)   Post Evacuate Collection Set: 0.8ms
[2026-03-19T11:22:06.516+0800][15.168s][info][gc,phases   ] GC(17)   Other: 0.5ms
[2026-03-19T11:22:06.517+0800][15.168s][info][gc,heap     ] GC(17) Eden regions: 21->0(74)
[2026-03-19T11:22:06.517+0800][15.168s][info][gc,heap     ] GC(17) Survivor regions: 2->2(10)
[2026-03-19T11:22:06.517+0800][15.168s][info][gc,heap     ] GC(17) Old regions: 6->6
[2026-03-19T11:22:06.517+0800][15.168s][info][gc,heap     ] GC(17) Archive regions: 0->0
[2026-03-19T11:22:06.517+0800][15.168s][info][gc,heap     ] GC(17) Humongous regions: 52->2
[2026-03-19T11:22:06.517+0800][15.168s][info][gc,metaspace] GC(17) Metaspace: 6090K(6272K)->6090K(6272K) NonClass: 5423K(5504K)->5423K(5504K) Class: 667K(768K)->667K(768K)
[2026-03-19T11:22:06.517+0800][15.168s][info][gc          ] GC(17) Pause Young (Concurrent Start) (G1 Humongous Allocation) 79M->8M(128M) 3.075ms
[2026-03-19T11:22:06.517+0800][15.168s][info][gc,cpu      ] GC(17) User=0.00s Sys=0.00s Real=0.00s
[2026-03-19T11:22:06.517+0800][15.169s][info][gc          ] GC(18) Concurrent Undo Cycle
[2026-03-19T11:22:06.517+0800][15.169s][info][gc,marking  ] GC(18) Concurrent Cleanup for Next Mark
[2026-03-19T11:22:06.518+0800][15.169s][info][gc,marking  ] GC(18) Concurrent Cleanup for Next Mark 0.654ms
[2026-03-19T11:22:06.518+0800][15.170s][info][gc          ] GC(18) Concurrent Undo Cycle 0.978ms
[2026-03-19T11:22:08.072+0800][16.724s][info][gc,start    ] GC(19) Pause Young (Concurrent Start) (G1 Humongous Allocation)
[2026-03-19T11:22:08.073+0800][16.724s][info][gc,task     ] GC(19) Using 3 workers of 13 for evacuation
[2026-03-19T11:22:08.075+0800][16.726s][info][gc,phases   ] GC(19)   Pre Evacuate Collection Set: 0.2ms
[2026-03-19T11:22:08.075+0800][16.726s][info][gc,phases   ] GC(19)   Merge Heap Roots: 0.2ms
[2026-03-19T11:22:08.075+0800][16.726s][info][gc,phases   ] GC(19)   Evacuate Collection Set: 0.5ms
[2026-03-19T11:22:08.075+0800][16.726s][info][gc,phases   ] GC(19)   Post Evacuate Collection Set: 0.9ms
[2026-03-19T11:22:08.075+0800][16.726s][info][gc,phases   ] GC(19)   Other: 0.3ms
[2026-03-19T11:22:08.075+0800][16.726s][info][gc,heap     ] GC(19) Eden regions: 21->0(74)
[2026-03-19T11:22:08.075+0800][16.726s][info][gc,heap     ] GC(19) Survivor regions: 2->2(10)
[2026-03-19T11:22:08.075+0800][16.726s][info][gc,heap     ] GC(19) Old regions: 6->6
[2026-03-19T11:22:08.075+0800][16.726s][info][gc,heap     ] GC(19) Archive regions: 0->0
[2026-03-19T11:22:08.075+0800][16.726s][info][gc,heap     ] GC(19) Humongous regions: 52->2
[2026-03-19T11:22:08.075+0800][16.726s][info][gc,metaspace] GC(19) Metaspace: 6120K(6272K)->6120K(6272K) NonClass: 5452K(5504K)->5452K(5504K) Class: 667K(768K)->667K(768K)
[2026-03-19T11:22:08.075+0800][16.727s][info][gc          ] GC(19) Pause Young (Concurrent Start) (G1 Humongous Allocation) 79M->8M(128M) 2.504ms
[2026-03-19T11:22:08.075+0800][16.727s][info][gc,cpu      ] GC(19) User=0.00s Sys=0.00s Real=0.00s
[2026-03-19T11:22:08.075+0800][16.727s][info][gc          ] GC(20) Concurrent Undo Cycle
[2026-03-19T11:22:08.075+0800][16.727s][info][gc,marking  ] GC(20) Concurrent Cleanup for Next Mark
[2026-03-19T11:22:08.075+0800][16.727s][info][gc,marking  ] GC(20) Concurrent Cleanup for Next Mark 0.459ms
[2026-03-19T11:22:08.075+0800][16.727s][info][gc          ] GC(20) Concurrent Undo Cycle 0.718ms
[2026-03-19T11:22:09.632+0800][18.283s][info][gc,start    ] GC(21) Pause Young (Concurrent Start) (G1 Humongous Allocation)
[2026-03-19T11:22:09.632+0800][18.283s][info][gc,task     ] GC(21) Using 3 workers of 13 for evacuation
[2026-03-19T11:22:09.633+0800][18.285s][info][gc,phases   ] GC(21)   Pre Evacuate Collection Set: 0.1ms
[2026-03-19T11:22:09.633+0800][18.285s][info][gc,phases   ] GC(21)   Merge Heap Roots: 0.1ms
[2026-03-19T11:22:09.633+0800][18.285s][info][gc,phases   ] GC(21)   Evacuate Collection Set: 0.6ms
[2026-03-19T11:22:09.633+0800][18.285s][info][gc,phases   ] GC(21)   Post Evacuate Collection Set: 0.6ms
[2026-03-19T11:22:09.633+0800][18.285s][info][gc,phases   ] GC(21)   Other: 0.3ms
[2026-03-19T11:22:09.634+0800][18.285s][info][gc,heap     ] GC(21) Eden regions: 22->0(74)
[2026-03-19T11:22:09.634+0800][18.285s][info][gc,heap     ] GC(21) Survivor regions: 2->2(10)
[2026-03-19T11:22:09.634+0800][18.285s][info][gc,heap     ] GC(21) Old regions: 6->6
[2026-03-19T11:22:09.634+0800][18.285s][info][gc,heap     ] GC(21) Archive regions: 0->0
[2026-03-19T11:22:09.634+0800][18.285s][info][gc,heap     ] GC(21) Humongous regions: 52->2
[2026-03-19T11:22:09.634+0800][18.285s][info][gc,metaspace] GC(21) Metaspace: 6143K(6336K)->6143K(6336K) NonClass: 5475K(5568K)->5475K(5568K) Class: 668K(768K)->668K(768K)
[2026-03-19T11:22:09.634+0800][18.285s][info][gc          ] GC(21) Pause Young (Concurrent Start) (G1 Humongous Allocation) 80M->8M(128M) 2.216ms
[2026-03-19T11:22:09.634+0800][18.285s][info][gc,cpu      ] GC(21) User=0.00s Sys=0.00s Real=0.00s
[2026-03-19T11:22:09.634+0800][18.285s][info][gc          ] GC(22) Concurrent Undo Cycle
[2026-03-19T11:22:09.634+0800][18.285s][info][gc,marking  ] GC(22) Concurrent Cleanup for Next Mark
[2026-03-19T11:22:09.635+0800][18.286s][info][gc,marking  ] GC(22) Concurrent Cleanup for Next Mark 0.452ms
[2026-03-19T11:22:09.635+0800][18.286s][info][gc          ] GC(22) Concurrent Undo Cycle 0.684ms
[2026-03-19T11:22:11.208+0800][19.860s][info][gc,start    ] GC(23) Pause Young (Concurrent Start) (G1 Humongous Allocation)
[2026-03-19T11:22:11.209+0800][19.860s][info][gc,task     ] GC(23) Using 3 workers of 13 for evacuation
[2026-03-19T11:22:11.218+0800][19.870s][info][gc,phases   ] GC(23)   Pre Evacuate Collection Set: 0.1ms
[2026-03-19T11:22:11.218+0800][19.870s][info][gc,phases   ] GC(23)   Merge Heap Roots: 0.2ms
[2026-03-19T11:22:11.218+0800][19.870s][info][gc,phases   ] GC(23)   Evacuate Collection Set: 6.4ms
[2026-03-19T11:22:11.218+0800][19.870s][info][gc,phases   ] GC(23)   Post Evacuate Collection Set: 3.3ms
[2026-03-19T11:22:11.218+0800][19.870s][info][gc,phases   ] GC(23)   Other: 0.4ms
[2026-03-19T11:22:11.218+0800][19.870s][info][gc,heap     ] GC(23) Eden regions: 41->0(66)
[2026-03-19T11:22:11.219+0800][19.870s][info][gc,heap     ] GC(23) Survivor regions: 2->6(10)
[2026-03-19T11:22:11.219+0800][19.870s][info][gc,heap     ] GC(23) Old regions: 6->6
[2026-03-19T11:22:11.219+0800][19.870s][info][gc,heap     ] GC(23) Archive regions: 0->0
[2026-03-19T11:22:11.219+0800][19.870s][info][gc,heap     ] GC(23) Humongous regions: 50->2
[2026-03-19T11:22:11.219+0800][19.871s][info][gc,metaspace] GC(23) Metaspace: 16045K(16320K)->16045K(16320K) NonClass: 14198K(14336K)->14198K(14336K) Class: 1846K(1984K)->1846K(1984K)
[2026-03-19T11:22:11.219+0800][19.871s][info][gc          ] GC(23) Pause Young (Concurrent Start) (G1 Humongous Allocation) 97M->12M(128M) 10.908ms
[2026-03-19T11:22:11.219+0800][19.871s][info][gc,cpu      ] GC(23) User=0.00s Sys=0.00s Real=0.01s
[2026-03-19T11:22:11.219+0800][19.871s][info][gc          ] GC(24) Concurrent Undo Cycle
[2026-03-19T11:22:11.219+0800][19.871s][info][gc,marking  ] GC(24) Concurrent Cleanup for Next Mark
[2026-03-19T11:22:11.219+0800][19.871s][info][gc,marking  ] GC(24) Concurrent Cleanup for Next Mark 0.426ms
[2026-03-19T11:22:11.220+0800][19.871s][info][gc          ] GC(24) Concurrent Undo Cycle 0.690ms
[2026-03-19T11:22:12.749+0800][21.401s][info][gc,start    ] GC(25) Pause Young (Concurrent Start) (G1 Humongous Allocation)
[2026-03-19T11:22:12.750+0800][21.402s][info][gc,task     ] GC(25) Using 3 workers of 13 for evacuation
[2026-03-19T11:22:12.752+0800][21.404s][info][gc,phases   ] GC(25)   Pre Evacuate Collection Set: 0.0ms
[2026-03-19T11:22:12.753+0800][21.405s][info][gc,phases   ] GC(25)   Merge Heap Roots: 0.0ms
[2026-03-19T11:22:12.753+0800][21.405s][info][gc,phases   ] GC(25)   Evacuate Collection Set: 2.4ms
[2026-03-19T11:22:12.753+0800][21.405s][info][gc,phases   ] GC(25)   Post Evacuate Collection Set: 0.3ms
[2026-03-19T11:22:12.753+0800][21.405s][info][gc,phases   ] GC(25)   Other: 0.2ms
[2026-03-19T11:22:12.753+0800][21.405s][info][gc,heap     ] GC(25) Eden regions: 26->0(73)
[2026-03-19T11:22:12.753+0800][21.405s][info][gc,heap     ] GC(25) Survivor regions: 6->3(9)
[2026-03-19T11:22:12.753+0800][21.405s][info][gc,heap     ] GC(25) Old regions: 6->10
[2026-03-19T11:22:12.753+0800][21.405s][info][gc,heap     ] GC(25) Archive regions: 0->0
[2026-03-19T11:22:12.753+0800][21.405s][info][gc,heap     ] GC(25) Humongous regions: 51->1
[2026-03-19T11:22:12.753+0800][21.405s][info][gc,metaspace] GC(25) Metaspace: 17554K(17792K)->17554K(17792K) NonClass: 15544K(15680K)->15544K(15680K) Class: 2009K(2112K)->2009K(2112K)
[2026-03-19T11:22:12.753+0800][21.405s][info][gc          ] GC(25) Pause Young (Concurrent Start) (G1 Humongous Allocation) 87M->13M(128M) 3.291ms
[2026-03-19T11:22:12.753+0800][21.405s][info][gc,cpu      ] GC(25) User=0.00s Sys=0.00s Real=0.00s
[2026-03-19T11:22:12.753+0800][21.405s][info][gc          ] GC(26) Concurrent Undo Cycle
[2026-03-19T11:22:12.753+0800][21.405s][info][gc,marking  ] GC(26) Concurrent Cleanup for Next Mark
[2026-03-19T11:22:12.753+0800][21.405s][info][gc,marking  ] GC(26) Concurrent Cleanup for Next Mark 0.436ms
[2026-03-19T11:22:12.753+0800][21.406s][info][gc          ] GC(26) Concurrent Undo Cycle 0.637ms
[2026-03-19T11:22:14.007+0800][22.659s][info][gc,start    ] GC(27) Pause Young (Concurrent Start) (G1 Humongous Allocation)
[2026-03-19T11:22:14.007+0800][22.659s][info][gc,task     ] GC(27) Using 3 workers of 13 for evacuation
[2026-03-19T11:22:14.011+0800][22.663s][info][gc,phases   ] GC(27)   Pre Evacuate Collection Set: 0.2ms
[2026-03-19T11:22:14.011+0800][22.663s][info][gc,phases   ] GC(27)   Merge Heap Roots: 0.1ms
[2026-03-19T11:22:14.011+0800][22.663s][info][gc,phases   ] GC(27)   Evacuate Collection Set: 2.2ms
[2026-03-19T11:22:14.011+0800][22.663s][info][gc,phases   ] GC(27)   Post Evacuate Collection Set: 0.7ms
[2026-03-19T11:22:14.011+0800][22.663s][info][gc,phases   ] GC(27)   Other: 0.3ms
[2026-03-19T11:22:14.011+0800][22.663s][info][gc,heap     ] GC(27) Eden regions: 28->0(70)
[2026-03-19T11:22:14.012+0800][22.663s][info][gc,heap     ] GC(27) Survivor regions: 3->4(10)
[2026-03-19T11:22:14.012+0800][22.663s][info][gc,heap     ] GC(27) Old regions: 10->10
[2026-03-19T11:22:14.012+0800][22.664s][info][gc,heap     ] GC(27) Archive regions: 0->0
[2026-03-19T11:22:14.012+0800][22.664s][info][gc,heap     ] GC(27) Humongous regions: 47->5
[2026-03-19T11:22:14.012+0800][22.664s][info][gc,metaspace] GC(27) Metaspace: 20343K(20544K)->20343K(20544K) NonClass: 18002K(18112K)->18002K(18112K) Class: 2341K(2432K)->2341K(2432K)
[2026-03-19T11:22:14.012+0800][22.664s][info][gc          ] GC(27) Pause Young (Concurrent Start) (G1 Humongous Allocation) 86M->18M(128M) 4.514ms
[2026-03-19T11:22:14.012+0800][22.664s][info][gc,cpu      ] GC(27) User=0.00s Sys=0.00s Real=0.01s
[2026-03-19T11:22:14.012+0800][22.664s][info][gc          ] GC(28) Concurrent Undo Cycle
[2026-03-19T11:22:14.012+0800][22.664s][info][gc,marking  ] GC(28) Concurrent Cleanup for Next Mark
[2026-03-19T11:22:14.013+0800][22.665s][info][gc,marking  ] GC(28) Concurrent Cleanup for Next Mark 0.548ms
[2026-03-19T11:22:14.013+0800][22.665s][info][gc          ] GC(28) Concurrent Undo Cycle 0.842ms
[2026-03-19T11:22:14.375+0800][23.026s][info][gc,start    ] GC(29) Pause Young (Concurrent Start) (Metadata GC Threshold)
[2026-03-19T11:22:14.375+0800][23.026s][info][gc,task     ] GC(29) Using 3 workers of 13 for evacuation
[2026-03-19T11:22:14.378+0800][23.030s][info][gc,phases   ] GC(29)   Pre Evacuate Collection Set: 0.1ms
[2026-03-19T11:22:14.379+0800][23.031s][info][gc,phases   ] GC(29)   Merge Heap Roots: 0.1ms
[2026-03-19T11:22:14.379+0800][23.031s][info][gc,phases   ] GC(29)   Evacuate Collection Set: 2.8ms
[2026-03-19T11:22:14.379+0800][23.031s][info][gc,phases   ] GC(29)   Post Evacuate Collection Set: 0.5ms
[2026-03-19T11:22:14.379+0800][23.031s][info][gc,phases   ] GC(29)   Other: 0.4ms
[2026-03-19T11:22:14.379+0800][23.031s][info][gc,heap     ] GC(29) Eden regions: 13->0(59)
[2026-03-19T11:22:14.379+0800][23.031s][info][gc,heap     ] GC(29) Survivor regions: 4->8(10)
[2026-03-19T11:22:14.379+0800][23.031s][info][gc,heap     ] GC(29) Old regions: 10->10
[2026-03-19T11:22:14.380+0800][23.031s][info][gc,heap     ] GC(29) Archive regions: 0->0
[2026-03-19T11:22:14.380+0800][23.032s][info][gc,heap     ] GC(29) Humongous regions: 27->9
[2026-03-19T11:22:14.380+0800][23.032s][info][gc,metaspace] GC(29) Metaspace: 21289K(21504K)->21289K(21504K) NonClass: 18799K(18880K)->18799K(18880K) Class: 2489K(2624K)->2489K(2624K)
[2026-03-19T11:22:14.380+0800][23.032s][info][gc          ] GC(29) Pause Young (Concurrent Start) (Metadata GC Threshold) 53M->26M(128M) 5.406ms
[2026-03-19T11:22:14.380+0800][23.032s][info][gc,cpu      ] GC(29) User=0.00s Sys=0.00s Real=0.01s
[2026-03-19T11:22:14.380+0800][23.032s][info][gc          ] GC(30) Concurrent Mark Cycle
[2026-03-19T11:22:14.380+0800][23.032s][info][gc,marking  ] GC(30) Concurrent Clear Claimed Marks
[2026-03-19T11:22:14.380+0800][23.032s][info][gc,marking  ] GC(30) Concurrent Clear Claimed Marks 0.102ms
[2026-03-19T11:22:14.380+0800][23.033s][info][gc,marking  ] GC(30) Concurrent Scan Root Regions
[2026-03-19T11:22:14.383+0800][23.035s][info][gc,marking  ] GC(30) Concurrent Scan Root Regions 2.312ms
[2026-03-19T11:22:14.383+0800][23.035s][info][gc,marking  ] GC(30) Concurrent Mark
[2026-03-19T11:22:14.383+0800][23.035s][info][gc,marking  ] GC(30) Concurrent Mark From Roots
[2026-03-19T11:22:14.383+0800][23.035s][info][gc,task     ] GC(30) Using 3 workers of 3 for marking
[2026-03-19T11:22:14.391+0800][23.042s][info][gc,marking  ] GC(30) Concurrent Mark From Roots 7.153ms
[2026-03-19T11:22:14.391+0800][23.043s][info][gc,marking  ] GC(30) Concurrent Preclean
[2026-03-19T11:22:14.391+0800][23.043s][info][gc,marking  ] GC(30) Concurrent Preclean 0.375ms
[2026-03-19T11:22:14.392+0800][23.043s][info][gc,start    ] GC(30) Pause Remark
[2026-03-19T11:22:14.399+0800][23.050s][info][gc          ] GC(30) Pause Remark 26M->26M(128M) 6.758ms
[2026-03-19T11:22:14.399+0800][23.050s][info][gc,cpu      ] GC(30) User=0.03s Sys=0.02s Real=0.01s
[2026-03-19T11:22:14.399+0800][23.051s][info][gc,marking  ] GC(30) Concurrent Mark 15.487ms
[2026-03-19T11:22:14.399+0800][23.051s][info][gc,marking  ] GC(30) Concurrent Rebuild Remembered Sets
[2026-03-19T11:22:14.403+0800][23.054s][info][gc,marking  ] GC(30) Concurrent Rebuild Remembered Sets 3.435ms
[2026-03-19T11:22:14.403+0800][23.055s][info][gc,start    ] GC(30) Pause Cleanup
[2026-03-19T11:22:14.404+0800][23.055s][info][gc          ] GC(30) Pause Cleanup 26M->26M(128M) 0.265ms
[2026-03-19T11:22:14.404+0800][23.055s][info][gc,cpu      ] GC(30) User=0.00s Sys=0.00s Real=0.00s
[2026-03-19T11:22:14.404+0800][23.055s][info][gc,marking  ] GC(30) Concurrent Cleanup for Next Mark
[2026-03-19T11:22:14.405+0800][23.056s][info][gc,marking  ] GC(30) Concurrent Cleanup for Next Mark 0.937ms
[2026-03-19T11:22:14.405+0800][23.056s][info][gc          ] GC(30) Concurrent Mark Cycle 24.316ms
[2026-03-19T11:22:15.585+0800][24.237s][info][gc,start    ] GC(31) Pause Young (Concurrent Start) (G1 Humongous Allocation)
[2026-03-19T11:22:15.585+0800][24.237s][info][gc,task     ] GC(31) Using 3 workers of 13 for evacuation
[2026-03-19T11:22:15.592+0800][24.243s][info][gc,phases   ] GC(31)   Pre Evacuate Collection Set: 0.1ms
[2026-03-19T11:22:15.592+0800][24.244s][info][gc,phases   ] GC(31)   Merge Heap Roots: 0.1ms
[2026-03-19T11:22:15.592+0800][24.244s][info][gc,phases   ] GC(31)   Evacuate Collection Set: 4.8ms
[2026-03-19T11:22:15.592+0800][24.244s][info][gc,phases   ] GC(31)   Post Evacuate Collection Set: 1.1ms
[2026-03-19T11:22:15.593+0800][24.244s][info][gc,phases   ] GC(31)   Other: 0.4ms
[2026-03-19T11:22:15.593+0800][24.244s][info][gc,heap     ] GC(31) Eden regions: 18->0(58)
[2026-03-19T11:22:15.593+0800][24.244s][info][gc,heap     ] GC(31) Survivor regions: 8->7(9)
[2026-03-19T11:22:15.593+0800][24.244s][info][gc,heap     ] GC(31) Old regions: 10->13
[2026-03-19T11:22:15.593+0800][24.244s][info][gc,heap     ] GC(31) Archive regions: 0->0
[2026-03-19T11:22:15.593+0800][24.244s][info][gc,heap     ] GC(31) Humongous regions: 47->13
[2026-03-19T11:22:15.593+0800][24.244s][info][gc,metaspace] GC(31) Metaspace: 21643K(21952K)->21643K(21952K) NonClass: 19102K(19264K)->19102K(19264K) Class: 2540K(2688K)->2540K(2688K)
[2026-03-19T11:22:15.593+0800][24.244s][info][gc          ] GC(31) Pause Young (Concurrent Start) (G1 Humongous Allocation) 82M->32M(128M) 7.571ms
[2026-03-19T11:22:15.593+0800][24.245s][info][gc,cpu      ] GC(31) User=0.00s Sys=0.00s Real=0.01s
[2026-03-19T11:22:15.593+0800][24.245s][info][gc          ] GC(32) Concurrent Undo Cycle
[2026-03-19T11:22:15.594+0800][24.245s][info][gc,marking  ] GC(32) Concurrent Cleanup for Next Mark
[2026-03-19T11:22:15.594+0800][24.246s][info][gc,marking  ] GC(32) Concurrent Cleanup for Next Mark 0.618ms
[2026-03-19T11:22:15.595+0800][24.246s][info][gc          ] GC(32) Concurrent Undo Cycle 1.276ms
[2026-03-19T11:22:16.842+0800][25.493s][info][gc,start    ] GC(33) Pause Young (Concurrent Start) (G1 Humongous Allocation)
[2026-03-19T11:22:16.842+0800][25.493s][info][gc,task     ] GC(33) Using 3 workers of 13 for evacuation
[2026-03-19T11:22:16.846+0800][25.498s][info][gc,phases   ] GC(33)   Pre Evacuate Collection Set: 0.2ms
[2026-03-19T11:22:16.846+0800][25.498s][info][gc,phases   ] GC(33)   Merge Heap Roots: 0.2ms
[2026-03-19T11:22:16.846+0800][25.498s][info][gc,phases   ] GC(33)   Evacuate Collection Set: 2.5ms
[2026-03-19T11:22:16.846+0800][25.498s][info][gc,phases   ] GC(33)   Post Evacuate Collection Set: 1.1ms
[2026-03-19T11:22:16.846+0800][25.498s][info][gc,phases   ] GC(33)   Other: 0.4ms
[2026-03-19T11:22:16.846+0800][25.498s][info][gc,heap     ] GC(33) Eden regions: 17->0(64)
[2026-03-19T11:22:16.846+0800][25.498s][info][gc,heap     ] GC(33) Survivor regions: 7->2(9)
[2026-03-19T11:22:16.846+0800][25.498s][info][gc,heap     ] GC(33) Old regions: 13->18
[2026-03-19T11:22:16.846+0800][25.499s][info][gc,heap     ] GC(33) Archive regions: 0->0
[2026-03-19T11:22:16.847+0800][25.499s][info][gc,heap     ] GC(33) Humongous regions: 45->9
[2026-03-19T11:22:16.847+0800][25.499s][info][gc,metaspace] GC(33) Metaspace: 21650K(21952K)->21650K(21952K) NonClass: 19109K(19264K)->19109K(19264K) Class: 2540K(2688K)->2540K(2688K)
[2026-03-19T11:22:16.847+0800][25.499s][info][gc          ] GC(33) Pause Young (Concurrent Start) (G1 Humongous Allocation) 80M->28M(128M) 5.484ms
[2026-03-19T11:22:16.847+0800][25.499s][info][gc,cpu      ] GC(33) User=0.00s Sys=0.00s Real=0.00s
[2026-03-19T11:22:16.847+0800][25.499s][info][gc          ] GC(34) Concurrent Undo Cycle
[2026-03-19T11:22:16.847+0800][25.499s][info][gc,marking  ] GC(34) Concurrent Cleanup for Next Mark
[2026-03-19T11:22:16.849+0800][25.500s][info][gc,marking  ] GC(34) Concurrent Cleanup for Next Mark 0.480ms
[2026-03-19T11:22:16.849+0800][25.500s][info][gc          ] GC(34) Concurrent Undo Cycle 1.104ms
[2026-03-19T11:22:17.795+0800][26.447s][info][gc,start    ] GC(35) Pause Young (Concurrent Start) (G1 Humongous Allocation)
[2026-03-19T11:22:17.795+0800][26.447s][info][gc,task     ] GC(35) Using 3 workers of 13 for evacuation
[2026-03-19T11:22:17.798+0800][26.450s][info][gc,phases   ] GC(35)   Pre Evacuate Collection Set: 0.2ms
[2026-03-19T11:22:17.798+0800][26.450s][info][gc,phases   ] GC(35)   Merge Heap Roots: 0.1ms
[2026-03-19T11:22:17.798+0800][26.450s][info][gc,phases   ] GC(35)   Evacuate Collection Set: 1.0ms
[2026-03-19T11:22:17.798+0800][26.450s][info][gc,phases   ] GC(35)   Post Evacuate Collection Set: 1.1ms
[2026-03-19T11:22:17.799+0800][26.450s][info][gc,phases   ] GC(35)   Other: 0.6ms
[2026-03-19T11:22:17.799+0800][26.450s][info][gc,heap     ] GC(35) Eden regions: 13->0(67)
[2026-03-19T11:22:17.799+0800][26.450s][info][gc,heap     ] GC(35) Survivor regions: 2->2(9)
[2026-03-19T11:22:17.799+0800][26.450s][info][gc,heap     ] GC(35) Old regions: 18->18
[2026-03-19T11:22:17.799+0800][26.451s][info][gc,heap     ] GC(35) Archive regions: 0->0
[2026-03-19T11:22:17.799+0800][26.451s][info][gc,heap     ] GC(35) Humongous regions: 39->9
[2026-03-19T11:22:17.799+0800][26.451s][info][gc,metaspace] GC(35) Metaspace: 21658K(21952K)->21658K(21952K) NonClass: 19117K(19264K)->19117K(19264K) Class: 2540K(2688K)->2540K(2688K)
[2026-03-19T11:22:17.799+0800][26.451s][info][gc          ] GC(35) Pause Young (Concurrent Start) (G1 Humongous Allocation) 71M->28M(128M) 3.904ms
[2026-03-19T11:22:17.799+0800][26.451s][info][gc,cpu      ] GC(35) User=0.00s Sys=0.00s Real=0.00s
[2026-03-19T11:22:17.799+0800][26.451s][info][gc          ] GC(36) Concurrent Undo Cycle
[2026-03-19T11:22:17.799+0800][26.451s][info][gc,marking  ] GC(36) Concurrent Cleanup for Next Mark
[2026-03-19T11:22:17.800+0800][26.452s][info][gc,marking  ] GC(36) Concurrent Cleanup for Next Mark 0.486ms
[2026-03-19T11:22:17.800+0800][26.452s][info][gc          ] GC(36) Concurrent Undo Cycle 0.892ms
[2026-03-19T11:22:18.747+0800][27.398s][info][gc,start    ] GC(37) Pause Young (Concurrent Start) (G1 Humongous Allocation)
[2026-03-19T11:22:18.747+0800][27.398s][info][gc,task     ] GC(37) Using 3 workers of 13 for evacuation
[2026-03-19T11:22:18.749+0800][27.401s][info][gc,phases   ] GC(37)   Pre Evacuate Collection Set: 0.2ms
[2026-03-19T11:22:18.749+0800][27.401s][info][gc,phases   ] GC(37)   Merge Heap Roots: 0.2ms
[2026-03-19T11:22:18.750+0800][27.401s][info][gc,phases   ] GC(37)   Evacuate Collection Set: 1.0ms
[2026-03-19T11:22:18.750+0800][27.401s][info][gc,phases   ] GC(37)   Post Evacuate Collection Set: 0.9ms
[2026-03-19T11:22:18.750+0800][27.401s][info][gc,phases   ] GC(37)   Other: 0.5ms
[2026-03-19T11:22:18.750+0800][27.401s][info][gc,heap     ] GC(37) Eden regions: 13->0(70)
[2026-03-19T11:22:18.750+0800][27.401s][info][gc,heap     ] GC(37) Survivor regions: 2->2(9)
[2026-03-19T11:22:18.750+0800][27.401s][info][gc,heap     ] GC(37) Old regions: 18->18
[2026-03-19T11:22:18.750+0800][27.401s][info][gc,heap     ] GC(37) Archive regions: 0->0
[2026-03-19T11:22:18.750+0800][27.401s][info][gc,heap     ] GC(37) Humongous regions: 39->9
[2026-03-19T11:22:18.750+0800][27.401s][info][gc,metaspace] GC(37) Metaspace: 21666K(21952K)->21666K(21952K) NonClass: 19125K(19264K)->19125K(19264K) Class: 2540K(2688K)->2540K(2688K)
[2026-03-19T11:22:18.750+0800][27.401s][info][gc          ] GC(37) Pause Young (Concurrent Start) (G1 Humongous Allocation) 71M->28M(128M) 3.628ms
[2026-03-19T11:22:18.750+0800][27.402s][info][gc,cpu      ] GC(37) User=0.00s Sys=0.00s Real=0.00s
[2026-03-19T11:22:18.750+0800][27.402s][info][gc          ] GC(38) Concurrent Undo Cycle
[2026-03-19T11:22:18.751+0800][27.402s][info][gc,marking  ] GC(38) Concurrent Cleanup for Next Mark
[2026-03-19T11:22:18.751+0800][27.402s][info][gc,marking  ] GC(38) Concurrent Cleanup for Next Mark 0.466ms
[2026-03-19T11:22:18.751+0800][27.402s][info][gc          ] GC(38) Concurrent Undo Cycle 0.801ms
[2026-03-19T11:22:19.685+0800][28.336s][info][gc,start    ] GC(39) Pause Young (Concurrent Start) (G1 Humongous Allocation)
[2026-03-19T11:22:19.685+0800][28.337s][info][gc,task     ] GC(39) Using 3 workers of 13 for evacuation
[2026-03-19T11:22:19.688+0800][28.339s][info][gc,phases   ] GC(39)   Pre Evacuate Collection Set: 0.3ms
[2026-03-19T11:22:19.688+0800][28.339s][info][gc,phases   ] GC(39)   Merge Heap Roots: 0.2ms
[2026-03-19T11:22:19.688+0800][28.339s][info][gc,phases   ] GC(39)   Evacuate Collection Set: 0.9ms
[2026-03-19T11:22:19.688+0800][28.339s][info][gc,phases   ] GC(39)   Post Evacuate Collection Set: 0.9ms
[2026-03-19T11:22:19.688+0800][28.340s][info][gc,phases   ] GC(39)   Other: 0.5ms
[2026-03-19T11:22:19.688+0800][28.340s][info][gc,heap     ] GC(39) Eden regions: 14->0(72)
[2026-03-19T11:22:19.688+0800][28.340s][info][gc,heap     ] GC(39) Survivor regions: 2->2(9)
[2026-03-19T11:22:19.688+0800][28.340s][info][gc,heap     ] GC(39) Old regions: 18->18
[2026-03-19T11:22:19.688+0800][28.340s][info][gc,heap     ] GC(39) Archive regions: 0->0
[2026-03-19T11:22:19.688+0800][28.340s][info][gc,heap     ] GC(39) Humongous regions: 39->9
[2026-03-19T11:22:19.689+0800][28.340s][info][gc,metaspace] GC(39) Metaspace: 21677K(21952K)->21677K(21952K) NonClass: 19136K(19264K)->19136K(19264K) Class: 2540K(2688K)->2540K(2688K)
[2026-03-19T11:22:19.689+0800][28.340s][info][gc          ] GC(39) Pause Young (Concurrent Start) (G1 Humongous Allocation) 71M->28M(128M) 3.753ms
[2026-03-19T11:22:19.689+0800][28.340s][info][gc,cpu      ] GC(39) User=0.00s Sys=0.00s Real=0.00s
[2026-03-19T11:22:19.689+0800][28.340s][info][gc          ] GC(40) Concurrent Undo Cycle
[2026-03-19T11:22:19.689+0800][28.340s][info][gc,marking  ] GC(40) Concurrent Cleanup for Next Mark
[2026-03-19T11:22:19.689+0800][28.341s][info][gc,marking  ] GC(40) Concurrent Cleanup for Next Mark 0.444ms
[2026-03-19T11:22:19.690+0800][28.341s][info][gc          ] GC(40) Concurrent Undo Cycle 0.757ms
[2026-03-19T11:22:20.618+0800][29.269s][info][gc,start    ] GC(41) Pause Young (Concurrent Start) (G1 Humongous Allocation)
[2026-03-19T11:22:20.618+0800][29.269s][info][gc,task     ] GC(41) Using 3 workers of 13 for evacuation
[2026-03-19T11:22:20.620+0800][29.272s][info][gc,phases   ] GC(41)   Pre Evacuate Collection Set: 0.3ms
[2026-03-19T11:22:20.621+0800][29.272s][info][gc,phases   ] GC(41)   Merge Heap Roots: 0.2ms
[2026-03-19T11:22:20.621+0800][29.272s][info][gc,phases   ] GC(41)   Evacuate Collection Set: 0.8ms
[2026-03-19T11:22:20.621+0800][29.272s][info][gc,phases   ] GC(41)   Post Evacuate Collection Set: 0.8ms
[2026-03-19T11:22:20.621+0800][29.272s][info][gc,phases   ] GC(41)   Other: 0.4ms
[2026-03-19T11:22:20.621+0800][29.272s][info][gc,heap     ] GC(41) Eden regions: 13->0(74)
[2026-03-19T11:22:20.621+0800][29.272s][info][gc,heap     ] GC(41) Survivor regions: 2->2(10)
[2026-03-19T11:22:20.621+0800][29.272s][info][gc,heap     ] GC(41) Old regions: 18->18
[2026-03-19T11:22:20.621+0800][29.272s][info][gc,heap     ] GC(41) Archive regions: 0->0
[2026-03-19T11:22:20.621+0800][29.272s][info][gc,heap     ] GC(41) Humongous regions: 39->9
[2026-03-19T11:22:20.621+0800][29.272s][info][gc,metaspace] GC(41) Metaspace: 21688K(21952K)->21688K(21952K) NonClass: 19147K(19264K)->19147K(19264K) Class: 2540K(2688K)->2540K(2688K)
[2026-03-19T11:22:20.621+0800][29.272s][info][gc          ] GC(41) Pause Young (Concurrent Start) (G1 Humongous Allocation) 71M->28M(128M) 3.139ms
[2026-03-19T11:22:20.621+0800][29.273s][info][gc,cpu      ] GC(41) User=0.00s Sys=0.00s Real=0.00s
[2026-03-19T11:22:20.621+0800][29.273s][info][gc          ] GC(42) Concurrent Undo Cycle
[2026-03-19T11:22:20.621+0800][29.273s][info][gc,marking  ] GC(42) Concurrent Cleanup for Next Mark
[2026-03-19T11:22:20.622+0800][29.273s][info][gc,marking  ] GC(42) Concurrent Cleanup for Next Mark 0.395ms
[2026-03-19T11:22:20.622+0800][29.273s][info][gc          ] GC(42) Concurrent Undo Cycle 0.677ms
[2026-03-19T11:22:21.555+0800][30.207s][info][gc,start    ] GC(43) Pause Young (Concurrent Start) (G1 Humongous Allocation)
[2026-03-19T11:22:21.555+0800][30.207s][info][gc,task     ] GC(43) Using 3 workers of 13 for evacuation
[2026-03-19T11:22:21.557+0800][30.209s][info][gc,phases   ] GC(43)   Pre Evacuate Collection Set: 0.3ms
[2026-03-19T11:22:21.557+0800][30.209s][info][gc,phases   ] GC(43)   Merge Heap Roots: 0.1ms
[2026-03-19T11:22:21.557+0800][30.209s][info][gc,phases   ] GC(43)   Evacuate Collection Set: 0.8ms
[2026-03-19T11:22:21.558+0800][30.209s][info][gc,phases   ] GC(43)   Post Evacuate Collection Set: 0.8ms
[2026-03-19T11:22:21.558+0800][30.209s][info][gc,phases   ] GC(43)   Other: 0.3ms
[2026-03-19T11:22:21.558+0800][30.209s][info][gc,heap     ] GC(43) Eden regions: 12->0(74)
[2026-03-19T11:22:21.558+0800][30.209s][info][gc,heap     ] GC(43) Survivor regions: 2->2(10)
[2026-03-19T11:22:21.558+0800][30.209s][info][gc,heap     ] GC(43) Old regions: 18->18
[2026-03-19T11:22:21.558+0800][30.209s][info][gc,heap     ] GC(43) Archive regions: 0->0
[2026-03-19T11:22:21.558+0800][30.209s][info][gc,heap     ] GC(43) Humongous regions: 39->9
[2026-03-19T11:22:21.558+0800][30.209s][info][gc,metaspace] GC(43) Metaspace: 21706K(22016K)->21706K(22016K) NonClass: 19165K(19328K)->19165K(19328K) Class: 2540K(2688K)->2540K(2688K)
[2026-03-19T11:22:21.558+0800][30.209s][info][gc          ] GC(43) Pause Young (Concurrent Start) (G1 Humongous Allocation) 70M->28M(128M) 2.518ms
[2026-03-19T11:22:21.558+0800][30.209s][info][gc,cpu      ] GC(43) User=0.00s Sys=0.00s Real=0.00s
[2026-03-19T11:22:21.558+0800][30.209s][info][gc          ] GC(44) Concurrent Undo Cycle
[2026-03-19T11:22:21.558+0800][30.209s][info][gc,marking  ] GC(44) Concurrent Cleanup for Next Mark
[2026-03-19T11:22:21.558+0800][30.210s][info][gc,marking  ] GC(44) Concurrent Cleanup for Next Mark 0.223ms
[2026-03-19T11:22:21.558+0800][30.210s][info][gc          ] GC(44) Concurrent Undo Cycle 0.323ms
[2026-03-19T11:22:22.495+0800][31.147s][info][gc,start    ] GC(45) Pause Young (Concurrent Start) (G1 Humongous Allocation)
[2026-03-19T11:22:22.495+0800][31.147s][info][gc,task     ] GC(45) Using 3 workers of 13 for evacuation
[2026-03-19T11:22:22.498+0800][31.149s][info][gc,phases   ] GC(45)   Pre Evacuate Collection Set: 0.1ms
[2026-03-19T11:22:22.498+0800][31.149s][info][gc,phases   ] GC(45)   Merge Heap Roots: 0.1ms
[2026-03-19T11:22:22.498+0800][31.149s][info][gc,phases   ] GC(45)   Evacuate Collection Set: 0.9ms
[2026-03-19T11:22:22.498+0800][31.149s][info][gc,phases   ] GC(45)   Post Evacuate Collection Set: 0.8ms
[2026-03-19T11:22:22.498+0800][31.149s][info][gc,phases   ] GC(45)   Other: 0.4ms
[2026-03-19T11:22:22.498+0800][31.150s][info][gc,heap     ] GC(45) Eden regions: 13->0(74)
[2026-03-19T11:22:22.498+0800][31.150s][info][gc,heap     ] GC(45) Survivor regions: 2->2(10)
[2026-03-19T11:22:22.499+0800][31.150s][info][gc,heap     ] GC(45) Old regions: 18->18
[2026-03-19T11:22:22.499+0800][31.150s][info][gc,heap     ] GC(45) Archive regions: 0->0
[2026-03-19T11:22:22.499+0800][31.150s][info][gc,heap     ] GC(45) Humongous regions: 39->9
[2026-03-19T11:22:22.499+0800][31.150s][info][gc,metaspace] GC(45) Metaspace: 21730K(22016K)->21730K(22016K) NonClass: 19186K(19328K)->19186K(19328K) Class: 2544K(2688K)->2544K(2688K)
[2026-03-19T11:22:22.499+0800][31.150s][info][gc          ] GC(45) Pause Young (Concurrent Start) (G1 Humongous Allocation) 71M->28M(128M) 3.482ms
[2026-03-19T11:22:22.499+0800][31.150s][info][gc,cpu      ] GC(45) User=0.00s Sys=0.00s Real=0.00s
[2026-03-19T11:22:22.499+0800][31.150s][info][gc          ] GC(46) Concurrent Undo Cycle
[2026-03-19T11:22:22.499+0800][31.151s][info][gc,marking  ] GC(46) Concurrent Cleanup for Next Mark
[2026-03-19T11:22:22.500+0800][31.151s][info][gc,marking  ] GC(46) Concurrent Cleanup for Next Mark 0.507ms
[2026-03-19T11:22:22.500+0800][31.151s][info][gc          ] GC(46) Concurrent Undo Cycle 0.942ms
[2026-03-19T11:22:23.454+0800][32.105s][info][gc,start    ] GC(47) Pause Young (Concurrent Start) (G1 Humongous Allocation)
[2026-03-19T11:22:23.454+0800][32.106s][info][gc,task     ] GC(47) Using 3 workers of 13 for evacuation
[2026-03-19T11:22:23.456+0800][32.108s][info][gc,phases   ] GC(47)   Pre Evacuate Collection Set: 0.2ms
[2026-03-19T11:22:23.457+0800][32.108s][info][gc,phases   ] GC(47)   Merge Heap Roots: 0.2ms
[2026-03-19T11:22:23.457+0800][32.108s][info][gc,phases   ] GC(47)   Evacuate Collection Set: 0.8ms
[2026-03-19T11:22:23.457+0800][32.108s][info][gc,phases   ] GC(47)   Post Evacuate Collection Set: 0.8ms
[2026-03-19T11:22:23.457+0800][32.108s][info][gc,phases   ] GC(47)   Other: 0.3ms
[2026-03-19T11:22:23.457+0800][32.108s][info][gc,heap     ] GC(47) Eden regions: 13->0(74)
[2026-03-19T11:22:23.457+0800][32.108s][info][gc,heap     ] GC(47) Survivor regions: 2->2(10)
[2026-03-19T11:22:23.457+0800][32.108s][info][gc,heap     ] GC(47) Old regions: 18->18
[2026-03-19T11:22:23.457+0800][32.108s][info][gc,heap     ] GC(47) Archive regions: 0->0
[2026-03-19T11:22:23.457+0800][32.108s][info][gc,heap     ] GC(47) Humongous regions: 39->9
[2026-03-19T11:22:23.457+0800][32.108s][info][gc,metaspace] GC(47) Metaspace: 21740K(22016K)->21740K(22016K) NonClass: 19196K(19328K)->19196K(19328K) Class: 2544K(2688K)->2544K(2688K)
[2026-03-19T11:22:23.457+0800][32.108s][info][gc          ] GC(47) Pause Young (Concurrent Start) (G1 Humongous Allocation) 70M->28M(128M) 3.019ms
[2026-03-19T11:22:23.457+0800][32.109s][info][gc,cpu      ] GC(47) User=0.00s Sys=0.00s Real=0.00s
[2026-03-19T11:22:23.457+0800][32.109s][info][gc          ] GC(48) Concurrent Undo Cycle
[2026-03-19T11:22:23.457+0800][32.109s][info][gc,marking  ] GC(48) Concurrent Cleanup for Next Mark
[2026-03-19T11:22:23.458+0800][32.109s][info][gc,marking  ] GC(48) Concurrent Cleanup for Next Mark 0.410ms
[2026-03-19T11:22:23.458+0800][32.109s][info][gc          ] GC(48) Concurrent Undo Cycle 0.686ms
[2026-03-19T11:22:24.393+0800][33.044s][info][gc,start    ] GC(49) Pause Young (Concurrent Start) (G1 Humongous Allocation)
[2026-03-19T11:22:24.393+0800][33.044s][info][gc,task     ] GC(49) Using 3 workers of 13 for evacuation
[2026-03-19T11:22:24.396+0800][33.047s][info][gc,phases   ] GC(49)   Pre Evacuate Collection Set: 0.2ms
[2026-03-19T11:22:24.396+0800][33.047s][info][gc,phases   ] GC(49)   Merge Heap Roots: 0.2ms
[2026-03-19T11:22:24.396+0800][33.047s][info][gc,phases   ] GC(49)   Evacuate Collection Set: 1.0ms
[2026-03-19T11:22:24.396+0800][33.047s][info][gc,phases   ] GC(49)   Post Evacuate Collection Set: 0.9ms
[2026-03-19T11:22:24.396+0800][33.047s][info][gc,phases   ] GC(49)   Other: 0.5ms
[2026-03-19T11:22:24.396+0800][33.047s][info][gc,heap     ] GC(49) Eden regions: 13->0(74)
[2026-03-19T11:22:24.396+0800][33.047s][info][gc,heap     ] GC(49) Survivor regions: 2->2(10)
[2026-03-19T11:22:24.396+0800][33.048s][info][gc,heap     ] GC(49) Old regions: 18->18
[2026-03-19T11:22:24.396+0800][33.048s][info][gc,heap     ] GC(49) Archive regions: 0->0
[2026-03-19T11:22:24.396+0800][33.048s][info][gc,heap     ] GC(49) Humongous regions: 39->9
[2026-03-19T11:22:24.396+0800][33.048s][info][gc,metaspace] GC(49) Metaspace: 21744K(22016K)->21744K(22016K) NonClass: 19200K(19328K)->19200K(19328K) Class: 2544K(2688K)->2544K(2688K)
[2026-03-19T11:22:24.397+0800][33.048s][info][gc          ] GC(49) Pause Young (Concurrent Start) (G1 Humongous Allocation) 71M->28M(128M) 3.688ms
[2026-03-19T11:22:24.397+0800][33.048s][info][gc,cpu      ] GC(49) User=0.00s Sys=0.00s Real=0.00s
[2026-03-19T11:22:24.397+0800][33.048s][info][gc          ] GC(50) Concurrent Undo Cycle
[2026-03-19T11:22:24.397+0800][33.048s][info][gc,marking  ] GC(50) Concurrent Cleanup for Next Mark
[2026-03-19T11:22:24.397+0800][33.049s][info][gc,marking  ] GC(50) Concurrent Cleanup for Next Mark 0.636ms
[2026-03-19T11:22:24.397+0800][33.049s][info][gc          ] GC(50) Concurrent Undo Cycle 1.036ms
[2026-03-19T11:22:25.344+0800][33.995s][info][gc,start    ] GC(51) Pause Young (Concurrent Start) (G1 Humongous Allocation)
[2026-03-19T11:22:25.344+0800][33.996s][info][gc,task     ] GC(51) Using 3 workers of 13 for evacuation
[2026-03-19T11:22:25.347+0800][33.998s][info][gc,phases   ] GC(51)   Pre Evacuate Collection Set: 0.2ms
[2026-03-19T11:22:25.347+0800][33.998s][info][gc,phases   ] GC(51)   Merge Heap Roots: 0.2ms
[2026-03-19T11:22:25.347+0800][33.998s][info][gc,phases   ] GC(51)   Evacuate Collection Set: 0.9ms
[2026-03-19T11:22:25.347+0800][33.998s][info][gc,phases   ] GC(51)   Post Evacuate Collection Set: 0.9ms
[2026-03-19T11:22:25.347+0800][33.998s][info][gc,phases   ] GC(51)   Other: 0.4ms
[2026-03-19T11:22:25.347+0800][33.998s][info][gc,heap     ] GC(51) Eden regions: 13->0(74)
[2026-03-19T11:22:25.347+0800][33.998s][info][gc,heap     ] GC(51) Survivor regions: 2->2(10)
[2026-03-19T11:22:25.347+0800][33.998s][info][gc,heap     ] GC(51) Old regions: 18->18
[2026-03-19T11:22:25.347+0800][33.998s][info][gc,heap     ] GC(51) Archive regions: 0->0
[2026-03-19T11:22:25.347+0800][33.999s][info][gc,heap     ] GC(51) Humongous regions: 39->9
[2026-03-19T11:22:25.347+0800][33.999s][info][gc,metaspace] GC(51) Metaspace: 21744K(22016K)->21744K(22016K) NonClass: 19200K(19328K)->19200K(19328K) Class: 2544K(2688K)->2544K(2688K)
[2026-03-19T11:22:25.347+0800][33.999s][info][gc          ] GC(51) Pause Young (Concurrent Start) (G1 Humongous Allocation) 70M->28M(128M) 3.176ms
[2026-03-19T11:22:25.347+0800][33.999s][info][gc,cpu      ] GC(51) User=0.00s Sys=0.00s Real=0.00s
[2026-03-19T11:22:25.347+0800][33.999s][info][gc          ] GC(52) Concurrent Undo Cycle
[2026-03-19T11:22:25.347+0800][33.999s][info][gc,marking  ] GC(52) Concurrent Cleanup for Next Mark
[2026-03-19T11:22:25.348+0800][34.000s][info][gc,marking  ] GC(52) Concurrent Cleanup for Next Mark 0.560ms
[2026-03-19T11:22:25.348+0800][34.000s][info][gc          ] GC(52) Concurrent Undo Cycle 0.952ms
[2026-03-19T11:22:26.294+0800][34.946s][info][gc,start    ] GC(53) Pause Young (Concurrent Start) (G1 Humongous Allocation)
[2026-03-19T11:22:26.294+0800][34.946s][info][gc,task     ] GC(53) Using 3 workers of 13 for evacuation
[2026-03-19T11:22:26.297+0800][34.948s][info][gc,phases   ] GC(53)   Pre Evacuate Collection Set: 0.3ms
[2026-03-19T11:22:26.297+0800][34.948s][info][gc,phases   ] GC(53)   Merge Heap Roots: 0.2ms
[2026-03-19T11:22:26.297+0800][34.948s][info][gc,phases   ] GC(53)   Evacuate Collection Set: 0.8ms
[2026-03-19T11:22:26.297+0800][34.948s][info][gc,phases   ] GC(53)   Post Evacuate Collection Set: 0.6ms
[2026-03-19T11:22:26.297+0800][34.948s][info][gc,phases   ] GC(53)   Other: 0.4ms
[2026-03-19T11:22:26.297+0800][34.948s][info][gc,heap     ] GC(53) Eden regions: 13->0(74)
[2026-03-19T11:22:26.297+0800][34.948s][info][gc,heap     ] GC(53) Survivor regions: 2->2(10)
[2026-03-19T11:22:26.297+0800][34.948s][info][gc,heap     ] GC(53) Old regions: 18->18
[2026-03-19T11:22:26.297+0800][34.949s][info][gc,heap     ] GC(53) Archive regions: 0->0
[2026-03-19T11:22:26.297+0800][34.949s][info][gc,heap     ] GC(53) Humongous regions: 39->9
[2026-03-19T11:22:26.297+0800][34.949s][info][gc,metaspace] GC(53) Metaspace: 21744K(22016K)->21744K(22016K) NonClass: 19200K(19328K)->19200K(19328K) Class: 2544K(2688K)->2544K(2688K)
[2026-03-19T11:22:26.297+0800][34.949s][info][gc          ] GC(53) Pause Young (Concurrent Start) (G1 Humongous Allocation) 71M->28M(128M) 2.785ms
[2026-03-19T11:22:26.297+0800][34.949s][info][gc,cpu      ] GC(53) User=0.00s Sys=0.00s Real=0.00s
[2026-03-19T11:22:26.297+0800][34.949s][info][gc          ] GC(54) Concurrent Undo Cycle
[2026-03-19T11:22:26.298+0800][34.949s][info][gc,marking  ] GC(54) Concurrent Cleanup for Next Mark
[2026-03-19T11:22:26.298+0800][34.949s][info][gc,marking  ] GC(54) Concurrent Cleanup for Next Mark 0.364ms
[2026-03-19T11:22:26.298+0800][34.950s][info][gc          ] GC(54) Concurrent Undo Cycle 0.664ms
[2026-03-19T11:22:27.230+0800][35.881s][info][gc,start    ] GC(55) Pause Young (Concurrent Start) (G1 Humongous Allocation)
[2026-03-19T11:22:27.230+0800][35.881s][info][gc,task     ] GC(55) Using 3 workers of 13 for evacuation
[2026-03-19T11:22:27.233+0800][35.884s][info][gc,phases   ] GC(55)   Pre Evacuate Collection Set: 0.3ms
[2026-03-19T11:22:27.233+0800][35.884s][info][gc,phases   ] GC(55)   Merge Heap Roots: 0.2ms
[2026-03-19T11:22:27.233+0800][35.884s][info][gc,phases   ] GC(55)   Evacuate Collection Set: 1.1ms
[2026-03-19T11:22:27.233+0800][35.884s][info][gc,phases   ] GC(55)   Post Evacuate Collection Set: 1.0ms
[2026-03-19T11:22:27.233+0800][35.884s][info][gc,phases   ] GC(55)   Other: 0.5ms
[2026-03-19T11:22:27.233+0800][35.884s][info][gc,heap     ] GC(55) Eden regions: 13->0(74)
[2026-03-19T11:22:27.233+0800][35.884s][info][gc,heap     ] GC(55) Survivor regions: 2->2(10)
[2026-03-19T11:22:27.233+0800][35.884s][info][gc,heap     ] GC(55) Old regions: 18->18
[2026-03-19T11:22:27.233+0800][35.885s][info][gc,heap     ] GC(55) Archive regions: 0->0
[2026-03-19T11:22:27.233+0800][35.885s][info][gc,heap     ] GC(55) Humongous regions: 39->9
[2026-03-19T11:22:27.234+0800][35.885s][info][gc,metaspace] GC(55) Metaspace: 21747K(22016K)->21747K(22016K) NonClass: 19203K(19328K)->19203K(19328K) Class: 2544K(2688K)->2544K(2688K)
[2026-03-19T11:22:27.234+0800][35.885s][info][gc          ] GC(55) Pause Young (Concurrent Start) (G1 Humongous Allocation) 71M->28M(128M) 3.998ms
[2026-03-19T11:22:27.234+0800][35.885s][info][gc,cpu      ] GC(55) User=0.00s Sys=0.00s Real=0.00s
[2026-03-19T11:22:27.234+0800][35.885s][info][gc          ] GC(56) Concurrent Undo Cycle
[2026-03-19T11:22:27.234+0800][35.885s][info][gc,marking  ] GC(56) Concurrent Cleanup for Next Mark
[2026-03-19T11:22:27.234+0800][35.886s][info][gc,marking  ] GC(56) Concurrent Cleanup for Next Mark 0.439ms
[2026-03-19T11:22:27.235+0800][35.886s][info][gc          ] GC(56) Concurrent Undo Cycle 0.773ms
[2026-03-19T11:22:28.178+0800][36.830s][info][gc,start    ] GC(57) Pause Young (Concurrent Start) (G1 Humongous Allocation)
[2026-03-19T11:22:28.178+0800][36.830s][info][gc,task     ] GC(57) Using 3 workers of 13 for evacuation
[2026-03-19T11:22:28.181+0800][36.833s][info][gc,phases   ] GC(57)   Pre Evacuate Collection Set: 0.3ms
[2026-03-19T11:22:28.181+0800][36.833s][info][gc,phases   ] GC(57)   Merge Heap Roots: 0.2ms
[2026-03-19T11:22:28.181+0800][36.833s][info][gc,phases   ] GC(57)   Evacuate Collection Set: 1.1ms
[2026-03-19T11:22:28.181+0800][36.833s][info][gc,phases   ] GC(57)   Post Evacuate Collection Set: 0.9ms
[2026-03-19T11:22:28.181+0800][36.833s][info][gc,phases   ] GC(57)   Other: 0.5ms
[2026-03-19T11:22:28.181+0800][36.833s][info][gc,heap     ] GC(57) Eden regions: 14->0(74)
[2026-03-19T11:22:28.181+0800][36.833s][info][gc,heap     ] GC(57) Survivor regions: 2->2(10)
[2026-03-19T11:22:28.181+0800][36.833s][info][gc,heap     ] GC(57) Old regions: 18->18
[2026-03-19T11:22:28.181+0800][36.833s][info][gc,heap     ] GC(57) Archive regions: 0->0
[2026-03-19T11:22:28.182+0800][36.833s][info][gc,heap     ] GC(57) Humongous regions: 39->9
[2026-03-19T11:22:28.182+0800][36.833s][info][gc,metaspace] GC(57) Metaspace: 21760K(22016K)->21760K(22016K) NonClass: 19216K(19328K)->19216K(19328K) Class: 2544K(2688K)->2544K(2688K)
[2026-03-19T11:22:28.182+0800][36.834s][info][gc          ] GC(57) Pause Young (Concurrent Start) (G1 Humongous Allocation) 71M->28M(128M) 3.811ms
[2026-03-19T11:22:28.182+0800][36.834s][info][gc,cpu      ] GC(57) User=0.00s Sys=0.00s Real=0.00s
[2026-03-19T11:22:28.182+0800][36.834s][info][gc          ] GC(58) Concurrent Undo Cycle
[2026-03-19T11:22:28.182+0800][36.834s][info][gc,marking  ] GC(58) Concurrent Cleanup for Next Mark
[2026-03-19T11:22:28.182+0800][36.834s][info][gc,marking  ] GC(58) Concurrent Cleanup for Next Mark 0.436ms
[2026-03-19T11:22:28.183+0800][36.834s][info][gc          ] GC(58) Concurrent Undo Cycle 0.748ms
[2026-03-19T11:22:29.126+0800][37.777s][info][gc,start    ] GC(59) Pause Young (Concurrent Start) (G1 Humongous Allocation)
[2026-03-19T11:22:29.126+0800][37.777s][info][gc,task     ] GC(59) Using 3 workers of 13 for evacuation
[2026-03-19T11:22:29.128+0800][37.779s][info][gc,phases   ] GC(59)   Pre Evacuate Collection Set: 0.2ms
[2026-03-19T11:22:29.128+0800][37.779s][info][gc,phases   ] GC(59)   Merge Heap Roots: 0.2ms
[2026-03-19T11:22:29.128+0800][37.779s][info][gc,phases   ] GC(59)   Evacuate Collection Set: 0.7ms
[2026-03-19T11:22:29.128+0800][37.779s][info][gc,phases   ] GC(59)   Post Evacuate Collection Set: 0.8ms
[2026-03-19T11:22:29.128+0800][37.779s][info][gc,phases   ] GC(59)   Other: 0.2ms
[2026-03-19T11:22:29.128+0800][37.780s][info][gc,heap     ] GC(59) Eden regions: 13->0(74)
[2026-03-19T11:22:29.128+0800][37.780s][info][gc,heap     ] GC(59) Survivor regions: 2->2(10)
[2026-03-19T11:22:29.128+0800][37.780s][info][gc,heap     ] GC(59) Old regions: 18->18
[2026-03-19T11:22:29.128+0800][37.780s][info][gc,heap     ] GC(59) Archive regions: 0->0
[2026-03-19T11:22:29.128+0800][37.780s][info][gc,heap     ] GC(59) Humongous regions: 39->9
[2026-03-19T11:22:29.128+0800][37.780s][info][gc,metaspace] GC(59) Metaspace: 21763K(22016K)->21763K(22016K) NonClass: 19218K(19328K)->19218K(19328K) Class: 2544K(2688K)->2544K(2688K)
[2026-03-19T11:22:29.128+0800][37.780s][info][gc          ] GC(59) Pause Young (Concurrent Start) (G1 Humongous Allocation) 71M->28M(128M) 2.601ms
[2026-03-19T11:22:29.128+0800][37.780s][info][gc,cpu      ] GC(59) User=0.00s Sys=0.00s Real=0.00s
[2026-03-19T11:22:29.128+0800][37.780s][info][gc          ] GC(60) Concurrent Undo Cycle
[2026-03-19T11:22:29.128+0800][37.780s][info][gc,marking  ] GC(60) Concurrent Cleanup for Next Mark
[2026-03-19T11:22:29.129+0800][37.780s][info][gc,marking  ] GC(60) Concurrent Cleanup for Next Mark 0.470ms
[2026-03-19T11:22:29.129+0800][37.780s][info][gc          ] GC(60) Concurrent Undo Cycle 0.644ms
[2026-03-19T11:22:30.063+0800][38.714s][info][gc,start    ] GC(61) Pause Young (Concurrent Start) (G1 Humongous Allocation)
[2026-03-19T11:22:30.063+0800][38.714s][info][gc,task     ] GC(61) Using 3 workers of 13 for evacuation
[2026-03-19T11:22:30.066+0800][38.717s][info][gc,phases   ] GC(61)   Pre Evacuate Collection Set: 0.1ms
[2026-03-19T11:22:30.066+0800][38.717s][info][gc,phases   ] GC(61)   Merge Heap Roots: 0.1ms
[2026-03-19T11:22:30.066+0800][38.717s][info][gc,phases   ] GC(61)   Evacuate Collection Set: 1.1ms
[2026-03-19T11:22:30.066+0800][38.717s][info][gc,phases   ] GC(61)   Post Evacuate Collection Set: 1.3ms
[2026-03-19T11:22:30.066+0800][38.717s][info][gc,phases   ] GC(61)   Other: 0.3ms
[2026-03-19T11:22:30.066+0800][38.717s][info][gc,heap     ] GC(61) Eden regions: 13->0(74)
[2026-03-19T11:22:30.066+0800][38.718s][info][gc,heap     ] GC(61) Survivor regions: 2->2(10)
[2026-03-19T11:22:30.066+0800][38.718s][info][gc,heap     ] GC(61) Old regions: 18->18
[2026-03-19T11:22:30.066+0800][38.718s][info][gc,heap     ] GC(61) Archive regions: 0->0
[2026-03-19T11:22:30.066+0800][38.718s][info][gc,heap     ] GC(61) Humongous regions: 39->9
[2026-03-19T11:22:30.067+0800][38.718s][info][gc,metaspace] GC(61) Metaspace: 21798K(22080K)->21798K(22080K) NonClass: 19252K(19392K)->19252K(19392K) Class: 2545K(2688K)->2545K(2688K)
[2026-03-19T11:22:30.067+0800][38.718s][info][gc          ] GC(61) Pause Young (Concurrent Start) (G1 Humongous Allocation) 71M->28M(128M) 4.019ms
[2026-03-19T11:22:30.067+0800][38.718s][info][gc,cpu      ] GC(61) User=0.00s Sys=0.00s Real=0.00s
[2026-03-19T11:22:30.067+0800][38.718s][info][gc          ] GC(62) Concurrent Undo Cycle
[2026-03-19T11:22:30.067+0800][38.719s][info][gc,marking  ] GC(62) Concurrent Cleanup for Next Mark
[2026-03-19T11:22:30.067+0800][38.719s][info][gc,marking  ] GC(62) Concurrent Cleanup for Next Mark 0.581ms
[2026-03-19T11:22:30.067+0800][38.719s][info][gc          ] GC(62) Concurrent Undo Cycle 0.949ms
[2026-03-19T11:22:30.997+0800][39.649s][info][gc,start    ] GC(63) Pause Young (Concurrent Start) (G1 Humongous Allocation)
[2026-03-19T11:22:30.997+0800][39.649s][info][gc,task     ] GC(63) Using 3 workers of 13 for evacuation
[2026-03-19T11:22:30.999+0800][39.651s][info][gc,phases   ] GC(63)   Pre Evacuate Collection Set: 0.1ms
[2026-03-19T11:22:31.000+0800][39.651s][info][gc,phases   ] GC(63)   Merge Heap Roots: 0.2ms
[2026-03-19T11:22:31.000+0800][39.652s][info][gc,phases   ] GC(63)   Evacuate Collection Set: 0.6ms
[2026-03-19T11:22:31.000+0800][39.652s][info][gc,phases   ] GC(63)   Post Evacuate Collection Set: 0.8ms
[2026-03-19T11:22:31.000+0800][39.652s][info][gc,phases   ] GC(63)   Other: 0.3ms
[2026-03-19T11:22:31.000+0800][39.652s][info][gc,heap     ] GC(63) Eden regions: 13->0(74)
[2026-03-19T11:22:31.000+0800][39.652s][info][gc,heap     ] GC(63) Survivor regions: 2->2(10)
[2026-03-19T11:22:31.000+0800][39.652s][info][gc,heap     ] GC(63) Old regions: 18->18
[2026-03-19T11:22:31.000+0800][39.652s][info][gc,heap     ] GC(63) Archive regions: 0->0
[2026-03-19T11:22:31.000+0800][39.652s][info][gc,heap     ] GC(63) Humongous regions: 39->9
[2026-03-19T11:22:31.000+0800][39.652s][info][gc,metaspace] GC(63) Metaspace: 21801K(22080K)->21801K(22080K) NonClass: 19255K(19392K)->19255K(19392K) Class: 2545K(2688K)->2545K(2688K)
[2026-03-19T11:22:31.000+0800][39.652s][info][gc          ] GC(63) Pause Young (Concurrent Start) (G1 Humongous Allocation) 71M->28M(128M) 2.851ms
[2026-03-19T11:22:31.000+0800][39.652s][info][gc,cpu      ] GC(63) User=0.00s Sys=0.00s Real=0.00s
[2026-03-19T11:22:31.000+0800][39.652s][info][gc          ] GC(64) Concurrent Undo Cycle
[2026-03-19T11:22:31.000+0800][39.652s][info][gc,marking  ] GC(64) Concurrent Cleanup for Next Mark
[2026-03-19T11:22:31.001+0800][39.653s][info][gc,marking  ] GC(64) Concurrent Cleanup for Next Mark 0.409ms
[2026-03-19T11:22:31.001+0800][39.653s][info][gc          ] GC(64) Concurrent Undo Cycle 0.571ms
[2026-03-19T11:22:31.934+0800][40.586s][info][gc,start    ] GC(65) Pause Young (Concurrent Start) (G1 Humongous Allocation)
[2026-03-19T11:22:31.934+0800][40.586s][info][gc,task     ] GC(65) Using 3 workers of 13 for evacuation
[2026-03-19T11:22:31.937+0800][40.589s][info][gc,phases   ] GC(65)   Pre Evacuate Collection Set: 0.3ms
[2026-03-19T11:22:31.938+0800][40.589s][info][gc,phases   ] GC(65)   Merge Heap Roots: 0.2ms
[2026-03-19T11:22:31.938+0800][40.589s][info][gc,phases   ] GC(65)   Evacuate Collection Set: 0.8ms
[2026-03-19T11:22:31.938+0800][40.589s][info][gc,phases   ] GC(65)   Post Evacuate Collection Set: 0.8ms
[2026-03-19T11:22:31.938+0800][40.589s][info][gc,phases   ] GC(65)   Other: 0.5ms
[2026-03-19T11:22:31.938+0800][40.589s][info][gc,heap     ] GC(65) Eden regions: 13->0(74)
[2026-03-19T11:22:31.938+0800][40.589s][info][gc,heap     ] GC(65) Survivor regions: 2->2(10)
[2026-03-19T11:22:31.938+0800][40.589s][info][gc,heap     ] GC(65) Old regions: 18->18
[2026-03-19T11:22:31.938+0800][40.590s][info][gc,heap     ] GC(65) Archive regions: 0->0
[2026-03-19T11:22:31.938+0800][40.590s][info][gc,heap     ] GC(65) Humongous regions: 39->9
[2026-03-19T11:22:31.938+0800][40.590s][info][gc,metaspace] GC(65) Metaspace: 21802K(22080K)->21802K(22080K) NonClass: 19256K(19392K)->19256K(19392K) Class: 2545K(2688K)->2545K(2688K)
[2026-03-19T11:22:31.938+0800][40.590s][info][gc          ] GC(65) Pause Young (Concurrent Start) (G1 Humongous Allocation) 71M->28M(128M) 3.538ms
[2026-03-19T11:22:31.938+0800][40.590s][info][gc,cpu      ] GC(65) User=0.00s Sys=0.00s Real=0.00s
[2026-03-19T11:22:31.938+0800][40.590s][info][gc          ] GC(66) Concurrent Undo Cycle
[2026-03-19T11:22:31.939+0800][40.590s][info][gc,marking  ] GC(66) Concurrent Cleanup for Next Mark
[2026-03-19T11:22:31.939+0800][40.591s][info][gc,marking  ] GC(66) Concurrent Cleanup for Next Mark 0.440ms
[2026-03-19T11:22:31.939+0800][40.591s][info][gc          ] GC(66) Concurrent Undo Cycle 0.759ms
[2026-03-19T11:22:32.868+0800][41.520s][info][gc,start    ] GC(67) Pause Young (Concurrent Start) (G1 Humongous Allocation)
[2026-03-19T11:22:32.869+0800][41.520s][info][gc,task     ] GC(67) Using 3 workers of 13 for evacuation
[2026-03-19T11:22:32.871+0800][41.523s][info][gc,phases   ] GC(67)   Pre Evacuate Collection Set: 0.4ms
[2026-03-19T11:22:32.871+0800][41.523s][info][gc,phases   ] GC(67)   Merge Heap Roots: 0.4ms
[2026-03-19T11:22:32.871+0800][41.523s][info][gc,phases   ] GC(67)   Evacuate Collection Set: 0.8ms
[2026-03-19T11:22:32.872+0800][41.523s][info][gc,phases   ] GC(67)   Post Evacuate Collection Set: 0.7ms
[2026-03-19T11:22:32.872+0800][41.523s][info][gc,phases   ] GC(67)   Other: 0.6ms
[2026-03-19T11:22:32.872+0800][41.523s][info][gc,heap     ] GC(67) Eden regions: 13->0(74)
[2026-03-19T11:22:32.872+0800][41.523s][info][gc,heap     ] GC(67) Survivor regions: 2->2(10)
[2026-03-19T11:22:32.872+0800][41.523s][info][gc,heap     ] GC(67) Old regions: 18->18
[2026-03-19T11:22:32.872+0800][41.524s][info][gc,heap     ] GC(67) Archive regions: 0->0
[2026-03-19T11:22:32.872+0800][41.524s][info][gc,heap     ] GC(67) Humongous regions: 39->9
[2026-03-19T11:22:32.872+0800][41.524s][info][gc,metaspace] GC(67) Metaspace: 21802K(22080K)->21802K(22080K) NonClass: 19256K(19392K)->19256K(19392K) Class: 2545K(2688K)->2545K(2688K)
[2026-03-19T11:22:32.872+0800][41.524s][info][gc          ] GC(67) Pause Young (Concurrent Start) (G1 Humongous Allocation) 71M->28M(128M) 3.718ms
[2026-03-19T11:22:32.872+0800][41.524s][info][gc,cpu      ] GC(67) User=0.00s Sys=0.00s Real=0.00s
[2026-03-19T11:22:32.872+0800][41.524s][info][gc          ] GC(68) Concurrent Undo Cycle
[2026-03-19T11:22:32.873+0800][41.524s][info][gc,marking  ] GC(68) Concurrent Cleanup for Next Mark
[2026-03-19T11:22:32.873+0800][41.525s][info][gc,marking  ] GC(68) Concurrent Cleanup for Next Mark 0.404ms
[2026-03-19T11:22:32.873+0800][41.525s][info][gc          ] GC(68) Concurrent Undo Cycle 0.722ms
[2026-03-19T11:22:33.820+0800][42.472s][info][gc,start    ] GC(69) Pause Young (Concurrent Start) (G1 Humongous Allocation)
[2026-03-19T11:22:33.821+0800][42.472s][info][gc,task     ] GC(69) Using 3 workers of 13 for evacuation
[2026-03-19T11:22:33.823+0800][42.474s][info][gc,phases   ] GC(69)   Pre Evacuate Collection Set: 0.3ms
[2026-03-19T11:22:33.823+0800][42.474s][info][gc,phases   ] GC(69)   Merge Heap Roots: 0.2ms
[2026-03-19T11:22:33.823+0800][42.474s][info][gc,phases   ] GC(69)   Evacuate Collection Set: 0.8ms
[2026-03-19T11:22:33.823+0800][42.474s][info][gc,phases   ] GC(69)   Post Evacuate Collection Set: 0.8ms
[2026-03-19T11:22:33.823+0800][42.474s][info][gc,phases   ] GC(69)   Other: 0.4ms
[2026-03-19T11:22:33.823+0800][42.474s][info][gc,heap     ] GC(69) Eden regions: 13->0(74)
[2026-03-19T11:22:33.823+0800][42.474s][info][gc,heap     ] GC(69) Survivor regions: 2->2(10)
[2026-03-19T11:22:33.823+0800][42.475s][info][gc,heap     ] GC(69) Old regions: 18->18
[2026-03-19T11:22:33.823+0800][42.475s][info][gc,heap     ] GC(69) Archive regions: 0->0
[2026-03-19T11:22:33.823+0800][42.475s][info][gc,heap     ] GC(69) Humongous regions: 39->9
[2026-03-19T11:22:33.824+0800][42.475s][info][gc,metaspace] GC(69) Metaspace: 21802K(22080K)->21802K(22080K) NonClass: 19256K(19392K)->19256K(19392K) Class: 2545K(2688K)->2545K(2688K)
[2026-03-19T11:22:33.824+0800][42.475s][info][gc          ] GC(69) Pause Young (Concurrent Start) (G1 Humongous Allocation) 71M->28M(128M) 3.044ms
[2026-03-19T11:22:33.824+0800][42.475s][info][gc,cpu      ] GC(69) User=0.00s Sys=0.00s Real=0.00s
[2026-03-19T11:22:33.824+0800][42.475s][info][gc          ] GC(70) Concurrent Undo Cycle
[2026-03-19T11:22:33.824+0800][42.475s][info][gc,marking  ] GC(70) Concurrent Cleanup for Next Mark
[2026-03-19T11:22:33.824+0800][42.475s][info][gc,marking  ] GC(70) Concurrent Cleanup for Next Mark 0.365ms
[2026-03-19T11:22:33.824+0800][42.476s][info][gc          ] GC(70) Concurrent Undo Cycle 0.612ms
[2026-03-19T11:22:34.758+0800][43.410s][info][gc,start    ] GC(71) Pause Young (Concurrent Start) (G1 Humongous Allocation)
[2026-03-19T11:22:34.758+0800][43.410s][info][gc,task     ] GC(71) Using 3 workers of 13 for evacuation
[2026-03-19T11:22:34.761+0800][43.412s][info][gc,phases   ] GC(71)   Pre Evacuate Collection Set: 0.3ms
[2026-03-19T11:22:34.761+0800][43.413s][info][gc,phases   ] GC(71)   Merge Heap Roots: 0.2ms
[2026-03-19T11:22:34.761+0800][43.413s][info][gc,phases   ] GC(71)   Evacuate Collection Set: 0.9ms
[2026-03-19T11:22:34.761+0800][43.413s][info][gc,phases   ] GC(71)   Post Evacuate Collection Set: 0.8ms
[2026-03-19T11:22:34.761+0800][43.413s][info][gc,phases   ] GC(71)   Other: 0.5ms
[2026-03-19T11:22:34.761+0800][43.413s][info][gc,heap     ] GC(71) Eden regions: 13->0(74)
[2026-03-19T11:22:34.761+0800][43.413s][info][gc,heap     ] GC(71) Survivor regions: 2->2(10)
[2026-03-19T11:22:34.761+0800][43.413s][info][gc,heap     ] GC(71) Old regions: 18->18
[2026-03-19T11:22:34.761+0800][43.413s][info][gc,heap     ] GC(71) Archive regions: 0->0
[2026-03-19T11:22:34.761+0800][43.413s][info][gc,heap     ] GC(71) Humongous regions: 39->9
[2026-03-19T11:22:34.762+0800][43.413s][info][gc,metaspace] GC(71) Metaspace: 21811K(22144K)->21811K(22144K) NonClass: 19265K(19456K)->19265K(19456K) Class: 2545K(2688K)->2545K(2688K)
[2026-03-19T11:22:34.762+0800][43.413s][info][gc          ] GC(71) Pause Young (Concurrent Start) (G1 Humongous Allocation) 70M->28M(128M) 3.674ms
[2026-03-19T11:22:34.762+0800][43.413s][info][gc,cpu      ] GC(71) User=0.00s Sys=0.00s Real=0.00s
[2026-03-19T11:22:34.762+0800][43.414s][info][gc          ] GC(72) Concurrent Undo Cycle
[2026-03-19T11:22:34.762+0800][43.414s][info][gc,marking  ] GC(72) Concurrent Cleanup for Next Mark
[2026-03-19T11:22:34.763+0800][43.414s][info][gc,marking  ] GC(72) Concurrent Cleanup for Next Mark 0.496ms
[2026-03-19T11:22:34.763+0800][43.415s][info][gc          ] GC(72) Concurrent Undo Cycle 0.863ms
[2026-03-19T11:22:35.711+0800][44.363s][info][gc,start    ] GC(73) Pause Young (Concurrent Start) (G1 Humongous Allocation)
[2026-03-19T11:22:35.711+0800][44.363s][info][gc,task     ] GC(73) Using 3 workers of 13 for evacuation
[2026-03-19T11:22:35.714+0800][44.366s][info][gc,phases   ] GC(73)   Pre Evacuate Collection Set: 0.2ms
[2026-03-19T11:22:35.714+0800][44.366s][info][gc,phases   ] GC(73)   Merge Heap Roots: 0.2ms
[2026-03-19T11:22:35.714+0800][44.366s][info][gc,phases   ] GC(73)   Evacuate Collection Set: 0.8ms
[2026-03-19T11:22:35.714+0800][44.366s][info][gc,phases   ] GC(73)   Post Evacuate Collection Set: 1.2ms
[2026-03-19T11:22:35.714+0800][44.366s][info][gc,phases   ] GC(73)   Other: 0.3ms
[2026-03-19T11:22:35.714+0800][44.366s][info][gc,heap     ] GC(73) Eden regions: 13->0(74)
[2026-03-19T11:22:35.714+0800][44.366s][info][gc,heap     ] GC(73) Survivor regions: 2->2(10)
[2026-03-19T11:22:35.714+0800][44.366s][info][gc,heap     ] GC(73) Old regions: 18->18
[2026-03-19T11:22:35.714+0800][44.366s][info][gc,heap     ] GC(73) Archive regions: 0->0
[2026-03-19T11:22:35.714+0800][44.366s][info][gc,heap     ] GC(73) Humongous regions: 39->9
[2026-03-19T11:22:35.715+0800][44.366s][info][gc,metaspace] GC(73) Metaspace: 21821K(22144K)->21821K(22144K) NonClass: 19275K(19456K)->19275K(19456K) Class: 2545K(2688K)->2545K(2688K)
[2026-03-19T11:22:35.715+0800][44.366s][info][gc          ] GC(73) Pause Young (Concurrent Start) (G1 Humongous Allocation) 71M->28M(128M) 3.341ms
[2026-03-19T11:22:35.715+0800][44.366s][info][gc,cpu      ] GC(73) User=0.00s Sys=0.00s Real=0.00s
[2026-03-19T11:22:35.715+0800][44.367s][info][gc          ] GC(74) Concurrent Undo Cycle
[2026-03-19T11:22:35.715+0800][44.367s][info][gc,marking  ] GC(74) Concurrent Cleanup for Next Mark
[2026-03-19T11:22:35.715+0800][44.367s][info][gc,marking  ] GC(74) Concurrent Cleanup for Next Mark 0.370ms
[2026-03-19T11:22:35.715+0800][44.367s][info][gc          ] GC(74) Concurrent Undo Cycle 0.685ms
[2026-03-19T11:22:36.649+0800][45.300s][info][gc,start    ] GC(75) Pause Young (Concurrent Start) (G1 Humongous Allocation)
[2026-03-19T11:22:36.649+0800][45.300s][info][gc,task     ] GC(75) Using 3 workers of 13 for evacuation
[2026-03-19T11:22:36.652+0800][45.303s][info][gc,phases   ] GC(75)   Pre Evacuate Collection Set: 0.2ms
[2026-03-19T11:22:36.652+0800][45.303s][info][gc,phases   ] GC(75)   Merge Heap Roots: 0.1ms
[2026-03-19T11:22:36.652+0800][45.303s][info][gc,phases   ] GC(75)   Evacuate Collection Set: 1.0ms
[2026-03-19T11:22:36.652+0800][45.303s][info][gc,phases   ] GC(75)   Post Evacuate Collection Set: 0.9ms
[2026-03-19T11:22:36.652+0800][45.303s][info][gc,phases   ] GC(75)   Other: 0.5ms
[2026-03-19T11:22:36.652+0800][45.303s][info][gc,heap     ] GC(75) Eden regions: 14->0(74)
[2026-03-19T11:22:36.652+0800][45.303s][info][gc,heap     ] GC(75) Survivor regions: 2->2(10)
[2026-03-19T11:22:36.652+0800][45.303s][info][gc,heap     ] GC(75) Old regions: 18->18
[2026-03-19T11:22:36.652+0800][45.303s][info][gc,heap     ] GC(75) Archive regions: 0->0
[2026-03-19T11:22:36.652+0800][45.303s][info][gc,heap     ] GC(75) Humongous regions: 39->9
[2026-03-19T11:22:36.652+0800][45.303s][info][gc,metaspace] GC(75) Metaspace: 21839K(22144K)->21839K(22144K) NonClass: 19293K(19456K)->19293K(19456K) Class: 2545K(2688K)->2545K(2688K)
[2026-03-19T11:22:36.652+0800][45.303s][info][gc          ] GC(75) Pause Young (Concurrent Start) (G1 Humongous Allocation) 72M->28M(128M) 3.322ms
[2026-03-19T11:22:36.652+0800][45.303s][info][gc,cpu      ] GC(75) User=0.00s Sys=0.00s Real=0.00s
[2026-03-19T11:22:36.652+0800][45.303s][info][gc          ] GC(76) Concurrent Undo Cycle
[2026-03-19T11:22:36.652+0800][45.303s][info][gc,marking  ] GC(76) Concurrent Cleanup for Next Mark
[2026-03-19T11:22:36.653+0800][45.304s][info][gc,marking  ] GC(76) Concurrent Cleanup for Next Mark 0.316ms
[2026-03-19T11:22:36.653+0800][45.304s][info][gc          ] GC(76) Concurrent Undo Cycle 0.487ms
[2026-03-19T11:22:37.598+0800][46.249s][info][gc,start    ] GC(77) Pause Young (Concurrent Start) (G1 Humongous Allocation)
[2026-03-19T11:22:37.602+0800][46.254s][info][gc,task     ] GC(77) Using 3 workers of 13 for evacuation
[2026-03-19T11:22:37.604+0800][46.255s][info][gc,phases   ] GC(77)   Pre Evacuate Collection Set: 0.2ms
[2026-03-19T11:22:37.604+0800][46.255s][info][gc,phases   ] GC(77)   Merge Heap Roots: 0.1ms
[2026-03-19T11:22:37.604+0800][46.255s][info][gc,phases   ] GC(77)   Evacuate Collection Set: 0.6ms
[2026-03-19T11:22:37.604+0800][46.255s][info][gc,phases   ] GC(77)   Post Evacuate Collection Set: 0.5ms
[2026-03-19T11:22:37.604+0800][46.256s][info][gc,phases   ] GC(77)   Other: 4.7ms
[2026-03-19T11:22:37.604+0800][46.256s][info][gc,heap     ] GC(77) Eden regions: 13->0(74)
[2026-03-19T11:22:37.604+0800][46.256s][info][gc,heap     ] GC(77) Survivor regions: 2->2(10)
[2026-03-19T11:22:37.604+0800][46.256s][info][gc,heap     ] GC(77) Old regions: 18->18
[2026-03-19T11:22:37.604+0800][46.256s][info][gc,heap     ] GC(77) Archive regions: 0->0
[2026-03-19T11:22:37.604+0800][46.256s][info][gc,heap     ] GC(77) Humongous regions: 39->9
[2026-03-19T11:22:37.604+0800][46.256s][info][gc,metaspace] GC(77) Metaspace: 21839K(22144K)->21839K(22144K) NonClass: 19293K(19456K)->19293K(19456K) Class: 2545K(2688K)->2545K(2688K)
[2026-03-19T11:22:37.604+0800][46.256s][info][gc          ] GC(77) Pause Young (Concurrent Start) (G1 Humongous Allocation) 71M->28M(128M) 6.486ms
[2026-03-19T11:22:37.605+0800][46.256s][info][gc,cpu      ] GC(77) User=0.00s Sys=0.00s Real=0.01s
[2026-03-19T11:22:37.605+0800][46.256s][info][gc          ] GC(78) Concurrent Undo Cycle
[2026-03-19T11:22:37.605+0800][46.256s][info][gc,marking  ] GC(78) Concurrent Cleanup for Next Mark
[2026-03-19T11:22:37.605+0800][46.256s][info][gc,marking  ] GC(78) Concurrent Cleanup for Next Mark 0.341ms
[2026-03-19T11:22:37.605+0800][46.256s][info][gc          ] GC(78) Concurrent Undo Cycle 0.516ms
[2026-03-19T11:22:38.549+0800][47.201s][info][gc,start    ] GC(79) Pause Young (Concurrent Start) (G1 Humongous Allocation)
[2026-03-19T11:22:38.549+0800][47.201s][info][gc,task     ] GC(79) Using 3 workers of 13 for evacuation
[2026-03-19T11:22:38.552+0800][47.203s][info][gc,phases   ] GC(79)   Pre Evacuate Collection Set: 0.2ms
[2026-03-19T11:22:38.552+0800][47.203s][info][gc,phases   ] GC(79)   Merge Heap Roots: 0.3ms
[2026-03-19T11:22:38.552+0800][47.203s][info][gc,phases   ] GC(79)   Evacuate Collection Set: 0.8ms
[2026-03-19T11:22:38.552+0800][47.203s][info][gc,phases   ] GC(79)   Post Evacuate Collection Set: 1.0ms
[2026-03-19T11:22:38.552+0800][47.204s][info][gc,phases   ] GC(79)   Other: 0.4ms
[2026-03-19T11:22:38.552+0800][47.204s][info][gc,heap     ] GC(79) Eden regions: 13->0(74)
[2026-03-19T11:22:38.552+0800][47.204s][info][gc,heap     ] GC(79) Survivor regions: 2->2(10)
[2026-03-19T11:22:38.552+0800][47.204s][info][gc,heap     ] GC(79) Old regions: 18->18
[2026-03-19T11:22:38.552+0800][47.204s][info][gc,heap     ] GC(79) Archive regions: 0->0
[2026-03-19T11:22:38.552+0800][47.204s][info][gc,heap     ] GC(79) Humongous regions: 39->9
[2026-03-19T11:22:38.552+0800][47.204s][info][gc,metaspace] GC(79) Metaspace: 21842K(22144K)->21842K(22144K) NonClass: 19296K(19456K)->19296K(19456K) Class: 2545K(2688K)->2545K(2688K)
[2026-03-19T11:22:38.552+0800][47.204s][info][gc          ] GC(79) Pause Young (Concurrent Start) (G1 Humongous Allocation) 71M->28M(128M) 3.236ms
[2026-03-19T11:22:38.553+0800][47.204s][info][gc,cpu      ] GC(79) User=0.00s Sys=0.00s Real=0.00s
[2026-03-19T11:22:38.553+0800][47.204s][info][gc          ] GC(80) Concurrent Undo Cycle
[2026-03-19T11:22:38.553+0800][47.204s][info][gc,marking  ] GC(80) Concurrent Cleanup for Next Mark
[2026-03-19T11:22:38.553+0800][47.205s][info][gc,marking  ] GC(80) Concurrent Cleanup for Next Mark 0.410ms
[2026-03-19T11:22:38.553+0800][47.205s][info][gc          ] GC(80) Concurrent Undo Cycle 0.659ms
[2026-03-19T11:22:39.487+0800][48.139s][info][gc,start    ] GC(81) Pause Young (Concurrent Start) (G1 Humongous Allocation)
[2026-03-19T11:22:39.487+0800][48.139s][info][gc,task     ] GC(81) Using 3 workers of 13 for evacuation
[2026-03-19T11:22:39.490+0800][48.142s][info][gc,phases   ] GC(81)   Pre Evacuate Collection Set: 0.4ms
[2026-03-19T11:22:39.491+0800][48.143s][info][gc,phases   ] GC(81)   Merge Heap Roots: 0.2ms
[2026-03-19T11:22:39.491+0800][48.143s][info][gc,phases   ] GC(81)   Evacuate Collection Set: 1.5ms
[2026-03-19T11:22:39.491+0800][48.143s][info][gc,phases   ] GC(81)   Post Evacuate Collection Set: 1.3ms
[2026-03-19T11:22:39.491+0800][48.143s][info][gc,phases   ] GC(81)   Other: 0.5ms
[2026-03-19T11:22:39.491+0800][48.143s][info][gc,heap     ] GC(81) Eden regions: 15->0(74)
[2026-03-19T11:22:39.491+0800][48.143s][info][gc,heap     ] GC(81) Survivor regions: 2->2(10)
[2026-03-19T11:22:39.491+0800][48.143s][info][gc,heap     ] GC(81) Old regions: 18->18
[2026-03-19T11:22:39.491+0800][48.143s][info][gc,heap     ] GC(81) Archive regions: 0->0
[2026-03-19T11:22:39.491+0800][48.143s][info][gc,heap     ] GC(81) Humongous regions: 39->9
[2026-03-19T11:22:39.491+0800][48.143s][info][gc,metaspace] GC(81) Metaspace: 22111K(22400K)->22111K(22400K) NonClass: 19533K(19648K)->19533K(19648K) Class: 2577K(2752K)->2577K(2752K)
[2026-03-19T11:22:39.491+0800][48.143s][info][gc          ] GC(81) Pause Young (Concurrent Start) (G1 Humongous Allocation) 72M->28M(128M) 4.830ms
[2026-03-19T11:22:39.491+0800][48.144s][info][gc,cpu      ] GC(81) User=0.02s Sys=0.02s Real=0.00s
[2026-03-19T11:22:39.493+0800][48.144s][info][gc          ] GC(82) Concurrent Undo Cycle
[2026-03-19T11:22:39.493+0800][48.144s][info][gc,marking  ] GC(82) Concurrent Cleanup for Next Mark
[2026-03-19T11:22:39.493+0800][48.145s][info][gc,marking  ] GC(82) Concurrent Cleanup for Next Mark 0.622ms
[2026-03-19T11:22:39.493+0800][48.145s][info][gc          ] GC(82) Concurrent Undo Cycle 1.163ms
[2026-03-19T11:22:40.438+0800][49.090s][info][gc,start    ] GC(83) Pause Young (Concurrent Start) (G1 Humongous Allocation)
[2026-03-19T11:22:40.438+0800][49.090s][info][gc,task     ] GC(83) Using 3 workers of 13 for evacuation
[2026-03-19T11:22:40.441+0800][49.092s][info][gc,phases   ] GC(83)   Pre Evacuate Collection Set: 0.2ms
[2026-03-19T11:22:40.441+0800][49.093s][info][gc,phases   ] GC(83)   Merge Heap Roots: 0.2ms
[2026-03-19T11:22:40.441+0800][49.093s][info][gc,phases   ] GC(83)   Evacuate Collection Set: 0.8ms
[2026-03-19T11:22:40.441+0800][49.093s][info][gc,phases   ] GC(83)   Post Evacuate Collection Set: 0.8ms
[2026-03-19T11:22:40.441+0800][49.093s][info][gc,phases   ] GC(83)   Other: 0.5ms
[2026-03-19T11:22:40.441+0800][49.093s][info][gc,heap     ] GC(83) Eden regions: 13->0(74)
[2026-03-19T11:22:40.441+0800][49.093s][info][gc,heap     ] GC(83) Survivor regions: 2->2(10)
[2026-03-19T11:22:40.441+0800][49.093s][info][gc,heap     ] GC(83) Old regions: 18->18
[2026-03-19T11:22:40.441+0800][49.093s][info][gc,heap     ] GC(83) Archive regions: 0->0
[2026-03-19T11:22:40.442+0800][49.093s][info][gc,heap     ] GC(83) Humongous regions: 39->9
[2026-03-19T11:22:40.442+0800][49.093s][info][gc,metaspace] GC(83) Metaspace: 22111K(22400K)->22111K(22400K) NonClass: 19533K(19648K)->19533K(19648K) Class: 2577K(2752K)->2577K(2752K)
[2026-03-19T11:22:40.442+0800][49.093s][info][gc          ] GC(83) Pause Young (Concurrent Start) (G1 Humongous Allocation) 71M->28M(128M) 3.418ms
[2026-03-19T11:22:40.442+0800][49.093s][info][gc,cpu      ] GC(83) User=0.00s Sys=0.00s Real=0.00s
[2026-03-19T11:22:40.442+0800][49.094s][info][gc          ] GC(84) Concurrent Undo Cycle
[2026-03-19T11:22:40.442+0800][49.094s][info][gc,marking  ] GC(84) Concurrent Cleanup for Next Mark
[2026-03-19T11:22:40.442+0800][49.094s][info][gc,marking  ] GC(84) Concurrent Cleanup for Next Mark 0.477ms
[2026-03-19T11:22:40.443+0800][49.094s][info][gc          ] GC(84) Concurrent Undo Cycle 0.891ms
[2026-03-19T11:22:41.387+0800][50.039s][info][gc,start    ] GC(85) Pause Young (Concurrent Start) (G1 Humongous Allocation)
[2026-03-19T11:22:41.387+0800][50.039s][info][gc,task     ] GC(85) Using 3 workers of 13 for evacuation
[2026-03-19T11:22:41.390+0800][50.042s][info][gc,phases   ] GC(85)   Pre Evacuate Collection Set: 0.4ms
[2026-03-19T11:22:41.390+0800][50.042s][info][gc,phases   ] GC(85)   Merge Heap Roots: 0.3ms
[2026-03-19T11:22:41.390+0800][50.042s][info][gc,phases   ] GC(85)   Evacuate Collection Set: 1.1ms
[2026-03-19T11:22:41.391+0800][50.042s][info][gc,phases   ] GC(85)   Post Evacuate Collection Set: 0.9ms
[2026-03-19T11:22:41.391+0800][50.042s][info][gc,phases   ] GC(85)   Other: 0.5ms
[2026-03-19T11:22:41.391+0800][50.042s][info][gc,heap     ] GC(85) Eden regions: 13->0(74)
[2026-03-19T11:22:41.391+0800][50.042s][info][gc,heap     ] GC(85) Survivor regions: 2->2(10)
[2026-03-19T11:22:41.391+0800][50.042s][info][gc,heap     ] GC(85) Old regions: 18->18
[2026-03-19T11:22:41.391+0800][50.042s][info][gc,heap     ] GC(85) Archive regions: 0->0
[2026-03-19T11:22:41.391+0800][50.042s][info][gc,heap     ] GC(85) Humongous regions: 39->9
[2026-03-19T11:22:41.391+0800][50.043s][info][gc,metaspace] GC(85) Metaspace: 22111K(22400K)->22111K(22400K) NonClass: 19533K(19648K)->19533K(19648K) Class: 2577K(2752K)->2577K(2752K)
[2026-03-19T11:22:41.391+0800][50.043s][info][gc          ] GC(85) Pause Young (Concurrent Start) (G1 Humongous Allocation) 71M->28M(128M) 4.041ms
[2026-03-19T11:22:41.391+0800][50.043s][info][gc,cpu      ] GC(85) User=0.00s Sys=0.00s Real=0.00s
[2026-03-19T11:22:41.391+0800][50.043s][info][gc          ] GC(86) Concurrent Undo Cycle
[2026-03-19T11:22:41.392+0800][50.043s][info][gc,marking  ] GC(86) Concurrent Cleanup for Next Mark
[2026-03-19T11:22:41.392+0800][50.044s][info][gc,marking  ] GC(86) Concurrent Cleanup for Next Mark 0.425ms
[2026-03-19T11:22:41.392+0800][50.044s][info][gc          ] GC(86) Concurrent Undo Cycle 0.768ms
[2026-03-19T11:22:42.341+0800][50.992s][info][gc,start    ] GC(87) Pause Young (Concurrent Start) (G1 Humongous Allocation)
[2026-03-19T11:22:42.341+0800][50.993s][info][gc,task     ] GC(87) Using 3 workers of 13 for evacuation
[2026-03-19T11:22:42.344+0800][50.995s][info][gc,phases   ] GC(87)   Pre Evacuate Collection Set: 0.3ms
[2026-03-19T11:22:42.344+0800][50.995s][info][gc,phases   ] GC(87)   Merge Heap Roots: 0.2ms
[2026-03-19T11:22:42.344+0800][50.996s][info][gc,phases   ] GC(87)   Evacuate Collection Set: 0.9ms
[2026-03-19T11:22:42.344+0800][50.996s][info][gc,phases   ] GC(87)   Post Evacuate Collection Set: 0.9ms
[2026-03-19T11:22:42.344+0800][50.996s][info][gc,phases   ] GC(87)   Other: 0.5ms
[2026-03-19T11:22:42.344+0800][50.996s][info][gc,heap     ] GC(87) Eden regions: 13->0(74)
[2026-03-19T11:22:42.344+0800][50.996s][info][gc,heap     ] GC(87) Survivor regions: 2->2(10)
[2026-03-19T11:22:42.344+0800][50.996s][info][gc,heap     ] GC(87) Old regions: 18->18
[2026-03-19T11:22:42.344+0800][50.996s][info][gc,heap     ] GC(87) Archive regions: 0->0
[2026-03-19T11:22:42.344+0800][50.996s][info][gc,heap     ] GC(87) Humongous regions: 39->9
[2026-03-19T11:22:42.344+0800][50.996s][info][gc,metaspace] GC(87) Metaspace: 22116K(22400K)->22116K(22400K) NonClass: 19539K(19648K)->19539K(19648K) Class: 2577K(2752K)->2577K(2752K)
[2026-03-19T11:22:42.344+0800][50.996s][info][gc          ] GC(87) Pause Young (Concurrent Start) (G1 Humongous Allocation) 71M->28M(128M) 3.847ms
[2026-03-19T11:22:42.344+0800][50.996s][info][gc,cpu      ] GC(87) User=0.00s Sys=0.00s Real=0.00s
[2026-03-19T11:22:42.344+0800][50.996s][info][gc          ] GC(88) Concurrent Undo Cycle
[2026-03-19T11:22:42.346+0800][50.997s][info][gc,marking  ] GC(88) Concurrent Cleanup for Next Mark
[2026-03-19T11:22:42.346+0800][50.997s][info][gc,marking  ] GC(88) Concurrent Cleanup for Next Mark 0.548ms
[2026-03-19T11:22:42.346+0800][50.998s][info][gc          ] GC(88) Concurrent Undo Cycle 1.033ms
[2026-03-19T11:22:43.291+0800][51.943s][info][gc,start    ] GC(89) Pause Young (Concurrent Start) (G1 Humongous Allocation)
[2026-03-19T11:22:43.291+0800][51.943s][info][gc,task     ] GC(89) Using 3 workers of 13 for evacuation
[2026-03-19T11:22:43.294+0800][51.945s][info][gc,phases   ] GC(89)   Pre Evacuate Collection Set: 0.3ms
[2026-03-19T11:22:43.294+0800][51.946s][info][gc,phases   ] GC(89)   Merge Heap Roots: 0.2ms
[2026-03-19T11:22:43.294+0800][51.946s][info][gc,phases   ] GC(89)   Evacuate Collection Set: 0.8ms
[2026-03-19T11:22:43.294+0800][51.946s][info][gc,phases   ] GC(89)   Post Evacuate Collection Set: 0.8ms
[2026-03-19T11:22:43.294+0800][51.946s][info][gc,phases   ] GC(89)   Other: 0.5ms
[2026-03-19T11:22:43.294+0800][51.946s][info][gc,heap     ] GC(89) Eden regions: 13->0(74)
[2026-03-19T11:22:43.294+0800][51.946s][info][gc,heap     ] GC(89) Survivor regions: 2->2(10)
[2026-03-19T11:22:43.295+0800][51.946s][info][gc,heap     ] GC(89) Old regions: 18->18
[2026-03-19T11:22:43.295+0800][51.946s][info][gc,heap     ] GC(89) Archive regions: 0->0
[2026-03-19T11:22:43.295+0800][51.946s][info][gc,heap     ] GC(89) Humongous regions: 39->9
[2026-03-19T11:22:43.295+0800][51.946s][info][gc,metaspace] GC(89) Metaspace: 22122K(22400K)->22122K(22400K) NonClass: 19544K(19648K)->19544K(19648K) Class: 2577K(2752K)->2577K(2752K)
[2026-03-19T11:22:43.295+0800][51.946s][info][gc          ] GC(89) Pause Young (Concurrent Start) (G1 Humongous Allocation) 71M->28M(128M) 3.509ms
[2026-03-19T11:22:43.295+0800][51.946s][info][gc,cpu      ] GC(89) User=0.00s Sys=0.00s Real=0.00s
[2026-03-19T11:22:43.295+0800][51.947s][info][gc          ] GC(90) Concurrent Undo Cycle
[2026-03-19T11:22:43.295+0800][51.947s][info][gc,marking  ] GC(90) Concurrent Cleanup for Next Mark
[2026-03-19T11:22:43.295+0800][51.947s][info][gc,marking  ] GC(90) Concurrent Cleanup for Next Mark 0.490ms
[2026-03-19T11:22:43.295+0800][51.947s][info][gc          ] GC(90) Concurrent Undo Cycle 0.844ms
[2026-03-19T11:22:44.242+0800][52.894s][info][gc,start    ] GC(91) Pause Young (Concurrent Start) (G1 Humongous Allocation)
[2026-03-19T11:22:44.242+0800][52.895s][info][gc,task     ] GC(91) Using 3 workers of 13 for evacuation
[2026-03-19T11:22:44.245+0800][52.897s][info][gc,phases   ] GC(91)   Pre Evacuate Collection Set: 0.2ms
[2026-03-19T11:22:44.245+0800][52.897s][info][gc,phases   ] GC(91)   Merge Heap Roots: 0.2ms
[2026-03-19T11:22:44.245+0800][52.897s][info][gc,phases   ] GC(91)   Evacuate Collection Set: 0.9ms
[2026-03-19T11:22:44.245+0800][52.897s][info][gc,phases   ] GC(91)   Post Evacuate Collection Set: 0.9ms
[2026-03-19T11:22:44.245+0800][52.897s][info][gc,phases   ] GC(91)   Other: 0.5ms
[2026-03-19T11:22:44.245+0800][52.897s][info][gc,heap     ] GC(91) Eden regions: 13->0(74)
[2026-03-19T11:22:44.246+0800][52.897s][info][gc,heap     ] GC(91) Survivor regions: 2->2(10)
[2026-03-19T11:22:44.246+0800][52.898s][info][gc,heap     ] GC(91) Old regions: 18->18
[2026-03-19T11:22:44.246+0800][52.898s][info][gc,heap     ] GC(91) Archive regions: 0->0
[2026-03-19T11:22:44.246+0800][52.898s][info][gc,heap     ] GC(91) Humongous regions: 39->9
[2026-03-19T11:22:44.246+0800][52.898s][info][gc,metaspace] GC(91) Metaspace: 22124K(22400K)->22124K(22400K) NonClass: 19546K(19648K)->19546K(19648K) Class: 2577K(2752K)->2577K(2752K)
[2026-03-19T11:22:44.246+0800][52.898s][info][gc          ] GC(91) Pause Young (Concurrent Start) (G1 Humongous Allocation) 71M->28M(128M) 3.518ms
[2026-03-19T11:22:44.246+0800][52.898s][info][gc,cpu      ] GC(91) User=0.00s Sys=0.00s Real=0.00s
[2026-03-19T11:22:44.246+0800][52.898s][info][gc          ] GC(92) Concurrent Undo Cycle
[2026-03-19T11:22:44.246+0800][52.898s][info][gc,marking  ] GC(92) Concurrent Cleanup for Next Mark
[2026-03-19T11:22:44.246+0800][52.899s][info][gc,marking  ] GC(92) Concurrent Cleanup for Next Mark 0.466ms
[2026-03-19T11:22:44.248+0800][52.899s][info][gc          ] GC(92) Concurrent Undo Cycle 0.799ms
[2026-03-19T11:22:45.181+0800][53.832s][info][gc,start    ] GC(93) Pause Young (Concurrent Start) (G1 Humongous Allocation)
[2026-03-19T11:22:45.181+0800][53.832s][info][gc,task     ] GC(93) Using 3 workers of 13 for evacuation
[2026-03-19T11:22:45.184+0800][53.835s][info][gc,phases   ] GC(93)   Pre Evacuate Collection Set: 0.2ms
[2026-03-19T11:22:45.184+0800][53.835s][info][gc,phases   ] GC(93)   Merge Heap Roots: 0.2ms
[2026-03-19T11:22:45.184+0800][53.835s][info][gc,phases   ] GC(93)   Evacuate Collection Set: 0.9ms
[2026-03-19T11:22:45.184+0800][53.835s][info][gc,phases   ] GC(93)   Post Evacuate Collection Set: 0.9ms
[2026-03-19T11:22:45.184+0800][53.835s][info][gc,phases   ] GC(93)   Other: 0.4ms
[2026-03-19T11:22:45.184+0800][53.835s][info][gc,heap     ] GC(93) Eden regions: 13->0(74)
[2026-03-19T11:22:45.184+0800][53.835s][info][gc,heap     ] GC(93) Survivor regions: 2->2(10)
[2026-03-19T11:22:45.184+0800][53.835s][info][gc,heap     ] GC(93) Old regions: 18->18
[2026-03-19T11:22:45.184+0800][53.836s][info][gc,heap     ] GC(93) Archive regions: 0->0
[2026-03-19T11:22:45.184+0800][53.836s][info][gc,heap     ] GC(93) Humongous regions: 39->9
[2026-03-19T11:22:45.185+0800][53.836s][info][gc,metaspace] GC(93) Metaspace: 22124K(22400K)->22124K(22400K) NonClass: 19547K(19648K)->19547K(19648K) Class: 2577K(2752K)->2577K(2752K)
[2026-03-19T11:22:45.185+0800][53.836s][info][gc          ] GC(93) Pause Young (Concurrent Start) (G1 Humongous Allocation) 71M->28M(128M) 3.857ms
[2026-03-19T11:22:45.185+0800][53.836s][info][gc,cpu      ] GC(93) User=0.00s Sys=0.00s Real=0.00s
[2026-03-19T11:22:45.185+0800][53.836s][info][gc          ] GC(94) Concurrent Undo Cycle
[2026-03-19T11:22:45.185+0800][53.836s][info][gc,marking  ] GC(94) Concurrent Cleanup for Next Mark
[2026-03-19T11:22:45.186+0800][53.837s][info][gc,marking  ] GC(94) Concurrent Cleanup for Next Mark 0.479ms
[2026-03-19T11:22:45.186+0800][53.837s][info][gc          ] GC(94) Concurrent Undo Cycle 0.880ms
[2026-03-19T11:22:46.129+0800][54.780s][info][gc,start    ] GC(95) Pause Young (Concurrent Start) (G1 Humongous Allocation)
[2026-03-19T11:22:46.129+0800][54.780s][info][gc,task     ] GC(95) Using 3 workers of 13 for evacuation
[2026-03-19T11:22:46.132+0800][54.783s][info][gc,phases   ] GC(95)   Pre Evacuate Collection Set: 0.5ms
[2026-03-19T11:22:46.132+0800][54.783s][info][gc,phases   ] GC(95)   Merge Heap Roots: 0.3ms
[2026-03-19T11:22:46.132+0800][54.783s][info][gc,phases   ] GC(95)   Evacuate Collection Set: 0.9ms
[2026-03-19T11:22:46.132+0800][54.783s][info][gc,phases   ] GC(95)   Post Evacuate Collection Set: 0.7ms
[2026-03-19T11:22:46.132+0800][54.783s][info][gc,phases   ] GC(95)   Other: 0.5ms
[2026-03-19T11:22:46.132+0800][54.784s][info][gc,heap     ] GC(95) Eden regions: 13->0(74)
[2026-03-19T11:22:46.132+0800][54.784s][info][gc,heap     ] GC(95) Survivor regions: 2->2(10)
[2026-03-19T11:22:46.132+0800][54.784s][info][gc,heap     ] GC(95) Old regions: 18->18
[2026-03-19T11:22:46.132+0800][54.784s][info][gc,heap     ] GC(95) Archive regions: 0->0
[2026-03-19T11:22:46.132+0800][54.784s][info][gc,heap     ] GC(95) Humongous regions: 39->9
[2026-03-19T11:22:46.132+0800][54.784s][info][gc,metaspace] GC(95) Metaspace: 22129K(22400K)->22129K(22400K) NonClass: 19551K(19648K)->19551K(19648K) Class: 2577K(2752K)->2577K(2752K)
[2026-03-19T11:22:46.133+0800][54.784s][info][gc          ] GC(95) Pause Young (Concurrent Start) (G1 Humongous Allocation) 71M->28M(128M) 4.094ms
[2026-03-19T11:22:46.133+0800][54.784s][info][gc,cpu      ] GC(95) User=0.05s Sys=0.00s Real=0.00s
[2026-03-19T11:22:46.133+0800][54.784s][info][gc          ] GC(96) Concurrent Undo Cycle
[2026-03-19T11:22:46.133+0800][54.784s][info][gc,marking  ] GC(96) Concurrent Cleanup for Next Mark
[2026-03-19T11:22:46.134+0800][54.785s][info][gc,marking  ] GC(96) Concurrent Cleanup for Next Mark 0.712ms
[2026-03-19T11:22:46.134+0800][54.785s][info][gc          ] GC(96) Concurrent Undo Cycle 1.032ms
[2026-03-19T11:22:47.084+0800][55.736s][info][gc,start    ] GC(97) Pause Young (Concurrent Start) (G1 Humongous Allocation)
[2026-03-19T11:22:47.085+0800][55.736s][info][gc,task     ] GC(97) Using 3 workers of 13 for evacuation
[2026-03-19T11:22:47.087+0800][55.738s][info][gc,phases   ] GC(97)   Pre Evacuate Collection Set: 0.2ms
[2026-03-19T11:22:47.087+0800][55.739s][info][gc,phases   ] GC(97)   Merge Heap Roots: 0.2ms
[2026-03-19T11:22:47.087+0800][55.739s][info][gc,phases   ] GC(97)   Evacuate Collection Set: 1.2ms
[2026-03-19T11:22:47.087+0800][55.739s][info][gc,phases   ] GC(97)   Post Evacuate Collection Set: 0.8ms
[2026-03-19T11:22:47.087+0800][55.739s][info][gc,phases   ] GC(97)   Other: 0.4ms
[2026-03-19T11:22:47.087+0800][55.739s][info][gc,heap     ] GC(97) Eden regions: 13->0(74)
[2026-03-19T11:22:47.088+0800][55.739s][info][gc,heap     ] GC(97) Survivor regions: 2->2(10)
[2026-03-19T11:22:47.088+0800][55.739s][info][gc,heap     ] GC(97) Old regions: 18->18
[2026-03-19T11:22:47.088+0800][55.739s][info][gc,heap     ] GC(97) Archive regions: 0->0
[2026-03-19T11:22:47.088+0800][55.740s][info][gc,heap     ] GC(97) Humongous regions: 39->9
[2026-03-19T11:22:47.088+0800][55.740s][info][gc,metaspace] GC(97) Metaspace: 22134K(22400K)->22134K(22400K) NonClass: 19556K(19648K)->19556K(19648K) Class: 2577K(2752K)->2577K(2752K)
[2026-03-19T11:22:47.088+0800][55.740s][info][gc          ] GC(97) Pause Young (Concurrent Start) (G1 Humongous Allocation) 71M->28M(128M) 4.058ms
[2026-03-19T11:22:47.088+0800][55.740s][info][gc,cpu      ] GC(97) User=0.00s Sys=0.00s Real=0.00s
[2026-03-19T11:22:47.088+0800][55.740s][info][gc          ] GC(98) Concurrent Undo Cycle
[2026-03-19T11:22:47.088+0800][55.740s][info][gc,marking  ] GC(98) Concurrent Cleanup for Next Mark
[2026-03-19T11:22:47.089+0800][55.740s][info][gc,marking  ] GC(98) Concurrent Cleanup for Next Mark 0.336ms
[2026-03-19T11:22:47.089+0800][55.741s][info][gc          ] GC(98) Concurrent Undo Cycle 0.532ms
[2026-03-19T11:22:48.018+0800][56.670s][info][gc,start    ] GC(99) Pause Young (Concurrent Start) (G1 Humongous Allocation)
[2026-03-19T11:22:48.019+0800][56.671s][info][gc,task     ] GC(99) Using 3 workers of 13 for evacuation
[2026-03-19T11:22:48.021+0800][56.673s][info][gc,phases   ] GC(99)   Pre Evacuate Collection Set: 0.3ms
[2026-03-19T11:22:48.021+0800][56.673s][info][gc,phases   ] GC(99)   Merge Heap Roots: 0.2ms
[2026-03-19T11:22:48.021+0800][56.673s][info][gc,phases   ] GC(99)   Evacuate Collection Set: 0.9ms
[2026-03-19T11:22:48.021+0800][56.673s][info][gc,phases   ] GC(99)   Post Evacuate Collection Set: 0.8ms
[2026-03-19T11:22:48.021+0800][56.673s][info][gc,phases   ] GC(99)   Other: 0.5ms
[2026-03-19T11:22:48.021+0800][56.673s][info][gc,heap     ] GC(99) Eden regions: 13->0(74)
[2026-03-19T11:22:48.021+0800][56.674s][info][gc,heap     ] GC(99) Survivor regions: 2->2(10)
[2026-03-19T11:22:48.021+0800][56.674s][info][gc,heap     ] GC(99) Old regions: 18->18
[2026-03-19T11:22:48.023+0800][56.674s][info][gc,heap     ] GC(99) Archive regions: 0->0
[2026-03-19T11:22:48.023+0800][56.674s][info][gc,heap     ] GC(99) Humongous regions: 39->9
[2026-03-19T11:22:48.023+0800][56.674s][info][gc,metaspace] GC(99) Metaspace: 22144K(22400K)->22144K(22400K) NonClass: 19566K(19648K)->19566K(19648K) Class: 2577K(2752K)->2577K(2752K)
[2026-03-19T11:22:48.023+0800][56.674s][info][gc          ] GC(99) Pause Young (Concurrent Start) (G1 Humongous Allocation) 71M->28M(128M) 3.570ms
[2026-03-19T11:22:48.023+0800][56.674s][info][gc,cpu      ] GC(99) User=0.00s Sys=0.05s Real=0.01s
[2026-03-19T11:22:48.023+0800][56.674s][info][gc          ] GC(100) Concurrent Undo Cycle
[2026-03-19T11:22:48.023+0800][56.674s][info][gc,marking  ] GC(100) Concurrent Cleanup for Next Mark
[2026-03-19T11:22:48.023+0800][56.675s][info][gc,marking  ] GC(100) Concurrent Cleanup for Next Mark 0.501ms
[2026-03-19T11:22:48.023+0800][56.675s][info][gc          ] GC(100) Concurrent Undo Cycle 0.863ms
[2026-03-19T11:22:48.955+0800][57.606s][info][gc,start    ] GC(101) Pause Young (Concurrent Start) (G1 Humongous Allocation)
[2026-03-19T11:22:48.955+0800][57.607s][info][gc,task     ] GC(101) Using 3 workers of 13 for evacuation
[2026-03-19T11:22:48.958+0800][57.609s][info][gc,phases   ] GC(101)   Pre Evacuate Collection Set: 0.1ms
[2026-03-19T11:22:48.958+0800][57.609s][info][gc,phases   ] GC(101)   Merge Heap Roots: 0.2ms
[2026-03-19T11:22:48.958+0800][57.609s][info][gc,phases   ] GC(101)   Evacuate Collection Set: 0.9ms
[2026-03-19T11:22:48.958+0800][57.609s][info][gc,phases   ] GC(101)   Post Evacuate Collection Set: 0.9ms
[2026-03-19T11:22:48.958+0800][57.609s][info][gc,phases   ] GC(101)   Other: 0.5ms
[2026-03-19T11:22:48.958+0800][57.609s][info][gc,heap     ] GC(101) Eden regions: 13->0(74)
[2026-03-19T11:22:48.958+0800][57.609s][info][gc,heap     ] GC(101) Survivor regions: 2->2(10)
[2026-03-19T11:22:48.958+0800][57.609s][info][gc,heap     ] GC(101) Old regions: 18->18
[2026-03-19T11:22:48.958+0800][57.610s][info][gc,heap     ] GC(101) Archive regions: 0->0
[2026-03-19T11:22:48.958+0800][57.610s][info][gc,heap     ] GC(101) Humongous regions: 39->9
[2026-03-19T11:22:48.958+0800][57.610s][info][gc,metaspace] GC(101) Metaspace: 22164K(22464K)->22164K(22464K) NonClass: 19587K(19712K)->19587K(19712K) Class: 2577K(2752K)->2577K(2752K)
[2026-03-19T11:22:48.958+0800][57.610s][info][gc          ] GC(101) Pause Young (Concurrent Start) (G1 Humongous Allocation) 71M->28M(128M) 3.387ms
[2026-03-19T11:22:48.958+0800][57.610s][info][gc,cpu      ] GC(101) User=0.00s Sys=0.00s Real=0.00s
[2026-03-19T11:22:48.959+0800][57.610s][info][gc          ] GC(102) Concurrent Undo Cycle
[2026-03-19T11:22:48.959+0800][57.610s][info][gc,marking  ] GC(102) Concurrent Cleanup for Next Mark
[2026-03-19T11:22:48.959+0800][57.611s][info][gc,marking  ] GC(102) Concurrent Cleanup for Next Mark 0.476ms
[2026-03-19T11:22:48.959+0800][57.611s][info][gc          ] GC(102) Concurrent Undo Cycle 0.813ms
[2026-03-19T11:22:49.896+0800][58.548s][info][gc,start    ] GC(103) Pause Young (Concurrent Start) (G1 Humongous Allocation)
[2026-03-19T11:22:49.896+0800][58.548s][info][gc,task     ] GC(103) Using 3 workers of 13 for evacuation
[2026-03-19T11:22:49.899+0800][58.550s][info][gc,phases   ] GC(103)   Pre Evacuate Collection Set: 0.2ms
[2026-03-19T11:22:49.899+0800][58.551s][info][gc,phases   ] GC(103)   Merge Heap Roots: 0.2ms
[2026-03-19T11:22:49.899+0800][58.551s][info][gc,phases   ] GC(103)   Evacuate Collection Set: 1.0ms
[2026-03-19T11:22:49.899+0800][58.551s][info][gc,phases   ] GC(103)   Post Evacuate Collection Set: 0.8ms
[2026-03-19T11:22:49.899+0800][58.551s][info][gc,phases   ] GC(103)   Other: 0.6ms
[2026-03-19T11:22:49.899+0800][58.551s][info][gc,heap     ] GC(103) Eden regions: 13->0(74)
[2026-03-19T11:22:49.899+0800][58.551s][info][gc,heap     ] GC(103) Survivor regions: 2->2(10)
[2026-03-19T11:22:49.899+0800][58.551s][info][gc,heap     ] GC(103) Old regions: 18->18
[2026-03-19T11:22:49.899+0800][58.551s][info][gc,heap     ] GC(103) Archive regions: 0->0
[2026-03-19T11:22:49.899+0800][58.551s][info][gc,heap     ] GC(103) Humongous regions: 39->9
[2026-03-19T11:22:49.899+0800][58.551s][info][gc,metaspace] GC(103) Metaspace: 22164K(22464K)->22164K(22464K) NonClass: 19587K(19712K)->19587K(19712K) Class: 2577K(2752K)->2577K(2752K)
[2026-03-19T11:22:49.899+0800][58.551s][info][gc          ] GC(103) Pause Young (Concurrent Start) (G1 Humongous Allocation) 71M->28M(128M) 3.608ms
[2026-03-19T11:22:49.900+0800][58.551s][info][gc,cpu      ] GC(103) User=0.00s Sys=0.00s Real=0.00s
[2026-03-19T11:22:49.900+0800][58.552s][info][gc          ] GC(104) Concurrent Undo Cycle
[2026-03-19T11:22:49.900+0800][58.552s][info][gc,marking  ] GC(104) Concurrent Cleanup for Next Mark
[2026-03-19T11:22:49.900+0800][58.552s][info][gc,marking  ] GC(104) Concurrent Cleanup for Next Mark 0.429ms
[2026-03-19T11:22:49.900+0800][58.552s][info][gc          ] GC(104) Concurrent Undo Cycle 0.743ms
[2026-03-19T11:22:50.828+0800][59.480s][info][gc,start    ] GC(105) Pause Young (Concurrent Start) (G1 Humongous Allocation)
[2026-03-19T11:22:50.828+0800][59.480s][info][gc,task     ] GC(105) Using 3 workers of 13 for evacuation
[2026-03-19T11:22:50.830+0800][59.481s][info][gc,phases   ] GC(105)   Pre Evacuate Collection Set: 0.1ms
[2026-03-19T11:22:50.830+0800][59.481s][info][gc,phases   ] GC(105)   Merge Heap Roots: 0.1ms
[2026-03-19T11:22:50.830+0800][59.481s][info][gc,phases   ] GC(105)   Evacuate Collection Set: 0.7ms
[2026-03-19T11:22:50.830+0800][59.481s][info][gc,phases   ] GC(105)   Post Evacuate Collection Set: 0.5ms
[2026-03-19T11:22:50.830+0800][59.482s][info][gc,phases   ] GC(105)   Other: 0.4ms
[2026-03-19T11:22:50.830+0800][59.482s][info][gc,heap     ] GC(105) Eden regions: 13->0(74)
[2026-03-19T11:22:50.830+0800][59.482s][info][gc,heap     ] GC(105) Survivor regions: 2->2(10)
[2026-03-19T11:22:50.830+0800][59.482s][info][gc,heap     ] GC(105) Old regions: 18->18
[2026-03-19T11:22:50.830+0800][59.482s][info][gc,heap     ] GC(105) Archive regions: 0->0
[2026-03-19T11:22:50.830+0800][59.482s][info][gc,heap     ] GC(105) Humongous regions: 39->9
[2026-03-19T11:22:50.830+0800][59.482s][info][gc,metaspace] GC(105) Metaspace: 22164K(22464K)->22164K(22464K) NonClass: 19587K(19712K)->19587K(19712K) Class: 2577K(2752K)->2577K(2752K)
[2026-03-19T11:22:50.830+0800][59.482s][info][gc          ] GC(105) Pause Young (Concurrent Start) (G1 Humongous Allocation) 70M->28M(128M) 2.445ms
[2026-03-19T11:22:50.830+0800][59.482s][info][gc,cpu      ] GC(105) User=0.00s Sys=0.00s Real=0.00s
[2026-03-19T11:22:50.831+0800][59.482s][info][gc          ] GC(106) Concurrent Undo Cycle
[2026-03-19T11:22:50.831+0800][59.482s][info][gc,marking  ] GC(106) Concurrent Cleanup for Next Mark
[2026-03-19T11:22:50.831+0800][59.483s][info][gc,marking  ] GC(106) Concurrent Cleanup for Next Mark 0.391ms
[2026-03-19T11:22:50.831+0800][59.483s][info][gc          ] GC(106) Concurrent Undo Cycle 0.680ms
[2026-03-19T11:22:51.765+0800][60.416s][info][gc,start    ] GC(107) Pause Young (Concurrent Start) (G1 Humongous Allocation)
[2026-03-19T11:22:51.765+0800][60.416s][info][gc,task     ] GC(107) Using 3 workers of 13 for evacuation
[2026-03-19T11:22:51.768+0800][60.419s][info][gc,phases   ] GC(107)   Pre Evacuate Collection Set: 0.3ms
[2026-03-19T11:22:51.768+0800][60.419s][info][gc,phases   ] GC(107)   Merge Heap Roots: 0.2ms
[2026-03-19T11:22:51.768+0800][60.419s][info][gc,phases   ] GC(107)   Evacuate Collection Set: 0.9ms
[2026-03-19T11:22:51.768+0800][60.419s][info][gc,phases   ] GC(107)   Post Evacuate Collection Set: 1.0ms
[2026-03-19T11:22:51.768+0800][60.419s][info][gc,phases   ] GC(107)   Other: 0.5ms
[2026-03-19T11:22:51.768+0800][60.420s][info][gc,heap     ] GC(107) Eden regions: 13->0(74)
[2026-03-19T11:22:51.768+0800][60.420s][info][gc,heap     ] GC(107) Survivor regions: 2->2(10)
[2026-03-19T11:22:51.769+0800][60.420s][info][gc,heap     ] GC(107) Old regions: 18->18
[2026-03-19T11:22:51.769+0800][60.420s][info][gc,heap     ] GC(107) Archive regions: 0->0
[2026-03-19T11:22:51.769+0800][60.420s][info][gc,heap     ] GC(107) Humongous regions: 39->9
[2026-03-19T11:22:51.769+0800][60.420s][info][gc,metaspace] GC(107) Metaspace: 22164K(22464K)->22164K(22464K) NonClass: 19587K(19712K)->19587K(19712K) Class: 2577K(2752K)->2577K(2752K)
[2026-03-19T11:22:51.769+0800][60.420s][info][gc          ] GC(107) Pause Young (Concurrent Start) (G1 Humongous Allocation) 71M->28M(128M) 3.893ms
[2026-03-19T11:22:51.769+0800][60.420s][info][gc,cpu      ] GC(107) User=0.00s Sys=0.00s Real=0.00s
[2026-03-19T11:22:51.769+0800][60.420s][info][gc          ] GC(108) Concurrent Undo Cycle
[2026-03-19T11:22:51.769+0800][60.420s][info][gc,marking  ] GC(108) Concurrent Cleanup for Next Mark
[2026-03-19T11:22:51.770+0800][60.421s][info][gc,marking  ] GC(108) Concurrent Cleanup for Next Mark 0.495ms
[2026-03-19T11:22:51.770+0800][60.421s][info][gc          ] GC(108) Concurrent Undo Cycle 0.849ms
[2026-03-19T11:22:52.703+0800][61.354s][info][gc,start    ] GC(109) Pause Young (Concurrent Start) (G1 Humongous Allocation)
[2026-03-19T11:22:52.703+0800][61.354s][info][gc,task     ] GC(109) Using 3 workers of 13 for evacuation
[2026-03-19T11:22:52.705+0800][61.356s][info][gc,phases   ] GC(109)   Pre Evacuate Collection Set: 0.2ms
[2026-03-19T11:22:52.705+0800][61.356s][info][gc,phases   ] GC(109)   Merge Heap Roots: 0.2ms
[2026-03-19T11:22:52.705+0800][61.356s][info][gc,phases   ] GC(109)   Evacuate Collection Set: 0.7ms
[2026-03-19T11:22:52.705+0800][61.357s][info][gc,phases   ] GC(109)   Post Evacuate Collection Set: 0.7ms
[2026-03-19T11:22:52.705+0800][61.357s][info][gc,phases   ] GC(109)   Other: 0.3ms
[2026-03-19T11:22:52.706+0800][61.357s][info][gc,heap     ] GC(109) Eden regions: 13->0(74)
[2026-03-19T11:22:52.706+0800][61.357s][info][gc,heap     ] GC(109) Survivor regions: 2->2(10)
[2026-03-19T11:22:52.706+0800][61.357s][info][gc,heap     ] GC(109) Old regions: 18->18
[2026-03-19T11:22:52.706+0800][61.357s][info][gc,heap     ] GC(109) Archive regions: 0->0
[2026-03-19T11:22:52.706+0800][61.357s][info][gc,heap     ] GC(109) Humongous regions: 39->9
[2026-03-19T11:22:52.706+0800][61.357s][info][gc,metaspace] GC(109) Metaspace: 22166K(22528K)->22166K(22528K) NonClass: 19588K(19776K)->19588K(19776K) Class: 2577K(2752K)->2577K(2752K)
[2026-03-19T11:22:52.706+0800][61.357s][info][gc          ] GC(109) Pause Young (Concurrent Start) (G1 Humongous Allocation) 71M->28M(128M) 3.082ms
[2026-03-19T11:22:52.706+0800][61.357s][info][gc,cpu      ] GC(109) User=0.00s Sys=0.00s Real=0.00s
[2026-03-19T11:22:52.706+0800][61.357s][info][gc          ] GC(110) Concurrent Undo Cycle
[2026-03-19T11:22:52.707+0800][61.358s][info][gc,marking  ] GC(110) Concurrent Cleanup for Next Mark
[2026-03-19T11:22:52.707+0800][61.358s][info][gc,marking  ] GC(110) Concurrent Cleanup for Next Mark 0.469ms
[2026-03-19T11:22:52.707+0800][61.358s][info][gc          ] GC(110) Concurrent Undo Cycle 0.790ms
[2026-03-19T11:22:53.641+0800][62.293s][info][gc,start    ] GC(111) Pause Young (Concurrent Start) (G1 Humongous Allocation)
[2026-03-19T11:22:53.642+0800][62.293s][info][gc,task     ] GC(111) Using 3 workers of 13 for evacuation
[2026-03-19T11:22:53.644+0800][62.295s][info][gc,phases   ] GC(111)   Pre Evacuate Collection Set: 0.4ms
[2026-03-19T11:22:53.644+0800][62.295s][info][gc,phases   ] GC(111)   Merge Heap Roots: 0.3ms
[2026-03-19T11:22:53.644+0800][62.295s][info][gc,phases   ] GC(111)   Evacuate Collection Set: 0.6ms
[2026-03-19T11:22:53.644+0800][62.295s][info][gc,phases   ] GC(111)   Post Evacuate Collection Set: 0.7ms
[2026-03-19T11:22:53.644+0800][62.296s][info][gc,phases   ] GC(111)   Other: 0.3ms
[2026-03-19T11:22:53.644+0800][62.296s][info][gc,heap     ] GC(111) Eden regions: 13->0(74)
[2026-03-19T11:22:53.644+0800][62.296s][info][gc,heap     ] GC(111) Survivor regions: 2->2(10)
[2026-03-19T11:22:53.644+0800][62.296s][info][gc,heap     ] GC(111) Old regions: 18->19
[2026-03-19T11:22:53.644+0800][62.296s][info][gc,heap     ] GC(111) Archive regions: 0->0
[2026-03-19T11:22:53.644+0800][62.296s][info][gc,heap     ] GC(111) Humongous regions: 39->9
[2026-03-19T11:22:53.645+0800][62.296s][info][gc,metaspace] GC(111) Metaspace: 22191K(22528K)->22191K(22528K) NonClass: 19613K(19776K)->19613K(19776K) Class: 2577K(2752K)->2577K(2752K)
[2026-03-19T11:22:53.645+0800][62.296s][info][gc          ] GC(111) Pause Young (Concurrent Start) (G1 Humongous Allocation) 71M->28M(128M) 2.935ms
[2026-03-19T11:22:53.645+0800][62.296s][info][gc,cpu      ] GC(111) User=0.00s Sys=0.00s Real=0.00s
[2026-03-19T11:22:53.645+0800][62.296s][info][gc          ] GC(112) Concurrent Undo Cycle
[2026-03-19T11:22:53.645+0800][62.296s][info][gc,marking  ] GC(112) Concurrent Cleanup for Next Mark
[2026-03-19T11:22:53.645+0800][62.297s][info][gc,marking  ] GC(112) Concurrent Cleanup for Next Mark 0.344ms
[2026-03-19T11:22:53.645+0800][62.297s][info][gc          ] GC(112) Concurrent Undo Cycle 0.586ms
[2026-03-19T11:22:54.579+0800][63.230s][info][gc,start    ] GC(113) Pause Young (Concurrent Start) (G1 Humongous Allocation)
[2026-03-19T11:22:54.579+0800][63.230s][info][gc,task     ] GC(113) Using 3 workers of 13 for evacuation
[2026-03-19T11:22:54.581+0800][63.232s][info][gc,phases   ] GC(113)   Pre Evacuate Collection Set: 0.3ms
[2026-03-19T11:22:54.581+0800][63.232s][info][gc,phases   ] GC(113)   Merge Heap Roots: 0.2ms
[2026-03-19T11:22:54.581+0800][63.232s][info][gc,phases   ] GC(113)   Evacuate Collection Set: 0.8ms
[2026-03-19T11:22:54.581+0800][63.233s][info][gc,phases   ] GC(113)   Post Evacuate Collection Set: 0.7ms
[2026-03-19T11:22:54.581+0800][63.233s][info][gc,phases   ] GC(113)   Other: 0.4ms
[2026-03-19T11:22:54.581+0800][63.233s][info][gc,heap     ] GC(113) Eden regions: 13->0(74)
[2026-03-19T11:22:54.581+0800][63.233s][info][gc,heap     ] GC(113) Survivor regions: 2->2(10)
[2026-03-19T11:22:54.582+0800][63.233s][info][gc,heap     ] GC(113) Old regions: 19->19
[2026-03-19T11:22:54.582+0800][63.233s][info][gc,heap     ] GC(113) Archive regions: 0->0
[2026-03-19T11:22:54.582+0800][63.233s][info][gc,heap     ] GC(113) Humongous regions: 39->9
[2026-03-19T11:22:54.582+0800][63.233s][info][gc,metaspace] GC(113) Metaspace: 22191K(22528K)->22191K(22528K) NonClass: 19613K(19776K)->19613K(19776K) Class: 2577K(2752K)->2577K(2752K)
[2026-03-19T11:22:54.582+0800][63.233s][info][gc          ] GC(113) Pause Young (Concurrent Start) (G1 Humongous Allocation) 71M->28M(128M) 3.172ms
[2026-03-19T11:22:54.582+0800][63.233s][info][gc,cpu      ] GC(113) User=0.00s Sys=0.00s Real=0.00s
[2026-03-19T11:22:54.582+0800][63.233s][info][gc          ] GC(114) Concurrent Undo Cycle
[2026-03-19T11:22:54.582+0800][63.234s][info][gc,marking  ] GC(114) Concurrent Cleanup for Next Mark
[2026-03-19T11:22:54.583+0800][63.234s][info][gc,marking  ] GC(114) Concurrent Cleanup for Next Mark 0.522ms
[2026-03-19T11:22:54.583+0800][63.234s][info][gc          ] GC(114) Concurrent Undo Cycle 1.079ms
[2026-03-19T11:22:55.595+0800][64.246s][info][gc,start    ] GC(115) Pause Young (Concurrent Start) (G1 Humongous Allocation)
[2026-03-19T11:22:55.595+0800][64.246s][info][gc,task     ] GC(115) Using 3 workers of 13 for evacuation
[2026-03-19T11:22:55.597+0800][64.249s][info][gc,phases   ] GC(115)   Pre Evacuate Collection Set: 0.1ms
[2026-03-19T11:22:55.597+0800][64.249s][info][gc,phases   ] GC(115)   Merge Heap Roots: 0.1ms
[2026-03-19T11:22:55.597+0800][64.249s][info][gc,phases   ] GC(115)   Evacuate Collection Set: 2.3ms
[2026-03-19T11:22:55.597+0800][64.249s][info][gc,phases   ] GC(115)   Post Evacuate Collection Set: 0.4ms
[2026-03-19T11:22:55.598+0800][64.250s][info][gc,phases   ] GC(115)   Other: 0.4ms
[2026-03-19T11:22:55.598+0800][64.250s][info][gc,heap     ] GC(115) Eden regions: 30->0(73)
[2026-03-19T11:22:55.598+0800][64.250s][info][gc,heap     ] GC(115) Survivor regions: 2->3(10)
[2026-03-19T11:22:55.598+0800][64.250s][info][gc,heap     ] GC(115) Old regions: 19->19
[2026-03-19T11:22:55.598+0800][64.250s][info][gc,heap     ] GC(115) Archive regions: 0->0
[2026-03-19T11:22:55.598+0800][64.250s][info][gc,heap     ] GC(115) Humongous regions: 39->9
[2026-03-19T11:22:55.598+0800][64.250s][info][gc,metaspace] GC(115) Metaspace: 24203K(24512K)->24203K(24512K) NonClass: 21416K(21568K)->21416K(21568K) Class: 2786K(2944K)->2786K(2944K)
[2026-03-19T11:22:55.598+0800][64.250s][info][gc          ] GC(115) Pause Young (Concurrent Start) (G1 Humongous Allocation) 88M->29M(128M) 4.169ms
[2026-03-19T11:22:55.598+0800][64.250s][info][gc,cpu      ] GC(115) User=0.00s Sys=0.00s Real=0.00s
[2026-03-19T11:22:55.598+0800][64.250s][info][gc          ] GC(116) Concurrent Undo Cycle
[2026-03-19T11:22:55.598+0800][64.250s][info][gc,marking  ] GC(116) Concurrent Cleanup for Next Mark
[2026-03-19T11:22:55.599+0800][64.251s][info][gc,marking  ] GC(116) Concurrent Cleanup for Next Mark 0.382ms
[2026-03-19T11:22:55.599+0800][64.251s][info][gc          ] GC(116) Concurrent Undo Cycle 0.697ms
[2026-03-19T11:22:56.627+0800][65.279s][info][gc,start    ] GC(117) Pause Young (Concurrent Start) (G1 Humongous Allocation)
[2026-03-19T11:22:56.627+0800][65.279s][info][gc,task     ] GC(117) Using 3 workers of 13 for evacuation
[2026-03-19T11:22:56.631+0800][65.283s][info][gc,phases   ] GC(117)   Pre Evacuate Collection Set: 0.2ms
[2026-03-19T11:22:56.631+0800][65.283s][info][gc,phases   ] GC(117)   Merge Heap Roots: 0.2ms
[2026-03-19T11:22:56.631+0800][65.283s][info][gc,phases   ] GC(117)   Evacuate Collection Set: 2.2ms
[2026-03-19T11:22:56.631+0800][65.283s][info][gc,phases   ] GC(117)   Post Evacuate Collection Set: 0.8ms
[2026-03-19T11:22:56.631+0800][65.283s][info][gc,phases   ] GC(117)   Other: 0.4ms
[2026-03-19T11:22:56.631+0800][65.283s][info][gc,heap     ] GC(117) Eden regions: 15->0(46)
[2026-03-19T11:22:56.631+0800][65.283s][info][gc,heap     ] GC(117) Survivor regions: 3->4(10)
[2026-03-19T11:22:56.631+0800][65.283s][info][gc,heap     ] GC(117) Old regions: 19->19
[2026-03-19T11:22:56.631+0800][65.283s][info][gc,heap     ] GC(117) Archive regions: 0->0
[2026-03-19T11:22:56.631+0800][65.283s][info][gc,heap     ] GC(117) Humongous regions: 39->36
[2026-03-19T11:22:56.631+0800][65.283s][info][gc,metaspace] GC(117) Metaspace: 24342K(24640K)->24342K(24640K) NonClass: 21539K(21696K)->21539K(21696K) Class: 2803K(2944K)->2803K(2944K)
[2026-03-19T11:22:56.631+0800][65.283s][info][gc          ] GC(117) Pause Young (Concurrent Start) (G1 Humongous Allocation) 74M->57M(128M) 4.399ms
[2026-03-19T11:22:56.632+0800][65.284s][info][gc,cpu      ] GC(117) User=0.05s Sys=0.02s Real=0.00s
[2026-03-19T11:22:56.632+0800][65.284s][info][gc          ] GC(118) Concurrent Undo Cycle
[2026-03-19T11:22:56.632+0800][65.284s][info][gc,marking  ] GC(118) Concurrent Cleanup for Next Mark
[2026-03-19T11:22:56.632+0800][65.284s][info][gc,marking  ] GC(118) Concurrent Cleanup for Next Mark 0.381ms
[2026-03-19T11:22:56.632+0800][65.284s][info][gc          ] GC(118) Concurrent Undo Cycle 0.650ms
[2026-03-19T11:22:56.634+0800][65.286s][info][gc,start    ] GC(119) Pause Young (Concurrent Start) (G1 Humongous Allocation)
[2026-03-19T11:22:56.634+0800][65.286s][info][gc,task     ] GC(119) Using 3 workers of 13 for evacuation
[2026-03-19T11:22:56.638+0800][65.290s][info][gc,phases   ] GC(119)   Pre Evacuate Collection Set: 0.1ms
[2026-03-19T11:22:56.638+0800][65.290s][info][gc,phases   ] GC(119)   Merge Heap Roots: 0.1ms
[2026-03-19T11:22:56.639+0800][65.290s][info][gc,phases   ] GC(119)   Evacuate Collection Set: 2.7ms
[2026-03-19T11:22:56.639+0800][65.290s][info][gc,phases   ] GC(119)   Post Evacuate Collection Set: 0.8ms
[2026-03-19T11:22:56.639+0800][65.290s][info][gc,phases   ] GC(119)   Other: 0.4ms
[2026-03-19T11:22:56.639+0800][65.290s][info][gc,heap     ] GC(119) Eden regions: 1->0(47)
[2026-03-19T11:22:56.639+0800][65.290s][info][gc,heap     ] GC(119) Survivor regions: 4->3(7)
[2026-03-19T11:22:56.639+0800][65.290s][info][gc,heap     ] GC(119) Old regions: 19->19
[2026-03-19T11:22:56.639+0800][65.291s][info][gc,heap     ] GC(119) Archive regions: 0->0
[2026-03-19T11:22:56.639+0800][65.291s][info][gc,heap     ] GC(119) Humongous regions: 37->37
[2026-03-19T11:22:56.639+0800][65.291s][info][gc,metaspace] GC(119) Metaspace: 24342K(24640K)->24342K(24640K) NonClass: 21539K(21696K)->21539K(21696K) Class: 2803K(2944K)->2803K(2944K)
[2026-03-19T11:22:56.639+0800][65.291s][info][gc          ] GC(119) Pause Young (Concurrent Start) (G1 Humongous Allocation) 58M->57M(128M) 5.217ms
[2026-03-19T11:22:56.639+0800][65.291s][info][gc,cpu      ] GC(119) User=0.00s Sys=0.00s Real=0.00s
[2026-03-19T11:22:56.639+0800][65.291s][info][gc          ] GC(120) Concurrent Undo Cycle
[2026-03-19T11:22:56.640+0800][65.291s][info][gc,marking  ] GC(120) Concurrent Cleanup for Next Mark
[2026-03-19T11:22:56.640+0800][65.292s][info][gc,marking  ] GC(120) Concurrent Cleanup for Next Mark 0.447ms
[2026-03-19T11:22:56.640+0800][65.292s][info][gc          ] GC(120) Concurrent Undo Cycle 0.748ms
[2026-03-19T11:22:56.640+0800][65.292s][info][gc,start    ] GC(121) Pause Young (Concurrent Start) (G1 Humongous Allocation)
[2026-03-19T11:22:56.641+0800][65.292s][info][gc,task     ] GC(121) Using 3 workers of 13 for evacuation
[2026-03-19T11:22:56.645+0800][65.297s][info][gc,phases   ] GC(121)   Pre Evacuate Collection Set: 0.1ms
[2026-03-19T11:22:56.645+0800][65.297s][info][gc,phases   ] GC(121)   Merge Heap Roots: 0.1ms
[2026-03-19T11:22:56.645+0800][65.297s][info][gc,phases   ] GC(121)   Evacuate Collection Set: 3.1ms
[2026-03-19T11:22:56.645+0800][65.297s][info][gc,phases   ] GC(121)   Post Evacuate Collection Set: 1.0ms
[2026-03-19T11:22:56.645+0800][65.297s][info][gc,phases   ] GC(121)   Other: 0.5ms
[2026-03-19T11:22:56.645+0800][65.297s][info][gc,heap     ] GC(121) Eden regions: 1->0(47)
[2026-03-19T11:22:56.645+0800][65.297s][info][gc,heap     ] GC(121) Survivor regions: 3->3(7)
[2026-03-19T11:22:56.645+0800][65.297s][info][gc,heap     ] GC(121) Old regions: 19->19
[2026-03-19T11:22:56.645+0800][65.297s][info][gc,heap     ] GC(121) Archive regions: 0->0
[2026-03-19T11:22:56.645+0800][65.297s][info][gc,heap     ] GC(121) Humongous regions: 39->39
[2026-03-19T11:22:56.645+0800][65.297s][info][gc,metaspace] GC(121) Metaspace: 24342K(24640K)->24342K(24640K) NonClass: 21539K(21696K)->21539K(21696K) Class: 2803K(2944K)->2803K(2944K)
[2026-03-19T11:22:56.645+0800][65.298s][info][gc          ] GC(121) Pause Young (Concurrent Start) (G1 Humongous Allocation) 60M->59M(128M) 5.633ms
[2026-03-19T11:22:56.645+0800][65.298s][info][gc,cpu      ] GC(121) User=0.00s Sys=0.02s Real=0.00s
[2026-03-19T11:22:56.647+0800][65.298s][info][gc          ] GC(122) Concurrent Mark Cycle
[2026-03-19T11:22:56.647+0800][65.298s][info][gc,marking  ] GC(122) Concurrent Clear Claimed Marks
[2026-03-19T11:22:56.647+0800][65.298s][info][gc,marking  ] GC(122) Concurrent Clear Claimed Marks 0.110ms
[2026-03-19T11:22:56.647+0800][65.298s][info][gc,marking  ] GC(122) Concurrent Scan Root Regions
[2026-03-19T11:22:56.648+0800][65.300s][info][gc,marking  ] GC(122) Concurrent Scan Root Regions 1.496ms
[2026-03-19T11:22:56.648+0800][65.300s][info][gc,marking  ] GC(122) Concurrent Mark
[2026-03-19T11:22:56.648+0800][65.300s][info][gc,marking  ] GC(122) Concurrent Mark From Roots
[2026-03-19T11:22:56.648+0800][65.300s][info][gc,task     ] GC(122) Using 3 workers of 3 for marking
[2026-03-19T11:22:56.658+0800][65.310s][info][gc,marking  ] GC(122) Concurrent Mark From Roots 10.068ms
[2026-03-19T11:22:56.658+0800][65.310s][info][gc,marking  ] GC(122) Concurrent Preclean
[2026-03-19T11:22:56.659+0800][65.311s][info][gc,marking  ] GC(122) Concurrent Preclean 0.273ms
[2026-03-19T11:22:56.659+0800][65.311s][info][gc,start    ] GC(122) Pause Remark
[2026-03-19T11:22:56.664+0800][65.316s][info][gc          ] GC(122) Pause Remark 67M->39M(128M) 5.077ms
[2026-03-19T11:22:56.665+0800][65.316s][info][gc,cpu      ] GC(122) User=0.02s Sys=0.06s Real=0.01s
[2026-03-19T11:22:56.665+0800][65.316s][info][gc,marking  ] GC(122) Concurrent Mark 16.423ms
[2026-03-19T11:22:56.665+0800][65.316s][info][gc,marking  ] GC(122) Concurrent Rebuild Remembered Sets
[2026-03-19T11:22:56.668+0800][65.320s][info][gc,marking  ] GC(122) Concurrent Rebuild Remembered Sets 3.377ms
[2026-03-19T11:22:56.668+0800][65.320s][info][gc,start    ] GC(122) Pause Cleanup
[2026-03-19T11:22:56.668+0800][65.321s][info][gc          ] GC(122) Pause Cleanup 39M->39M(128M) 0.263ms
[2026-03-19T11:22:56.669+0800][65.321s][info][gc,cpu      ] GC(122) User=0.00s Sys=0.00s Real=0.00s
[2026-03-19T11:22:56.669+0800][65.321s][info][gc,marking  ] GC(122) Concurrent Cleanup for Next Mark
[2026-03-19T11:22:56.669+0800][65.321s][info][gc,marking  ] GC(122) Concurrent Cleanup for Next Mark 0.368ms
[2026-03-19T11:22:56.669+0800][65.321s][info][gc          ] GC(122) Concurrent Mark Cycle 23.496ms
[2026-03-19T11:22:57.594+0800][66.246s][info][gc,start    ] GC(123) Pause Young (Concurrent Start) (G1 Humongous Allocation)
[2026-03-19T11:22:57.594+0800][66.246s][info][gc,task     ] GC(123) Using 3 workers of 13 for evacuation
[2026-03-19T11:22:57.597+0800][66.249s][info][gc,phases   ] GC(123)   Pre Evacuate Collection Set: 0.2ms
[2026-03-19T11:22:57.597+0800][66.249s][info][gc,phases   ] GC(123)   Merge Heap Roots: 0.2ms
[2026-03-19T11:22:57.597+0800][66.249s][info][gc,phases   ] GC(123)   Evacuate Collection Set: 1.7ms
[2026-03-19T11:22:57.597+0800][66.249s][info][gc,phases   ] GC(123)   Post Evacuate Collection Set: 0.8ms
[2026-03-19T11:22:57.597+0800][66.249s][info][gc,phases   ] GC(123)   Other: 0.4ms
[2026-03-19T11:22:57.597+0800][66.249s][info][gc,heap     ] GC(123) Eden regions: 12->0(47)
[2026-03-19T11:22:57.597+0800][66.249s][info][gc,heap     ] GC(123) Survivor regions: 3->4(7)
[2026-03-19T11:22:57.598+0800][66.249s][info][gc,heap     ] GC(123) Old regions: 19->19
[2026-03-19T11:22:57.598+0800][66.250s][info][gc,heap     ] GC(123) Archive regions: 0->0
[2026-03-19T11:22:57.598+0800][66.250s][info][gc,heap     ] GC(123) Humongous regions: 38->38
[2026-03-19T11:22:57.598+0800][66.250s][info][gc,metaspace] GC(123) Metaspace: 24342K(24640K)->24342K(24640K) NonClass: 21539K(21696K)->21539K(21696K) Class: 2803K(2944K)->2803K(2944K)
[2026-03-19T11:22:57.598+0800][66.250s][info][gc          ] GC(123) Pause Young (Concurrent Start) (G1 Humongous Allocation) 70M->59M(128M) 3.717ms
[2026-03-19T11:22:57.598+0800][66.250s][info][gc,cpu      ] GC(123) User=0.00s Sys=0.00s Real=0.00s
[2026-03-19T11:22:57.598+0800][66.250s][info][gc          ] GC(124) Concurrent Undo Cycle
[2026-03-19T11:22:57.598+0800][66.250s][info][gc,marking  ] GC(124) Concurrent Cleanup for Next Mark
[2026-03-19T11:22:57.599+0800][66.250s][info][gc,marking  ] GC(124) Concurrent Cleanup for Next Mark 0.396ms
[2026-03-19T11:22:57.599+0800][66.250s][info][gc          ] GC(124) Concurrent Undo Cycle 0.730ms
[2026-03-19T11:22:57.599+0800][66.251s][info][gc,start    ] GC(125) Pause Young (Concurrent Start) (G1 Humongous Allocation)
[2026-03-19T11:22:57.599+0800][66.251s][info][gc,task     ] GC(125) Using 3 workers of 13 for evacuation
[2026-03-19T11:22:57.602+0800][66.254s][info][gc,phases   ] GC(125)   Pre Evacuate Collection Set: 0.1ms
[2026-03-19T11:22:57.602+0800][66.254s][info][gc,phases   ] GC(125)   Merge Heap Roots: 0.1ms
[2026-03-19T11:22:57.602+0800][66.254s][info][gc,phases   ] GC(125)   Evacuate Collection Set: 1.4ms
[2026-03-19T11:22:57.602+0800][66.254s][info][gc,phases   ] GC(125)   Post Evacuate Collection Set: 1.2ms
[2026-03-19T11:22:57.602+0800][66.254s][info][gc,phases   ] GC(125)   Other: 0.3ms
[2026-03-19T11:22:57.602+0800][66.254s][info][gc,heap     ] GC(125) Eden regions: 1->0(48)
[2026-03-19T11:22:57.602+0800][66.255s][info][gc,heap     ] GC(125) Survivor regions: 4->3(7)
[2026-03-19T11:22:57.602+0800][66.255s][info][gc,heap     ] GC(125) Old regions: 19->19
[2026-03-19T11:22:57.604+0800][66.255s][info][gc,heap     ] GC(125) Archive regions: 0->0
[2026-03-19T11:22:57.604+0800][66.255s][info][gc,heap     ] GC(125) Humongous regions: 39->39
[2026-03-19T11:22:57.604+0800][66.255s][info][gc,metaspace] GC(125) Metaspace: 24342K(24640K)->24342K(24640K) NonClass: 21539K(21696K)->21539K(21696K) Class: 2803K(2944K)->2803K(2944K)
[2026-03-19T11:22:57.604+0800][66.255s][info][gc          ] GC(125) Pause Young (Concurrent Start) (G1 Humongous Allocation) 60M->59M(128M) 4.250ms
[2026-03-19T11:22:57.604+0800][66.255s][info][gc,cpu      ] GC(125) User=0.02s Sys=0.00s Real=0.01s
[2026-03-19T11:22:57.604+0800][66.255s][info][gc          ] GC(126) Concurrent Mark Cycle
[2026-03-19T11:22:57.604+0800][66.256s][info][gc,marking  ] GC(126) Concurrent Clear Claimed Marks
[2026-03-19T11:22:57.604+0800][66.256s][info][gc,marking  ] GC(126) Concurrent Clear Claimed Marks 0.134ms
[2026-03-19T11:22:57.604+0800][66.256s][info][gc,marking  ] GC(126) Concurrent Scan Root Regions
[2026-03-19T11:22:57.605+0800][66.257s][info][gc,marking  ] GC(126) Concurrent Scan Root Regions 1.647ms
[2026-03-19T11:22:57.606+0800][66.258s][info][gc,marking  ] GC(126) Concurrent Mark
[2026-03-19T11:22:57.606+0800][66.258s][info][gc,marking  ] GC(126) Concurrent Mark From Roots
[2026-03-19T11:22:57.606+0800][66.258s][info][gc,task     ] GC(126) Using 3 workers of 3 for marking
[2026-03-19T11:22:57.617+0800][66.268s][info][gc,marking  ] GC(126) Concurrent Mark From Roots 10.508ms
[2026-03-19T11:22:57.617+0800][66.268s][info][gc,marking  ] GC(126) Concurrent Preclean
[2026-03-19T11:22:57.617+0800][66.269s][info][gc,marking  ] GC(126) Concurrent Preclean 0.362ms
[2026-03-19T11:22:57.618+0800][66.269s][info][gc,start    ] GC(126) Pause Remark
[2026-03-19T11:22:57.623+0800][66.275s][info][gc          ] GC(126) Pause Remark 69M->40M(128M) 5.385ms
[2026-03-19T11:22:57.624+0800][66.275s][info][gc,cpu      ] GC(126) User=0.00s Sys=0.00s Real=0.01s
[2026-03-19T11:22:57.624+0800][66.275s][info][gc,marking  ] GC(126) Concurrent Mark 17.410ms
[2026-03-19T11:22:57.624+0800][66.275s][info][gc,marking  ] GC(126) Concurrent Rebuild Remembered Sets
[2026-03-19T11:22:57.630+0800][66.282s][info][gc,marking  ] GC(126) Concurrent Rebuild Remembered Sets 6.744ms
[2026-03-19T11:22:57.631+0800][66.283s][info][gc,start    ] GC(126) Pause Cleanup
[2026-03-19T11:22:57.631+0800][66.283s][info][gc          ] GC(126) Pause Cleanup 40M->40M(128M) 0.514ms
[2026-03-19T11:22:57.631+0800][66.283s][info][gc,cpu      ] GC(126) User=0.00s Sys=0.00s Real=0.00s
[2026-03-19T11:22:57.631+0800][66.283s][info][gc,marking  ] GC(126) Concurrent Cleanup for Next Mark
[2026-03-19T11:22:57.632+0800][66.284s][info][gc,marking  ] GC(126) Concurrent Cleanup for Next Mark 0.550ms
[2026-03-19T11:22:57.632+0800][66.284s][info][gc          ] GC(126) Concurrent Mark Cycle 28.835ms
[2026-03-19T11:22:58.544+0800][67.195s][info][gc,start    ] GC(127) Pause Young (Concurrent Start) (G1 Humongous Allocation)
[2026-03-19T11:22:58.544+0800][67.195s][info][gc,task     ] GC(127) Using 3 workers of 13 for evacuation
[2026-03-19T11:22:58.546+0800][67.198s][info][gc,phases   ] GC(127)   Pre Evacuate Collection Set: 0.3ms
[2026-03-19T11:22:58.546+0800][67.198s][info][gc,phases   ] GC(127)   Merge Heap Roots: 0.2ms
[2026-03-19T11:22:58.546+0800][67.198s][info][gc,phases   ] GC(127)   Evacuate Collection Set: 1.7ms
[2026-03-19T11:22:58.546+0800][67.198s][info][gc,phases   ] GC(127)   Post Evacuate Collection Set: 0.8ms
[2026-03-19T11:22:58.546+0800][67.198s][info][gc,phases   ] GC(127)   Other: 0.3ms
[2026-03-19T11:22:58.546+0800][67.199s][info][gc,heap     ] GC(127) Eden regions: 12->0(47)
[2026-03-19T11:22:58.547+0800][67.199s][info][gc,heap     ] GC(127) Survivor regions: 3->4(7)
[2026-03-19T11:22:58.547+0800][67.199s][info][gc,heap     ] GC(127) Old regions: 19->19
[2026-03-19T11:22:58.547+0800][67.199s][info][gc,heap     ] GC(127) Archive regions: 0->0
[2026-03-19T11:22:58.547+0800][67.199s][info][gc,heap     ] GC(127) Humongous regions: 39->39
[2026-03-19T11:22:58.547+0800][67.199s][info][gc,metaspace] GC(127) Metaspace: 24342K(24640K)->24342K(24640K) NonClass: 21539K(21696K)->21539K(21696K) Class: 2803K(2944K)->2803K(2944K)
[2026-03-19T11:22:58.547+0800][67.199s][info][gc          ] GC(127) Pause Young (Concurrent Start) (G1 Humongous Allocation) 71M->60M(128M) 3.860ms
[2026-03-19T11:22:58.547+0800][67.199s][info][gc,cpu      ] GC(127) User=0.00s Sys=0.00s Real=0.00s
[2026-03-19T11:22:58.547+0800][67.199s][info][gc          ] GC(128) Concurrent Mark Cycle
[2026-03-19T11:22:58.547+0800][67.199s][info][gc,marking  ] GC(128) Concurrent Clear Claimed Marks
[2026-03-19T11:22:58.547+0800][67.199s][info][gc,marking  ] GC(128) Concurrent Clear Claimed Marks 0.038ms
[2026-03-19T11:22:58.547+0800][67.199s][info][gc,marking  ] GC(128) Concurrent Scan Root Regions
[2026-03-19T11:22:58.548+0800][67.200s][info][gc,marking  ] GC(128) Concurrent Scan Root Regions 0.730ms
[2026-03-19T11:22:58.548+0800][67.200s][info][gc,marking  ] GC(128) Concurrent Mark
[2026-03-19T11:22:58.548+0800][67.200s][info][gc,marking  ] GC(128) Concurrent Mark From Roots
[2026-03-19T11:22:58.548+0800][67.200s][info][gc,task     ] GC(128) Using 3 workers of 3 for marking
[2026-03-19T11:22:58.552+0800][67.204s][info][gc,marking  ] GC(128) Concurrent Mark From Roots 3.561ms
[2026-03-19T11:22:58.552+0800][67.204s][info][gc,marking  ] GC(128) Concurrent Preclean
[2026-03-19T11:22:58.552+0800][67.204s][info][gc,marking  ] GC(128) Concurrent Preclean 0.086ms
[2026-03-19T11:22:58.552+0800][67.204s][info][gc,start    ] GC(128) Pause Remark
[2026-03-19T11:22:58.560+0800][67.211s][info][gc          ] GC(128) Pause Remark 71M->41M(128M) 7.093ms
[2026-03-19T11:22:58.560+0800][67.211s][info][gc,cpu      ] GC(128) User=0.00s Sys=0.02s Real=0.01s
[2026-03-19T11:22:58.560+0800][67.212s][info][gc,marking  ] GC(128) Concurrent Mark 11.535ms
[2026-03-19T11:22:58.560+0800][67.212s][info][gc,marking  ] GC(128) Concurrent Rebuild Remembered Sets
[2026-03-19T11:22:58.562+0800][67.214s][info][gc,marking  ] GC(128) Concurrent Rebuild Remembered Sets 2.375ms
[2026-03-19T11:22:58.563+0800][67.214s][info][gc,start    ] GC(128) Pause Cleanup
[2026-03-19T11:22:58.563+0800][67.215s][info][gc          ] GC(128) Pause Cleanup 41M->41M(128M) 0.330ms
[2026-03-19T11:22:58.563+0800][67.215s][info][gc,cpu      ] GC(128) User=0.00s Sys=0.00s Real=0.00s
[2026-03-19T11:22:58.563+0800][67.215s][info][gc,marking  ] GC(128) Concurrent Cleanup for Next Mark
[2026-03-19T11:22:58.564+0800][67.215s][info][gc,marking  ] GC(128) Concurrent Cleanup for Next Mark 0.318ms
[2026-03-19T11:22:58.564+0800][67.215s][info][gc          ] GC(128) Concurrent Mark Cycle 16.259ms
[2026-03-19T11:22:59.461+0800][68.113s][info][gc,start    ] GC(129) Pause Young (Concurrent Start) (G1 Humongous Allocation)
[2026-03-19T11:22:59.461+0800][68.113s][info][gc,task     ] GC(129) Using 3 workers of 13 for evacuation
[2026-03-19T11:22:59.464+0800][68.115s][info][gc,phases   ] GC(129)   Pre Evacuate Collection Set: 0.1ms
[2026-03-19T11:22:59.464+0800][68.116s][info][gc,phases   ] GC(129)   Merge Heap Roots: 0.1ms
[2026-03-19T11:22:59.464+0800][68.116s][info][gc,phases   ] GC(129)   Evacuate Collection Set: 1.8ms
[2026-03-19T11:22:59.464+0800][68.116s][info][gc,phases   ] GC(129)   Post Evacuate Collection Set: 0.5ms
[2026-03-19T11:22:59.464+0800][68.116s][info][gc,phases   ] GC(129)   Other: 0.4ms
[2026-03-19T11:22:59.464+0800][68.116s][info][gc,heap     ] GC(129) Eden regions: 12->0(48)
[2026-03-19T11:22:59.464+0800][68.116s][info][gc,heap     ] GC(129) Survivor regions: 4->4(7)
[2026-03-19T11:22:59.464+0800][68.116s][info][gc,heap     ] GC(129) Old regions: 19->19
[2026-03-19T11:22:59.464+0800][68.116s][info][gc,heap     ] GC(129) Archive regions: 0->0
[2026-03-19T11:22:59.464+0800][68.116s][info][gc,heap     ] GC(129) Humongous regions: 39->39
[2026-03-19T11:22:59.464+0800][68.116s][info][gc,metaspace] GC(129) Metaspace: 24272K(24640K)->24272K(24640K) NonClass: 21485K(21696K)->21485K(21696K) Class: 2786K(2944K)->2786K(2944K)
[2026-03-19T11:22:59.464+0800][68.116s][info][gc          ] GC(129) Pause Young (Concurrent Start) (G1 Humongous Allocation) 72M->60M(128M) 3.394ms
[2026-03-19T11:22:59.464+0800][68.116s][info][gc,cpu      ] GC(129) User=0.00s Sys=0.00s Real=0.00s
[2026-03-19T11:22:59.465+0800][68.116s][info][gc          ] GC(130) Concurrent Mark Cycle
[2026-03-19T11:22:59.465+0800][68.116s][info][gc,marking  ] GC(130) Concurrent Clear Claimed Marks
[2026-03-19T11:22:59.465+0800][68.116s][info][gc,marking  ] GC(130) Concurrent Clear Claimed Marks 0.071ms
[2026-03-19T11:22:59.465+0800][68.116s][info][gc,marking  ] GC(130) Concurrent Scan Root Regions
[2026-03-19T11:22:59.466+0800][68.117s][info][gc,marking  ] GC(130) Concurrent Scan Root Regions 0.807ms
[2026-03-19T11:22:59.466+0800][68.117s][info][gc,marking  ] GC(130) Concurrent Mark
[2026-03-19T11:22:59.466+0800][68.117s][info][gc,marking  ] GC(130) Concurrent Mark From Roots
[2026-03-19T11:22:59.466+0800][68.117s][info][gc,task     ] GC(130) Using 3 workers of 3 for marking
[2026-03-19T11:22:59.473+0800][68.124s][info][gc,marking  ] GC(130) Concurrent Mark From Roots 6.811ms
[2026-03-19T11:22:59.473+0800][68.124s][info][gc,marking  ] GC(130) Concurrent Preclean
[2026-03-19T11:22:59.473+0800][68.125s][info][gc,marking  ] GC(130) Concurrent Preclean 0.208ms
[2026-03-19T11:22:59.474+0800][68.125s][info][gc,start    ] GC(130) Pause Remark
[2026-03-19T11:22:59.477+0800][68.128s][info][gc          ] GC(130) Pause Remark 71M->41M(128M) 3.435ms
[2026-03-19T11:22:59.477+0800][68.128s][info][gc,cpu      ] GC(130) User=0.02s Sys=0.00s Real=0.00s
[2026-03-19T11:22:59.477+0800][68.129s][info][gc,marking  ] GC(130) Concurrent Mark 11.155ms
[2026-03-19T11:22:59.477+0800][68.129s][info][gc,marking  ] GC(130) Concurrent Rebuild Remembered Sets
[2026-03-19T11:22:59.480+0800][68.132s][info][gc,marking  ] GC(130) Concurrent Rebuild Remembered Sets 3.334ms
[2026-03-19T11:22:59.481+0800][68.132s][info][gc,start    ] GC(130) Pause Cleanup
[2026-03-19T11:22:59.481+0800][68.133s][info][gc          ] GC(130) Pause Cleanup 41M->41M(128M) 0.204ms
[2026-03-19T11:22:59.481+0800][68.133s][info][gc,cpu      ] GC(130) User=0.00s Sys=0.00s Real=0.00s
[2026-03-19T11:22:59.481+0800][68.133s][info][gc,marking  ] GC(130) Concurrent Cleanup for Next Mark
[2026-03-19T11:22:59.481+0800][68.133s][info][gc,marking  ] GC(130) Concurrent Cleanup for Next Mark 0.316ms
[2026-03-19T11:22:59.481+0800][68.133s][info][gc          ] GC(130) Concurrent Mark Cycle 16.962ms
[2026-03-19T11:23:00.381+0800][69.032s][info][gc,start    ] GC(131) Pause Young (Concurrent Start) (G1 Humongous Allocation)
[2026-03-19T11:23:00.381+0800][69.032s][info][gc,task     ] GC(131) Using 3 workers of 13 for evacuation
[2026-03-19T11:23:00.384+0800][69.035s][info][gc,phases   ] GC(131)   Pre Evacuate Collection Set: 0.2ms
[2026-03-19T11:23:00.384+0800][69.035s][info][gc,phases   ] GC(131)   Merge Heap Roots: 0.2ms
[2026-03-19T11:23:00.384+0800][69.035s][info][gc,phases   ] GC(131)   Evacuate Collection Set: 1.8ms
[2026-03-19T11:23:00.384+0800][69.035s][info][gc,phases   ] GC(131)   Post Evacuate Collection Set: 0.8ms
[2026-03-19T11:23:00.384+0800][69.035s][info][gc,phases   ] GC(131)   Other: 0.3ms
[2026-03-19T11:23:00.384+0800][69.035s][info][gc,heap     ] GC(131) Eden regions: 13->0(48)
[2026-03-19T11:23:00.384+0800][69.035s][info][gc,heap     ] GC(131) Survivor regions: 4->4(7)
[2026-03-19T11:23:00.384+0800][69.035s][info][gc,heap     ] GC(131) Old regions: 19->19
[2026-03-19T11:23:00.384+0800][69.035s][info][gc,heap     ] GC(131) Archive regions: 0->0
[2026-03-19T11:23:00.384+0800][69.036s][info][gc,heap     ] GC(131) Humongous regions: 39->39
[2026-03-19T11:23:00.384+0800][69.036s][info][gc,metaspace] GC(131) Metaspace: 24272K(24640K)->24272K(24640K) NonClass: 21485K(21696K)->21485K(21696K) Class: 2786K(2944K)->2786K(2944K)
[2026-03-19T11:23:00.384+0800][69.036s][info][gc          ] GC(131) Pause Young (Concurrent Start) (G1 Humongous Allocation) 72M->60M(128M) 3.535ms
[2026-03-19T11:23:00.384+0800][69.036s][info][gc,cpu      ] GC(131) User=0.00s Sys=0.00s Real=0.00s
[2026-03-19T11:23:00.385+0800][69.036s][info][gc          ] GC(132) Concurrent Mark Cycle
[2026-03-19T11:23:00.385+0800][69.036s][info][gc,marking  ] GC(132) Concurrent Clear Claimed Marks
[2026-03-19T11:23:00.385+0800][69.036s][info][gc,marking  ] GC(132) Concurrent Clear Claimed Marks 0.037ms
[2026-03-19T11:23:00.385+0800][69.036s][info][gc,marking  ] GC(132) Concurrent Scan Root Regions
[2026-03-19T11:23:00.385+0800][69.037s][info][gc,marking  ] GC(132) Concurrent Scan Root Regions 0.656ms
[2026-03-19T11:23:00.385+0800][69.037s][info][gc,marking  ] GC(132) Concurrent Mark
[2026-03-19T11:23:00.385+0800][69.037s][info][gc,marking  ] GC(132) Concurrent Mark From Roots
[2026-03-19T11:23:00.385+0800][69.037s][info][gc,task     ] GC(132) Using 3 workers of 3 for marking
[2026-03-19T11:23:00.389+0800][69.041s][info][gc,marking  ] GC(132) Concurrent Mark From Roots 4.288ms
[2026-03-19T11:23:00.389+0800][69.041s][info][gc,marking  ] GC(132) Concurrent Preclean
[2026-03-19T11:23:00.389+0800][69.041s][info][gc,marking  ] GC(132) Concurrent Preclean 0.099ms
[2026-03-19T11:23:00.390+0800][69.042s][info][gc,start    ] GC(132) Pause Remark
[2026-03-19T11:23:00.393+0800][69.045s][info][gc          ] GC(132) Pause Remark 71M->41M(128M) 3.264ms
[2026-03-19T11:23:00.393+0800][69.045s][info][gc,cpu      ] GC(132) User=0.00s Sys=0.00s Real=0.00s
[2026-03-19T11:23:00.393+0800][69.045s][info][gc,marking  ] GC(132) Concurrent Mark 8.259ms
[2026-03-19T11:23:00.393+0800][69.045s][info][gc,marking  ] GC(132) Concurrent Rebuild Remembered Sets
[2026-03-19T11:23:00.395+0800][69.047s][info][gc,marking  ] GC(132) Concurrent Rebuild Remembered Sets 2.171ms
[2026-03-19T11:23:00.396+0800][69.048s][info][gc,start    ] GC(132) Pause Cleanup
[2026-03-19T11:23:00.396+0800][69.048s][info][gc          ] GC(132) Pause Cleanup 41M->41M(128M) 0.161ms
[2026-03-19T11:23:00.396+0800][69.048s][info][gc,cpu      ] GC(132) User=0.00s Sys=0.00s Real=0.00s
[2026-03-19T11:23:00.396+0800][69.048s][info][gc,marking  ] GC(132) Concurrent Cleanup for Next Mark
[2026-03-19T11:23:00.397+0800][69.048s][info][gc,marking  ] GC(132) Concurrent Cleanup for Next Mark 0.264ms
[2026-03-19T11:23:00.397+0800][69.048s][info][gc          ] GC(132) Concurrent Mark Cycle 12.410ms
[2026-03-19T11:23:01.298+0800][69.949s][info][gc,start    ] GC(133) Pause Young (Concurrent Start) (G1 Humongous Allocation)
[2026-03-19T11:23:01.298+0800][69.950s][info][gc,task     ] GC(133) Using 3 workers of 13 for evacuation
[2026-03-19T11:23:01.302+0800][69.954s][info][gc,phases   ] GC(133)   Pre Evacuate Collection Set: 0.4ms
[2026-03-19T11:23:01.302+0800][69.954s][info][gc,phases   ] GC(133)   Merge Heap Roots: 0.3ms
[2026-03-19T11:23:01.302+0800][69.954s][info][gc,phases   ] GC(133)   Evacuate Collection Set: 2.4ms
[2026-03-19T11:23:01.302+0800][69.954s][info][gc,phases   ] GC(133)   Post Evacuate Collection Set: 0.9ms
[2026-03-19T11:23:01.302+0800][69.954s][info][gc,phases   ] GC(133)   Other: 0.4ms
[2026-03-19T11:23:01.302+0800][69.954s][info][gc,heap     ] GC(133) Eden regions: 12->0(48)
[2026-03-19T11:23:01.302+0800][69.954s][info][gc,heap     ] GC(133) Survivor regions: 4->4(7)
[2026-03-19T11:23:01.302+0800][69.954s][info][gc,heap     ] GC(133) Old regions: 19->19
[2026-03-19T11:23:01.302+0800][69.954s][info][gc,heap     ] GC(133) Archive regions: 0->0
[2026-03-19T11:23:01.303+0800][69.954s][info][gc,heap     ] GC(133) Humongous regions: 39->39
[2026-03-19T11:23:01.303+0800][69.954s][info][gc,metaspace] GC(133) Metaspace: 24272K(24640K)->24272K(24640K) NonClass: 21485K(21696K)->21485K(21696K) Class: 2786K(2944K)->2786K(2944K)
[2026-03-19T11:23:01.303+0800][69.954s][info][gc          ] GC(133) Pause Young (Concurrent Start) (G1 Humongous Allocation) 72M->60M(128M) 4.686ms
[2026-03-19T11:23:01.303+0800][69.954s][info][gc,cpu      ] GC(133) User=0.03s Sys=0.00s Real=0.00s
[2026-03-19T11:23:01.303+0800][69.954s][info][gc          ] GC(134) Concurrent Mark Cycle
[2026-03-19T11:23:01.303+0800][69.954s][info][gc,marking  ] GC(134) Concurrent Clear Claimed Marks
[2026-03-19T11:23:01.303+0800][69.954s][info][gc,marking  ] GC(134) Concurrent Clear Claimed Marks 0.052ms
[2026-03-19T11:23:01.303+0800][69.954s][info][gc,marking  ] GC(134) Concurrent Scan Root Regions
[2026-03-19T11:23:01.303+0800][69.955s][info][gc,marking  ] GC(134) Concurrent Scan Root Regions 0.387ms
[2026-03-19T11:23:01.303+0800][69.955s][info][gc,marking  ] GC(134) Concurrent Mark
[2026-03-19T11:23:01.303+0800][69.955s][info][gc,marking  ] GC(134) Concurrent Mark From Roots
[2026-03-19T11:23:01.303+0800][69.955s][info][gc,task     ] GC(134) Using 3 workers of 3 for marking
[2026-03-19T11:23:01.306+0800][69.958s][info][gc,marking  ] GC(134) Concurrent Mark From Roots 3.580ms
[2026-03-19T11:23:01.306+0800][69.959s][info][gc,marking  ] GC(134) Concurrent Preclean
[2026-03-19T11:23:01.307+0800][69.959s][info][gc,marking  ] GC(134) Concurrent Preclean 0.092ms
[2026-03-19T11:23:01.307+0800][69.959s][info][gc,start    ] GC(134) Pause Remark
[2026-03-19T11:23:01.310+0800][69.962s][info][gc          ] GC(134) Pause Remark 71M->41M(128M) 2.995ms
[2026-03-19T11:23:01.310+0800][69.962s][info][gc,cpu      ] GC(134) User=0.00s Sys=0.00s Real=0.00s
[2026-03-19T11:23:01.310+0800][69.962s][info][gc,marking  ] GC(134) Concurrent Mark 7.299ms
[2026-03-19T11:23:01.310+0800][69.962s][info][gc,marking  ] GC(134) Concurrent Rebuild Remembered Sets
[2026-03-19T11:23:01.312+0800][69.964s][info][gc,marking  ] GC(134) Concurrent Rebuild Remembered Sets 2.238ms
[2026-03-19T11:23:01.313+0800][69.965s][info][gc,start    ] GC(134) Pause Cleanup
[2026-03-19T11:23:01.313+0800][69.965s][info][gc          ] GC(134) Pause Cleanup 41M->41M(128M) 0.206ms
[2026-03-19T11:23:01.313+0800][69.965s][info][gc,cpu      ] GC(134) User=0.00s Sys=0.00s Real=0.00s
[2026-03-19T11:23:01.313+0800][69.965s][info][gc,marking  ] GC(134) Concurrent Cleanup for Next Mark
[2026-03-19T11:23:01.313+0800][69.965s][info][gc,marking  ] GC(134) Concurrent Cleanup for Next Mark 0.244ms
[2026-03-19T11:23:01.313+0800][69.965s][info][gc          ] GC(134) Concurrent Mark Cycle 11.120ms
[2026-03-19T11:23:02.216+0800][70.868s][info][gc,start    ] GC(135) Pause Young (Concurrent Start) (G1 Humongous Allocation)
[2026-03-19T11:23:02.216+0800][70.869s][info][gc,task     ] GC(135) Using 3 workers of 13 for evacuation
[2026-03-19T11:23:02.221+0800][70.873s][info][gc,phases   ] GC(135)   Pre Evacuate Collection Set: 0.3ms
[2026-03-19T11:23:02.221+0800][70.873s][info][gc,phases   ] GC(135)   Merge Heap Roots: 0.2ms
[2026-03-19T11:23:02.221+0800][70.873s][info][gc,phases   ] GC(135)   Evacuate Collection Set: 2.6ms
[2026-03-19T11:23:02.221+0800][70.873s][info][gc,phases   ] GC(135)   Post Evacuate Collection Set: 0.9ms
[2026-03-19T11:23:02.222+0800][70.873s][info][gc,phases   ] GC(135)   Other: 0.4ms
[2026-03-19T11:23:02.222+0800][70.873s][info][gc,heap     ] GC(135) Eden regions: 13->0(48)
[2026-03-19T11:23:02.222+0800][70.873s][info][gc,heap     ] GC(135) Survivor regions: 4->4(7)
[2026-03-19T11:23:02.222+0800][70.873s][info][gc,heap     ] GC(135) Old regions: 19->19
[2026-03-19T11:23:02.222+0800][70.873s][info][gc,heap     ] GC(135) Archive regions: 0->0
[2026-03-19T11:23:02.222+0800][70.873s][info][gc,heap     ] GC(135) Humongous regions: 39->39
[2026-03-19T11:23:02.222+0800][70.873s][info][gc,metaspace] GC(135) Metaspace: 24274K(24640K)->24274K(24640K) NonClass: 21487K(21696K)->21487K(21696K) Class: 2786K(2944K)->2786K(2944K)
[2026-03-19T11:23:02.222+0800][70.873s][info][gc          ] GC(135) Pause Young (Concurrent Start) (G1 Humongous Allocation) 72M->60M(128M) 4.815ms
[2026-03-19T11:23:02.222+0800][70.873s][info][gc,cpu      ] GC(135) User=0.00s Sys=0.00s Real=0.01s
[2026-03-19T11:23:02.222+0800][70.873s][info][gc          ] GC(136) Concurrent Mark Cycle
[2026-03-19T11:23:02.222+0800][70.873s][info][gc,marking  ] GC(136) Concurrent Clear Claimed Marks
[2026-03-19T11:23:02.222+0800][70.874s][info][gc,marking  ] GC(136) Concurrent Clear Claimed Marks 0.030ms
[2026-03-19T11:23:02.222+0800][70.874s][info][gc,marking  ] GC(136) Concurrent Scan Root Regions
[2026-03-19T11:23:02.223+0800][70.874s][info][gc,marking  ] GC(136) Concurrent Scan Root Regions 0.825ms
[2026-03-19T11:23:02.223+0800][70.874s][info][gc,marking  ] GC(136) Concurrent Mark
[2026-03-19T11:23:02.223+0800][70.874s][info][gc,marking  ] GC(136) Concurrent Mark From Roots
[2026-03-19T11:23:02.223+0800][70.874s][info][gc,task     ] GC(136) Using 3 workers of 3 for marking
[2026-03-19T11:23:02.226+0800][70.878s][info][gc,marking  ] GC(136) Concurrent Mark From Roots 3.606ms
[2026-03-19T11:23:02.226+0800][70.878s][info][gc,marking  ] GC(136) Concurrent Preclean
[2026-03-19T11:23:02.226+0800][70.878s][info][gc,marking  ] GC(136) Concurrent Preclean 0.081ms
[2026-03-19T11:23:02.227+0800][70.879s][info][gc,start    ] GC(136) Pause Remark
[2026-03-19T11:23:02.229+0800][70.881s][info][gc          ] GC(136) Pause Remark 71M->41M(128M) 2.740ms
[2026-03-19T11:23:02.229+0800][70.881s][info][gc,cpu      ] GC(136) User=0.00s Sys=0.00s Real=0.00s
[2026-03-19T11:23:02.229+0800][70.882s][info][gc,marking  ] GC(136) Concurrent Mark 7.104ms
[2026-03-19T11:23:02.229+0800][70.882s][info][gc,marking  ] GC(136) Concurrent Rebuild Remembered Sets
[2026-03-19T11:23:02.232+0800][70.884s][info][gc,marking  ] GC(136) Concurrent Rebuild Remembered Sets 2.220ms
[2026-03-19T11:23:02.232+0800][70.884s][info][gc,start    ] GC(136) Pause Cleanup
[2026-03-19T11:23:02.232+0800][70.885s][info][gc          ] GC(136) Pause Cleanup 41M->41M(128M) 0.342ms
[2026-03-19T11:23:02.233+0800][70.885s][info][gc,cpu      ] GC(136) User=0.00s Sys=0.00s Real=0.00s
[2026-03-19T11:23:02.234+0800][70.885s][info][gc,marking  ] GC(136) Concurrent Cleanup for Next Mark
[2026-03-19T11:23:02.234+0800][70.885s][info][gc,marking  ] GC(136) Concurrent Cleanup for Next Mark 0.309ms
[2026-03-19T11:23:02.234+0800][70.885s][info][gc          ] GC(136) Concurrent Mark Cycle 11.710ms
[2026-03-19T11:23:03.139+0800][71.791s][info][gc,start    ] GC(137) Pause Young (Concurrent Start) (G1 Humongous Allocation)
[2026-03-19T11:23:03.139+0800][71.791s][info][gc,task     ] GC(137) Using 3 workers of 13 for evacuation
[2026-03-19T11:23:03.141+0800][71.793s][info][gc,phases   ] GC(137)   Pre Evacuate Collection Set: 0.1ms
[2026-03-19T11:23:03.141+0800][71.793s][info][gc,phases   ] GC(137)   Merge Heap Roots: 0.1ms
[2026-03-19T11:23:03.141+0800][71.793s][info][gc,phases   ] GC(137)   Evacuate Collection Set: 1.4ms
[2026-03-19T11:23:03.141+0800][71.793s][info][gc,phases   ] GC(137)   Post Evacuate Collection Set: 0.6ms
[2026-03-19T11:23:03.141+0800][71.793s][info][gc,phases   ] GC(137)   Other: 0.3ms
[2026-03-19T11:23:03.141+0800][71.793s][info][gc,heap     ] GC(137) Eden regions: 13->0(48)
[2026-03-19T11:23:03.141+0800][71.793s][info][gc,heap     ] GC(137) Survivor regions: 4->4(7)
[2026-03-19T11:23:03.141+0800][71.793s][info][gc,heap     ] GC(137) Old regions: 19->19
[2026-03-19T11:23:03.141+0800][71.793s][info][gc,heap     ] GC(137) Archive regions: 0->0
[2026-03-19T11:23:03.141+0800][71.793s][info][gc,heap     ] GC(137) Humongous regions: 39->39
[2026-03-19T11:23:03.141+0800][71.793s][info][gc,metaspace] GC(137) Metaspace: 24274K(24640K)->24274K(24640K) NonClass: 21487K(21696K)->21487K(21696K) Class: 2786K(2944K)->2786K(2944K)
[2026-03-19T11:23:03.141+0800][71.793s][info][gc          ] GC(137) Pause Young (Concurrent Start) (G1 Humongous Allocation) 72M->60M(128M) 2.806ms
[2026-03-19T11:23:03.141+0800][71.793s][info][gc,cpu      ] GC(137) User=0.00s Sys=0.00s Real=0.00s
[2026-03-19T11:23:03.142+0800][71.793s][info][gc          ] GC(138) Concurrent Mark Cycle
[2026-03-19T11:23:03.142+0800][71.794s][info][gc,marking  ] GC(138) Concurrent Clear Claimed Marks
[2026-03-19T11:23:03.142+0800][71.794s][info][gc,marking  ] GC(138) Concurrent Clear Claimed Marks 0.032ms
[2026-03-19T11:23:03.142+0800][71.794s][info][gc,marking  ] GC(138) Concurrent Scan Root Regions
[2026-03-19T11:23:03.142+0800][71.794s][info][gc,marking  ] GC(138) Concurrent Scan Root Regions 0.492ms
[2026-03-19T11:23:03.142+0800][71.794s][info][gc,marking  ] GC(138) Concurrent Mark
[2026-03-19T11:23:03.142+0800][71.794s][info][gc,marking  ] GC(138) Concurrent Mark From Roots
[2026-03-19T11:23:03.142+0800][71.794s][info][gc,task     ] GC(138) Using 3 workers of 3 for marking
[2026-03-19T11:23:03.147+0800][71.799s][info][gc,marking  ] GC(138) Concurrent Mark From Roots 4.545ms
[2026-03-19T11:23:03.147+0800][71.799s][info][gc,marking  ] GC(138) Concurrent Preclean
[2026-03-19T11:23:03.147+0800][71.799s][info][gc,marking  ] GC(138) Concurrent Preclean 0.140ms
[2026-03-19T11:23:03.147+0800][71.799s][info][gc,start    ] GC(138) Pause Remark
[2026-03-19T11:23:03.152+0800][71.804s][info][gc          ] GC(138) Pause Remark 71M->41M(128M) 4.962ms
[2026-03-19T11:23:03.152+0800][71.804s][info][gc,cpu      ] GC(138) User=0.00s Sys=0.00s Real=0.00s
[2026-03-19T11:23:03.152+0800][71.805s][info][gc,marking  ] GC(138) Concurrent Mark 10.321ms
[2026-03-19T11:23:03.153+0800][71.805s][info][gc,marking  ] GC(138) Concurrent Rebuild Remembered Sets
[2026-03-19T11:23:03.157+0800][71.808s][info][gc,marking  ] GC(138) Concurrent Rebuild Remembered Sets 3.667ms
[2026-03-19T11:23:03.157+0800][71.809s][info][gc,start    ] GC(138) Pause Cleanup
[2026-03-19T11:23:03.157+0800][71.809s][info][gc          ] GC(138) Pause Cleanup 41M->41M(128M) 0.267ms
[2026-03-19T11:23:03.157+0800][71.809s][info][gc,cpu      ] GC(138) User=0.00s Sys=0.00s Real=0.00s
[2026-03-19T11:23:03.157+0800][71.809s][info][gc,marking  ] GC(138) Concurrent Cleanup for Next Mark
[2026-03-19T11:23:03.158+0800][71.809s][info][gc,marking  ] GC(138) Concurrent Cleanup for Next Mark 0.212ms
[2026-03-19T11:23:03.158+0800][71.809s][info][gc          ] GC(138) Concurrent Mark Cycle 15.776ms
[2026-03-19T11:23:04.056+0800][72.708s][info][gc,start    ] GC(139) Pause Young (Concurrent Start) (G1 Humongous Allocation)
[2026-03-19T11:23:04.056+0800][72.708s][info][gc,task     ] GC(139) Using 3 workers of 13 for evacuation
[2026-03-19T11:23:04.061+0800][72.713s][info][gc,phases   ] GC(139)   Pre Evacuate Collection Set: 0.2ms
[2026-03-19T11:23:04.061+0800][72.713s][info][gc,phases   ] GC(139)   Merge Heap Roots: 0.3ms
[2026-03-19T11:23:04.061+0800][72.713s][info][gc,phases   ] GC(139)   Evacuate Collection Set: 2.4ms
[2026-03-19T11:23:04.061+0800][72.713s][info][gc,phases   ] GC(139)   Post Evacuate Collection Set: 2.2ms
[2026-03-19T11:23:04.061+0800][72.713s][info][gc,phases   ] GC(139)   Other: 0.2ms
[2026-03-19T11:23:04.061+0800][72.713s][info][gc,heap     ] GC(139) Eden regions: 13->0(48)
[2026-03-19T11:23:04.061+0800][72.713s][info][gc,heap     ] GC(139) Survivor regions: 4->4(7)
[2026-03-19T11:23:04.061+0800][72.713s][info][gc,heap     ] GC(139) Old regions: 19->19
[2026-03-19T11:23:04.061+0800][72.713s][info][gc,heap     ] GC(139) Archive regions: 0->0
[2026-03-19T11:23:04.062+0800][72.713s][info][gc,heap     ] GC(139) Humongous regions: 39->39
[2026-03-19T11:23:04.062+0800][72.713s][info][gc,metaspace] GC(139) Metaspace: 24264K(24640K)->24264K(24640K) NonClass: 21479K(21696K)->21479K(21696K) Class: 2785K(2944K)->2785K(2944K)
[2026-03-19T11:23:04.062+0800][72.714s][info][gc          ] GC(139) Pause Young (Concurrent Start) (G1 Humongous Allocation) 73M->60M(128M) 5.734ms
[2026-03-19T11:23:04.062+0800][72.714s][info][gc,cpu      ] GC(139) User=0.00s Sys=0.00s Real=0.01s
[2026-03-19T11:23:04.062+0800][72.714s][info][gc          ] GC(140) Concurrent Mark Cycle
[2026-03-19T11:23:04.062+0800][72.714s][info][gc,marking  ] GC(140) Concurrent Clear Claimed Marks
[2026-03-19T11:23:04.062+0800][72.714s][info][gc,marking  ] GC(140) Concurrent Clear Claimed Marks 0.056ms
[2026-03-19T11:23:04.062+0800][72.714s][info][gc,marking  ] GC(140) Concurrent Scan Root Regions
[2026-03-19T11:23:04.063+0800][72.715s][info][gc,marking  ] GC(140) Concurrent Scan Root Regions 0.786ms
[2026-03-19T11:23:04.063+0800][72.715s][info][gc,marking  ] GC(140) Concurrent Mark
[2026-03-19T11:23:04.063+0800][72.715s][info][gc,marking  ] GC(140) Concurrent Mark From Roots
[2026-03-19T11:23:04.063+0800][72.715s][info][gc,task     ] GC(140) Using 3 workers of 3 for marking
[2026-03-19T11:23:04.069+0800][72.720s][info][gc,marking  ] GC(140) Concurrent Mark From Roots 5.422ms
[2026-03-19T11:23:04.069+0800][72.721s][info][gc,marking  ] GC(140) Concurrent Preclean
[2026-03-19T11:23:04.069+0800][72.721s][info][gc,marking  ] GC(140) Concurrent Preclean 0.105ms
[2026-03-19T11:23:04.070+0800][72.721s][info][gc,start    ] GC(140) Pause Remark
[2026-03-19T11:23:04.073+0800][72.724s][info][gc          ] GC(140) Pause Remark 71M->41M(128M) 3.171ms
[2026-03-19T11:23:04.073+0800][72.724s][info][gc,cpu      ] GC(140) User=0.00s Sys=0.00s Real=0.00s
[2026-03-19T11:23:04.073+0800][72.724s][info][gc,marking  ] GC(140) Concurrent Mark 9.451ms
[2026-03-19T11:23:04.073+0800][72.724s][info][gc,marking  ] GC(140) Concurrent Rebuild Remembered Sets
[2026-03-19T11:23:04.075+0800][72.727s][info][gc,marking  ] GC(140) Concurrent Rebuild Remembered Sets 2.649ms
[2026-03-19T11:23:04.075+0800][72.727s][info][gc,start    ] GC(140) Pause Cleanup
[2026-03-19T11:23:04.075+0800][72.727s][info][gc          ] GC(140) Pause Cleanup 41M->41M(128M) 0.140ms
[2026-03-19T11:23:04.076+0800][72.727s][info][gc,cpu      ] GC(140) User=0.00s Sys=0.00s Real=0.00s
[2026-03-19T11:23:04.076+0800][72.728s][info][gc,marking  ] GC(140) Concurrent Cleanup for Next Mark
[2026-03-19T11:23:04.076+0800][72.728s][info][gc,marking  ] GC(140) Concurrent Cleanup for Next Mark 0.230ms
[2026-03-19T11:23:04.076+0800][72.728s][info][gc          ] GC(140) Concurrent Mark Cycle 14.120ms
[2026-03-19T11:23:04.975+0800][73.626s][info][gc,start    ] GC(141) Pause Young (Concurrent Start) (G1 Humongous Allocation)
[2026-03-19T11:23:04.975+0800][73.627s][info][gc,task     ] GC(141) Using 3 workers of 13 for evacuation
[2026-03-19T11:23:04.978+0800][73.630s][info][gc,phases   ] GC(141)   Pre Evacuate Collection Set: 0.2ms
[2026-03-19T11:23:04.978+0800][73.630s][info][gc,phases   ] GC(141)   Merge Heap Roots: 0.2ms
[2026-03-19T11:23:04.978+0800][73.630s][info][gc,phases   ] GC(141)   Evacuate Collection Set: 1.7ms
[2026-03-19T11:23:04.978+0800][73.630s][info][gc,phases   ] GC(141)   Post Evacuate Collection Set: 1.1ms
[2026-03-19T11:23:04.979+0800][73.630s][info][gc,phases   ] GC(141)   Other: 0.2ms
[2026-03-19T11:23:04.979+0800][73.630s][info][gc,heap     ] GC(141) Eden regions: 13->0(48)
[2026-03-19T11:23:04.979+0800][73.630s][info][gc,heap     ] GC(141) Survivor regions: 4->4(7)
[2026-03-19T11:23:04.979+0800][73.630s][info][gc,heap     ] GC(141) Old regions: 19->19
[2026-03-19T11:23:04.979+0800][73.630s][info][gc,heap     ] GC(141) Archive regions: 0->0
[2026-03-19T11:23:04.979+0800][73.630s][info][gc,heap     ] GC(141) Humongous regions: 39->39
[2026-03-19T11:23:04.979+0800][73.630s][info][gc,metaspace] GC(141) Metaspace: 24264K(24640K)->24264K(24640K) NonClass: 21479K(21696K)->21479K(21696K) Class: 2785K(2944K)->2785K(2944K)
[2026-03-19T11:23:04.979+0800][73.630s][info][gc          ] GC(141) Pause Young (Concurrent Start) (G1 Humongous Allocation) 72M->60M(128M) 3.647ms
[2026-03-19T11:23:04.979+0800][73.630s][info][gc,cpu      ] GC(141) User=0.00s Sys=0.00s Real=0.00s
[2026-03-19T11:23:04.979+0800][73.630s][info][gc          ] GC(142) Concurrent Mark Cycle
[2026-03-19T11:23:04.979+0800][73.630s][info][gc,marking  ] GC(142) Concurrent Clear Claimed Marks
[2026-03-19T11:23:04.979+0800][73.630s][info][gc,marking  ] GC(142) Concurrent Clear Claimed Marks 0.039ms
[2026-03-19T11:23:04.979+0800][73.630s][info][gc,marking  ] GC(142) Concurrent Scan Root Regions
[2026-03-19T11:23:04.980+0800][73.631s][info][gc,marking  ] GC(142) Concurrent Scan Root Regions 0.578ms
[2026-03-19T11:23:04.980+0800][73.631s][info][gc,marking  ] GC(142) Concurrent Mark
[2026-03-19T11:23:04.980+0800][73.631s][info][gc,marking  ] GC(142) Concurrent Mark From Roots
[2026-03-19T11:23:04.980+0800][73.631s][info][gc,task     ] GC(142) Using 3 workers of 3 for marking
[2026-03-19T11:23:04.983+0800][73.635s][info][gc,marking  ] GC(142) Concurrent Mark From Roots 3.796ms
[2026-03-19T11:23:04.984+0800][73.635s][info][gc,marking  ] GC(142) Concurrent Preclean
[2026-03-19T11:23:04.984+0800][73.635s][info][gc,marking  ] GC(142) Concurrent Preclean 0.095ms
[2026-03-19T11:23:04.984+0800][73.635s][info][gc,start    ] GC(142) Pause Remark
[2026-03-19T11:23:04.987+0800][73.639s][info][gc          ] GC(142) Pause Remark 71M->41M(128M) 3.194ms
[2026-03-19T11:23:04.987+0800][73.639s][info][gc,cpu      ] GC(142) User=0.00s Sys=0.00s Real=0.00s
[2026-03-19T11:23:04.987+0800][73.639s][info][gc,marking  ] GC(142) Concurrent Mark 7.712ms
[2026-03-19T11:23:04.987+0800][73.639s][info][gc,marking  ] GC(142) Concurrent Rebuild Remembered Sets
[2026-03-19T11:23:04.990+0800][73.642s][info][gc,marking  ] GC(142) Concurrent Rebuild Remembered Sets 3.031ms
[2026-03-19T11:23:04.990+0800][73.642s][info][gc,start    ] GC(142) Pause Cleanup
[2026-03-19T11:23:04.990+0800][73.642s][info][gc          ] GC(142) Pause Cleanup 41M->41M(128M) 0.146ms
[2026-03-19T11:23:04.990+0800][73.642s][info][gc,cpu      ] GC(142) User=0.00s Sys=0.00s Real=0.00s
[2026-03-19T11:23:04.990+0800][73.642s][info][gc,marking  ] GC(142) Concurrent Cleanup for Next Mark
[2026-03-19T11:23:04.991+0800][73.643s][info][gc,marking  ] GC(142) Concurrent Cleanup for Next Mark 0.174ms
[2026-03-19T11:23:04.991+0800][73.643s][info][gc          ] GC(142) Concurrent Mark Cycle 12.333ms
[2026-03-19T11:23:05.901+0800][74.552s][info][gc,start    ] GC(143) Pause Young (Concurrent Start) (G1 Humongous Allocation)
[2026-03-19T11:23:05.901+0800][74.552s][info][gc,task     ] GC(143) Using 3 workers of 13 for evacuation
[2026-03-19T11:23:05.906+0800][74.558s][info][gc,phases   ] GC(143)   Pre Evacuate Collection Set: 0.7ms
[2026-03-19T11:23:05.906+0800][74.558s][info][gc,phases   ] GC(143)   Merge Heap Roots: 0.4ms
[2026-03-19T11:23:05.906+0800][74.558s][info][gc,phases   ] GC(143)   Evacuate Collection Set: 2.7ms
[2026-03-19T11:23:05.906+0800][74.558s][info][gc,phases   ] GC(143)   Post Evacuate Collection Set: 1.5ms
[2026-03-19T11:23:05.907+0800][74.558s][info][gc,phases   ] GC(143)   Other: 0.6ms
[2026-03-19T11:23:05.907+0800][74.558s][info][gc,heap     ] GC(143) Eden regions: 12->0(48)
[2026-03-19T11:23:05.907+0800][74.559s][info][gc,heap     ] GC(143) Survivor regions: 4->4(7)
[2026-03-19T11:23:05.907+0800][74.559s][info][gc,heap     ] GC(143) Old regions: 19->19
[2026-03-19T11:23:05.907+0800][74.559s][info][gc,heap     ] GC(143) Archive regions: 0->0
[2026-03-19T11:23:05.907+0800][74.559s][info][gc,heap     ] GC(143) Humongous regions: 39->39
[2026-03-19T11:23:05.907+0800][74.559s][info][gc,metaspace] GC(143) Metaspace: 24264K(24640K)->24264K(24640K) NonClass: 21479K(21696K)->21479K(21696K) Class: 2785K(2944K)->2785K(2944K)
[2026-03-19T11:23:05.907+0800][74.559s][info][gc          ] GC(143) Pause Young (Concurrent Start) (G1 Humongous Allocation) 72M->60M(128M) 6.749ms
[2026-03-19T11:23:05.907+0800][74.559s][info][gc,cpu      ] GC(143) User=0.00s Sys=0.00s Real=0.01s
[2026-03-19T11:23:05.907+0800][74.559s][info][gc          ] GC(144) Concurrent Mark Cycle
[2026-03-19T11:23:05.908+0800][74.559s][info][gc,marking  ] GC(144) Concurrent Clear Claimed Marks
[2026-03-19T11:23:05.908+0800][74.560s][info][gc,marking  ] GC(144) Concurrent Clear Claimed Marks 0.108ms
[2026-03-19T11:23:05.908+0800][74.560s][info][gc,marking  ] GC(144) Concurrent Scan Root Regions
[2026-03-19T11:23:05.909+0800][74.561s][info][gc,marking  ] GC(144) Concurrent Scan Root Regions 1.480ms
[2026-03-19T11:23:05.910+0800][74.562s][info][gc,marking  ] GC(144) Concurrent Mark
[2026-03-19T11:23:05.910+0800][74.562s][info][gc,marking  ] GC(144) Concurrent Mark From Roots
[2026-03-19T11:23:05.911+0800][74.563s][info][gc,task     ] GC(144) Using 3 workers of 3 for marking
[2026-03-19T11:23:05.921+0800][74.572s][info][gc,marking  ] GC(144) Concurrent Mark From Roots 9.797ms
[2026-03-19T11:23:05.921+0800][74.572s][info][gc,marking  ] GC(144) Concurrent Preclean
[2026-03-19T11:23:05.922+0800][74.573s][info][gc,marking  ] GC(144) Concurrent Preclean 0.387ms
[2026-03-19T11:23:05.922+0800][74.573s][info][gc,start    ] GC(144) Pause Remark
[2026-03-19T11:23:05.926+0800][74.578s][info][gc          ] GC(144) Pause Remark 71M->41M(128M) 4.796ms
[2026-03-19T11:23:05.926+0800][74.578s][info][gc,cpu      ] GC(144) User=0.00s Sys=0.00s Real=0.00s
[2026-03-19T11:23:05.927+0800][74.578s][info][gc,marking  ] GC(144) Concurrent Mark 16.353ms
[2026-03-19T11:23:05.927+0800][74.579s][info][gc,marking  ] GC(144) Concurrent Rebuild Remembered Sets
[2026-03-19T11:23:05.933+0800][74.585s][info][gc,marking  ] GC(144) Concurrent Rebuild Remembered Sets 5.928ms
[2026-03-19T11:23:05.933+0800][74.585s][info][gc,start    ] GC(144) Pause Cleanup
[2026-03-19T11:23:05.934+0800][74.586s][info][gc          ] GC(144) Pause Cleanup 41M->41M(128M) 0.554ms
[2026-03-19T11:23:05.934+0800][74.586s][info][gc,cpu      ] GC(144) User=0.00s Sys=0.00s Real=0.00s
[2026-03-19T11:23:05.934+0800][74.586s][info][gc,marking  ] GC(144) Concurrent Cleanup for Next Mark
[2026-03-19T11:23:05.935+0800][74.587s][info][gc,marking  ] GC(144) Concurrent Cleanup for Next Mark 0.439ms
[2026-03-19T11:23:05.935+0800][74.587s][info][gc          ] GC(144) Concurrent Mark Cycle 27.525ms
[2026-03-19T11:23:06.848+0800][75.500s][info][gc,start    ] GC(145) Pause Young (Concurrent Start) (G1 Humongous Allocation)
[2026-03-19T11:23:06.849+0800][75.500s][info][gc,task     ] GC(145) Using 3 workers of 13 for evacuation
[2026-03-19T11:23:06.863+0800][75.515s][info][gc,phases   ] GC(145)   Pre Evacuate Collection Set: 0.5ms
[2026-03-19T11:23:06.864+0800][75.515s][info][gc,phases   ] GC(145)   Merge Heap Roots: 0.5ms
[2026-03-19T11:23:06.864+0800][75.516s][info][gc,phases   ] GC(145)   Evacuate Collection Set: 9.6ms
[2026-03-19T11:23:06.865+0800][75.516s][info][gc,phases   ] GC(145)   Post Evacuate Collection Set: 2.8ms
[2026-03-19T11:23:06.865+0800][75.516s][info][gc,phases   ] GC(145)   Other: 1.5ms
[2026-03-19T11:23:06.865+0800][75.517s][info][gc,heap     ] GC(145) Eden regions: 13->0(48)
[2026-03-19T11:23:06.866+0800][75.517s][info][gc,heap     ] GC(145) Survivor regions: 4->3(7)
[2026-03-19T11:23:06.866+0800][75.517s][info][gc,heap     ] GC(145) Old regions: 19->20
[2026-03-19T11:23:06.866+0800][75.517s][info][gc,heap     ] GC(145) Archive regions: 0->0
[2026-03-19T11:23:06.866+0800][75.518s][info][gc,heap     ] GC(145) Humongous regions: 39->39
[2026-03-19T11:23:06.866+0800][75.518s][info][gc,metaspace] GC(145) Metaspace: 24264K(24640K)->24264K(24640K) NonClass: 21479K(21696K)->21479K(21696K) Class: 2785K(2944K)->2785K(2944K)
[2026-03-19T11:23:06.866+0800][75.518s][info][gc          ] GC(145) Pause Young (Concurrent Start) (G1 Humongous Allocation) 73M->60M(128M) 18.412ms
[2026-03-19T11:23:06.867+0800][75.519s][info][gc,cpu      ] GC(145) User=0.02s Sys=0.02s Real=0.02s
[2026-03-19T11:23:06.867+0800][75.519s][info][gc          ] GC(146) Concurrent Mark Cycle
[2026-03-19T11:23:06.868+0800][75.520s][info][gc,marking  ] GC(146) Concurrent Clear Claimed Marks
[2026-03-19T11:23:06.868+0800][75.520s][info][gc,marking  ] GC(146) Concurrent Clear Claimed Marks 0.449ms
[2026-03-19T11:23:06.869+0800][75.521s][info][gc,marking  ] GC(146) Concurrent Scan Root Regions
[2026-03-19T11:23:06.875+0800][75.527s][info][gc,marking  ] GC(146) Concurrent Scan Root Regions 5.916ms
[2026-03-19T11:23:06.875+0800][75.527s][info][gc,marking  ] GC(146) Concurrent Mark
[2026-03-19T11:23:06.875+0800][75.528s][info][gc,marking  ] GC(146) Concurrent Mark From Roots
[2026-03-19T11:23:06.875+0800][75.528s][info][gc,task     ] GC(146) Using 3 workers of 3 for marking
[2026-03-19T11:23:06.910+0800][75.562s][info][gc,marking  ] GC(146) Concurrent Mark From Roots 34.383ms
[2026-03-19T11:23:06.911+0800][75.563s][info][gc,marking  ] GC(146) Concurrent Preclean
[2026-03-19T11:23:06.912+0800][75.564s][info][gc,marking  ] GC(146) Concurrent Preclean 1.242ms
[2026-03-19T11:23:06.914+0800][75.565s][info][gc,start    ] GC(146) Pause Remark
[2026-03-19T11:23:06.927+0800][75.580s][info][gc          ] GC(146) Pause Remark 71M->41M(128M) 14.389ms
[2026-03-19T11:23:06.929+0800][75.580s][info][gc,cpu      ] GC(146) User=0.02s Sys=0.00s Real=0.01s
[2026-03-19T11:23:06.929+0800][75.581s][info][gc,marking  ] GC(146) Concurrent Mark 53.603ms
[2026-03-19T11:23:06.929+0800][75.582s][info][gc,marking  ] GC(146) Concurrent Rebuild Remembered Sets
[2026-03-19T11:23:06.953+0800][75.604s][info][gc,marking  ] GC(146) Concurrent Rebuild Remembered Sets 22.800ms
[2026-03-19T11:23:06.953+0800][75.605s][info][gc,start    ] GC(146) Pause Cleanup
[2026-03-19T11:23:06.954+0800][75.605s][info][gc          ] GC(146) Pause Cleanup 41M->41M(128M) 0.360ms
[2026-03-19T11:23:06.954+0800][75.605s][info][gc,cpu      ] GC(146) User=0.00s Sys=0.00s Real=0.00s
[2026-03-19T11:23:06.954+0800][75.606s][info][gc,marking  ] GC(146) Concurrent Cleanup for Next Mark
[2026-03-19T11:23:06.954+0800][75.606s][info][gc,marking  ] GC(146) Concurrent Cleanup for Next Mark 0.553ms
[2026-03-19T11:23:06.955+0800][75.606s][info][gc          ] GC(146) Concurrent Mark Cycle 87.219ms
[2026-03-19T11:23:07.518+0800][76.170s][info][gc,start    ] GC(147) Pause Young (Concurrent Start) (G1 Humongous Allocation)
[2026-03-19T11:23:07.518+0800][76.170s][info][gc,task     ] GC(147) Using 3 workers of 13 for evacuation
[2026-03-19T11:23:07.521+0800][76.173s][info][gc,phases   ] GC(147)   Pre Evacuate Collection Set: 0.3ms
[2026-03-19T11:23:07.521+0800][76.173s][info][gc,phases   ] GC(147)   Merge Heap Roots: 0.2ms
[2026-03-19T11:23:07.521+0800][76.173s][info][gc,phases   ] GC(147)   Evacuate Collection Set: 1.2ms
[2026-03-19T11:23:07.521+0800][76.173s][info][gc,phases   ] GC(147)   Post Evacuate Collection Set: 0.9ms
[2026-03-19T11:23:07.522+0800][76.173s][info][gc,phases   ] GC(147)   Other: 0.5ms
[2026-03-19T11:23:07.522+0800][76.173s][info][gc,heap     ] GC(147) Eden regions: 10->0(51)
[2026-03-19T11:23:07.522+0800][76.173s][info][gc,heap     ] GC(147) Survivor regions: 3->2(7)
[2026-03-19T11:23:07.522+0800][76.174s][info][gc,heap     ] GC(147) Old regions: 20->20
[2026-03-19T11:23:07.522+0800][76.174s][info][gc,heap     ] GC(147) Archive regions: 0->0
[2026-03-19T11:23:07.522+0800][76.174s][info][gc,heap     ] GC(147) Humongous regions: 37->37
[2026-03-19T11:23:07.522+0800][76.174s][info][gc,metaspace] GC(147) Metaspace: 24264K(24640K)->24264K(24640K) NonClass: 21479K(21696K)->21479K(21696K) Class: 2785K(2944K)->2785K(2944K)
[2026-03-19T11:23:07.522+0800][76.174s][info][gc          ] GC(147) Pause Young (Concurrent Start) (G1 Humongous Allocation) 68M->57M(128M) 3.888ms
[2026-03-19T11:23:07.522+0800][76.174s][info][gc,cpu      ] GC(147) User=0.02s Sys=0.00s Real=0.00s
[2026-03-19T11:23:07.522+0800][76.174s][info][gc          ] GC(148) Concurrent Undo Cycle
[2026-03-19T11:23:07.523+0800][76.174s][info][gc,marking  ] GC(148) Concurrent Cleanup for Next Mark
[2026-03-19T11:23:07.523+0800][76.175s][info][gc,marking  ] GC(148) Concurrent Cleanup for Next Mark 0.514ms
[2026-03-19T11:23:07.523+0800][76.175s][info][gc          ] GC(148) Concurrent Undo Cycle 1.009ms
[2026-03-19T11:23:07.829+0800][76.480s][info][gc,start    ] GC(149) Pause Young (Concurrent Start) (G1 Humongous Allocation)
[2026-03-19T11:23:07.829+0800][76.480s][info][gc,task     ] GC(149) Using 3 workers of 13 for evacuation
[2026-03-19T11:23:07.830+0800][76.482s][info][gc,phases   ] GC(149)   Pre Evacuate Collection Set: 0.3ms
[2026-03-19T11:23:07.830+0800][76.482s][info][gc,phases   ] GC(149)   Merge Heap Roots: 0.2ms
[2026-03-19T11:23:07.830+0800][76.482s][info][gc,phases   ] GC(149)   Evacuate Collection Set: 0.8ms
[2026-03-19T11:23:07.830+0800][76.483s][info][gc,phases   ] GC(149)   Post Evacuate Collection Set: 0.8ms
[2026-03-19T11:23:07.830+0800][76.483s][info][gc,phases   ] GC(149)   Other: 0.4ms
[2026-03-19T11:23:07.832+0800][76.483s][info][gc,heap     ] GC(149) Eden regions: 4->0(32)
[2026-03-19T11:23:07.832+0800][76.483s][info][gc,heap     ] GC(149) Survivor regions: 2->2(7)
[2026-03-19T11:23:07.832+0800][76.483s][info][gc,heap     ] GC(149) Old regions: 20->20
[2026-03-19T11:23:07.832+0800][76.483s][info][gc,heap     ] GC(149) Archive regions: 0->0
[2026-03-19T11:23:07.832+0800][76.483s][info][gc,heap     ] GC(149) Humongous regions: 39->39
[2026-03-19T11:23:07.832+0800][76.483s][info][gc,metaspace] GC(149) Metaspace: 24264K(24640K)->24264K(24640K) NonClass: 21479K(21696K)->21479K(21696K) Class: 2785K(2944K)->2785K(2944K)
[2026-03-19T11:23:07.832+0800][76.483s][info][gc          ] GC(149) Pause Young (Concurrent Start) (G1 Humongous Allocation) 63M->60M(128M) 3.224ms
[2026-03-19T11:23:07.832+0800][76.483s][info][gc,cpu      ] GC(149) User=0.00s Sys=0.00s Real=0.00s
[2026-03-19T11:23:07.832+0800][76.483s][info][gc          ] GC(150) Concurrent Mark Cycle
[2026-03-19T11:23:07.832+0800][76.483s][info][gc,marking  ] GC(150) Concurrent Clear Claimed Marks
[2026-03-19T11:23:07.832+0800][76.483s][info][gc,marking  ] GC(150) Concurrent Clear Claimed Marks 0.088ms
[2026-03-19T11:23:07.832+0800][76.484s][info][gc,marking  ] GC(150) Concurrent Scan Root Regions
[2026-03-19T11:23:07.833+0800][76.484s][info][gc,marking  ] GC(150) Concurrent Scan Root Regions 0.324ms
[2026-03-19T11:23:07.833+0800][76.484s][info][gc,marking  ] GC(150) Concurrent Mark
[2026-03-19T11:23:07.833+0800][76.484s][info][gc,marking  ] GC(150) Concurrent Mark From Roots
[2026-03-19T11:23:07.833+0800][76.484s][info][gc,task     ] GC(150) Using 3 workers of 3 for marking
[2026-03-19T11:23:07.845+0800][76.496s][info][gc,marking  ] GC(150) Concurrent Mark From Roots 12.401ms
[2026-03-19T11:23:07.845+0800][76.497s][info][gc,marking  ] GC(150) Concurrent Preclean
[2026-03-19T11:23:07.845+0800][76.497s][info][gc,marking  ] GC(150) Concurrent Preclean 0.427ms
[2026-03-19T11:23:07.846+0800][76.498s][info][gc,start    ] GC(150) Pause Remark
[2026-03-19T11:23:07.853+0800][76.504s][info][gc          ] GC(150) Pause Remark 71M->41M(128M) 6.717ms
[2026-03-19T11:23:07.853+0800][76.505s][info][gc,cpu      ] GC(150) User=0.00s Sys=0.05s Real=0.01s
[2026-03-19T11:23:07.853+0800][76.505s][info][gc,marking  ] GC(150) Concurrent Mark 20.957ms
[2026-03-19T11:23:07.854+0800][76.505s][info][gc,marking  ] GC(150) Concurrent Rebuild Remembered Sets
[2026-03-19T11:23:07.862+0800][76.513s][info][gc,marking  ] GC(150) Concurrent Rebuild Remembered Sets 7.792ms
[2026-03-19T11:23:07.862+0800][76.514s][info][gc,start    ] GC(150) Pause Cleanup
[2026-03-19T11:23:07.863+0800][76.514s][info][gc          ] GC(150) Pause Cleanup 41M->41M(128M) 0.480ms
[2026-03-19T11:23:07.863+0800][76.514s][info][gc,cpu      ] GC(150) User=0.00s Sys=0.00s Real=0.00s
[2026-03-19T11:23:07.863+0800][76.514s][info][gc,marking  ] GC(150) Concurrent Cleanup for Next Mark
[2026-03-19T11:23:07.864+0800][76.515s][info][gc,marking  ] GC(150) Concurrent Cleanup for Next Mark 0.599ms
[2026-03-19T11:23:07.864+0800][76.515s][info][gc          ] GC(150) Concurrent Mark Cycle 32.033ms
[2026-03-19T11:23:08.468+0800][77.120s][info][gc,start    ] GC(151) Pause Young (Concurrent Start) (G1 Humongous Allocation)
[2026-03-19T11:23:08.468+0800][77.120s][info][gc,task     ] GC(151) Using 3 workers of 13 for evacuation
[2026-03-19T11:23:08.471+0800][77.123s][info][gc,phases   ] GC(151)   Pre Evacuate Collection Set: 0.3ms
[2026-03-19T11:23:08.471+0800][77.123s][info][gc,phases   ] GC(151)   Merge Heap Roots: 0.3ms
[2026-03-19T11:23:08.471+0800][77.123s][info][gc,phases   ] GC(151)   Evacuate Collection Set: 0.7ms
[2026-03-19T11:23:08.472+0800][77.123s][info][gc,phases   ] GC(151)   Post Evacuate Collection Set: 0.8ms
[2026-03-19T11:23:08.472+0800][77.123s][info][gc,phases   ] GC(151)   Other: 0.5ms
[2026-03-19T11:23:08.472+0800][77.123s][info][gc,heap     ] GC(151) Eden regions: 9->0(37)
[2026-03-19T11:23:08.472+0800][77.123s][info][gc,heap     ] GC(151) Survivor regions: 2->2(5)
[2026-03-19T11:23:08.472+0800][77.123s][info][gc,heap     ] GC(151) Old regions: 20->20
[2026-03-19T11:23:08.472+0800][77.123s][info][gc,heap     ] GC(151) Archive regions: 0->0
[2026-03-19T11:23:08.472+0800][77.123s][info][gc,heap     ] GC(151) Humongous regions: 37->37
[2026-03-19T11:23:08.472+0800][77.123s][info][gc,metaspace] GC(151) Metaspace: 24264K(24640K)->24264K(24640K) NonClass: 21479K(21696K)->21479K(21696K) Class: 2785K(2944K)->2785K(2944K)
[2026-03-19T11:23:08.472+0800][77.124s][info][gc          ] GC(151) Pause Young (Concurrent Start) (G1 Humongous Allocation) 67M->57M(128M) 3.373ms
[2026-03-19T11:23:08.472+0800][77.124s][info][gc,cpu      ] GC(151) User=0.00s Sys=0.00s Real=0.00s
[2026-03-19T11:23:08.472+0800][77.124s][info][gc          ] GC(152) Concurrent Undo Cycle
[2026-03-19T11:23:08.472+0800][77.124s][info][gc,marking  ] GC(152) Concurrent Cleanup for Next Mark
[2026-03-19T11:23:08.473+0800][77.124s][info][gc,marking  ] GC(152) Concurrent Cleanup for Next Mark 0.469ms
[2026-03-19T11:23:08.473+0800][77.125s][info][gc          ] GC(152) Concurrent Undo Cycle 0.805ms
[2026-03-19T11:23:08.789+0800][77.441s][info][gc,start    ] GC(153) Pause Young (Concurrent Start) (G1 Humongous Allocation)
[2026-03-19T11:23:08.790+0800][77.441s][info][gc,task     ] GC(153) Using 3 workers of 13 for evacuation
[2026-03-19T11:23:08.792+0800][77.443s][info][gc,phases   ] GC(153)   Pre Evacuate Collection Set: 0.2ms
[2026-03-19T11:23:08.792+0800][77.444s][info][gc,phases   ] GC(153)   Merge Heap Roots: 0.2ms
[2026-03-19T11:23:08.792+0800][77.444s][info][gc,phases   ] GC(153)   Evacuate Collection Set: 0.9ms
[2026-03-19T11:23:08.792+0800][77.444s][info][gc,phases   ] GC(153)   Post Evacuate Collection Set: 0.9ms
[2026-03-19T11:23:08.793+0800][77.444s][info][gc,phases   ] GC(153)   Other: 0.5ms
[2026-03-19T11:23:08.793+0800][77.444s][info][gc,heap     ] GC(153) Eden regions: 4->0(30)
[2026-03-19T11:23:08.793+0800][77.444s][info][gc,heap     ] GC(153) Survivor regions: 2->2(5)
[2026-03-19T11:23:08.793+0800][77.444s][info][gc,heap     ] GC(153) Old regions: 20->20
[2026-03-19T11:23:08.793+0800][77.444s][info][gc,heap     ] GC(153) Archive regions: 0->0
[2026-03-19T11:23:08.793+0800][77.444s][info][gc,heap     ] GC(153) Humongous regions: 39->39
[2026-03-19T11:23:08.793+0800][77.445s][info][gc,metaspace] GC(153) Metaspace: 24264K(24640K)->24264K(24640K) NonClass: 21479K(21696K)->21479K(21696K) Class: 2785K(2944K)->2785K(2944K)
[2026-03-19T11:23:08.793+0800][77.445s][info][gc          ] GC(153) Pause Young (Concurrent Start) (G1 Humongous Allocation) 63M->60M(128M) 3.887ms
[2026-03-19T11:23:08.793+0800][77.445s][info][gc,cpu      ] GC(153) User=0.00s Sys=0.00s Real=0.00s
[2026-03-19T11:23:08.794+0800][77.445s][info][gc          ] GC(154) Concurrent Mark Cycle
[2026-03-19T11:23:08.794+0800][77.445s][info][gc,marking  ] GC(154) Concurrent Clear Claimed Marks
[2026-03-19T11:23:08.794+0800][77.445s][info][gc,marking  ] GC(154) Concurrent Clear Claimed Marks 0.154ms
[2026-03-19T11:23:08.794+0800][77.446s][info][gc,marking  ] GC(154) Concurrent Scan Root Regions
[2026-03-19T11:23:08.794+0800][77.446s][info][gc,marking  ] GC(154) Concurrent Scan Root Regions 0.306ms
[2026-03-19T11:23:08.795+0800][77.446s][info][gc,marking  ] GC(154) Concurrent Mark
[2026-03-19T11:23:08.795+0800][77.446s][info][gc,marking  ] GC(154) Concurrent Mark From Roots
[2026-03-19T11:23:08.795+0800][77.446s][info][gc,task     ] GC(154) Using 3 workers of 3 for marking
[2026-03-19T11:23:08.809+0800][77.461s][info][gc,marking  ] GC(154) Concurrent Mark From Roots 14.316ms
[2026-03-19T11:23:08.809+0800][77.461s][info][gc,marking  ] GC(154) Concurrent Preclean
[2026-03-19T11:23:08.810+0800][77.461s][info][gc,marking  ] GC(154) Concurrent Preclean 0.364ms
[2026-03-19T11:23:08.810+0800][77.461s][info][gc,start    ] GC(154) Pause Remark
[2026-03-19T11:23:08.815+0800][77.467s][info][gc          ] GC(154) Pause Remark 71M->41M(128M) 5.556ms
[2026-03-19T11:23:08.816+0800][77.467s][info][gc,cpu      ] GC(154) User=0.00s Sys=0.00s Real=0.01s
[2026-03-19T11:23:08.816+0800][77.468s][info][gc,marking  ] GC(154) Concurrent Mark 21.484ms
[2026-03-19T11:23:08.816+0800][77.468s][info][gc,marking  ] GC(154) Concurrent Rebuild Remembered Sets
[2026-03-19T11:23:08.823+0800][77.475s][info][gc,marking  ] GC(154) Concurrent Rebuild Remembered Sets 7.560ms
[2026-03-19T11:23:08.824+0800][77.476s][info][gc,start    ] GC(154) Pause Cleanup
[2026-03-19T11:23:08.824+0800][77.476s][info][gc          ] GC(154) Pause Cleanup 41M->41M(128M) 0.486ms
[2026-03-19T11:23:08.825+0800][77.477s][info][gc,cpu      ] GC(154) User=0.00s Sys=0.00s Real=0.00s
[2026-03-19T11:23:08.825+0800][77.477s][info][gc,marking  ] GC(154) Concurrent Cleanup for Next Mark
[2026-03-19T11:23:08.825+0800][77.477s][info][gc,marking  ] GC(154) Concurrent Cleanup for Next Mark 0.601ms
[2026-03-19T11:23:08.826+0800][77.478s][info][gc          ] GC(154) Concurrent Mark Cycle 32.554ms
[2026-03-19T11:23:09.438+0800][78.090s][info][gc,start    ] GC(155) Pause Young (Concurrent Start) (G1 Humongous Allocation)
[2026-03-19T11:23:09.439+0800][78.090s][info][gc,task     ] GC(155) Using 3 workers of 13 for evacuation
[2026-03-19T11:23:09.442+0800][78.093s][info][gc,phases   ] GC(155)   Pre Evacuate Collection Set: 0.3ms
[2026-03-19T11:23:09.442+0800][78.093s][info][gc,phases   ] GC(155)   Merge Heap Roots: 0.4ms
[2026-03-19T11:23:09.442+0800][78.094s][info][gc,phases   ] GC(155)   Evacuate Collection Set: 1.1ms
[2026-03-19T11:23:09.442+0800][78.094s][info][gc,phases   ] GC(155)   Post Evacuate Collection Set: 1.1ms
[2026-03-19T11:23:09.442+0800][78.094s][info][gc,phases   ] GC(155)   Other: 0.7ms
[2026-03-19T11:23:09.443+0800][78.094s][info][gc,heap     ] GC(155) Eden regions: 9->0(34)
[2026-03-19T11:23:09.443+0800][78.094s][info][gc,heap     ] GC(155) Survivor regions: 2->2(4)
[2026-03-19T11:23:09.443+0800][78.094s][info][gc,heap     ] GC(155) Old regions: 20->20
[2026-03-19T11:23:09.443+0800][78.094s][info][gc,heap     ] GC(155) Archive regions: 0->0
[2026-03-19T11:23:09.443+0800][78.094s][info][gc,heap     ] GC(155) Humongous regions: 37->37
[2026-03-19T11:23:09.443+0800][78.094s][info][gc,metaspace] GC(155) Metaspace: 24269K(24640K)->24269K(24640K) NonClass: 21484K(21696K)->21484K(21696K) Class: 2785K(2944K)->2785K(2944K)
[2026-03-19T11:23:09.443+0800][78.094s][info][gc          ] GC(155) Pause Young (Concurrent Start) (G1 Humongous Allocation) 67M->57M(128M) 4.690ms
[2026-03-19T11:23:09.443+0800][78.094s][info][gc,cpu      ] GC(155) User=0.00s Sys=0.00s Real=0.01s
[2026-03-19T11:23:09.443+0800][78.095s][info][gc          ] GC(156) Concurrent Undo Cycle
[2026-03-19T11:23:09.444+0800][78.095s][info][gc,marking  ] GC(156) Concurrent Cleanup for Next Mark
[2026-03-19T11:23:09.444+0800][78.096s][info][gc,marking  ] GC(156) Concurrent Cleanup for Next Mark 0.626ms
[2026-03-19T11:23:09.444+0800][78.096s][info][gc          ] GC(156) Concurrent Undo Cycle 1.097ms
[2026-03-19T11:23:09.756+0800][78.408s][info][gc,start    ] GC(157) Pause Young (Concurrent Start) (G1 Humongous Allocation)
[2026-03-19T11:23:09.757+0800][78.408s][info][gc,task     ] GC(157) Using 3 workers of 13 for evacuation
[2026-03-19T11:23:09.759+0800][78.411s][info][gc,phases   ] GC(157)   Pre Evacuate Collection Set: 0.2ms
[2026-03-19T11:23:09.759+0800][78.411s][info][gc,phases   ] GC(157)   Merge Heap Roots: 0.2ms
[2026-03-19T11:23:09.759+0800][78.411s][info][gc,phases   ] GC(157)   Evacuate Collection Set: 0.9ms
[2026-03-19T11:23:09.759+0800][78.411s][info][gc,phases   ] GC(157)   Post Evacuate Collection Set: 1.0ms
[2026-03-19T11:23:09.759+0800][78.411s][info][gc,phases   ] GC(157)   Other: 0.5ms
[2026-03-19T11:23:09.759+0800][78.411s][info][gc,heap     ] GC(157) Eden regions: 5->0(35)
[2026-03-19T11:23:09.759+0800][78.411s][info][gc,heap     ] GC(157) Survivor regions: 2->2(5)
[2026-03-19T11:23:09.759+0800][78.411s][info][gc,heap     ] GC(157) Old regions: 20->20
[2026-03-19T11:23:09.759+0800][78.411s][info][gc,heap     ] GC(157) Archive regions: 0->0
[2026-03-19T11:23:09.760+0800][78.412s][info][gc,heap     ] GC(157) Humongous regions: 39->39
[2026-03-19T11:23:09.760+0800][78.412s][info][gc,metaspace] GC(157) Metaspace: 24276K(24640K)->24276K(24640K) NonClass: 21491K(21696K)->21491K(21696K) Class: 2785K(2944K)->2785K(2944K)
[2026-03-19T11:23:09.760+0800][78.412s][info][gc          ] GC(157) Pause Young (Concurrent Start) (G1 Humongous Allocation) 64M->60M(128M) 3.665ms
[2026-03-19T11:23:09.760+0800][78.412s][info][gc,cpu      ] GC(157) User=0.00s Sys=0.00s Real=0.00s
[2026-03-19T11:23:09.760+0800][78.412s][info][gc          ] GC(158) Concurrent Mark Cycle
[2026-03-19T11:23:09.760+0800][78.412s][info][gc,marking  ] GC(158) Concurrent Clear Claimed Marks
[2026-03-19T11:23:09.760+0800][78.412s][info][gc,marking  ] GC(158) Concurrent Clear Claimed Marks 0.115ms
[2026-03-19T11:23:09.760+0800][78.412s][info][gc,marking  ] GC(158) Concurrent Scan Root Regions
[2026-03-19T11:23:09.761+0800][78.413s][info][gc,marking  ] GC(158) Concurrent Scan Root Regions 0.380ms
[2026-03-19T11:23:09.761+0800][78.413s][info][gc,marking  ] GC(158) Concurrent Mark
[2026-03-19T11:23:09.761+0800][78.413s][info][gc,marking  ] GC(158) Concurrent Mark From Roots
[2026-03-19T11:23:09.761+0800][78.413s][info][gc,task     ] GC(158) Using 3 workers of 3 for marking
[2026-03-19T11:23:09.774+0800][78.425s][info][gc,marking  ] GC(158) Concurrent Mark From Roots 12.049ms
[2026-03-19T11:23:09.774+0800][78.425s][info][gc,marking  ] GC(158) Concurrent Preclean
[2026-03-19T11:23:09.774+0800][78.425s][info][gc,marking  ] GC(158) Concurrent Preclean 0.285ms
[2026-03-19T11:23:09.774+0800][78.426s][info][gc,start    ] GC(158) Pause Remark
[2026-03-19T11:23:09.780+0800][78.431s][info][gc          ] GC(158) Pause Remark 71M->41M(128M) 5.410ms
[2026-03-19T11:23:09.780+0800][78.432s][info][gc,cpu      ] GC(158) User=0.00s Sys=0.00s Real=0.01s
[2026-03-19T11:23:09.780+0800][78.432s][info][gc,marking  ] GC(158) Concurrent Mark 18.895ms
[2026-03-19T11:23:09.780+0800][78.432s][info][gc,marking  ] GC(158) Concurrent Rebuild Remembered Sets
[2026-03-19T11:23:09.785+0800][78.437s][info][gc,marking  ] GC(158) Concurrent Rebuild Remembered Sets 5.107ms
[2026-03-19T11:23:09.785+0800][78.437s][info][gc,start    ] GC(158) Pause Cleanup
[2026-03-19T11:23:09.787+0800][78.438s][info][gc          ] GC(158) Pause Cleanup 41M->41M(128M) 0.344ms
[2026-03-19T11:23:09.787+0800][78.438s][info][gc,cpu      ] GC(158) User=0.00s Sys=0.00s Real=0.00s
[2026-03-19T11:23:09.787+0800][78.438s][info][gc,marking  ] GC(158) Concurrent Cleanup for Next Mark
[2026-03-19T11:23:09.787+0800][78.438s][info][gc,marking  ] GC(158) Concurrent Cleanup for Next Mark 0.425ms
[2026-03-19T11:23:09.787+0800][78.439s][info][gc          ] GC(158) Concurrent Mark Cycle 26.617ms
[2026-03-19T11:23:10.389+0800][79.041s][info][gc,start    ] GC(159) Pause Young (Concurrent Start) (G1 Humongous Allocation)
[2026-03-19T11:23:10.389+0800][79.041s][info][gc,task     ] GC(159) Using 3 workers of 13 for evacuation
[2026-03-19T11:23:10.392+0800][79.044s][info][gc,phases   ] GC(159)   Pre Evacuate Collection Set: 0.2ms
[2026-03-19T11:23:10.392+0800][79.044s][info][gc,phases   ] GC(159)   Merge Heap Roots: 0.1ms
[2026-03-19T11:23:10.392+0800][79.044s][info][gc,phases   ] GC(159)   Evacuate Collection Set: 1.9ms
[2026-03-19T11:23:10.393+0800][79.044s][info][gc,phases   ] GC(159)   Post Evacuate Collection Set: 0.5ms
[2026-03-19T11:23:10.393+0800][79.045s][info][gc,phases   ] GC(159)   Other: 0.4ms
[2026-03-19T11:23:10.393+0800][79.045s][info][gc,heap     ] GC(159) Eden regions: 9->0(39)
[2026-03-19T11:23:10.393+0800][79.045s][info][gc,heap     ] GC(159) Survivor regions: 2->2(5)
[2026-03-19T11:23:10.393+0800][79.045s][info][gc,heap     ] GC(159) Old regions: 20->20
[2026-03-19T11:23:10.393+0800][79.045s][info][gc,heap     ] GC(159) Archive regions: 0->0
[2026-03-19T11:23:10.393+0800][79.045s][info][gc,heap     ] GC(159) Humongous regions: 37->37
[2026-03-19T11:23:10.393+0800][79.045s][info][gc,metaspace] GC(159) Metaspace: 24276K(24640K)->24276K(24640K) NonClass: 21491K(21696K)->21491K(21696K) Class: 2785K(2944K)->2785K(2944K)
[2026-03-19T11:23:10.393+0800][79.045s][info][gc          ] GC(159) Pause Young (Concurrent Start) (G1 Humongous Allocation) 67M->57M(128M) 3.970ms
[2026-03-19T11:23:10.393+0800][79.045s][info][gc,cpu      ] GC(159) User=0.00s Sys=0.00s Real=0.00s
[2026-03-19T11:23:10.393+0800][79.045s][info][gc          ] GC(160) Concurrent Undo Cycle
[2026-03-19T11:23:10.393+0800][79.045s][info][gc,marking  ] GC(160) Concurrent Cleanup for Next Mark
[2026-03-19T11:23:10.394+0800][79.046s][info][gc,marking  ] GC(160) Concurrent Cleanup for Next Mark 0.346ms
[2026-03-19T11:23:10.394+0800][79.046s][info][gc          ] GC(160) Concurrent Undo Cycle 0.651ms
[2026-03-19T11:23:10.757+0800][79.408s][info][gc,start    ] GC(161) Pause Young (Concurrent Start) (G1 Humongous Allocation)
[2026-03-19T11:23:10.757+0800][79.408s][info][gc,task     ] GC(161) Using 3 workers of 13 for evacuation
[2026-03-19T11:23:10.758+0800][79.410s][info][gc,phases   ] GC(161)   Pre Evacuate Collection Set: 0.1ms
[2026-03-19T11:23:10.758+0800][79.410s][info][gc,phases   ] GC(161)   Merge Heap Roots: 0.1ms
[2026-03-19T11:23:10.758+0800][79.410s][info][gc,phases   ] GC(161)   Evacuate Collection Set: 0.8ms
[2026-03-19T11:23:10.758+0800][79.410s][info][gc,phases   ] GC(161)   Post Evacuate Collection Set: 0.5ms
[2026-03-19T11:23:10.758+0800][79.410s][info][gc,phases   ] GC(161)   Other: 0.4ms
[2026-03-19T11:23:10.758+0800][79.410s][info][gc,heap     ] GC(161) Eden regions: 4->0(35)
[2026-03-19T11:23:10.758+0800][79.410s][info][gc,heap     ] GC(161) Survivor regions: 2->2(6)
[2026-03-19T11:23:10.758+0800][79.410s][info][gc,heap     ] GC(161) Old regions: 20->20
[2026-03-19T11:23:10.758+0800][79.410s][info][gc,heap     ] GC(161) Archive regions: 0->0
[2026-03-19T11:23:10.758+0800][79.410s][info][gc,heap     ] GC(161) Humongous regions: 39->39
[2026-03-19T11:23:10.759+0800][79.410s][info][gc,metaspace] GC(161) Metaspace: 24276K(24640K)->24276K(24640K) NonClass: 21491K(21696K)->21491K(21696K) Class: 2785K(2944K)->2785K(2944K)
[2026-03-19T11:23:10.759+0800][79.410s][info][gc          ] GC(161) Pause Young (Concurrent Start) (G1 Humongous Allocation) 63M->60M(128M) 2.596ms
[2026-03-19T11:23:10.759+0800][79.411s][info][gc,cpu      ] GC(161) User=0.00s Sys=0.00s Real=0.00s
[2026-03-19T11:23:10.759+0800][79.411s][info][gc          ] GC(162) Concurrent Mark Cycle
[2026-03-19T11:23:10.759+0800][79.411s][info][gc,marking  ] GC(162) Concurrent Clear Claimed Marks
[2026-03-19T11:23:10.759+0800][79.411s][info][gc,marking  ] GC(162) Concurrent Clear Claimed Marks 0.074ms
[2026-03-19T11:23:10.759+0800][79.411s][info][gc,marking  ] GC(162) Concurrent Scan Root Regions
[2026-03-19T11:23:10.759+0800][79.411s][info][gc,marking  ] GC(162) Concurrent Scan Root Regions 0.225ms
[2026-03-19T11:23:10.759+0800][79.411s][info][gc,marking  ] GC(162) Concurrent Mark
[2026-03-19T11:23:10.759+0800][79.411s][info][gc,marking  ] GC(162) Concurrent Mark From Roots
[2026-03-19T11:23:10.759+0800][79.411s][info][gc,task     ] GC(162) Using 3 workers of 3 for marking
[2026-03-19T11:23:10.768+0800][79.420s][info][gc,marking  ] GC(162) Concurrent Mark From Roots 8.757ms
[2026-03-19T11:23:10.769+0800][79.420s][info][gc,marking  ] GC(162) Concurrent Preclean
[2026-03-19T11:23:10.769+0800][79.421s][info][gc,marking  ] GC(162) Concurrent Preclean 0.285ms
[2026-03-19T11:23:10.769+0800][79.421s][info][gc,start    ] GC(162) Pause Remark
[2026-03-19T11:23:10.773+0800][79.425s][info][gc          ] GC(162) Pause Remark 71M->41M(128M) 3.851ms
[2026-03-19T11:23:10.773+0800][79.425s][info][gc,cpu      ] GC(162) User=0.05s Sys=0.00s Real=0.00s
[2026-03-19T11:23:10.774+0800][79.425s][info][gc,marking  ] GC(162) Concurrent Mark 14.021ms
[2026-03-19T11:23:10.774+0800][79.425s][info][gc,marking  ] GC(162) Concurrent Rebuild Remembered Sets
[2026-03-19T11:23:10.779+0800][79.430s][info][gc,marking  ] GC(162) Concurrent Rebuild Remembered Sets 4.560ms
[2026-03-19T11:23:10.779+0800][79.430s][info][gc,start    ] GC(162) Pause Cleanup
[2026-03-19T11:23:10.779+0800][79.431s][info][gc          ] GC(162) Pause Cleanup 41M->41M(128M) 0.312ms
[2026-03-19T11:23:10.780+0800][79.431s][info][gc,cpu      ] GC(162) User=0.00s Sys=0.00s Real=0.00s
[2026-03-19T11:23:10.780+0800][79.431s][info][gc,marking  ] GC(162) Concurrent Cleanup for Next Mark
[2026-03-19T11:23:10.780+0800][79.431s][info][gc,marking  ] GC(162) Concurrent Cleanup for Next Mark 0.381ms
[2026-03-19T11:23:10.780+0800][79.431s][info][gc          ] GC(162) Concurrent Mark Cycle 20.859ms
[2026-03-19T11:23:11.394+0800][80.046s][info][gc,start    ] GC(163) Pause Young (Concurrent Start) (G1 Humongous Allocation)
[2026-03-19T11:23:11.394+0800][80.046s][info][gc,task     ] GC(163) Using 3 workers of 13 for evacuation
[2026-03-19T11:23:11.397+0800][80.048s][info][gc,phases   ] GC(163)   Pre Evacuate Collection Set: 0.2ms
[2026-03-19T11:23:11.397+0800][80.049s][info][gc,phases   ] GC(163)   Merge Heap Roots: 0.2ms
[2026-03-19T11:23:11.397+0800][80.049s][info][gc,phases   ] GC(163)   Evacuate Collection Set: 0.8ms
[2026-03-19T11:23:11.397+0800][80.049s][info][gc,phases   ] GC(163)   Post Evacuate Collection Set: 0.9ms
[2026-03-19T11:23:11.397+0800][80.049s][info][gc,phases   ] GC(163)   Other: 0.5ms
[2026-03-19T11:23:11.397+0800][80.049s][info][gc,heap     ] GC(163) Eden regions: 9->0(39)
[2026-03-19T11:23:11.398+0800][80.049s][info][gc,heap     ] GC(163) Survivor regions: 2->2(5)
[2026-03-19T11:23:11.398+0800][80.049s][info][gc,heap     ] GC(163) Old regions: 20->20
[2026-03-19T11:23:11.398+0800][80.049s][info][gc,heap     ] GC(163) Archive regions: 0->0
[2026-03-19T11:23:11.398+0800][80.049s][info][gc,heap     ] GC(163) Humongous regions: 37->37
[2026-03-19T11:23:11.398+0800][80.049s][info][gc,metaspace] GC(163) Metaspace: 24276K(24640K)->24276K(24640K) NonClass: 21491K(21696K)->21491K(21696K) Class: 2785K(2944K)->2785K(2944K)
[2026-03-19T11:23:11.398+0800][80.049s][info][gc          ] GC(163) Pause Young (Concurrent Start) (G1 Humongous Allocation) 67M->57M(128M) 3.523ms
[2026-03-19T11:23:11.398+0800][80.049s][info][gc,cpu      ] GC(163) User=0.05s Sys=0.00s Real=0.00s
[2026-03-19T11:23:11.398+0800][80.049s][info][gc          ] GC(164) Concurrent Undo Cycle
[2026-03-19T11:23:11.398+0800][80.050s][info][gc,marking  ] GC(164) Concurrent Cleanup for Next Mark
[2026-03-19T11:23:11.399+0800][80.050s][info][gc,marking  ] GC(164) Concurrent Cleanup for Next Mark 0.513ms
[2026-03-19T11:23:11.399+0800][80.050s][info][gc          ] GC(164) Concurrent Undo Cycle 0.869ms
[2026-03-19T11:23:11.713+0800][80.365s][info][gc,start    ] GC(165) Pause Young (Concurrent Start) (G1 Humongous Allocation)
[2026-03-19T11:23:11.714+0800][80.365s][info][gc,task     ] GC(165) Using 3 workers of 13 for evacuation
[2026-03-19T11:23:11.716+0800][80.367s][info][gc,phases   ] GC(165)   Pre Evacuate Collection Set: 0.2ms
[2026-03-19T11:23:11.716+0800][80.368s][info][gc,phases   ] GC(165)   Merge Heap Roots: 0.1ms
[2026-03-19T11:23:11.716+0800][80.368s][info][gc,phases   ] GC(165)   Evacuate Collection Set: 0.7ms
[2026-03-19T11:23:11.716+0800][80.368s][info][gc,phases   ] GC(165)   Post Evacuate Collection Set: 0.8ms
[2026-03-19T11:23:11.717+0800][80.368s][info][gc,phases   ] GC(165)   Other: 0.3ms
[2026-03-19T11:23:11.717+0800][80.368s][info][gc,heap     ] GC(165) Eden regions: 4->0(33)
[2026-03-19T11:23:11.717+0800][80.368s][info][gc,heap     ] GC(165) Survivor regions: 2->2(6)
[2026-03-19T11:23:11.717+0800][80.368s][info][gc,heap     ] GC(165) Old regions: 20->20
[2026-03-19T11:23:11.717+0800][80.368s][info][gc,heap     ] GC(165) Archive regions: 0->0
[2026-03-19T11:23:11.717+0800][80.368s][info][gc,heap     ] GC(165) Humongous regions: 39->39
[2026-03-19T11:23:11.717+0800][80.368s][info][gc,metaspace] GC(165) Metaspace: 24276K(24640K)->24276K(24640K) NonClass: 21491K(21696K)->21491K(21696K) Class: 2785K(2944K)->2785K(2944K)
[2026-03-19T11:23:11.717+0800][80.369s][info][gc          ] GC(165) Pause Young (Concurrent Start) (G1 Humongous Allocation) 63M->60M(128M) 3.276ms
[2026-03-19T11:23:11.717+0800][80.369s][info][gc,cpu      ] GC(165) User=0.00s Sys=0.00s Real=0.00s
[2026-03-19T11:23:11.718+0800][80.369s][info][gc          ] GC(166) Concurrent Mark Cycle
[2026-03-19T11:23:11.718+0800][80.369s][info][gc,marking  ] GC(166) Concurrent Clear Claimed Marks
[2026-03-19T11:23:11.718+0800][80.369s][info][gc,marking  ] GC(166) Concurrent Clear Claimed Marks 0.134ms
[2026-03-19T11:23:11.718+0800][80.369s][info][gc,marking  ] GC(166) Concurrent Scan Root Regions
[2026-03-19T11:23:11.718+0800][80.370s][info][gc,marking  ] GC(166) Concurrent Scan Root Regions 0.464ms
[2026-03-19T11:23:11.719+0800][80.370s][info][gc,marking  ] GC(166) Concurrent Mark
[2026-03-19T11:23:11.719+0800][80.370s][info][gc,marking  ] GC(166) Concurrent Mark From Roots
[2026-03-19T11:23:11.719+0800][80.370s][info][gc,task     ] GC(166) Using 3 workers of 3 for marking
[2026-03-19T11:23:11.727+0800][80.379s][info][gc,marking  ] GC(166) Concurrent Mark From Roots 8.861ms
[2026-03-19T11:23:11.727+0800][80.379s][info][gc,marking  ] GC(166) Concurrent Preclean
[2026-03-19T11:23:11.727+0800][80.379s][info][gc,marking  ] GC(166) Concurrent Preclean 0.204ms
[2026-03-19T11:23:11.728+0800][80.380s][info][gc,start    ] GC(166) Pause Remark
[2026-03-19T11:23:11.733+0800][80.385s][info][gc          ] GC(166) Pause Remark 71M->41M(128M) 5.347ms
[2026-03-19T11:23:11.733+0800][80.385s][info][gc,cpu      ] GC(166) User=0.00s Sys=0.00s Real=0.01s
[2026-03-19T11:23:11.734+0800][80.386s][info][gc,marking  ] GC(166) Concurrent Mark 15.489ms
[2026-03-19T11:23:11.734+0800][80.386s][info][gc,marking  ] GC(166) Concurrent Rebuild Remembered Sets
[2026-03-19T11:23:11.738+0800][80.390s][info][gc,marking  ] GC(166) Concurrent Rebuild Remembered Sets 4.211ms
[2026-03-19T11:23:11.739+0800][80.390s][info][gc,start    ] GC(166) Pause Cleanup
[2026-03-19T11:23:11.739+0800][80.390s][info][gc          ] GC(166) Pause Cleanup 41M->41M(128M) 0.254ms
[2026-03-19T11:23:11.739+0800][80.390s][info][gc,cpu      ] GC(166) User=0.00s Sys=0.00s Real=0.00s
[2026-03-19T11:23:11.739+0800][80.391s][info][gc,marking  ] GC(166) Concurrent Cleanup for Next Mark
[2026-03-19T11:23:11.739+0800][80.391s][info][gc,marking  ] GC(166) Concurrent Cleanup for Next Mark 0.307ms
[2026-03-19T11:23:11.740+0800][80.391s][info][gc          ] GC(166) Concurrent Mark Cycle 22.044ms
[2026-03-19T11:23:12.344+0800][80.996s][info][gc,start    ] GC(167) Pause Young (Concurrent Start) (G1 Humongous Allocation)
[2026-03-19T11:23:12.344+0800][80.996s][info][gc,task     ] GC(167) Using 3 workers of 13 for evacuation
[2026-03-19T11:23:12.347+0800][80.998s][info][gc,phases   ] GC(167)   Pre Evacuate Collection Set: 0.2ms
[2026-03-19T11:23:12.347+0800][80.998s][info][gc,phases   ] GC(167)   Merge Heap Roots: 0.1ms
[2026-03-19T11:23:12.347+0800][80.998s][info][gc,phases   ] GC(167)   Evacuate Collection Set: 0.7ms
[2026-03-19T11:23:12.347+0800][80.998s][info][gc,phases   ] GC(167)   Post Evacuate Collection Set: 0.8ms
[2026-03-19T11:23:12.347+0800][80.998s][info][gc,phases   ] GC(167)   Other: 0.4ms
[2026-03-19T11:23:12.347+0800][80.998s][info][gc,heap     ] GC(167) Eden regions: 10->0(38)
[2026-03-19T11:23:12.347+0800][80.998s][info][gc,heap     ] GC(167) Survivor regions: 2->1(5)
[2026-03-19T11:23:12.347+0800][80.998s][info][gc,heap     ] GC(167) Old regions: 20->20
[2026-03-19T11:23:12.347+0800][80.999s][info][gc,heap     ] GC(167) Archive regions: 0->0
[2026-03-19T11:23:12.347+0800][80.999s][info][gc,heap     ] GC(167) Humongous regions: 37->37
[2026-03-19T11:23:12.347+0800][80.999s][info][gc,metaspace] GC(167) Metaspace: 24277K(24640K)->24277K(24640K) NonClass: 21491K(21696K)->21491K(21696K) Class: 2785K(2944K)->2785K(2944K)
[2026-03-19T11:23:12.347+0800][80.999s][info][gc          ] GC(167) Pause Young (Concurrent Start) (G1 Humongous Allocation) 67M->56M(128M) 3.074ms
[2026-03-19T11:23:12.347+0800][80.999s][info][gc,cpu      ] GC(167) User=0.00s Sys=0.00s Real=0.00s
[2026-03-19T11:23:12.348+0800][80.999s][info][gc          ] GC(168) Concurrent Undo Cycle
[2026-03-19T11:23:12.348+0800][80.999s][info][gc,marking  ] GC(168) Concurrent Cleanup for Next Mark
[2026-03-19T11:23:12.348+0800][81.000s][info][gc,marking  ] GC(168) Concurrent Cleanup for Next Mark 0.514ms
[2026-03-19T11:23:12.349+0800][81.000s][info][gc          ] GC(168) Concurrent Undo Cycle 0.915ms
[2026-03-19T11:23:12.652+0800][81.304s][info][gc,start    ] GC(169) Pause Young (Concurrent Start) (G1 Humongous Allocation)
[2026-03-19T11:23:12.652+0800][81.304s][info][gc,task     ] GC(169) Using 3 workers of 13 for evacuation
[2026-03-19T11:23:12.655+0800][81.306s][info][gc,phases   ] GC(169)   Pre Evacuate Collection Set: 0.2ms
[2026-03-19T11:23:12.655+0800][81.307s][info][gc,phases   ] GC(169)   Merge Heap Roots: 0.2ms
[2026-03-19T11:23:12.655+0800][81.307s][info][gc,phases   ] GC(169)   Evacuate Collection Set: 0.9ms
[2026-03-19T11:23:12.655+0800][81.307s][info][gc,phases   ] GC(169)   Post Evacuate Collection Set: 0.8ms
[2026-03-19T11:23:12.655+0800][81.307s][info][gc,phases   ] GC(169)   Other: 0.5ms
[2026-03-19T11:23:12.655+0800][81.307s][info][gc,heap     ] GC(169) Eden regions: 4->0(30)
[2026-03-19T11:23:12.655+0800][81.307s][info][gc,heap     ] GC(169) Survivor regions: 1->2(5)
[2026-03-19T11:23:12.655+0800][81.307s][info][gc,heap     ] GC(169) Old regions: 20->20
[2026-03-19T11:23:12.655+0800][81.307s][info][gc,heap     ] GC(169) Archive regions: 0->0
[2026-03-19T11:23:12.655+0800][81.307s][info][gc,heap     ] GC(169) Humongous regions: 39->39
[2026-03-19T11:23:12.655+0800][81.307s][info][gc,metaspace] GC(169) Metaspace: 24277K(24640K)->24277K(24640K) NonClass: 21491K(21696K)->21491K(21696K) Class: 2785K(2944K)->2785K(2944K)
[2026-03-19T11:23:12.655+0800][81.307s][info][gc          ] GC(169) Pause Young (Concurrent Start) (G1 Humongous Allocation) 62M->60M(128M) 3.387ms
[2026-03-19T11:23:12.655+0800][81.307s][info][gc,cpu      ] GC(169) User=0.00s Sys=0.00s Real=0.00s
[2026-03-19T11:23:12.656+0800][81.308s][info][gc          ] GC(170) Concurrent Mark Cycle
[2026-03-19T11:23:12.656+0800][81.308s][info][gc,marking  ] GC(170) Concurrent Clear Claimed Marks
[2026-03-19T11:23:12.656+0800][81.308s][info][gc,marking  ] GC(170) Concurrent Clear Claimed Marks 0.094ms
[2026-03-19T11:23:12.656+0800][81.308s][info][gc,marking  ] GC(170) Concurrent Scan Root Regions
[2026-03-19T11:23:12.656+0800][81.308s][info][gc,marking  ] GC(170) Concurrent Scan Root Regions 0.356ms
[2026-03-19T11:23:12.656+0800][81.308s][info][gc,marking  ] GC(170) Concurrent Mark
[2026-03-19T11:23:12.656+0800][81.309s][info][gc,marking  ] GC(170) Concurrent Mark From Roots
[2026-03-19T11:23:12.656+0800][81.309s][info][gc,task     ] GC(170) Using 3 workers of 3 for marking
[2026-03-19T11:23:12.668+0800][81.320s][info][gc,marking  ] GC(170) Concurrent Mark From Roots 10.992ms
[2026-03-19T11:23:12.668+0800][81.320s][info][gc,marking  ] GC(170) Concurrent Preclean
[2026-03-19T11:23:12.668+0800][81.320s][info][gc,marking  ] GC(170) Concurrent Preclean 0.334ms
[2026-03-19T11:23:12.669+0800][81.321s][info][gc,start    ] GC(170) Pause Remark
[2026-03-19T11:23:12.675+0800][81.326s][info][gc          ] GC(170) Pause Remark 71M->41M(128M) 5.669ms
[2026-03-19T11:23:12.675+0800][81.327s][info][gc,cpu      ] GC(170) User=0.00s Sys=0.00s Real=0.01s
[2026-03-19T11:23:12.675+0800][81.327s][info][gc,marking  ] GC(170) Concurrent Mark 18.297ms
[2026-03-19T11:23:12.675+0800][81.327s][info][gc,marking  ] GC(170) Concurrent Rebuild Remembered Sets
[2026-03-19T11:23:12.682+0800][81.334s][info][gc,marking  ] GC(170) Concurrent Rebuild Remembered Sets 6.621ms
[2026-03-19T11:23:12.683+0800][81.334s][info][gc,start    ] GC(170) Pause Cleanup
[2026-03-19T11:23:12.683+0800][81.335s][info][gc          ] GC(170) Pause Cleanup 41M->41M(128M) 0.526ms
[2026-03-19T11:23:12.683+0800][81.335s][info][gc,cpu      ] GC(170) User=0.00s Sys=0.00s Real=0.00s
[2026-03-19T11:23:12.684+0800][81.335s][info][gc,marking  ] GC(170) Concurrent Cleanup for Next Mark
[2026-03-19T11:23:12.684+0800][81.336s][info][gc,marking  ] GC(170) Concurrent Cleanup for Next Mark 0.653ms
[2026-03-19T11:23:12.684+0800][81.336s][info][gc          ] GC(170) Concurrent Mark Cycle 28.251ms
[2026-03-19T11:23:13.281+0800][81.932s][info][gc,start    ] GC(171) Pause Young (Concurrent Start) (G1 Humongous Allocation)
[2026-03-19T11:23:13.281+0800][81.933s][info][gc,task     ] GC(171) Using 3 workers of 13 for evacuation
[2026-03-19T11:23:13.283+0800][81.935s][info][gc,phases   ] GC(171)   Pre Evacuate Collection Set: 0.3ms
[2026-03-19T11:23:13.284+0800][81.935s][info][gc,phases   ] GC(171)   Merge Heap Roots: 0.2ms
[2026-03-19T11:23:13.284+0800][81.935s][info][gc,phases   ] GC(171)   Evacuate Collection Set: 0.9ms
[2026-03-19T11:23:13.284+0800][81.935s][info][gc,phases   ] GC(171)   Post Evacuate Collection Set: 0.8ms
[2026-03-19T11:23:13.284+0800][81.936s][info][gc,phases   ] GC(171)   Other: 0.5ms
[2026-03-19T11:23:13.284+0800][81.936s][info][gc,heap     ] GC(171) Eden regions: 9->0(35)
[2026-03-19T11:23:13.284+0800][81.936s][info][gc,heap     ] GC(171) Survivor regions: 2->1(4)
[2026-03-19T11:23:13.284+0800][81.936s][info][gc,heap     ] GC(171) Old regions: 20->20
[2026-03-19T11:23:13.284+0800][81.936s][info][gc,heap     ] GC(171) Archive regions: 0->0
[2026-03-19T11:23:13.284+0800][81.936s][info][gc,heap     ] GC(171) Humongous regions: 37->37
[2026-03-19T11:23:13.284+0800][81.936s][info][gc,metaspace] GC(171) Metaspace: 24285K(24640K)->24285K(24640K) NonClass: 21500K(21696K)->21500K(21696K) Class: 2785K(2944K)->2785K(2944K)
[2026-03-19T11:23:13.284+0800][81.936s][info][gc          ] GC(171) Pause Young (Concurrent Start) (G1 Humongous Allocation) 67M->56M(128M) 3.743ms
[2026-03-19T11:23:13.285+0800][81.936s][info][gc,cpu      ] GC(171) User=0.00s Sys=0.00s Real=0.00s
[2026-03-19T11:23:13.285+0800][81.936s][info][gc          ] GC(172) Concurrent Undo Cycle
[2026-03-19T11:23:13.285+0800][81.936s][info][gc,marking  ] GC(172) Concurrent Cleanup for Next Mark
[2026-03-19T11:23:13.285+0800][81.937s][info][gc,marking  ] GC(172) Concurrent Cleanup for Next Mark 0.476ms
[2026-03-19T11:23:13.285+0800][81.937s][info][gc          ] GC(172) Concurrent Undo Cycle 0.823ms
[2026-03-19T11:23:13.602+0800][82.253s][info][gc,start    ] GC(173) Pause Young (Concurrent Start) (G1 Humongous Allocation)
[2026-03-19T11:23:13.602+0800][82.253s][info][gc,task     ] GC(173) Using 3 workers of 13 for evacuation
[2026-03-19T11:23:13.604+0800][82.256s][info][gc,phases   ] GC(173)   Pre Evacuate Collection Set: 0.2ms
[2026-03-19T11:23:13.604+0800][82.256s][info][gc,phases   ] GC(173)   Merge Heap Roots: 0.2ms
[2026-03-19T11:23:13.604+0800][82.256s][info][gc,phases   ] GC(173)   Evacuate Collection Set: 0.7ms
[2026-03-19T11:23:13.604+0800][82.256s][info][gc,phases   ] GC(173)   Post Evacuate Collection Set: 0.9ms
[2026-03-19T11:23:13.605+0800][82.256s][info][gc,phases   ] GC(173)   Other: 0.4ms
[2026-03-19T11:23:13.605+0800][82.256s][info][gc,heap     ] GC(173) Eden regions: 4->0(29)
[2026-03-19T11:23:13.605+0800][82.256s][info][gc,heap     ] GC(173) Survivor regions: 1->2(5)
[2026-03-19T11:23:13.605+0800][82.256s][info][gc,heap     ] GC(173) Old regions: 20->20
[2026-03-19T11:23:13.605+0800][82.256s][info][gc,heap     ] GC(173) Archive regions: 0->0
[2026-03-19T11:23:13.605+0800][82.256s][info][gc,heap     ] GC(173) Humongous regions: 39->39
[2026-03-19T11:23:13.605+0800][82.256s][info][gc,metaspace] GC(173) Metaspace: 24285K(24640K)->24285K(24640K) NonClass: 21500K(21696K)->21500K(21696K) Class: 2785K(2944K)->2785K(2944K)
[2026-03-19T11:23:13.605+0800][82.256s][info][gc          ] GC(173) Pause Young (Concurrent Start) (G1 Humongous Allocation) 62M->60M(128M) 3.076ms
[2026-03-19T11:23:13.605+0800][82.256s][info][gc,cpu      ] GC(173) User=0.00s Sys=0.00s Real=0.00s
[2026-03-19T11:23:13.605+0800][82.257s][info][gc          ] GC(174) Concurrent Mark Cycle
[2026-03-19T11:23:13.605+0800][82.257s][info][gc,marking  ] GC(174) Concurrent Clear Claimed Marks
[2026-03-19T11:23:13.605+0800][82.257s][info][gc,marking  ] GC(174) Concurrent Clear Claimed Marks 0.082ms
[2026-03-19T11:23:13.605+0800][82.257s][info][gc,marking  ] GC(174) Concurrent Scan Root Regions
[2026-03-19T11:23:13.605+0800][82.257s][info][gc,marking  ] GC(174) Concurrent Scan Root Regions 0.291ms
[2026-03-19T11:23:13.605+0800][82.257s][info][gc,marking  ] GC(174) Concurrent Mark
[2026-03-19T11:23:13.605+0800][82.257s][info][gc,marking  ] GC(174) Concurrent Mark From Roots
[2026-03-19T11:23:13.606+0800][82.257s][info][gc,task     ] GC(174) Using 3 workers of 3 for marking
[2026-03-19T11:23:13.614+0800][82.265s][info][gc,marking  ] GC(174) Concurrent Mark From Roots 8.140ms
[2026-03-19T11:23:13.614+0800][82.266s][info][gc,marking  ] GC(174) Concurrent Preclean
[2026-03-19T11:23:13.614+0800][82.266s][info][gc,marking  ] GC(174) Concurrent Preclean 0.213ms
[2026-03-19T11:23:13.614+0800][82.266s][info][gc,start    ] GC(174) Pause Remark
[2026-03-19T11:23:13.622+0800][82.273s][info][gc          ] GC(174) Pause Remark 71M->41M(128M) 6.639ms
[2026-03-19T11:23:13.622+0800][82.273s][info][gc,cpu      ] GC(174) User=0.00s Sys=0.00s Real=0.01s
[2026-03-19T11:23:13.622+0800][82.274s][info][gc,marking  ] GC(174) Concurrent Mark 16.284ms
[2026-03-19T11:23:13.623+0800][82.274s][info][gc,marking  ] GC(174) Concurrent Rebuild Remembered Sets
[2026-03-19T11:23:13.630+0800][82.282s][info][gc,marking  ] GC(174) Concurrent Rebuild Remembered Sets 7.982ms
[2026-03-19T11:23:13.631+0800][82.283s][info][gc,start    ] GC(174) Pause Cleanup
[2026-03-19T11:23:13.631+0800][82.283s][info][gc          ] GC(174) Pause Cleanup 41M->41M(128M) 0.387ms
[2026-03-19T11:23:13.632+0800][82.283s][info][gc,cpu      ] GC(174) User=0.00s Sys=0.00s Real=0.00s
[2026-03-19T11:23:13.632+0800][82.284s][info][gc,marking  ] GC(174) Concurrent Cleanup for Next Mark
[2026-03-19T11:23:13.632+0800][82.284s][info][gc,marking  ] GC(174) Concurrent Cleanup for Next Mark 0.598ms
[2026-03-19T11:23:13.633+0800][82.284s][info][gc          ] GC(174) Concurrent Mark Cycle 27.940ms
[2026-03-19T11:23:14.242+0800][82.893s][info][gc,start    ] GC(175) Pause Young (Concurrent Start) (G1 Humongous Allocation)
[2026-03-19T11:23:14.242+0800][82.894s][info][gc,task     ] GC(175) Using 3 workers of 13 for evacuation
[2026-03-19T11:23:14.244+0800][82.896s][info][gc,phases   ] GC(175)   Pre Evacuate Collection Set: 0.3ms
[2026-03-19T11:23:14.245+0800][82.896s][info][gc,phases   ] GC(175)   Merge Heap Roots: 0.3ms
[2026-03-19T11:23:14.245+0800][82.897s][info][gc,phases   ] GC(175)   Evacuate Collection Set: 1.0ms
[2026-03-19T11:23:14.245+0800][82.897s][info][gc,phases   ] GC(175)   Post Evacuate Collection Set: 0.8ms
[2026-03-19T11:23:14.245+0800][82.897s][info][gc,phases   ] GC(175)   Other: 0.4ms
[2026-03-19T11:23:14.245+0800][82.897s][info][gc,heap     ] GC(175) Eden regions: 10->0(34)
[2026-03-19T11:23:14.245+0800][82.897s][info][gc,heap     ] GC(175) Survivor regions: 2->1(4)
[2026-03-19T11:23:14.245+0800][82.897s][info][gc,heap     ] GC(175) Old regions: 20->20
[2026-03-19T11:23:14.245+0800][82.897s][info][gc,heap     ] GC(175) Archive regions: 0->0
[2026-03-19T11:23:14.245+0800][82.897s][info][gc,heap     ] GC(175) Humongous regions: 37->37
[2026-03-19T11:23:14.245+0800][82.897s][info][gc,metaspace] GC(175) Metaspace: 24288K(24640K)->24288K(24640K) NonClass: 21502K(21696K)->21502K(21696K) Class: 2785K(2944K)->2785K(2944K)
[2026-03-19T11:23:14.245+0800][82.897s][info][gc          ] GC(175) Pause Young (Concurrent Start) (G1 Humongous Allocation) 67M->56M(128M) 3.918ms
[2026-03-19T11:23:14.246+0800][82.897s][info][gc,cpu      ] GC(175) User=0.00s Sys=0.00s Real=0.00s
[2026-03-19T11:23:14.246+0800][82.898s][info][gc          ] GC(176) Concurrent Undo Cycle
[2026-03-19T11:23:14.246+0800][82.898s][info][gc,marking  ] GC(176) Concurrent Cleanup for Next Mark
[2026-03-19T11:23:14.247+0800][82.898s][info][gc,marking  ] GC(176) Concurrent Cleanup for Next Mark 0.570ms
[2026-03-19T11:23:14.247+0800][82.899s][info][gc          ] GC(176) Concurrent Undo Cycle 1.017ms
[2026-03-19T11:23:14.551+0800][83.202s][info][gc,start    ] GC(177) Pause Young (Concurrent Start) (G1 Humongous Allocation)
[2026-03-19T11:23:14.551+0800][83.202s][info][gc,task     ] GC(177) Using 3 workers of 13 for evacuation
[2026-03-19T11:23:14.553+0800][83.204s][info][gc,phases   ] GC(177)   Pre Evacuate Collection Set: 0.2ms
[2026-03-19T11:23:14.553+0800][83.205s][info][gc,phases   ] GC(177)   Merge Heap Roots: 0.2ms
[2026-03-19T11:23:14.553+0800][83.205s][info][gc,phases   ] GC(177)   Evacuate Collection Set: 0.9ms
[2026-03-19T11:23:14.553+0800][83.205s][info][gc,phases   ] GC(177)   Post Evacuate Collection Set: 0.8ms
[2026-03-19T11:23:14.554+0800][83.205s][info][gc,phases   ] GC(177)   Other: 0.5ms
[2026-03-19T11:23:14.554+0800][83.205s][info][gc,heap     ] GC(177) Eden regions: 4->0(28)
[2026-03-19T11:23:14.554+0800][83.205s][info][gc,heap     ] GC(177) Survivor regions: 1->2(5)
[2026-03-19T11:23:14.554+0800][83.205s][info][gc,heap     ] GC(177) Old regions: 20->20
[2026-03-19T11:23:14.554+0800][83.205s][info][gc,heap     ] GC(177) Archive regions: 0->0
[2026-03-19T11:23:14.554+0800][83.205s][info][gc,heap     ] GC(177) Humongous regions: 39->39
[2026-03-19T11:23:14.554+0800][83.205s][info][gc,metaspace] GC(177) Metaspace: 24288K(24640K)->24288K(24640K) NonClass: 21502K(21696K)->21502K(21696K) Class: 2785K(2944K)->2785K(2944K)
[2026-03-19T11:23:14.554+0800][83.205s][info][gc          ] GC(177) Pause Young (Concurrent Start) (G1 Humongous Allocation) 62M->60M(128M) 3.451ms
[2026-03-19T11:23:14.554+0800][83.205s][info][gc,cpu      ] GC(177) User=0.02s Sys=0.02s Real=0.00s
[2026-03-19T11:23:14.554+0800][83.205s][info][gc          ] GC(178) Concurrent Mark Cycle
[2026-03-19T11:23:14.554+0800][83.206s][info][gc,marking  ] GC(178) Concurrent Clear Claimed Marks
[2026-03-19T11:23:14.555+0800][83.206s][info][gc,marking  ] GC(178) Concurrent Clear Claimed Marks 0.098ms
[2026-03-19T11:23:14.555+0800][83.206s][info][gc,marking  ] GC(178) Concurrent Scan Root Regions
[2026-03-19T11:23:14.555+0800][83.206s][info][gc,marking  ] GC(178) Concurrent Scan Root Regions 0.499ms
[2026-03-19T11:23:14.555+0800][83.206s][info][gc,marking  ] GC(178) Concurrent Mark
[2026-03-19T11:23:14.555+0800][83.207s][info][gc,marking  ] GC(178) Concurrent Mark From Roots
[2026-03-19T11:23:14.555+0800][83.207s][info][gc,task     ] GC(178) Using 3 workers of 3 for marking
[2026-03-19T11:23:14.567+0800][83.218s][info][gc,marking  ] GC(178) Concurrent Mark From Roots 11.911ms
[2026-03-19T11:23:14.567+0800][83.219s][info][gc,marking  ] GC(178) Concurrent Preclean
[2026-03-19T11:23:14.567+0800][83.219s][info][gc,marking  ] GC(178) Concurrent Preclean 0.361ms
[2026-03-19T11:23:14.568+0800][83.220s][info][gc,start    ] GC(178) Pause Remark
[2026-03-19T11:23:14.574+0800][83.226s][info][gc          ] GC(178) Pause Remark 71M->41M(128M) 6.447ms
[2026-03-19T11:23:14.574+0800][83.226s][info][gc,cpu      ] GC(178) User=0.00s Sys=0.00s Real=0.01s
[2026-03-19T11:23:14.574+0800][83.226s][info][gc,marking  ] GC(178) Concurrent Mark 19.951ms
[2026-03-19T11:23:14.574+0800][83.227s][info][gc,marking  ] GC(178) Concurrent Rebuild Remembered Sets
[2026-03-19T11:23:14.583+0800][83.234s][info][gc,marking  ] GC(178) Concurrent Rebuild Remembered Sets 7.424ms
[2026-03-19T11:23:14.584+0800][83.235s][info][gc,start    ] GC(178) Pause Cleanup
[2026-03-19T11:23:14.584+0800][83.235s][info][gc          ] GC(178) Pause Cleanup 41M->41M(128M) 0.495ms
[2026-03-19T11:23:14.584+0800][83.235s][info][gc,cpu      ] GC(178) User=0.00s Sys=0.00s Real=0.00s
[2026-03-19T11:23:14.585+0800][83.236s][info][gc,marking  ] GC(178) Concurrent Cleanup for Next Mark
[2026-03-19T11:23:14.585+0800][83.236s][info][gc,marking  ] GC(178) Concurrent Cleanup for Next Mark 0.629ms
[2026-03-19T11:23:14.585+0800][83.236s][info][gc          ] GC(178) Concurrent Mark Cycle 31.008ms
[2026-03-19T11:23:15.179+0800][83.830s][info][gc,start    ] GC(179) Pause Young (Concurrent Start) (G1 Humongous Allocation)
[2026-03-19T11:23:15.179+0800][83.830s][info][gc,task     ] GC(179) Using 3 workers of 13 for evacuation
[2026-03-19T11:23:15.181+0800][83.832s][info][gc,phases   ] GC(179)   Pre Evacuate Collection Set: 0.3ms
[2026-03-19T11:23:15.181+0800][83.832s][info][gc,phases   ] GC(179)   Merge Heap Roots: 0.1ms
[2026-03-19T11:23:15.181+0800][83.832s][info][gc,phases   ] GC(179)   Evacuate Collection Set: 0.7ms
[2026-03-19T11:23:15.181+0800][83.832s][info][gc,phases   ] GC(179)   Post Evacuate Collection Set: 0.7ms
[2026-03-19T11:23:15.181+0800][83.832s][info][gc,phases   ] GC(179)   Other: 0.4ms
[2026-03-19T11:23:15.181+0800][83.832s][info][gc,heap     ] GC(179) Eden regions: 9->0(33)
[2026-03-19T11:23:15.181+0800][83.833s][info][gc,heap     ] GC(179) Survivor regions: 2->1(4)
[2026-03-19T11:23:15.181+0800][83.833s][info][gc,heap     ] GC(179) Old regions: 20->20
[2026-03-19T11:23:15.181+0800][83.833s][info][gc,heap     ] GC(179) Archive regions: 0->0
[2026-03-19T11:23:15.181+0800][83.833s][info][gc,heap     ] GC(179) Humongous regions: 37->37
[2026-03-19T11:23:15.181+0800][83.833s][info][gc,metaspace] GC(179) Metaspace: 24290K(24640K)->24290K(24640K) NonClass: 21504K(21696K)->21504K(21696K) Class: 2785K(2944K)->2785K(2944K)
[2026-03-19T11:23:15.181+0800][83.833s][info][gc          ] GC(179) Pause Young (Concurrent Start) (G1 Humongous Allocation) 67M->56M(128M) 2.800ms
[2026-03-19T11:23:15.182+0800][83.833s][info][gc,cpu      ] GC(179) User=0.00s Sys=0.00s Real=0.00s
[2026-03-19T11:23:15.182+0800][83.833s][info][gc          ] GC(180) Concurrent Undo Cycle
[2026-03-19T11:23:15.182+0800][83.833s][info][gc,marking  ] GC(180) Concurrent Cleanup for Next Mark
[2026-03-19T11:23:15.182+0800][83.834s][info][gc,marking  ] GC(180) Concurrent Cleanup for Next Mark 0.392ms
[2026-03-19T11:23:15.182+0800][83.834s][info][gc          ] GC(180) Concurrent Undo Cycle 0.687ms
[2026-03-19T11:23:15.485+0800][84.137s][info][gc,start    ] GC(181) Pause Young (Concurrent Start) (G1 Humongous Allocation)
[2026-03-19T11:23:15.485+0800][84.137s][info][gc,task     ] GC(181) Using 3 workers of 13 for evacuation
[2026-03-19T11:23:15.487+0800][84.139s][info][gc,phases   ] GC(181)   Pre Evacuate Collection Set: 0.1ms
[2026-03-19T11:23:15.488+0800][84.140s][info][gc,phases   ] GC(181)   Merge Heap Roots: 0.1ms
[2026-03-19T11:23:15.488+0800][84.140s][info][gc,phases   ] GC(181)   Evacuate Collection Set: 1.0ms
[2026-03-19T11:23:15.488+0800][84.140s][info][gc,phases   ] GC(181)   Post Evacuate Collection Set: 0.9ms
[2026-03-19T11:23:15.488+0800][84.140s][info][gc,phases   ] GC(181)   Other: 0.4ms
[2026-03-19T11:23:15.488+0800][84.140s][info][gc,heap     ] GC(181) Eden regions: 4->0(28)
[2026-03-19T11:23:15.488+0800][84.140s][info][gc,heap     ] GC(181) Survivor regions: 1->2(5)
[2026-03-19T11:23:15.488+0800][84.140s][info][gc,heap     ] GC(181) Old regions: 20->20
[2026-03-19T11:23:15.488+0800][84.140s][info][gc,heap     ] GC(181) Archive regions: 0->0
[2026-03-19T11:23:15.488+0800][84.140s][info][gc,heap     ] GC(181) Humongous regions: 39->39
[2026-03-19T11:23:15.488+0800][84.140s][info][gc,metaspace] GC(181) Metaspace: 24290K(24640K)->24290K(24640K) NonClass: 21504K(21696K)->21504K(21696K) Class: 2785K(2944K)->2785K(2944K)
[2026-03-19T11:23:15.488+0800][84.140s][info][gc          ] GC(181) Pause Young (Concurrent Start) (G1 Humongous Allocation) 62M->60M(128M) 3.506ms
[2026-03-19T11:23:15.488+0800][84.140s][info][gc,cpu      ] GC(181) User=0.00s Sys=0.00s Real=0.00s
[2026-03-19T11:23:15.489+0800][84.141s][info][gc          ] GC(182) Concurrent Mark Cycle
[2026-03-19T11:23:15.489+0800][84.141s][info][gc,marking  ] GC(182) Concurrent Clear Claimed Marks
[2026-03-19T11:23:15.489+0800][84.141s][info][gc,marking  ] GC(182) Concurrent Clear Claimed Marks 0.119ms
[2026-03-19T11:23:15.489+0800][84.141s][info][gc,marking  ] GC(182) Concurrent Scan Root Regions
[2026-03-19T11:23:15.490+0800][84.142s][info][gc,marking  ] GC(182) Concurrent Scan Root Regions 0.542ms
[2026-03-19T11:23:15.490+0800][84.142s][info][gc,marking  ] GC(182) Concurrent Mark
[2026-03-19T11:23:15.490+0800][84.142s][info][gc,marking  ] GC(182) Concurrent Mark From Roots
[2026-03-19T11:23:15.490+0800][84.142s][info][gc,task     ] GC(182) Using 3 workers of 3 for marking
[2026-03-19T11:23:15.502+0800][84.155s][info][gc,marking  ] GC(182) Concurrent Mark From Roots 12.687ms
[2026-03-19T11:23:15.504+0800][84.155s][info][gc,marking  ] GC(182) Concurrent Preclean
[2026-03-19T11:23:15.504+0800][84.155s][info][gc,marking  ] GC(182) Concurrent Preclean 0.423ms
[2026-03-19T11:23:15.504+0800][84.156s][info][gc,start    ] GC(182) Pause Remark
[2026-03-19T11:23:15.511+0800][84.162s][info][gc          ] GC(182) Pause Remark 71M->41M(128M) 6.592ms
[2026-03-19T11:23:15.511+0800][84.163s][info][gc,cpu      ] GC(182) User=0.02s Sys=0.00s Real=0.01s
[2026-03-19T11:23:15.511+0800][84.163s][info][gc,marking  ] GC(182) Concurrent Mark 21.159ms
[2026-03-19T11:23:15.511+0800][84.163s][info][gc,marking  ] GC(182) Concurrent Rebuild Remembered Sets
[2026-03-19T11:23:15.519+0800][84.171s][info][gc,marking  ] GC(182) Concurrent Rebuild Remembered Sets 7.529ms
[2026-03-19T11:23:15.520+0800][84.171s][info][gc,start    ] GC(182) Pause Cleanup
[2026-03-19T11:23:15.520+0800][84.171s][info][gc          ] GC(182) Pause Cleanup 41M->41M(128M) 0.329ms
[2026-03-19T11:23:15.520+0800][84.172s][info][gc,cpu      ] GC(182) User=0.00s Sys=0.00s Real=0.00s
[2026-03-19T11:23:15.520+0800][84.172s][info][gc,marking  ] GC(182) Concurrent Cleanup for Next Mark
[2026-03-19T11:23:15.521+0800][84.172s][info][gc,marking  ] GC(182) Concurrent Cleanup for Next Mark 0.609ms
[2026-03-19T11:23:15.521+0800][84.173s][info][gc          ] GC(182) Concurrent Mark Cycle 31.920ms
[2026-03-19T11:23:16.128+0800][84.780s][info][gc,start    ] GC(183) Pause Young (Concurrent Start) (G1 Humongous Allocation)
[2026-03-19T11:23:16.129+0800][84.780s][info][gc,task     ] GC(183) Using 3 workers of 13 for evacuation
[2026-03-19T11:23:16.131+0800][84.782s][info][gc,phases   ] GC(183)   Pre Evacuate Collection Set: 0.3ms
[2026-03-19T11:23:16.131+0800][84.783s][info][gc,phases   ] GC(183)   Merge Heap Roots: 0.2ms
[2026-03-19T11:23:16.131+0800][84.783s][info][gc,phases   ] GC(183)   Evacuate Collection Set: 0.9ms
[2026-03-19T11:23:16.132+0800][84.783s][info][gc,phases   ] GC(183)   Post Evacuate Collection Set: 0.9ms
[2026-03-19T11:23:16.132+0800][84.783s][info][gc,phases   ] GC(183)   Other: 0.5ms
[2026-03-19T11:23:16.132+0800][84.783s][info][gc,heap     ] GC(183) Eden regions: 9->0(33)
[2026-03-19T11:23:16.132+0800][84.783s][info][gc,heap     ] GC(183) Survivor regions: 2->1(4)
[2026-03-19T11:23:16.132+0800][84.783s][info][gc,heap     ] GC(183) Old regions: 20->20
[2026-03-19T11:23:16.132+0800][84.783s][info][gc,heap     ] GC(183) Archive regions: 0->0
[2026-03-19T11:23:16.132+0800][84.783s][info][gc,heap     ] GC(183) Humongous regions: 37->37
[2026-03-19T11:23:16.132+0800][84.783s][info][gc,metaspace] GC(183) Metaspace: 24292K(24640K)->24292K(24640K) NonClass: 21506K(21696K)->21506K(21696K) Class: 2785K(2944K)->2785K(2944K)
[2026-03-19T11:23:16.132+0800][84.784s][info][gc          ] GC(183) Pause Young (Concurrent Start) (G1 Humongous Allocation) 67M->56M(128M) 3.758ms
[2026-03-19T11:23:16.132+0800][84.784s][info][gc,cpu      ] GC(183) User=0.03s Sys=0.02s Real=0.00s
[2026-03-19T11:23:16.132+0800][84.784s][info][gc          ] GC(184) Concurrent Undo Cycle
[2026-03-19T11:23:16.133+0800][84.784s][info][gc,marking  ] GC(184) Concurrent Cleanup for Next Mark
[2026-03-19T11:23:16.133+0800][84.785s][info][gc,marking  ] GC(184) Concurrent Cleanup for Next Mark 0.523ms
[2026-03-19T11:23:16.133+0800][84.785s][info][gc          ] GC(184) Concurrent Undo Cycle 0.975ms
[2026-03-19T11:23:16.450+0800][85.102s][info][gc,start    ] GC(185) Pause Young (Concurrent Start) (G1 Humongous Allocation)
[2026-03-19T11:23:16.450+0800][85.102s][info][gc,task     ] GC(185) Using 3 workers of 13 for evacuation
[2026-03-19T11:23:16.453+0800][85.104s][info][gc,phases   ] GC(185)   Pre Evacuate Collection Set: 0.3ms
[2026-03-19T11:23:16.453+0800][85.105s][info][gc,phases   ] GC(185)   Merge Heap Roots: 0.2ms
[2026-03-19T11:23:16.453+0800][85.105s][info][gc,phases   ] GC(185)   Evacuate Collection Set: 1.0ms
[2026-03-19T11:23:16.453+0800][85.105s][info][gc,phases   ] GC(185)   Post Evacuate Collection Set: 0.8ms
[2026-03-19T11:23:16.453+0800][85.105s][info][gc,phases   ] GC(185)   Other: 0.6ms
[2026-03-19T11:23:16.453+0800][85.105s][info][gc,heap     ] GC(185) Eden regions: 4->0(30)
[2026-03-19T11:23:16.453+0800][85.105s][info][gc,heap     ] GC(185) Survivor regions: 1->2(5)
[2026-03-19T11:23:16.453+0800][85.105s][info][gc,heap     ] GC(185) Old regions: 20->20
[2026-03-19T11:23:16.453+0800][85.105s][info][gc,heap     ] GC(185) Archive regions: 0->0
[2026-03-19T11:23:16.453+0800][85.105s][info][gc,heap     ] GC(185) Humongous regions: 39->39
[2026-03-19T11:23:16.453+0800][85.105s][info][gc,metaspace] GC(185) Metaspace: 24292K(24640K)->24292K(24640K) NonClass: 21506K(21696K)->21506K(21696K) Class: 2785K(2944K)->2785K(2944K)
[2026-03-19T11:23:16.454+0800][85.105s][info][gc          ] GC(185) Pause Young (Concurrent Start) (G1 Humongous Allocation) 62M->60M(128M) 3.759ms
[2026-03-19T11:23:16.454+0800][85.105s][info][gc,cpu      ] GC(185) User=0.00s Sys=0.00s Real=0.00s
[2026-03-19T11:23:16.454+0800][85.106s][info][gc          ] GC(186) Concurrent Mark Cycle
[2026-03-19T11:23:16.454+0800][85.106s][info][gc,marking  ] GC(186) Concurrent Clear Claimed Marks
[2026-03-19T11:23:16.454+0800][85.106s][info][gc,marking  ] GC(186) Concurrent Clear Claimed Marks 0.104ms
[2026-03-19T11:23:16.454+0800][85.106s][info][gc,marking  ] GC(186) Concurrent Scan Root Regions
[2026-03-19T11:23:16.455+0800][85.106s][info][gc,marking  ] GC(186) Concurrent Scan Root Regions 0.513ms
[2026-03-19T11:23:16.455+0800][85.107s][info][gc,marking  ] GC(186) Concurrent Mark
[2026-03-19T11:23:16.455+0800][85.107s][info][gc,marking  ] GC(186) Concurrent Mark From Roots
[2026-03-19T11:23:16.455+0800][85.107s][info][gc,task     ] GC(186) Using 3 workers of 3 for marking
[2026-03-19T11:23:16.466+0800][85.118s][info][gc,marking  ] GC(186) Concurrent Mark From Roots 10.940ms
[2026-03-19T11:23:16.466+0800][85.118s][info][gc,marking  ] GC(186) Concurrent Preclean
[2026-03-19T11:23:16.466+0800][85.118s][info][gc,marking  ] GC(186) Concurrent Preclean 0.257ms
[2026-03-19T11:23:16.466+0800][85.118s][info][gc,start    ] GC(186) Pause Remark
[2026-03-19T11:23:16.473+0800][85.125s][info][gc          ] GC(186) Pause Remark 71M->41M(128M) 6.161ms
[2026-03-19T11:23:16.473+0800][85.125s][info][gc,cpu      ] GC(186) User=0.00s Sys=0.00s Real=0.01s
[2026-03-19T11:23:16.473+0800][85.125s][info][gc,marking  ] GC(186) Concurrent Mark 18.291ms
[2026-03-19T11:23:16.473+0800][85.125s][info][gc,marking  ] GC(186) Concurrent Rebuild Remembered Sets
[2026-03-19T11:23:16.479+0800][85.131s][info][gc,marking  ] GC(186) Concurrent Rebuild Remembered Sets 5.645ms
[2026-03-19T11:23:16.479+0800][85.131s][info][gc,start    ] GC(186) Pause Cleanup
[2026-03-19T11:23:16.479+0800][85.131s][info][gc          ] GC(186) Pause Cleanup 41M->41M(128M) 0.206ms
[2026-03-19T11:23:16.479+0800][85.131s][info][gc,cpu      ] GC(186) User=0.00s Sys=0.00s Real=0.00s
[2026-03-19T11:23:16.479+0800][85.131s][info][gc,marking  ] GC(186) Concurrent Cleanup for Next Mark
[2026-03-19T11:23:16.480+0800][85.132s][info][gc,marking  ] GC(186) Concurrent Cleanup for Next Mark 0.270ms
[2026-03-19T11:23:16.480+0800][85.132s][info][gc          ] GC(186) Concurrent Mark Cycle 26.307ms
[2026-03-19T11:23:17.098+0800][85.749s][info][gc,start    ] GC(187) Pause Young (Concurrent Start) (G1 Humongous Allocation)
[2026-03-19T11:23:17.098+0800][85.749s][info][gc,task     ] GC(187) Using 3 workers of 13 for evacuation
[2026-03-19T11:23:17.100+0800][85.751s][info][gc,phases   ] GC(187)   Pre Evacuate Collection Set: 0.2ms
[2026-03-19T11:23:17.100+0800][85.751s][info][gc,phases   ] GC(187)   Merge Heap Roots: 0.2ms
[2026-03-19T11:23:17.100+0800][85.752s][info][gc,phases   ] GC(187)   Evacuate Collection Set: 0.8ms
[2026-03-19T11:23:17.100+0800][85.752s][info][gc,phases   ] GC(187)   Post Evacuate Collection Set: 0.8ms
[2026-03-19T11:23:17.100+0800][85.752s][info][gc,phases   ] GC(187)   Other: 0.5ms
[2026-03-19T11:23:17.101+0800][85.752s][info][gc,heap     ] GC(187) Eden regions: 9->0(35)
[2026-03-19T11:23:17.101+0800][85.752s][info][gc,heap     ] GC(187) Survivor regions: 2->1(4)
[2026-03-19T11:23:17.101+0800][85.752s][info][gc,heap     ] GC(187) Old regions: 20->20
[2026-03-19T11:23:17.101+0800][85.752s][info][gc,heap     ] GC(187) Archive regions: 0->0
[2026-03-19T11:23:17.101+0800][85.752s][info][gc,heap     ] GC(187) Humongous regions: 37->37
[2026-03-19T11:23:17.101+0800][85.752s][info][gc,metaspace] GC(187) Metaspace: 24292K(24640K)->24292K(24640K) NonClass: 21506K(21696K)->21506K(21696K) Class: 2785K(2944K)->2785K(2944K)
[2026-03-19T11:23:17.101+0800][85.752s][info][gc          ] GC(187) Pause Young (Concurrent Start) (G1 Humongous Allocation) 67M->56M(128M) 3.149ms
[2026-03-19T11:23:17.101+0800][85.752s][info][gc,cpu      ] GC(187) User=0.05s Sys=0.00s Real=0.00s
[2026-03-19T11:23:17.101+0800][85.752s][info][gc          ] GC(188) Concurrent Undo Cycle
[2026-03-19T11:23:17.101+0800][85.752s][info][gc,marking  ] GC(188) Concurrent Cleanup for Next Mark
[2026-03-19T11:23:17.102+0800][85.753s][info][gc,marking  ] GC(188) Concurrent Cleanup for Next Mark 0.507ms
[2026-03-19T11:23:17.102+0800][85.753s][info][gc          ] GC(188) Concurrent Undo Cycle 0.856ms
[2026-03-19T11:23:17.417+0800][86.068s][info][gc,start    ] GC(189) Pause Young (Concurrent Start) (G1 Humongous Allocation)
[2026-03-19T11:23:17.417+0800][86.068s][info][gc,task     ] GC(189) Using 3 workers of 13 for evacuation
[2026-03-19T11:23:17.420+0800][86.071s][info][gc,phases   ] GC(189)   Pre Evacuate Collection Set: 0.2ms
[2026-03-19T11:23:17.420+0800][86.071s][info][gc,phases   ] GC(189)   Merge Heap Roots: 0.1ms
[2026-03-19T11:23:17.420+0800][86.071s][info][gc,phases   ] GC(189)   Evacuate Collection Set: 1.0ms
[2026-03-19T11:23:17.420+0800][86.071s][info][gc,phases   ] GC(189)   Post Evacuate Collection Set: 0.9ms
[2026-03-19T11:23:17.420+0800][86.071s][info][gc,phases   ] GC(189)   Other: 0.6ms
[2026-03-19T11:23:17.420+0800][86.071s][info][gc,heap     ] GC(189) Eden regions: 4->0(31)
[2026-03-19T11:23:17.420+0800][86.072s][info][gc,heap     ] GC(189) Survivor regions: 1->2(5)
[2026-03-19T11:23:17.420+0800][86.072s][info][gc,heap     ] GC(189) Old regions: 20->20
[2026-03-19T11:23:17.420+0800][86.072s][info][gc,heap     ] GC(189) Archive regions: 0->0
[2026-03-19T11:23:17.420+0800][86.072s][info][gc,heap     ] GC(189) Humongous regions: 39->39
[2026-03-19T11:23:17.420+0800][86.072s][info][gc,metaspace] GC(189) Metaspace: 24296K(24640K)->24296K(24640K) NonClass: 21510K(21696K)->21510K(21696K) Class: 2785K(2944K)->2785K(2944K)
[2026-03-19T11:23:17.421+0800][86.072s][info][gc          ] GC(189) Pause Young (Concurrent Start) (G1 Humongous Allocation) 62M->60M(128M) 3.743ms
[2026-03-19T11:23:17.421+0800][86.072s][info][gc,cpu      ] GC(189) User=0.00s Sys=0.00s Real=0.00s
[2026-03-19T11:23:17.421+0800][86.072s][info][gc          ] GC(190) Concurrent Mark Cycle
[2026-03-19T11:23:17.421+0800][86.072s][info][gc,marking  ] GC(190) Concurrent Clear Claimed Marks
[2026-03-19T11:23:17.421+0800][86.072s][info][gc,marking  ] GC(190) Concurrent Clear Claimed Marks 0.101ms
[2026-03-19T11:23:17.421+0800][86.072s][info][gc,marking  ] GC(190) Concurrent Scan Root Regions
[2026-03-19T11:23:17.422+0800][86.073s][info][gc,marking  ] GC(190) Concurrent Scan Root Regions 0.469ms
[2026-03-19T11:23:17.422+0800][86.073s][info][gc,marking  ] GC(190) Concurrent Mark
[2026-03-19T11:23:17.422+0800][86.073s][info][gc,marking  ] GC(190) Concurrent Mark From Roots
[2026-03-19T11:23:17.422+0800][86.073s][info][gc,task     ] GC(190) Using 3 workers of 3 for marking
[2026-03-19T11:23:17.432+0800][86.084s][info][gc,marking  ] GC(190) Concurrent Mark From Roots 10.688ms
[2026-03-19T11:23:17.432+0800][86.084s][info][gc,marking  ] GC(190) Concurrent Preclean
[2026-03-19T11:23:17.433+0800][86.085s][info][gc,marking  ] GC(190) Concurrent Preclean 0.553ms
[2026-03-19T11:23:17.434+0800][86.085s][info][gc,start    ] GC(190) Pause Remark
[2026-03-19T11:23:17.446+0800][86.098s][info][gc          ] GC(190) Pause Remark 71M->41M(128M) 12.543ms
[2026-03-19T11:23:17.447+0800][86.098s][info][gc,cpu      ] GC(190) User=0.02s Sys=0.02s Real=0.01s
[2026-03-19T11:23:17.447+0800][86.098s][info][gc,marking  ] GC(190) Concurrent Mark 25.082ms
[2026-03-19T11:23:17.447+0800][86.098s][info][gc,marking  ] GC(190) Concurrent Rebuild Remembered Sets
[2026-03-19T11:23:17.453+0800][86.105s][info][gc,marking  ] GC(190) Concurrent Rebuild Remembered Sets 6.788ms
[2026-03-19T11:23:17.454+0800][86.106s][info][gc,start    ] GC(190) Pause Cleanup
[2026-03-19T11:23:17.454+0800][86.106s][info][gc          ] GC(190) Pause Cleanup 41M->41M(128M) 0.369ms
[2026-03-19T11:23:17.454+0800][86.106s][info][gc,cpu      ] GC(190) User=0.00s Sys=0.00s Real=0.00s
[2026-03-19T11:23:17.455+0800][86.106s][info][gc,marking  ] GC(190) Concurrent Cleanup for Next Mark
[2026-03-19T11:23:17.456+0800][86.107s][info][gc,marking  ] GC(190) Concurrent Cleanup for Next Mark 0.490ms
[2026-03-19T11:23:17.456+0800][86.107s][info][gc          ] GC(190) Concurrent Mark Cycle 34.997ms
[2026-03-19T11:23:18.044+0800][86.695s][info][gc,start    ] GC(191) Pause Young (Concurrent Start) (G1 Humongous Allocation)
[2026-03-19T11:23:18.044+0800][86.695s][info][gc,task     ] GC(191) Using 3 workers of 13 for evacuation
[2026-03-19T11:23:18.046+0800][86.698s][info][gc,phases   ] GC(191)   Pre Evacuate Collection Set: 0.4ms
[2026-03-19T11:23:18.046+0800][86.698s][info][gc,phases   ] GC(191)   Merge Heap Roots: 0.2ms
[2026-03-19T11:23:18.046+0800][86.698s][info][gc,phases   ] GC(191)   Evacuate Collection Set: 1.0ms
[2026-03-19T11:23:18.046+0800][86.698s][info][gc,phases   ] GC(191)   Post Evacuate Collection Set: 1.0ms
[2026-03-19T11:23:18.046+0800][86.698s][info][gc,phases   ] GC(191)   Other: 0.3ms
[2026-03-19T11:23:18.046+0800][86.698s][info][gc,heap     ] GC(191) Eden regions: 9->0(36)
[2026-03-19T11:23:18.046+0800][86.698s][info][gc,heap     ] GC(191) Survivor regions: 2->1(5)
[2026-03-19T11:23:18.046+0800][86.698s][info][gc,heap     ] GC(191) Old regions: 20->20
[2026-03-19T11:23:18.046+0800][86.698s][info][gc,heap     ] GC(191) Archive regions: 0->0
[2026-03-19T11:23:18.046+0800][86.698s][info][gc,heap     ] GC(191) Humongous regions: 37->37
[2026-03-19T11:23:18.047+0800][86.699s][info][gc,metaspace] GC(191) Metaspace: 24259K(24640K)->24259K(24640K) NonClass: 21481K(21696K)->21481K(21696K) Class: 2777K(2944K)->2777K(2944K)
[2026-03-19T11:23:18.047+0800][86.699s][info][gc          ] GC(191) Pause Young (Concurrent Start) (G1 Humongous Allocation) 67M->56M(128M) 3.474ms
[2026-03-19T11:23:18.047+0800][86.699s][info][gc,cpu      ] GC(191) User=0.00s Sys=0.00s Real=0.00s
[2026-03-19T11:23:18.047+0800][86.699s][info][gc          ] GC(192) Concurrent Undo Cycle
[2026-03-19T11:23:18.047+0800][86.699s][info][gc,marking  ] GC(192) Concurrent Cleanup for Next Mark
[2026-03-19T11:23:18.047+0800][86.699s][info][gc,marking  ] GC(192) Concurrent Cleanup for Next Mark 0.488ms
[2026-03-19T11:23:18.047+0800][86.700s][info][gc          ] GC(192) Concurrent Undo Cycle 0.795ms
[2026-03-19T11:23:18.355+0800][87.006s][info][gc,start    ] GC(193) Pause Young (Concurrent Start) (G1 Humongous Allocation)
[2026-03-19T11:23:18.355+0800][87.007s][info][gc,task     ] GC(193) Using 3 workers of 13 for evacuation
[2026-03-19T11:23:18.357+0800][87.010s][info][gc,phases   ] GC(193)   Pre Evacuate Collection Set: 0.3ms
[2026-03-19T11:23:18.359+0800][87.010s][info][gc,phases   ] GC(193)   Merge Heap Roots: 0.4ms
[2026-03-19T11:23:18.359+0800][87.010s][info][gc,phases   ] GC(193)   Evacuate Collection Set: 1.0ms
[2026-03-19T11:23:18.359+0800][87.010s][info][gc,phases   ] GC(193)   Post Evacuate Collection Set: 0.9ms
[2026-03-19T11:23:18.359+0800][87.010s][info][gc,phases   ] GC(193)   Other: 0.5ms
[2026-03-19T11:23:18.359+0800][87.010s][info][gc,heap     ] GC(193) Eden regions: 5->0(34)
[2026-03-19T11:23:18.359+0800][87.010s][info][gc,heap     ] GC(193) Survivor regions: 1->2(5)
[2026-03-19T11:23:18.359+0800][87.010s][info][gc,heap     ] GC(193) Old regions: 20->20
[2026-03-19T11:23:18.359+0800][87.010s][info][gc,heap     ] GC(193) Archive regions: 0->0
[2026-03-19T11:23:18.359+0800][87.010s][info][gc,heap     ] GC(193) Humongous regions: 39->39
[2026-03-19T11:23:18.359+0800][87.010s][info][gc,metaspace] GC(193) Metaspace: 24262K(24640K)->24262K(24640K) NonClass: 21485K(21696K)->21485K(21696K) Class: 2777K(2944K)->2777K(2944K)
[2026-03-19T11:23:18.359+0800][87.011s][info][gc          ] GC(193) Pause Young (Concurrent Start) (G1 Humongous Allocation) 62M->60M(128M) 4.191ms
[2026-03-19T11:23:18.360+0800][87.011s][info][gc,cpu      ] GC(193) User=0.00s Sys=0.00s Real=0.00s
[2026-03-19T11:23:18.360+0800][87.011s][info][gc          ] GC(194) Concurrent Mark Cycle
[2026-03-19T11:23:18.360+0800][87.011s][info][gc,marking  ] GC(194) Concurrent Clear Claimed Marks
[2026-03-19T11:23:18.360+0800][87.011s][info][gc,marking  ] GC(194) Concurrent Clear Claimed Marks 0.105ms
[2026-03-19T11:23:18.360+0800][87.011s][info][gc,marking  ] GC(194) Concurrent Scan Root Regions
[2026-03-19T11:23:18.360+0800][87.012s][info][gc,marking  ] GC(194) Concurrent Scan Root Regions 0.564ms
[2026-03-19T11:23:18.360+0800][87.012s][info][gc,marking  ] GC(194) Concurrent Mark
[2026-03-19T11:23:18.360+0800][87.012s][info][gc,marking  ] GC(194) Concurrent Mark From Roots
[2026-03-19T11:23:18.360+0800][87.012s][info][gc,task     ] GC(194) Using 3 workers of 3 for marking
[2026-03-19T11:23:18.374+0800][87.026s][info][gc,marking  ] GC(194) Concurrent Mark From Roots 13.806ms
[2026-03-19T11:23:18.374+0800][87.026s][info][gc,marking  ] GC(194) Concurrent Preclean
[2026-03-19T11:23:18.375+0800][87.027s][info][gc,marking  ] GC(194) Concurrent Preclean 0.430ms
[2026-03-19T11:23:18.375+0800][87.027s][info][gc,start    ] GC(194) Pause Remark
[2026-03-19T11:23:18.390+0800][87.041s][info][gc          ] GC(194) Pause Remark 71M->41M(128M) 13.915ms
[2026-03-19T11:23:18.390+0800][87.041s][info][gc,cpu      ] GC(194) User=0.03s Sys=0.02s Real=0.02s
[2026-03-19T11:23:18.390+0800][87.041s][info][gc,marking  ] GC(194) Concurrent Mark 29.409ms
[2026-03-19T11:23:18.390+0800][87.042s][info][gc,marking  ] GC(194) Concurrent Rebuild Remembered Sets
[2026-03-19T11:23:18.396+0800][87.048s][info][gc,marking  ] GC(194) Concurrent Rebuild Remembered Sets 6.648ms
[2026-03-19T11:23:18.397+0800][87.049s][info][gc,start    ] GC(194) Pause Cleanup
[2026-03-19T11:23:18.397+0800][87.049s][info][gc          ] GC(194) Pause Cleanup 41M->41M(128M) 0.495ms
[2026-03-19T11:23:18.397+0800][87.049s][info][gc,cpu      ] GC(194) User=0.02s Sys=0.00s Real=0.00s
[2026-03-19T11:23:18.397+0800][87.050s][info][gc,marking  ] GC(194) Concurrent Cleanup for Next Mark
[2026-03-19T11:23:18.399+0800][87.050s][info][gc,marking  ] GC(194) Concurrent Cleanup for Next Mark 0.618ms
[2026-03-19T11:23:18.399+0800][87.050s][info][gc          ] GC(194) Concurrent Mark Cycle 39.639ms
[2026-03-19T11:23:18.997+0800][87.649s][info][gc,start    ] GC(195) Pause Young (Concurrent Start) (G1 Humongous Allocation)
[2026-03-19T11:23:18.997+0800][87.650s][info][gc,task     ] GC(195) Using 3 workers of 13 for evacuation
[2026-03-19T11:23:19.000+0800][87.652s][info][gc,phases   ] GC(195)   Pre Evacuate Collection Set: 0.3ms
[2026-03-19T11:23:19.000+0800][87.652s][info][gc,phases   ] GC(195)   Merge Heap Roots: 0.2ms
[2026-03-19T11:23:19.000+0800][87.652s][info][gc,phases   ] GC(195)   Evacuate Collection Set: 0.7ms
[2026-03-19T11:23:19.000+0800][87.652s][info][gc,phases   ] GC(195)   Post Evacuate Collection Set: 0.8ms
[2026-03-19T11:23:19.000+0800][87.652s][info][gc,phases   ] GC(195)   Other: 0.4ms
[2026-03-19T11:23:19.000+0800][87.652s][info][gc,heap     ] GC(195) Eden regions: 9->0(39)
[2026-03-19T11:23:19.000+0800][87.652s][info][gc,heap     ] GC(195) Survivor regions: 2->1(5)
[2026-03-19T11:23:19.000+0800][87.652s][info][gc,heap     ] GC(195) Old regions: 20->20
[2026-03-19T11:23:19.000+0800][87.652s][info][gc,heap     ] GC(195) Archive regions: 0->0
[2026-03-19T11:23:19.000+0800][87.652s][info][gc,heap     ] GC(195) Humongous regions: 37->37
[2026-03-19T11:23:19.000+0800][87.652s][info][gc,metaspace] GC(195) Metaspace: 24250K(24640K)->24250K(24640K) NonClass: 21476K(21696K)->21476K(21696K) Class: 2774K(2944K)->2774K(2944K)
[2026-03-19T11:23:19.000+0800][87.653s][info][gc          ] GC(195) Pause Young (Concurrent Start) (G1 Humongous Allocation) 67M->56M(128M) 3.194ms
[2026-03-19T11:23:19.001+0800][87.653s][info][gc,cpu      ] GC(195) User=0.00s Sys=0.00s Real=0.00s
[2026-03-19T11:23:19.001+0800][87.653s][info][gc          ] GC(196) Concurrent Undo Cycle
[2026-03-19T11:23:19.001+0800][87.653s][info][gc,marking  ] GC(196) Concurrent Cleanup for Next Mark
[2026-03-19T11:23:19.001+0800][87.653s][info][gc,marking  ] GC(196) Concurrent Cleanup for Next Mark 0.463ms
[2026-03-19T11:23:19.001+0800][87.654s][info][gc          ] GC(196) Concurrent Undo Cycle 0.785ms
[2026-03-19T11:23:19.305+0800][87.956s][info][gc,start    ] GC(197) Pause Young (Concurrent Start) (G1 Humongous Allocation)
[2026-03-19T11:23:19.305+0800][87.956s][info][gc,task     ] GC(197) Using 3 workers of 13 for evacuation
[2026-03-19T11:23:19.307+0800][87.959s][info][gc,phases   ] GC(197)   Pre Evacuate Collection Set: 0.3ms
[2026-03-19T11:23:19.308+0800][87.959s][info][gc,phases   ] GC(197)   Merge Heap Roots: 0.2ms
[2026-03-19T11:23:19.308+0800][87.959s][info][gc,phases   ] GC(197)   Evacuate Collection Set: 1.0ms
[2026-03-19T11:23:19.308+0800][87.959s][info][gc,phases   ] GC(197)   Post Evacuate Collection Set: 0.9ms
[2026-03-19T11:23:19.308+0800][87.959s][info][gc,phases   ] GC(197)   Other: 0.5ms
[2026-03-19T11:23:19.308+0800][87.959s][info][gc,heap     ] GC(197) Eden regions: 4->0(32)
[2026-03-19T11:23:19.308+0800][87.960s][info][gc,heap     ] GC(197) Survivor regions: 1->2(5)
[2026-03-19T11:23:19.308+0800][87.960s][info][gc,heap     ] GC(197) Old regions: 20->20
[2026-03-19T11:23:19.308+0800][87.960s][info][gc,heap     ] GC(197) Archive regions: 0->0
[2026-03-19T11:23:19.308+0800][87.960s][info][gc,heap     ] GC(197) Humongous regions: 39->39
[2026-03-19T11:23:19.308+0800][87.960s][info][gc,metaspace] GC(197) Metaspace: 24250K(24640K)->24250K(24640K) NonClass: 21476K(21696K)->21476K(21696K) Class: 2774K(2944K)->2774K(2944K)
[2026-03-19T11:23:19.309+0800][87.960s][info][gc          ] GC(197) Pause Young (Concurrent Start) (G1 Humongous Allocation) 62M->60M(128M) 4.055ms
[2026-03-19T11:23:19.309+0800][87.960s][info][gc,cpu      ] GC(197) User=0.00s Sys=0.00s Real=0.00s
[2026-03-19T11:23:19.309+0800][87.960s][info][gc          ] GC(198) Concurrent Mark Cycle
[2026-03-19T11:23:19.309+0800][87.960s][info][gc,marking  ] GC(198) Concurrent Clear Claimed Marks
[2026-03-19T11:23:19.309+0800][87.961s][info][gc,marking  ] GC(198) Concurrent Clear Claimed Marks 0.116ms
[2026-03-19T11:23:19.309+0800][87.961s][info][gc,marking  ] GC(198) Concurrent Scan Root Regions
[2026-03-19T11:23:19.310+0800][87.961s][info][gc,marking  ] GC(198) Concurrent Scan Root Regions 0.546ms
[2026-03-19T11:23:19.310+0800][87.961s][info][gc,marking  ] GC(198) Concurrent Mark
[2026-03-19T11:23:19.310+0800][87.961s][info][gc,marking  ] GC(198) Concurrent Mark From Roots
[2026-03-19T11:23:19.310+0800][87.961s][info][gc,task     ] GC(198) Using 3 workers of 3 for marking
[2026-03-19T11:23:19.321+0800][87.973s][info][gc,marking  ] GC(198) Concurrent Mark From Roots 12.061ms
[2026-03-19T11:23:19.322+0800][87.974s][info][gc,marking  ] GC(198) Concurrent Preclean
[2026-03-19T11:23:19.322+0800][87.974s][info][gc,marking  ] GC(198) Concurrent Preclean 0.369ms
[2026-03-19T11:23:19.322+0800][87.974s][info][gc,start    ] GC(198) Pause Remark
[2026-03-19T11:23:19.328+0800][87.980s][info][gc          ] GC(198) Pause Remark 71M->41M(128M) 5.620ms
[2026-03-19T11:23:19.329+0800][87.980s][info][gc,cpu      ] GC(198) User=0.00s Sys=0.00s Real=0.01s
[2026-03-19T11:23:19.329+0800][87.981s][info][gc,marking  ] GC(198) Concurrent Mark 19.242ms
[2026-03-19T11:23:19.329+0800][87.981s][info][gc,marking  ] GC(198) Concurrent Rebuild Remembered Sets
[2026-03-19T11:23:19.336+0800][87.988s][info][gc,marking  ] GC(198) Concurrent Rebuild Remembered Sets 7.079ms
[2026-03-19T11:23:19.337+0800][87.988s][info][gc,start    ] GC(198) Pause Cleanup
[2026-03-19T11:23:19.337+0800][87.989s][info][gc          ] GC(198) Pause Cleanup 41M->41M(128M) 0.383ms
[2026-03-19T11:23:19.337+0800][87.989s][info][gc,cpu      ] GC(198) User=0.00s Sys=0.00s Real=0.00s
[2026-03-19T11:23:19.338+0800][87.989s][info][gc,marking  ] GC(198) Concurrent Cleanup for Next Mark
[2026-03-19T11:23:19.338+0800][87.990s][info][gc,marking  ] GC(198) Concurrent Cleanup for Next Mark 0.592ms
[2026-03-19T11:23:19.338+0800][87.990s][info][gc          ] GC(198) Concurrent Mark Cycle 29.602ms
[2026-03-19T11:23:19.951+0800][88.603s][info][gc,start    ] GC(199) Pause Young (Concurrent Start) (G1 Humongous Allocation)
[2026-03-19T11:23:19.951+0800][88.603s][info][gc,task     ] GC(199) Using 3 workers of 13 for evacuation
[2026-03-19T11:23:19.954+0800][88.605s][info][gc,phases   ] GC(199)   Pre Evacuate Collection Set: 0.3ms
[2026-03-19T11:23:19.954+0800][88.606s][info][gc,phases   ] GC(199)   Merge Heap Roots: 0.2ms
[2026-03-19T11:23:19.954+0800][88.606s][info][gc,phases   ] GC(199)   Evacuate Collection Set: 0.8ms
[2026-03-19T11:23:19.954+0800][88.606s][info][gc,phases   ] GC(199)   Post Evacuate Collection Set: 0.8ms
[2026-03-19T11:23:19.954+0800][88.606s][info][gc,phases   ] GC(199)   Other: 0.5ms
[2026-03-19T11:23:19.954+0800][88.606s][info][gc,heap     ] GC(199) Eden regions: 9->0(38)
[2026-03-19T11:23:19.954+0800][88.606s][info][gc,heap     ] GC(199) Survivor regions: 2->1(5)
[2026-03-19T11:23:19.954+0800][88.606s][info][gc,heap     ] GC(199) Old regions: 20->20
[2026-03-19T11:23:19.954+0800][88.606s][info][gc,heap     ] GC(199) Archive regions: 0->0
[2026-03-19T11:23:19.954+0800][88.606s][info][gc,heap     ] GC(199) Humongous regions: 37->37
[2026-03-19T11:23:19.955+0800][88.606s][info][gc,metaspace] GC(199) Metaspace: 24254K(24640K)->24254K(24640K) NonClass: 21480K(21696K)->21480K(21696K) Class: 2774K(2944K)->2774K(2944K)
[2026-03-19T11:23:19.955+0800][88.606s][info][gc          ] GC(199) Pause Young (Concurrent Start) (G1 Humongous Allocation) 67M->56M(128M) 3.515ms
[2026-03-19T11:23:19.955+0800][88.606s][info][gc,cpu      ] GC(199) User=0.00s Sys=0.00s Real=0.00s
[2026-03-19T11:23:19.955+0800][88.606s][info][gc          ] GC(200) Concurrent Undo Cycle
[2026-03-19T11:23:19.955+0800][88.607s][info][gc,marking  ] GC(200) Concurrent Cleanup for Next Mark
[2026-03-19T11:23:19.955+0800][88.607s][info][gc,marking  ] GC(200) Concurrent Cleanup for Next Mark 0.449ms
[2026-03-19T11:23:19.955+0800][88.607s][info][gc          ] GC(200) Concurrent Undo Cycle 0.778ms
[2026-03-19T11:23:20.272+0800][88.923s][info][gc,start    ] GC(201) Pause Young (Concurrent Start) (G1 Humongous Allocation)
[2026-03-19T11:23:20.272+0800][88.923s][info][gc,task     ] GC(201) Using 3 workers of 13 for evacuation
[2026-03-19T11:23:20.274+0800][88.926s][info][gc,phases   ] GC(201)   Pre Evacuate Collection Set: 0.2ms
[2026-03-19T11:23:20.275+0800][88.926s][info][gc,phases   ] GC(201)   Merge Heap Roots: 0.2ms
[2026-03-19T11:23:20.275+0800][88.926s][info][gc,phases   ] GC(201)   Evacuate Collection Set: 1.0ms
[2026-03-19T11:23:20.275+0800][88.926s][info][gc,phases   ] GC(201)   Post Evacuate Collection Set: 0.8ms
[2026-03-19T11:23:20.275+0800][88.926s][info][gc,phases   ] GC(201)   Other: 0.5ms
[2026-03-19T11:23:20.275+0800][88.926s][info][gc,heap     ] GC(201) Eden regions: 4->0(32)
[2026-03-19T11:23:20.275+0800][88.926s][info][gc,heap     ] GC(201) Survivor regions: 1->2(5)
[2026-03-19T11:23:20.275+0800][88.927s][info][gc,heap     ] GC(201) Old regions: 20->20
[2026-03-19T11:23:20.275+0800][88.927s][info][gc,heap     ] GC(201) Archive regions: 0->0
[2026-03-19T11:23:20.275+0800][88.927s][info][gc,heap     ] GC(201) Humongous regions: 39->39
[2026-03-19T11:23:20.275+0800][88.927s][info][gc,metaspace] GC(201) Metaspace: 24255K(24640K)->24255K(24640K) NonClass: 21480K(21696K)->21480K(21696K) Class: 2774K(2944K)->2774K(2944K)
[2026-03-19T11:23:20.275+0800][88.927s][info][gc          ] GC(201) Pause Young (Concurrent Start) (G1 Humongous Allocation) 62M->60M(128M) 3.783ms
[2026-03-19T11:23:20.275+0800][88.927s][info][gc,cpu      ] GC(201) User=0.00s Sys=0.02s Real=0.00s
[2026-03-19T11:23:20.275+0800][88.927s][info][gc          ] GC(202) Concurrent Mark Cycle
[2026-03-19T11:23:20.275+0800][88.927s][info][gc,marking  ] GC(202) Concurrent Clear Claimed Marks
[2026-03-19T11:23:20.276+0800][88.928s][info][gc,marking  ] GC(202) Concurrent Clear Claimed Marks 0.148ms
[2026-03-19T11:23:20.276+0800][88.928s][info][gc,marking  ] GC(202) Concurrent Scan Root Regions
[2026-03-19T11:23:20.276+0800][88.928s][info][gc,marking  ] GC(202) Concurrent Scan Root Regions 0.614ms
[2026-03-19T11:23:20.276+0800][88.929s][info][gc,marking  ] GC(202) Concurrent Mark
[2026-03-19T11:23:20.276+0800][88.929s][info][gc,marking  ] GC(202) Concurrent Mark From Roots
[2026-03-19T11:23:20.278+0800][88.929s][info][gc,task     ] GC(202) Using 3 workers of 3 for marking
[2026-03-19T11:23:20.291+0800][88.942s][info][gc,marking  ] GC(202) Concurrent Mark From Roots 13.855ms
[2026-03-19T11:23:20.291+0800][88.943s][info][gc,marking  ] GC(202) Concurrent Preclean
[2026-03-19T11:23:20.291+0800][88.943s][info][gc,marking  ] GC(202) Concurrent Preclean 0.441ms
[2026-03-19T11:23:20.292+0800][88.944s][info][gc,start    ] GC(202) Pause Remark
[2026-03-19T11:23:20.301+0800][88.952s][info][gc          ] GC(202) Pause Remark 71M->41M(128M) 8.589ms
[2026-03-19T11:23:20.302+0800][88.953s][info][gc,cpu      ] GC(202) User=0.00s Sys=0.00s Real=0.01s
[2026-03-19T11:23:20.302+0800][88.954s][info][gc,marking  ] GC(202) Concurrent Mark 25.281ms
[2026-03-19T11:23:20.302+0800][88.954s][info][gc,marking  ] GC(202) Concurrent Rebuild Remembered Sets
[2026-03-19T11:23:20.311+0800][88.963s][info][gc,marking  ] GC(202) Concurrent Rebuild Remembered Sets 9.085ms
[2026-03-19T11:23:20.312+0800][88.964s][info][gc,start    ] GC(202) Pause Cleanup
[2026-03-19T11:23:20.312+0800][88.964s][info][gc          ] GC(202) Pause Cleanup 41M->41M(128M) 0.518ms
[2026-03-19T11:23:20.313+0800][88.965s][info][gc,cpu      ] GC(202) User=0.00s Sys=0.00s Real=0.00s
[2026-03-19T11:23:20.313+0800][88.965s][info][gc,marking  ] GC(202) Concurrent Cleanup for Next Mark
[2026-03-19T11:23:20.314+0800][88.966s][info][gc,marking  ] GC(202) Concurrent Cleanup for Next Mark 0.704ms
[2026-03-19T11:23:20.314+0800][88.966s][info][gc          ] GC(202) Concurrent Mark Cycle 38.693ms
[2026-03-19T11:23:20.931+0800][89.582s][info][gc,start    ] GC(203) Pause Young (Concurrent Start) (G1 Humongous Allocation)
[2026-03-19T11:23:20.931+0800][89.582s][info][gc,task     ] GC(203) Using 3 workers of 13 for evacuation
[2026-03-19T11:23:20.932+0800][89.583s][info][gc,phases   ] GC(203)   Pre Evacuate Collection Set: 0.1ms
[2026-03-19T11:23:20.932+0800][89.583s][info][gc,phases   ] GC(203)   Merge Heap Roots: 0.1ms
[2026-03-19T11:23:20.932+0800][89.584s][info][gc,phases   ] GC(203)   Evacuate Collection Set: 0.5ms
[2026-03-19T11:23:20.932+0800][89.584s][info][gc,phases   ] GC(203)   Post Evacuate Collection Set: 0.3ms
[2026-03-19T11:23:20.932+0800][89.584s][info][gc,phases   ] GC(203)   Other: 0.3ms
[2026-03-19T11:23:20.932+0800][89.584s][info][gc,heap     ] GC(203) Eden regions: 9->0(37)
[2026-03-19T11:23:20.932+0800][89.584s][info][gc,heap     ] GC(203) Survivor regions: 2->1(5)
[2026-03-19T11:23:20.932+0800][89.584s][info][gc,heap     ] GC(203) Old regions: 20->20
[2026-03-19T11:23:20.932+0800][89.584s][info][gc,heap     ] GC(203) Archive regions: 0->0
[2026-03-19T11:23:20.932+0800][89.584s][info][gc,heap     ] GC(203) Humongous regions: 37->37
[2026-03-19T11:23:20.932+0800][89.584s][info][gc,metaspace] GC(203) Metaspace: 24258K(24640K)->24258K(24640K) NonClass: 21484K(21696K)->21484K(21696K) Class: 2774K(2944K)->2774K(2944K)
[2026-03-19T11:23:20.932+0800][89.584s][info][gc          ] GC(203) Pause Young (Concurrent Start) (G1 Humongous Allocation) 67M->56M(128M) 1.773ms
[2026-03-19T11:23:20.932+0800][89.584s][info][gc,cpu      ] GC(203) User=0.00s Sys=0.00s Real=0.00s
[2026-03-19T11:23:20.933+0800][89.584s][info][gc          ] GC(204) Concurrent Undo Cycle
[2026-03-19T11:23:20.933+0800][89.584s][info][gc,marking  ] GC(204) Concurrent Cleanup for Next Mark
[2026-03-19T11:23:20.933+0800][89.585s][info][gc,marking  ] GC(204) Concurrent Cleanup for Next Mark 0.278ms
[2026-03-19T11:23:20.933+0800][89.585s][info][gc          ] GC(204) Concurrent Undo Cycle 0.494ms
[2026-03-19T11:23:21.244+0800][89.895s][info][gc,start    ] GC(205) Pause Young (Concurrent Start) (G1 Humongous Allocation)
[2026-03-19T11:23:21.244+0800][89.895s][info][gc,task     ] GC(205) Using 3 workers of 13 for evacuation
[2026-03-19T11:23:21.246+0800][89.897s][info][gc,phases   ] GC(205)   Pre Evacuate Collection Set: 0.1ms
[2026-03-19T11:23:21.246+0800][89.898s][info][gc,phases   ] GC(205)   Merge Heap Roots: 0.2ms
[2026-03-19T11:23:21.246+0800][89.898s][info][gc,phases   ] GC(205)   Evacuate Collection Set: 1.0ms
[2026-03-19T11:23:21.246+0800][89.898s][info][gc,phases   ] GC(205)   Post Evacuate Collection Set: 0.6ms
[2026-03-19T11:23:21.246+0800][89.898s][info][gc,phases   ] GC(205)   Other: 0.5ms
[2026-03-19T11:23:21.246+0800][89.898s][info][gc,heap     ] GC(205) Eden regions: 4->0(31)
[2026-03-19T11:23:21.246+0800][89.898s][info][gc,heap     ] GC(205) Survivor regions: 1->2(5)
[2026-03-19T11:23:21.246+0800][89.898s][info][gc,heap     ] GC(205) Old regions: 20->20
[2026-03-19T11:23:21.246+0800][89.898s][info][gc,heap     ] GC(205) Archive regions: 0->0
[2026-03-19T11:23:21.246+0800][89.898s][info][gc,heap     ] GC(205) Humongous regions: 39->39
[2026-03-19T11:23:21.246+0800][89.898s][info][gc,metaspace] GC(205) Metaspace: 24258K(24640K)->24258K(24640K) NonClass: 21484K(21696K)->21484K(21696K) Class: 2774K(2944K)->2774K(2944K)
[2026-03-19T11:23:21.247+0800][89.898s][info][gc          ] GC(205) Pause Young (Concurrent Start) (G1 Humongous Allocation) 62M->60M(128M) 3.388ms
[2026-03-19T11:23:21.247+0800][89.898s][info][gc,cpu      ] GC(205) User=0.00s Sys=0.00s Real=0.00s
[2026-03-19T11:23:21.247+0800][89.899s][info][gc          ] GC(206) Concurrent Mark Cycle
[2026-03-19T11:23:21.247+0800][89.899s][info][gc,marking  ] GC(206) Concurrent Clear Claimed Marks
[2026-03-19T11:23:21.247+0800][89.899s][info][gc,marking  ] GC(206) Concurrent Clear Claimed Marks 0.133ms
[2026-03-19T11:23:21.247+0800][89.899s][info][gc,marking  ] GC(206) Concurrent Scan Root Regions
[2026-03-19T11:23:21.248+0800][89.899s][info][gc,marking  ] GC(206) Concurrent Scan Root Regions 0.439ms
[2026-03-19T11:23:21.248+0800][89.900s][info][gc,marking  ] GC(206) Concurrent Mark
[2026-03-19T11:23:21.248+0800][89.900s][info][gc,marking  ] GC(206) Concurrent Mark From Roots
[2026-03-19T11:23:21.248+0800][89.900s][info][gc,task     ] GC(206) Using 3 workers of 3 for marking
[2026-03-19T11:23:21.258+0800][89.909s][info][gc,marking  ] GC(206) Concurrent Mark From Roots 9.470ms
[2026-03-19T11:23:21.258+0800][89.909s][info][gc,marking  ] GC(206) Concurrent Preclean
[2026-03-19T11:23:21.258+0800][89.910s][info][gc,marking  ] GC(206) Concurrent Preclean 0.334ms
[2026-03-19T11:23:21.259+0800][89.910s][info][gc,start    ] GC(206) Pause Remark
[2026-03-19T11:23:21.264+0800][89.915s][info][gc          ] GC(206) Pause Remark 71M->41M(128M) 5.406ms
[2026-03-19T11:23:21.265+0800][89.916s][info][gc,cpu      ] GC(206) User=0.00s Sys=0.00s Real=0.01s
[2026-03-19T11:23:21.265+0800][89.916s][info][gc,marking  ] GC(206) Concurrent Mark 16.493ms
[2026-03-19T11:23:21.265+0800][89.916s][info][gc,marking  ] GC(206) Concurrent Rebuild Remembered Sets
[2026-03-19T11:23:21.269+0800][89.921s][info][gc,marking  ] GC(206) Concurrent Rebuild Remembered Sets 4.316ms
[2026-03-19T11:23:21.269+0800][89.921s][info][gc,start    ] GC(206) Pause Cleanup
[2026-03-19T11:23:21.269+0800][89.921s][info][gc          ] GC(206) Pause Cleanup 41M->41M(128M) 0.254ms
[2026-03-19T11:23:21.269+0800][89.921s][info][gc,cpu      ] GC(206) User=0.00s Sys=0.00s Real=0.00s
[2026-03-19T11:23:21.270+0800][89.921s][info][gc,marking  ] GC(206) Concurrent Cleanup for Next Mark
[2026-03-19T11:23:21.270+0800][89.922s][info][gc,marking  ] GC(206) Concurrent Cleanup for Next Mark 0.340ms
[2026-03-19T11:23:21.270+0800][89.922s][info][gc          ] GC(206) Concurrent Mark Cycle 23.313ms
[2026-03-19T11:23:21.887+0800][90.539s][info][gc,start    ] GC(207) Pause Young (Concurrent Start) (G1 Humongous Allocation)
[2026-03-19T11:23:21.887+0800][90.539s][info][gc,task     ] GC(207) Using 3 workers of 13 for evacuation
[2026-03-19T11:23:21.889+0800][90.541s][info][gc,phases   ] GC(207)   Pre Evacuate Collection Set: 0.2ms
[2026-03-19T11:23:21.890+0800][90.541s][info][gc,phases   ] GC(207)   Merge Heap Roots: 0.1ms
[2026-03-19T11:23:21.890+0800][90.541s][info][gc,phases   ] GC(207)   Evacuate Collection Set: 0.7ms
[2026-03-19T11:23:21.890+0800][90.541s][info][gc,phases   ] GC(207)   Post Evacuate Collection Set: 0.7ms
[2026-03-19T11:23:21.890+0800][90.541s][info][gc,phases   ] GC(207)   Other: 0.4ms
[2026-03-19T11:23:21.890+0800][90.541s][info][gc,heap     ] GC(207) Eden regions: 9->0(36)
[2026-03-19T11:23:21.890+0800][90.541s][info][gc,heap     ] GC(207) Survivor regions: 2->1(5)
[2026-03-19T11:23:21.890+0800][90.541s][info][gc,heap     ] GC(207) Old regions: 20->20
[2026-03-19T11:23:21.890+0800][90.541s][info][gc,heap     ] GC(207) Archive regions: 0->0
[2026-03-19T11:23:21.890+0800][90.541s][info][gc,heap     ] GC(207) Humongous regions: 37->37
[2026-03-19T11:23:21.890+0800][90.542s][info][gc,metaspace] GC(207) Metaspace: 24262K(24640K)->24262K(24640K) NonClass: 21488K(21696K)->21488K(21696K) Class: 2774K(2944K)->2774K(2944K)
[2026-03-19T11:23:21.890+0800][90.542s][info][gc          ] GC(207) Pause Young (Concurrent Start) (G1 Humongous Allocation) 67M->56M(128M) 3.098ms
[2026-03-19T11:23:21.890+0800][90.542s][info][gc,cpu      ] GC(207) User=0.00s Sys=0.00s Real=0.00s
[2026-03-19T11:23:21.891+0800][90.542s][info][gc          ] GC(208) Concurrent Undo Cycle
[2026-03-19T11:23:21.891+0800][90.542s][info][gc,marking  ] GC(208) Concurrent Cleanup for Next Mark
[2026-03-19T11:23:21.891+0800][90.543s][info][gc,marking  ] GC(208) Concurrent Cleanup for Next Mark 0.532ms
[2026-03-19T11:23:21.892+0800][90.543s][info][gc          ] GC(208) Concurrent Undo Cycle 0.912ms
[2026-03-19T11:23:22.195+0800][90.847s][info][gc,start    ] GC(209) Pause Young (Concurrent Start) (G1 Humongous Allocation)
[2026-03-19T11:23:22.196+0800][90.848s][info][gc,task     ] GC(209) Using 3 workers of 13 for evacuation
[2026-03-19T11:23:22.199+0800][90.850s][info][gc,phases   ] GC(209)   Pre Evacuate Collection Set: 0.3ms
[2026-03-19T11:23:22.199+0800][90.850s][info][gc,phases   ] GC(209)   Merge Heap Roots: 0.2ms
[2026-03-19T11:23:22.199+0800][90.851s][info][gc,phases   ] GC(209)   Evacuate Collection Set: 1.0ms
[2026-03-19T11:23:22.199+0800][90.851s][info][gc,phases   ] GC(209)   Post Evacuate Collection Set: 0.9ms
[2026-03-19T11:23:22.199+0800][90.851s][info][gc,phases   ] GC(209)   Other: 0.5ms
[2026-03-19T11:23:22.199+0800][90.851s][info][gc,heap     ] GC(209) Eden regions: 4->0(29)
[2026-03-19T11:23:22.199+0800][90.851s][info][gc,heap     ] GC(209) Survivor regions: 1->2(5)
[2026-03-19T11:23:22.199+0800][90.851s][info][gc,heap     ] GC(209) Old regions: 20->20
[2026-03-19T11:23:22.199+0800][90.851s][info][gc,heap     ] GC(209) Archive regions: 0->0
[2026-03-19T11:23:22.200+0800][90.851s][info][gc,heap     ] GC(209) Humongous regions: 39->39
[2026-03-19T11:23:22.200+0800][90.851s][info][gc,metaspace] GC(209) Metaspace: 24262K(24640K)->24262K(24640K) NonClass: 21488K(21696K)->21488K(21696K) Class: 2774K(2944K)->2774K(2944K)
[2026-03-19T11:23:22.200+0800][90.851s][info][gc          ] GC(209) Pause Young (Concurrent Start) (G1 Humongous Allocation) 62M->60M(128M) 3.917ms
[2026-03-19T11:23:22.200+0800][90.851s][info][gc,cpu      ] GC(209) User=0.00s Sys=0.00s Real=0.01s
[2026-03-19T11:23:22.200+0800][90.852s][info][gc          ] GC(210) Concurrent Mark Cycle
[2026-03-19T11:23:22.200+0800][90.852s][info][gc,marking  ] GC(210) Concurrent Clear Claimed Marks
[2026-03-19T11:23:22.200+0800][90.852s][info][gc,marking  ] GC(210) Concurrent Clear Claimed Marks 0.105ms
[2026-03-19T11:23:22.200+0800][90.852s][info][gc,marking  ] GC(210) Concurrent Scan Root Regions
[2026-03-19T11:23:22.201+0800][90.852s][info][gc,marking  ] GC(210) Concurrent Scan Root Regions 0.371ms
[2026-03-19T11:23:22.201+0800][90.852s][info][gc,marking  ] GC(210) Concurrent Mark
[2026-03-19T11:23:22.201+0800][90.852s][info][gc,marking  ] GC(210) Concurrent Mark From Roots
[2026-03-19T11:23:22.201+0800][90.853s][info][gc,task     ] GC(210) Using 3 workers of 3 for marking
[2026-03-19T11:23:22.212+0800][90.864s][info][gc,marking  ] GC(210) Concurrent Mark From Roots 11.871ms
[2026-03-19T11:23:22.213+0800][90.865s][info][gc,marking  ] GC(210) Concurrent Preclean
[2026-03-19T11:23:22.213+0800][90.865s][info][gc,marking  ] GC(210) Concurrent Preclean 0.380ms
[2026-03-19T11:23:22.214+0800][90.865s][info][gc,start    ] GC(210) Pause Remark
[2026-03-19T11:23:22.221+0800][90.872s][info][gc          ] GC(210) Pause Remark 71M->41M(128M) 6.770ms
[2026-03-19T11:23:22.221+0800][90.872s][info][gc,cpu      ] GC(210) User=0.00s Sys=0.00s Real=0.01s
[2026-03-19T11:23:22.221+0800][90.873s][info][gc,marking  ] GC(210) Concurrent Mark 20.294ms
[2026-03-19T11:23:22.221+0800][90.873s][info][gc,marking  ] GC(210) Concurrent Rebuild Remembered Sets
[2026-03-19T11:23:22.228+0800][90.880s][info][gc,marking  ] GC(210) Concurrent Rebuild Remembered Sets 7.058ms
[2026-03-19T11:23:22.229+0800][90.881s][info][gc,start    ] GC(210) Pause Cleanup
[2026-03-19T11:23:22.229+0800][90.881s][info][gc          ] GC(210) Pause Cleanup 41M->41M(128M) 0.465ms
[2026-03-19T11:23:22.229+0800][90.881s][info][gc,cpu      ] GC(210) User=0.00s Sys=0.00s Real=0.00s
[2026-03-19T11:23:22.229+0800][90.881s][info][gc,marking  ] GC(210) Concurrent Cleanup for Next Mark
[2026-03-19T11:23:22.230+0800][90.882s][info][gc,marking  ] GC(210) Concurrent Cleanup for Next Mark 0.709ms
[2026-03-19T11:23:22.230+0800][90.882s][info][gc          ] GC(210) Concurrent Mark Cycle 30.848ms
[2026-03-19T11:23:22.840+0800][91.491s][info][gc,start    ] GC(211) Pause Young (Concurrent Start) (G1 Humongous Allocation)
[2026-03-19T11:23:22.840+0800][91.491s][info][gc,task     ] GC(211) Using 3 workers of 13 for evacuation
[2026-03-19T11:23:22.841+0800][91.493s][info][gc,phases   ] GC(211)   Pre Evacuate Collection Set: 0.2ms
[2026-03-19T11:23:22.842+0800][91.493s][info][gc,phases   ] GC(211)   Merge Heap Roots: 0.1ms
[2026-03-19T11:23:22.842+0800][91.493s][info][gc,phases   ] GC(211)   Evacuate Collection Set: 0.7ms
[2026-03-19T11:23:22.842+0800][91.493s][info][gc,phases   ] GC(211)   Post Evacuate Collection Set: 0.6ms
[2026-03-19T11:23:22.842+0800][91.493s][info][gc,phases   ] GC(211)   Other: 0.4ms
[2026-03-19T11:23:22.842+0800][91.493s][info][gc,heap     ] GC(211) Eden regions: 9->0(34)
[2026-03-19T11:23:22.842+0800][91.493s][info][gc,heap     ] GC(211) Survivor regions: 2->1(4)
[2026-03-19T11:23:22.842+0800][91.493s][info][gc,heap     ] GC(211) Old regions: 20->20
[2026-03-19T11:23:22.842+0800][91.493s][info][gc,heap     ] GC(211) Archive regions: 0->0
[2026-03-19T11:23:22.842+0800][91.493s][info][gc,heap     ] GC(211) Humongous regions: 37->37
[2026-03-19T11:23:22.842+0800][91.493s][info][gc,metaspace] GC(211) Metaspace: 24275K(24640K)->24275K(24640K) NonClass: 21501K(21696K)->21501K(21696K) Class: 2774K(2944K)->2774K(2944K)
[2026-03-19T11:23:22.842+0800][91.494s][info][gc          ] GC(211) Pause Young (Concurrent Start) (G1 Humongous Allocation) 67M->56M(128M) 2.648ms
[2026-03-19T11:23:22.842+0800][91.494s][info][gc,cpu      ] GC(211) User=0.00s Sys=0.00s Real=0.00s
[2026-03-19T11:23:22.842+0800][91.494s][info][gc          ] GC(212) Concurrent Undo Cycle
[2026-03-19T11:23:22.842+0800][91.494s][info][gc,marking  ] GC(212) Concurrent Cleanup for Next Mark
[2026-03-19T11:23:22.843+0800][91.494s][info][gc,marking  ] GC(212) Concurrent Cleanup for Next Mark 0.450ms
[2026-03-19T11:23:22.843+0800][91.494s][info][gc          ] GC(212) Concurrent Undo Cycle 0.706ms
[2026-03-19T11:23:23.149+0800][91.801s][info][gc,start    ] GC(213) Pause Young (Concurrent Start) (G1 Humongous Allocation)
[2026-03-19T11:23:23.149+0800][91.801s][info][gc,task     ] GC(213) Using 3 workers of 13 for evacuation
[2026-03-19T11:23:23.151+0800][91.803s][info][gc,phases   ] GC(213)   Pre Evacuate Collection Set: 0.2ms
[2026-03-19T11:23:23.152+0800][91.803s][info][gc,phases   ] GC(213)   Merge Heap Roots: 0.2ms
[2026-03-19T11:23:23.152+0800][91.804s][info][gc,phases   ] GC(213)   Evacuate Collection Set: 0.9ms
[2026-03-19T11:23:23.152+0800][91.804s][info][gc,phases   ] GC(213)   Post Evacuate Collection Set: 1.1ms
[2026-03-19T11:23:23.152+0800][91.804s][info][gc,phases   ] GC(213)   Other: 0.5ms
[2026-03-19T11:23:23.152+0800][91.804s][info][gc,heap     ] GC(213) Eden regions: 4->0(28)
[2026-03-19T11:23:23.152+0800][91.804s][info][gc,heap     ] GC(213) Survivor regions: 1->2(5)
[2026-03-19T11:23:23.152+0800][91.804s][info][gc,heap     ] GC(213) Old regions: 20->20
[2026-03-19T11:23:23.152+0800][91.804s][info][gc,heap     ] GC(213) Archive regions: 0->0
[2026-03-19T11:23:23.152+0800][91.804s][info][gc,heap     ] GC(213) Humongous regions: 39->39
[2026-03-19T11:23:23.152+0800][91.804s][info][gc,metaspace] GC(213) Metaspace: 24275K(24640K)->24275K(24640K) NonClass: 21501K(21696K)->21501K(21696K) Class: 2774K(2944K)->2774K(2944K)
[2026-03-19T11:23:23.152+0800][91.804s][info][gc          ] GC(213) Pause Young (Concurrent Start) (G1 Humongous Allocation) 62M->60M(128M) 3.591ms
[2026-03-19T11:23:23.152+0800][91.804s][info][gc,cpu      ] GC(213) User=0.00s Sys=0.00s Real=0.00s
[2026-03-19T11:23:23.152+0800][91.804s][info][gc          ] GC(214) Concurrent Mark Cycle
[2026-03-19T11:23:23.153+0800][91.805s][info][gc,marking  ] GC(214) Concurrent Clear Claimed Marks
[2026-03-19T11:23:23.153+0800][91.805s][info][gc,marking  ] GC(214) Concurrent Clear Claimed Marks 0.117ms
[2026-03-19T11:23:23.153+0800][91.805s][info][gc,marking  ] GC(214) Concurrent Scan Root Regions
[2026-03-19T11:23:23.153+0800][91.805s][info][gc,marking  ] GC(214) Concurrent Scan Root Regions 0.398ms
[2026-03-19T11:23:23.153+0800][91.805s][info][gc,marking  ] GC(214) Concurrent Mark
[2026-03-19T11:23:23.153+0800][91.805s][info][gc,marking  ] GC(214) Concurrent Mark From Roots
[2026-03-19T11:23:23.153+0800][91.805s][info][gc,task     ] GC(214) Using 3 workers of 3 for marking
[2026-03-19T11:23:23.165+0800][91.816s][info][gc,marking  ] GC(214) Concurrent Mark From Roots 10.616ms
[2026-03-19T11:23:23.165+0800][91.816s][info][gc,marking  ] GC(214) Concurrent Preclean
[2026-03-19T11:23:23.165+0800][91.817s][info][gc,marking  ] GC(214) Concurrent Preclean 0.349ms
[2026-03-19T11:23:23.165+0800][91.817s][info][gc,start    ] GC(214) Pause Remark
[2026-03-19T11:23:23.171+0800][91.823s][info][gc          ] GC(214) Pause Remark 71M->41M(128M) 6.324ms
[2026-03-19T11:23:23.172+0800][91.824s][info][gc,cpu      ] GC(214) User=0.00s Sys=0.00s Real=0.01s
[2026-03-19T11:23:23.172+0800][91.824s][info][gc,marking  ] GC(214) Concurrent Mark 18.501ms
[2026-03-19T11:23:23.172+0800][91.824s][info][gc,marking  ] GC(214) Concurrent Rebuild Remembered Sets
[2026-03-19T11:23:23.179+0800][91.831s][info][gc,marking  ] GC(214) Concurrent Rebuild Remembered Sets 6.613ms
[2026-03-19T11:23:23.179+0800][91.831s][info][gc,start    ] GC(214) Pause Cleanup
[2026-03-19T11:23:23.180+0800][91.831s][info][gc          ] GC(214) Pause Cleanup 41M->41M(128M) 0.325ms
[2026-03-19T11:23:23.180+0800][91.832s][info][gc,cpu      ] GC(214) User=0.00s Sys=0.00s Real=0.00s
[2026-03-19T11:23:23.180+0800][91.832s][info][gc,marking  ] GC(214) Concurrent Cleanup for Next Mark
[2026-03-19T11:23:23.181+0800][91.832s][info][gc,marking  ] GC(214) Concurrent Cleanup for Next Mark 0.523ms
[2026-03-19T11:23:23.181+0800][91.832s][info][gc          ] GC(214) Concurrent Mark Cycle 28.135ms
[2026-03-19T11:23:23.790+0800][92.442s][info][gc,start    ] GC(215) Pause Young (Concurrent Start) (G1 Humongous Allocation)
[2026-03-19T11:23:23.790+0800][92.442s][info][gc,task     ] GC(215) Using 3 workers of 13 for evacuation
[2026-03-19T11:23:23.792+0800][92.444s][info][gc,phases   ] GC(215)   Pre Evacuate Collection Set: 0.3ms
[2026-03-19T11:23:23.792+0800][92.444s][info][gc,phases   ] GC(215)   Merge Heap Roots: 0.2ms
[2026-03-19T11:23:23.792+0800][92.444s][info][gc,phases   ] GC(215)   Evacuate Collection Set: 0.7ms
[2026-03-19T11:23:23.792+0800][92.444s][info][gc,phases   ] GC(215)   Post Evacuate Collection Set: 0.6ms
[2026-03-19T11:23:23.792+0800][92.444s][info][gc,phases   ] GC(215)   Other: 0.3ms
[2026-03-19T11:23:23.792+0800][92.444s][info][gc,heap     ] GC(215) Eden regions: 9->0(29)
[2026-03-19T11:23:23.793+0800][92.444s][info][gc,heap     ] GC(215) Survivor regions: 2->1(4)
[2026-03-19T11:23:23.793+0800][92.444s][info][gc,heap     ] GC(215) Old regions: 20->20
[2026-03-19T11:23:23.793+0800][92.444s][info][gc,heap     ] GC(215) Archive regions: 0->0
[2026-03-19T11:23:23.793+0800][92.444s][info][gc,heap     ] GC(215) Humongous regions: 37->37
[2026-03-19T11:23:23.793+0800][92.444s][info][gc,metaspace] GC(215) Metaspace: 24294K(24640K)->24294K(24640K) NonClass: 21520K(21696K)->21520K(21696K) Class: 2774K(2944K)->2774K(2944K)
[2026-03-19T11:23:23.793+0800][92.445s][info][gc          ] GC(215) Pause Young (Concurrent Start) (G1 Humongous Allocation) 67M->56M(128M) 2.817ms
[2026-03-19T11:23:23.793+0800][92.445s][info][gc,cpu      ] GC(215) User=0.00s Sys=0.00s Real=0.00s
[2026-03-19T11:23:23.793+0800][92.445s][info][gc          ] GC(216) Concurrent Undo Cycle
[2026-03-19T11:23:23.793+0800][92.445s][info][gc,marking  ] GC(216) Concurrent Cleanup for Next Mark
[2026-03-19T11:23:23.794+0800][92.445s][info][gc,marking  ] GC(216) Concurrent Cleanup for Next Mark 0.403ms
[2026-03-19T11:23:23.794+0800][92.445s][info][gc          ] GC(216) Concurrent Undo Cycle 0.642ms
[2026-03-19T11:23:24.110+0800][92.762s][info][gc,start    ] GC(217) Pause Young (Concurrent Start) (G1 Humongous Allocation)
[2026-03-19T11:23:24.110+0800][92.762s][info][gc,task     ] GC(217) Using 3 workers of 13 for evacuation
[2026-03-19T11:23:24.112+0800][92.764s][info][gc,phases   ] GC(217)   Pre Evacuate Collection Set: 0.3ms
[2026-03-19T11:23:24.112+0800][92.764s][info][gc,phases   ] GC(217)   Merge Heap Roots: 0.2ms
[2026-03-19T11:23:24.112+0800][92.764s][info][gc,phases   ] GC(217)   Evacuate Collection Set: 0.7ms
[2026-03-19T11:23:24.112+0800][92.764s][info][gc,phases   ] GC(217)   Post Evacuate Collection Set: 0.6ms
[2026-03-19T11:23:24.112+0800][92.764s][info][gc,phases   ] GC(217)   Other: 0.4ms
[2026-03-19T11:23:24.112+0800][92.764s][info][gc,heap     ] GC(217) Eden regions: 4->0(25)
[2026-03-19T11:23:24.112+0800][92.764s][info][gc,heap     ] GC(217) Survivor regions: 1->2(4)
[2026-03-19T11:23:24.112+0800][92.764s][info][gc,heap     ] GC(217) Old regions: 20->20
[2026-03-19T11:23:24.112+0800][92.764s][info][gc,heap     ] GC(217) Archive regions: 0->0
[2026-03-19T11:23:24.113+0800][92.764s][info][gc,heap     ] GC(217) Humongous regions: 39->39
[2026-03-19T11:23:24.113+0800][92.765s][info][gc,metaspace] GC(217) Metaspace: 24294K(24640K)->24294K(24640K) NonClass: 21520K(21696K)->21520K(21696K) Class: 2774K(2944K)->2774K(2944K)
[2026-03-19T11:23:24.113+0800][92.765s][info][gc          ] GC(217) Pause Young (Concurrent Start) (G1 Humongous Allocation) 62M->60M(128M) 2.886ms
[2026-03-19T11:23:24.113+0800][92.765s][info][gc,cpu      ] GC(217) User=0.00s Sys=0.00s Real=0.00s
[2026-03-19T11:23:24.113+0800][92.765s][info][gc          ] GC(218) Concurrent Mark Cycle
[2026-03-19T11:23:24.113+0800][92.765s][info][gc,marking  ] GC(218) Concurrent Clear Claimed Marks
[2026-03-19T11:23:24.113+0800][92.765s][info][gc,marking  ] GC(218) Concurrent Clear Claimed Marks 0.111ms
[2026-03-19T11:23:24.113+0800][92.765s][info][gc,marking  ] GC(218) Concurrent Scan Root Regions
[2026-03-19T11:23:24.113+0800][92.766s][info][gc,marking  ] GC(218) Concurrent Scan Root Regions 0.285ms
[2026-03-19T11:23:24.113+0800][92.766s][info][gc,marking  ] GC(218) Concurrent Mark
[2026-03-19T11:23:24.113+0800][92.766s][info][gc,marking  ] GC(218) Concurrent Mark From Roots
[2026-03-19T11:23:24.113+0800][92.766s][info][gc,task     ] GC(218) Using 3 workers of 3 for marking
[2026-03-19T11:23:24.124+0800][92.776s][info][gc,marking  ] GC(218) Concurrent Mark From Roots 9.628ms
[2026-03-19T11:23:24.124+0800][92.776s][info][gc,marking  ] GC(218) Concurrent Preclean
[2026-03-19T11:23:24.125+0800][92.776s][info][gc,marking  ] GC(218) Concurrent Preclean 0.334ms
[2026-03-19T11:23:24.125+0800][92.777s][info][gc,start    ] GC(218) Pause Remark
[2026-03-19T11:23:24.131+0800][92.782s][info][gc          ] GC(218) Pause Remark 71M->41M(128M) 5.176ms
[2026-03-19T11:23:24.131+0800][92.782s][info][gc,cpu      ] GC(218) User=0.00s Sys=0.00s Real=0.01s
[2026-03-19T11:23:24.131+0800][92.782s][info][gc,marking  ] GC(218) Concurrent Mark 16.291ms
[2026-03-19T11:23:24.131+0800][92.782s][info][gc,marking  ] GC(218) Concurrent Rebuild Remembered Sets
[2026-03-19T11:23:24.136+0800][92.787s][info][gc,marking  ] GC(218) Concurrent Rebuild Remembered Sets 4.494ms
[2026-03-19T11:23:24.136+0800][92.787s][info][gc,start    ] GC(218) Pause Cleanup
[2026-03-19T11:23:24.136+0800][92.788s][info][gc          ] GC(218) Pause Cleanup 41M->41M(128M) 0.402ms
[2026-03-19T11:23:24.137+0800][92.788s][info][gc,cpu      ] GC(218) User=0.00s Sys=0.00s Real=0.00s
[2026-03-19T11:23:24.137+0800][92.788s][info][gc,marking  ] GC(218) Concurrent Cleanup for Next Mark
[2026-03-19T11:23:24.137+0800][92.788s][info][gc,marking  ] GC(218) Concurrent Cleanup for Next Mark 0.459ms
[2026-03-19T11:23:24.137+0800][92.789s][info][gc          ] GC(218) Concurrent Mark Cycle 23.528ms
[2026-03-19T11:23:24.739+0800][93.391s][info][gc,start    ] GC(219) Pause Young (Concurrent Start) (G1 Humongous Allocation)
[2026-03-19T11:23:24.740+0800][93.391s][info][gc,task     ] GC(219) Using 3 workers of 13 for evacuation
[2026-03-19T11:23:24.741+0800][93.393s][info][gc,phases   ] GC(219)   Pre Evacuate Collection Set: 0.2ms
[2026-03-19T11:23:24.742+0800][93.393s][info][gc,phases   ] GC(219)   Merge Heap Roots: 0.1ms
[2026-03-19T11:23:24.742+0800][93.393s][info][gc,phases   ] GC(219)   Evacuate Collection Set: 0.7ms
[2026-03-19T11:23:24.742+0800][93.393s][info][gc,phases   ] GC(219)   Post Evacuate Collection Set: 0.8ms
[2026-03-19T11:23:24.742+0800][93.393s][info][gc,phases   ] GC(219)   Other: 0.4ms
[2026-03-19T11:23:24.742+0800][93.393s][info][gc,heap     ] GC(219) Eden regions: 9->0(28)
[2026-03-19T11:23:24.742+0800][93.393s][info][gc,heap     ] GC(219) Survivor regions: 2->1(4)
[2026-03-19T11:23:24.742+0800][93.393s][info][gc,heap     ] GC(219) Old regions: 20->20
[2026-03-19T11:23:24.742+0800][93.393s][info][gc,heap     ] GC(219) Archive regions: 0->0
[2026-03-19T11:23:24.742+0800][93.394s][info][gc,heap     ] GC(219) Humongous regions: 37->37
[2026-03-19T11:23:24.742+0800][93.394s][info][gc,metaspace] GC(219) Metaspace: 24294K(24640K)->24294K(24640K) NonClass: 21520K(21696K)->21520K(21696K) Class: 2774K(2944K)->2774K(2944K)
[2026-03-19T11:23:24.742+0800][93.394s][info][gc          ] GC(219) Pause Young (Concurrent Start) (G1 Humongous Allocation) 67M->56M(128M) 2.861ms
[2026-03-19T11:23:24.742+0800][93.394s][info][gc,cpu      ] GC(219) User=0.02s Sys=0.00s Real=0.00s
[2026-03-19T11:23:24.743+0800][93.394s][info][gc          ] GC(220) Concurrent Undo Cycle
[2026-03-19T11:23:24.743+0800][93.394s][info][gc,marking  ] GC(220) Concurrent Cleanup for Next Mark
[2026-03-19T11:23:24.743+0800][93.395s][info][gc,marking  ] GC(220) Concurrent Cleanup for Next Mark 0.427ms
[2026-03-19T11:23:24.743+0800][93.395s][info][gc          ] GC(220) Concurrent Undo Cycle 0.729ms
[2026-03-19T11:23:25.049+0800][93.701s][info][gc,start    ] GC(221) Pause Young (Concurrent Start) (G1 Humongous Allocation)
[2026-03-19T11:23:25.050+0800][93.701s][info][gc,task     ] GC(221) Using 3 workers of 13 for evacuation
[2026-03-19T11:23:25.052+0800][93.703s][info][gc,phases   ] GC(221)   Pre Evacuate Collection Set: 0.2ms
[2026-03-19T11:23:25.052+0800][93.704s][info][gc,phases   ] GC(221)   Merge Heap Roots: 0.2ms
[2026-03-19T11:23:25.052+0800][93.704s][info][gc,phases   ] GC(221)   Evacuate Collection Set: 1.0ms
[2026-03-19T11:23:25.052+0800][93.704s][info][gc,phases   ] GC(221)   Post Evacuate Collection Set: 0.9ms
[2026-03-19T11:23:25.052+0800][93.704s][info][gc,phases   ] GC(221)   Other: 0.6ms
[2026-03-19T11:23:25.053+0800][93.704s][info][gc,heap     ] GC(221) Eden regions: 4->0(30)
[2026-03-19T11:23:25.053+0800][93.704s][info][gc,heap     ] GC(221) Survivor regions: 1->2(4)
[2026-03-19T11:23:25.053+0800][93.704s][info][gc,heap     ] GC(221) Old regions: 20->20
[2026-03-19T11:23:25.053+0800][93.704s][info][gc,heap     ] GC(221) Archive regions: 0->0
[2026-03-19T11:23:25.053+0800][93.704s][info][gc,heap     ] GC(221) Humongous regions: 39->39
[2026-03-19T11:23:25.053+0800][93.704s][info][gc,metaspace] GC(221) Metaspace: 24302K(24704K)->24302K(24704K) NonClass: 21528K(21760K)->21528K(21760K) Class: 2774K(2944K)->2774K(2944K)
[2026-03-19T11:23:25.053+0800][93.704s][info][gc          ] GC(221) Pause Young (Concurrent Start) (G1 Humongous Allocation) 62M->60M(128M) 3.709ms
[2026-03-19T11:23:25.053+0800][93.704s][info][gc,cpu      ] GC(221) User=0.00s Sys=0.00s Real=0.00s
[2026-03-19T11:23:25.053+0800][93.705s][info][gc          ] GC(222) Concurrent Mark Cycle
[2026-03-19T11:23:25.053+0800][93.705s][info][gc,marking  ] GC(222) Concurrent Clear Claimed Marks
[2026-03-19T11:23:25.054+0800][93.705s][info][gc,marking  ] GC(222) Concurrent Clear Claimed Marks 0.100ms
[2026-03-19T11:23:25.054+0800][93.705s][info][gc,marking  ] GC(222) Concurrent Scan Root Regions
[2026-03-19T11:23:25.054+0800][93.705s][info][gc,marking  ] GC(222) Concurrent Scan Root Regions 0.334ms
[2026-03-19T11:23:25.054+0800][93.705s][info][gc,marking  ] GC(222) Concurrent Mark
[2026-03-19T11:23:25.054+0800][93.705s][info][gc,marking  ] GC(222) Concurrent Mark From Roots
[2026-03-19T11:23:25.054+0800][93.706s][info][gc,task     ] GC(222) Using 3 workers of 3 for marking
[2026-03-19T11:23:25.064+0800][93.716s][info][gc,marking  ] GC(222) Concurrent Mark From Roots 10.608ms
[2026-03-19T11:23:25.064+0800][93.716s][info][gc,marking  ] GC(222) Concurrent Preclean
[2026-03-19T11:23:25.065+0800][93.717s][info][gc,marking  ] GC(222) Concurrent Preclean 0.372ms
[2026-03-19T11:23:25.065+0800][93.717s][info][gc,start    ] GC(222) Pause Remark
[2026-03-19T11:23:25.071+0800][93.723s][info][gc          ] GC(222) Pause Remark 71M->41M(128M) 5.202ms
[2026-03-19T11:23:25.071+0800][93.723s][info][gc,cpu      ] GC(222) User=0.00s Sys=0.05s Real=0.01s
[2026-03-19T11:23:25.071+0800][93.723s][info][gc,marking  ] GC(222) Concurrent Mark 17.599ms
[2026-03-19T11:23:25.072+0800][93.723s][info][gc,marking  ] GC(222) Concurrent Rebuild Remembered Sets
[2026-03-19T11:23:25.078+0800][93.730s][info][gc,marking  ] GC(222) Concurrent Rebuild Remembered Sets 6.841ms
[2026-03-19T11:23:25.079+0800][93.731s][info][gc,start    ] GC(222) Pause Cleanup
[2026-03-19T11:23:25.079+0800][93.731s][info][gc          ] GC(222) Pause Cleanup 41M->41M(128M) 0.647ms
[2026-03-19T11:23:25.079+0800][93.732s][info][gc,cpu      ] GC(222) User=0.00s Sys=0.00s Real=0.00s
[2026-03-19T11:23:25.081+0800][93.732s][info][gc,marking  ] GC(222) Concurrent Cleanup for Next Mark
[2026-03-19T11:23:25.081+0800][93.733s][info][gc,marking  ] GC(222) Concurrent Cleanup for Next Mark 0.714ms
[2026-03-19T11:23:25.081+0800][93.733s][info][gc          ] GC(222) Concurrent Mark Cycle 28.214ms
[2026-03-19T11:23:25.698+0800][94.349s][info][gc,start    ] GC(223) Pause Young (Concurrent Start) (G1 Humongous Allocation)
[2026-03-19T11:23:25.698+0800][94.350s][info][gc,task     ] GC(223) Using 3 workers of 13 for evacuation
[2026-03-19T11:23:25.700+0800][94.352s][info][gc,phases   ] GC(223)   Pre Evacuate Collection Set: 0.2ms
[2026-03-19T11:23:25.700+0800][94.352s][info][gc,phases   ] GC(223)   Merge Heap Roots: 0.2ms
[2026-03-19T11:23:25.700+0800][94.352s][info][gc,phases   ] GC(223)   Evacuate Collection Set: 0.9ms
[2026-03-19T11:23:25.701+0800][94.352s][info][gc,phases   ] GC(223)   Post Evacuate Collection Set: 0.6ms
[2026-03-19T11:23:25.701+0800][94.352s][info][gc,phases   ] GC(223)   Other: 0.8ms
[2026-03-19T11:23:25.701+0800][94.352s][info][gc,heap     ] GC(223) Eden regions: 9->0(34)
[2026-03-19T11:23:25.701+0800][94.352s][info][gc,heap     ] GC(223) Survivor regions: 2->1(4)
[2026-03-19T11:23:25.701+0800][94.352s][info][gc,heap     ] GC(223) Old regions: 20->20
[2026-03-19T11:23:25.701+0800][94.353s][info][gc,heap     ] GC(223) Archive regions: 0->0
[2026-03-19T11:23:25.701+0800][94.353s][info][gc,heap     ] GC(223) Humongous regions: 37->37
[2026-03-19T11:23:25.701+0800][94.353s][info][gc,metaspace] GC(223) Metaspace: 24302K(24704K)->24302K(24704K) NonClass: 21528K(21760K)->21528K(21760K) Class: 2774K(2944K)->2774K(2944K)
[2026-03-19T11:23:25.702+0800][94.353s][info][gc          ] GC(223) Pause Young (Concurrent Start) (G1 Humongous Allocation) 67M->56M(128M) 3.681ms
[2026-03-19T11:23:25.702+0800][94.353s][info][gc,cpu      ] GC(223) User=0.00s Sys=0.00s Real=0.00s
[2026-03-19T11:23:25.702+0800][94.353s][info][gc          ] GC(224) Concurrent Undo Cycle
[2026-03-19T11:23:25.702+0800][94.353s][info][gc,marking  ] GC(224) Concurrent Cleanup for Next Mark
[2026-03-19T11:23:25.702+0800][94.354s][info][gc,marking  ] GC(224) Concurrent Cleanup for Next Mark 0.544ms
[2026-03-19T11:23:25.703+0800][94.354s][info][gc          ] GC(224) Concurrent Undo Cycle 0.972ms
[2026-03-19T11:23:26.011+0800][94.663s][info][gc,start    ] GC(225) Pause Young (Concurrent Start) (G1 Humongous Allocation)
[2026-03-19T11:23:26.011+0800][94.663s][info][gc,task     ] GC(225) Using 3 workers of 13 for evacuation
[2026-03-19T11:23:26.013+0800][94.665s][info][gc,phases   ] GC(225)   Pre Evacuate Collection Set: 0.3ms
[2026-03-19T11:23:26.014+0800][94.665s][info][gc,phases   ] GC(225)   Merge Heap Roots: 0.2ms
[2026-03-19T11:23:26.014+0800][94.665s][info][gc,phases   ] GC(225)   Evacuate Collection Set: 0.9ms
[2026-03-19T11:23:26.014+0800][94.665s][info][gc,phases   ] GC(225)   Post Evacuate Collection Set: 0.9ms
[2026-03-19T11:23:26.014+0800][94.666s][info][gc,phases   ] GC(225)   Other: 0.3ms
[2026-03-19T11:23:26.014+0800][94.666s][info][gc,heap     ] GC(225) Eden regions: 5->0(34)
[2026-03-19T11:23:26.014+0800][94.666s][info][gc,heap     ] GC(225) Survivor regions: 1->2(5)
[2026-03-19T11:23:26.014+0800][94.666s][info][gc,heap     ] GC(225) Old regions: 20->20
[2026-03-19T11:23:26.014+0800][94.666s][info][gc,heap     ] GC(225) Archive regions: 0->0
[2026-03-19T11:23:26.014+0800][94.666s][info][gc,heap     ] GC(225) Humongous regions: 39->39
[2026-03-19T11:23:26.014+0800][94.666s][info][gc,metaspace] GC(225) Metaspace: 24320K(24704K)->24320K(24704K) NonClass: 21545K(21760K)->21545K(21760K) Class: 2774K(2944K)->2774K(2944K)
[2026-03-19T11:23:26.014+0800][94.666s][info][gc          ] GC(225) Pause Young (Concurrent Start) (G1 Humongous Allocation) 62M->60M(128M) 3.289ms
[2026-03-19T11:23:26.014+0800][94.666s][info][gc,cpu      ] GC(225) User=0.00s Sys=0.00s Real=0.00s
[2026-03-19T11:23:26.014+0800][94.666s][info][gc          ] GC(226) Concurrent Mark Cycle
[2026-03-19T11:23:26.014+0800][94.666s][info][gc,marking  ] GC(226) Concurrent Clear Claimed Marks
[2026-03-19T11:23:26.014+0800][94.666s][info][gc,marking  ] GC(226) Concurrent Clear Claimed Marks 0.064ms
[2026-03-19T11:23:26.015+0800][94.666s][info][gc,marking  ] GC(226) Concurrent Scan Root Regions
[2026-03-19T11:23:26.015+0800][94.667s][info][gc,marking  ] GC(226) Concurrent Scan Root Regions 0.380ms
[2026-03-19T11:23:26.015+0800][94.667s][info][gc,marking  ] GC(226) Concurrent Mark
[2026-03-19T11:23:26.015+0800][94.667s][info][gc,marking  ] GC(226) Concurrent Mark From Roots
[2026-03-19T11:23:26.015+0800][94.667s][info][gc,task     ] GC(226) Using 3 workers of 3 for marking
[2026-03-19T11:23:26.024+0800][94.675s][info][gc,marking  ] GC(226) Concurrent Mark From Roots 8.077ms
[2026-03-19T11:23:26.024+0800][94.675s][info][gc,marking  ] GC(226) Concurrent Preclean
[2026-03-19T11:23:26.024+0800][94.675s][info][gc,marking  ] GC(226) Concurrent Preclean 0.235ms
[2026-03-19T11:23:26.025+0800][94.676s][info][gc,start    ] GC(226) Pause Remark
[2026-03-19T11:23:26.031+0800][94.683s][info][gc          ] GC(226) Pause Remark 71M->41M(128M) 7.012ms
[2026-03-19T11:23:26.031+0800][94.683s][info][gc,cpu      ] GC(226) User=0.00s Sys=0.00s Real=0.01s
[2026-03-19T11:23:26.031+0800][94.683s][info][gc,marking  ] GC(226) Concurrent Mark 16.338ms
[2026-03-19T11:23:26.032+0800][94.683s][info][gc,marking  ] GC(226) Concurrent Rebuild Remembered Sets
[2026-03-19T11:23:26.039+0800][94.690s][info][gc,marking  ] GC(226) Concurrent Rebuild Remembered Sets 6.674ms
[2026-03-19T11:23:26.039+0800][94.691s][info][gc,start    ] GC(226) Pause Cleanup
[2026-03-19T11:23:26.040+0800][94.691s][info][gc          ] GC(226) Pause Cleanup 41M->41M(128M) 0.318ms
[2026-03-19T11:23:26.040+0800][94.691s][info][gc,cpu      ] GC(226) User=0.00s Sys=0.00s Real=0.00s
[2026-03-19T11:23:26.040+0800][94.691s][info][gc,marking  ] GC(226) Concurrent Cleanup for Next Mark
[2026-03-19T11:23:26.040+0800][94.692s][info][gc,marking  ] GC(226) Concurrent Cleanup for Next Mark 0.374ms
[2026-03-19T11:23:26.040+0800][94.692s][info][gc          ] GC(226) Concurrent Mark Cycle 25.878ms
[2026-03-19T11:23:26.639+0800][95.291s][info][gc,start    ] GC(227) Pause Young (Concurrent Start) (G1 Humongous Allocation)
[2026-03-19T11:23:26.639+0800][95.291s][info][gc,task     ] GC(227) Using 3 workers of 13 for evacuation
[2026-03-19T11:23:26.641+0800][95.293s][info][gc,phases   ] GC(227)   Pre Evacuate Collection Set: 0.1ms
[2026-03-19T11:23:26.641+0800][95.293s][info][gc,phases   ] GC(227)   Merge Heap Roots: 0.2ms
[2026-03-19T11:23:26.641+0800][95.293s][info][gc,phases   ] GC(227)   Evacuate Collection Set: 0.8ms
[2026-03-19T11:23:26.642+0800][95.294s][info][gc,phases   ] GC(227)   Post Evacuate Collection Set: 1.0ms
[2026-03-19T11:23:26.642+0800][95.294s][info][gc,phases   ] GC(227)   Other: 0.5ms
[2026-03-19T11:23:26.642+0800][95.294s][info][gc,heap     ] GC(227) Eden regions: 9->0(40)
[2026-03-19T11:23:26.642+0800][95.294s][info][gc,heap     ] GC(227) Survivor regions: 2->1(5)
[2026-03-19T11:23:26.642+0800][95.294s][info][gc,heap     ] GC(227) Old regions: 20->20
[2026-03-19T11:23:26.642+0800][95.294s][info][gc,heap     ] GC(227) Archive regions: 0->0
[2026-03-19T11:23:26.642+0800][95.294s][info][gc,heap     ] GC(227) Humongous regions: 37->37
[2026-03-19T11:23:26.642+0800][95.294s][info][gc,metaspace] GC(227) Metaspace: 24320K(24704K)->24320K(24704K) NonClass: 21545K(21760K)->21545K(21760K) Class: 2774K(2944K)->2774K(2944K)
[2026-03-19T11:23:26.642+0800][95.294s][info][gc          ] GC(227) Pause Young (Concurrent Start) (G1 Humongous Allocation) 67M->56M(128M) 3.426ms
[2026-03-19T11:23:26.642+0800][95.294s][info][gc,cpu      ] GC(227) User=0.00s Sys=0.00s Real=0.00s
[2026-03-19T11:23:26.642+0800][95.294s][info][gc          ] GC(228) Concurrent Undo Cycle
[2026-03-19T11:23:26.643+0800][95.295s][info][gc,marking  ] GC(228) Concurrent Cleanup for Next Mark
[2026-03-19T11:23:26.643+0800][95.295s][info][gc,marking  ] GC(228) Concurrent Cleanup for Next Mark 0.504ms
[2026-03-19T11:23:26.643+0800][95.295s][info][gc          ] GC(228) Concurrent Undo Cycle 0.886ms
[2026-03-19T11:23:26.957+0800][95.608s][info][gc,start    ] GC(229) Pause Young (Concurrent Start) (G1 Humongous Allocation)
[2026-03-19T11:23:26.957+0800][95.608s][info][gc,task     ] GC(229) Using 3 workers of 13 for evacuation
[2026-03-19T11:23:26.959+0800][95.610s][info][gc,phases   ] GC(229)   Pre Evacuate Collection Set: 0.2ms
[2026-03-19T11:23:26.959+0800][95.611s][info][gc,phases   ] GC(229)   Merge Heap Roots: 0.1ms
[2026-03-19T11:23:26.959+0800][95.611s][info][gc,phases   ] GC(229)   Evacuate Collection Set: 0.8ms
[2026-03-19T11:23:26.959+0800][95.611s][info][gc,phases   ] GC(229)   Post Evacuate Collection Set: 0.8ms
[2026-03-19T11:23:26.959+0800][95.611s][info][gc,phases   ] GC(229)   Other: 0.4ms
[2026-03-19T11:23:26.959+0800][95.611s][info][gc,heap     ] GC(229) Eden regions: 4->0(30)
[2026-03-19T11:23:26.959+0800][95.611s][info][gc,heap     ] GC(229) Survivor regions: 1->2(6)
[2026-03-19T11:23:26.960+0800][95.611s][info][gc,heap     ] GC(229) Old regions: 20->20
[2026-03-19T11:23:26.960+0800][95.611s][info][gc,heap     ] GC(229) Archive regions: 0->0
[2026-03-19T11:23:26.960+0800][95.611s][info][gc,heap     ] GC(229) Humongous regions: 39->39
[2026-03-19T11:23:26.960+0800][95.611s][info][gc,metaspace] GC(229) Metaspace: 24320K(24704K)->24320K(24704K) NonClass: 21545K(21760K)->21545K(21760K) Class: 2774K(2944K)->2774K(2944K)
[2026-03-19T11:23:26.960+0800][95.611s][info][gc          ] GC(229) Pause Young (Concurrent Start) (G1 Humongous Allocation) 62M->60M(128M) 3.384ms
[2026-03-19T11:23:26.960+0800][95.612s][info][gc,cpu      ] GC(229) User=0.08s Sys=0.00s Real=0.00s
[2026-03-19T11:23:26.960+0800][95.612s][info][gc          ] GC(230) Concurrent Mark Cycle
[2026-03-19T11:23:26.960+0800][95.612s][info][gc,marking  ] GC(230) Concurrent Clear Claimed Marks
[2026-03-19T11:23:26.960+0800][95.612s][info][gc,marking  ] GC(230) Concurrent Clear Claimed Marks 0.082ms
[2026-03-19T11:23:26.961+0800][95.612s][info][gc,marking  ] GC(230) Concurrent Scan Root Regions
[2026-03-19T11:23:26.961+0800][95.612s][info][gc,marking  ] GC(230) Concurrent Scan Root Regions 0.322ms
[2026-03-19T11:23:26.961+0800][95.612s][info][gc,marking  ] GC(230) Concurrent Mark
[2026-03-19T11:23:26.961+0800][95.613s][info][gc,marking  ] GC(230) Concurrent Mark From Roots
[2026-03-19T11:23:26.961+0800][95.613s][info][gc,task     ] GC(230) Using 3 workers of 3 for marking
[2026-03-19T11:23:26.975+0800][95.626s][info][gc,marking  ] GC(230) Concurrent Mark From Roots 13.411ms
[2026-03-19T11:23:26.975+0800][95.626s][info][gc,marking  ] GC(230) Concurrent Preclean
[2026-03-19T11:23:26.975+0800][95.627s][info][gc,marking  ] GC(230) Concurrent Preclean 0.440ms
[2026-03-19T11:23:26.976+0800][95.627s][info][gc,start    ] GC(230) Pause Remark
[2026-03-19T11:23:26.984+0800][95.636s][info][gc          ] GC(230) Pause Remark 71M->41M(128M) 9.360ms
[2026-03-19T11:23:26.984+0800][95.637s][info][gc,cpu      ] GC(230) User=0.00s Sys=0.00s Real=0.01s
[2026-03-19T11:23:26.985+0800][95.637s][info][gc,marking  ] GC(230) Concurrent Mark 24.239ms
[2026-03-19T11:23:26.985+0800][95.637s][info][gc,marking  ] GC(230) Concurrent Rebuild Remembered Sets
[2026-03-19T11:23:26.992+0800][95.644s][info][gc,marking  ] GC(230) Concurrent Rebuild Remembered Sets 6.823ms
[2026-03-19T11:23:26.992+0800][95.644s][info][gc,start    ] GC(230) Pause Cleanup
[2026-03-19T11:23:26.993+0800][95.645s][info][gc          ] GC(230) Pause Cleanup 41M->41M(128M) 0.416ms
[2026-03-19T11:23:26.993+0800][95.645s][info][gc,cpu      ] GC(230) User=0.00s Sys=0.00s Real=0.00s
[2026-03-19T11:23:26.993+0800][95.645s][info][gc,marking  ] GC(230) Concurrent Cleanup for Next Mark
[2026-03-19T11:23:26.994+0800][95.646s][info][gc,marking  ] GC(230) Concurrent Cleanup for Next Mark 0.605ms
[2026-03-19T11:23:26.994+0800][95.646s][info][gc          ] GC(230) Concurrent Mark Cycle 33.947ms
[2026-03-19T11:23:27.602+0800][96.253s][info][gc,start    ] GC(231) Pause Young (Concurrent Start) (G1 Humongous Allocation)
[2026-03-19T11:23:27.602+0800][96.253s][info][gc,task     ] GC(231) Using 3 workers of 13 for evacuation
[2026-03-19T11:23:27.604+0800][96.255s][info][gc,phases   ] GC(231)   Pre Evacuate Collection Set: 0.3ms
[2026-03-19T11:23:27.604+0800][96.256s][info][gc,phases   ] GC(231)   Merge Heap Roots: 0.2ms
[2026-03-19T11:23:27.605+0800][96.256s][info][gc,phases   ] GC(231)   Evacuate Collection Set: 0.9ms
[2026-03-19T11:23:27.605+0800][96.256s][info][gc,phases   ] GC(231)   Post Evacuate Collection Set: 0.9ms
[2026-03-19T11:23:27.605+0800][96.256s][info][gc,phases   ] GC(231)   Other: 0.5ms
[2026-03-19T11:23:27.605+0800][96.256s][info][gc,heap     ] GC(231) Eden regions: 9->0(32)
[2026-03-19T11:23:27.605+0800][96.256s][info][gc,heap     ] GC(231) Survivor regions: 2->1(4)
[2026-03-19T11:23:27.605+0800][96.256s][info][gc,heap     ] GC(231) Old regions: 20->20
[2026-03-19T11:23:27.605+0800][96.256s][info][gc,heap     ] GC(231) Archive regions: 0->0
[2026-03-19T11:23:27.605+0800][96.256s][info][gc,heap     ] GC(231) Humongous regions: 37->37
[2026-03-19T11:23:27.605+0800][96.256s][info][gc,metaspace] GC(231) Metaspace: 24326K(24704K)->24326K(24704K) NonClass: 21551K(21760K)->21551K(21760K) Class: 2774K(2944K)->2774K(2944K)
[2026-03-19T11:23:27.605+0800][96.256s][info][gc          ] GC(231) Pause Young (Concurrent Start) (G1 Humongous Allocation) 67M->56M(128M) 3.636ms
[2026-03-19T11:23:27.605+0800][96.256s][info][gc,cpu      ] GC(231) User=0.00s Sys=0.00s Real=0.00s
[2026-03-19T11:23:27.605+0800][96.257s][info][gc          ] GC(232) Concurrent Undo Cycle
[2026-03-19T11:23:27.606+0800][96.257s][info][gc,marking  ] GC(232) Concurrent Cleanup for Next Mark
[2026-03-19T11:23:27.606+0800][96.258s][info][gc,marking  ] GC(232) Concurrent Cleanup for Next Mark 0.506ms
[2026-03-19T11:23:27.606+0800][96.258s][info][gc          ] GC(232) Concurrent Undo Cycle 1.064ms
[2026-03-19T11:23:27.909+0800][96.561s][info][gc,start    ] GC(233) Pause Young (Concurrent Start) (G1 Humongous Allocation)
[2026-03-19T11:23:27.910+0800][96.561s][info][gc,task     ] GC(233) Using 3 workers of 13 for evacuation
[2026-03-19T11:23:27.912+0800][96.564s][info][gc,phases   ] GC(233)   Pre Evacuate Collection Set: 0.2ms
[2026-03-19T11:23:27.912+0800][96.564s][info][gc,phases   ] GC(233)   Merge Heap Roots: 0.2ms
[2026-03-19T11:23:27.912+0800][96.564s][info][gc,phases   ] GC(233)   Evacuate Collection Set: 0.9ms
[2026-03-19T11:23:27.912+0800][96.564s][info][gc,phases   ] GC(233)   Post Evacuate Collection Set: 0.8ms
[2026-03-19T11:23:27.912+0800][96.564s][info][gc,phases   ] GC(233)   Other: 0.5ms
[2026-03-19T11:23:27.912+0800][96.564s][info][gc,heap     ] GC(233) Eden regions: 4->0(30)
[2026-03-19T11:23:27.912+0800][96.564s][info][gc,heap     ] GC(233) Survivor regions: 1->2(5)
[2026-03-19T11:23:27.912+0800][96.564s][info][gc,heap     ] GC(233) Old regions: 20->20
[2026-03-19T11:23:27.913+0800][96.564s][info][gc,heap     ] GC(233) Archive regions: 0->0
[2026-03-19T11:23:27.913+0800][96.564s][info][gc,heap     ] GC(233) Humongous regions: 39->39
[2026-03-19T11:23:27.913+0800][96.564s][info][gc,metaspace] GC(233) Metaspace: 24326K(24704K)->24326K(24704K) NonClass: 21551K(21760K)->21551K(21760K) Class: 2774K(2944K)->2774K(2944K)
[2026-03-19T11:23:27.913+0800][96.565s][info][gc          ] GC(233) Pause Young (Concurrent Start) (G1 Humongous Allocation) 62M->60M(128M) 3.535ms
[2026-03-19T11:23:27.913+0800][96.565s][info][gc,cpu      ] GC(233) User=0.00s Sys=0.00s Real=0.00s
[2026-03-19T11:23:27.913+0800][96.565s][info][gc          ] GC(234) Concurrent Mark Cycle
[2026-03-19T11:23:27.913+0800][96.565s][info][gc,marking  ] GC(234) Concurrent Clear Claimed Marks
[2026-03-19T11:23:27.913+0800][96.565s][info][gc,marking  ] GC(234) Concurrent Clear Claimed Marks 0.105ms
[2026-03-19T11:23:27.913+0800][96.565s][info][gc,marking  ] GC(234) Concurrent Scan Root Regions
[2026-03-19T11:23:27.914+0800][96.565s][info][gc,marking  ] GC(234) Concurrent Scan Root Regions 0.378ms
[2026-03-19T11:23:27.914+0800][96.566s][info][gc,marking  ] GC(234) Concurrent Mark
[2026-03-19T11:23:27.914+0800][96.566s][info][gc,marking  ] GC(234) Concurrent Mark From Roots
[2026-03-19T11:23:27.914+0800][96.566s][info][gc,task     ] GC(234) Using 3 workers of 3 for marking
[2026-03-19T11:23:27.926+0800][96.577s][info][gc,marking  ] GC(234) Concurrent Mark From Roots 11.429ms
[2026-03-19T11:23:27.926+0800][96.577s][info][gc,marking  ] GC(234) Concurrent Preclean
[2026-03-19T11:23:27.927+0800][96.578s][info][gc,marking  ] GC(234) Concurrent Preclean 0.414ms
[2026-03-19T11:23:27.927+0800][96.578s][info][gc,start    ] GC(234) Pause Remark
[2026-03-19T11:23:27.933+0800][96.585s][info][gc          ] GC(234) Pause Remark 71M->41M(128M) 6.902ms
[2026-03-19T11:23:27.934+0800][96.586s][info][gc,cpu      ] GC(234) User=0.00s Sys=0.00s Real=0.01s
[2026-03-19T11:23:27.934+0800][96.586s][info][gc,marking  ] GC(234) Concurrent Mark 20.167ms
[2026-03-19T11:23:27.934+0800][96.586s][info][gc,marking  ] GC(234) Concurrent Rebuild Remembered Sets
[2026-03-19T11:23:27.942+0800][96.593s][info][gc,marking  ] GC(234) Concurrent Rebuild Remembered Sets 7.191ms
[2026-03-19T11:23:27.942+0800][96.594s][info][gc,start    ] GC(234) Pause Cleanup
[2026-03-19T11:23:27.943+0800][96.594s][info][gc          ] GC(234) Pause Cleanup 41M->41M(128M) 0.478ms
[2026-03-19T11:23:27.943+0800][96.595s][info][gc,cpu      ] GC(234) User=0.00s Sys=0.00s Real=0.00s
[2026-03-19T11:23:27.943+0800][96.595s][info][gc,marking  ] GC(234) Concurrent Cleanup for Next Mark
[2026-03-19T11:23:27.944+0800][96.595s][info][gc,marking  ] GC(234) Concurrent Cleanup for Next Mark 0.635ms
[2026-03-19T11:23:27.944+0800][96.596s][info][gc          ] GC(234) Concurrent Mark Cycle 30.909ms
[2026-03-19T11:23:28.540+0800][97.191s][info][gc,start    ] GC(235) Pause Young (Concurrent Start) (G1 Humongous Allocation)
[2026-03-19T11:23:28.540+0800][97.192s][info][gc,task     ] GC(235) Using 3 workers of 13 for evacuation
[2026-03-19T11:23:28.542+0800][97.194s][info][gc,phases   ] GC(235)   Pre Evacuate Collection Set: 0.1ms
[2026-03-19T11:23:28.542+0800][97.194s][info][gc,phases   ] GC(235)   Merge Heap Roots: 0.1ms
[2026-03-19T11:23:28.542+0800][97.194s][info][gc,phases   ] GC(235)   Evacuate Collection Set: 0.7ms
[2026-03-19T11:23:28.542+0800][97.194s][info][gc,phases   ] GC(235)   Post Evacuate Collection Set: 0.8ms
[2026-03-19T11:23:28.542+0800][97.194s][info][gc,phases   ] GC(235)   Other: 0.4ms
[2026-03-19T11:23:28.542+0800][97.194s][info][gc,heap     ] GC(235) Eden regions: 10->0(35)
[2026-03-19T11:23:28.542+0800][97.194s][info][gc,heap     ] GC(235) Survivor regions: 2->1(4)
[2026-03-19T11:23:28.543+0800][97.194s][info][gc,heap     ] GC(235) Old regions: 20->20
[2026-03-19T11:23:28.543+0800][97.194s][info][gc,heap     ] GC(235) Archive regions: 0->0
[2026-03-19T11:23:28.543+0800][97.194s][info][gc,heap     ] GC(235) Humongous regions: 37->37
[2026-03-19T11:23:28.543+0800][97.194s][info][gc,metaspace] GC(235) Metaspace: 24338K(24704K)->24338K(24704K) NonClass: 21564K(21760K)->21564K(21760K) Class: 2774K(2944K)->2774K(2944K)
[2026-03-19T11:23:28.543+0800][97.194s][info][gc          ] GC(235) Pause Young (Concurrent Start) (G1 Humongous Allocation) 67M->56M(128M) 2.960ms
[2026-03-19T11:23:28.543+0800][97.195s][info][gc,cpu      ] GC(235) User=0.00s Sys=0.00s Real=0.00s
[2026-03-19T11:23:28.543+0800][97.195s][info][gc          ] GC(236) Concurrent Undo Cycle
[2026-03-19T11:23:28.543+0800][97.195s][info][gc,marking  ] GC(236) Concurrent Cleanup for Next Mark
[2026-03-19T11:23:28.544+0800][97.195s][info][gc,marking  ] GC(236) Concurrent Cleanup for Next Mark 0.452ms
[2026-03-19T11:23:28.544+0800][97.195s][info][gc          ] GC(236) Concurrent Undo Cycle 0.774ms
[2026-03-19T11:23:28.861+0800][97.512s][info][gc,start    ] GC(237) Pause Young (Concurrent Start) (G1 Humongous Allocation)
[2026-03-19T11:23:28.861+0800][97.513s][info][gc,task     ] GC(237) Using 3 workers of 13 for evacuation
[2026-03-19T11:23:28.864+0800][97.515s][info][gc,phases   ] GC(237)   Pre Evacuate Collection Set: 0.2ms
[2026-03-19T11:23:28.864+0800][97.515s][info][gc,phases   ] GC(237)   Merge Heap Roots: 0.2ms
[2026-03-19T11:23:28.864+0800][97.515s][info][gc,phases   ] GC(237)   Evacuate Collection Set: 0.9ms
[2026-03-19T11:23:28.864+0800][97.515s][info][gc,phases   ] GC(237)   Post Evacuate Collection Set: 0.8ms
[2026-03-19T11:23:28.864+0800][97.515s][info][gc,phases   ] GC(237)   Other: 0.5ms
[2026-03-19T11:23:28.864+0800][97.515s][info][gc,heap     ] GC(237) Eden regions: 4->0(31)
[2026-03-19T11:23:28.864+0800][97.516s][info][gc,heap     ] GC(237) Survivor regions: 1->2(5)
[2026-03-19T11:23:28.864+0800][97.516s][info][gc,heap     ] GC(237) Old regions: 20->20
[2026-03-19T11:23:28.864+0800][97.516s][info][gc,heap     ] GC(237) Archive regions: 0->0
[2026-03-19T11:23:28.864+0800][97.516s][info][gc,heap     ] GC(237) Humongous regions: 39->39
[2026-03-19T11:23:28.864+0800][97.516s][info][gc,metaspace] GC(237) Metaspace: 24338K(24704K)->24338K(24704K) NonClass: 21564K(21760K)->21564K(21760K) Class: 2774K(2944K)->2774K(2944K)
[2026-03-19T11:23:28.864+0800][97.516s][info][gc          ] GC(237) Pause Young (Concurrent Start) (G1 Humongous Allocation) 62M->60M(128M) 3.486ms
[2026-03-19T11:23:28.864+0800][97.516s][info][gc,cpu      ] GC(237) User=0.00s Sys=0.00s Real=0.00s
[2026-03-19T11:23:28.865+0800][97.516s][info][gc          ] GC(238) Concurrent Mark Cycle
[2026-03-19T11:23:28.865+0800][97.516s][info][gc,marking  ] GC(238) Concurrent Clear Claimed Marks
[2026-03-19T11:23:28.865+0800][97.516s][info][gc,marking  ] GC(238) Concurrent Clear Claimed Marks 0.109ms
[2026-03-19T11:23:28.865+0800][97.516s][info][gc,marking  ] GC(238) Concurrent Scan Root Regions
[2026-03-19T11:23:28.865+0800][97.517s][info][gc,marking  ] GC(238) Concurrent Scan Root Regions 0.375ms
[2026-03-19T11:23:28.865+0800][97.517s][info][gc,marking  ] GC(238) Concurrent Mark
[2026-03-19T11:23:28.865+0800][97.517s][info][gc,marking  ] GC(238) Concurrent Mark From Roots
[2026-03-19T11:23:28.865+0800][97.517s][info][gc,task     ] GC(238) Using 3 workers of 3 for marking
[2026-03-19T11:23:28.877+0800][97.528s][info][gc,marking  ] GC(238) Concurrent Mark From Roots 10.965ms
[2026-03-19T11:23:28.877+0800][97.528s][info][gc,marking  ] GC(238) Concurrent Preclean
[2026-03-19T11:23:28.877+0800][97.529s][info][gc,marking  ] GC(238) Concurrent Preclean 0.360ms
[2026-03-19T11:23:28.877+0800][97.529s][info][gc,start    ] GC(238) Pause Remark
[2026-03-19T11:23:28.883+0800][97.535s][info][gc          ] GC(238) Pause Remark 71M->41M(128M) 5.451ms
[2026-03-19T11:23:28.883+0800][97.535s][info][gc,cpu      ] GC(238) User=0.02s Sys=0.03s Real=0.01s
[2026-03-19T11:23:28.883+0800][97.535s][info][gc,marking  ] GC(238) Concurrent Mark 18.028ms
[2026-03-19T11:23:28.883+0800][97.535s][info][gc,marking  ] GC(238) Concurrent Rebuild Remembered Sets
[2026-03-19T11:23:28.889+0800][97.541s][info][gc,marking  ] GC(238) Concurrent Rebuild Remembered Sets 5.739ms
[2026-03-19T11:23:28.890+0800][97.541s][info][gc,start    ] GC(238) Pause Cleanup
[2026-03-19T11:23:28.890+0800][97.542s][info][gc          ] GC(238) Pause Cleanup 41M->41M(128M) 0.401ms
[2026-03-19T11:23:28.890+0800][97.542s][info][gc,cpu      ] GC(238) User=0.00s Sys=0.00s Real=0.00s
[2026-03-19T11:23:28.890+0800][97.542s][info][gc,marking  ] GC(238) Concurrent Cleanup for Next Mark
[2026-03-19T11:23:28.891+0800][97.543s][info][gc,marking  ] GC(238) Concurrent Cleanup for Next Mark 0.566ms
[2026-03-19T11:23:28.891+0800][97.543s][info][gc          ] GC(238) Concurrent Mark Cycle 26.983ms
[2026-03-19T11:23:29.503+0800][98.155s][info][gc,start    ] GC(239) Pause Young (Concurrent Start) (G1 Humongous Allocation)
[2026-03-19T11:23:29.503+0800][98.155s][info][gc,task     ] GC(239) Using 3 workers of 13 for evacuation
[2026-03-19T11:23:29.505+0800][98.157s][info][gc,phases   ] GC(239)   Pre Evacuate Collection Set: 0.1ms
[2026-03-19T11:23:29.505+0800][98.157s][info][gc,phases   ] GC(239)   Merge Heap Roots: 0.2ms
[2026-03-19T11:23:29.505+0800][98.157s][info][gc,phases   ] GC(239)   Evacuate Collection Set: 0.7ms
[2026-03-19T11:23:29.505+0800][98.157s][info][gc,phases   ] GC(239)   Post Evacuate Collection Set: 0.7ms
[2026-03-19T11:23:29.505+0800][98.157s][info][gc,phases   ] GC(239)   Other: 0.4ms
[2026-03-19T11:23:29.505+0800][98.157s][info][gc,heap     ] GC(239) Eden regions: 9->0(36)
[2026-03-19T11:23:29.505+0800][98.157s][info][gc,heap     ] GC(239) Survivor regions: 2->1(5)
[2026-03-19T11:23:29.505+0800][98.157s][info][gc,heap     ] GC(239) Old regions: 20->20
[2026-03-19T11:23:29.505+0800][98.157s][info][gc,heap     ] GC(239) Archive regions: 0->0
[2026-03-19T11:23:29.505+0800][98.157s][info][gc,heap     ] GC(239) Humongous regions: 37->37
[2026-03-19T11:23:29.505+0800][98.157s][info][gc,metaspace] GC(239) Metaspace: 24338K(24704K)->24338K(24704K) NonClass: 21564K(21760K)->21564K(21760K) Class: 2774K(2944K)->2774K(2944K)
[2026-03-19T11:23:29.505+0800][98.157s][info][gc          ] GC(239) Pause Young (Concurrent Start) (G1 Humongous Allocation) 67M->56M(128M) 2.837ms
[2026-03-19T11:23:29.506+0800][98.157s][info][gc,cpu      ] GC(239) User=0.00s Sys=0.03s Real=0.00s
[2026-03-19T11:23:29.506+0800][98.158s][info][gc          ] GC(240) Concurrent Undo Cycle
[2026-03-19T11:23:29.506+0800][98.158s][info][gc,marking  ] GC(240) Concurrent Cleanup for Next Mark
[2026-03-19T11:23:29.506+0800][98.158s][info][gc,marking  ] GC(240) Concurrent Cleanup for Next Mark 0.444ms
[2026-03-19T11:23:29.506+0800][98.158s][info][gc          ] GC(240) Concurrent Undo Cycle 0.765ms
[2026-03-19T11:23:29.810+0800][98.461s][info][gc,start    ] GC(241) Pause Young (Concurrent Start) (G1 Humongous Allocation)
[2026-03-19T11:23:29.810+0800][98.461s][info][gc,task     ] GC(241) Using 3 workers of 13 for evacuation
[2026-03-19T11:23:29.812+0800][98.464s][info][gc,phases   ] GC(241)   Pre Evacuate Collection Set: 0.2ms
[2026-03-19T11:23:29.813+0800][98.464s][info][gc,phases   ] GC(241)   Merge Heap Roots: 0.3ms
[2026-03-19T11:23:29.813+0800][98.464s][info][gc,phases   ] GC(241)   Evacuate Collection Set: 0.8ms
[2026-03-19T11:23:29.813+0800][98.464s][info][gc,phases   ] GC(241)   Post Evacuate Collection Set: 0.8ms
[2026-03-19T11:23:29.813+0800][98.464s][info][gc,phases   ] GC(241)   Other: 0.3ms
[2026-03-19T11:23:29.813+0800][98.464s][info][gc,heap     ] GC(241) Eden regions: 4->0(31)
[2026-03-19T11:23:29.813+0800][98.464s][info][gc,heap     ] GC(241) Survivor regions: 1->2(5)
[2026-03-19T11:23:29.813+0800][98.464s][info][gc,heap     ] GC(241) Old regions: 20->20
[2026-03-19T11:23:29.813+0800][98.464s][info][gc,heap     ] GC(241) Archive regions: 0->0
[2026-03-19T11:23:29.813+0800][98.464s][info][gc,heap     ] GC(241) Humongous regions: 39->39
[2026-03-19T11:23:29.813+0800][98.464s][info][gc,metaspace] GC(241) Metaspace: 24338K(24704K)->24338K(24704K) NonClass: 21564K(21760K)->21564K(21760K) Class: 2774K(2944K)->2774K(2944K)
[2026-03-19T11:23:29.813+0800][98.464s][info][gc          ] GC(241) Pause Young (Concurrent Start) (G1 Humongous Allocation) 62M->60M(128M) 3.264ms
[2026-03-19T11:23:29.813+0800][98.465s][info][gc,cpu      ] GC(241) User=0.00s Sys=0.00s Real=0.00s
[2026-03-19T11:23:29.814+0800][98.465s][info][gc          ] GC(242) Concurrent Mark Cycle
[2026-03-19T11:23:29.814+0800][98.465s][info][gc,marking  ] GC(242) Concurrent Clear Claimed Marks
[2026-03-19T11:23:29.814+0800][98.465s][info][gc,marking  ] GC(242) Concurrent Clear Claimed Marks 0.118ms
[2026-03-19T11:23:29.814+0800][98.465s][info][gc,marking  ] GC(242) Concurrent Scan Root Regions
[2026-03-19T11:23:29.814+0800][98.466s][info][gc,marking  ] GC(242) Concurrent Scan Root Regions 0.442ms
[2026-03-19T11:23:29.815+0800][98.466s][info][gc,marking  ] GC(242) Concurrent Mark
[2026-03-19T11:23:29.815+0800][98.466s][info][gc,marking  ] GC(242) Concurrent Mark From Roots
[2026-03-19T11:23:29.815+0800][98.466s][info][gc,task     ] GC(242) Using 3 workers of 3 for marking
[2026-03-19T11:23:29.822+0800][98.474s][info][gc,marking  ] GC(242) Concurrent Mark From Roots 8.309ms
[2026-03-19T11:23:29.823+0800][98.474s][info][gc,marking  ] GC(242) Concurrent Preclean
[2026-03-19T11:23:29.823+0800][98.475s][info][gc,marking  ] GC(242) Concurrent Preclean 0.254ms
[2026-03-19T11:23:29.823+0800][98.475s][info][gc,start    ] GC(242) Pause Remark
[2026-03-19T11:23:29.828+0800][98.479s][info][gc          ] GC(242) Pause Remark 71M->41M(128M) 4.332ms
[2026-03-19T11:23:29.828+0800][98.480s][info][gc,cpu      ] GC(242) User=0.00s Sys=0.00s Real=0.01s
[2026-03-19T11:23:29.828+0800][98.480s][info][gc,marking  ] GC(242) Concurrent Mark 13.966ms
[2026-03-19T11:23:29.829+0800][98.480s][info][gc,marking  ] GC(242) Concurrent Rebuild Remembered Sets
[2026-03-19T11:23:29.834+0800][98.485s][info][gc,marking  ] GC(242) Concurrent Rebuild Remembered Sets 5.548ms
[2026-03-19T11:23:29.835+0800][98.486s][info][gc,start    ] GC(242) Pause Cleanup
[2026-03-19T11:23:29.835+0800][98.487s][info][gc          ] GC(242) Pause Cleanup 41M->41M(128M) 0.538ms
[2026-03-19T11:23:29.835+0800][98.487s][info][gc,cpu      ] GC(242) User=0.00s Sys=0.00s Real=0.00s
[2026-03-19T11:23:29.835+0800][98.487s][info][gc,marking  ] GC(242) Concurrent Cleanup for Next Mark
[2026-03-19T11:23:29.836+0800][98.488s][info][gc,marking  ] GC(242) Concurrent Cleanup for Next Mark 0.541ms
[2026-03-19T11:23:29.836+0800][98.488s][info][gc          ] GC(242) Concurrent Mark Cycle 23.132ms
[2026-03-19T11:23:30.437+0800][99.090s][info][gc,start    ] GC(243) Pause Young (Concurrent Start) (G1 Humongous Allocation)
[2026-03-19T11:23:30.438+0800][99.090s][info][gc,task     ] GC(243) Using 3 workers of 13 for evacuation
[2026-03-19T11:23:30.440+0800][99.092s][info][gc,phases   ] GC(243)   Pre Evacuate Collection Set: 0.3ms
[2026-03-19T11:23:30.440+0800][99.092s][info][gc,phases   ] GC(243)   Merge Heap Roots: 0.2ms
[2026-03-19T11:23:30.440+0800][99.092s][info][gc,phases   ] GC(243)   Evacuate Collection Set: 0.7ms
[2026-03-19T11:23:30.440+0800][99.092s][info][gc,phases   ] GC(243)   Post Evacuate Collection Set: 0.6ms
[2026-03-19T11:23:30.440+0800][99.092s][info][gc,phases   ] GC(243)   Other: 0.4ms
[2026-03-19T11:23:30.440+0800][99.092s][info][gc,heap     ] GC(243) Eden regions: 9->0(36)
[2026-03-19T11:23:30.440+0800][99.092s][info][gc,heap     ] GC(243) Survivor regions: 2->1(5)
[2026-03-19T11:23:30.440+0800][99.092s][info][gc,heap     ] GC(243) Old regions: 20->20
[2026-03-19T11:23:30.440+0800][99.092s][info][gc,heap     ] GC(243) Archive regions: 0->0
[2026-03-19T11:23:30.440+0800][99.092s][info][gc,heap     ] GC(243) Humongous regions: 37->37
[2026-03-19T11:23:30.440+0800][99.092s][info][gc,metaspace] GC(243) Metaspace: 24348K(24704K)->24348K(24704K) NonClass: 21574K(21760K)->21574K(21760K) Class: 2774K(2944K)->2774K(2944K)
[2026-03-19T11:23:30.440+0800][99.092s][info][gc          ] GC(243) Pause Young (Concurrent Start) (G1 Humongous Allocation) 67M->56M(128M) 2.758ms
[2026-03-19T11:23:30.440+0800][99.092s][info][gc,cpu      ] GC(243) User=0.00s Sys=0.00s Real=0.00s
[2026-03-19T11:23:30.440+0800][99.092s][info][gc          ] GC(244) Concurrent Undo Cycle
[2026-03-19T11:23:30.441+0800][99.093s][info][gc,marking  ] GC(244) Concurrent Cleanup for Next Mark
[2026-03-19T11:23:30.441+0800][99.093s][info][gc,marking  ] GC(244) Concurrent Cleanup for Next Mark 0.394ms
[2026-03-19T11:23:30.441+0800][99.093s][info][gc          ] GC(244) Concurrent Undo Cycle 0.672ms
[2026-03-19T11:23:30.759+0800][99.411s][info][gc,start    ] GC(245) Pause Young (Concurrent Start) (G1 Humongous Allocation)
[2026-03-19T11:23:30.765+0800][99.417s][info][gc,task     ] GC(245) Using 3 workers of 13 for evacuation
[2026-03-19T11:23:30.768+0800][99.420s][info][gc,phases   ] GC(245)   Pre Evacuate Collection Set: 0.3ms
[2026-03-19T11:23:30.768+0800][99.420s][info][gc,phases   ] GC(245)   Merge Heap Roots: 0.2ms
[2026-03-19T11:23:30.768+0800][99.420s][info][gc,phases   ] GC(245)   Evacuate Collection Set: 1.0ms
[2026-03-19T11:23:30.768+0800][99.420s][info][gc,phases   ] GC(245)   Post Evacuate Collection Set: 0.9ms
[2026-03-19T11:23:30.768+0800][99.420s][info][gc,phases   ] GC(245)   Other: 6.3ms
[2026-03-19T11:23:30.768+0800][99.420s][info][gc,heap     ] GC(245) Eden regions: 4->0(31)
[2026-03-19T11:23:30.768+0800][99.420s][info][gc,heap     ] GC(245) Survivor regions: 1->2(5)
[2026-03-19T11:23:30.768+0800][99.420s][info][gc,heap     ] GC(245) Old regions: 20->20
[2026-03-19T11:23:30.768+0800][99.420s][info][gc,heap     ] GC(245) Archive regions: 0->0
[2026-03-19T11:23:30.768+0800][99.420s][info][gc,heap     ] GC(245) Humongous regions: 39->39
[2026-03-19T11:23:30.768+0800][99.420s][info][gc,metaspace] GC(245) Metaspace: 24348K(24704K)->24348K(24704K) NonClass: 21574K(21760K)->21574K(21760K) Class: 2774K(2944K)->2774K(2944K)
[2026-03-19T11:23:30.769+0800][99.421s][info][gc          ] GC(245) Pause Young (Concurrent Start) (G1 Humongous Allocation) 62M->60M(128M) 9.565ms
[2026-03-19T11:23:30.769+0800][99.421s][info][gc,cpu      ] GC(245) User=0.00s Sys=0.00s Real=0.01s
[2026-03-19T11:23:30.769+0800][99.421s][info][gc          ] GC(246) Concurrent Mark Cycle
[2026-03-19T11:23:30.769+0800][99.421s][info][gc,marking  ] GC(246) Concurrent Clear Claimed Marks
[2026-03-19T11:23:30.769+0800][99.421s][info][gc,marking  ] GC(246) Concurrent Clear Claimed Marks 0.096ms
[2026-03-19T11:23:30.769+0800][99.421s][info][gc,marking  ] GC(246) Concurrent Scan Root Regions
[2026-03-19T11:23:30.770+0800][99.422s][info][gc,marking  ] GC(246) Concurrent Scan Root Regions 0.367ms
[2026-03-19T11:23:30.770+0800][99.422s][info][gc,marking  ] GC(246) Concurrent Mark
[2026-03-19T11:23:30.770+0800][99.422s][info][gc,marking  ] GC(246) Concurrent Mark From Roots
[2026-03-19T11:23:30.770+0800][99.422s][info][gc,task     ] GC(246) Using 3 workers of 3 for marking
[2026-03-19T11:23:30.782+0800][99.434s][info][gc,marking  ] GC(246) Concurrent Mark From Roots 11.803ms
[2026-03-19T11:23:30.782+0800][99.434s][info][gc,marking  ] GC(246) Concurrent Preclean
[2026-03-19T11:23:30.782+0800][99.434s][info][gc,marking  ] GC(246) Concurrent Preclean 0.255ms
[2026-03-19T11:23:30.783+0800][99.434s][info][gc,start    ] GC(246) Pause Remark
[2026-03-19T11:23:30.789+0800][99.440s][info][gc          ] GC(246) Pause Remark 71M->41M(128M) 6.041ms
[2026-03-19T11:23:30.789+0800][99.441s][info][gc,cpu      ] GC(246) User=0.02s Sys=0.00s Real=0.01s
[2026-03-19T11:23:30.789+0800][99.441s][info][gc,marking  ] GC(246) Concurrent Mark 19.144ms
[2026-03-19T11:23:30.790+0800][99.441s][info][gc,marking  ] GC(246) Concurrent Rebuild Remembered Sets
[2026-03-19T11:23:30.797+0800][99.448s][info][gc,marking  ] GC(246) Concurrent Rebuild Remembered Sets 6.768ms
[2026-03-19T11:23:30.797+0800][99.448s][info][gc,start    ] GC(246) Pause Cleanup
[2026-03-19T11:23:30.797+0800][99.449s][info][gc          ] GC(246) Pause Cleanup 41M->41M(128M) 0.292ms
[2026-03-19T11:23:30.797+0800][99.449s][info][gc,cpu      ] GC(246) User=0.00s Sys=0.00s Real=0.00s
[2026-03-19T11:23:30.797+0800][99.449s][info][gc,marking  ] GC(246) Concurrent Cleanup for Next Mark
[2026-03-19T11:23:30.798+0800][99.450s][info][gc,marking  ] GC(246) Concurrent Cleanup for Next Mark 0.516ms
[2026-03-19T11:23:30.798+0800][99.450s][info][gc          ] GC(246) Concurrent Mark Cycle 28.938ms
[2026-03-19T11:23:31.407+0800][100.059s][info][gc,start    ] GC(247) Pause Young (Concurrent Start) (G1 Humongous Allocation)
[2026-03-19T11:23:31.407+0800][100.059s][info][gc,task     ] GC(247) Using 3 workers of 13 for evacuation
[2026-03-19T11:23:31.409+0800][100.061s][info][gc,phases   ] GC(247)   Pre Evacuate Collection Set: 0.3ms
[2026-03-19T11:23:31.409+0800][100.061s][info][gc,phases   ] GC(247)   Merge Heap Roots: 0.1ms
[2026-03-19T11:23:31.410+0800][100.061s][info][gc,phases   ] GC(247)   Evacuate Collection Set: 0.7ms
[2026-03-19T11:23:31.410+0800][100.061s][info][gc,phases   ] GC(247)   Post Evacuate Collection Set: 0.6ms
[2026-03-19T11:23:31.410+0800][100.061s][info][gc,phases   ] GC(247)   Other: 0.5ms
[2026-03-19T11:23:31.410+0800][100.061s][info][gc,heap     ] GC(247) Eden regions: 9->0(36)
[2026-03-19T11:23:31.410+0800][100.062s][info][gc,heap     ] GC(247) Survivor regions: 2->1(5)
[2026-03-19T11:23:31.410+0800][100.062s][info][gc,heap     ] GC(247) Old regions: 20->20
[2026-03-19T11:23:31.410+0800][100.062s][info][gc,heap     ] GC(247) Archive regions: 0->0
[2026-03-19T11:23:31.410+0800][100.062s][info][gc,heap     ] GC(247) Humongous regions: 37->37
[2026-03-19T11:23:31.410+0800][100.062s][info][gc,metaspace] GC(247) Metaspace: 24348K(24704K)->24348K(24704K) NonClass: 21574K(21760K)->21574K(21760K) Class: 2774K(2944K)->2774K(2944K)
[2026-03-19T11:23:31.410+0800][100.062s][info][gc          ] GC(247) Pause Young (Concurrent Start) (G1 Humongous Allocation) 67M->56M(128M) 3.016ms
[2026-03-19T11:23:31.410+0800][100.062s][info][gc,cpu      ] GC(247) User=0.00s Sys=0.00s Real=0.00s
[2026-03-19T11:23:31.410+0800][100.062s][info][gc          ] GC(248) Concurrent Undo Cycle
[2026-03-19T11:23:31.411+0800][100.062s][info][gc,marking  ] GC(248) Concurrent Cleanup for Next Mark
[2026-03-19T11:23:31.411+0800][100.063s][info][gc,marking  ] GC(248) Concurrent Cleanup for Next Mark 0.555ms
[2026-03-19T11:23:31.411+0800][100.063s][info][gc          ] GC(248) Concurrent Undo Cycle 0.945ms
[2026-03-19T11:23:31.715+0800][100.367s][info][gc,start    ] GC(249) Pause Young (Concurrent Start) (G1 Humongous Allocation)
[2026-03-19T11:23:31.716+0800][100.368s][info][gc,task     ] GC(249) Using 3 workers of 13 for evacuation
[2026-03-19T11:23:31.719+0800][100.370s][info][gc,phases   ] GC(249)   Pre Evacuate Collection Set: 0.3ms
[2026-03-19T11:23:31.719+0800][100.370s][info][gc,phases   ] GC(249)   Merge Heap Roots: 0.3ms
[2026-03-19T11:23:31.719+0800][100.371s][info][gc,phases   ] GC(249)   Evacuate Collection Set: 0.9ms
[2026-03-19T11:23:31.719+0800][100.371s][info][gc,phases   ] GC(249)   Post Evacuate Collection Set: 0.9ms
[2026-03-19T11:23:31.719+0800][100.371s][info][gc,phases   ] GC(249)   Other: 0.6ms
[2026-03-19T11:23:31.719+0800][100.371s][info][gc,heap     ] GC(249) Eden regions: 4->0(29)
[2026-03-19T11:23:31.719+0800][100.371s][info][gc,heap     ] GC(249) Survivor regions: 1->2(5)
[2026-03-19T11:23:31.719+0800][100.371s][info][gc,heap     ] GC(249) Old regions: 20->20
[2026-03-19T11:23:31.719+0800][100.371s][info][gc,heap     ] GC(249) Archive regions: 0->0
[2026-03-19T11:23:31.719+0800][100.371s][info][gc,heap     ] GC(249) Humongous regions: 39->39
[2026-03-19T11:23:31.720+0800][100.371s][info][gc,metaspace] GC(249) Metaspace: 24348K(24704K)->24348K(24704K) NonClass: 21574K(21760K)->21574K(21760K) Class: 2774K(2944K)->2774K(2944K)
[2026-03-19T11:23:31.720+0800][100.371s][info][gc          ] GC(249) Pause Young (Concurrent Start) (G1 Humongous Allocation) 62M->60M(128M) 4.042ms
[2026-03-19T11:23:31.720+0800][100.371s][info][gc,cpu      ] GC(249) User=0.00s Sys=0.00s Real=0.01s
[2026-03-19T11:23:31.720+0800][100.372s][info][gc          ] GC(250) Concurrent Mark Cycle
[2026-03-19T11:23:31.720+0800][100.372s][info][gc,marking  ] GC(250) Concurrent Clear Claimed Marks
[2026-03-19T11:23:31.720+0800][100.372s][info][gc,marking  ] GC(250) Concurrent Clear Claimed Marks 0.140ms
[2026-03-19T11:23:31.720+0800][100.372s][info][gc,marking  ] GC(250) Concurrent Scan Root Regions
[2026-03-19T11:23:31.721+0800][100.372s][info][gc,marking  ] GC(250) Concurrent Scan Root Regions 0.447ms
[2026-03-19T11:23:31.721+0800][100.373s][info][gc,marking  ] GC(250) Concurrent Mark
[2026-03-19T11:23:31.721+0800][100.373s][info][gc,marking  ] GC(250) Concurrent Mark From Roots
[2026-03-19T11:23:31.721+0800][100.373s][info][gc,task     ] GC(250) Using 3 workers of 3 for marking
[2026-03-19T11:23:31.734+0800][100.385s][info][gc,marking  ] GC(250) Concurrent Mark From Roots 12.217ms
[2026-03-19T11:23:31.734+0800][100.385s][info][gc,marking  ] GC(250) Concurrent Preclean
[2026-03-19T11:23:31.734+0800][100.386s][info][gc,marking  ] GC(250) Concurrent Preclean 0.380ms
[2026-03-19T11:23:31.735+0800][100.386s][info][gc,start    ] GC(250) Pause Remark
[2026-03-19T11:23:31.741+0800][100.393s][info][gc          ] GC(250) Pause Remark 71M->41M(128M) 7.046ms
[2026-03-19T11:23:31.741+0800][100.393s][info][gc,cpu      ] GC(250) User=0.05s Sys=0.00s Real=0.01s
[2026-03-19T11:23:31.742+0800][100.394s][info][gc,marking  ] GC(250) Concurrent Mark 21.003ms
[2026-03-19T11:23:31.742+0800][100.394s][info][gc,marking  ] GC(250) Concurrent Rebuild Remembered Sets
[2026-03-19T11:23:31.749+0800][100.401s][info][gc,marking  ] GC(250) Concurrent Rebuild Remembered Sets 6.843ms
[2026-03-19T11:23:31.749+0800][100.401s][info][gc,start    ] GC(250) Pause Cleanup
[2026-03-19T11:23:31.750+0800][100.402s][info][gc          ] GC(250) Pause Cleanup 41M->41M(128M) 0.387ms
[2026-03-19T11:23:31.750+0800][100.402s][info][gc,cpu      ] GC(250) User=0.00s Sys=0.00s Real=0.00s
[2026-03-19T11:23:31.750+0800][100.402s][info][gc,marking  ] GC(250) Concurrent Cleanup for Next Mark
[2026-03-19T11:23:31.751+0800][100.402s][info][gc,marking  ] GC(250) Concurrent Cleanup for Next Mark 0.543ms
[2026-03-19T11:23:31.751+0800][100.403s][info][gc          ] GC(250) Concurrent Mark Cycle 31.123ms
[2026-03-19T11:23:32.362+0800][101.013s][info][gc,start    ] GC(251) Pause Young (Concurrent Start) (G1 Humongous Allocation)
[2026-03-19T11:23:32.362+0800][101.013s][info][gc,task     ] GC(251) Using 3 workers of 13 for evacuation
[2026-03-19T11:23:32.364+0800][101.016s][info][gc,phases   ] GC(251)   Pre Evacuate Collection Set: 0.3ms
[2026-03-19T11:23:32.364+0800][101.016s][info][gc,phases   ] GC(251)   Merge Heap Roots: 0.3ms
[2026-03-19T11:23:32.364+0800][101.016s][info][gc,phases   ] GC(251)   Evacuate Collection Set: 1.0ms
[2026-03-19T11:23:32.364+0800][101.017s][info][gc,phases   ] GC(251)   Post Evacuate Collection Set: 0.9ms
[2026-03-19T11:23:32.365+0800][101.017s][info][gc,phases   ] GC(251)   Other: 0.6ms
[2026-03-19T11:23:32.365+0800][101.017s][info][gc,heap     ] GC(251) Eden regions: 9->0(34)
[2026-03-19T11:23:32.365+0800][101.017s][info][gc,heap     ] GC(251) Survivor regions: 2->1(4)
[2026-03-19T11:23:32.365+0800][101.017s][info][gc,heap     ] GC(251) Old regions: 20->20
[2026-03-19T11:23:32.365+0800][101.017s][info][gc,heap     ] GC(251) Archive regions: 0->0
[2026-03-19T11:23:32.365+0800][101.017s][info][gc,heap     ] GC(251) Humongous regions: 37->37
[2026-03-19T11:23:32.365+0800][101.017s][info][gc,metaspace] GC(251) Metaspace: 24348K(24704K)->24348K(24704K) NonClass: 21574K(21760K)->21574K(21760K) Class: 2774K(2944K)->2774K(2944K)
[2026-03-19T11:23:32.365+0800][101.017s][info][gc          ] GC(251) Pause Young (Concurrent Start) (G1 Humongous Allocation) 67M->56M(128M) 4.264ms
[2026-03-19T11:23:32.365+0800][101.017s][info][gc,cpu      ] GC(251) User=0.00s Sys=0.02s Real=0.00s
[2026-03-19T11:23:32.365+0800][101.018s][info][gc          ] GC(252) Concurrent Undo Cycle
[2026-03-19T11:23:32.366+0800][101.018s][info][gc,marking  ] GC(252) Concurrent Cleanup for Next Mark
[2026-03-19T11:23:32.367+0800][101.018s][info][gc,marking  ] GC(252) Concurrent Cleanup for Next Mark 0.621ms
[2026-03-19T11:23:32.367+0800][101.019s][info][gc          ] GC(252) Concurrent Undo Cycle 1.080ms
[2026-03-19T11:23:32.681+0800][101.333s][info][gc,start    ] GC(253) Pause Young (Concurrent Start) (G1 Humongous Allocation)
[2026-03-19T11:23:32.681+0800][101.333s][info][gc,task     ] GC(253) Using 3 workers of 13 for evacuation
[2026-03-19T11:23:32.683+0800][101.335s][info][gc,phases   ] GC(253)   Pre Evacuate Collection Set: 0.3ms
[2026-03-19T11:23:32.683+0800][101.335s][info][gc,phases   ] GC(253)   Merge Heap Roots: 0.2ms
[2026-03-19T11:23:32.684+0800][101.336s][info][gc,phases   ] GC(253)   Evacuate Collection Set: 0.7ms
[2026-03-19T11:23:32.684+0800][101.336s][info][gc,phases   ] GC(253)   Post Evacuate Collection Set: 1.1ms
[2026-03-19T11:23:32.684+0800][101.336s][info][gc,phases   ] GC(253)   Other: 0.3ms
[2026-03-19T11:23:32.684+0800][101.336s][info][gc,heap     ] GC(253) Eden regions: 4->0(30)
[2026-03-19T11:23:32.684+0800][101.336s][info][gc,heap     ] GC(253) Survivor regions: 1->2(5)
[2026-03-19T11:23:32.684+0800][101.336s][info][gc,heap     ] GC(253) Old regions: 20->20
[2026-03-19T11:23:32.684+0800][101.336s][info][gc,heap     ] GC(253) Archive regions: 0->0
[2026-03-19T11:23:32.684+0800][101.336s][info][gc,heap     ] GC(253) Humongous regions: 39->39
[2026-03-19T11:23:32.684+0800][101.336s][info][gc,metaspace] GC(253) Metaspace: 24348K(24704K)->24348K(24704K) NonClass: 21574K(21760K)->21574K(21760K) Class: 2774K(2944K)->2774K(2944K)
[2026-03-19T11:23:32.684+0800][101.336s][info][gc          ] GC(253) Pause Young (Concurrent Start) (G1 Humongous Allocation) 62M->60M(128M) 3.148ms
[2026-03-19T11:23:32.684+0800][101.336s][info][gc,cpu      ] GC(253) User=0.00s Sys=0.00s Real=0.00s
[2026-03-19T11:23:32.684+0800][101.336s][info][gc          ] GC(254) Concurrent Mark Cycle
[2026-03-19T11:23:32.684+0800][101.336s][info][gc,marking  ] GC(254) Concurrent Clear Claimed Marks
[2026-03-19T11:23:32.684+0800][101.336s][info][gc,marking  ] GC(254) Concurrent Clear Claimed Marks 0.050ms
[2026-03-19T11:23:32.684+0800][101.336s][info][gc,marking  ] GC(254) Concurrent Scan Root Regions
[2026-03-19T11:23:32.685+0800][101.337s][info][gc,marking  ] GC(254) Concurrent Scan Root Regions 0.232ms
[2026-03-19T11:23:32.685+0800][101.337s][info][gc,marking  ] GC(254) Concurrent Mark
[2026-03-19T11:23:32.685+0800][101.337s][info][gc,marking  ] GC(254) Concurrent Mark From Roots
[2026-03-19T11:23:32.685+0800][101.337s][info][gc,task     ] GC(254) Using 3 workers of 3 for marking
[2026-03-19T11:23:32.697+0800][101.348s][info][gc,marking  ] GC(254) Concurrent Mark From Roots 11.575ms
[2026-03-19T11:23:32.697+0800][101.349s][info][gc,marking  ] GC(254) Concurrent Preclean
[2026-03-19T11:23:32.697+0800][101.349s][info][gc,marking  ] GC(254) Concurrent Preclean 0.367ms
[2026-03-19T11:23:32.698+0800][101.349s][info][gc,start    ] GC(254) Pause Remark
[2026-03-19T11:23:32.704+0800][101.355s][info][gc          ] GC(254) Pause Remark 71M->41M(128M) 6.047ms
[2026-03-19T11:23:32.704+0800][101.356s][info][gc,cpu      ] GC(254) User=0.00s Sys=0.00s Real=0.01s
[2026-03-19T11:23:32.704+0800][101.356s][info][gc,marking  ] GC(254) Concurrent Mark 19.213ms
[2026-03-19T11:23:32.705+0800][101.356s][info][gc,marking  ] GC(254) Concurrent Rebuild Remembered Sets
[2026-03-19T11:23:32.712+0800][101.363s][info][gc,marking  ] GC(254) Concurrent Rebuild Remembered Sets 6.909ms
[2026-03-19T11:23:32.713+0800][101.364s][info][gc,start    ] GC(254) Pause Cleanup
[2026-03-19T11:23:32.713+0800][101.364s][info][gc          ] GC(254) Pause Cleanup 41M->41M(128M) 0.576ms
[2026-03-19T11:23:32.713+0800][101.365s][info][gc,cpu      ] GC(254) User=0.00s Sys=0.00s Real=0.00s
[2026-03-19T11:23:32.713+0800][101.365s][info][gc,marking  ] GC(254) Concurrent Cleanup for Next Mark
[2026-03-19T11:23:32.713+0800][101.365s][info][gc,marking  ] GC(254) Concurrent Cleanup for Next Mark 0.607ms
[2026-03-19T11:23:32.713+0800][101.366s][info][gc          ] GC(254) Concurrent Mark Cycle 29.435ms
[2026-03-19T11:23:33.312+0800][101.963s][info][gc,start    ] GC(255) Pause Young (Concurrent Start) (G1 Humongous Allocation)
[2026-03-19T11:23:33.312+0800][101.963s][info][gc,task     ] GC(255) Using 3 workers of 13 for evacuation
[2026-03-19T11:23:33.314+0800][101.965s][info][gc,phases   ] GC(255)   Pre Evacuate Collection Set: 0.2ms
[2026-03-19T11:23:33.314+0800][101.965s][info][gc,phases   ] GC(255)   Merge Heap Roots: 0.2ms
[2026-03-19T11:23:33.314+0800][101.965s][info][gc,phases   ] GC(255)   Evacuate Collection Set: 0.6ms
[2026-03-19T11:23:33.314+0800][101.965s][info][gc,phases   ] GC(255)   Post Evacuate Collection Set: 0.6ms
[2026-03-19T11:23:33.314+0800][101.965s][info][gc,phases   ] GC(255)   Other: 0.3ms
[2026-03-19T11:23:33.314+0800][101.965s][info][gc,heap     ] GC(255) Eden regions: 9->0(35)
[2026-03-19T11:23:33.314+0800][101.965s][info][gc,heap     ] GC(255) Survivor regions: 2->1(4)
[2026-03-19T11:23:33.314+0800][101.966s][info][gc,heap     ] GC(255) Old regions: 20->20
[2026-03-19T11:23:33.314+0800][101.966s][info][gc,heap     ] GC(255) Archive regions: 0->0
[2026-03-19T11:23:33.314+0800][101.966s][info][gc,heap     ] GC(255) Humongous regions: 37->37
[2026-03-19T11:23:33.314+0800][101.966s][info][gc,metaspace] GC(255) Metaspace: 24348K(24704K)->24348K(24704K) NonClass: 21574K(21760K)->21574K(21760K) Class: 2774K(2944K)->2774K(2944K)
[2026-03-19T11:23:33.314+0800][101.966s][info][gc          ] GC(255) Pause Young (Concurrent Start) (G1 Humongous Allocation) 67M->56M(128M) 2.469ms
[2026-03-19T11:23:33.314+0800][101.966s][info][gc,cpu      ] GC(255) User=0.00s Sys=0.00s Real=0.00s
[2026-03-19T11:23:33.314+0800][101.966s][info][gc          ] GC(256) Concurrent Undo Cycle
[2026-03-19T11:23:33.314+0800][101.966s][info][gc,marking  ] GC(256) Concurrent Cleanup for Next Mark
[2026-03-19T11:23:33.314+0800][101.966s][info][gc,marking  ] GC(256) Concurrent Cleanup for Next Mark 0.411ms
[2026-03-19T11:23:33.314+0800][101.966s][info][gc          ] GC(256) Concurrent Undo Cycle 0.640ms
[2026-03-19T11:23:33.623+0800][102.275s][info][gc,start    ] GC(257) Pause Young (Concurrent Start) (G1 Humongous Allocation)
[2026-03-19T11:23:33.623+0800][102.275s][info][gc,task     ] GC(257) Using 3 workers of 13 for evacuation
[2026-03-19T11:23:33.625+0800][102.277s][info][gc,phases   ] GC(257)   Pre Evacuate Collection Set: 0.2ms
[2026-03-19T11:23:33.625+0800][102.277s][info][gc,phases   ] GC(257)   Merge Heap Roots: 0.1ms
[2026-03-19T11:23:33.625+0800][102.277s][info][gc,phases   ] GC(257)   Evacuate Collection Set: 0.9ms
[2026-03-19T11:23:33.625+0800][102.277s][info][gc,phases   ] GC(257)   Post Evacuate Collection Set: 0.8ms
[2026-03-19T11:23:33.625+0800][102.278s][info][gc,phases   ] GC(257)   Other: 0.5ms
[2026-03-19T11:23:33.625+0800][102.278s][info][gc,heap     ] GC(257) Eden regions: 4->0(31)
[2026-03-19T11:23:33.625+0800][102.278s][info][gc,heap     ] GC(257) Survivor regions: 1->2(5)
[2026-03-19T11:23:33.627+0800][102.278s][info][gc,heap     ] GC(257) Old regions: 20->20
[2026-03-19T11:23:33.627+0800][102.278s][info][gc,heap     ] GC(257) Archive regions: 0->0
[2026-03-19T11:23:33.627+0800][102.278s][info][gc,heap     ] GC(257) Humongous regions: 39->39
[2026-03-19T11:23:33.627+0800][102.278s][info][gc,metaspace] GC(257) Metaspace: 24348K(24704K)->24348K(24704K) NonClass: 21574K(21760K)->21574K(21760K) Class: 2774K(2944K)->2774K(2944K)
[2026-03-19T11:23:33.627+0800][102.278s][info][gc          ] GC(257) Pause Young (Concurrent Start) (G1 Humongous Allocation) 62M->60M(128M) 3.298ms
[2026-03-19T11:23:33.627+0800][102.278s][info][gc,cpu      ] GC(257) User=0.00s Sys=0.00s Real=0.00s
[2026-03-19T11:23:33.627+0800][102.278s][info][gc          ] GC(258) Concurrent Mark Cycle
[2026-03-19T11:23:33.627+0800][102.278s][info][gc,marking  ] GC(258) Concurrent Clear Claimed Marks
[2026-03-19T11:23:33.627+0800][102.278s][info][gc,marking  ] GC(258) Concurrent Clear Claimed Marks 0.082ms
[2026-03-19T11:23:33.627+0800][102.278s][info][gc,marking  ] GC(258) Concurrent Scan Root Regions
[2026-03-19T11:23:33.628+0800][102.279s][info][gc,marking  ] GC(258) Concurrent Scan Root Regions 0.270ms
[2026-03-19T11:23:33.628+0800][102.279s][info][gc,marking  ] GC(258) Concurrent Mark
[2026-03-19T11:23:33.628+0800][102.279s][info][gc,marking  ] GC(258) Concurrent Mark From Roots
[2026-03-19T11:23:33.628+0800][102.279s][info][gc,task     ] GC(258) Using 3 workers of 3 for marking
[2026-03-19T11:23:33.638+0800][102.289s][info][gc,marking  ] GC(258) Concurrent Mark From Roots 10.436ms
[2026-03-19T11:23:33.638+0800][102.289s][info][gc,marking  ] GC(258) Concurrent Preclean
[2026-03-19T11:23:33.638+0800][102.290s][info][gc,marking  ] GC(258) Concurrent Preclean 0.203ms
[2026-03-19T11:23:33.638+0800][102.290s][info][gc,start    ] GC(258) Pause Remark
[2026-03-19T11:23:33.644+0800][102.296s][info][gc          ] GC(258) Pause Remark 71M->41M(128M) 5.532ms
[2026-03-19T11:23:33.644+0800][102.296s][info][gc,cpu      ] GC(258) User=0.00s Sys=0.00s Real=0.01s
[2026-03-19T11:23:33.644+0800][102.296s][info][gc,marking  ] GC(258) Concurrent Mark 17.079ms
[2026-03-19T11:23:33.644+0800][102.296s][info][gc,marking  ] GC(258) Concurrent Rebuild Remembered Sets
[2026-03-19T11:23:33.650+0800][102.301s][info][gc,marking  ] GC(258) Concurrent Rebuild Remembered Sets 5.363ms
[2026-03-19T11:23:33.651+0800][102.302s][info][gc,start    ] GC(258) Pause Cleanup
[2026-03-19T11:23:33.651+0800][102.302s][info][gc          ] GC(258) Pause Cleanup 41M->41M(128M) 0.527ms
[2026-03-19T11:23:33.651+0800][102.303s][info][gc,cpu      ] GC(258) User=0.00s Sys=0.00s Real=0.00s
[2026-03-19T11:23:33.652+0800][102.303s][info][gc,marking  ] GC(258) Concurrent Cleanup for Next Mark
[2026-03-19T11:23:33.652+0800][102.303s][info][gc,marking  ] GC(258) Concurrent Cleanup for Next Mark 0.570ms
[2026-03-19T11:23:33.652+0800][102.303s][info][gc          ] GC(258) Concurrent Mark Cycle 25.311ms
[2026-03-19T11:23:34.255+0800][102.907s][info][gc,start    ] GC(259) Pause Young (Concurrent Start) (G1 Humongous Allocation)
[2026-03-19T11:23:34.255+0800][102.907s][info][gc,task     ] GC(259) Using 3 workers of 13 for evacuation
[2026-03-19T11:23:34.257+0800][102.908s][info][gc,phases   ] GC(259)   Pre Evacuate Collection Set: 0.2ms
[2026-03-19T11:23:34.257+0800][102.908s][info][gc,phases   ] GC(259)   Merge Heap Roots: 0.2ms
[2026-03-19T11:23:34.257+0800][102.908s][info][gc,phases   ] GC(259)   Evacuate Collection Set: 0.5ms
[2026-03-19T11:23:34.257+0800][102.908s][info][gc,phases   ] GC(259)   Post Evacuate Collection Set: 0.6ms
[2026-03-19T11:23:34.257+0800][102.909s][info][gc,phases   ] GC(259)   Other: 0.3ms
[2026-03-19T11:23:34.257+0800][102.909s][info][gc,heap     ] GC(259) Eden regions: 9->0(36)
[2026-03-19T11:23:34.257+0800][102.909s][info][gc,heap     ] GC(259) Survivor regions: 2->1(5)
[2026-03-19T11:23:34.257+0800][102.909s][info][gc,heap     ] GC(259) Old regions: 20->20
[2026-03-19T11:23:34.257+0800][102.909s][info][gc,heap     ] GC(259) Archive regions: 0->0
[2026-03-19T11:23:34.257+0800][102.909s][info][gc,heap     ] GC(259) Humongous regions: 37->37
[2026-03-19T11:23:34.257+0800][102.909s][info][gc,metaspace] GC(259) Metaspace: 24348K(24704K)->24348K(24704K) NonClass: 21574K(21760K)->21574K(21760K) Class: 2774K(2944K)->2774K(2944K)
[2026-03-19T11:23:34.257+0800][102.909s][info][gc          ] GC(259) Pause Young (Concurrent Start) (G1 Humongous Allocation) 67M->56M(128M) 2.086ms
[2026-03-19T11:23:34.257+0800][102.909s][info][gc,cpu      ] GC(259) User=0.00s Sys=0.00s Real=0.00s
[2026-03-19T11:23:34.258+0800][102.909s][info][gc          ] GC(260) Concurrent Undo Cycle
[2026-03-19T11:23:34.258+0800][102.909s][info][gc,marking  ] GC(260) Concurrent Cleanup for Next Mark
[2026-03-19T11:23:34.258+0800][102.909s][info][gc,marking  ] GC(260) Concurrent Cleanup for Next Mark 0.430ms
[2026-03-19T11:23:34.258+0800][102.910s][info][gc          ] GC(260) Concurrent Undo Cycle 0.879ms
[2026-03-19T11:23:34.577+0800][103.228s][info][gc,start    ] GC(261) Pause Young (Concurrent Start) (G1 Humongous Allocation)
[2026-03-19T11:23:34.577+0800][103.229s][info][gc,task     ] GC(261) Using 3 workers of 13 for evacuation
[2026-03-19T11:23:34.580+0800][103.231s][info][gc,phases   ] GC(261)   Pre Evacuate Collection Set: 0.3ms
[2026-03-19T11:23:34.580+0800][103.231s][info][gc,phases   ] GC(261)   Merge Heap Roots: 0.2ms
[2026-03-19T11:23:34.580+0800][103.231s][info][gc,phases   ] GC(261)   Evacuate Collection Set: 0.9ms
[2026-03-19T11:23:34.580+0800][103.231s][info][gc,phases   ] GC(261)   Post Evacuate Collection Set: 1.1ms
[2026-03-19T11:23:34.580+0800][103.232s][info][gc,phases   ] GC(261)   Other: 1.0ms
[2026-03-19T11:23:34.580+0800][103.232s][info][gc,heap     ] GC(261) Eden regions: 4->0(30)
[2026-03-19T11:23:34.580+0800][103.232s][info][gc,heap     ] GC(261) Survivor regions: 1->2(5)
[2026-03-19T11:23:34.580+0800][103.232s][info][gc,heap     ] GC(261) Old regions: 20->20
[2026-03-19T11:23:34.580+0800][103.232s][info][gc,heap     ] GC(261) Archive regions: 0->0
[2026-03-19T11:23:34.580+0800][103.232s][info][gc,heap     ] GC(261) Humongous regions: 39->39
[2026-03-19T11:23:34.580+0800][103.232s][info][gc,metaspace] GC(261) Metaspace: 24350K(24704K)->24350K(24704K) NonClass: 21576K(21760K)->21576K(21760K) Class: 2774K(2944K)->2774K(2944K)
[2026-03-19T11:23:34.580+0800][103.232s][info][gc          ] GC(261) Pause Young (Concurrent Start) (G1 Humongous Allocation) 62M->60M(128M) 4.003ms
[2026-03-19T11:23:34.581+0800][103.232s][info][gc,cpu      ] GC(261) User=0.00s Sys=0.00s Real=0.00s
[2026-03-19T11:23:34.581+0800][103.232s][info][gc          ] GC(262) Concurrent Mark Cycle
[2026-03-19T11:23:34.581+0800][103.232s][info][gc,marking  ] GC(262) Concurrent Clear Claimed Marks
[2026-03-19T11:23:34.581+0800][103.232s][info][gc,marking  ] GC(262) Concurrent Clear Claimed Marks 0.092ms
[2026-03-19T11:23:34.581+0800][103.232s][info][gc,marking  ] GC(262) Concurrent Scan Root Regions
[2026-03-19T11:23:34.581+0800][103.233s][info][gc,marking  ] GC(262) Concurrent Scan Root Regions 0.293ms
[2026-03-19T11:23:34.581+0800][103.233s][info][gc,marking  ] GC(262) Concurrent Mark
[2026-03-19T11:23:34.581+0800][103.233s][info][gc,marking  ] GC(262) Concurrent Mark From Roots
[2026-03-19T11:23:34.581+0800][103.233s][info][gc,task     ] GC(262) Using 3 workers of 3 for marking
[2026-03-19T11:23:34.590+0800][103.241s][info][gc,marking  ] GC(262) Concurrent Mark From Roots 8.083ms
[2026-03-19T11:23:34.590+0800][103.241s][info][gc,marking  ] GC(262) Concurrent Preclean
[2026-03-19T11:23:34.590+0800][103.242s][info][gc,marking  ] GC(262) Concurrent Preclean 0.310ms
[2026-03-19T11:23:34.591+0800][103.242s][info][gc,start    ] GC(262) Pause Remark
[2026-03-19T11:23:34.594+0800][103.246s][info][gc          ] GC(262) Pause Remark 71M->41M(128M) 4.375ms
[2026-03-19T11:23:34.595+0800][103.247s][info][gc,cpu      ] GC(262) User=0.00s Sys=0.00s Real=0.00s
[2026-03-19T11:23:34.595+0800][103.247s][info][gc,marking  ] GC(262) Concurrent Mark 13.875ms
[2026-03-19T11:23:34.595+0800][103.247s][info][gc,marking  ] GC(262) Concurrent Rebuild Remembered Sets
[2026-03-19T11:23:34.599+0800][103.251s][info][gc,marking  ] GC(262) Concurrent Rebuild Remembered Sets 4.234ms
[2026-03-19T11:23:34.600+0800][103.251s][info][gc,start    ] GC(262) Pause Cleanup
[2026-03-19T11:23:34.600+0800][103.252s][info][gc          ] GC(262) Pause Cleanup 41M->41M(128M) 0.228ms
[2026-03-19T11:23:34.600+0800][103.252s][info][gc,cpu      ] GC(262) User=0.00s Sys=0.00s Real=0.00s
[2026-03-19T11:23:34.600+0800][103.252s][info][gc,marking  ] GC(262) Concurrent Cleanup for Next Mark
[2026-03-19T11:23:34.601+0800][103.252s][info][gc,marking  ] GC(262) Concurrent Cleanup for Next Mark 0.353ms
[2026-03-19T11:23:34.601+0800][103.252s][info][gc          ] GC(262) Concurrent Mark Cycle 20.218ms
[2026-03-19T11:23:35.221+0800][103.872s][info][gc,start    ] GC(263) Pause Young (Concurrent Start) (G1 Humongous Allocation)
[2026-03-19T11:23:35.221+0800][103.872s][info][gc,task     ] GC(263) Using 3 workers of 13 for evacuation
[2026-03-19T11:23:35.223+0800][103.875s][info][gc,phases   ] GC(263)   Pre Evacuate Collection Set: 0.3ms
[2026-03-19T11:23:35.224+0800][103.875s][info][gc,phases   ] GC(263)   Merge Heap Roots: 0.2ms
[2026-03-19T11:23:35.224+0800][103.875s][info][gc,phases   ] GC(263)   Evacuate Collection Set: 0.9ms
[2026-03-19T11:23:35.224+0800][103.875s][info][gc,phases   ] GC(263)   Post Evacuate Collection Set: 0.8ms
[2026-03-19T11:23:35.224+0800][103.875s][info][gc,phases   ] GC(263)   Other: 0.5ms
[2026-03-19T11:23:35.224+0800][103.875s][info][gc,heap     ] GC(263) Eden regions: 9->0(35)
[2026-03-19T11:23:35.224+0800][103.875s][info][gc,heap     ] GC(263) Survivor regions: 2->1(4)
[2026-03-19T11:23:35.224+0800][103.875s][info][gc,heap     ] GC(263) Old regions: 20->20
[2026-03-19T11:23:35.224+0800][103.875s][info][gc,heap     ] GC(263) Archive regions: 0->0
[2026-03-19T11:23:35.224+0800][103.875s][info][gc,heap     ] GC(263) Humongous regions: 37->37
[2026-03-19T11:23:35.224+0800][103.876s][info][gc,metaspace] GC(263) Metaspace: 24350K(24704K)->24350K(24704K) NonClass: 21576K(21760K)->21576K(21760K) Class: 2774K(2944K)->2774K(2944K)
[2026-03-19T11:23:35.224+0800][103.876s][info][gc          ] GC(263) Pause Young (Concurrent Start) (G1 Humongous Allocation) 67M->56M(128M) 3.652ms
[2026-03-19T11:23:35.224+0800][103.876s][info][gc,cpu      ] GC(263) User=0.00s Sys=0.00s Real=0.00s
[2026-03-19T11:23:35.225+0800][103.876s][info][gc          ] GC(264) Concurrent Undo Cycle
[2026-03-19T11:23:35.225+0800][103.876s][info][gc,marking  ] GC(264) Concurrent Cleanup for Next Mark
[2026-03-19T11:23:35.225+0800][103.877s][info][gc,marking  ] GC(264) Concurrent Cleanup for Next Mark 0.532ms
[2026-03-19T11:23:35.225+0800][103.877s][info][gc          ] GC(264) Concurrent Undo Cycle 0.925ms
[2026-03-19T11:23:35.528+0800][104.179s][info][gc,start    ] GC(265) Pause Young (Concurrent Start) (G1 Humongous Allocation)
[2026-03-19T11:23:35.528+0800][104.180s][info][gc,task     ] GC(265) Using 3 workers of 13 for evacuation
[2026-03-19T11:23:35.530+0800][104.182s][info][gc,phases   ] GC(265)   Pre Evacuate Collection Set: 0.2ms
[2026-03-19T11:23:35.530+0800][104.182s][info][gc,phases   ] GC(265)   Merge Heap Roots: 0.2ms
[2026-03-19T11:23:35.530+0800][104.182s][info][gc,phases   ] GC(265)   Evacuate Collection Set: 0.6ms
[2026-03-19T11:23:35.530+0800][104.182s][info][gc,phases   ] GC(265)   Post Evacuate Collection Set: 0.6ms
[2026-03-19T11:23:35.530+0800][104.182s][info][gc,phases   ] GC(265)   Other: 0.8ms
[2026-03-19T11:23:35.530+0800][104.182s][info][gc,heap     ] GC(265) Eden regions: 4->0(29)
[2026-03-19T11:23:35.530+0800][104.182s][info][gc,heap     ] GC(265) Survivor regions: 1->2(5)
[2026-03-19T11:23:35.530+0800][104.182s][info][gc,heap     ] GC(265) Old regions: 20->20
[2026-03-19T11:23:35.530+0800][104.182s][info][gc,heap     ] GC(265) Archive regions: 0->0
[2026-03-19T11:23:35.530+0800][104.182s][info][gc,heap     ] GC(265) Humongous regions: 39->39
[2026-03-19T11:23:35.530+0800][104.182s][info][gc,metaspace] GC(265) Metaspace: 24350K(24704K)->24350K(24704K) NonClass: 21576K(21760K)->21576K(21760K) Class: 2774K(2944K)->2774K(2944K)
[2026-03-19T11:23:35.530+0800][104.182s][info][gc          ] GC(265) Pause Young (Concurrent Start) (G1 Humongous Allocation) 62M->60M(128M) 2.644ms
[2026-03-19T11:23:35.530+0800][104.182s][info][gc,cpu      ] GC(265) User=0.00s Sys=0.00s Real=0.00s
[2026-03-19T11:23:35.531+0800][104.182s][info][gc          ] GC(266) Concurrent Mark Cycle
[2026-03-19T11:23:35.531+0800][104.182s][info][gc,marking  ] GC(266) Concurrent Clear Claimed Marks
[2026-03-19T11:23:35.531+0800][104.182s][info][gc,marking  ] GC(266) Concurrent Clear Claimed Marks 0.049ms
[2026-03-19T11:23:35.531+0800][104.182s][info][gc,marking  ] GC(266) Concurrent Scan Root Regions
[2026-03-19T11:23:35.531+0800][104.183s][info][gc,marking  ] GC(266) Concurrent Scan Root Regions 0.282ms
[2026-03-19T11:23:35.531+0800][104.183s][info][gc,marking  ] GC(266) Concurrent Mark
[2026-03-19T11:23:35.531+0800][104.183s][info][gc,marking  ] GC(266) Concurrent Mark From Roots
[2026-03-19T11:23:35.531+0800][104.183s][info][gc,task     ] GC(266) Using 3 workers of 3 for marking
[2026-03-19T11:23:35.545+0800][104.196s][info][gc,marking  ] GC(266) Concurrent Mark From Roots 13.270ms
[2026-03-19T11:23:35.545+0800][104.197s][info][gc,marking  ] GC(266) Concurrent Preclean
[2026-03-19T11:23:35.546+0800][104.197s][info][gc,marking  ] GC(266) Concurrent Preclean 0.767ms
[2026-03-19T11:23:35.546+0800][104.198s][info][gc,start    ] GC(266) Pause Remark
[2026-03-19T11:23:35.550+0800][104.202s][info][gc          ] GC(266) Pause Remark 71M->41M(128M) 4.436ms
[2026-03-19T11:23:35.551+0800][104.203s][info][gc,cpu      ] GC(266) User=0.00s Sys=0.00s Real=0.01s
[2026-03-19T11:23:35.551+0800][104.203s][info][gc,marking  ] GC(266) Concurrent Mark 20.161ms
[2026-03-19T11:23:35.551+0800][104.203s][info][gc,marking  ] GC(266) Concurrent Rebuild Remembered Sets
[2026-03-19T11:23:35.558+0800][104.210s][info][gc,marking  ] GC(266) Concurrent Rebuild Remembered Sets 6.812ms
[2026-03-19T11:23:35.559+0800][104.211s][info][gc,start    ] GC(266) Pause Cleanup
[2026-03-19T11:23:35.559+0800][104.211s][info][gc          ] GC(266) Pause Cleanup 41M->41M(128M) 0.551ms
[2026-03-19T11:23:35.560+0800][104.211s][info][gc,cpu      ] GC(266) User=0.00s Sys=0.00s Real=0.00s
[2026-03-19T11:23:35.560+0800][104.212s][info][gc,marking  ] GC(266) Concurrent Cleanup for Next Mark
[2026-03-19T11:23:35.560+0800][104.212s][info][gc,marking  ] GC(266) Concurrent Cleanup for Next Mark 0.585ms
[2026-03-19T11:23:35.561+0800][104.212s][info][gc          ] GC(266) Concurrent Mark Cycle 30.241ms
[2026-03-19T11:23:36.161+0800][104.812s][info][gc,start    ] GC(267) Pause Young (Concurrent Start) (G1 Humongous Allocation)
[2026-03-19T11:23:36.161+0800][104.813s][info][gc,task     ] GC(267) Using 3 workers of 13 for evacuation
[2026-03-19T11:23:36.163+0800][104.815s][info][gc,phases   ] GC(267)   Pre Evacuate Collection Set: 0.1ms
[2026-03-19T11:23:36.163+0800][104.815s][info][gc,phases   ] GC(267)   Merge Heap Roots: 0.1ms
[2026-03-19T11:23:36.163+0800][104.815s][info][gc,phases   ] GC(267)   Evacuate Collection Set: 0.7ms
[2026-03-19T11:23:36.163+0800][104.815s][info][gc,phases   ] GC(267)   Post Evacuate Collection Set: 0.9ms
[2026-03-19T11:23:36.163+0800][104.815s][info][gc,phases   ] GC(267)   Other: 0.5ms
[2026-03-19T11:23:36.163+0800][104.815s][info][gc,heap     ] GC(267) Eden regions: 10->0(29)
[2026-03-19T11:23:36.163+0800][104.815s][info][gc,heap     ] GC(267) Survivor regions: 2->1(4)
[2026-03-19T11:23:36.163+0800][104.815s][info][gc,heap     ] GC(267) Old regions: 20->20
[2026-03-19T11:23:36.164+0800][104.815s][info][gc,heap     ] GC(267) Archive regions: 0->0
[2026-03-19T11:23:36.164+0800][104.815s][info][gc,heap     ] GC(267) Humongous regions: 37->37
[2026-03-19T11:23:36.164+0800][104.815s][info][gc,metaspace] GC(267) Metaspace: 24354K(24704K)->24354K(24704K) NonClass: 21580K(21760K)->21580K(21760K) Class: 2774K(2944K)->2774K(2944K)
[2026-03-19T11:23:36.164+0800][104.815s][info][gc          ] GC(267) Pause Young (Concurrent Start) (G1 Humongous Allocation) 67M->56M(128M) 2.895ms
[2026-03-19T11:23:36.164+0800][104.815s][info][gc,cpu      ] GC(267) User=0.02s Sys=0.02s Real=0.00s
[2026-03-19T11:23:36.164+0800][104.815s][info][gc          ] GC(268) Concurrent Undo Cycle
[2026-03-19T11:23:36.164+0800][104.816s][info][gc,marking  ] GC(268) Concurrent Cleanup for Next Mark
[2026-03-19T11:23:36.164+0800][104.816s][info][gc,marking  ] GC(268) Concurrent Cleanup for Next Mark 0.421ms
[2026-03-19T11:23:36.165+0800][104.816s][info][gc          ] GC(268) Concurrent Undo Cycle 0.706ms
[2026-03-19T11:23:36.468+0800][105.119s][info][gc,start    ] GC(269) Pause Young (Concurrent Start) (G1 Humongous Allocation)
[2026-03-19T11:23:36.468+0800][105.119s][info][gc,task     ] GC(269) Using 3 workers of 13 for evacuation
[2026-03-19T11:23:36.470+0800][105.121s][info][gc,phases   ] GC(269)   Pre Evacuate Collection Set: 0.1ms
[2026-03-19T11:23:36.470+0800][105.121s][info][gc,phases   ] GC(269)   Merge Heap Roots: 0.0ms
[2026-03-19T11:23:36.470+0800][105.121s][info][gc,phases   ] GC(269)   Evacuate Collection Set: 0.9ms
[2026-03-19T11:23:36.470+0800][105.121s][info][gc,phases   ] GC(269)   Post Evacuate Collection Set: 0.6ms
[2026-03-19T11:23:36.470+0800][105.121s][info][gc,phases   ] GC(269)   Other: 0.5ms
[2026-03-19T11:23:36.470+0800][105.121s][info][gc,heap     ] GC(269) Eden regions: 4->0(28)
[2026-03-19T11:23:36.470+0800][105.121s][info][gc,heap     ] GC(269) Survivor regions: 1->2(4)
[2026-03-19T11:23:36.470+0800][105.121s][info][gc,heap     ] GC(269) Old regions: 20->20
[2026-03-19T11:23:36.470+0800][105.121s][info][gc,heap     ] GC(269) Archive regions: 0->0
[2026-03-19T11:23:36.470+0800][105.121s][info][gc,heap     ] GC(269) Humongous regions: 39->39
[2026-03-19T11:23:36.470+0800][105.122s][info][gc,metaspace] GC(269) Metaspace: 24354K(24704K)->24354K(24704K) NonClass: 21580K(21760K)->21580K(21760K) Class: 2774K(2944K)->2774K(2944K)
[2026-03-19T11:23:36.470+0800][105.122s][info][gc          ] GC(269) Pause Young (Concurrent Start) (G1 Humongous Allocation) 62M->60M(128M) 2.632ms
[2026-03-19T11:23:36.470+0800][105.122s][info][gc,cpu      ] GC(269) User=0.00s Sys=0.00s Real=0.00s
[2026-03-19T11:23:36.471+0800][105.122s][info][gc          ] GC(270) Concurrent Mark Cycle
[2026-03-19T11:23:36.471+0800][105.122s][info][gc,marking  ] GC(270) Concurrent Clear Claimed Marks
[2026-03-19T11:23:36.471+0800][105.122s][info][gc,marking  ] GC(270) Concurrent Clear Claimed Marks 0.067ms
[2026-03-19T11:23:36.471+0800][105.122s][info][gc,marking  ] GC(270) Concurrent Scan Root Regions
[2026-03-19T11:23:36.471+0800][105.122s][info][gc,marking  ] GC(270) Concurrent Scan Root Regions 0.203ms
[2026-03-19T11:23:36.471+0800][105.122s][info][gc,marking  ] GC(270) Concurrent Mark
[2026-03-19T11:23:36.471+0800][105.122s][info][gc,marking  ] GC(270) Concurrent Mark From Roots
[2026-03-19T11:23:36.471+0800][105.122s][info][gc,task     ] GC(270) Using 3 workers of 3 for marking
[2026-03-19T11:23:36.479+0800][105.130s][info][gc,marking  ] GC(270) Concurrent Mark From Roots 7.538ms
[2026-03-19T11:23:36.479+0800][105.130s][info][gc,marking  ] GC(270) Concurrent Preclean
[2026-03-19T11:23:36.479+0800][105.130s][info][gc,marking  ] GC(270) Concurrent Preclean 0.238ms
[2026-03-19T11:23:36.479+0800][105.131s][info][gc,start    ] GC(270) Pause Remark
[2026-03-19T11:23:36.483+0800][105.135s][info][gc          ] GC(270) Pause Remark 71M->41M(128M) 3.989ms
[2026-03-19T11:23:36.483+0800][105.135s][info][gc,cpu      ] GC(270) User=0.00s Sys=0.00s Real=0.00s
[2026-03-19T11:23:36.484+0800][105.135s][info][gc,marking  ] GC(270) Concurrent Mark 12.533ms
[2026-03-19T11:23:36.484+0800][105.135s][info][gc,marking  ] GC(270) Concurrent Rebuild Remembered Sets
[2026-03-19T11:23:36.489+0800][105.140s][info][gc,marking  ] GC(270) Concurrent Rebuild Remembered Sets 5.433ms
[2026-03-19T11:23:36.489+0800][105.141s][info][gc,start    ] GC(270) Pause Cleanup
[2026-03-19T11:23:36.489+0800][105.141s][info][gc          ] GC(270) Pause Cleanup 41M->41M(128M) 0.242ms
[2026-03-19T11:23:36.490+0800][105.141s][info][gc,cpu      ] GC(270) User=0.00s Sys=0.00s Real=0.00s
[2026-03-19T11:23:36.490+0800][105.141s][info][gc,marking  ] GC(270) Concurrent Cleanup for Next Mark
[2026-03-19T11:23:36.490+0800][105.142s][info][gc,marking  ] GC(270) Concurrent Cleanup for Next Mark 0.425ms
[2026-03-19T11:23:36.490+0800][105.142s][info][gc          ] GC(270) Concurrent Mark Cycle 20.315ms
[2026-03-19T11:23:37.100+0800][105.751s][info][gc,start    ] GC(271) Pause Young (Concurrent Start) (G1 Humongous Allocation)
[2026-03-19T11:23:37.100+0800][105.751s][info][gc,task     ] GC(271) Using 3 workers of 13 for evacuation
[2026-03-19T11:23:37.102+0800][105.754s][info][gc,phases   ] GC(271)   Pre Evacuate Collection Set: 0.2ms
[2026-03-19T11:23:37.102+0800][105.754s][info][gc,phases   ] GC(271)   Merge Heap Roots: 0.2ms
[2026-03-19T11:23:37.102+0800][105.754s][info][gc,phases   ] GC(271)   Evacuate Collection Set: 0.9ms
[2026-03-19T11:23:37.102+0800][105.754s][info][gc,phases   ] GC(271)   Post Evacuate Collection Set: 0.8ms
[2026-03-19T11:23:37.102+0800][105.754s][info][gc,phases   ] GC(271)   Other: 0.5ms
[2026-03-19T11:23:37.103+0800][105.754s][info][gc,heap     ] GC(271) Eden regions: 9->0(35)
[2026-03-19T11:23:37.103+0800][105.754s][info][gc,heap     ] GC(271) Survivor regions: 2->1(4)
[2026-03-19T11:23:37.103+0800][105.754s][info][gc,heap     ] GC(271) Old regions: 20->20
[2026-03-19T11:23:37.103+0800][105.754s][info][gc,heap     ] GC(271) Archive regions: 0->0
[2026-03-19T11:23:37.103+0800][105.754s][info][gc,heap     ] GC(271) Humongous regions: 37->37
[2026-03-19T11:23:37.103+0800][105.754s][info][gc,metaspace] GC(271) Metaspace: 24354K(24704K)->24354K(24704K) NonClass: 21580K(21760K)->21580K(21760K) Class: 2774K(2944K)->2774K(2944K)
[2026-03-19T11:23:37.103+0800][105.755s][info][gc          ] GC(271) Pause Young (Concurrent Start) (G1 Humongous Allocation) 67M->56M(128M) 3.447ms
[2026-03-19T11:23:37.103+0800][105.755s][info][gc,cpu      ] GC(271) User=0.00s Sys=0.00s Real=0.00s
[2026-03-19T11:23:37.103+0800][105.755s][info][gc          ] GC(272) Concurrent Undo Cycle
[2026-03-19T11:23:37.104+0800][105.755s][info][gc,marking  ] GC(272) Concurrent Cleanup for Next Mark
[2026-03-19T11:23:37.104+0800][105.756s][info][gc,marking  ] GC(272) Concurrent Cleanup for Next Mark 0.525ms
[2026-03-19T11:23:37.104+0800][105.756s][info][gc          ] GC(272) Concurrent Undo Cycle 1.033ms
[2026-03-19T11:23:37.407+0800][106.059s][info][gc,start    ] GC(273) Pause Young (Concurrent Start) (G1 Humongous Allocation)
[2026-03-19T11:23:37.408+0800][106.059s][info][gc,task     ] GC(273) Using 3 workers of 13 for evacuation
[2026-03-19T11:23:37.410+0800][106.061s][info][gc,phases   ] GC(273)   Pre Evacuate Collection Set: 0.2ms
[2026-03-19T11:23:37.410+0800][106.061s][info][gc,phases   ] GC(273)   Merge Heap Roots: 0.2ms
[2026-03-19T11:23:37.410+0800][106.061s][info][gc,phases   ] GC(273)   Evacuate Collection Set: 0.6ms
[2026-03-19T11:23:37.410+0800][106.061s][info][gc,phases   ] GC(273)   Post Evacuate Collection Set: 0.9ms
[2026-03-19T11:23:37.410+0800][106.061s][info][gc,phases   ] GC(273)   Other: 0.5ms
[2026-03-19T11:23:37.410+0800][106.061s][info][gc,heap     ] GC(273) Eden regions: 4->0(30)
[2026-03-19T11:23:37.410+0800][106.061s][info][gc,heap     ] GC(273) Survivor regions: 1->2(5)
[2026-03-19T11:23:37.410+0800][106.061s][info][gc,heap     ] GC(273) Old regions: 20->20
[2026-03-19T11:23:37.410+0800][106.061s][info][gc,heap     ] GC(273) Archive regions: 0->0
[2026-03-19T11:23:37.410+0800][106.061s][info][gc,heap     ] GC(273) Humongous regions: 39->39
[2026-03-19T11:23:37.410+0800][106.062s][info][gc,metaspace] GC(273) Metaspace: 24354K(24704K)->24354K(24704K) NonClass: 21580K(21760K)->21580K(21760K) Class: 2774K(2944K)->2774K(2944K)
[2026-03-19T11:23:37.410+0800][106.062s][info][gc          ] GC(273) Pause Young (Concurrent Start) (G1 Humongous Allocation) 62M->60M(128M) 2.989ms
[2026-03-19T11:23:37.410+0800][106.062s][info][gc,cpu      ] GC(273) User=0.00s Sys=0.00s Real=0.00s
[2026-03-19T11:23:37.411+0800][106.062s][info][gc          ] GC(274) Concurrent Mark Cycle
[2026-03-19T11:23:37.411+0800][106.062s][info][gc,marking  ] GC(274) Concurrent Clear Claimed Marks
[2026-03-19T11:23:37.411+0800][106.062s][info][gc,marking  ] GC(274) Concurrent Clear Claimed Marks 0.135ms
[2026-03-19T11:23:37.411+0800][106.062s][info][gc,marking  ] GC(274) Concurrent Scan Root Regions
[2026-03-19T11:23:37.411+0800][106.062s][info][gc,marking  ] GC(274) Concurrent Scan Root Regions 0.383ms
[2026-03-19T11:23:37.411+0800][106.063s][info][gc,marking  ] GC(274) Concurrent Mark
[2026-03-19T11:23:37.412+0800][106.063s][info][gc,marking  ] GC(274) Concurrent Mark From Roots
[2026-03-19T11:23:37.412+0800][106.063s][info][gc,task     ] GC(274) Using 3 workers of 3 for marking
[2026-03-19T11:23:37.420+0800][106.072s][info][gc,marking  ] GC(274) Concurrent Mark From Roots 8.954ms
[2026-03-19T11:23:37.420+0800][106.072s][info][gc,marking  ] GC(274) Concurrent Preclean
[2026-03-19T11:23:37.420+0800][106.072s][info][gc,marking  ] GC(274) Concurrent Preclean 0.172ms
[2026-03-19T11:23:37.421+0800][106.072s][info][gc,start    ] GC(274) Pause Remark
[2026-03-19T11:23:37.424+0800][106.076s][info][gc          ] GC(274) Pause Remark 71M->41M(128M) 3.509ms
[2026-03-19T11:23:37.424+0800][106.076s][info][gc,cpu      ] GC(274) User=0.00s Sys=0.00s Real=0.00s
[2026-03-19T11:23:37.425+0800][106.076s][info][gc,marking  ] GC(274) Concurrent Mark 13.705ms
[2026-03-19T11:23:37.425+0800][106.076s][info][gc,marking  ] GC(274) Concurrent Rebuild Remembered Sets
[2026-03-19T11:23:37.429+0800][106.080s][info][gc,marking  ] GC(274) Concurrent Rebuild Remembered Sets 3.715ms
[2026-03-19T11:23:37.429+0800][106.080s][info][gc,start    ] GC(274) Pause Cleanup
[2026-03-19T11:23:37.430+0800][106.081s][info][gc          ] GC(274) Pause Cleanup 41M->41M(128M) 0.292ms
[2026-03-19T11:23:37.430+0800][106.081s][info][gc,cpu      ] GC(274) User=0.00s Sys=0.00s Real=0.00s
[2026-03-19T11:23:37.430+0800][106.081s][info][gc,marking  ] GC(274) Concurrent Cleanup for Next Mark
[2026-03-19T11:23:37.430+0800][106.081s][info][gc,marking  ] GC(274) Concurrent Cleanup for Next Mark 0.516ms
[2026-03-19T11:23:37.431+0800][106.082s][info][gc          ] GC(274) Concurrent Mark Cycle 19.971ms
[2026-03-19T11:23:38.038+0800][106.689s][info][gc,start    ] GC(275) Pause Young (Concurrent Start) (G1 Humongous Allocation)
[2026-03-19T11:23:38.038+0800][106.690s][info][gc,task     ] GC(275) Using 3 workers of 13 for evacuation
[2026-03-19T11:23:38.040+0800][106.692s][info][gc,phases   ] GC(275)   Pre Evacuate Collection Set: 0.3ms
[2026-03-19T11:23:38.040+0800][106.692s][info][gc,phases   ] GC(275)   Merge Heap Roots: 0.2ms
[2026-03-19T11:23:38.040+0800][106.692s][info][gc,phases   ] GC(275)   Evacuate Collection Set: 0.7ms
[2026-03-19T11:23:38.040+0800][106.692s][info][gc,phases   ] GC(275)   Post Evacuate Collection Set: 0.8ms
[2026-03-19T11:23:38.041+0800][106.692s][info][gc,phases   ] GC(275)   Other: 0.5ms
[2026-03-19T11:23:38.041+0800][106.692s][info][gc,heap     ] GC(275) Eden regions: 9->0(35)
[2026-03-19T11:23:38.041+0800][106.692s][info][gc,heap     ] GC(275) Survivor regions: 2->1(4)
[2026-03-19T11:23:38.041+0800][106.692s][info][gc,heap     ] GC(275) Old regions: 20->20
[2026-03-19T11:23:38.041+0800][106.692s][info][gc,heap     ] GC(275) Archive regions: 0->0
[2026-03-19T11:23:38.041+0800][106.692s][info][gc,heap     ] GC(275) Humongous regions: 37->37
[2026-03-19T11:23:38.041+0800][106.693s][info][gc,metaspace] GC(275) Metaspace: 24354K(24704K)->24354K(24704K) NonClass: 21580K(21760K)->21580K(21760K) Class: 2774K(2944K)->2774K(2944K)
[2026-03-19T11:23:38.041+0800][106.693s][info][gc          ] GC(275) Pause Young (Concurrent Start) (G1 Humongous Allocation) 67M->56M(128M) 3.256ms
[2026-03-19T11:23:38.041+0800][106.693s][info][gc,cpu      ] GC(275) User=0.00s Sys=0.00s Real=0.00s
[2026-03-19T11:23:38.041+0800][106.693s][info][gc          ] GC(276) Concurrent Undo Cycle
[2026-03-19T11:23:38.041+0800][106.693s][info][gc,marking  ] GC(276) Concurrent Cleanup for Next Mark
[2026-03-19T11:23:38.042+0800][106.693s][info][gc,marking  ] GC(276) Concurrent Cleanup for Next Mark 0.432ms
[2026-03-19T11:23:38.042+0800][106.694s][info][gc          ] GC(276) Concurrent Undo Cycle 0.750ms
[2026-03-19T11:23:38.345+0800][106.997s][info][gc,start    ] GC(277) Pause Young (Concurrent Start) (G1 Humongous Allocation)
[2026-03-19T11:23:38.345+0800][106.997s][info][gc,task     ] GC(277) Using 3 workers of 13 for evacuation
[2026-03-19T11:23:38.348+0800][106.999s][info][gc,phases   ] GC(277)   Pre Evacuate Collection Set: 0.2ms
[2026-03-19T11:23:38.348+0800][106.999s][info][gc,phases   ] GC(277)   Merge Heap Roots: 0.2ms
[2026-03-19T11:23:38.348+0800][107.000s][info][gc,phases   ] GC(277)   Evacuate Collection Set: 1.0ms
[2026-03-19T11:23:38.348+0800][107.000s][info][gc,phases   ] GC(277)   Post Evacuate Collection Set: 0.7ms
[2026-03-19T11:23:38.348+0800][107.000s][info][gc,phases   ] GC(277)   Other: 0.3ms
[2026-03-19T11:23:38.349+0800][107.000s][info][gc,heap     ] GC(277) Eden regions: 4->0(31)
[2026-03-19T11:23:38.349+0800][107.000s][info][gc,heap     ] GC(277) Survivor regions: 1->2(5)
[2026-03-19T11:23:38.349+0800][107.000s][info][gc,heap     ] GC(277) Old regions: 20->20
[2026-03-19T11:23:38.349+0800][107.000s][info][gc,heap     ] GC(277) Archive regions: 0->0
[2026-03-19T11:23:38.349+0800][107.000s][info][gc,heap     ] GC(277) Humongous regions: 39->39
[2026-03-19T11:23:38.349+0800][107.000s][info][gc,metaspace] GC(277) Metaspace: 24354K(24704K)->24354K(24704K) NonClass: 21580K(21760K)->21580K(21760K) Class: 2774K(2944K)->2774K(2944K)
[2026-03-19T11:23:38.349+0800][107.000s][info][gc          ] GC(277) Pause Young (Concurrent Start) (G1 Humongous Allocation) 62M->60M(128M) 3.441ms
[2026-03-19T11:23:38.349+0800][107.000s][info][gc,cpu      ] GC(277) User=0.00s Sys=0.00s Real=0.00s
[2026-03-19T11:23:38.349+0800][107.000s][info][gc          ] GC(278) Concurrent Mark Cycle
[2026-03-19T11:23:38.349+0800][107.001s][info][gc,marking  ] GC(278) Concurrent Clear Claimed Marks
[2026-03-19T11:23:38.350+0800][107.001s][info][gc,marking  ] GC(278) Concurrent Clear Claimed Marks 0.115ms
[2026-03-19T11:23:38.350+0800][107.001s][info][gc,marking  ] GC(278) Concurrent Scan Root Regions
[2026-03-19T11:23:38.350+0800][107.001s][info][gc,marking  ] GC(278) Concurrent Scan Root Regions 0.386ms
[2026-03-19T11:23:38.350+0800][107.001s][info][gc,marking  ] GC(278) Concurrent Mark
[2026-03-19T11:23:38.350+0800][107.001s][info][gc,marking  ] GC(278) Concurrent Mark From Roots
[2026-03-19T11:23:38.350+0800][107.002s][info][gc,task     ] GC(278) Using 3 workers of 3 for marking
[2026-03-19T11:23:38.361+0800][107.013s][info][gc,marking  ] GC(278) Concurrent Mark From Roots 11.378ms
[2026-03-19T11:23:38.361+0800][107.013s][info][gc,marking  ] GC(278) Concurrent Preclean
[2026-03-19T11:23:38.362+0800][107.013s][info][gc,marking  ] GC(278) Concurrent Preclean 0.386ms
[2026-03-19T11:23:38.362+0800][107.014s][info][gc,start    ] GC(278) Pause Remark
[2026-03-19T11:23:38.369+0800][107.021s][info][gc          ] GC(278) Pause Remark 71M->41M(128M) 6.743ms
[2026-03-19T11:23:38.369+0800][107.021s][info][gc,cpu      ] GC(278) User=0.02s Sys=0.03s Real=0.01s
[2026-03-19T11:23:38.370+0800][107.021s][info][gc,marking  ] GC(278) Concurrent Mark 19.740ms
[2026-03-19T11:23:38.370+0800][107.021s][info][gc,marking  ] GC(278) Concurrent Rebuild Remembered Sets
[2026-03-19T11:23:38.376+0800][107.029s][info][gc,marking  ] GC(278) Concurrent Rebuild Remembered Sets 7.270ms
[2026-03-19T11:23:38.377+0800][107.029s][info][gc,start    ] GC(278) Pause Cleanup
[2026-03-19T11:23:38.377+0800][107.029s][info][gc          ] GC(278) Pause Cleanup 41M->41M(128M) 0.312ms
[2026-03-19T11:23:38.377+0800][107.030s][info][gc,cpu      ] GC(278) User=0.00s Sys=0.00s Real=0.00s
[2026-03-19T11:23:38.378+0800][107.030s][info][gc,marking  ] GC(278) Concurrent Cleanup for Next Mark
[2026-03-19T11:23:38.378+0800][107.030s][info][gc,marking  ] GC(278) Concurrent Cleanup for Next Mark 0.584ms
[2026-03-19T11:23:38.378+0800][107.031s][info][gc          ] GC(278) Concurrent Mark Cycle 30.145ms
[2026-03-19T11:23:38.974+0800][107.625s][info][gc,start    ] GC(279) Pause Young (Concurrent Start) (G1 Humongous Allocation)
[2026-03-19T11:23:38.974+0800][107.625s][info][gc,task     ] GC(279) Using 3 workers of 13 for evacuation
[2026-03-19T11:23:38.976+0800][107.627s][info][gc,phases   ] GC(279)   Pre Evacuate Collection Set: 0.2ms
[2026-03-19T11:23:38.976+0800][107.628s][info][gc,phases   ] GC(279)   Merge Heap Roots: 0.2ms
[2026-03-19T11:23:38.976+0800][107.628s][info][gc,phases   ] GC(279)   Evacuate Collection Set: 0.7ms
[2026-03-19T11:23:38.976+0800][107.628s][info][gc,phases   ] GC(279)   Post Evacuate Collection Set: 0.7ms
[2026-03-19T11:23:38.976+0800][107.628s][info][gc,phases   ] GC(279)   Other: 0.4ms
[2026-03-19T11:23:38.976+0800][107.628s][info][gc,heap     ] GC(279) Eden regions: 9->0(36)
[2026-03-19T11:23:38.976+0800][107.628s][info][gc,heap     ] GC(279) Survivor regions: 2->1(5)
[2026-03-19T11:23:38.976+0800][107.628s][info][gc,heap     ] GC(279) Old regions: 20->20
[2026-03-19T11:23:38.976+0800][107.628s][info][gc,heap     ] GC(279) Archive regions: 0->0
[2026-03-19T11:23:38.976+0800][107.628s][info][gc,heap     ] GC(279) Humongous regions: 37->37
[2026-03-19T11:23:38.976+0800][107.628s][info][gc,metaspace] GC(279) Metaspace: 24354K(24704K)->24354K(24704K) NonClass: 21580K(21760K)->21580K(21760K) Class: 2774K(2944K)->2774K(2944K)
[2026-03-19T11:23:38.976+0800][107.628s][info][gc          ] GC(279) Pause Young (Concurrent Start) (G1 Humongous Allocation) 67M->56M(128M) 2.919ms
[2026-03-19T11:23:38.977+0800][107.628s][info][gc,cpu      ] GC(279) User=0.00s Sys=0.00s Real=0.00s
[2026-03-19T11:23:38.977+0800][107.628s][info][gc          ] GC(280) Concurrent Undo Cycle
[2026-03-19T11:23:38.977+0800][107.629s][info][gc,marking  ] GC(280) Concurrent Cleanup for Next Mark
[2026-03-19T11:23:38.977+0800][107.629s][info][gc,marking  ] GC(280) Concurrent Cleanup for Next Mark 0.479ms
[2026-03-19T11:23:38.977+0800][107.629s][info][gc          ] GC(280) Concurrent Undo Cycle 0.782ms
[2026-03-19T11:23:39.282+0800][107.935s][info][gc,start    ] GC(281) Pause Young (Concurrent Start) (G1 Humongous Allocation)
[2026-03-19T11:23:39.282+0800][107.935s][info][gc,task     ] GC(281) Using 3 workers of 13 for evacuation
[2026-03-19T11:23:39.285+0800][107.937s][info][gc,phases   ] GC(281)   Pre Evacuate Collection Set: 0.3ms
[2026-03-19T11:23:39.285+0800][107.937s][info][gc,phases   ] GC(281)   Merge Heap Roots: 0.2ms
[2026-03-19T11:23:39.285+0800][107.937s][info][gc,phases   ] GC(281)   Evacuate Collection Set: 0.7ms
[2026-03-19T11:23:39.285+0800][107.937s][info][gc,phases   ] GC(281)   Post Evacuate Collection Set: 0.9ms
[2026-03-19T11:23:39.286+0800][107.937s][info][gc,phases   ] GC(281)   Other: 0.4ms
[2026-03-19T11:23:39.286+0800][107.937s][info][gc,heap     ] GC(281) Eden regions: 4->0(29)
[2026-03-19T11:23:39.286+0800][107.937s][info][gc,heap     ] GC(281) Survivor regions: 1->2(5)
[2026-03-19T11:23:39.286+0800][107.937s][info][gc,heap     ] GC(281) Old regions: 20->20
[2026-03-19T11:23:39.286+0800][107.938s][info][gc,heap     ] GC(281) Archive regions: 0->0
[2026-03-19T11:23:39.286+0800][107.938s][info][gc,heap     ] GC(281) Humongous regions: 39->39
[2026-03-19T11:23:39.286+0800][107.938s][info][gc,metaspace] GC(281) Metaspace: 24354K(24704K)->24354K(24704K) NonClass: 21580K(21760K)->21580K(21760K) Class: 2774K(2944K)->2774K(2944K)
[2026-03-19T11:23:39.286+0800][107.938s][info][gc          ] GC(281) Pause Young (Concurrent Start) (G1 Humongous Allocation) 62M->60M(128M) 3.067ms
[2026-03-19T11:23:39.286+0800][107.938s][info][gc,cpu      ] GC(281) User=0.00s Sys=0.00s Real=0.00s
[2026-03-19T11:23:39.286+0800][107.938s][info][gc          ] GC(282) Concurrent Mark Cycle
[2026-03-19T11:23:39.287+0800][107.938s][info][gc,marking  ] GC(282) Concurrent Clear Claimed Marks
[2026-03-19T11:23:39.287+0800][107.938s][info][gc,marking  ] GC(282) Concurrent Clear Claimed Marks 0.085ms
[2026-03-19T11:23:39.287+0800][107.938s][info][gc,marking  ] GC(282) Concurrent Scan Root Regions
[2026-03-19T11:23:39.287+0800][107.938s][info][gc,marking  ] GC(282) Concurrent Scan Root Regions 0.270ms
[2026-03-19T11:23:39.287+0800][107.939s][info][gc,marking  ] GC(282) Concurrent Mark
[2026-03-19T11:23:39.287+0800][107.939s][info][gc,marking  ] GC(282) Concurrent Mark From Roots
[2026-03-19T11:23:39.287+0800][107.939s][info][gc,task     ] GC(282) Using 3 workers of 3 for marking
[2026-03-19T11:23:39.295+0800][107.946s][info][gc,marking  ] GC(282) Concurrent Mark From Roots 7.783ms
[2026-03-19T11:23:39.295+0800][107.947s][info][gc,marking  ] GC(282) Concurrent Preclean
[2026-03-19T11:23:39.295+0800][107.947s][info][gc,marking  ] GC(282) Concurrent Preclean 0.224ms
[2026-03-19T11:23:39.295+0800][107.947s][info][gc,start    ] GC(282) Pause Remark
[2026-03-19T11:23:39.301+0800][107.952s][info][gc          ] GC(282) Pause Remark 71M->41M(128M) 4.627ms
[2026-03-19T11:23:39.301+0800][107.952s][info][gc,cpu      ] GC(282) User=0.00s Sys=0.00s Real=0.01s
[2026-03-19T11:23:39.301+0800][107.952s][info][gc,marking  ] GC(282) Concurrent Mark 13.564ms
[2026-03-19T11:23:39.301+0800][107.952s][info][gc,marking  ] GC(282) Concurrent Rebuild Remembered Sets
[2026-03-19T11:23:39.305+0800][107.956s][info][gc,marking  ] GC(282) Concurrent Rebuild Remembered Sets 4.271ms
[2026-03-19T11:23:39.305+0800][107.957s][info][gc,start    ] GC(282) Pause Cleanup
[2026-03-19T11:23:39.305+0800][107.957s][info][gc          ] GC(282) Pause Cleanup 41M->41M(128M) 0.296ms
[2026-03-19T11:23:39.306+0800][107.957s][info][gc,cpu      ] GC(282) User=0.00s Sys=0.00s Real=0.00s
[2026-03-19T11:23:39.306+0800][107.957s][info][gc,marking  ] GC(282) Concurrent Cleanup for Next Mark
[2026-03-19T11:23:39.306+0800][107.958s][info][gc,marking  ] GC(282) Concurrent Cleanup for Next Mark 0.379ms
[2026-03-19T11:23:39.306+0800][107.958s][info][gc          ] GC(282) Concurrent Mark Cycle 20.115ms
[2026-03-19T11:23:39.915+0800][108.567s][info][gc,start    ] GC(283) Pause Young (Concurrent Start) (G1 Humongous Allocation)
[2026-03-19T11:23:39.915+0800][108.568s][info][gc,task     ] GC(283) Using 3 workers of 13 for evacuation
[2026-03-19T11:23:39.917+0800][108.569s][info][gc,phases   ] GC(283)   Pre Evacuate Collection Set: 0.1ms
[2026-03-19T11:23:39.917+0800][108.569s][info][gc,phases   ] GC(283)   Merge Heap Roots: 0.1ms
[2026-03-19T11:23:39.917+0800][108.569s][info][gc,phases   ] GC(283)   Evacuate Collection Set: 0.5ms
[2026-03-19T11:23:39.917+0800][108.569s][info][gc,phases   ] GC(283)   Post Evacuate Collection Set: 0.3ms
[2026-03-19T11:23:39.917+0800][108.569s][info][gc,phases   ] GC(283)   Other: 0.4ms
[2026-03-19T11:23:39.918+0800][108.569s][info][gc,heap     ] GC(283) Eden regions: 9->0(33)
[2026-03-19T11:23:39.918+0800][108.569s][info][gc,heap     ] GC(283) Survivor regions: 2->1(4)
[2026-03-19T11:23:39.918+0800][108.569s][info][gc,heap     ] GC(283) Old regions: 20->20
[2026-03-19T11:23:39.918+0800][108.569s][info][gc,heap     ] GC(283) Archive regions: 0->0
[2026-03-19T11:23:39.918+0800][108.569s][info][gc,heap     ] GC(283) Humongous regions: 37->37
[2026-03-19T11:23:39.918+0800][108.570s][info][gc,metaspace] GC(283) Metaspace: 24354K(24704K)->24354K(24704K) NonClass: 21580K(21760K)->21580K(21760K) Class: 2774K(2944K)->2774K(2944K)
[2026-03-19T11:23:39.918+0800][108.570s][info][gc          ] GC(283) Pause Young (Concurrent Start) (G1 Humongous Allocation) 67M->56M(128M) 2.287ms
[2026-03-19T11:23:39.918+0800][108.570s][info][gc,cpu      ] GC(283) User=0.00s Sys=0.00s Real=0.00s
[2026-03-19T11:23:39.918+0800][108.570s][info][gc          ] GC(284) Concurrent Undo Cycle
[2026-03-19T11:23:39.918+0800][108.570s][info][gc,marking  ] GC(284) Concurrent Cleanup for Next Mark
[2026-03-19T11:23:39.919+0800][108.570s][info][gc,marking  ] GC(284) Concurrent Cleanup for Next Mark 0.441ms
[2026-03-19T11:23:39.919+0800][108.571s][info][gc          ] GC(284) Concurrent Undo Cycle 0.735ms
[2026-03-19T11:23:40.221+0800][108.873s][info][gc,start    ] GC(285) Pause Young (Concurrent Start) (G1 Humongous Allocation)
[2026-03-19T11:23:40.221+0800][108.873s][info][gc,task     ] GC(285) Using 3 workers of 13 for evacuation
[2026-03-19T11:23:40.224+0800][108.876s][info][gc,phases   ] GC(285)   Pre Evacuate Collection Set: 0.1ms
[2026-03-19T11:23:40.224+0800][108.876s][info][gc,phases   ] GC(285)   Merge Heap Roots: 0.2ms
[2026-03-19T11:23:40.224+0800][108.876s][info][gc,phases   ] GC(285)   Evacuate Collection Set: 0.9ms
[2026-03-19T11:23:40.224+0800][108.876s][info][gc,phases   ] GC(285)   Post Evacuate Collection Set: 1.1ms
[2026-03-19T11:23:40.224+0800][108.876s][info][gc,phases   ] GC(285)   Other: 0.4ms
[2026-03-19T11:23:40.224+0800][108.876s][info][gc,heap     ] GC(285) Eden regions: 4->0(30)
[2026-03-19T11:23:40.224+0800][108.876s][info][gc,heap     ] GC(285) Survivor regions: 1->2(5)
[2026-03-19T11:23:40.224+0800][108.876s][info][gc,heap     ] GC(285) Old regions: 20->20
[2026-03-19T11:23:40.224+0800][108.876s][info][gc,heap     ] GC(285) Archive regions: 0->0
[2026-03-19T11:23:40.224+0800][108.876s][info][gc,heap     ] GC(285) Humongous regions: 39->39
[2026-03-19T11:23:40.225+0800][108.876s][info][gc,metaspace] GC(285) Metaspace: 24354K(24704K)->24354K(24704K) NonClass: 21580K(21760K)->21580K(21760K) Class: 2774K(2944K)->2774K(2944K)
[2026-03-19T11:23:40.225+0800][108.876s][info][gc          ] GC(285) Pause Young (Concurrent Start) (G1 Humongous Allocation) 62M->60M(128M) 3.305ms
[2026-03-19T11:23:40.225+0800][108.876s][info][gc,cpu      ] GC(285) User=0.00s Sys=0.00s Real=0.00s
[2026-03-19T11:23:40.225+0800][108.877s][info][gc          ] GC(286) Concurrent Mark Cycle
[2026-03-19T11:23:40.225+0800][108.877s][info][gc,marking  ] GC(286) Concurrent Clear Claimed Marks
[2026-03-19T11:23:40.225+0800][108.877s][info][gc,marking  ] GC(286) Concurrent Clear Claimed Marks 0.072ms
[2026-03-19T11:23:40.225+0800][108.877s][info][gc,marking  ] GC(286) Concurrent Scan Root Regions
[2026-03-19T11:23:40.225+0800][108.877s][info][gc,marking  ] GC(286) Concurrent Scan Root Regions 0.273ms
[2026-03-19T11:23:40.225+0800][108.877s][info][gc,marking  ] GC(286) Concurrent Mark
[2026-03-19T11:23:40.225+0800][108.877s][info][gc,marking  ] GC(286) Concurrent Mark From Roots
[2026-03-19T11:23:40.225+0800][108.877s][info][gc,task     ] GC(286) Using 3 workers of 3 for marking
[2026-03-19T11:23:40.234+0800][108.885s][info][gc,marking  ] GC(286) Concurrent Mark From Roots 8.141ms
[2026-03-19T11:23:40.234+0800][108.886s][info][gc,marking  ] GC(286) Concurrent Preclean
[2026-03-19T11:23:40.235+0800][108.886s][info][gc,marking  ] GC(286) Concurrent Preclean 0.329ms
[2026-03-19T11:23:40.235+0800][108.886s][info][gc,start    ] GC(286) Pause Remark
[2026-03-19T11:23:40.240+0800][108.892s][info][gc          ] GC(286) Pause Remark 71M->41M(128M) 5.712ms
[2026-03-19T11:23:40.240+0800][108.892s][info][gc,cpu      ] GC(286) User=0.05s Sys=0.00s Real=0.01s
[2026-03-19T11:23:40.241+0800][108.893s][info][gc,marking  ] GC(286) Concurrent Mark 15.421ms
[2026-03-19T11:23:40.241+0800][108.893s][info][gc,marking  ] GC(286) Concurrent Rebuild Remembered Sets
[2026-03-19T11:23:40.249+0800][108.900s][info][gc,marking  ] GC(286) Concurrent Rebuild Remembered Sets 7.262ms
[2026-03-19T11:23:40.249+0800][108.901s][info][gc,start    ] GC(286) Pause Cleanup
[2026-03-19T11:23:40.249+0800][108.901s][info][gc          ] GC(286) Pause Cleanup 41M->41M(128M) 0.336ms
[2026-03-19T11:23:40.250+0800][108.901s][info][gc,cpu      ] GC(286) User=0.00s Sys=0.00s Real=0.00s
[2026-03-19T11:23:40.250+0800][108.901s][info][gc,marking  ] GC(286) Concurrent Cleanup for Next Mark
[2026-03-19T11:23:40.250+0800][108.902s][info][gc,marking  ] GC(286) Concurrent Cleanup for Next Mark 0.454ms
[2026-03-19T11:23:40.251+0800][108.902s][info][gc          ] GC(286) Concurrent Mark Cycle 25.452ms
[2026-03-19T11:23:40.872+0800][109.524s][info][gc,start    ] GC(287) Pause Young (Concurrent Start) (G1 Humongous Allocation)
[2026-03-19T11:23:40.872+0800][109.524s][info][gc,task     ] GC(287) Using 3 workers of 13 for evacuation
[2026-03-19T11:23:40.875+0800][109.526s][info][gc,phases   ] GC(287)   Pre Evacuate Collection Set: 0.3ms
[2026-03-19T11:23:40.875+0800][109.527s][info][gc,phases   ] GC(287)   Merge Heap Roots: 0.2ms
[2026-03-19T11:23:40.875+0800][109.527s][info][gc,phases   ] GC(287)   Evacuate Collection Set: 0.9ms
[2026-03-19T11:23:40.875+0800][109.527s][info][gc,phases   ] GC(287)   Post Evacuate Collection Set: 0.8ms
[2026-03-19T11:23:40.875+0800][109.527s][info][gc,phases   ] GC(287)   Other: 0.5ms
[2026-03-19T11:23:40.875+0800][109.527s][info][gc,heap     ] GC(287) Eden regions: 9->0(30)
[2026-03-19T11:23:40.875+0800][109.527s][info][gc,heap     ] GC(287) Survivor regions: 2->1(4)
[2026-03-19T11:23:40.875+0800][109.527s][info][gc,heap     ] GC(287) Old regions: 20->20
[2026-03-19T11:23:40.875+0800][109.527s][info][gc,heap     ] GC(287) Archive regions: 0->0
[2026-03-19T11:23:40.875+0800][109.527s][info][gc,heap     ] GC(287) Humongous regions: 37->37
[2026-03-19T11:23:40.875+0800][109.527s][info][gc,metaspace] GC(287) Metaspace: 24354K(24704K)->24354K(24704K) NonClass: 21580K(21760K)->21580K(21760K) Class: 2774K(2944K)->2774K(2944K)
[2026-03-19T11:23:40.876+0800][109.527s][info][gc          ] GC(287) Pause Young (Concurrent Start) (G1 Humongous Allocation) 67M->56M(128M) 3.611ms
[2026-03-19T11:23:40.876+0800][109.527s][info][gc,cpu      ] GC(287) User=0.00s Sys=0.00s Real=0.00s
[2026-03-19T11:23:40.876+0800][109.528s][info][gc          ] GC(288) Concurrent Undo Cycle
[2026-03-19T11:23:40.876+0800][109.528s][info][gc,marking  ] GC(288) Concurrent Cleanup for Next Mark
[2026-03-19T11:23:40.877+0800][109.528s][info][gc,marking  ] GC(288) Concurrent Cleanup for Next Mark 0.477ms
[2026-03-19T11:23:40.877+0800][109.528s][info][gc          ] GC(288) Concurrent Undo Cycle 0.843ms
[2026-03-19T11:23:41.186+0800][109.838s][info][gc,start    ] GC(289) Pause Young (Concurrent Start) (G1 Humongous Allocation)
[2026-03-19T11:23:41.186+0800][109.838s][info][gc,task     ] GC(289) Using 3 workers of 13 for evacuation
[2026-03-19T11:23:41.189+0800][109.841s][info][gc,phases   ] GC(289)   Pre Evacuate Collection Set: 0.2ms
[2026-03-19T11:23:41.189+0800][109.841s][info][gc,phases   ] GC(289)   Merge Heap Roots: 0.2ms
[2026-03-19T11:23:41.189+0800][109.841s][info][gc,phases   ] GC(289)   Evacuate Collection Set: 1.1ms
[2026-03-19T11:23:41.189+0800][109.841s][info][gc,phases   ] GC(289)   Post Evacuate Collection Set: 1.0ms
[2026-03-19T11:23:41.189+0800][109.841s][info][gc,phases   ] GC(289)   Other: 0.5ms
[2026-03-19T11:23:41.189+0800][109.841s][info][gc,heap     ] GC(289) Eden regions: 4->0(32)
[2026-03-19T11:23:41.189+0800][109.841s][info][gc,heap     ] GC(289) Survivor regions: 1->2(4)
[2026-03-19T11:23:41.189+0800][109.841s][info][gc,heap     ] GC(289) Old regions: 20->20
[2026-03-19T11:23:41.190+0800][109.841s][info][gc,heap     ] GC(289) Archive regions: 0->0
[2026-03-19T11:23:41.190+0800][109.842s][info][gc,heap     ] GC(289) Humongous regions: 39->39
[2026-03-19T11:23:41.190+0800][109.842s][info][gc,metaspace] GC(289) Metaspace: 24354K(24704K)->24354K(24704K) NonClass: 21580K(21760K)->21580K(21760K) Class: 2774K(2944K)->2774K(2944K)
[2026-03-19T11:23:41.190+0800][109.842s][info][gc          ] GC(289) Pause Young (Concurrent Start) (G1 Humongous Allocation) 62M->60M(128M) 3.918ms
[2026-03-19T11:23:41.190+0800][109.842s][info][gc,cpu      ] GC(289) User=0.00s Sys=0.00s Real=0.00s
[2026-03-19T11:23:41.190+0800][109.842s][info][gc          ] GC(290) Concurrent Mark Cycle
[2026-03-19T11:23:41.191+0800][109.842s][info][gc,marking  ] GC(290) Concurrent Clear Claimed Marks
[2026-03-19T11:23:41.191+0800][109.842s][info][gc,marking  ] GC(290) Concurrent Clear Claimed Marks 0.105ms
[2026-03-19T11:23:41.191+0800][109.842s][info][gc,marking  ] GC(290) Concurrent Scan Root Regions
[2026-03-19T11:23:41.191+0800][109.843s][info][gc,marking  ] GC(290) Concurrent Scan Root Regions 0.359ms
[2026-03-19T11:23:41.191+0800][109.843s][info][gc,marking  ] GC(290) Concurrent Mark
[2026-03-19T11:23:41.191+0800][109.843s][info][gc,marking  ] GC(290) Concurrent Mark From Roots
[2026-03-19T11:23:41.191+0800][109.843s][info][gc,task     ] GC(290) Using 3 workers of 3 for marking
[2026-03-19T11:23:41.203+0800][109.854s][info][gc,marking  ] GC(290) Concurrent Mark From Roots 11.402ms
[2026-03-19T11:23:41.203+0800][109.855s][info][gc,marking  ] GC(290) Concurrent Preclean
[2026-03-19T11:23:41.204+0800][109.855s][info][gc,marking  ] GC(290) Concurrent Preclean 0.348ms
[2026-03-19T11:23:41.204+0800][109.855s][info][gc,start    ] GC(290) Pause Remark
[2026-03-19T11:23:41.208+0800][109.861s][info][gc          ] GC(290) Pause Remark 71M->41M(128M) 5.253ms
[2026-03-19T11:23:41.209+0800][109.861s][info][gc,cpu      ] GC(290) User=0.02s Sys=0.00s Real=0.01s
[2026-03-19T11:23:41.209+0800][109.861s][info][gc,marking  ] GC(290) Concurrent Mark 18.159ms
[2026-03-19T11:23:41.209+0800][109.861s][info][gc,marking  ] GC(290) Concurrent Rebuild Remembered Sets
[2026-03-19T11:23:41.216+0800][109.868s][info][gc,marking  ] GC(290) Concurrent Rebuild Remembered Sets 6.561ms
[2026-03-19T11:23:41.217+0800][109.868s][info][gc,start    ] GC(290) Pause Cleanup
[2026-03-19T11:23:41.217+0800][109.869s][info][gc          ] GC(290) Pause Cleanup 41M->41M(128M) 0.734ms
[2026-03-19T11:23:41.218+0800][109.869s][info][gc,cpu      ] GC(290) User=0.00s Sys=0.00s Real=0.00s
[2026-03-19T11:23:41.218+0800][109.870s][info][gc,marking  ] GC(290) Concurrent Cleanup for Next Mark
[2026-03-19T11:23:41.218+0800][109.870s][info][gc,marking  ] GC(290) Concurrent Cleanup for Next Mark 0.564ms
[2026-03-19T11:23:41.219+0800][109.870s][info][gc          ] GC(290) Concurrent Mark Cycle 28.472ms
[2026-03-19T11:23:41.831+0800][110.482s][info][gc,start    ] GC(291) Pause Young (Concurrent Start) (G1 Humongous Allocation)
[2026-03-19T11:23:41.831+0800][110.482s][info][gc,task     ] GC(291) Using 3 workers of 13 for evacuation
[2026-03-19T11:23:41.833+0800][110.485s][info][gc,phases   ] GC(291)   Pre Evacuate Collection Set: 0.3ms
[2026-03-19T11:23:41.833+0800][110.485s][info][gc,phases   ] GC(291)   Merge Heap Roots: 0.2ms
[2026-03-19T11:23:41.833+0800][110.485s][info][gc,phases   ] GC(291)   Evacuate Collection Set: 0.8ms
[2026-03-19T11:23:41.833+0800][110.485s][info][gc,phases   ] GC(291)   Post Evacuate Collection Set: 0.7ms
[2026-03-19T11:23:41.834+0800][110.485s][info][gc,phases   ] GC(291)   Other: 0.5ms
[2026-03-19T11:23:41.834+0800][110.485s][info][gc,heap     ] GC(291) Eden regions: 9->0(37)
[2026-03-19T11:23:41.834+0800][110.485s][info][gc,heap     ] GC(291) Survivor regions: 2->1(5)
[2026-03-19T11:23:41.834+0800][110.485s][info][gc,heap     ] GC(291) Old regions: 20->20
[2026-03-19T11:23:41.834+0800][110.485s][info][gc,heap     ] GC(291) Archive regions: 0->0
[2026-03-19T11:23:41.834+0800][110.485s][info][gc,heap     ] GC(291) Humongous regions: 37->37
[2026-03-19T11:23:41.834+0800][110.485s][info][gc,metaspace] GC(291) Metaspace: 24354K(24704K)->24354K(24704K) NonClass: 21580K(21760K)->21580K(21760K) Class: 2774K(2944K)->2774K(2944K)
[2026-03-19T11:23:41.834+0800][110.485s][info][gc          ] GC(291) Pause Young (Concurrent Start) (G1 Humongous Allocation) 67M->56M(128M) 3.223ms
[2026-03-19T11:23:41.834+0800][110.486s][info][gc,cpu      ] GC(291) User=0.00s Sys=0.00s Real=0.00s
[2026-03-19T11:23:41.834+0800][110.486s][info][gc          ] GC(292) Concurrent Undo Cycle
[2026-03-19T11:23:41.834+0800][110.486s][info][gc,marking  ] GC(292) Concurrent Cleanup for Next Mark
[2026-03-19T11:23:41.835+0800][110.486s][info][gc,marking  ] GC(292) Concurrent Cleanup for Next Mark 0.426ms
[2026-03-19T11:23:41.835+0800][110.486s][info][gc          ] GC(292) Concurrent Undo Cycle 0.751ms
[2026-03-19T11:23:42.152+0800][110.803s][info][gc,start    ] GC(293) Pause Young (Concurrent Start) (G1 Humongous Allocation)
[2026-03-19T11:23:42.152+0800][110.803s][info][gc,task     ] GC(293) Using 3 workers of 13 for evacuation
[2026-03-19T11:23:42.154+0800][110.805s][info][gc,phases   ] GC(293)   Pre Evacuate Collection Set: 0.2ms
[2026-03-19T11:23:42.154+0800][110.806s][info][gc,phases   ] GC(293)   Merge Heap Roots: 0.2ms
[2026-03-19T11:23:42.154+0800][110.806s][info][gc,phases   ] GC(293)   Evacuate Collection Set: 1.0ms
[2026-03-19T11:23:42.154+0800][110.806s][info][gc,phases   ] GC(293)   Post Evacuate Collection Set: 0.9ms
[2026-03-19T11:23:42.154+0800][110.806s][info][gc,phases   ] GC(293)   Other: 0.4ms
[2026-03-19T11:23:42.154+0800][110.806s][info][gc,heap     ] GC(293) Eden regions: 4->0(30)
[2026-03-19T11:23:42.154+0800][110.806s][info][gc,heap     ] GC(293) Survivor regions: 1->2(5)
[2026-03-19T11:23:42.154+0800][110.806s][info][gc,heap     ] GC(293) Old regions: 20->20
[2026-03-19T11:23:42.154+0800][110.806s][info][gc,heap     ] GC(293) Archive regions: 0->0
[2026-03-19T11:23:42.154+0800][110.806s][info][gc,heap     ] GC(293) Humongous regions: 39->39
[2026-03-19T11:23:42.155+0800][110.806s][info][gc,metaspace] GC(293) Metaspace: 24354K(24704K)->24354K(24704K) NonClass: 21580K(21760K)->21580K(21760K) Class: 2774K(2944K)->2774K(2944K)
[2026-03-19T11:23:42.155+0800][110.806s][info][gc          ] GC(293) Pause Young (Concurrent Start) (G1 Humongous Allocation) 62M->60M(128M) 3.037ms
[2026-03-19T11:23:42.155+0800][110.806s][info][gc,cpu      ] GC(293) User=0.00s Sys=0.00s Real=0.00s
[2026-03-19T11:23:42.155+0800][110.806s][info][gc          ] GC(294) Concurrent Mark Cycle
[2026-03-19T11:23:42.155+0800][110.806s][info][gc,marking  ] GC(294) Concurrent Clear Claimed Marks
[2026-03-19T11:23:42.155+0800][110.807s][info][gc,marking  ] GC(294) Concurrent Clear Claimed Marks 0.114ms
[2026-03-19T11:23:42.155+0800][110.807s][info][gc,marking  ] GC(294) Concurrent Scan Root Regions
[2026-03-19T11:23:42.155+0800][110.807s][info][gc,marking  ] GC(294) Concurrent Scan Root Regions 0.477ms
[2026-03-19T11:23:42.155+0800][110.807s][info][gc,marking  ] GC(294) Concurrent Mark
[2026-03-19T11:23:42.156+0800][110.807s][info][gc,marking  ] GC(294) Concurrent Mark From Roots
[2026-03-19T11:23:42.156+0800][110.807s][info][gc,task     ] GC(294) Using 3 workers of 3 for marking
[2026-03-19T11:23:42.167+0800][110.819s][info][gc,marking  ] GC(294) Concurrent Mark From Roots 11.565ms
[2026-03-19T11:23:42.168+0800][110.819s][info][gc,marking  ] GC(294) Concurrent Preclean
[2026-03-19T11:23:42.168+0800][110.820s][info][gc,marking  ] GC(294) Concurrent Preclean 0.407ms
[2026-03-19T11:23:42.168+0800][110.820s][info][gc,start    ] GC(294) Pause Remark
[2026-03-19T11:23:42.174+0800][110.826s][info][gc          ] GC(294) Pause Remark 71M->41M(128M) 5.972ms
[2026-03-19T11:23:42.175+0800][110.826s][info][gc,cpu      ] GC(294) User=0.00s Sys=0.00s Real=0.01s
[2026-03-19T11:23:42.175+0800][110.827s][info][gc,marking  ] GC(294) Concurrent Mark 19.349ms
[2026-03-19T11:23:42.175+0800][110.827s][info][gc,marking  ] GC(294) Concurrent Rebuild Remembered Sets
[2026-03-19T11:23:42.180+0800][110.832s][info][gc,marking  ] GC(294) Concurrent Rebuild Remembered Sets 5.018ms
[2026-03-19T11:23:42.181+0800][110.832s][info][gc,start    ] GC(294) Pause Cleanup
[2026-03-19T11:23:42.181+0800][110.833s][info][gc          ] GC(294) Pause Cleanup 41M->41M(128M) 0.342ms
[2026-03-19T11:23:42.181+0800][110.833s][info][gc,cpu      ] GC(294) User=0.00s Sys=0.00s Real=0.00s
[2026-03-19T11:23:42.182+0800][110.833s][info][gc,marking  ] GC(294) Concurrent Cleanup for Next Mark
[2026-03-19T11:23:42.182+0800][110.834s][info][gc,marking  ] GC(294) Concurrent Cleanup for Next Mark 0.670ms
[2026-03-19T11:23:42.182+0800][110.834s][info][gc          ] GC(294) Concurrent Mark Cycle 27.685ms
[2026-03-19T11:23:42.795+0800][111.446s][info][gc,start    ] GC(295) Pause Young (Concurrent Start) (G1 Humongous Allocation)
[2026-03-19T11:23:42.795+0800][111.446s][info][gc,task     ] GC(295) Using 3 workers of 13 for evacuation
[2026-03-19T11:23:42.797+0800][111.448s][info][gc,phases   ] GC(295)   Pre Evacuate Collection Set: 0.2ms
[2026-03-19T11:23:42.797+0800][111.448s][info][gc,phases   ] GC(295)   Merge Heap Roots: 0.1ms
[2026-03-19T11:23:42.797+0800][111.448s][info][gc,phases   ] GC(295)   Evacuate Collection Set: 0.6ms
[2026-03-19T11:23:42.797+0800][111.449s][info][gc,phases   ] GC(295)   Post Evacuate Collection Set: 0.7ms
[2026-03-19T11:23:42.797+0800][111.449s][info][gc,phases   ] GC(295)   Other: 0.3ms
[2026-03-19T11:23:42.797+0800][111.449s][info][gc,heap     ] GC(295) Eden regions: 9->0(35)
[2026-03-19T11:23:42.797+0800][111.449s][info][gc,heap     ] GC(295) Survivor regions: 2->1(5)
[2026-03-19T11:23:42.797+0800][111.449s][info][gc,heap     ] GC(295) Old regions: 20->20
[2026-03-19T11:23:42.798+0800][111.449s][info][gc,heap     ] GC(295) Archive regions: 0->0
[2026-03-19T11:23:42.798+0800][111.449s][info][gc,heap     ] GC(295) Humongous regions: 37->37
[2026-03-19T11:23:42.798+0800][111.449s][info][gc,metaspace] GC(295) Metaspace: 24354K(24704K)->24354K(24704K) NonClass: 21580K(21760K)->21580K(21760K) Class: 2774K(2944K)->2774K(2944K)
[2026-03-19T11:23:42.798+0800][111.449s][info][gc          ] GC(295) Pause Young (Concurrent Start) (G1 Humongous Allocation) 67M->56M(128M) 2.738ms
[2026-03-19T11:23:42.798+0800][111.449s][info][gc,cpu      ] GC(295) User=0.00s Sys=0.00s Real=0.00s
[2026-03-19T11:23:42.798+0800][111.449s][info][gc          ] GC(296) Concurrent Undo Cycle
[2026-03-19T11:23:42.798+0800][111.449s][info][gc,marking  ] GC(296) Concurrent Cleanup for Next Mark
[2026-03-19T11:23:42.799+0800][111.450s][info][gc,marking  ] GC(296) Concurrent Cleanup for Next Mark 0.431ms
[2026-03-19T11:23:42.799+0800][111.450s][info][gc          ] GC(296) Concurrent Undo Cycle 0.739ms
[2026-03-19T11:23:43.101+0800][111.752s][info][gc,start    ] GC(297) Pause Young (Concurrent Start) (G1 Humongous Allocation)
[2026-03-19T11:23:43.101+0800][111.752s][info][gc,task     ] GC(297) Using 3 workers of 13 for evacuation
[2026-03-19T11:23:43.103+0800][111.754s][info][gc,phases   ] GC(297)   Pre Evacuate Collection Set: 0.3ms
[2026-03-19T11:23:43.103+0800][111.754s][info][gc,phases   ] GC(297)   Merge Heap Roots: 0.2ms
[2026-03-19T11:23:43.103+0800][111.754s][info][gc,phases   ] GC(297)   Evacuate Collection Set: 0.6ms
[2026-03-19T11:23:43.103+0800][111.754s][info][gc,phases   ] GC(297)   Post Evacuate Collection Set: 0.6ms
[2026-03-19T11:23:43.103+0800][111.754s][info][gc,phases   ] GC(297)   Other: 0.4ms
[2026-03-19T11:23:43.103+0800][111.754s][info][gc,heap     ] GC(297) Eden regions: 4->0(28)
[2026-03-19T11:23:43.103+0800][111.754s][info][gc,heap     ] GC(297) Survivor regions: 1->2(5)
[2026-03-19T11:23:43.103+0800][111.754s][info][gc,heap     ] GC(297) Old regions: 20->20
[2026-03-19T11:23:43.103+0800][111.754s][info][gc,heap     ] GC(297) Archive regions: 0->0
[2026-03-19T11:23:43.103+0800][111.754s][info][gc,heap     ] GC(297) Humongous regions: 39->39
[2026-03-19T11:23:43.103+0800][111.754s][info][gc,metaspace] GC(297) Metaspace: 24354K(24704K)->24354K(24704K) NonClass: 21580K(21760K)->21580K(21760K) Class: 2774K(2944K)->2774K(2944K)
[2026-03-19T11:23:43.103+0800][111.754s][info][gc          ] GC(297) Pause Young (Concurrent Start) (G1 Humongous Allocation) 62M->60M(128M) 2.448ms
[2026-03-19T11:23:43.103+0800][111.754s][info][gc,cpu      ] GC(297) User=0.00s Sys=0.00s Real=0.00s
[2026-03-19T11:23:43.103+0800][111.755s][info][gc          ] GC(298) Concurrent Mark Cycle
[2026-03-19T11:23:43.103+0800][111.755s][info][gc,marking  ] GC(298) Concurrent Clear Claimed Marks
[2026-03-19T11:23:43.103+0800][111.755s][info][gc,marking  ] GC(298) Concurrent Clear Claimed Marks 0.049ms
[2026-03-19T11:23:43.103+0800][111.755s][info][gc,marking  ] GC(298) Concurrent Scan Root Regions
[2026-03-19T11:23:43.104+0800][111.755s][info][gc,marking  ] GC(298) Concurrent Scan Root Regions 0.245ms
[2026-03-19T11:23:43.104+0800][111.755s][info][gc,marking  ] GC(298) Concurrent Mark
[2026-03-19T11:23:43.104+0800][111.755s][info][gc,marking  ] GC(298) Concurrent Mark From Roots
[2026-03-19T11:23:43.104+0800][111.755s][info][gc,task     ] GC(298) Using 3 workers of 3 for marking
[2026-03-19T11:23:43.114+0800][111.765s][info][gc,marking  ] GC(298) Concurrent Mark From Roots 9.977ms
[2026-03-19T11:23:43.114+0800][111.765s][info][gc,marking  ] GC(298) Concurrent Preclean
[2026-03-19T11:23:43.114+0800][111.766s][info][gc,marking  ] GC(298) Concurrent Preclean 0.358ms
[2026-03-19T11:23:43.115+0800][111.766s][info][gc,start    ] GC(298) Pause Remark
[2026-03-19T11:23:43.120+0800][111.772s][info][gc          ] GC(298) Pause Remark 71M->41M(128M) 6.067ms
[2026-03-19T11:23:43.120+0800][111.772s][info][gc,cpu      ] GC(298) User=0.00s Sys=0.00s Real=0.00s
[2026-03-19T11:23:43.121+0800][111.773s][info][gc,marking  ] GC(298) Concurrent Mark 17.523ms
[2026-03-19T11:23:43.121+0800][111.773s][info][gc,marking  ] GC(298) Concurrent Rebuild Remembered Sets
[2026-03-19T11:23:43.127+0800][111.779s][info][gc,marking  ] GC(298) Concurrent Rebuild Remembered Sets 6.118ms
[2026-03-19T11:23:43.128+0800][111.779s][info][gc,start    ] GC(298) Pause Cleanup
[2026-03-19T11:23:43.128+0800][111.780s][info][gc          ] GC(298) Pause Cleanup 41M->41M(128M) 0.544ms
[2026-03-19T11:23:43.129+0800][111.780s][info][gc,cpu      ] GC(298) User=0.00s Sys=0.00s Real=0.00s
[2026-03-19T11:23:43.129+0800][111.780s][info][gc,marking  ] GC(298) Concurrent Cleanup for Next Mark
[2026-03-19T11:23:43.129+0800][111.781s][info][gc,marking  ] GC(298) Concurrent Cleanup for Next Mark 0.508ms
[2026-03-19T11:23:43.129+0800][111.781s][info][gc          ] GC(298) Concurrent Mark Cycle 26.580ms
[2026-03-19T11:23:43.733+0800][112.385s][info][gc,start    ] GC(299) Pause Young (Concurrent Start) (G1 Humongous Allocation)
[2026-03-19T11:23:43.733+0800][112.385s][info][gc,task     ] GC(299) Using 3 workers of 13 for evacuation
[2026-03-19T11:23:43.735+0800][112.387s][info][gc,phases   ] GC(299)   Pre Evacuate Collection Set: 0.2ms
[2026-03-19T11:23:43.735+0800][112.387s][info][gc,phases   ] GC(299)   Merge Heap Roots: 0.1ms
[2026-03-19T11:23:43.735+0800][112.387s][info][gc,phases   ] GC(299)   Evacuate Collection Set: 0.7ms
[2026-03-19T11:23:43.735+0800][112.387s][info][gc,phases   ] GC(299)   Post Evacuate Collection Set: 0.8ms
[2026-03-19T11:23:43.735+0800][112.387s][info][gc,phases   ] GC(299)   Other: 0.4ms
[2026-03-19T11:23:43.735+0800][112.387s][info][gc,heap     ] GC(299) Eden regions: 9->0(11)
[2026-03-19T11:23:43.735+0800][112.387s][info][gc,heap     ] GC(299) Survivor regions: 2->1(4)
[2026-03-19T11:23:43.735+0800][112.387s][info][gc,heap     ] GC(299) Old regions: 20->20
[2026-03-19T11:23:43.735+0800][112.387s][info][gc,heap     ] GC(299) Archive regions: 0->0
[2026-03-19T11:23:43.735+0800][112.387s][info][gc,heap     ] GC(299) Humongous regions: 37->37
[2026-03-19T11:23:43.735+0800][112.387s][info][gc,metaspace] GC(299) Metaspace: 24355K(24704K)->24355K(24704K) NonClass: 21581K(21760K)->21581K(21760K) Class: 2774K(2944K)->2774K(2944K)
[2026-03-19T11:23:43.735+0800][112.388s][info][gc          ] GC(299) Pause Young (Concurrent Start) (G1 Humongous Allocation) 67M->56M(128M) 3.025ms
[2026-03-19T11:23:43.735+0800][112.388s][info][gc,cpu      ] GC(299) User=0.00s Sys=0.00s Real=0.00s
[2026-03-19T11:23:43.737+0800][112.388s][info][gc          ] GC(300) Concurrent Undo Cycle
[2026-03-19T11:23:43.737+0800][112.388s][info][gc,marking  ] GC(300) Concurrent Cleanup for Next Mark
[2026-03-19T11:23:43.737+0800][112.388s][info][gc,marking  ] GC(300) Concurrent Cleanup for Next Mark 0.448ms
[2026-03-19T11:23:43.737+0800][112.389s][info][gc          ] GC(300) Concurrent Undo Cycle 0.765ms
[2026-03-19T11:23:44.052+0800][112.704s][info][gc,start    ] GC(301) Pause Young (Concurrent Start) (G1 Humongous Allocation)
[2026-03-19T11:23:44.052+0800][112.704s][info][gc,task     ] GC(301) Using 3 workers of 13 for evacuation
[2026-03-19T11:23:44.055+0800][112.706s][info][gc,phases   ] GC(301)   Pre Evacuate Collection Set: 0.3ms
[2026-03-19T11:23:44.055+0800][112.707s][info][gc,phases   ] GC(301)   Merge Heap Roots: 0.3ms
[2026-03-19T11:23:44.055+0800][112.707s][info][gc,phases   ] GC(301)   Evacuate Collection Set: 1.0ms
[2026-03-19T11:23:44.055+0800][112.707s][info][gc,phases   ] GC(301)   Post Evacuate Collection Set: 0.8ms
[2026-03-19T11:23:44.055+0800][112.707s][info][gc,phases   ] GC(301)   Other: 0.4ms
[2026-03-19T11:23:44.055+0800][112.707s][info][gc,heap     ] GC(301) Eden regions: 4->0(9)
[2026-03-19T11:23:44.055+0800][112.707s][info][gc,heap     ] GC(301) Survivor regions: 1->2(2)
[2026-03-19T11:23:44.055+0800][112.707s][info][gc,heap     ] GC(301) Old regions: 20->20
[2026-03-19T11:23:44.055+0800][112.707s][info][gc,heap     ] GC(301) Archive regions: 0->0
[2026-03-19T11:23:44.055+0800][112.707s][info][gc,heap     ] GC(301) Humongous regions: 39->39
[2026-03-19T11:23:44.055+0800][112.707s][info][gc,metaspace] GC(301) Metaspace: 24355K(24704K)->24355K(24704K) NonClass: 21581K(21760K)->21581K(21760K) Class: 2774K(2944K)->2774K(2944K)
[2026-03-19T11:23:44.055+0800][112.707s][info][gc          ] GC(301) Pause Young (Concurrent Start) (G1 Humongous Allocation) 62M->60M(128M) 3.878ms
[2026-03-19T11:23:44.055+0800][112.708s][info][gc,cpu      ] GC(301) User=0.00s Sys=0.00s Real=0.00s
[2026-03-19T11:23:44.057+0800][112.708s][info][gc          ] GC(302) Concurrent Mark Cycle
[2026-03-19T11:23:44.057+0800][112.708s][info][gc,marking  ] GC(302) Concurrent Clear Claimed Marks
[2026-03-19T11:23:44.057+0800][112.708s][info][gc,marking  ] GC(302) Concurrent Clear Claimed Marks 0.110ms
[2026-03-19T11:23:44.057+0800][112.708s][info][gc,marking  ] GC(302) Concurrent Scan Root Regions
[2026-03-19T11:23:44.057+0800][112.708s][info][gc,marking  ] GC(302) Concurrent Scan Root Regions 0.389ms
[2026-03-19T11:23:44.057+0800][112.709s][info][gc,marking  ] GC(302) Concurrent Mark
[2026-03-19T11:23:44.058+0800][112.709s][info][gc,marking  ] GC(302) Concurrent Mark From Roots
[2026-03-19T11:23:44.058+0800][112.709s][info][gc,task     ] GC(302) Using 3 workers of 3 for marking
[2026-03-19T11:23:44.069+0800][112.721s][info][gc,marking  ] GC(302) Concurrent Mark From Roots 12.150ms
[2026-03-19T11:23:44.069+0800][112.721s][info][gc,marking  ] GC(302) Concurrent Preclean
[2026-03-19T11:23:44.070+0800][112.721s][info][gc,marking  ] GC(302) Concurrent Preclean 0.381ms
[2026-03-19T11:23:44.070+0800][112.722s][info][gc,start    ] GC(302) Pause Remark
[2026-03-19T11:23:44.077+0800][112.728s][info][gc          ] GC(302) Pause Remark 70M->40M(128M) 6.179ms
[2026-03-19T11:23:44.077+0800][112.728s][info][gc,cpu      ] GC(302) User=0.00s Sys=0.00s Real=0.01s
[2026-03-19T11:23:44.077+0800][112.729s][info][gc,marking  ] GC(302) Concurrent Mark 19.905ms
[2026-03-19T11:23:44.077+0800][112.729s][info][gc,marking  ] GC(302) Concurrent Rebuild Remembered Sets
[2026-03-19T11:23:44.085+0800][112.736s][info][gc,marking  ] GC(302) Concurrent Rebuild Remembered Sets 7.178ms
[2026-03-19T11:23:44.085+0800][112.736s][info][gc,start    ] GC(302) Pause Cleanup
[2026-03-19T11:23:44.086+0800][112.737s][info][gc          ] GC(302) Pause Cleanup 40M->40M(128M) 0.416ms
[2026-03-19T11:23:44.086+0800][112.737s][info][gc,cpu      ] GC(302) User=0.00s Sys=0.00s Real=0.00s
[2026-03-19T11:23:44.086+0800][112.737s][info][gc,marking  ] GC(302) Concurrent Cleanup for Next Mark
[2026-03-19T11:23:44.086+0800][112.738s][info][gc,marking  ] GC(302) Concurrent Cleanup for Next Mark 0.554ms
[2026-03-19T11:23:44.087+0800][112.738s][info][gc          ] GC(302) Concurrent Mark Cycle 30.225ms
[2026-03-19T11:23:44.696+0800][113.348s][info][gc,start    ] GC(303) Pause Young (Concurrent Start) (G1 Humongous Allocation)
[2026-03-19T11:23:44.697+0800][113.348s][info][gc,task     ] GC(303) Using 3 workers of 13 for evacuation
[2026-03-19T11:23:44.698+0800][113.350s][info][gc,phases   ] GC(303)   Pre Evacuate Collection Set: 0.3ms
[2026-03-19T11:23:44.698+0800][113.350s][info][gc,phases   ] GC(303)   Merge Heap Roots: 0.2ms
[2026-03-19T11:23:44.698+0800][113.350s][info][gc,phases   ] GC(303)   Evacuate Collection Set: 0.9ms
[2026-03-19T11:23:44.698+0800][113.350s][info][gc,phases   ] GC(303)   Post Evacuate Collection Set: 0.8ms
[2026-03-19T11:23:44.698+0800][113.351s][info][gc,phases   ] GC(303)   Other: 0.4ms
[2026-03-19T11:23:44.699+0800][113.351s][info][gc,heap     ] GC(303) Eden regions: 9->0(13)
[2026-03-19T11:23:44.699+0800][113.351s][info][gc,heap     ] GC(303) Survivor regions: 2->1(2)
[2026-03-19T11:23:44.699+0800][113.351s][info][gc,heap     ] GC(303) Old regions: 20->20
[2026-03-19T11:23:44.699+0800][113.351s][info][gc,heap     ] GC(303) Archive regions: 0->0
[2026-03-19T11:23:44.699+0800][113.351s][info][gc,heap     ] GC(303) Humongous regions: 37->37
[2026-03-19T11:23:44.699+0800][113.351s][info][gc,metaspace] GC(303) Metaspace: 24361K(24704K)->24361K(24704K) NonClass: 21586K(21760K)->21586K(21760K) Class: 2774K(2944K)->2774K(2944K)
[2026-03-19T11:23:44.699+0800][113.351s][info][gc          ] GC(303) Pause Young (Concurrent Start) (G1 Humongous Allocation) 66M->56M(128M) 3.326ms
[2026-03-19T11:23:44.699+0800][113.351s][info][gc,cpu      ] GC(303) User=0.00s Sys=0.00s Real=0.00s
[2026-03-19T11:23:44.699+0800][113.351s][info][gc          ] GC(304) Concurrent Undo Cycle
[2026-03-19T11:23:44.701+0800][113.352s][info][gc,marking  ] GC(304) Concurrent Cleanup for Next Mark
[2026-03-19T11:23:44.701+0800][113.352s][info][gc,marking  ] GC(304) Concurrent Cleanup for Next Mark 0.590ms
[2026-03-19T11:23:44.701+0800][113.353s][info][gc          ] GC(304) Concurrent Undo Cycle 1.139ms
[2026-03-19T11:23:45.004+0800][113.655s][info][gc,start    ] GC(305) Pause Young (Concurrent Start) (G1 Humongous Allocation)
[2026-03-19T11:23:45.004+0800][113.656s][info][gc,task     ] GC(305) Using 3 workers of 13 for evacuation
[2026-03-19T11:23:45.007+0800][113.658s][info][gc,phases   ] GC(305)   Pre Evacuate Collection Set: 0.3ms
[2026-03-19T11:23:45.007+0800][113.659s][info][gc,phases   ] GC(305)   Merge Heap Roots: 0.3ms
[2026-03-19T11:23:45.007+0800][113.659s][info][gc,phases   ] GC(305)   Evacuate Collection Set: 1.1ms
[2026-03-19T11:23:45.008+0800][113.659s][info][gc,phases   ] GC(305)   Post Evacuate Collection Set: 1.0ms
[2026-03-19T11:23:45.008+0800][113.659s][info][gc,phases   ] GC(305)   Other: 0.6ms
[2026-03-19T11:23:45.008+0800][113.659s][info][gc,heap     ] GC(305) Eden regions: 4->0(12)
[2026-03-19T11:23:45.008+0800][113.659s][info][gc,heap     ] GC(305) Survivor regions: 1->2(2)
[2026-03-19T11:23:45.008+0800][113.659s][info][gc,heap     ] GC(305) Old regions: 20->20
[2026-03-19T11:23:45.008+0800][113.659s][info][gc,heap     ] GC(305) Archive regions: 0->0
[2026-03-19T11:23:45.008+0800][113.659s][info][gc,heap     ] GC(305) Humongous regions: 39->39
[2026-03-19T11:23:45.008+0800][113.659s][info][gc,metaspace] GC(305) Metaspace: 24361K(24704K)->24361K(24704K) NonClass: 21586K(21760K)->21586K(21760K) Class: 2774K(2944K)->2774K(2944K)
[2026-03-19T11:23:45.008+0800][113.660s][info][gc          ] GC(305) Pause Young (Concurrent Start) (G1 Humongous Allocation) 62M->60M(128M) 4.170ms
[2026-03-19T11:23:45.008+0800][113.660s][info][gc,cpu      ] GC(305) User=0.00s Sys=0.00s Real=0.00s
[2026-03-19T11:23:45.009+0800][113.660s][info][gc          ] GC(306) Concurrent Mark Cycle
[2026-03-19T11:23:45.009+0800][113.660s][info][gc,marking  ] GC(306) Concurrent Clear Claimed Marks
[2026-03-19T11:23:45.009+0800][113.660s][info][gc,marking  ] GC(306) Concurrent Clear Claimed Marks 0.166ms
[2026-03-19T11:23:45.009+0800][113.660s][info][gc,marking  ] GC(306) Concurrent Scan Root Regions
[2026-03-19T11:23:45.009+0800][113.661s][info][gc,marking  ] GC(306) Concurrent Scan Root Regions 0.506ms
[2026-03-19T11:23:45.010+0800][113.661s][info][gc,marking  ] GC(306) Concurrent Mark
[2026-03-19T11:23:45.010+0800][113.661s][info][gc,marking  ] GC(306) Concurrent Mark From Roots
[2026-03-19T11:23:45.010+0800][113.661s][info][gc,task     ] GC(306) Using 3 workers of 3 for marking
[2026-03-19T11:23:45.023+0800][113.675s][info][gc,marking  ] GC(306) Concurrent Mark From Roots 13.412ms
[2026-03-19T11:23:45.024+0800][113.675s][info][gc,marking  ] GC(306) Concurrent Preclean
[2026-03-19T11:23:45.024+0800][113.675s][info][gc,marking  ] GC(306) Concurrent Preclean 0.372ms
[2026-03-19T11:23:45.024+0800][113.676s][info][gc,start    ] GC(306) Pause Remark
[2026-03-19T11:23:45.030+0800][113.682s][info][gc          ] GC(306) Pause Remark 70M->40M(128M) 6.316ms
[2026-03-19T11:23:45.030+0800][113.682s][info][gc,cpu      ] GC(306) User=0.00s Sys=0.00s Real=0.01s
[2026-03-19T11:23:45.030+0800][113.682s][info][gc,marking  ] GC(306) Concurrent Mark 21.299ms
[2026-03-19T11:23:45.031+0800][113.682s][info][gc,marking  ] GC(306) Concurrent Rebuild Remembered Sets
[2026-03-19T11:23:45.038+0800][113.689s][info][gc,marking  ] GC(306) Concurrent Rebuild Remembered Sets 6.878ms
[2026-03-19T11:23:45.038+0800][113.690s][info][gc,start    ] GC(306) Pause Cleanup
[2026-03-19T11:23:45.039+0800][113.690s][info][gc          ] GC(306) Pause Cleanup 40M->40M(128M) 0.387ms
[2026-03-19T11:23:45.039+0800][113.690s][info][gc,cpu      ] GC(306) User=0.00s Sys=0.00s Real=0.00s
[2026-03-19T11:23:45.039+0800][113.691s][info][gc,marking  ] GC(306) Concurrent Cleanup for Next Mark
[2026-03-19T11:23:45.039+0800][113.691s][info][gc,marking  ] GC(306) Concurrent Cleanup for Next Mark 0.575ms
[2026-03-19T11:23:45.040+0800][113.691s][info][gc          ] GC(306) Concurrent Mark Cycle 31.484ms
[2026-03-19T11:23:45.644+0800][114.295s][info][gc,start    ] GC(307) Pause Young (Concurrent Start) (G1 Humongous Allocation)
[2026-03-19T11:23:45.644+0800][114.295s][info][gc,task     ] GC(307) Using 3 workers of 13 for evacuation
[2026-03-19T11:23:45.645+0800][114.297s][info][gc,phases   ] GC(307)   Pre Evacuate Collection Set: 0.3ms
[2026-03-19T11:23:45.645+0800][114.297s][info][gc,phases   ] GC(307)   Merge Heap Roots: 0.2ms
[2026-03-19T11:23:45.645+0800][114.297s][info][gc,phases   ] GC(307)   Evacuate Collection Set: 0.6ms
[2026-03-19T11:23:45.645+0800][114.297s][info][gc,phases   ] GC(307)   Post Evacuate Collection Set: 0.7ms
[2026-03-19T11:23:45.645+0800][114.297s][info][gc,phases   ] GC(307)   Other: 0.4ms
[2026-03-19T11:23:45.645+0800][114.297s][info][gc,heap     ] GC(307) Eden regions: 9->0(14)
[2026-03-19T11:23:45.645+0800][114.297s][info][gc,heap     ] GC(307) Survivor regions: 2->0(2)
[2026-03-19T11:23:45.645+0800][114.297s][info][gc,heap     ] GC(307) Old regions: 20->20
[2026-03-19T11:23:45.646+0800][114.297s][info][gc,heap     ] GC(307) Archive regions: 0->0
[2026-03-19T11:23:45.646+0800][114.298s][info][gc,heap     ] GC(307) Humongous regions: 37->37
[2026-03-19T11:23:45.646+0800][114.298s][info][gc,metaspace] GC(307) Metaspace: 24361K(24704K)->24361K(24704K) NonClass: 21586K(21760K)->21586K(21760K) Class: 2774K(2944K)->2774K(2944K)
[2026-03-19T11:23:45.646+0800][114.298s][info][gc          ] GC(307) Pause Young (Concurrent Start) (G1 Humongous Allocation) 67M->56M(128M) 2.696ms
[2026-03-19T11:23:45.646+0800][114.298s][info][gc,cpu      ] GC(307) User=0.00s Sys=0.00s Real=0.00s
[2026-03-19T11:23:45.646+0800][114.298s][info][gc          ] GC(308) Concurrent Undo Cycle
[2026-03-19T11:23:45.646+0800][114.298s][info][gc,marking  ] GC(308) Concurrent Cleanup for Next Mark
[2026-03-19T11:23:45.646+0800][114.298s][info][gc,marking  ] GC(308) Concurrent Cleanup for Next Mark 0.386ms
[2026-03-19T11:23:45.646+0800][114.298s][info][gc          ] GC(308) Concurrent Undo Cycle 0.618ms
[2026-03-19T11:23:45.953+0800][114.605s][info][gc,start    ] GC(309) Pause Young (Concurrent Start) (G1 Humongous Allocation)
[2026-03-19T11:23:45.954+0800][114.605s][info][gc,task     ] GC(309) Using 3 workers of 13 for evacuation
[2026-03-19T11:23:45.956+0800][114.607s][info][gc,phases   ] GC(309)   Pre Evacuate Collection Set: 0.2ms
[2026-03-19T11:23:45.956+0800][114.607s][info][gc,phases   ] GC(309)   Merge Heap Roots: 0.1ms
[2026-03-19T11:23:45.956+0800][114.607s][info][gc,phases   ] GC(309)   Evacuate Collection Set: 0.8ms
[2026-03-19T11:23:45.956+0800][114.607s][info][gc,phases   ] GC(309)   Post Evacuate Collection Set: 0.7ms
[2026-03-19T11:23:45.956+0800][114.607s][info][gc,phases   ] GC(309)   Other: 0.5ms
[2026-03-19T11:23:45.956+0800][114.607s][info][gc,heap     ] GC(309) Eden regions: 4->0(13)
[2026-03-19T11:23:45.956+0800][114.607s][info][gc,heap     ] GC(309) Survivor regions: 0->2(2)
[2026-03-19T11:23:45.956+0800][114.607s][info][gc,heap     ] GC(309) Old regions: 20->20
[2026-03-19T11:23:45.956+0800][114.607s][info][gc,heap     ] GC(309) Archive regions: 0->0
[2026-03-19T11:23:45.956+0800][114.607s][info][gc,heap     ] GC(309) Humongous regions: 39->39
[2026-03-19T11:23:45.956+0800][114.608s][info][gc,metaspace] GC(309) Metaspace: 24361K(24704K)->24361K(24704K) NonClass: 21586K(21760K)->21586K(21760K) Class: 2774K(2944K)->2774K(2944K)
[2026-03-19T11:23:45.957+0800][114.608s][info][gc          ] GC(309) Pause Young (Concurrent Start) (G1 Humongous Allocation) 62M->60M(128M) 3.138ms
[2026-03-19T11:23:45.957+0800][114.608s][info][gc,cpu      ] GC(309) User=0.00s Sys=0.00s Real=0.00s
[2026-03-19T11:23:45.957+0800][114.608s][info][gc          ] GC(310) Concurrent Mark Cycle
[2026-03-19T11:23:45.957+0800][114.608s][info][gc,marking  ] GC(310) Concurrent Clear Claimed Marks
[2026-03-19T11:23:45.957+0800][114.608s][info][gc,marking  ] GC(310) Concurrent Clear Claimed Marks 0.102ms
[2026-03-19T11:23:45.957+0800][114.608s][info][gc,marking  ] GC(310) Concurrent Scan Root Regions
[2026-03-19T11:23:45.957+0800][114.609s][info][gc,marking  ] GC(310) Concurrent Scan Root Regions 0.273ms
[2026-03-19T11:23:45.957+0800][114.609s][info][gc,marking  ] GC(310) Concurrent Mark
[2026-03-19T11:23:45.957+0800][114.609s][info][gc,marking  ] GC(310) Concurrent Mark From Roots
[2026-03-19T11:23:45.957+0800][114.609s][info][gc,task     ] GC(310) Using 3 workers of 3 for marking
[2026-03-19T11:23:45.969+0800][114.620s][info][gc,marking  ] GC(310) Concurrent Mark From Roots 10.922ms
[2026-03-19T11:23:45.969+0800][114.620s][info][gc,marking  ] GC(310) Concurrent Preclean
[2026-03-19T11:23:45.969+0800][114.620s][info][gc,marking  ] GC(310) Concurrent Preclean 0.348ms
[2026-03-19T11:23:45.969+0800][114.621s][info][gc,start    ] GC(310) Pause Remark
[2026-03-19T11:23:45.976+0800][114.628s][info][gc          ] GC(310) Pause Remark 70M->40M(128M) 6.977ms
[2026-03-19T11:23:45.976+0800][114.628s][info][gc,cpu      ] GC(310) User=0.02s Sys=0.02s Real=0.01s
[2026-03-19T11:23:45.977+0800][114.628s][info][gc,marking  ] GC(310) Concurrent Mark 19.462ms
[2026-03-19T11:23:45.977+0800][114.628s][info][gc,marking  ] GC(310) Concurrent Rebuild Remembered Sets
[2026-03-19T11:23:45.983+0800][114.635s][info][gc,marking  ] GC(310) Concurrent Rebuild Remembered Sets 6.584ms
[2026-03-19T11:23:45.984+0800][114.635s][info][gc,start    ] GC(310) Pause Cleanup
[2026-03-19T11:23:45.984+0800][114.636s][info][gc          ] GC(310) Pause Cleanup 40M->40M(128M) 0.412ms
[2026-03-19T11:23:45.984+0800][114.636s][info][gc,cpu      ] GC(310) User=0.00s Sys=0.00s Real=0.00s
[2026-03-19T11:23:45.984+0800][114.636s][info][gc,marking  ] GC(310) Concurrent Cleanup for Next Mark
[2026-03-19T11:23:45.985+0800][114.637s][info][gc,marking  ] GC(310) Concurrent Cleanup for Next Mark 0.468ms
[2026-03-19T11:23:45.985+0800][114.637s][info][gc          ] GC(310) Concurrent Mark Cycle 28.857ms
[2026-03-19T11:23:46.582+0800][115.234s][info][gc,start    ] GC(311) Pause Young (Concurrent Start) (G1 Humongous Allocation)
[2026-03-19T11:23:46.582+0800][115.234s][info][gc,task     ] GC(311) Using 3 workers of 13 for evacuation
[2026-03-19T11:23:46.584+0800][115.236s][info][gc,phases   ] GC(311)   Pre Evacuate Collection Set: 0.2ms
[2026-03-19T11:23:46.584+0800][115.236s][info][gc,phases   ] GC(311)   Merge Heap Roots: 0.2ms
[2026-03-19T11:23:46.584+0800][115.236s][info][gc,phases   ] GC(311)   Evacuate Collection Set: 0.8ms
[2026-03-19T11:23:46.584+0800][115.236s][info][gc,phases   ] GC(311)   Post Evacuate Collection Set: 0.8ms
[2026-03-19T11:23:46.584+0800][115.236s][info][gc,phases   ] GC(311)   Other: 0.4ms
[2026-03-19T11:23:46.584+0800][115.236s][info][gc,heap     ] GC(311) Eden regions: 9->0(18)
[2026-03-19T11:23:46.584+0800][115.236s][info][gc,heap     ] GC(311) Survivor regions: 2->0(2)
[2026-03-19T11:23:46.584+0800][115.236s][info][gc,heap     ] GC(311) Old regions: 20->20
[2026-03-19T11:23:46.584+0800][115.236s][info][gc,heap     ] GC(311) Archive regions: 0->0
[2026-03-19T11:23:46.584+0800][115.236s][info][gc,heap     ] GC(311) Humongous regions: 37->37
[2026-03-19T11:23:46.585+0800][115.237s][info][gc,metaspace] GC(311) Metaspace: 24361K(24704K)->24361K(24704K) NonClass: 21587K(21760K)->21587K(21760K) Class: 2774K(2944K)->2774K(2944K)
[2026-03-19T11:23:46.585+0800][115.237s][info][gc          ] GC(311) Pause Young (Concurrent Start) (G1 Humongous Allocation) 66M->56M(128M) 3.147ms
[2026-03-19T11:23:46.585+0800][115.237s][info][gc,cpu      ] GC(311) User=0.05s Sys=0.00s Real=0.00s
[2026-03-19T11:23:46.585+0800][115.237s][info][gc          ] GC(312) Concurrent Undo Cycle
[2026-03-19T11:23:46.585+0800][115.237s][info][gc,marking  ] GC(312) Concurrent Cleanup for Next Mark
[2026-03-19T11:23:46.586+0800][115.238s][info][gc,marking  ] GC(312) Concurrent Cleanup for Next Mark 0.579ms
[2026-03-19T11:23:46.586+0800][115.238s][info][gc          ] GC(312) Concurrent Undo Cycle 0.909ms
[2026-03-19T11:23:46.890+0800][115.541s][info][gc,start    ] GC(313) Pause Young (Concurrent Start) (G1 Humongous Allocation)
[2026-03-19T11:23:46.890+0800][115.541s][info][gc,task     ] GC(313) Using 3 workers of 13 for evacuation
[2026-03-19T11:23:46.893+0800][115.544s][info][gc,phases   ] GC(313)   Pre Evacuate Collection Set: 0.2ms
[2026-03-19T11:23:46.893+0800][115.544s][info][gc,phases   ] GC(313)   Merge Heap Roots: 0.2ms
[2026-03-19T11:23:46.893+0800][115.544s][info][gc,phases   ] GC(313)   Evacuate Collection Set: 1.0ms
[2026-03-19T11:23:46.893+0800][115.544s][info][gc,phases   ] GC(313)   Post Evacuate Collection Set: 0.9ms
[2026-03-19T11:23:46.893+0800][115.544s][info][gc,phases   ] GC(313)   Other: 0.7ms
[2026-03-19T11:23:46.893+0800][115.544s][info][gc,heap     ] GC(313) Eden regions: 4->0(17)
[2026-03-19T11:23:46.893+0800][115.545s][info][gc,heap     ] GC(313) Survivor regions: 0->2(3)
[2026-03-19T11:23:46.893+0800][115.545s][info][gc,heap     ] GC(313) Old regions: 20->20
[2026-03-19T11:23:46.893+0800][115.545s][info][gc,heap     ] GC(313) Archive regions: 0->0
[2026-03-19T11:23:46.893+0800][115.545s][info][gc,heap     ] GC(313) Humongous regions: 39->39
[2026-03-19T11:23:46.894+0800][115.545s][info][gc,metaspace] GC(313) Metaspace: 24361K(24704K)->24361K(24704K) NonClass: 21587K(21760K)->21587K(21760K) Class: 2774K(2944K)->2774K(2944K)
[2026-03-19T11:23:46.894+0800][115.545s][info][gc          ] GC(313) Pause Young (Concurrent Start) (G1 Humongous Allocation) 62M->60M(128M) 3.737ms
[2026-03-19T11:23:46.894+0800][115.545s][info][gc,cpu      ] GC(313) User=0.00s Sys=0.00s Real=0.00s
[2026-03-19T11:23:46.894+0800][115.545s][info][gc          ] GC(314) Concurrent Mark Cycle
[2026-03-19T11:23:46.894+0800][115.545s][info][gc,marking  ] GC(314) Concurrent Clear Claimed Marks
[2026-03-19T11:23:46.894+0800][115.545s][info][gc,marking  ] GC(314) Concurrent Clear Claimed Marks 0.101ms
[2026-03-19T11:23:46.894+0800][115.545s][info][gc,marking  ] GC(314) Concurrent Scan Root Regions
[2026-03-19T11:23:46.895+0800][115.546s][info][gc,marking  ] GC(314) Concurrent Scan Root Regions 0.424ms
[2026-03-19T11:23:46.895+0800][115.546s][info][gc,marking  ] GC(314) Concurrent Mark
[2026-03-19T11:23:46.895+0800][115.546s][info][gc,marking  ] GC(314) Concurrent Mark From Roots
[2026-03-19T11:23:46.895+0800][115.546s][info][gc,task     ] GC(314) Using 3 workers of 3 for marking
[2026-03-19T11:23:46.906+0800][115.558s][info][gc,marking  ] GC(314) Concurrent Mark From Roots 11.398ms
[2026-03-19T11:23:46.907+0800][115.558s][info][gc,marking  ] GC(314) Concurrent Preclean
[2026-03-19T11:23:46.907+0800][115.558s][info][gc,marking  ] GC(314) Concurrent Preclean 0.342ms
[2026-03-19T11:23:46.907+0800][115.558s][info][gc,start    ] GC(314) Pause Remark
[2026-03-19T11:23:46.914+0800][115.565s][info][gc          ] GC(314) Pause Remark 70M->40M(128M) 6.694ms
[2026-03-19T11:23:46.914+0800][115.565s][info][gc,cpu      ] GC(314) User=0.02s Sys=0.00s Real=0.01s
[2026-03-19T11:23:46.914+0800][115.566s][info][gc,marking  ] GC(314) Concurrent Mark 19.572ms
[2026-03-19T11:23:46.915+0800][115.566s][info][gc,marking  ] GC(314) Concurrent Rebuild Remembered Sets
[2026-03-19T11:23:46.920+0800][115.572s][info][gc,marking  ] GC(314) Concurrent Rebuild Remembered Sets 6.324ms
[2026-03-19T11:23:46.921+0800][115.573s][info][gc,start    ] GC(314) Pause Cleanup
[2026-03-19T11:23:46.921+0800][115.573s][info][gc          ] GC(314) Pause Cleanup 40M->40M(128M) 0.347ms
[2026-03-19T11:23:46.921+0800][115.573s][info][gc,cpu      ] GC(314) User=0.00s Sys=0.00s Real=0.00s
[2026-03-19T11:23:46.921+0800][115.573s][info][gc,marking  ] GC(314) Concurrent Cleanup for Next Mark
[2026-03-19T11:23:46.922+0800][115.574s][info][gc,marking  ] GC(314) Concurrent Cleanup for Next Mark 0.543ms
[2026-03-19T11:23:46.922+0800][115.574s][info][gc          ] GC(314) Concurrent Mark Cycle 28.958ms
[2026-03-19T11:23:47.535+0800][116.186s][info][gc,start    ] GC(315) Pause Young (Concurrent Start) (G1 Humongous Allocation)
[2026-03-19T11:23:47.535+0800][116.187s][info][gc,task     ] GC(315) Using 3 workers of 13 for evacuation
[2026-03-19T11:23:47.537+0800][116.188s][info][gc,phases   ] GC(315)   Pre Evacuate Collection Set: 0.2ms
[2026-03-19T11:23:47.537+0800][116.189s][info][gc,phases   ] GC(315)   Merge Heap Roots: 0.1ms
[2026-03-19T11:23:47.537+0800][116.189s][info][gc,phases   ] GC(315)   Evacuate Collection Set: 0.7ms
[2026-03-19T11:23:47.537+0800][116.189s][info][gc,phases   ] GC(315)   Post Evacuate Collection Set: 0.7ms
[2026-03-19T11:23:47.537+0800][116.189s][info][gc,phases   ] GC(315)   Other: 0.4ms
[2026-03-19T11:23:47.537+0800][116.189s][info][gc,heap     ] GC(315) Eden regions: 9->0(24)
[2026-03-19T11:23:47.537+0800][116.189s][info][gc,heap     ] GC(315) Survivor regions: 2->0(3)
[2026-03-19T11:23:47.537+0800][116.189s][info][gc,heap     ] GC(315) Old regions: 20->20
[2026-03-19T11:23:47.537+0800][116.189s][info][gc,heap     ] GC(315) Archive regions: 0->0
[2026-03-19T11:23:47.537+0800][116.189s][info][gc,heap     ] GC(315) Humongous regions: 37->37
[2026-03-19T11:23:47.537+0800][116.189s][info][gc,metaspace] GC(315) Metaspace: 24361K(24704K)->24361K(24704K) NonClass: 21587K(21760K)->21587K(21760K) Class: 2774K(2944K)->2774K(2944K)
[2026-03-19T11:23:47.537+0800][116.189s][info][gc          ] GC(315) Pause Young (Concurrent Start) (G1 Humongous Allocation) 67M->56M(128M) 2.924ms
[2026-03-19T11:23:47.538+0800][116.189s][info][gc,cpu      ] GC(315) User=0.02s Sys=0.00s Real=0.00s
[2026-03-19T11:23:47.538+0800][116.189s][info][gc          ] GC(316) Concurrent Undo Cycle
[2026-03-19T11:23:47.538+0800][116.190s][info][gc,marking  ] GC(316) Concurrent Cleanup for Next Mark
[2026-03-19T11:23:47.538+0800][116.190s][info][gc,marking  ] GC(316) Concurrent Cleanup for Next Mark 0.433ms
[2026-03-19T11:23:47.538+0800][116.190s][info][gc          ] GC(316) Concurrent Undo Cycle 0.731ms
[2026-03-19T11:23:47.841+0800][116.492s][info][gc,start    ] GC(317) Pause Young (Concurrent Start) (G1 Humongous Allocation)
[2026-03-19T11:23:47.841+0800][116.493s][info][gc,task     ] GC(317) Using 3 workers of 13 for evacuation
[2026-03-19T11:23:47.844+0800][116.496s][info][gc,phases   ] GC(317)   Pre Evacuate Collection Set: 0.4ms
[2026-03-19T11:23:47.844+0800][116.496s][info][gc,phases   ] GC(317)   Merge Heap Roots: 0.2ms
[2026-03-19T11:23:47.844+0800][116.496s][info][gc,phases   ] GC(317)   Evacuate Collection Set: 1.5ms
[2026-03-19T11:23:47.844+0800][116.496s][info][gc,phases   ] GC(317)   Post Evacuate Collection Set: 0.8ms
[2026-03-19T11:23:47.844+0800][116.496s][info][gc,phases   ] GC(317)   Other: 0.6ms
[2026-03-19T11:23:47.844+0800][116.497s][info][gc,heap     ] GC(317) Eden regions: 4->0(23)
[2026-03-19T11:23:47.845+0800][116.497s][info][gc,heap     ] GC(317) Survivor regions: 0->2(3)
[2026-03-19T11:23:47.845+0800][116.497s][info][gc,heap     ] GC(317) Old regions: 20->20
[2026-03-19T11:23:47.845+0800][116.497s][info][gc,heap     ] GC(317) Archive regions: 0->0
[2026-03-19T11:23:47.845+0800][116.497s][info][gc,heap     ] GC(317) Humongous regions: 39->39
[2026-03-19T11:23:47.845+0800][116.497s][info][gc,metaspace] GC(317) Metaspace: 24361K(24704K)->24361K(24704K) NonClass: 21587K(21760K)->21587K(21760K) Class: 2774K(2944K)->2774K(2944K)
[2026-03-19T11:23:47.845+0800][116.497s][info][gc          ] GC(317) Pause Young (Concurrent Start) (G1 Humongous Allocation) 62M->60M(128M) 4.396ms
[2026-03-19T11:23:47.845+0800][116.497s][info][gc,cpu      ] GC(317) User=0.00s Sys=0.00s Real=0.00s
[2026-03-19T11:23:47.845+0800][116.497s][info][gc          ] GC(318) Concurrent Mark Cycle
[2026-03-19T11:23:47.845+0800][116.497s][info][gc,marking  ] GC(318) Concurrent Clear Claimed Marks
[2026-03-19T11:23:47.846+0800][116.498s][info][gc,marking  ] GC(318) Concurrent Clear Claimed Marks 0.195ms
[2026-03-19T11:23:47.846+0800][116.498s][info][gc,marking  ] GC(318) Concurrent Scan Root Regions
[2026-03-19T11:23:47.846+0800][116.498s][info][gc,marking  ] GC(318) Concurrent Scan Root Regions 0.398ms
[2026-03-19T11:23:47.847+0800][116.498s][info][gc,marking  ] GC(318) Concurrent Mark
[2026-03-19T11:23:47.847+0800][116.498s][info][gc,marking  ] GC(318) Concurrent Mark From Roots
[2026-03-19T11:23:47.847+0800][116.498s][info][gc,task     ] GC(318) Using 3 workers of 3 for marking
[2026-03-19T11:23:47.855+0800][116.507s][info][gc,marking  ] GC(318) Concurrent Mark From Roots 8.601ms
[2026-03-19T11:23:47.855+0800][116.507s][info][gc,marking  ] GC(318) Concurrent Preclean
[2026-03-19T11:23:47.855+0800][116.507s][info][gc,marking  ] GC(318) Concurrent Preclean 0.209ms
[2026-03-19T11:23:47.855+0800][116.508s][info][gc,start    ] GC(318) Pause Remark
[2026-03-19T11:23:47.863+0800][116.515s][info][gc          ] GC(318) Pause Remark 71M->41M(128M) 6.883ms
[2026-03-19T11:23:47.863+0800][116.515s][info][gc,cpu      ] GC(318) User=0.00s Sys=0.00s Real=0.01s
[2026-03-19T11:23:47.863+0800][116.515s][info][gc,marking  ] GC(318) Concurrent Mark 16.698ms
[2026-03-19T11:23:47.864+0800][116.515s][info][gc,marking  ] GC(318) Concurrent Rebuild Remembered Sets
[2026-03-19T11:23:47.867+0800][116.519s][info][gc,marking  ] GC(318) Concurrent Rebuild Remembered Sets 3.712ms
[2026-03-19T11:23:47.867+0800][116.520s][info][gc,start    ] GC(318) Pause Cleanup
[2026-03-19T11:23:47.868+0800][116.520s][info][gc          ] GC(318) Pause Cleanup 41M->41M(128M) 0.408ms
[2026-03-19T11:23:47.868+0800][116.520s][info][gc,cpu      ] GC(318) User=0.00s Sys=0.00s Real=0.00s
[2026-03-19T11:23:47.868+0800][116.520s][info][gc,marking  ] GC(318) Concurrent Cleanup for Next Mark
[2026-03-19T11:23:47.869+0800][116.521s][info][gc,marking  ] GC(318) Concurrent Cleanup for Next Mark 0.765ms
[2026-03-19T11:23:47.869+0800][116.521s][info][gc          ] GC(318) Concurrent Mark Cycle 24.092ms
[2026-03-19T11:23:48.482+0800][117.133s][info][gc,start    ] GC(319) Pause Young (Concurrent Start) (G1 Humongous Allocation)
[2026-03-19T11:23:48.482+0800][117.133s][info][gc,task     ] GC(319) Using 3 workers of 13 for evacuation
[2026-03-19T11:23:48.484+0800][117.135s][info][gc,phases   ] GC(319)   Pre Evacuate Collection Set: 0.2ms
[2026-03-19T11:23:48.484+0800][117.135s][info][gc,phases   ] GC(319)   Merge Heap Roots: 0.2ms
[2026-03-19T11:23:48.484+0800][117.136s][info][gc,phases   ] GC(319)   Evacuate Collection Set: 0.6ms
[2026-03-19T11:23:48.484+0800][117.136s][info][gc,phases   ] GC(319)   Post Evacuate Collection Set: 0.7ms
[2026-03-19T11:23:48.484+0800][117.136s][info][gc,phases   ] GC(319)   Other: 0.3ms
[2026-03-19T11:23:48.484+0800][117.136s][info][gc,heap     ] GC(319) Eden regions: 9->0(32)
[2026-03-19T11:23:48.484+0800][117.136s][info][gc,heap     ] GC(319) Survivor regions: 2->0(4)
[2026-03-19T11:23:48.484+0800][117.136s][info][gc,heap     ] GC(319) Old regions: 20->20
[2026-03-19T11:23:48.484+0800][117.136s][info][gc,heap     ] GC(319) Archive regions: 0->0
[2026-03-19T11:23:48.484+0800][117.136s][info][gc,heap     ] GC(319) Humongous regions: 37->37
[2026-03-19T11:23:48.484+0800][117.136s][info][gc,metaspace] GC(319) Metaspace: 24361K(24704K)->24361K(24704K) NonClass: 21587K(21760K)->21587K(21760K) Class: 2774K(2944K)->2774K(2944K)
[2026-03-19T11:23:48.484+0800][117.136s][info][gc          ] GC(319) Pause Young (Concurrent Start) (G1 Humongous Allocation) 67M->56M(128M) 2.471ms
[2026-03-19T11:23:48.484+0800][117.136s][info][gc,cpu      ] GC(319) User=0.00s Sys=0.00s Real=0.00s
[2026-03-19T11:23:48.485+0800][117.136s][info][gc          ] GC(320) Concurrent Undo Cycle
[2026-03-19T11:23:48.485+0800][117.136s][info][gc,marking  ] GC(320) Concurrent Cleanup for Next Mark
[2026-03-19T11:23:48.485+0800][117.137s][info][gc,marking  ] GC(320) Concurrent Cleanup for Next Mark 0.385ms
[2026-03-19T11:23:48.485+0800][117.137s][info][gc          ] GC(320) Concurrent Undo Cycle 0.648ms
[2026-03-19T11:23:48.791+0800][117.443s][info][gc,start    ] GC(321) Pause Young (Concurrent Start) (G1 Humongous Allocation)
[2026-03-19T11:23:48.792+0800][117.444s][info][gc,task     ] GC(321) Using 3 workers of 13 for evacuation
[2026-03-19T11:23:48.794+0800][117.446s][info][gc,phases   ] GC(321)   Pre Evacuate Collection Set: 0.2ms
[2026-03-19T11:23:48.795+0800][117.446s][info][gc,phases   ] GC(321)   Merge Heap Roots: 0.2ms
[2026-03-19T11:23:48.795+0800][117.446s][info][gc,phases   ] GC(321)   Evacuate Collection Set: 1.0ms
[2026-03-19T11:23:48.795+0800][117.447s][info][gc,phases   ] GC(321)   Post Evacuate Collection Set: 0.7ms
[2026-03-19T11:23:48.795+0800][117.447s][info][gc,phases   ] GC(321)   Other: 0.8ms
[2026-03-19T11:23:48.795+0800][117.447s][info][gc,heap     ] GC(321) Eden regions: 4->0(31)
[2026-03-19T11:23:48.795+0800][117.447s][info][gc,heap     ] GC(321) Survivor regions: 0->2(4)
[2026-03-19T11:23:48.795+0800][117.447s][info][gc,heap     ] GC(321) Old regions: 20->20
[2026-03-19T11:23:48.795+0800][117.447s][info][gc,heap     ] GC(321) Archive regions: 0->0
[2026-03-19T11:23:48.795+0800][117.447s][info][gc,heap     ] GC(321) Humongous regions: 39->39
[2026-03-19T11:23:48.795+0800][117.447s][info][gc,metaspace] GC(321) Metaspace: 24362K(24704K)->24362K(24704K) NonClass: 21588K(21760K)->21588K(21760K) Class: 2774K(2944K)->2774K(2944K)
[2026-03-19T11:23:48.795+0800][117.447s][info][gc          ] GC(321) Pause Young (Concurrent Start) (G1 Humongous Allocation) 62M->60M(128M) 3.906ms
[2026-03-19T11:23:48.795+0800][117.447s][info][gc,cpu      ] GC(321) User=0.00s Sys=0.00s Real=0.00s
[2026-03-19T11:23:48.796+0800][117.448s][info][gc          ] GC(322) Concurrent Mark Cycle
[2026-03-19T11:23:48.796+0800][117.448s][info][gc,marking  ] GC(322) Concurrent Clear Claimed Marks
[2026-03-19T11:23:48.796+0800][117.448s][info][gc,marking  ] GC(322) Concurrent Clear Claimed Marks 0.117ms
[2026-03-19T11:23:48.796+0800][117.448s][info][gc,marking  ] GC(322) Concurrent Scan Root Regions
[2026-03-19T11:23:48.796+0800][117.449s][info][gc,marking  ] GC(322) Concurrent Scan Root Regions 0.575ms
[2026-03-19T11:23:48.798+0800][117.449s][info][gc,marking  ] GC(322) Concurrent Mark
[2026-03-19T11:23:48.798+0800][117.449s][info][gc,marking  ] GC(322) Concurrent Mark From Roots
[2026-03-19T11:23:48.798+0800][117.449s][info][gc,task     ] GC(322) Using 3 workers of 3 for marking
[2026-03-19T11:23:48.810+0800][117.462s][info][gc,marking  ] GC(322) Concurrent Mark From Roots 12.725ms
[2026-03-19T11:23:48.810+0800][117.462s][info][gc,marking  ] GC(322) Concurrent Preclean
[2026-03-19T11:23:48.810+0800][117.462s][info][gc,marking  ] GC(322) Concurrent Preclean 0.371ms
[2026-03-19T11:23:48.811+0800][117.463s][info][gc,start    ] GC(322) Pause Remark
[2026-03-19T11:23:48.818+0800][117.470s][info][gc          ] GC(322) Pause Remark 71M->41M(128M) 7.153ms
[2026-03-19T11:23:48.818+0800][117.470s][info][gc,cpu      ] GC(322) User=0.00s Sys=0.00s Real=0.01s
[2026-03-19T11:23:48.818+0800][117.470s][info][gc,marking  ] GC(322) Concurrent Mark 21.523ms
[2026-03-19T11:23:48.819+0800][117.470s][info][gc,marking  ] GC(322) Concurrent Rebuild Remembered Sets
[2026-03-19T11:23:48.825+0800][117.477s][info][gc,marking  ] GC(322) Concurrent Rebuild Remembered Sets 6.739ms
[2026-03-19T11:23:48.826+0800][117.478s][info][gc,start    ] GC(322) Pause Cleanup
[2026-03-19T11:23:48.826+0800][117.478s][info][gc          ] GC(322) Pause Cleanup 41M->41M(128M) 0.337ms
[2026-03-19T11:23:48.826+0800][117.478s][info][gc,cpu      ] GC(322) User=0.00s Sys=0.00s Real=0.00s
[2026-03-19T11:23:48.826+0800][117.478s][info][gc,marking  ] GC(322) Concurrent Cleanup for Next Mark
[2026-03-19T11:23:48.828+0800][117.479s][info][gc,marking  ] GC(322) Concurrent Cleanup for Next Mark 0.396ms
[2026-03-19T11:23:48.828+0800][117.479s][info][gc          ] GC(322) Concurrent Mark Cycle 31.322ms
[2026-03-19T11:23:49.435+0800][118.086s][info][gc,start    ] GC(323) Pause Young (Concurrent Start) (G1 Humongous Allocation)
[2026-03-19T11:23:49.435+0800][118.086s][info][gc,task     ] GC(323) Using 3 workers of 13 for evacuation
[2026-03-19T11:23:49.437+0800][118.088s][info][gc,phases   ] GC(323)   Pre Evacuate Collection Set: 0.2ms
[2026-03-19T11:23:49.437+0800][118.088s][info][gc,phases   ] GC(323)   Merge Heap Roots: 0.2ms
[2026-03-19T11:23:49.437+0800][118.088s][info][gc,phases   ] GC(323)   Evacuate Collection Set: 0.8ms
[2026-03-19T11:23:49.437+0800][118.088s][info][gc,phases   ] GC(323)   Post Evacuate Collection Set: 0.7ms
[2026-03-19T11:23:49.437+0800][118.088s][info][gc,phases   ] GC(323)   Other: 0.4ms
[2026-03-19T11:23:49.437+0800][118.088s][info][gc,heap     ] GC(323) Eden regions: 9->0(36)
[2026-03-19T11:23:49.437+0800][118.088s][info][gc,heap     ] GC(323) Survivor regions: 2->1(5)
[2026-03-19T11:23:49.437+0800][118.088s][info][gc,heap     ] GC(323) Old regions: 20->20
[2026-03-19T11:23:49.437+0800][118.089s][info][gc,heap     ] GC(323) Archive regions: 0->0
[2026-03-19T11:23:49.437+0800][118.089s][info][gc,heap     ] GC(323) Humongous regions: 37->37
[2026-03-19T11:23:49.437+0800][118.089s][info][gc,metaspace] GC(323) Metaspace: 24362K(24704K)->24362K(24704K) NonClass: 21588K(21760K)->21588K(21760K) Class: 2774K(2944K)->2774K(2944K)
[2026-03-19T11:23:49.438+0800][118.089s][info][gc          ] GC(323) Pause Young (Concurrent Start) (G1 Humongous Allocation) 67M->56M(128M) 2.965ms
[2026-03-19T11:23:49.438+0800][118.089s][info][gc,cpu      ] GC(323) User=0.00s Sys=0.00s Real=0.00s
[2026-03-19T11:23:49.438+0800][118.089s][info][gc          ] GC(324) Concurrent Undo Cycle
[2026-03-19T11:23:49.438+0800][118.089s][info][gc,marking  ] GC(324) Concurrent Cleanup for Next Mark
[2026-03-19T11:23:49.438+0800][118.090s][info][gc,marking  ] GC(324) Concurrent Cleanup for Next Mark 0.481ms
[2026-03-19T11:23:49.439+0800][118.090s][info][gc          ] GC(324) Concurrent Undo Cycle 0.821ms
[2026-03-19T11:23:49.743+0800][118.395s][info][gc,start    ] GC(325) Pause Young (Concurrent Start) (G1 Humongous Allocation)
[2026-03-19T11:23:49.745+0800][118.396s][info][gc,task     ] GC(325) Using 3 workers of 13 for evacuation
[2026-03-19T11:23:49.747+0800][118.398s][info][gc,phases   ] GC(325)   Pre Evacuate Collection Set: 0.3ms
[2026-03-19T11:23:49.747+0800][118.399s][info][gc,phases   ] GC(325)   Merge Heap Roots: 0.2ms
[2026-03-19T11:23:49.747+0800][118.399s][info][gc,phases   ] GC(325)   Evacuate Collection Set: 1.1ms
[2026-03-19T11:23:49.747+0800][118.399s][info][gc,phases   ] GC(325)   Post Evacuate Collection Set: 0.9ms
[2026-03-19T11:23:49.747+0800][118.399s][info][gc,phases   ] GC(325)   Other: 1.4ms
[2026-03-19T11:23:49.747+0800][118.399s][info][gc,heap     ] GC(325) Eden regions: 4->0(29)
[2026-03-19T11:23:49.748+0800][118.399s][info][gc,heap     ] GC(325) Survivor regions: 1->2(5)
[2026-03-19T11:23:49.748+0800][118.399s][info][gc,heap     ] GC(325) Old regions: 20->20
[2026-03-19T11:23:49.748+0800][118.399s][info][gc,heap     ] GC(325) Archive regions: 0->0
[2026-03-19T11:23:49.748+0800][118.399s][info][gc,heap     ] GC(325) Humongous regions: 39->39
[2026-03-19T11:23:49.748+0800][118.400s][info][gc,metaspace] GC(325) Metaspace: 24362K(24704K)->24362K(24704K) NonClass: 21588K(21760K)->21588K(21760K) Class: 2774K(2944K)->2774K(2944K)
[2026-03-19T11:23:49.748+0800][118.400s][info][gc          ] GC(325) Pause Young (Concurrent Start) (G1 Humongous Allocation) 62M->60M(128M) 4.639ms
[2026-03-19T11:23:49.748+0800][118.400s][info][gc,cpu      ] GC(325) User=0.00s Sys=0.00s Real=0.00s
[2026-03-19T11:23:49.748+0800][118.400s][info][gc          ] GC(326) Concurrent Mark Cycle
[2026-03-19T11:23:49.748+0800][118.400s][info][gc,marking  ] GC(326) Concurrent Clear Claimed Marks
[2026-03-19T11:23:49.749+0800][118.400s][info][gc,marking  ] GC(326) Concurrent Clear Claimed Marks 0.134ms
[2026-03-19T11:23:49.749+0800][118.400s][info][gc,marking  ] GC(326) Concurrent Scan Root Regions
[2026-03-19T11:23:49.749+0800][118.401s][info][gc,marking  ] GC(326) Concurrent Scan Root Regions 0.736ms
[2026-03-19T11:23:49.750+0800][118.401s][info][gc,marking  ] GC(326) Concurrent Mark
[2026-03-19T11:23:49.750+0800][118.401s][info][gc,marking  ] GC(326) Concurrent Mark From Roots
[2026-03-19T11:23:49.750+0800][118.402s][info][gc,task     ] GC(326) Using 3 workers of 3 for marking
[2026-03-19T11:23:49.763+0800][118.415s][info][gc,marking  ] GC(326) Concurrent Mark From Roots 13.033ms
[2026-03-19T11:23:49.764+0800][118.415s][info][gc,marking  ] GC(326) Concurrent Preclean
[2026-03-19T11:23:49.764+0800][118.415s][info][gc,marking  ] GC(326) Concurrent Preclean 0.386ms
[2026-03-19T11:23:49.764+0800][118.416s][info][gc,start    ] GC(326) Pause Remark
[2026-03-19T11:23:49.771+0800][118.423s][info][gc          ] GC(326) Pause Remark 71M->41M(128M) 7.385ms
[2026-03-19T11:23:49.771+0800][118.423s][info][gc,cpu      ] GC(326) User=0.00s Sys=0.03s Real=0.01s
[2026-03-19T11:23:49.772+0800][118.424s][info][gc,marking  ] GC(326) Concurrent Mark 22.357ms
[2026-03-19T11:23:49.772+0800][118.424s][info][gc,marking  ] GC(326) Concurrent Rebuild Remembered Sets
[2026-03-19T11:23:49.779+0800][118.431s][info][gc,marking  ] GC(326) Concurrent Rebuild Remembered Sets 7.020ms
[2026-03-19T11:23:49.780+0800][118.431s][info][gc,start    ] GC(326) Pause Cleanup
[2026-03-19T11:23:49.780+0800][118.432s][info][gc          ] GC(326) Pause Cleanup 41M->41M(128M) 0.381ms
[2026-03-19T11:23:49.780+0800][118.432s][info][gc,cpu      ] GC(326) User=0.00s Sys=0.00s Real=0.00s
[2026-03-19T11:23:49.780+0800][118.432s][info][gc,marking  ] GC(326) Concurrent Cleanup for Next Mark
[2026-03-19T11:23:49.781+0800][118.433s][info][gc,marking  ] GC(326) Concurrent Cleanup for Next Mark 0.580ms
[2026-03-19T11:23:49.781+0800][118.433s][info][gc          ] GC(326) Concurrent Mark Cycle 33.111ms
[2026-03-19T11:23:50.385+0800][119.036s][info][gc,start    ] GC(327) Pause Young (Concurrent Start) (G1 Humongous Allocation)
[2026-03-19T11:23:50.385+0800][119.037s][info][gc,task     ] GC(327) Using 3 workers of 13 for evacuation
[2026-03-19T11:23:50.387+0800][119.039s][info][gc,phases   ] GC(327)   Pre Evacuate Collection Set: 0.3ms
[2026-03-19T11:23:50.388+0800][119.039s][info][gc,phases   ] GC(327)   Merge Heap Roots: 0.2ms
[2026-03-19T11:23:50.388+0800][119.040s][info][gc,phases   ] GC(327)   Evacuate Collection Set: 0.9ms
[2026-03-19T11:23:50.388+0800][119.040s][info][gc,phases   ] GC(327)   Post Evacuate Collection Set: 0.9ms
[2026-03-19T11:23:50.388+0800][119.040s][info][gc,phases   ] GC(327)   Other: 0.5ms
[2026-03-19T11:23:50.388+0800][119.040s][info][gc,heap     ] GC(327) Eden regions: 9->0(34)
[2026-03-19T11:23:50.388+0800][119.040s][info][gc,heap     ] GC(327) Survivor regions: 2->1(4)
[2026-03-19T11:23:50.388+0800][119.040s][info][gc,heap     ] GC(327) Old regions: 20->20
[2026-03-19T11:23:50.388+0800][119.040s][info][gc,heap     ] GC(327) Archive regions: 0->0
[2026-03-19T11:23:50.388+0800][119.040s][info][gc,heap     ] GC(327) Humongous regions: 37->37
[2026-03-19T11:23:50.388+0800][119.040s][info][gc,metaspace] GC(327) Metaspace: 24362K(24704K)->24362K(24704K) NonClass: 21588K(21760K)->21588K(21760K) Class: 2774K(2944K)->2774K(2944K)
[2026-03-19T11:23:50.388+0800][119.040s][info][gc          ] GC(327) Pause Young (Concurrent Start) (G1 Humongous Allocation) 67M->56M(128M) 3.782ms
[2026-03-19T11:23:50.389+0800][119.040s][info][gc,cpu      ] GC(327) User=0.00s Sys=0.00s Real=0.00s
[2026-03-19T11:23:50.389+0800][119.040s][info][gc          ] GC(328) Concurrent Undo Cycle
[2026-03-19T11:23:50.389+0800][119.041s][info][gc,marking  ] GC(328) Concurrent Cleanup for Next Mark
[2026-03-19T11:23:50.390+0800][119.041s][info][gc,marking  ] GC(328) Concurrent Cleanup for Next Mark 0.602ms
[2026-03-19T11:23:50.390+0800][119.042s][info][gc          ] GC(328) Concurrent Undo Cycle 1.005ms
[2026-03-19T11:23:50.707+0800][119.358s][info][gc,start    ] GC(329) Pause Young (Concurrent Start) (G1 Humongous Allocation)
[2026-03-19T11:23:50.707+0800][119.358s][info][gc,task     ] GC(329) Using 3 workers of 13 for evacuation
[2026-03-19T11:23:50.710+0800][119.361s][info][gc,phases   ] GC(329)   Pre Evacuate Collection Set: 0.3ms
[2026-03-19T11:23:50.710+0800][119.361s][info][gc,phases   ] GC(329)   Merge Heap Roots: 0.2ms
[2026-03-19T11:23:50.710+0800][119.362s][info][gc,phases   ] GC(329)   Evacuate Collection Set: 1.5ms
[2026-03-19T11:23:50.710+0800][119.362s][info][gc,phases   ] GC(329)   Post Evacuate Collection Set: 0.4ms
[2026-03-19T11:23:50.711+0800][119.362s][info][gc,phases   ] GC(329)   Other: 0.9ms
[2026-03-19T11:23:50.711+0800][119.362s][info][gc,heap     ] GC(329) Eden regions: 4->0(28)
[2026-03-19T11:23:50.711+0800][119.362s][info][gc,heap     ] GC(329) Survivor regions: 1->2(5)
[2026-03-19T11:23:50.711+0800][119.362s][info][gc,heap     ] GC(329) Old regions: 20->20
[2026-03-19T11:23:50.711+0800][119.362s][info][gc,heap     ] GC(329) Archive regions: 0->0
[2026-03-19T11:23:50.711+0800][119.362s][info][gc,heap     ] GC(329) Humongous regions: 39->39
[2026-03-19T11:23:50.711+0800][119.362s][info][gc,metaspace] GC(329) Metaspace: 24362K(24704K)->24362K(24704K) NonClass: 21588K(21760K)->21588K(21760K) Class: 2774K(2944K)->2774K(2944K)
[2026-03-19T11:23:50.711+0800][119.363s][info][gc          ] GC(329) Pause Young (Concurrent Start) (G1 Humongous Allocation) 62M->60M(128M) 4.541ms
[2026-03-19T11:23:50.712+0800][119.363s][info][gc,cpu      ] GC(329) User=0.05s Sys=0.00s Real=0.00s
[2026-03-19T11:23:50.712+0800][119.363s][info][gc          ] GC(330) Concurrent Mark Cycle
[2026-03-19T11:23:50.712+0800][119.363s][info][gc,marking  ] GC(330) Concurrent Clear Claimed Marks
[2026-03-19T11:23:50.712+0800][119.363s][info][gc,marking  ] GC(330) Concurrent Clear Claimed Marks 0.127ms
[2026-03-19T11:23:50.712+0800][119.363s][info][gc,marking  ] GC(330) Concurrent Scan Root Regions
[2026-03-19T11:23:50.713+0800][119.364s][info][gc,marking  ] GC(330) Concurrent Scan Root Regions 0.605ms
[2026-03-19T11:23:50.713+0800][119.364s][info][gc,marking  ] GC(330) Concurrent Mark
[2026-03-19T11:23:50.713+0800][119.364s][info][gc,marking  ] GC(330) Concurrent Mark From Roots
[2026-03-19T11:23:50.713+0800][119.364s][info][gc,task     ] GC(330) Using 3 workers of 3 for marking
[2026-03-19T11:23:50.722+0800][119.374s][info][gc,marking  ] GC(330) Concurrent Mark From Roots 9.845ms
[2026-03-19T11:23:50.722+0800][119.374s][info][gc,marking  ] GC(330) Concurrent Preclean
[2026-03-19T11:23:50.723+0800][119.375s][info][gc,marking  ] GC(330) Concurrent Preclean 0.437ms
[2026-03-19T11:23:50.723+0800][119.375s][info][gc,start    ] GC(330) Pause Remark
[2026-03-19T11:23:50.729+0800][119.380s][info][gc          ] GC(330) Pause Remark 71M->41M(128M) 5.112ms
[2026-03-19T11:23:50.729+0800][119.380s][info][gc,cpu      ] GC(330) User=0.02s Sys=0.03s Real=0.01s
[2026-03-19T11:23:50.729+0800][119.380s][info][gc,marking  ] GC(330) Concurrent Mark 16.373ms
[2026-03-19T11:23:50.729+0800][119.381s][info][gc,marking  ] GC(330) Concurrent Rebuild Remembered Sets
[2026-03-19T11:23:50.733+0800][119.384s][info][gc,marking  ] GC(330) Concurrent Rebuild Remembered Sets 3.744ms
[2026-03-19T11:23:50.733+0800][119.385s][info][gc,start    ] GC(330) Pause Cleanup
[2026-03-19T11:23:50.733+0800][119.385s][info][gc          ] GC(330) Pause Cleanup 41M->41M(128M) 0.250ms
[2026-03-19T11:23:50.733+0800][119.385s][info][gc,cpu      ] GC(330) User=0.00s Sys=0.00s Real=0.00s
[2026-03-19T11:23:50.733+0800][119.385s][info][gc,marking  ] GC(330) Concurrent Cleanup for Next Mark
[2026-03-19T11:23:50.734+0800][119.386s][info][gc,marking  ] GC(330) Concurrent Cleanup for Next Mark 0.408ms
[2026-03-19T11:23:50.734+0800][119.386s][info][gc          ] GC(330) Concurrent Mark Cycle 22.897ms
[2026-03-19T11:23:51.355+0800][120.006s][info][gc,start    ] GC(331) Pause Young (Concurrent Start) (G1 Humongous Allocation)
[2026-03-19T11:23:51.355+0800][120.007s][info][gc,task     ] GC(331) Using 3 workers of 13 for evacuation
[2026-03-19T11:23:51.356+0800][120.008s][info][gc,phases   ] GC(331)   Pre Evacuate Collection Set: 0.1ms
[2026-03-19T11:23:51.356+0800][120.008s][info][gc,phases   ] GC(331)   Merge Heap Roots: 0.1ms
[2026-03-19T11:23:51.356+0800][120.008s][info][gc,phases   ] GC(331)   Evacuate Collection Set: 0.6ms
[2026-03-19T11:23:51.356+0800][120.008s][info][gc,phases   ] GC(331)   Post Evacuate Collection Set: 0.4ms
[2026-03-19T11:23:51.356+0800][120.008s][info][gc,phases   ] GC(331)   Other: 0.4ms
[2026-03-19T11:23:51.356+0800][120.008s][info][gc,heap     ] GC(331) Eden regions: 9->0(33)
[2026-03-19T11:23:51.356+0800][120.008s][info][gc,heap     ] GC(331) Survivor regions: 2->1(4)
[2026-03-19T11:23:51.356+0800][120.008s][info][gc,heap     ] GC(331) Old regions: 20->20
[2026-03-19T11:23:51.356+0800][120.008s][info][gc,heap     ] GC(331) Archive regions: 0->0
[2026-03-19T11:23:51.356+0800][120.008s][info][gc,heap     ] GC(331) Humongous regions: 37->37
[2026-03-19T11:23:51.356+0800][120.008s][info][gc,metaspace] GC(331) Metaspace: 24362K(24704K)->24362K(24704K) NonClass: 21588K(21760K)->21588K(21760K) Class: 2774K(2944K)->2774K(2944K)
[2026-03-19T11:23:51.357+0800][120.009s][info][gc          ] GC(331) Pause Young (Concurrent Start) (G1 Humongous Allocation) 67M->56M(128M) 2.081ms
[2026-03-19T11:23:51.357+0800][120.009s][info][gc,cpu      ] GC(331) User=0.00s Sys=0.00s Real=0.00s
[2026-03-19T11:23:51.357+0800][120.009s][info][gc          ] GC(332) Concurrent Undo Cycle
[2026-03-19T11:23:51.357+0800][120.009s][info][gc,marking  ] GC(332) Concurrent Cleanup for Next Mark
[2026-03-19T11:23:51.357+0800][120.009s][info][gc,marking  ] GC(332) Concurrent Cleanup for Next Mark 0.438ms
[2026-03-19T11:23:51.357+0800][120.009s][info][gc          ] GC(332) Concurrent Undo Cycle 0.690ms
[2026-03-19T11:23:51.661+0800][120.313s][info][gc,start    ] GC(333) Pause Young (Concurrent Start) (G1 Humongous Allocation)
[2026-03-19T11:23:51.662+0800][120.313s][info][gc,task     ] GC(333) Using 3 workers of 13 for evacuation
[2026-03-19T11:23:51.664+0800][120.315s][info][gc,phases   ] GC(333)   Pre Evacuate Collection Set: 0.2ms
[2026-03-19T11:23:51.664+0800][120.315s][info][gc,phases   ] GC(333)   Merge Heap Roots: 0.2ms
[2026-03-19T11:23:51.664+0800][120.315s][info][gc,phases   ] GC(333)   Evacuate Collection Set: 0.8ms
[2026-03-19T11:23:51.664+0800][120.315s][info][gc,phases   ] GC(333)   Post Evacuate Collection Set: 0.7ms
[2026-03-19T11:23:51.664+0800][120.315s][info][gc,phases   ] GC(333)   Other: 0.4ms
[2026-03-19T11:23:51.664+0800][120.315s][info][gc,heap     ] GC(333) Eden regions: 4->0(28)
[2026-03-19T11:23:51.664+0800][120.315s][info][gc,heap     ] GC(333) Survivor regions: 1->2(5)
[2026-03-19T11:23:51.664+0800][120.315s][info][gc,heap     ] GC(333) Old regions: 20->20
[2026-03-19T11:23:51.664+0800][120.316s][info][gc,heap     ] GC(333) Archive regions: 0->0
[2026-03-19T11:23:51.664+0800][120.316s][info][gc,heap     ] GC(333) Humongous regions: 39->39
[2026-03-19T11:23:51.664+0800][120.316s][info][gc,metaspace] GC(333) Metaspace: 24362K(24704K)->24362K(24704K) NonClass: 21588K(21760K)->21588K(21760K) Class: 2774K(2944K)->2774K(2944K)
[2026-03-19T11:23:51.664+0800][120.316s][info][gc          ] GC(333) Pause Young (Concurrent Start) (G1 Humongous Allocation) 62M->60M(128M) 2.876ms
[2026-03-19T11:23:51.664+0800][120.316s][info][gc,cpu      ] GC(333) User=0.00s Sys=0.00s Real=0.00s
[2026-03-19T11:23:51.665+0800][120.316s][info][gc          ] GC(334) Concurrent Mark Cycle
[2026-03-19T11:23:51.665+0800][120.316s][info][gc,marking  ] GC(334) Concurrent Clear Claimed Marks
[2026-03-19T11:23:51.665+0800][120.316s][info][gc,marking  ] GC(334) Concurrent Clear Claimed Marks 0.088ms
[2026-03-19T11:23:51.665+0800][120.316s][info][gc,marking  ] GC(334) Concurrent Scan Root Regions
[2026-03-19T11:23:51.665+0800][120.317s][info][gc,marking  ] GC(334) Concurrent Scan Root Regions 0.406ms
[2026-03-19T11:23:51.665+0800][120.317s][info][gc,marking  ] GC(334) Concurrent Mark
[2026-03-19T11:23:51.665+0800][120.317s][info][gc,marking  ] GC(334) Concurrent Mark From Roots
[2026-03-19T11:23:51.665+0800][120.317s][info][gc,task     ] GC(334) Using 3 workers of 3 for marking
[2026-03-19T11:23:51.673+0800][120.325s][info][gc,marking  ] GC(334) Concurrent Mark From Roots 7.879ms
[2026-03-19T11:23:51.673+0800][120.325s][info][gc,marking  ] GC(334) Concurrent Preclean
[2026-03-19T11:23:51.673+0800][120.325s][info][gc,marking  ] GC(334) Concurrent Preclean 0.226ms
[2026-03-19T11:23:51.674+0800][120.325s][info][gc,start    ] GC(334) Pause Remark
[2026-03-19T11:23:51.680+0800][120.331s][info][gc          ] GC(334) Pause Remark 71M->41M(128M) 5.901ms
[2026-03-19T11:23:51.680+0800][120.332s][info][gc,cpu      ] GC(334) User=0.05s Sys=0.00s Real=0.01s
[2026-03-19T11:23:51.680+0800][120.332s][info][gc,marking  ] GC(334) Concurrent Mark 15.264ms
[2026-03-19T11:23:51.680+0800][120.332s][info][gc,marking  ] GC(334) Concurrent Rebuild Remembered Sets
[2026-03-19T11:23:51.688+0800][120.339s][info][gc,marking  ] GC(334) Concurrent Rebuild Remembered Sets 6.936ms
[2026-03-19T11:23:51.688+0800][120.340s][info][gc,start    ] GC(334) Pause Cleanup
[2026-03-19T11:23:51.689+0800][120.341s][info][gc          ] GC(334) Pause Cleanup 41M->41M(128M) 0.737ms
[2026-03-19T11:23:51.689+0800][120.341s][info][gc,cpu      ] GC(334) User=0.00s Sys=0.00s Real=0.00s
[2026-03-19T11:23:51.689+0800][120.341s][info][gc,marking  ] GC(334) Concurrent Cleanup for Next Mark
[2026-03-19T11:23:51.690+0800][120.342s][info][gc,marking  ] GC(334) Concurrent Cleanup for Next Mark 0.616ms
[2026-03-19T11:23:51.690+0800][120.342s][info][gc          ] GC(334) Concurrent Mark Cycle 25.993ms
[2026-03-19T11:23:52.295+0800][120.946s][info][gc,start    ] GC(335) Pause Young (Concurrent Start) (G1 Humongous Allocation)
[2026-03-19T11:23:52.295+0800][120.946s][info][gc,task     ] GC(335) Using 3 workers of 13 for evacuation
[2026-03-19T11:23:52.298+0800][120.949s][info][gc,phases   ] GC(335)   Pre Evacuate Collection Set: 0.2ms
[2026-03-19T11:23:52.298+0800][120.949s][info][gc,phases   ] GC(335)   Merge Heap Roots: 0.3ms
[2026-03-19T11:23:52.298+0800][120.949s][info][gc,phases   ] GC(335)   Evacuate Collection Set: 1.0ms
[2026-03-19T11:23:52.298+0800][120.949s][info][gc,phases   ] GC(335)   Post Evacuate Collection Set: 0.9ms
[2026-03-19T11:23:52.298+0800][120.950s][info][gc,phases   ] GC(335)   Other: 0.7ms
[2026-03-19T11:23:52.298+0800][120.950s][info][gc,heap     ] GC(335) Eden regions: 9->0(33)
[2026-03-19T11:23:52.298+0800][120.950s][info][gc,heap     ] GC(335) Survivor regions: 2->1(4)
[2026-03-19T11:23:52.298+0800][120.950s][info][gc,heap     ] GC(335) Old regions: 20->20
[2026-03-19T11:23:52.298+0800][120.950s][info][gc,heap     ] GC(335) Archive regions: 0->0
[2026-03-19T11:23:52.298+0800][120.950s][info][gc,heap     ] GC(335) Humongous regions: 37->37
[2026-03-19T11:23:52.298+0800][120.950s][info][gc,metaspace] GC(335) Metaspace: 24367K(24704K)->24367K(24704K) NonClass: 21593K(21760K)->21593K(21760K) Class: 2774K(2944K)->2774K(2944K)
[2026-03-19T11:23:52.298+0800][120.950s][info][gc          ] GC(335) Pause Young (Concurrent Start) (G1 Humongous Allocation) 67M->56M(128M) 4.017ms
[2026-03-19T11:23:52.298+0800][120.950s][info][gc,cpu      ] GC(335) User=0.00s Sys=0.00s Real=0.00s
[2026-03-19T11:23:52.298+0800][120.950s][info][gc          ] GC(336) Concurrent Undo Cycle
[2026-03-19T11:23:52.300+0800][120.951s][info][gc,marking  ] GC(336) Concurrent Cleanup for Next Mark
[2026-03-19T11:23:52.300+0800][120.951s][info][gc,marking  ] GC(336) Concurrent Cleanup for Next Mark 0.582ms
[2026-03-19T11:23:52.301+0800][120.952s][info][gc          ] GC(336) Concurrent Undo Cycle 1.174ms
[2026-03-19T11:23:52.617+0800][121.269s][info][gc,start    ] GC(337) Pause Young (Concurrent Start) (G1 Humongous Allocation)
[2026-03-19T11:23:52.617+0800][121.269s][info][gc,task     ] GC(337) Using 3 workers of 13 for evacuation
[2026-03-19T11:23:52.620+0800][121.272s][info][gc,phases   ] GC(337)   Pre Evacuate Collection Set: 0.3ms
[2026-03-19T11:23:52.620+0800][121.272s][info][gc,phases   ] GC(337)   Merge Heap Roots: 0.2ms
[2026-03-19T11:23:52.620+0800][121.272s][info][gc,phases   ] GC(337)   Evacuate Collection Set: 1.0ms
[2026-03-19T11:23:52.620+0800][121.272s][info][gc,phases   ] GC(337)   Post Evacuate Collection Set: 1.0ms
[2026-03-19T11:23:52.620+0800][121.272s][info][gc,phases   ] GC(337)   Other: 0.5ms
[2026-03-19T11:23:52.620+0800][121.272s][info][gc,heap     ] GC(337) Eden regions: 4->0(28)
[2026-03-19T11:23:52.621+0800][121.272s][info][gc,heap     ] GC(337) Survivor regions: 1->2(5)
[2026-03-19T11:23:52.621+0800][121.272s][info][gc,heap     ] GC(337) Old regions: 20->20
[2026-03-19T11:23:52.621+0800][121.272s][info][gc,heap     ] GC(337) Archive regions: 0->0
[2026-03-19T11:23:52.621+0800][121.272s][info][gc,heap     ] GC(337) Humongous regions: 39->39
[2026-03-19T11:23:52.621+0800][121.272s][info][gc,metaspace] GC(337) Metaspace: 24367K(24704K)->24367K(24704K) NonClass: 21593K(21760K)->21593K(21760K) Class: 2774K(2944K)->2774K(2944K)
[2026-03-19T11:23:52.621+0800][121.273s][info][gc          ] GC(337) Pause Young (Concurrent Start) (G1 Humongous Allocation) 62M->60M(128M) 3.984ms
[2026-03-19T11:23:52.621+0800][121.273s][info][gc,cpu      ] GC(337) User=0.00s Sys=0.00s Real=0.00s
[2026-03-19T11:23:52.621+0800][121.273s][info][gc          ] GC(338) Concurrent Mark Cycle
[2026-03-19T11:23:52.621+0800][121.273s][info][gc,marking  ] GC(338) Concurrent Clear Claimed Marks
[2026-03-19T11:23:52.621+0800][121.273s][info][gc,marking  ] GC(338) Concurrent Clear Claimed Marks 0.120ms
[2026-03-19T11:23:52.621+0800][121.273s][info][gc,marking  ] GC(338) Concurrent Scan Root Regions
[2026-03-19T11:23:52.622+0800][121.274s][info][gc,marking  ] GC(338) Concurrent Scan Root Regions 0.615ms
[2026-03-19T11:23:52.622+0800][121.274s][info][gc,marking  ] GC(338) Concurrent Mark
[2026-03-19T11:23:52.623+0800][121.274s][info][gc,marking  ] GC(338) Concurrent Mark From Roots
[2026-03-19T11:23:52.623+0800][121.274s][info][gc,task     ] GC(338) Using 3 workers of 3 for marking
[2026-03-19T11:23:52.635+0800][121.287s][info][gc,marking  ] GC(338) Concurrent Mark From Roots 12.587ms
[2026-03-19T11:23:52.635+0800][121.287s][info][gc,marking  ] GC(338) Concurrent Preclean
[2026-03-19T11:23:52.635+0800][121.288s][info][gc,marking  ] GC(338) Concurrent Preclean 0.528ms
[2026-03-19T11:23:52.637+0800][121.288s][info][gc,start    ] GC(338) Pause Remark
[2026-03-19T11:23:52.645+0800][121.296s][info][gc          ] GC(338) Pause Remark 71M->41M(128M) 7.916ms
[2026-03-19T11:23:52.645+0800][121.296s][info][gc,cpu      ] GC(338) User=0.00s Sys=0.00s Real=0.01s
[2026-03-19T11:23:52.645+0800][121.296s][info][gc,marking  ] GC(338) Concurrent Mark 22.476ms
[2026-03-19T11:23:52.645+0800][121.297s][info][gc,marking  ] GC(338) Concurrent Rebuild Remembered Sets
[2026-03-19T11:23:52.652+0800][121.304s][info][gc,marking  ] GC(338) Concurrent Rebuild Remembered Sets 7.027ms
[2026-03-19T11:23:52.652+0800][121.304s][info][gc,start    ] GC(338) Pause Cleanup
[2026-03-19T11:23:52.653+0800][121.305s][info][gc          ] GC(338) Pause Cleanup 41M->41M(128M) 0.463ms
[2026-03-19T11:23:52.653+0800][121.305s][info][gc,cpu      ] GC(338) User=0.00s Sys=0.00s Real=0.00s
[2026-03-19T11:23:52.653+0800][121.305s][info][gc,marking  ] GC(338) Concurrent Cleanup for Next Mark
[2026-03-19T11:23:52.654+0800][121.306s][info][gc,marking  ] GC(338) Concurrent Cleanup for Next Mark 0.557ms
[2026-03-19T11:23:52.654+0800][121.306s][info][gc          ] GC(338) Concurrent Mark Cycle 33.107ms
[2026-03-19T11:23:53.264+0800][121.916s][info][gc,start    ] GC(339) Pause Young (Concurrent Start) (G1 Humongous Allocation)
[2026-03-19T11:23:53.264+0800][121.916s][info][gc,task     ] GC(339) Using 3 workers of 13 for evacuation
[2026-03-19T11:23:53.267+0800][121.918s][info][gc,phases   ] GC(339)   Pre Evacuate Collection Set: 0.3ms
[2026-03-19T11:23:53.267+0800][121.919s][info][gc,phases   ] GC(339)   Merge Heap Roots: 0.3ms
[2026-03-19T11:23:53.267+0800][121.919s][info][gc,phases   ] GC(339)   Evacuate Collection Set: 0.9ms
[2026-03-19T11:23:53.267+0800][121.919s][info][gc,phases   ] GC(339)   Post Evacuate Collection Set: 0.9ms
[2026-03-19T11:23:53.267+0800][121.919s][info][gc,phases   ] GC(339)   Other: 0.6ms
[2026-03-19T11:23:53.267+0800][121.919s][info][gc,heap     ] GC(339) Eden regions: 9->0(33)
[2026-03-19T11:23:53.267+0800][121.919s][info][gc,heap     ] GC(339) Survivor regions: 2->1(4)
[2026-03-19T11:23:53.267+0800][121.919s][info][gc,heap     ] GC(339) Old regions: 20->20
[2026-03-19T11:23:53.267+0800][121.919s][info][gc,heap     ] GC(339) Archive regions: 0->0
[2026-03-19T11:23:53.267+0800][121.919s][info][gc,heap     ] GC(339) Humongous regions: 37->37
[2026-03-19T11:23:53.267+0800][121.919s][info][gc,metaspace] GC(339) Metaspace: 24367K(24704K)->24367K(24704K) NonClass: 21593K(21760K)->21593K(21760K) Class: 2774K(2944K)->2774K(2944K)
[2026-03-19T11:23:53.267+0800][121.919s][info][gc          ] GC(339) Pause Young (Concurrent Start) (G1 Humongous Allocation) 67M->56M(128M) 3.780ms
[2026-03-19T11:23:53.268+0800][121.919s][info][gc,cpu      ] GC(339) User=0.00s Sys=0.00s Real=0.00s
[2026-03-19T11:23:53.268+0800][121.920s][info][gc          ] GC(340) Concurrent Undo Cycle
[2026-03-19T11:23:53.268+0800][121.920s][info][gc,marking  ] GC(340) Concurrent Cleanup for Next Mark
[2026-03-19T11:23:53.268+0800][121.920s][info][gc,marking  ] GC(340) Concurrent Cleanup for Next Mark 0.504ms
[2026-03-19T11:23:53.269+0800][121.920s][info][gc          ] GC(340) Concurrent Undo Cycle 0.869ms
[2026-03-19T11:23:53.583+0800][122.235s][info][gc,start    ] GC(341) Pause Young (Concurrent Start) (G1 Humongous Allocation)
[2026-03-19T11:23:53.583+0800][122.235s][info][gc,task     ] GC(341) Using 3 workers of 13 for evacuation
[2026-03-19T11:23:53.585+0800][122.238s][info][gc,phases   ] GC(341)   Pre Evacuate Collection Set: 0.3ms
[2026-03-19T11:23:53.587+0800][122.238s][info][gc,phases   ] GC(341)   Merge Heap Roots: 0.1ms
[2026-03-19T11:23:53.587+0800][122.238s][info][gc,phases   ] GC(341)   Evacuate Collection Set: 0.9ms
[2026-03-19T11:23:53.587+0800][122.238s][info][gc,phases   ] GC(341)   Post Evacuate Collection Set: 0.9ms
[2026-03-19T11:23:53.587+0800][122.238s][info][gc,phases   ] GC(341)   Other: 0.4ms
[2026-03-19T11:23:53.587+0800][122.239s][info][gc,heap     ] GC(341) Eden regions: 4->0(28)
[2026-03-19T11:23:53.587+0800][122.239s][info][gc,heap     ] GC(341) Survivor regions: 1->2(5)
[2026-03-19T11:23:53.587+0800][122.239s][info][gc,heap     ] GC(341) Old regions: 20->20
[2026-03-19T11:23:53.587+0800][122.239s][info][gc,heap     ] GC(341) Archive regions: 0->0
[2026-03-19T11:23:53.587+0800][122.239s][info][gc,heap     ] GC(341) Humongous regions: 39->39
[2026-03-19T11:23:53.587+0800][122.239s][info][gc,metaspace] GC(341) Metaspace: 24367K(24704K)->24367K(24704K) NonClass: 21593K(21760K)->21593K(21760K) Class: 2774K(2944K)->2774K(2944K)
[2026-03-19T11:23:53.587+0800][122.239s][info][gc          ] GC(341) Pause Young (Concurrent Start) (G1 Humongous Allocation) 62M->60M(128M) 4.103ms
[2026-03-19T11:23:53.588+0800][122.239s][info][gc,cpu      ] GC(341) User=0.00s Sys=0.00s Real=0.01s
[2026-03-19T11:23:53.588+0800][122.239s][info][gc          ] GC(342) Concurrent Mark Cycle
[2026-03-19T11:23:53.588+0800][122.240s][info][gc,marking  ] GC(342) Concurrent Clear Claimed Marks
[2026-03-19T11:23:53.588+0800][122.240s][info][gc,marking  ] GC(342) Concurrent Clear Claimed Marks 0.106ms
[2026-03-19T11:23:53.588+0800][122.240s][info][gc,marking  ] GC(342) Concurrent Scan Root Regions
[2026-03-19T11:23:53.589+0800][122.241s][info][gc,marking  ] GC(342) Concurrent Scan Root Regions 1.177ms
[2026-03-19T11:23:53.590+0800][122.241s][info][gc,marking  ] GC(342) Concurrent Mark
[2026-03-19T11:23:53.590+0800][122.241s][info][gc,marking  ] GC(342) Concurrent Mark From Roots
[2026-03-19T11:23:53.590+0800][122.241s][info][gc,task     ] GC(342) Using 3 workers of 3 for marking
[2026-03-19T11:23:53.600+0800][122.252s][info][gc,marking  ] GC(342) Concurrent Mark From Roots 10.947ms
[2026-03-19T11:23:53.600+0800][122.252s][info][gc,marking  ] GC(342) Concurrent Preclean
[2026-03-19T11:23:53.600+0800][122.253s][info][gc,marking  ] GC(342) Concurrent Preclean 0.180ms
[2026-03-19T11:23:53.601+0800][122.253s][info][gc,start    ] GC(342) Pause Remark
[2026-03-19T11:23:53.608+0800][122.259s][info][gc          ] GC(342) Pause Remark 71M->41M(128M) 6.300ms
[2026-03-19T11:23:53.609+0800][122.260s][info][gc,cpu      ] GC(342) User=0.00s Sys=0.00s Real=0.01s
[2026-03-19T11:23:53.609+0800][122.260s][info][gc,marking  ] GC(342) Concurrent Mark 18.854ms
[2026-03-19T11:23:53.609+0800][122.260s][info][gc,marking  ] GC(342) Concurrent Rebuild Remembered Sets
[2026-03-19T11:23:53.614+0800][122.266s][info][gc,marking  ] GC(342) Concurrent Rebuild Remembered Sets 5.647ms
[2026-03-19T11:23:53.614+0800][122.266s][info][gc,start    ] GC(342) Pause Cleanup
[2026-03-19T11:23:53.614+0800][122.266s][info][gc          ] GC(342) Pause Cleanup 41M->41M(128M) 0.216ms
[2026-03-19T11:23:53.615+0800][122.266s][info][gc,cpu      ] GC(342) User=0.00s Sys=0.00s Real=0.00s
[2026-03-19T11:23:53.615+0800][122.266s][info][gc,marking  ] GC(342) Concurrent Cleanup for Next Mark
[2026-03-19T11:23:53.615+0800][122.267s][info][gc,marking  ] GC(342) Concurrent Cleanup for Next Mark 0.269ms
[2026-03-19T11:23:53.615+0800][122.267s][info][gc          ] GC(342) Concurrent Mark Cycle 27.333ms
[2026-03-19T11:23:54.241+0800][122.892s][info][gc,start    ] GC(343) Pause Young (Concurrent Start) (G1 Humongous Allocation)
[2026-03-19T11:23:54.241+0800][122.892s][info][gc,task     ] GC(343) Using 3 workers of 13 for evacuation
[2026-03-19T11:23:54.242+0800][122.894s][info][gc,phases   ] GC(343)   Pre Evacuate Collection Set: 0.1ms
[2026-03-19T11:23:54.243+0800][122.894s][info][gc,phases   ] GC(343)   Merge Heap Roots: 0.1ms
[2026-03-19T11:23:54.243+0800][122.895s][info][gc,phases   ] GC(343)   Evacuate Collection Set: 0.9ms
[2026-03-19T11:23:54.244+0800][122.895s][info][gc,phases   ] GC(343)   Post Evacuate Collection Set: 0.3ms
[2026-03-19T11:23:54.244+0800][122.895s][info][gc,phases   ] GC(343)   Other: 0.4ms
[2026-03-19T11:23:54.244+0800][122.895s][info][gc,heap     ] GC(343) Eden regions: 9->0(33)
[2026-03-19T11:23:54.245+0800][122.896s][info][gc,heap     ] GC(343) Survivor regions: 2->1(4)
[2026-03-19T11:23:54.245+0800][122.896s][info][gc,heap     ] GC(343) Old regions: 20->20
[2026-03-19T11:23:54.245+0800][122.896s][info][gc,heap     ] GC(343) Archive regions: 0->0
[2026-03-19T11:23:54.245+0800][122.896s][info][gc,heap     ] GC(343) Humongous regions: 37->37
[2026-03-19T11:23:54.245+0800][122.896s][info][gc,metaspace] GC(343) Metaspace: 24367K(24704K)->24367K(24704K) NonClass: 21593K(21760K)->21593K(21760K) Class: 2774K(2944K)->2774K(2944K)
[2026-03-19T11:23:54.245+0800][122.897s][info][gc          ] GC(343) Pause Young (Concurrent Start) (G1 Humongous Allocation) 67M->56M(128M) 4.513ms
[2026-03-19T11:23:54.245+0800][122.897s][info][gc,cpu      ] GC(343) User=0.00s Sys=0.00s Real=0.00s
[2026-03-19T11:23:54.245+0800][122.897s][info][gc          ] GC(344) Concurrent Undo Cycle
[2026-03-19T11:23:54.245+0800][122.897s][info][gc,marking  ] GC(344) Concurrent Cleanup for Next Mark
[2026-03-19T11:23:54.246+0800][122.897s][info][gc,marking  ] GC(344) Concurrent Cleanup for Next Mark 0.477ms
[2026-03-19T11:23:54.246+0800][122.897s][info][gc          ] GC(344) Concurrent Undo Cycle 0.753ms
[2026-03-19T11:23:54.549+0800][123.200s][info][gc,start    ] GC(345) Pause Young (Concurrent Start) (G1 Humongous Allocation)
[2026-03-19T11:23:54.549+0800][123.201s][info][gc,task     ] GC(345) Using 3 workers of 13 for evacuation
[2026-03-19T11:23:54.551+0800][123.203s][info][gc,phases   ] GC(345)   Pre Evacuate Collection Set: 0.4ms
[2026-03-19T11:23:54.551+0800][123.203s][info][gc,phases   ] GC(345)   Merge Heap Roots: 0.1ms
[2026-03-19T11:23:54.552+0800][123.203s][info][gc,phases   ] GC(345)   Evacuate Collection Set: 1.0ms
[2026-03-19T11:23:54.552+0800][123.203s][info][gc,phases   ] GC(345)   Post Evacuate Collection Set: 0.3ms
[2026-03-19T11:23:54.552+0800][123.203s][info][gc,phases   ] GC(345)   Other: 0.5ms
[2026-03-19T11:23:54.552+0800][123.203s][info][gc,heap     ] GC(345) Eden regions: 4->0(28)
[2026-03-19T11:23:54.552+0800][123.203s][info][gc,heap     ] GC(345) Survivor regions: 1->2(5)
[2026-03-19T11:23:54.552+0800][123.203s][info][gc,heap     ] GC(345) Old regions: 20->20
[2026-03-19T11:23:54.552+0800][123.203s][info][gc,heap     ] GC(345) Archive regions: 0->0
[2026-03-19T11:23:54.552+0800][123.203s][info][gc,heap     ] GC(345) Humongous regions: 39->39
[2026-03-19T11:23:54.552+0800][123.203s][info][gc,metaspace] GC(345) Metaspace: 24367K(24704K)->24367K(24704K) NonClass: 21593K(21760K)->21593K(21760K) Class: 2774K(2944K)->2774K(2944K)
[2026-03-19T11:23:54.552+0800][123.203s][info][gc          ] GC(345) Pause Young (Concurrent Start) (G1 Humongous Allocation) 62M->60M(128M) 3.080ms
[2026-03-19T11:23:54.552+0800][123.204s][info][gc,cpu      ] GC(345) User=0.00s Sys=0.00s Real=0.00s
[2026-03-19T11:23:54.552+0800][123.204s][info][gc          ] GC(346) Concurrent Mark Cycle
[2026-03-19T11:23:54.552+0800][123.204s][info][gc,marking  ] GC(346) Concurrent Clear Claimed Marks
[2026-03-19T11:23:54.553+0800][123.204s][info][gc,marking  ] GC(346) Concurrent Clear Claimed Marks 0.111ms
[2026-03-19T11:23:54.553+0800][123.204s][info][gc,marking  ] GC(346) Concurrent Scan Root Regions
[2026-03-19T11:23:54.553+0800][123.205s][info][gc,marking  ] GC(346) Concurrent Scan Root Regions 0.577ms
[2026-03-19T11:23:54.553+0800][123.205s][info][gc,marking  ] GC(346) Concurrent Mark
[2026-03-19T11:23:54.553+0800][123.205s][info][gc,marking  ] GC(346) Concurrent Mark From Roots
[2026-03-19T11:23:54.553+0800][123.205s][info][gc,task     ] GC(346) Using 3 workers of 3 for marking
[2026-03-19T11:23:54.564+0800][123.216s][info][gc,marking  ] GC(346) Concurrent Mark From Roots 11.277ms
[2026-03-19T11:23:54.564+0800][123.216s][info][gc,marking  ] GC(346) Concurrent Preclean
[2026-03-19T11:23:54.565+0800][123.217s][info][gc,marking  ] GC(346) Concurrent Preclean 0.310ms
[2026-03-19T11:23:54.566+0800][123.217s][info][gc,start    ] GC(346) Pause Remark
[2026-03-19T11:23:54.574+0800][123.226s][info][gc          ] GC(346) Pause Remark 69M->39M(128M) 8.542ms
[2026-03-19T11:23:54.575+0800][123.226s][info][gc,cpu      ] GC(346) User=0.05s Sys=0.00s Real=0.01s
[2026-03-19T11:23:54.575+0800][123.227s][info][gc,marking  ] GC(346) Concurrent Mark 21.982ms
[2026-03-19T11:23:54.575+0800][123.227s][info][gc,marking  ] GC(346) Concurrent Rebuild Remembered Sets
[2026-03-19T11:23:54.581+0800][123.232s][info][gc,marking  ] GC(346) Concurrent Rebuild Remembered Sets 5.590ms
[2026-03-19T11:23:54.581+0800][123.233s][info][gc,start    ] GC(346) Pause Cleanup
[2026-03-19T11:23:54.582+0800][123.233s][info][gc          ] GC(346) Pause Cleanup 41M->41M(128M) 0.224ms
[2026-03-19T11:23:54.582+0800][123.233s][info][gc,cpu      ] GC(346) User=0.00s Sys=0.00s Real=0.00s
[2026-03-19T11:23:54.582+0800][123.233s][info][gc,marking  ] GC(346) Concurrent Cleanup for Next Mark
[2026-03-19T11:23:54.582+0800][123.234s][info][gc,marking  ] GC(346) Concurrent Cleanup for Next Mark 0.403ms
[2026-03-19T11:23:54.582+0800][123.234s][info][gc          ] GC(346) Concurrent Mark Cycle 30.123ms
[2026-03-19T11:23:55.415+0800][124.067s][info][gc,start    ] GC(347) Pause Young (Concurrent Start) (G1 Humongous Allocation)
[2026-03-19T11:23:55.415+0800][124.067s][info][gc,task     ] GC(347) Using 3 workers of 13 for evacuation
[2026-03-19T11:23:55.419+0800][124.071s][info][gc,phases   ] GC(347)   Pre Evacuate Collection Set: 0.3ms
[2026-03-19T11:23:55.420+0800][124.071s][info][gc,phases   ] GC(347)   Merge Heap Roots: 0.2ms
[2026-03-19T11:23:55.420+0800][124.071s][info][gc,phases   ] GC(347)   Evacuate Collection Set: 1.4ms
[2026-03-19T11:23:55.420+0800][124.072s][info][gc,phases   ] GC(347)   Post Evacuate Collection Set: 1.0ms
[2026-03-19T11:23:55.420+0800][124.072s][info][gc,phases   ] GC(347)   Other: 1.2ms
[2026-03-19T11:23:55.421+0800][124.072s][info][gc,heap     ] GC(347) Eden regions: 9->0(33)
[2026-03-19T11:23:55.421+0800][124.072s][info][gc,heap     ] GC(347) Survivor regions: 2->1(4)
[2026-03-19T11:23:55.421+0800][124.072s][info][gc,heap     ] GC(347) Old regions: 20->20
[2026-03-19T11:23:55.421+0800][124.073s][info][gc,heap     ] GC(347) Archive regions: 0->0
[2026-03-19T11:23:55.421+0800][124.073s][info][gc,heap     ] GC(347) Humongous regions: 37->37
[2026-03-19T11:23:55.421+0800][124.073s][info][gc,metaspace] GC(347) Metaspace: 24367K(24704K)->24367K(24704K) NonClass: 21593K(21760K)->21593K(21760K) Class: 2774K(2944K)->2774K(2944K)
[2026-03-19T11:23:55.421+0800][124.073s][info][gc          ] GC(347) Pause Young (Concurrent Start) (G1 Humongous Allocation) 67M->56M(128M) 6.867ms
[2026-03-19T11:23:55.422+0800][124.074s][info][gc,cpu      ] GC(347) User=0.00s Sys=0.00s Real=0.01s
[2026-03-19T11:23:55.422+0800][124.074s][info][gc          ] GC(348) Concurrent Undo Cycle
[2026-03-19T11:23:55.422+0800][124.074s][info][gc,marking  ] GC(348) Concurrent Cleanup for Next Mark
[2026-03-19T11:23:55.424+0800][124.076s][info][gc,marking  ] GC(348) Concurrent Cleanup for Next Mark 1.070ms
[2026-03-19T11:23:55.424+0800][124.076s][info][gc          ] GC(348) Concurrent Undo Cycle 2.071ms
[2026-03-19T11:24:02.244+0800][130.895s][info][gc,start    ] GC(349) Pause Young (Concurrent Start) (G1 Humongous Allocation)
[2026-03-19T11:24:02.244+0800][130.896s][info][gc,task     ] GC(349) Using 3 workers of 13 for evacuation
[2026-03-19T11:24:02.246+0800][130.898s][info][gc,phases   ] GC(349)   Pre Evacuate Collection Set: 0.1ms
[2026-03-19T11:24:02.246+0800][130.898s][info][gc,phases   ] GC(349)   Merge Heap Roots: 0.1ms
[2026-03-19T11:24:02.246+0800][130.898s][info][gc,phases   ] GC(349)   Evacuate Collection Set: 0.7ms
[2026-03-19T11:24:02.246+0800][130.898s][info][gc,phases   ] GC(349)   Post Evacuate Collection Set: 0.5ms
[2026-03-19T11:24:02.246+0800][130.898s][info][gc,phases   ] GC(349)   Other: 0.9ms
[2026-03-19T11:24:02.246+0800][130.898s][info][gc,heap     ] GC(349) Eden regions: 4->0(30)
[2026-03-19T11:24:02.246+0800][130.898s][info][gc,heap     ] GC(349) Survivor regions: 1->2(5)
[2026-03-19T11:24:02.246+0800][130.898s][info][gc,heap     ] GC(349) Old regions: 20->20
[2026-03-19T11:24:02.246+0800][130.898s][info][gc,heap     ] GC(349) Archive regions: 0->0
[2026-03-19T11:24:02.247+0800][130.899s][info][gc,heap     ] GC(349) Humongous regions: 39->39
[2026-03-19T11:24:02.247+0800][130.899s][info][gc,metaspace] GC(349) Metaspace: 24372K(24704K)->24372K(24704K) NonClass: 21597K(21760K)->21597K(21760K) Class: 2774K(2944K)->2774K(2944K)
[2026-03-19T11:24:02.247+0800][130.899s][info][gc          ] GC(349) Pause Young (Concurrent Start) (G1 Humongous Allocation) 62M->60M(128M) 3.553ms
[2026-03-19T11:24:02.247+0800][130.899s][info][gc,cpu      ] GC(349) User=0.00s Sys=0.00s Real=0.00s
[2026-03-19T11:24:02.247+0800][130.899s][info][gc          ] GC(350) Concurrent Mark Cycle
[2026-03-19T11:24:02.248+0800][130.900s][info][gc,marking  ] GC(350) Concurrent Clear Claimed Marks
[2026-03-19T11:24:02.248+0800][130.900s][info][gc,marking  ] GC(350) Concurrent Clear Claimed Marks 0.244ms
[2026-03-19T11:24:02.248+0800][130.900s][info][gc,marking  ] GC(350) Concurrent Scan Root Regions
[2026-03-19T11:24:02.249+0800][130.901s][info][gc,marking  ] GC(350) Concurrent Scan Root Regions 0.826ms
[2026-03-19T11:24:02.249+0800][130.901s][info][gc,marking  ] GC(350) Concurrent Mark
[2026-03-19T11:24:02.250+0800][130.902s][info][gc,marking  ] GC(350) Concurrent Mark From Roots
[2026-03-19T11:24:02.250+0800][130.902s][info][gc,task     ] GC(350) Using 3 workers of 3 for marking
[2026-03-19T11:24:02.285+0800][130.937s][info][gc,marking  ] GC(350) Concurrent Mark From Roots 34.992ms
[2026-03-19T11:24:02.285+0800][130.937s][info][gc,marking  ] GC(350) Concurrent Preclean
[2026-03-19T11:24:02.287+0800][130.939s][info][gc,marking  ] GC(350) Concurrent Preclean 1.291ms
[2026-03-19T11:24:02.321+0800][130.973s][info][gc,start    ] GC(350) Pause Remark
[2026-03-19T11:24:02.337+0800][130.989s][info][gc          ] GC(350) Pause Remark 69M->39M(128M) 16.775ms
[2026-03-19T11:24:02.338+0800][130.990s][info][gc,cpu      ] GC(350) User=0.03s Sys=0.00s Real=0.02s
[2026-03-19T11:24:02.339+0800][130.991s][info][gc,marking  ] GC(350) Concurrent Mark 89.357ms
[2026-03-19T11:24:02.339+0800][130.991s][info][gc,marking  ] GC(350) Concurrent Rebuild Remembered Sets
[2026-03-19T11:24:02.372+0800][131.024s][info][gc,marking  ] GC(350) Concurrent Rebuild Remembered Sets 32.954ms
[2026-03-19T11:24:02.374+0800][131.026s][info][gc,start    ] GC(350) Pause Cleanup
[2026-03-19T11:24:02.375+0800][131.027s][info][gc          ] GC(350) Pause Cleanup 41M->41M(128M) 1.086ms
[2026-03-19T11:24:02.376+0800][131.028s][info][gc,cpu      ] GC(350) User=0.00s Sys=0.00s Real=0.00s
[2026-03-19T11:24:02.377+0800][131.028s][info][gc,marking  ] GC(350) Concurrent Cleanup for Next Mark
[2026-03-19T11:24:02.378+0800][131.030s][info][gc,marking  ] GC(350) Concurrent Cleanup for Next Mark 1.603ms
[2026-03-19T11:24:02.379+0800][131.031s][info][gc          ] GC(350) Concurrent Mark Cycle 131.218ms
[2026-03-19T11:24:03.007+0800][131.659s][info][gc,start    ] GC(351) Pause Young (Concurrent Start) (G1 Humongous Allocation)
[2026-03-19T11:24:03.008+0800][131.660s][info][gc,task     ] GC(351) Using 3 workers of 13 for evacuation
[2026-03-19T11:24:03.010+0800][131.662s][info][gc,phases   ] GC(351)   Pre Evacuate Collection Set: 0.2ms
[2026-03-19T11:24:03.010+0800][131.662s][info][gc,phases   ] GC(351)   Merge Heap Roots: 0.1ms
[2026-03-19T11:24:03.010+0800][131.662s][info][gc,phases   ] GC(351)   Evacuate Collection Set: 0.8ms
[2026-03-19T11:24:03.010+0800][131.662s][info][gc,phases   ] GC(351)   Post Evacuate Collection Set: 0.9ms
[2026-03-19T11:24:03.010+0800][131.662s][info][gc,phases   ] GC(351)   Other: 0.7ms
[2026-03-19T11:24:03.011+0800][131.663s][info][gc,heap     ] GC(351) Eden regions: 10->0(46)
[2026-03-19T11:24:03.011+0800][131.663s][info][gc,heap     ] GC(351) Survivor regions: 2->1(4)
[2026-03-19T11:24:03.011+0800][131.663s][info][gc,heap     ] GC(351) Old regions: 20->20
[2026-03-19T11:24:03.011+0800][131.663s][info][gc,heap     ] GC(351) Archive regions: 0->0
[2026-03-19T11:24:03.011+0800][131.663s][info][gc,heap     ] GC(351) Humongous regions: 37->19
[2026-03-19T11:24:03.011+0800][131.663s][info][gc,metaspace] GC(351) Metaspace: 24408K(24704K)->24408K(24704K) NonClass: 21631K(21760K)->21631K(21760K) Class: 2776K(2944K)->2776K(2944K)
[2026-03-19T11:24:03.011+0800][131.663s][info][gc          ] GC(351) Pause Young (Concurrent Start) (G1 Humongous Allocation) 67M->38M(128M) 3.913ms
[2026-03-19T11:24:03.011+0800][131.663s][info][gc,cpu      ] GC(351) User=0.00s Sys=0.00s Real=0.00s
[2026-03-19T11:24:03.011+0800][131.663s][info][gc          ] GC(352) Concurrent Undo Cycle
[2026-03-19T11:24:03.011+0800][131.664s][info][gc,marking  ] GC(352) Concurrent Cleanup for Next Mark
[2026-03-19T11:24:03.013+0800][131.664s][info][gc,marking  ] GC(352) Concurrent Cleanup for Next Mark 0.442ms
[2026-03-19T11:24:03.013+0800][131.664s][info][gc          ] GC(352) Concurrent Undo Cycle 0.793ms
[2026-03-19T11:24:03.645+0800][132.296s][info][gc,start    ] GC(353) Pause Young (Concurrent Start) (G1 Humongous Allocation)
[2026-03-19T11:24:03.645+0800][132.296s][info][gc,task     ] GC(353) Using 3 workers of 13 for evacuation
[2026-03-19T11:24:03.646+0800][132.298s][info][gc,phases   ] GC(353)   Pre Evacuate Collection Set: 0.1ms
[2026-03-19T11:24:03.646+0800][132.298s][info][gc,phases   ] GC(353)   Merge Heap Roots: 0.1ms
[2026-03-19T11:24:03.647+0800][132.298s][info][gc,phases   ] GC(353)   Evacuate Collection Set: 0.7ms
[2026-03-19T11:24:03.647+0800][132.298s][info][gc,phases   ] GC(353)   Post Evacuate Collection Set: 0.5ms
[2026-03-19T11:24:03.647+0800][132.298s][info][gc,phases   ] GC(353)   Other: 0.6ms
[2026-03-19T11:24:03.647+0800][132.299s][info][gc,heap     ] GC(353) Eden regions: 9->0(50)
[2026-03-19T11:24:03.647+0800][132.299s][info][gc,heap     ] GC(353) Survivor regions: 1->1(6)
[2026-03-19T11:24:03.647+0800][132.299s][info][gc,heap     ] GC(353) Old regions: 20->20
[2026-03-19T11:24:03.647+0800][132.299s][info][gc,heap     ] GC(353) Archive regions: 0->0
[2026-03-19T11:24:03.647+0800][132.299s][info][gc,heap     ] GC(353) Humongous regions: 37->19
[2026-03-19T11:24:03.647+0800][132.299s][info][gc,metaspace] GC(353) Metaspace: 24411K(24704K)->24411K(24704K) NonClass: 21635K(21760K)->21635K(21760K) Class: 2776K(2944K)->2776K(2944K)
[2026-03-19T11:24:03.647+0800][132.299s][info][gc          ] GC(353) Pause Young (Concurrent Start) (G1 Humongous Allocation) 65M->38M(128M) 3.129ms
[2026-03-19T11:24:03.647+0800][132.299s][info][gc,cpu      ] GC(353) User=0.03s Sys=0.00s Real=0.00s
[2026-03-19T11:24:03.648+0800][132.299s][info][gc          ] GC(354) Concurrent Undo Cycle
[2026-03-19T11:24:03.648+0800][132.299s][info][gc,marking  ] GC(354) Concurrent Cleanup for Next Mark
[2026-03-19T11:24:03.648+0800][132.300s][info][gc,marking  ] GC(354) Concurrent Cleanup for Next Mark 0.432ms
[2026-03-19T11:24:03.648+0800][132.300s][info][gc          ] GC(354) Concurrent Undo Cycle 0.803ms
[2026-03-19T11:24:04.312+0800][132.964s][info][gc,start    ] GC(355) Pause Young (Concurrent Start) (G1 Humongous Allocation)
[2026-03-19T11:24:04.312+0800][132.964s][info][gc,task     ] GC(355) Using 3 workers of 13 for evacuation
[2026-03-19T11:24:04.314+0800][132.966s][info][gc,phases   ] GC(355)   Pre Evacuate Collection Set: 0.2ms
[2026-03-19T11:24:04.314+0800][132.966s][info][gc,phases   ] GC(355)   Merge Heap Roots: 0.1ms
[2026-03-19T11:24:04.314+0800][132.966s][info][gc,phases   ] GC(355)   Evacuate Collection Set: 0.8ms
[2026-03-19T11:24:04.314+0800][132.966s][info][gc,phases   ] GC(355)   Post Evacuate Collection Set: 0.7ms
[2026-03-19T11:24:04.314+0800][132.966s][info][gc,phases   ] GC(355)   Other: 0.5ms
[2026-03-19T11:24:04.315+0800][132.966s][info][gc,heap     ] GC(355) Eden regions: 9->0(54)
[2026-03-19T11:24:04.315+0800][132.967s][info][gc,heap     ] GC(355) Survivor regions: 1->1(7)
[2026-03-19T11:24:04.315+0800][132.967s][info][gc,heap     ] GC(355) Old regions: 20->20
[2026-03-19T11:24:04.315+0800][132.967s][info][gc,heap     ] GC(355) Archive regions: 0->0
[2026-03-19T11:24:04.315+0800][132.967s][info][gc,heap     ] GC(355) Humongous regions: 37->19
[2026-03-19T11:24:04.315+0800][132.967s][info][gc,metaspace] GC(355) Metaspace: 24411K(24704K)->24411K(24704K) NonClass: 21635K(21760K)->21635K(21760K) Class: 2776K(2944K)->2776K(2944K)
[2026-03-19T11:24:04.315+0800][132.967s][info][gc          ] GC(355) Pause Young (Concurrent Start) (G1 Humongous Allocation) 65M->38M(128M) 3.236ms
[2026-03-19T11:24:04.315+0800][132.967s][info][gc,cpu      ] GC(355) User=0.00s Sys=0.00s Real=0.00s
[2026-03-19T11:24:04.315+0800][132.967s][info][gc          ] GC(356) Concurrent Undo Cycle
[2026-03-19T11:24:04.316+0800][132.967s][info][gc,marking  ] GC(356) Concurrent Cleanup for Next Mark
[2026-03-19T11:24:04.317+0800][132.968s][info][gc,marking  ] GC(356) Concurrent Cleanup for Next Mark 0.501ms
[2026-03-19T11:24:04.317+0800][132.968s][info][gc          ] GC(356) Concurrent Undo Cycle 0.904ms
[2026-03-19T11:24:04.950+0800][133.602s][info][gc,start    ] GC(357) Pause Young (Concurrent Start) (G1 Humongous Allocation)
[2026-03-19T11:24:04.950+0800][133.602s][info][gc,task     ] GC(357) Using 3 workers of 13 for evacuation
[2026-03-19T11:24:04.952+0800][133.604s][info][gc,phases   ] GC(357)   Pre Evacuate Collection Set: 0.2ms
[2026-03-19T11:24:04.952+0800][133.604s][info][gc,phases   ] GC(357)   Merge Heap Roots: 0.1ms
[2026-03-19T11:24:04.952+0800][133.604s][info][gc,phases   ] GC(357)   Evacuate Collection Set: 0.6ms
[2026-03-19T11:24:04.952+0800][133.604s][info][gc,phases   ] GC(357)   Post Evacuate Collection Set: 0.7ms
[2026-03-19T11:24:04.952+0800][133.604s][info][gc,phases   ] GC(357)   Other: 0.3ms
[2026-03-19T11:24:04.952+0800][133.604s][info][gc,heap     ] GC(357) Eden regions: 9->0(57)
[2026-03-19T11:24:04.953+0800][133.604s][info][gc,heap     ] GC(357) Survivor regions: 1->2(7)
[2026-03-19T11:24:04.953+0800][133.604s][info][gc,heap     ] GC(357) Old regions: 20->20
[2026-03-19T11:24:04.953+0800][133.604s][info][gc,heap     ] GC(357) Archive regions: 0->0
[2026-03-19T11:24:04.953+0800][133.604s][info][gc,heap     ] GC(357) Humongous regions: 36->18
[2026-03-19T11:24:04.953+0800][133.604s][info][gc,metaspace] GC(357) Metaspace: 24415K(24704K)->24415K(24704K) NonClass: 21638K(21760K)->21638K(21760K) Class: 2776K(2944K)->2776K(2944K)
[2026-03-19T11:24:04.953+0800][133.604s][info][gc          ] GC(357) Pause Young (Concurrent Start) (G1 Humongous Allocation) 64M->38M(128M) 2.698ms
[2026-03-19T11:24:04.953+0800][133.604s][info][gc,cpu      ] GC(357) User=0.00s Sys=0.00s Real=0.00s
[2026-03-19T11:24:04.953+0800][133.605s][info][gc          ] GC(358) Concurrent Undo Cycle
[2026-03-19T11:24:04.953+0800][133.605s][info][gc,marking  ] GC(358) Concurrent Cleanup for Next Mark
[2026-03-19T11:24:04.954+0800][133.605s][info][gc,marking  ] GC(358) Concurrent Cleanup for Next Mark 0.477ms
[2026-03-19T11:24:04.954+0800][133.605s][info][gc          ] GC(358) Concurrent Undo Cycle 0.753ms
[2026-03-19T11:24:05.576+0800][134.228s][info][gc,start    ] GC(359) Pause Young (Concurrent Start) (G1 Humongous Allocation)
[2026-03-19T11:24:05.577+0800][134.228s][info][gc,task     ] GC(359) Using 3 workers of 13 for evacuation
[2026-03-19T11:24:05.578+0800][134.230s][info][gc,phases   ] GC(359)   Pre Evacuate Collection Set: 0.1ms
[2026-03-19T11:24:05.578+0800][134.230s][info][gc,phases   ] GC(359)   Merge Heap Roots: 0.1ms
[2026-03-19T11:24:05.578+0800][134.230s][info][gc,phases   ] GC(359)   Evacuate Collection Set: 0.8ms
[2026-03-19T11:24:05.578+0800][134.230s][info][gc,phases   ] GC(359)   Post Evacuate Collection Set: 0.5ms
[2026-03-19T11:24:05.578+0800][134.230s][info][gc,phases   ] GC(359)   Other: 0.5ms
[2026-03-19T11:24:05.578+0800][134.230s][info][gc,heap     ] GC(359) Eden regions: 9->0(60)
[2026-03-19T11:24:05.579+0800][134.230s][info][gc,heap     ] GC(359) Survivor regions: 2->2(8)
[2026-03-19T11:24:05.579+0800][134.230s][info][gc,heap     ] GC(359) Old regions: 20->20
[2026-03-19T11:24:05.579+0800][134.230s][info][gc,heap     ] GC(359) Archive regions: 0->0
[2026-03-19T11:24:05.579+0800][134.230s][info][gc,heap     ] GC(359) Humongous regions: 37->17
[2026-03-19T11:24:05.579+0800][134.230s][info][gc,metaspace] GC(359) Metaspace: 24421K(24704K)->24421K(24704K) NonClass: 21644K(21760K)->21644K(21760K) Class: 2776K(2944K)->2776K(2944K)
[2026-03-19T11:24:05.579+0800][134.231s][info][gc          ] GC(359) Pause Young (Concurrent Start) (G1 Humongous Allocation) 66M->38M(128M) 3.028ms
[2026-03-19T11:24:05.579+0800][134.231s][info][gc,cpu      ] GC(359) User=0.00s Sys=0.00s Real=0.00s
[2026-03-19T11:24:05.579+0800][134.231s][info][gc          ] GC(360) Concurrent Undo Cycle
[2026-03-19T11:24:05.579+0800][134.231s][info][gc,marking  ] GC(360) Concurrent Cleanup for Next Mark
[2026-03-19T11:24:05.580+0800][134.231s][info][gc,marking  ] GC(360) Concurrent Cleanup for Next Mark 0.395ms
[2026-03-19T11:24:05.580+0800][134.232s][info][gc          ] GC(360) Concurrent Undo Cycle 0.750ms
[2026-03-19T11:24:06.230+0800][134.882s][info][gc,start    ] GC(361) Pause Young (Concurrent Start) (G1 Humongous Allocation)
[2026-03-19T11:24:06.231+0800][134.883s][info][gc,task     ] GC(361) Using 3 workers of 13 for evacuation
[2026-03-19T11:24:06.234+0800][134.886s][info][gc,phases   ] GC(361)   Pre Evacuate Collection Set: 0.4ms
[2026-03-19T11:24:06.234+0800][134.886s][info][gc,phases   ] GC(361)   Merge Heap Roots: 0.2ms
[2026-03-19T11:24:06.234+0800][134.886s][info][gc,phases   ] GC(361)   Evacuate Collection Set: 0.9ms
[2026-03-19T11:24:06.234+0800][134.886s][info][gc,phases   ] GC(361)   Post Evacuate Collection Set: 0.6ms
[2026-03-19T11:24:06.234+0800][134.886s][info][gc,phases   ] GC(361)   Other: 1.5ms
[2026-03-19T11:24:06.234+0800][134.886s][info][gc,heap     ] GC(361) Eden regions: 9->0(62)
[2026-03-19T11:24:06.235+0800][134.887s][info][gc,heap     ] GC(361) Survivor regions: 2->2(8)
[2026-03-19T11:24:06.235+0800][134.887s][info][gc,heap     ] GC(361) Old regions: 20->20
[2026-03-19T11:24:06.235+0800][134.887s][info][gc,heap     ] GC(361) Archive regions: 0->0
[2026-03-19T11:24:06.236+0800][134.888s][info][gc,heap     ] GC(361) Humongous regions: 37->17
[2026-03-19T11:24:06.236+0800][134.888s][info][gc,metaspace] GC(361) Metaspace: 24421K(24704K)->24421K(24704K) NonClass: 21644K(21760K)->21644K(21760K) Class: 2776K(2944K)->2776K(2944K)
[2026-03-19T11:24:06.237+0800][134.888s][info][gc          ] GC(361) Pause Young (Concurrent Start) (G1 Humongous Allocation) 66M->38M(128M) 6.441ms
[2026-03-19T11:24:06.237+0800][134.889s][info][gc,cpu      ] GC(361) User=0.00s Sys=0.00s Real=0.01s
[2026-03-19T11:24:06.238+0800][134.889s][info][gc          ] GC(362) Concurrent Undo Cycle
[2026-03-19T11:24:06.238+0800][134.889s][info][gc,marking  ] GC(362) Concurrent Cleanup for Next Mark
[2026-03-19T11:24:06.238+0800][134.890s][info][gc,marking  ] GC(362) Concurrent Cleanup for Next Mark 0.441ms
[2026-03-19T11:24:06.239+0800][134.890s][info][gc          ] GC(362) Concurrent Undo Cycle 0.853ms
[2026-03-19T11:24:06.943+0800][135.595s][info][gc,start    ] GC(363) Pause Young (Concurrent Start) (G1 Humongous Allocation)
[2026-03-19T11:24:06.944+0800][135.595s][info][gc,task     ] GC(363) Using 3 workers of 13 for evacuation
[2026-03-19T11:24:06.945+0800][135.597s][info][gc,phases   ] GC(363)   Pre Evacuate Collection Set: 0.1ms
[2026-03-19T11:24:06.946+0800][135.598s][info][gc,phases   ] GC(363)   Merge Heap Roots: 0.1ms
[2026-03-19T11:24:06.946+0800][135.598s][info][gc,phases   ] GC(363)   Evacuate Collection Set: 0.7ms
[2026-03-19T11:24:06.946+0800][135.599s][info][gc,phases   ] GC(363)   Post Evacuate Collection Set: 0.7ms
[2026-03-19T11:24:06.947+0800][135.599s][info][gc,phases   ] GC(363)   Other: 0.5ms
[2026-03-19T11:24:06.948+0800][135.600s][info][gc,heap     ] GC(363) Eden regions: 9->0(63)
[2026-03-19T11:24:06.948+0800][135.600s][info][gc,heap     ] GC(363) Survivor regions: 2->2(8)
[2026-03-19T11:24:06.948+0800][135.600s][info][gc,heap     ] GC(363) Old regions: 20->20
[2026-03-19T11:24:06.948+0800][135.601s][info][gc,heap     ] GC(363) Archive regions: 0->0
[2026-03-19T11:24:06.948+0800][135.601s][info][gc,heap     ] GC(363) Humongous regions: 37->17
[2026-03-19T11:24:06.948+0800][135.601s][info][gc,metaspace] GC(363) Metaspace: 24429K(24768K)->24429K(24768K) NonClass: 21652K(21824K)->21652K(21824K) Class: 2776K(2944K)->2776K(2944K)
[2026-03-19T11:24:06.948+0800][135.601s][info][gc          ] GC(363) Pause Young (Concurrent Start) (G1 Humongous Allocation) 66M->38M(128M) 5.911ms
[2026-03-19T11:24:06.950+0800][135.602s][info][gc,cpu      ] GC(363) User=0.00s Sys=0.00s Real=0.01s
[2026-03-19T11:24:06.951+0800][135.602s][info][gc          ] GC(364) Concurrent Undo Cycle
[2026-03-19T11:24:06.951+0800][135.603s][info][gc,marking  ] GC(364) Concurrent Cleanup for Next Mark
[2026-03-19T11:24:06.952+0800][135.604s][info][gc,marking  ] GC(364) Concurrent Cleanup for Next Mark 0.994ms
[2026-03-19T11:24:06.952+0800][135.604s][info][gc          ] GC(364) Concurrent Undo Cycle 1.424ms
[2026-03-19T11:24:08.208+0800][136.859s][info][gc,start    ] GC(365) Pause Young (Concurrent Start) (G1 Humongous Allocation)
[2026-03-19T11:24:08.208+0800][136.859s][info][gc,task     ] GC(365) Using 3 workers of 13 for evacuation
[2026-03-19T11:24:08.210+0800][136.861s][info][gc,phases   ] GC(365)   Pre Evacuate Collection Set: 0.2ms
[2026-03-19T11:24:08.210+0800][136.861s][info][gc,phases   ] GC(365)   Merge Heap Roots: 0.1ms
[2026-03-19T11:24:08.210+0800][136.861s][info][gc,phases   ] GC(365)   Evacuate Collection Set: 0.8ms
[2026-03-19T11:24:08.210+0800][136.861s][info][gc,phases   ] GC(365)   Post Evacuate Collection Set: 0.5ms
[2026-03-19T11:24:08.210+0800][136.861s][info][gc,phases   ] GC(365)   Other: 0.5ms
[2026-03-19T11:24:08.210+0800][136.862s][info][gc,heap     ] GC(365) Eden regions: 9->0(65)
[2026-03-19T11:24:08.210+0800][136.862s][info][gc,heap     ] GC(365) Survivor regions: 2->2(9)
[2026-03-19T11:24:08.211+0800][136.862s][info][gc,heap     ] GC(365) Old regions: 20->20
[2026-03-19T11:24:08.211+0800][136.862s][info][gc,heap     ] GC(365) Archive regions: 0->0
[2026-03-19T11:24:08.211+0800][136.862s][info][gc,heap     ] GC(365) Humongous regions: 37->17
[2026-03-19T11:24:08.211+0800][136.862s][info][gc,metaspace] GC(365) Metaspace: 24429K(24768K)->24429K(24768K) NonClass: 21653K(21824K)->21653K(21824K) Class: 2776K(2944K)->2776K(2944K)
[2026-03-19T11:24:08.211+0800][136.862s][info][gc          ] GC(365) Pause Young (Concurrent Start) (G1 Humongous Allocation) 66M->38M(128M) 3.126ms
[2026-03-19T11:24:08.211+0800][136.862s][info][gc,cpu      ] GC(365) User=0.03s Sys=0.00s Real=0.00s
[2026-03-19T11:24:08.212+0800][136.863s][info][gc          ] GC(366) Concurrent Undo Cycle
[2026-03-19T11:24:08.212+0800][136.863s][info][gc,marking  ] GC(366) Concurrent Cleanup for Next Mark
[2026-03-19T11:24:08.212+0800][136.864s][info][gc,marking  ] GC(366) Concurrent Cleanup for Next Mark 0.473ms
[2026-03-19T11:24:08.213+0800][136.864s][info][gc          ] GC(366) Concurrent Undo Cycle 1.006ms
[2026-03-19T11:24:08.880+0800][137.531s][info][gc,start    ] GC(367) Pause Young (Concurrent Start) (G1 Humongous Allocation)
[2026-03-19T11:24:08.880+0800][137.531s][info][gc,task     ] GC(367) Using 3 workers of 13 for evacuation
[2026-03-19T11:24:08.882+0800][137.534s][info][gc,phases   ] GC(367)   Pre Evacuate Collection Set: 0.1ms
[2026-03-19T11:24:08.883+0800][137.534s][info][gc,phases   ] GC(367)   Merge Heap Roots: 0.1ms
[2026-03-19T11:24:08.883+0800][137.535s][info][gc,phases   ] GC(367)   Evacuate Collection Set: 1.5ms
[2026-03-19T11:24:08.883+0800][137.535s][info][gc,phases   ] GC(367)   Post Evacuate Collection Set: 0.8ms
[2026-03-19T11:24:08.883+0800][137.535s][info][gc,phases   ] GC(367)   Other: 0.6ms
[2026-03-19T11:24:08.883+0800][137.535s][info][gc,heap     ] GC(367) Eden regions: 9->0(66)
[2026-03-19T11:24:08.884+0800][137.535s][info][gc,heap     ] GC(367) Survivor regions: 2->2(9)
[2026-03-19T11:24:08.884+0800][137.536s][info][gc,heap     ] GC(367) Old regions: 20->20
[2026-03-19T11:24:08.884+0800][137.536s][info][gc,heap     ] GC(367) Archive regions: 0->0
[2026-03-19T11:24:08.884+0800][137.536s][info][gc,heap     ] GC(367) Humongous regions: 37->17
[2026-03-19T11:24:08.884+0800][137.536s][info][gc,metaspace] GC(367) Metaspace: 24429K(24768K)->24429K(24768K) NonClass: 21653K(21824K)->21653K(21824K) Class: 2776K(2944K)->2776K(2944K)
[2026-03-19T11:24:08.885+0800][137.536s][info][gc          ] GC(367) Pause Young (Concurrent Start) (G1 Humongous Allocation) 66M->38M(128M) 5.182ms
[2026-03-19T11:24:08.885+0800][137.536s][info][gc,cpu      ] GC(367) User=0.00s Sys=0.03s Real=0.00s
[2026-03-19T11:24:08.885+0800][137.536s][info][gc          ] GC(368) Concurrent Undo Cycle
[2026-03-19T11:24:08.885+0800][137.537s][info][gc,marking  ] GC(368) Concurrent Cleanup for Next Mark
[2026-03-19T11:24:08.885+0800][137.537s][info][gc,marking  ] GC(368) Concurrent Cleanup for Next Mark 0.378ms
[2026-03-19T11:24:08.885+0800][137.537s][info][gc          ] GC(368) Concurrent Undo Cycle 0.666ms
[2026-03-19T11:24:09.523+0800][138.175s][info][gc,start    ] GC(369) Pause Young (Concurrent Start) (G1 Humongous Allocation)
[2026-03-19T11:24:09.523+0800][138.175s][info][gc,task     ] GC(369) Using 3 workers of 13 for evacuation
[2026-03-19T11:24:09.525+0800][138.176s][info][gc,phases   ] GC(369)   Pre Evacuate Collection Set: 0.1ms
[2026-03-19T11:24:09.525+0800][138.177s][info][gc,phases   ] GC(369)   Merge Heap Roots: 0.1ms
[2026-03-19T11:24:09.525+0800][138.177s][info][gc,phases   ] GC(369)   Evacuate Collection Set: 0.8ms
[2026-03-19T11:24:09.525+0800][138.177s][info][gc,phases   ] GC(369)   Post Evacuate Collection Set: 0.4ms
[2026-03-19T11:24:09.525+0800][138.177s][info][gc,phases   ] GC(369)   Other: 0.5ms
[2026-03-19T11:24:09.525+0800][138.177s][info][gc,heap     ] GC(369) Eden regions: 9->0(67)
[2026-03-19T11:24:09.525+0800][138.177s][info][gc,heap     ] GC(369) Survivor regions: 2->2(9)
[2026-03-19T11:24:09.525+0800][138.177s][info][gc,heap     ] GC(369) Old regions: 20->20
[2026-03-19T11:24:09.525+0800][138.177s][info][gc,heap     ] GC(369) Archive regions: 0->0
[2026-03-19T11:24:09.525+0800][138.177s][info][gc,heap     ] GC(369) Humongous regions: 37->17
[2026-03-19T11:24:09.525+0800][138.177s][info][gc,metaspace] GC(369) Metaspace: 24429K(24768K)->24429K(24768K) NonClass: 21653K(21824K)->21653K(21824K) Class: 2776K(2944K)->2776K(2944K)
[2026-03-19T11:24:09.525+0800][138.177s][info][gc          ] GC(369) Pause Young (Concurrent Start) (G1 Humongous Allocation) 66M->38M(128M) 2.647ms
[2026-03-19T11:24:09.526+0800][138.177s][info][gc,cpu      ] GC(369) User=0.00s Sys=0.00s Real=0.00s
[2026-03-19T11:24:09.526+0800][138.177s][info][gc          ] GC(370) Concurrent Undo Cycle
[2026-03-19T11:24:09.526+0800][138.178s][info][gc,marking  ] GC(370) Concurrent Cleanup for Next Mark
[2026-03-19T11:24:09.526+0800][138.178s][info][gc,marking  ] GC(370) Concurrent Cleanup for Next Mark 0.374ms
[2026-03-19T11:24:09.526+0800][138.178s][info][gc          ] GC(370) Concurrent Undo Cycle 0.618ms
[2026-03-19T11:24:10.150+0800][138.802s][info][gc,start    ] GC(371) Pause Young (Concurrent Start) (G1 Humongous Allocation)
[2026-03-19T11:24:10.151+0800][138.802s][info][gc,task     ] GC(371) Using 3 workers of 13 for evacuation
[2026-03-19T11:24:10.152+0800][138.804s][info][gc,phases   ] GC(371)   Pre Evacuate Collection Set: 0.1ms
[2026-03-19T11:24:10.152+0800][138.804s][info][gc,phases   ] GC(371)   Merge Heap Roots: 0.0ms
[2026-03-19T11:24:10.152+0800][138.804s][info][gc,phases   ] GC(371)   Evacuate Collection Set: 0.8ms
[2026-03-19T11:24:10.152+0800][138.804s][info][gc,phases   ] GC(371)   Post Evacuate Collection Set: 0.4ms
[2026-03-19T11:24:10.152+0800][138.804s][info][gc,phases   ] GC(371)   Other: 0.5ms
[2026-03-19T11:24:10.153+0800][138.804s][info][gc,heap     ] GC(371) Eden regions: 9->0(68)
[2026-03-19T11:24:10.153+0800][138.804s][info][gc,heap     ] GC(371) Survivor regions: 2->2(9)
[2026-03-19T11:24:10.153+0800][138.804s][info][gc,heap     ] GC(371) Old regions: 20->20
[2026-03-19T11:24:10.153+0800][138.804s][info][gc,heap     ] GC(371) Archive regions: 0->0
[2026-03-19T11:24:10.153+0800][138.804s][info][gc,heap     ] GC(371) Humongous regions: 37->17
[2026-03-19T11:24:10.153+0800][138.804s][info][gc,metaspace] GC(371) Metaspace: 24429K(24768K)->24429K(24768K) NonClass: 21653K(21824K)->21653K(21824K) Class: 2776K(2944K)->2776K(2944K)
[2026-03-19T11:24:10.153+0800][138.804s][info][gc          ] GC(371) Pause Young (Concurrent Start) (G1 Humongous Allocation) 66M->38M(128M) 2.464ms
[2026-03-19T11:24:10.153+0800][138.804s][info][gc,cpu      ] GC(371) User=0.00s Sys=0.00s Real=0.00s
[2026-03-19T11:24:10.153+0800][138.804s][info][gc          ] GC(372) Concurrent Undo Cycle
[2026-03-19T11:24:10.153+0800][138.805s][info][gc,marking  ] GC(372) Concurrent Cleanup for Next Mark
[2026-03-19T11:24:10.154+0800][138.805s][info][gc,marking  ] GC(372) Concurrent Cleanup for Next Mark 0.407ms
[2026-03-19T11:24:10.154+0800][138.805s][info][gc          ] GC(372) Concurrent Undo Cycle 0.676ms
[2026-03-19T11:24:10.775+0800][139.427s][info][gc,start    ] GC(373) Pause Young (Concurrent Start) (G1 Humongous Allocation)
[2026-03-19T11:24:10.775+0800][139.427s][info][gc,task     ] GC(373) Using 3 workers of 13 for evacuation
[2026-03-19T11:24:10.778+0800][139.429s][info][gc,phases   ] GC(373)   Pre Evacuate Collection Set: 0.2ms
[2026-03-19T11:24:10.778+0800][139.429s][info][gc,phases   ] GC(373)   Merge Heap Roots: 0.1ms
[2026-03-19T11:24:10.778+0800][139.429s][info][gc,phases   ] GC(373)   Evacuate Collection Set: 0.8ms
[2026-03-19T11:24:10.778+0800][139.429s][info][gc,phases   ] GC(373)   Post Evacuate Collection Set: 0.8ms
[2026-03-19T11:24:10.778+0800][139.430s][info][gc,phases   ] GC(373)   Other: 0.4ms
[2026-03-19T11:24:10.778+0800][139.430s][info][gc,heap     ] GC(373) Eden regions: 9->0(69)
[2026-03-19T11:24:10.778+0800][139.430s][info][gc,heap     ] GC(373) Survivor regions: 2->2(9)
[2026-03-19T11:24:10.778+0800][139.430s][info][gc,heap     ] GC(373) Old regions: 20->20
[2026-03-19T11:24:10.778+0800][139.430s][info][gc,heap     ] GC(373) Archive regions: 0->0
[2026-03-19T11:24:10.778+0800][139.430s][info][gc,heap     ] GC(373) Humongous regions: 37->17
[2026-03-19T11:24:10.778+0800][139.430s][info][gc,metaspace] GC(373) Metaspace: 24429K(24768K)->24429K(24768K) NonClass: 21653K(21824K)->21653K(21824K) Class: 2776K(2944K)->2776K(2944K)
[2026-03-19T11:24:10.779+0800][139.430s][info][gc          ] GC(373) Pause Young (Concurrent Start) (G1 Humongous Allocation) 66M->38M(128M) 3.086ms
[2026-03-19T11:24:10.779+0800][139.430s][info][gc,cpu      ] GC(373) User=0.00s Sys=0.00s Real=0.00s
[2026-03-19T11:24:10.779+0800][139.430s][info][gc          ] GC(374) Concurrent Undo Cycle
[2026-03-19T11:24:10.779+0800][139.430s][info][gc,marking  ] GC(374) Concurrent Cleanup for Next Mark
[2026-03-19T11:24:10.779+0800][139.431s][info][gc,marking  ] GC(374) Concurrent Cleanup for Next Mark 0.412ms
[2026-03-19T11:24:10.779+0800][139.431s][info][gc          ] GC(374) Concurrent Undo Cycle 0.665ms
[2026-03-19T11:24:11.400+0800][140.052s][info][gc,start    ] GC(375) Pause Young (Concurrent Start) (G1 Humongous Allocation)
[2026-03-19T11:24:11.400+0800][140.052s][info][gc,task     ] GC(375) Using 3 workers of 13 for evacuation
[2026-03-19T11:24:11.403+0800][140.055s][info][gc,phases   ] GC(375)   Pre Evacuate Collection Set: 0.2ms
[2026-03-19T11:24:11.403+0800][140.055s][info][gc,phases   ] GC(375)   Merge Heap Roots: 0.1ms
[2026-03-19T11:24:11.403+0800][140.055s][info][gc,phases   ] GC(375)   Evacuate Collection Set: 1.1ms
[2026-03-19T11:24:11.403+0800][140.055s][info][gc,phases   ] GC(375)   Post Evacuate Collection Set: 0.7ms
[2026-03-19T11:24:11.403+0800][140.055s][info][gc,phases   ] GC(375)   Other: 0.5ms
[2026-03-19T11:24:11.403+0800][140.055s][info][gc,heap     ] GC(375) Eden regions: 9->0(69)
[2026-03-19T11:24:11.403+0800][140.055s][info][gc,heap     ] GC(375) Survivor regions: 2->2(9)
[2026-03-19T11:24:11.403+0800][140.055s][info][gc,heap     ] GC(375) Old regions: 20->20
[2026-03-19T11:24:11.403+0800][140.055s][info][gc,heap     ] GC(375) Archive regions: 0->0
[2026-03-19T11:24:11.403+0800][140.055s][info][gc,heap     ] GC(375) Humongous regions: 37->17
[2026-03-19T11:24:11.403+0800][140.055s][info][gc,metaspace] GC(375) Metaspace: 24429K(24768K)->24429K(24768K) NonClass: 21653K(21824K)->21653K(21824K) Class: 2776K(2944K)->2776K(2944K)
[2026-03-19T11:24:11.403+0800][140.055s][info][gc          ] GC(375) Pause Young (Concurrent Start) (G1 Humongous Allocation) 66M->38M(128M) 3.290ms
[2026-03-19T11:24:11.403+0800][140.055s][info][gc,cpu      ] GC(375) User=0.00s Sys=0.00s Real=0.00s
[2026-03-19T11:24:11.403+0800][140.055s][info][gc          ] GC(376) Concurrent Undo Cycle
[2026-03-19T11:24:11.404+0800][140.056s][info][gc,marking  ] GC(376) Concurrent Cleanup for Next Mark
[2026-03-19T11:24:11.404+0800][140.056s][info][gc,marking  ] GC(376) Concurrent Cleanup for Next Mark 0.409ms
[2026-03-19T11:24:11.404+0800][140.056s][info][gc          ] GC(376) Concurrent Undo Cycle 0.670ms
[2026-03-19T11:24:12.025+0800][140.677s][info][gc,start    ] GC(377) Pause Young (Concurrent Start) (G1 Humongous Allocation)
[2026-03-19T11:24:12.025+0800][140.677s][info][gc,task     ] GC(377) Using 3 workers of 13 for evacuation
[2026-03-19T11:24:12.026+0800][140.678s][info][gc,phases   ] GC(377)   Pre Evacuate Collection Set: 0.1ms
[2026-03-19T11:24:12.026+0800][140.678s][info][gc,phases   ] GC(377)   Merge Heap Roots: 0.1ms
[2026-03-19T11:24:12.027+0800][140.678s][info][gc,phases   ] GC(377)   Evacuate Collection Set: 0.6ms
[2026-03-19T11:24:12.027+0800][140.678s][info][gc,phases   ] GC(377)   Post Evacuate Collection Set: 0.5ms
[2026-03-19T11:24:12.027+0800][140.678s][info][gc,phases   ] GC(377)   Other: 0.2ms
[2026-03-19T11:24:12.027+0800][140.678s][info][gc,heap     ] GC(377) Eden regions: 9->0(69)
[2026-03-19T11:24:12.027+0800][140.678s][info][gc,heap     ] GC(377) Survivor regions: 2->2(9)
[2026-03-19T11:24:12.027+0800][140.679s][info][gc,heap     ] GC(377) Old regions: 20->20
[2026-03-19T11:24:12.027+0800][140.679s][info][gc,heap     ] GC(377) Archive regions: 0->0
[2026-03-19T11:24:12.027+0800][140.679s][info][gc,heap     ] GC(377) Humongous regions: 37->17
[2026-03-19T11:24:12.027+0800][140.679s][info][gc,metaspace] GC(377) Metaspace: 24429K(24768K)->24429K(24768K) NonClass: 21653K(21824K)->21653K(21824K) Class: 2776K(2944K)->2776K(2944K)
[2026-03-19T11:24:12.027+0800][140.679s][info][gc          ] GC(377) Pause Young (Concurrent Start) (G1 Humongous Allocation) 66M->38M(128M) 1.752ms
[2026-03-19T11:24:12.027+0800][140.679s][info][gc,cpu      ] GC(377) User=0.00s Sys=0.00s Real=0.00s
[2026-03-19T11:24:12.027+0800][140.679s][info][gc          ] GC(378) Concurrent Undo Cycle
[2026-03-19T11:24:12.027+0800][140.679s][info][gc,marking  ] GC(378) Concurrent Cleanup for Next Mark
[2026-03-19T11:24:12.027+0800][140.679s][info][gc,marking  ] GC(378) Concurrent Cleanup for Next Mark 0.177ms
[2026-03-19T11:24:12.027+0800][140.679s][info][gc          ] GC(378) Concurrent Undo Cycle 0.330ms
[2026-03-19T11:24:12.650+0800][141.302s][info][gc,start    ] GC(379) Pause Young (Concurrent Start) (G1 Humongous Allocation)
[2026-03-19T11:24:12.651+0800][141.302s][info][gc,task     ] GC(379) Using 3 workers of 13 for evacuation
[2026-03-19T11:24:12.652+0800][141.304s][info][gc,phases   ] GC(379)   Pre Evacuate Collection Set: 0.1ms
[2026-03-19T11:24:12.653+0800][141.304s][info][gc,phases   ] GC(379)   Merge Heap Roots: 0.1ms
[2026-03-19T11:24:12.653+0800][141.304s][info][gc,phases   ] GC(379)   Evacuate Collection Set: 0.9ms
[2026-03-19T11:24:12.653+0800][141.304s][info][gc,phases   ] GC(379)   Post Evacuate Collection Set: 0.4ms
[2026-03-19T11:24:12.653+0800][141.304s][info][gc,phases   ] GC(379)   Other: 0.6ms
[2026-03-19T11:24:12.653+0800][141.304s][info][gc,heap     ] GC(379) Eden regions: 9->0(70)
[2026-03-19T11:24:12.653+0800][141.305s][info][gc,heap     ] GC(379) Survivor regions: 2->2(9)
[2026-03-19T11:24:12.653+0800][141.305s][info][gc,heap     ] GC(379) Old regions: 20->20
[2026-03-19T11:24:12.653+0800][141.305s][info][gc,heap     ] GC(379) Archive regions: 0->0
[2026-03-19T11:24:12.653+0800][141.305s][info][gc,heap     ] GC(379) Humongous regions: 37->17
[2026-03-19T11:24:12.653+0800][141.305s][info][gc,metaspace] GC(379) Metaspace: 24430K(24768K)->24430K(24768K) NonClass: 21654K(21824K)->21654K(21824K) Class: 2776K(2944K)->2776K(2944K)
[2026-03-19T11:24:12.653+0800][141.305s][info][gc          ] GC(379) Pause Young (Concurrent Start) (G1 Humongous Allocation) 66M->38M(128M) 3.009ms
[2026-03-19T11:24:12.654+0800][141.305s][info][gc,cpu      ] GC(379) User=0.00s Sys=0.00s Real=0.00s
[2026-03-19T11:24:12.654+0800][141.305s][info][gc          ] GC(380) Concurrent Undo Cycle
[2026-03-19T11:24:12.654+0800][141.305s][info][gc,marking  ] GC(380) Concurrent Cleanup for Next Mark
[2026-03-19T11:24:12.654+0800][141.305s][info][gc,marking  ] GC(380) Concurrent Cleanup for Next Mark 0.305ms
[2026-03-19T11:24:12.654+0800][141.306s][info][gc          ] GC(380) Concurrent Undo Cycle 0.622ms
[2026-03-19T11:24:13.279+0800][141.930s][info][gc,start    ] GC(381) Pause Young (Concurrent Start) (G1 Humongous Allocation)
[2026-03-19T11:24:13.279+0800][141.930s][info][gc,task     ] GC(381) Using 3 workers of 13 for evacuation
[2026-03-19T11:24:13.280+0800][141.932s][info][gc,phases   ] GC(381)   Pre Evacuate Collection Set: 0.1ms
[2026-03-19T11:24:13.280+0800][141.932s][info][gc,phases   ] GC(381)   Merge Heap Roots: 0.1ms
[2026-03-19T11:24:13.280+0800][141.932s][info][gc,phases   ] GC(381)   Evacuate Collection Set: 0.7ms
[2026-03-19T11:24:13.280+0800][141.932s][info][gc,phases   ] GC(381)   Post Evacuate Collection Set: 0.4ms
[2026-03-19T11:24:13.280+0800][141.932s][info][gc,phases   ] GC(381)   Other: 0.3ms
[2026-03-19T11:24:13.281+0800][141.932s][info][gc,heap     ] GC(381) Eden regions: 9->0(70)
[2026-03-19T11:24:13.281+0800][141.932s][info][gc,heap     ] GC(381) Survivor regions: 2->2(9)
[2026-03-19T11:24:13.281+0800][141.932s][info][gc,heap     ] GC(381) Old regions: 20->20
[2026-03-19T11:24:13.281+0800][141.932s][info][gc,heap     ] GC(381) Archive regions: 0->0
[2026-03-19T11:24:13.281+0800][141.932s][info][gc,heap     ] GC(381) Humongous regions: 37->17
[2026-03-19T11:24:13.281+0800][141.932s][info][gc,metaspace] GC(381) Metaspace: 24430K(24768K)->24430K(24768K) NonClass: 21654K(21824K)->21654K(21824K) Class: 2776K(2944K)->2776K(2944K)
[2026-03-19T11:24:13.281+0800][141.932s][info][gc          ] GC(381) Pause Young (Concurrent Start) (G1 Humongous Allocation) 66M->38M(128M) 2.173ms
[2026-03-19T11:24:13.281+0800][141.932s][info][gc,cpu      ] GC(381) User=0.00s Sys=0.00s Real=0.00s
[2026-03-19T11:24:13.281+0800][141.932s][info][gc          ] GC(382) Concurrent Undo Cycle
[2026-03-19T11:24:13.281+0800][141.932s][info][gc,marking  ] GC(382) Concurrent Cleanup for Next Mark
[2026-03-19T11:24:13.281+0800][141.933s][info][gc,marking  ] GC(382) Concurrent Cleanup for Next Mark 0.202ms
[2026-03-19T11:24:13.281+0800][141.933s][info][gc          ] GC(382) Concurrent Undo Cycle 0.391ms
[2026-03-19T11:24:13.901+0800][142.553s][info][gc,start    ] GC(383) Pause Young (Concurrent Start) (G1 Humongous Allocation)
[2026-03-19T11:24:13.901+0800][142.553s][info][gc,task     ] GC(383) Using 3 workers of 13 for evacuation
[2026-03-19T11:24:13.903+0800][142.555s][info][gc,phases   ] GC(383)   Pre Evacuate Collection Set: 0.1ms
[2026-03-19T11:24:13.903+0800][142.555s][info][gc,phases   ] GC(383)   Merge Heap Roots: 0.1ms
[2026-03-19T11:24:13.903+0800][142.555s][info][gc,phases   ] GC(383)   Evacuate Collection Set: 1.3ms
[2026-03-19T11:24:13.903+0800][142.555s][info][gc,phases   ] GC(383)   Post Evacuate Collection Set: 0.5ms
[2026-03-19T11:24:13.903+0800][142.555s][info][gc,phases   ] GC(383)   Other: 0.3ms
[2026-03-19T11:24:13.904+0800][142.555s][info][gc,heap     ] GC(383) Eden regions: 31->0(70)
[2026-03-19T11:24:13.904+0800][142.555s][info][gc,heap     ] GC(383) Survivor regions: 2->2(9)
[2026-03-19T11:24:13.904+0800][142.555s][info][gc,heap     ] GC(383) Old regions: 20->20
[2026-03-19T11:24:13.904+0800][142.555s][info][gc,heap     ] GC(383) Archive regions: 0->0
[2026-03-19T11:24:13.904+0800][142.555s][info][gc,heap     ] GC(383) Humongous regions: 37->17
[2026-03-19T11:24:13.904+0800][142.556s][info][gc,metaspace] GC(383) Metaspace: 24546K(24768K)->24546K(24768K) NonClass: 21753K(21824K)->21753K(21824K) Class: 2792K(2944K)->2792K(2944K)
[2026-03-19T11:24:13.904+0800][142.556s][info][gc          ] GC(383) Pause Young (Concurrent Start) (G1 Humongous Allocation) 89M->38M(128M) 2.952ms
[2026-03-19T11:24:13.904+0800][142.556s][info][gc,cpu      ] GC(383) User=0.00s Sys=0.00s Real=0.00s
[2026-03-19T11:24:13.904+0800][142.556s][info][gc          ] GC(384) Concurrent Undo Cycle
[2026-03-19T11:24:13.904+0800][142.556s][info][gc,marking  ] GC(384) Concurrent Cleanup for Next Mark
[2026-03-19T11:24:13.904+0800][142.556s][info][gc,marking  ] GC(384) Concurrent Cleanup for Next Mark 0.286ms
[2026-03-19T11:24:13.905+0800][142.556s][info][gc          ] GC(384) Concurrent Undo Cycle 0.533ms
[2026-03-19T11:24:13.911+0800][142.562s][info][gc,heap,exit] Heap
[2026-03-19T11:24:13.911+0800][142.562s][info][gc,heap,exit]  garbage-first heap   total 131072K, used 52521K [0x00000000f8000000, 0x0000000100000000)
[2026-03-19T11:24:13.911+0800][142.562s][info][gc,heap,exit]   region size 1024K, 5 young (5120K), 2 survivors (2048K)
[2026-03-19T11:24:13.911+0800][142.563s][info][gc,heap,exit]  Metaspace       used 24582K, committed 24896K, reserved 1114112K
[2026-03-19T11:24:13.911+0800][142.563s][info][gc,heap,exit]   class space    used 2793K, committed 2944K, reserved 1048576K
