[2026-03-19T11:45:10.469+0800][0.044s][info][gc] Using G1
[2026-03-19T11:45:10.474+0800][0.049s][info][gc,init] Version: 17.0.11+7-LTS-207 (release)
[2026-03-19T11:45:10.474+0800][0.050s][info][gc,init] CPUs: 16 total, 16 available
[2026-03-19T11:45:10.474+0800][0.050s][info][gc,init] Memory: 32451M
[2026-03-19T11:45:10.474+0800][0.050s][info][gc,init] Large Page Support: Disabled
[2026-03-19T11:45:10.474+0800][0.050s][info][gc,init] NUMA Support: Disabled
[2026-03-19T11:45:10.474+0800][0.050s][info][gc,init] Compressed Oops: Enabled (32-bit)
[2026-03-19T11:45:10.474+0800][0.050s][info][gc,init] Heap Region Size: 1M
[2026-03-19T11:45:10.474+0800][0.050s][info][gc,init] Heap Min Capacity: 128M
[2026-03-19T11:45:10.474+0800][0.050s][info][gc,init] Heap Initial Capacity: 128M
[2026-03-19T11:45:10.476+0800][0.051s][info][gc,init] Heap Max Capacity: 128M
[2026-03-19T11:45:10.476+0800][0.052s][info][gc,init] Pre-touch: Disabled
[2026-03-19T11:45:10.476+0800][0.052s][info][gc,init] Parallel Workers: 13
[2026-03-19T11:45:10.476+0800][0.052s][info][gc,init] Concurrent Workers: 3
[2026-03-19T11:45:10.476+0800][0.052s][info][gc,init] Concurrent Refinement Workers: 13
[2026-03-19T11:45:10.476+0800][0.052s][info][gc,init] Periodic GC: Disabled
[2026-03-19T11:45:10.489+0800][0.065s][info][gc,metaspace] CDS archive(s) mapped at: [0x0000023d80000000-0x0000023d80bd0000-0x0000023d80bd0000), size 12386304, SharedBaseAddress: 0x0000023d80000000, ArchiveRelocationMode: 1.
[2026-03-19T11:45:10.490+0800][0.065s][info][gc,metaspace] Compressed class space mapped at: 0x0000023d81000000-0x0000023dc1000000, reserved size: 1073741824
[2026-03-19T11:45:10.490+0800][0.065s][info][gc,metaspace] Narrow klass base: 0x0000023d80000000, Narrow klass shift: 0, Narrow klass range: 0x100000000
[2026-03-19T11:45:16.320+0800][5.896s][info][gc,start    ] GC(0) Pause Young (Normal) (G1 Evacuation Pause)
[2026-03-19T11:45:16.321+0800][5.897s][info][gc,task     ] GC(0) Using 3 workers of 13 for evacuation
[2026-03-19T11:45:16.334+0800][5.910s][info][gc,phases   ] GC(0)   Pre Evacuate Collection Set: 0.3ms
[2026-03-19T11:45:16.334+0800][5.910s][info][gc,phases   ] GC(0)   Merge Heap Roots: 0.2ms
[2026-03-19T11:45:16.334+0800][5.910s][info][gc,phases   ] GC(0)   Evacuate Collection Set: 7.2ms
[2026-03-19T11:45:16.335+0800][5.910s][info][gc,phases   ] GC(0)   Post Evacuate Collection Set: 4.4ms
[2026-03-19T11:45:16.335+0800][5.910s][info][gc,phases   ] GC(0)   Other: 1.8ms
[2026-03-19T11:45:16.335+0800][5.910s][info][gc,heap     ] GC(0) Eden regions: 23->0(28)
[2026-03-19T11:45:16.335+0800][5.910s][info][gc,heap     ] GC(0) Survivor regions: 0->3(3)
[2026-03-19T11:45:16.335+0800][5.910s][info][gc,heap     ] GC(0) Old regions: 0->2
[2026-03-19T11:45:16.335+0800][5.910s][info][gc,heap     ] GC(0) Archive regions: 0->0
[2026-03-19T11:45:16.335+0800][5.910s][info][gc,heap     ] GC(0) Humongous regions: 20->0
[2026-03-19T11:45:16.335+0800][5.910s][info][gc,metaspace] GC(0) Metaspace: 6859K(7104K)->6859K(7104K) NonClass: 6088K(6208K)->6088K(6208K) Class: 771K(896K)->771K(896K)
[2026-03-19T11:45:16.335+0800][5.910s][info][gc          ] GC(0) Pause Young (Normal) (G1 Evacuation Pause) 43M->4M(128M) 14.401ms
[2026-03-19T11:45:16.335+0800][5.910s][info][gc,cpu      ] GC(0) User=0.03s Sys=0.02s Real=0.02s
[2026-03-19T11:45:17.898+0800][7.473s][info][gc,start    ] GC(1) Pause Young (Concurrent Start) (G1 Humongous Allocation)
[2026-03-19T11:45:17.898+0800][7.473s][info][gc,task     ] GC(1) Using 3 workers of 13 for evacuation
[2026-03-19T11:45:17.904+0800][7.480s][info][gc,phases   ] GC(1)   Pre Evacuate Collection Set: 0.2ms
[2026-03-19T11:45:17.904+0800][7.480s][info][gc,phases   ] GC(1)   Merge Heap Roots: 0.2ms
[2026-03-19T11:45:17.904+0800][7.480s][info][gc,phases   ] GC(1)   Evacuate Collection Set: 4.3ms
[2026-03-19T11:45:17.904+0800][7.480s][info][gc,phases   ] GC(1)   Post Evacuate Collection Set: 1.2ms
[2026-03-19T11:45:17.904+0800][7.480s][info][gc,phases   ] GC(1)   Other: 0.4ms
[2026-03-19T11:45:17.904+0800][7.480s][info][gc,heap     ] GC(1) Eden regions: 25->0(74)
[2026-03-19T11:45:17.904+0800][7.480s][info][gc,heap     ] GC(1) Survivor regions: 3->2(4)
[2026-03-19T11:45:17.904+0800][7.480s][info][gc,heap     ] GC(1) Old regions: 2->5
[2026-03-19T11:45:17.904+0800][7.480s][info][gc,heap     ] GC(1) Archive regions: 0->0
[2026-03-19T11:45:17.904+0800][7.480s][info][gc,heap     ] GC(1) Humongous regions: 56->4
[2026-03-19T11:45:17.904+0800][7.480s][info][gc,metaspace] GC(1) Metaspace: 6906K(7168K)->6906K(7168K) NonClass: 6134K(6272K)->6134K(6272K) Class: 772K(896K)->772K(896K)
[2026-03-19T11:45:17.904+0800][7.480s][info][gc          ] GC(1) Pause Young (Concurrent Start) (G1 Humongous Allocation) 85M->10M(128M) 6.804ms
[2026-03-19T11:45:17.904+0800][7.480s][info][gc,cpu      ] GC(1) User=0.05s Sys=0.00s Real=0.01s
[2026-03-19T11:45:17.904+0800][7.480s][info][gc          ] GC(2) Concurrent Undo Cycle
[2026-03-19T11:45:17.905+0800][7.480s][info][gc,marking  ] GC(2) Concurrent Cleanup for Next Mark
[2026-03-19T11:45:17.906+0800][7.481s][info][gc,marking  ] GC(2) Concurrent Cleanup for Next Mark 1.017ms
[2026-03-19T11:45:17.906+0800][7.481s][info][gc          ] GC(2) Concurrent Undo Cycle 1.207ms
[2026-03-19T11:45:19.467+0800][9.043s][info][gc,start    ] GC(3) Pause Young (Concurrent Start) (G1 Humongous Allocation)
[2026-03-19T11:45:19.468+0800][9.043s][info][gc,task     ] GC(3) Using 3 workers of 13 for evacuation
[2026-03-19T11:45:19.470+0800][9.045s][info][gc,phases   ] GC(3)   Pre Evacuate Collection Set: 0.4ms
[2026-03-19T11:45:19.470+0800][9.045s][info][gc,phases   ] GC(3)   Merge Heap Roots: 0.3ms
[2026-03-19T11:45:19.470+0800][9.045s][info][gc,phases   ] GC(3)   Evacuate Collection Set: 0.5ms
[2026-03-19T11:45:19.470+0800][9.045s][info][gc,phases   ] GC(3)   Post Evacuate Collection Set: 0.8ms
[2026-03-19T11:45:19.470+0800][9.045s][info][gc,phases   ] GC(3)   Other: 0.2ms
[2026-03-19T11:45:19.470+0800][9.045s][info][gc,heap     ] GC(3) Eden regions: 20->0(74)
[2026-03-19T11:45:19.470+0800][9.045s][info][gc,heap     ] GC(3) Survivor regions: 2->2(10)
[2026-03-19T11:45:19.470+0800][9.045s][info][gc,heap     ] GC(3) Old regions: 5->5
[2026-03-19T11:45:19.470+0800][9.045s][info][gc,heap     ] GC(3) Archive regions: 0->0
[2026-03-19T11:45:19.470+0800][9.045s][info][gc,heap     ] GC(3) Humongous regions: 52->2
[2026-03-19T11:45:19.470+0800][9.045s][info][gc,metaspace] GC(3) Metaspace: 6917K(7168K)->6917K(7168K) NonClass: 6144K(6272K)->6144K(6272K) Class: 772K(896K)->772K(896K)
[2026-03-19T11:45:19.470+0800][9.046s][info][gc          ] GC(3) Pause Young (Concurrent Start) (G1 Humongous Allocation) 78M->8M(128M) 2.323ms
[2026-03-19T11:45:19.470+0800][9.046s][info][gc,cpu      ] GC(3) User=0.00s Sys=0.00s Real=0.00s
[2026-03-19T11:45:19.470+0800][9.046s][info][gc          ] GC(4) Concurrent Undo Cycle
[2026-03-19T11:45:19.470+0800][9.046s][info][gc,marking  ] GC(4) Concurrent Cleanup for Next Mark
[2026-03-19T11:45:19.471+0800][9.046s][info][gc,marking  ] GC(4) Concurrent Cleanup for Next Mark 0.368ms
[2026-03-19T11:45:19.471+0800][9.046s][info][gc          ] GC(4) Concurrent Undo Cycle 0.529ms
[2026-03-19T11:45:21.026+0800][10.602s][info][gc,start    ] GC(5) Pause Young (Concurrent Start) (G1 Humongous Allocation)
[2026-03-19T11:45:21.026+0800][10.602s][info][gc,task     ] GC(5) Using 3 workers of 13 for evacuation
[2026-03-19T11:45:21.029+0800][10.604s][info][gc,phases   ] GC(5)   Pre Evacuate Collection Set: 0.2ms
[2026-03-19T11:45:21.029+0800][10.605s][info][gc,phases   ] GC(5)   Merge Heap Roots: 0.2ms
[2026-03-19T11:45:21.029+0800][10.605s][info][gc,phases   ] GC(5)   Evacuate Collection Set: 0.7ms
[2026-03-19T11:45:21.029+0800][10.605s][info][gc,phases   ] GC(5)   Post Evacuate Collection Set: 1.1ms
[2026-03-19T11:45:21.029+0800][10.605s][info][gc,phases   ] GC(5)   Other: 0.2ms
[2026-03-19T11:45:21.029+0800][10.605s][info][gc,heap     ] GC(5) Eden regions: 21->0(74)
[2026-03-19T11:45:21.029+0800][10.605s][info][gc,heap     ] GC(5) Survivor regions: 2->2(10)
[2026-03-19T11:45:21.029+0800][10.605s][info][gc,heap     ] GC(5) Old regions: 5->5
[2026-03-19T11:45:21.029+0800][10.605s][info][gc,heap     ] GC(5) Archive regions: 0->0
[2026-03-19T11:45:21.029+0800][10.605s][info][gc,heap     ] GC(5) Humongous regions: 52->2
[2026-03-19T11:45:21.029+0800][10.605s][info][gc,metaspace] GC(5) Metaspace: 6954K(7168K)->6954K(7168K) NonClass: 6178K(6272K)->6178K(6272K) Class: 775K(896K)->775K(896K)
[2026-03-19T11:45:21.029+0800][10.605s][info][gc          ] GC(5) Pause Young (Concurrent Start) (G1 Humongous Allocation) 79M->8M(128M) 2.715ms
[2026-03-19T11:45:21.029+0800][10.605s][info][gc,cpu      ] GC(5) User=0.00s Sys=0.00s Real=0.00s
[2026-03-19T11:45:21.030+0800][10.605s][info][gc          ] GC(6) Concurrent Undo Cycle
[2026-03-19T11:45:21.030+0800][10.605s][info][gc,marking  ] GC(6) Concurrent Cleanup for Next Mark
[2026-03-19T11:45:21.030+0800][10.605s][info][gc,marking  ] GC(6) Concurrent Cleanup for Next Mark 0.548ms
[2026-03-19T11:45:21.030+0800][10.606s][info][gc          ] GC(6) Concurrent Undo Cycle 0.693ms
[2026-03-19T11:45:21.964+0800][11.540s][info][gc,heap,exit] Heap
[2026-03-19T11:45:21.964+0800][11.540s][info][gc,heap,exit]  garbage-first heap   total 131072K, used 44180K [0x00000000f8000000, 0x0000000100000000)
[2026-03-19T11:45:21.964+0800][11.540s][info][gc,heap,exit]   region size 1024K, 12 young (12288K), 2 survivors (2048K)
[2026-03-19T11:45:21.964+0800][11.540s][info][gc,heap,exit]  Metaspace       used 6956K, committed 7168K, reserved 1114112K
[2026-03-19T11:45:21.964+0800][11.540s][info][gc,heap,exit]   class space    used 775K, committed 896K, reserved 1048576K
